=== RUN   TestLiveClaimsKC03Schema
=== RUN   TestLiveClaimsKC03Schema/fresh-migrated-twice
=== RUN   TestLiveClaimsKC03Schema/privilege-matrix
=== RUN   TestLiveClaimsKC03Schema/definers
=== RUN   TestLiveClaimsKC03Schema/checks-and-keys
=== RUN   TestLiveClaimsKC03Schema/foreign-roles-denied
=== RUN   TestLiveClaimsKC03Schema/release-only-with-rotation
=== RUN   TestLiveClaimsKC03Schema/pool-validator
=== RUN   TestLiveClaimsKC03Schema/populated-pre-0060-upgrade
--- PASS: TestLiveClaimsKC03Schema (9.69s)
    --- PASS: TestLiveClaimsKC03Schema/fresh-migrated-twice (0.10s)
    --- PASS: TestLiveClaimsKC03Schema/privilege-matrix (0.13s)
    --- PASS: TestLiveClaimsKC03Schema/definers (0.02s)
    --- PASS: TestLiveClaimsKC03Schema/checks-and-keys (0.48s)
    --- PASS: TestLiveClaimsKC03Schema/foreign-roles-denied (0.87s)
    --- PASS: TestLiveClaimsKC03Schema/release-only-with-rotation (0.20s)
    --- PASS: TestLiveClaimsKC03Schema/pool-validator (0.11s)
    --- PASS: TestLiveClaimsKC03Schema/populated-pre-0060-upgrade (5.32s)
PASS
ok  	livecommerce/tests/foundation	11.474s
test-focused: top-level PASS=1 FAIL=0 SKIP=0 exit=0
exit=0
