Source base 39abae9f218339fba579761d4ef178cac4ea08d6 + uncommitted A/B/C/D delta
Command ["node", "--test", "--experimental-strip-types", "tests/admin/inbox-review.test.ts", "tests/admin/inbox-review-recovery.test.ts", "tests/admin/inbox-window.test.ts", "tests/admin/inbox-evidence.test.ts", "tests/admin/inbox-entry.test.ts", "tests/admin/inbox-browser-source.test.ts"]
✔ actual login settles authentication and the real fixture-store navigation before Messages (22.632208ms)
✔ A real Inbox selection admits Go A9 attachments null without losing thread (26.483125ms)
✔ A real Inbox selection admits Go A9 attachments empty array without losing thread (7.547875ms)
✔ A malformed non-array A9 attachments is refused without painting DM or crashing selected entry (2.097084ms)
✔ C A8 HTTP200 empty list is ordinary data with no alert, selection or focus request storm (0.69925ms)
✔ C A8 list404 is scoped inbox unavailable in en, never an empty list or conversation denial (0.601792ms)
✔ C A8 list404 is scoped inbox unavailable in zh-TW, never an empty list or conversation denial (0.432834ms)
✔ C A8 list404 is scoped inbox unavailable in zh-CN, never an empty list or conversation denial (0.517583ms)
✔ C click-sweep Go harness mounts existing Inbox/templates services (STRUCTURE_ONLY, Go NOT_RUN) (1.090584ms)
✔ C click-sweep includes actual-router owner200 empty inbox assertion (STRUCTURE_ONLY, Go NOT_RUN) (0.266333ms)
✔ inbox evidence is covered by the CI upload root (0.854416ms)
✔ failed Playwright closes its log and emits sanitized diagnostics before Fatalf (0.120083ms)
✔ failure diagnostics match INU cases/counts without admitting private text (2.113875ms)
✔ INU04 delayed handler 1 signals completion when fulfillment rejects (21.296291ms)
✔ INU04 delayed handler 2 signals completion when fulfillment rejects (7.879167ms)
✔ review2 P1 bundle-only row opens real A13 and issues existing M7 claim link to clipboard (58.792416ms)
✔ review2 P1 clipboard denial recopy reuses cached issued URL without another M7 POST (11.077834ms)
✔ review2 P1 lost M7 ACK retries exact receipt and null replay token never mints a fresh key (23.235958ms)
✔ review2 P1 missing CSRF before cached recopy cannot copy or issue again (7.084ms)
✔ review2 P1 missing CSRF before uncertain retry rejects preserved receipt dispatch (6.967458ms)
✔ review2 P1 late issued-link completion after hide cannot write clipboard (5.882375ms)
✔ review2 P1 late issued-link completion after selection cannot write clipboard (5.397959ms)
✔ review2 P1 late issued-link completion after unmount cannot write clipboard (6.23775ms)
✔ review2 P1 late issued-link completion after logout cannot write clipboard (4.830584ms)
✔ review2 P1 claim-link issuance denied without both live read/manage (inbox:read,live:read) (3.0105ms)
✔ review2 P1 claim-link issuance denied without both live read/manage (inbox:read,live:manage) (2.010666ms)
✔ review2 P1 missing authoritative recovery identity never guesses generation {"missingSession":true} (2.750542ms)
✔ review2 P1 missing authoritative recovery identity never guesses generation {"noBundle":true} (4.600917ms)
✔ review2 P2 exactly one matching binding uses named DM hard gate ok (7.061041ms)
✔ review2 P2 exactly one matching binding uses named DM hard gate review_required (2.870167ms)
✔ review2 P2 exactly one matching binding uses named DM hard gate missing_permission (2.239ms)
✔ review2 P2 multiple same-provider bindings advisory only (dm_session:ok,dm_session:missing_permission) (3.556459ms)
✔ review2 P2 multiple same-provider bindings advisory only (dm_session:missing_permission,dm_session:reauth_required) (2.6185ms)
✔ review2 P2 multiple same-provider bindings advisory only (dm_session:ok,read_comment:missing_permission) (1.34ms)
✔ review2 P2 multiple same-provider bindings advisory only (dm_session:review_required,dm_session:ok) (1.603833ms)
✔ review2 P2 actual scoped A12 409 capability refusal remains visible after advisory submit (3.277583ms)
✔ review2 P2 missing health and single binding without named DM remain disabled (2.416125ms)
✔ review2 P2 expired cached issued link cannot be recopied or silently reissued (6.671167ms)
✔ P1-1 actual visible focus preserves pending ticket, selection, revision and real retry receipt (6.667209ms)
✔ P1-1 actual unchanged-session pageshow checks without clearing; changed-session focus expires (1.891041ms)
✔ P1-1 actual hide/reveal clears and requests fresh revision, never accepts obsolete completion (1.255375ms)
✔ P1-1 changed-session visible focus expires even with a pending request (0.779625ms)
✔ P1-2 actual A9 refresh 404 removes rendered DM and unsent draft (55.606875ms)
✔ P1-2 actual send-finally A9 404 removes DM, draft and uncertain immutable receipt (34.263041ms)
✔ actual uncertain send still retains exact receipt when A9 authority remains (0ms post-send A9) (32.617875ms)
✔ actual uncertain send still retains exact receipt when A9 authority remains (50ms post-send A9) (111.871583ms)
✔ actual A9 stale held completion cannot paint after component cleanup (2.415583ms)
✔ P2 actual A14 404 clears buyer facts and customer draft (explicit future-version MOCK) (4.798583ms)
✔ safe authority errors remain the actual InboxError transport class (0.070875ms)
✔ actual current A13 without version keeps A14 disabled; future MOCK grants no backend claim (0.760417ms)
✔ P1-2 actual A11 takeover write 404 clears private state despite failing follow-up A9 (1.185584ms)
✔ P1-2 actual A12 send write 404 clears private state despite failing follow-up A9 (2.124209ms)
✔ window strict eligibility with 300001ms before hard 24h deadline (35.505917ms)
✔ window strict eligibility with 300000ms before hard 24h deadline (2.537625ms)
✔ window strict eligibility with 60000ms before hard 24h deadline (1.353375ms)
✔ window strict eligibility with 0ms before hard 24h deadline (1.482583ms)
✔ window invalid server deadline fails closed without preparing a send (1.342709ms)
✔ window captured enabled form callback cannot POST after crossing safe cutoff (0.858667ms)
✔ window deadline timer closes controls at cutoff and hard end without waiting for 15s poll (2.351583ms)
✔ quota recovery gives exact zh-TW comment-quota and DM-window instructions beside copy only (0.519542ms)
✔ quota recovery gives exact zh-CN comment-quota and DM-window instructions beside copy only (0.118041ms)
✔ quota recovery gives exact en comment-quota and DM-window instructions beside copy only (0.108417ms)
ℹ tests 62
ℹ suites 0
ℹ pass 62
ℹ fail 0
ℹ cancelled 0
ℹ skipped 0
ℹ todo 0
ℹ duration_ms 854.422958

Exit 0
