gate (--browser-inbox)	Gate	﻿2026-10-07T13:25:27.1849253Z ##[group]Run set -o pipefail
gate (--browser-inbox)	Gate	2026-10-07T13:25:27.1849528Z [36;1mset -o pipefail[0m
gate (--browser-inbox)	Gate	2026-10-07T13:25:27.1849746Z [36;1mmkdir -p output/ci-gates[0m
gate (--browser-inbox)	Gate	2026-10-07T13:25:27.1850147Z [36;1m# Only LC_* names with plain values: an inject-fail run of a new gate must not be able to set arbitrary env.[0m
gate (--browser-inbox)	Gate	2026-10-07T13:25:27.1850529Z [36;1mfor kv in $EXTRA_ENV; do[0m
gate (--browser-inbox)	Gate	2026-10-07T13:25:27.1850860Z [36;1m  [[ "$kv" =~ ^LC_[A-Z0-9_]+=[A-Za-z0-9._:-]*$ ]] || { echo "refusing extra_env entry: $kv" >&2; exit 2; }[0m
gate (--browser-inbox)	Gate	2026-10-07T13:25:27.1851221Z [36;1m  export "$kv"; echo "extra_env: ${kv%%=*} set"[0m
gate (--browser-inbox)	Gate	2026-10-07T13:25:27.1851463Z [36;1mdone[0m
gate (--browser-inbox)	Gate	2026-10-07T13:25:27.1851729Z [36;1mlog="output/ci-gates/$(printf '%s' "$MODE" | tr -c 'A-Za-z0-9_-' '_').log"[0m
gate (--browser-inbox)	Gate	2026-10-07T13:25:27.1852031Z [36;1mcase "$MODE" in[0m
gate (--browser-inbox)	Gate	2026-10-07T13:25:27.1852300Z [36;1m  foundation) bash scripts/dev/test-local.sh 2>&1 | tee "$log" ;;[0m
gate (--browser-inbox)	Gate	2026-10-07T13:25:27.1852826Z [36;1m  shard:unit) LC_FOUNDATION_PKGS="$(go list ./... | grep -v '/tests/foundation$' | tr '\n' ' ')" bash scripts/dev/test-local.sh 2>&1 | tee "$log" ;;[0m
gate (--browser-inbox)	Gate	2026-10-07T13:25:27.1853576Z [36;1m  # A balanced group of scripts/dev/shard-plan.json: an anchored explicit -run list, or (the catch-all) -skip of every other group's tests.[0m
gate (--browser-inbox)	Gate	2026-10-07T13:25:27.1855139Z [36;1m  shard:g[0-9][0-9]) LC_FOUNDATION_PKGS=./tests/foundation LC_FOUNDATION_RUN="$(node scripts/dev/shard-plan.mjs run "${MODE#shard:}")" LC_FOUNDATION_SKIP="$(node scripts/dev/shard-plan.mjs skip "${MODE#shard:}")" bash scripts/dev/test-local.sh 2>&1 | tee "$log" ;;[0m
gate (--browser-inbox)	Gate	2026-10-07T13:25:27.1856079Z [36;1m  shard:*)    LC_FOUNDATION_PKGS=./tests/foundation LC_FOUNDATION_RUN="${MODE#shard:}" bash scripts/dev/test-local.sh 2>&1 | tee "$log" ;;[0m
gate (--browser-inbox)	Gate	2026-10-07T13:25:27.1856694Z [36;1m  focused:*)  LC_FOCUSED_TIMEOUT=7200s bash scripts/dev/test-focused.sh "${MODE#focused:}" 2>&1 | tee "$log" ;;[0m
gate (--browser-inbox)	Gate	2026-10-07T13:25:27.1857357Z [36;1m  # One slice of the sweep / visual lint (tests/ui/sweep-shard-lib.mjs): its own PG, fixture and store, so click-sweep runs its single worker race-free.[0m
gate (--browser-inbox)	Gate	2026-10-07T13:25:27.1858115Z [36;1m  --browser-click-sweep@*|--browser-visual-lint@*) LC_SWEEP_SHARD="${MODE##*@}" xvfb-run -a bash scripts/dev/test-local.sh "${MODE%@*}" 2>&1 | tee "$log" ;;[0m
gate (--browser-inbox)	Gate	2026-10-07T13:25:27.1858769Z [36;1m  # Some browser suites run headed on purpose (MOU03 native bfcache/visibility); the runner has no display.[0m
gate (--browser-inbox)	Gate	2026-10-07T13:25:27.1859209Z [36;1m  # Xvfb comes with `playwright install --with-deps`.[0m
gate (--browser-inbox)	Gate	2026-10-07T13:25:27.1859631Z [36;1m  --browser*|--stripe-browser*) xvfb-run -a bash scripts/dev/test-local.sh "$MODE" 2>&1 | tee "$log" ;;[0m
gate (--browser-inbox)	Gate	2026-10-07T13:25:27.1860072Z [36;1m  --*)        bash scripts/dev/test-local.sh "$MODE" 2>&1 | tee "$log" ;;[0m
gate (--browser-inbox)	Gate	2026-10-07T13:25:27.1860392Z [36;1m  *) echo "unknown mode: $MODE" >&2; exit 2 ;;[0m
gate (--browser-inbox)	Gate	2026-10-07T13:25:27.1860624Z [36;1mesac[0m
gate (--browser-inbox)	Gate	2026-10-07T13:25:27.1917233Z shell: /usr/bin/bash -e {0}
gate (--browser-inbox)	Gate	2026-10-07T13:25:27.1917454Z env:
gate (--browser-inbox)	Gate	2026-10-07T13:25:27.1917628Z   GOTOOLCHAIN: local
gate (--browser-inbox)	Gate	2026-10-07T13:25:27.1917829Z   GOFLAGS: -mod=readonly
gate (--browser-inbox)	Gate	2026-10-07T13:25:27.1918060Z   PLAYWRIGHT_BROWSERS_PATH: /opt/ms-playwright
gate (--browser-inbox)	Gate	2026-10-07T13:25:27.1918312Z   MODE: --browser-inbox
gate (--browser-inbox)	Gate	2026-10-07T13:25:27.1918503Z   EXTRA_ENV:
gate (--browser-inbox)	Gate	2026-10-07T13:25:27.1918666Z ##[endgroup]
gate (--browser-inbox)	Gate	2026-10-07T13:25:28.2283975Z
gate (--browser-inbox)	Gate	2026-10-07T13:25:28.2285171Z > live-commerce-workspace@ build:admin /home/runner/work/live_commerce_architecture_v1/live_commerce_architecture_v1
gate (--browser-inbox)	Gate	2026-10-07T13:25:28.2285729Z > pnpm --filter @live-commerce/admin build
gate (--browser-inbox)	Gate	2026-10-07T13:25:28.2285903Z
gate (--browser-inbox)	Gate	2026-10-07T13:25:28.4570762Z
gate (--browser-inbox)	Gate	2026-10-07T13:25:28.4571933Z > @live-commerce/admin@ build /home/runner/work/live_commerce_architecture_v1/live_commerce_architecture_v1/apps/admin
gate (--browser-inbox)	Gate	2026-10-07T13:25:28.4572571Z > next build && node ../../scripts/dev/package-admin.mjs
gate (--browser-inbox)	Gate	2026-10-07T13:25:28.4572781Z
gate (--browser-inbox)	Gate	2026-10-07T13:25:28.7430687Z ▲ Next.js 16.3.5 (Turbopack)
gate (--browser-inbox)	Gate	2026-10-07T13:25:28.7642125Z ✓ Running next.config.ts took 21ms
gate (--browser-inbox)	Gate	2026-10-07T13:25:28.7643620Z ⚠ No build cache found. Please configure build caching for faster rebuilds. Read more: https://nextjs.org/docs/messages/no-cache
gate (--browser-inbox)	Gate	2026-10-07T13:25:28.7688256Z Attention: Next.js now collects completely anonymous telemetry regarding usage.
gate (--browser-inbox)	Gate	2026-10-07T13:25:28.7689143Z This information is used to shape Next.js' roadmap and prioritize features.
gate (--browser-inbox)	Gate	2026-10-07T13:25:28.7690179Z You can learn more, including how to opt-out if you'd not like to participate in this anonymous program, by visiting the following URL:
gate (--browser-inbox)	Gate	2026-10-07T13:25:28.7690950Z https://nextjs.org/telemetry
gate (--browser-inbox)	Gate	2026-10-07T13:25:28.7691269Z
gate (--browser-inbox)	Gate	2026-10-07T13:25:28.7844940Z
gate (--browser-inbox)	Gate	2026-10-07T13:25:28.8170023Z   Creating an optimized production build ...
gate (--browser-inbox)	Gate	2026-10-07T13:25:36.2532427Z ✓ Compiled successfully in 6.7s
gate (--browser-inbox)	Gate	2026-10-07T13:25:36.2592322Z   Running TypeScript ...
gate (--browser-inbox)	Gate	2026-10-07T13:25:37.0926697Z   Finished TypeScript in 833ms ...
gate (--browser-inbox)	Gate	2026-10-07T13:25:37.0945259Z   Collecting page data using 3 workers ...
gate (--browser-inbox)	Gate	2026-10-07T13:25:37.6557124Z   Generating static pages using 3 workers (0/15) ...
gate (--browser-inbox)	Gate	2026-10-07T13:25:37.6748429Z   Generating static pages using 3 workers (3/15)
gate (--browser-inbox)	Gate	2026-10-07T13:25:37.7515948Z   Generating static pages using 3 workers (7/15)
gate (--browser-inbox)	Gate	2026-10-07T13:25:37.7606932Z   Generating static pages using 3 workers (11/15)
gate (--browser-inbox)	Gate	2026-10-07T13:25:37.7640553Z ✓ Generating static pages using 3 workers (15/15) in 109ms
gate (--browser-inbox)	Gate	2026-10-07T13:25:37.7672482Z   Finalizing page optimization ...
gate (--browser-inbox)	Gate	2026-10-07T13:25:38.1554867Z
gate (--browser-inbox)	Gate	2026-10-07T13:25:38.1576417Z Route (app)
gate (--browser-inbox)	Gate	2026-10-07T13:25:38.1577031Z ┌ ○ /_not-found
gate (--browser-inbox)	Gate	2026-10-07T13:25:38.1577372Z ├ ƒ /[locale]
gate (--browser-inbox)	Gate	2026-10-07T13:25:38.1577701Z ├ ƒ /[locale]/ads
gate (--browser-inbox)	Gate	2026-10-07T13:25:38.1578073Z ├ ƒ /[locale]/ads/attribution
gate (--browser-inbox)	Gate	2026-10-07T13:25:38.1578473Z ├ ƒ /[locale]/billing
gate (--browser-inbox)	Gate	2026-10-07T13:25:38.1578823Z ├ ƒ /[locale]/collections
gate (--browser-inbox)	Gate	2026-10-07T13:25:38.1579174Z ├ ƒ /[locale]/customers
gate (--browser-inbox)	Gate	2026-10-07T13:25:38.1579573Z ├ ƒ /[locale]/customers/[customer]
gate (--browser-inbox)	Gate	2026-10-07T13:25:38.1579978Z ├ ƒ /[locale]/design
gate (--browser-inbox)	Gate	2026-10-07T13:25:38.1580319Z ├ ƒ /[locale]/finance
gate (--browser-inbox)	Gate	2026-10-07T13:25:38.1580656Z ├ ƒ /[locale]/inventory
gate (--browser-inbox)	Gate	2026-10-07T13:25:38.1581059Z ├ ƒ /[locale]/invite/[token]
gate (--browser-inbox)	Gate	2026-10-07T13:25:38.1581418Z ├ ƒ /[locale]/messages
gate (--browser-inbox)	Gate	2026-10-07T13:25:38.1581717Z ├ ƒ /[locale]/orders
gate (--browser-inbox)	Gate	2026-10-07T13:25:38.1582111Z ├ ƒ /[locale]/orders/cvs-print
gate (--browser-inbox)	Gate	2026-10-07T13:25:38.1582483Z ├ ƒ /[locale]/orders/new
gate (--browser-inbox)	Gate	2026-10-07T13:25:38.1582834Z ├ ƒ /[locale]/products
gate (--browser-inbox)	Gate	2026-10-07T13:25:38.1583227Z ├ ƒ /[locale]/products/[product]
gate (--browser-inbox)	Gate	2026-10-07T13:25:38.1583641Z ├ ƒ /[locale]/products/import
gate (--browser-inbox)	Gate	2026-10-07T13:25:38.1584030Z ├ ƒ /[locale]/promotions
gate (--browser-inbox)	Gate	2026-10-07T13:25:38.1584368Z ├ ƒ /[locale]/reset
gate (--browser-inbox)	Gate	2026-10-07T13:25:38.1584882Z ├ ƒ /[locale]/returns
gate (--browser-inbox)	Gate	2026-10-07T13:25:38.1585210Z ├ ƒ /[locale]/settings
gate (--browser-inbox)	Gate	2026-10-07T13:25:38.1585626Z ├ ƒ /[locale]/settings/payments/card
gate (--browser-inbox)	Gate	2026-10-07T13:25:38.1586071Z ├ ƒ /[locale]/settings/settlements
gate (--browser-inbox)	Gate	2026-10-07T13:25:38.1586429Z ├ ƒ /[locale]/signup
gate (--browser-inbox)	Gate	2026-10-07T13:25:38.1586733Z ├ ƒ /[locale]/studio
gate (--browser-inbox)	Gate	2026-10-07T13:25:38.1587095Z ├ ƒ /[locale]/studio/claims
gate (--browser-inbox)	Gate	2026-10-07T13:25:38.1587432Z ├ ƒ /[locale]/team
gate (--browser-inbox)	Gate	2026-10-07T13:25:38.1587763Z ├ ƒ /api/ads/meta/callback
gate (--browser-inbox)	Gate	2026-10-07T13:25:38.1588157Z ├ ƒ /api/ads/meta/connect
gate (--browser-inbox)	Gate	2026-10-07T13:25:38.1588509Z ├ ƒ /api/auth/callback
gate (--browser-inbox)	Gate	2026-10-07T13:25:38.1588848Z ├ ƒ /api/auth/login
gate (--browser-inbox)	Gate	2026-10-07T13:25:38.1589188Z ├ ƒ /api/auth/logout
gate (--browser-inbox)	Gate	2026-10-07T13:25:38.1589548Z ├ ƒ /api/auth/password/login
gate (--browser-inbox)	Gate	2026-10-07T13:25:38.1589933Z ├ ƒ /api/auth/password/reset
gate (--browser-inbox)	Gate	2026-10-07T13:25:38.1590321Z ├ ƒ /api/auth/password/signup
gate (--browser-inbox)	Gate	2026-10-07T13:25:38.1590729Z ├ ƒ /api/auth/password/verify
gate (--browser-inbox)	Gate	2026-10-07T13:25:38.1591088Z ├ ƒ /api/meta/callback
gate (--browser-inbox)	Gate	2026-10-07T13:25:38.1591419Z ├ ƒ /api/meta/connect
gate (--browser-inbox)	Gate	2026-10-07T13:25:38.1591824Z ├ ƒ /api/onboarding/initial-store
gate (--browser-inbox)	Gate	2026-10-07T13:25:38.1592187Z ├ ƒ /api/stores
gate (--browser-inbox)	Gate	2026-10-07T13:25:38.1592599Z ├ ƒ /api/stores/[store]/[...resource]
gate (--browser-inbox)	Gate	2026-10-07T13:25:38.1593055Z ├ ƒ /api/stores/[store]/orders/export
gate (--browser-inbox)	Gate	2026-10-07T13:25:38.1593549Z ├ ƒ /api/stores/[store]/orders/pick-list
gate (--browser-inbox)	Gate	2026-10-07T13:25:38.1594063Z ├ ƒ /api/stores/[store]/shipments/cvs-batch
gate (--browser-inbox)	Gate	2026-10-07T13:25:38.1594768Z ├ ƒ /api/stores/[store]/tools/[...resource]
gate (--browser-inbox)	Gate	2026-10-07T13:25:38.1595480Z ├ ƒ /api/team/[action]
gate (--browser-inbox)	Gate	2026-10-07T13:25:38.1595839Z ├ ƒ /site/[locale]/[page]
gate (--browser-inbox)	Gate	2026-10-07T13:25:38.1596192Z ├ ƒ /site/robots.txt
gate (--browser-inbox)	Gate	2026-10-07T13:25:38.1596559Z └ ƒ /site/sitemap.xml
gate (--browser-inbox)	Gate	2026-10-07T13:25:38.1596731Z
gate (--browser-inbox)	Gate	2026-10-07T13:25:38.1596744Z
gate (--browser-inbox)	Gate	2026-10-07T13:25:38.1596928Z ƒ Proxy (Middleware)
gate (--browser-inbox)	Gate	2026-10-07T13:25:38.1597100Z
gate (--browser-inbox)	Gate	2026-10-07T13:25:38.1597364Z ○  (Static)   prerendered as static content
gate (--browser-inbox)	Gate	2026-10-07T13:25:38.1597881Z ƒ  (Dynamic)  server-rendered on demand
gate (--browser-inbox)	Gate	2026-10-07T13:25:38.1598113Z
gate (--browser-inbox)	Gate	2026-10-07T13:25:38.3555154Z Packaged standalone admin server and static assets.
gate (--browser-inbox)	Gate	2026-10-07T13:25:40.2525272Z go: downloading github.com/jackc/pgx/v5 v5.11.0
gate (--browser-inbox)	Gate	2026-10-07T13:25:40.3707005Z go: downloading github.com/riverqueue/river/riverdriver/riverpgxv5 v0.40.0
gate (--browser-inbox)	Gate	2026-10-07T13:25:40.3707514Z go: downloading github.com/riverqueue/river v0.40.0
gate (--browser-inbox)	Gate	2026-10-07T13:25:40.3707898Z go: downloading github.com/riverqueue/river/rivertype v0.40.0
gate (--browser-inbox)	Gate	2026-10-07T13:25:40.3836300Z go: downloading github.com/riverqueue/river/riverdriver v0.40.0
gate (--browser-inbox)	Gate	2026-10-07T13:25:40.4190721Z go: downloading golang.org/x/crypto v0.57.0
gate (--browser-inbox)	Gate	2026-10-07T13:25:40.4795536Z go: downloading github.com/jackc/puddle/v2 v2.2.2
gate (--browser-inbox)	Gate	2026-10-07T13:25:40.4798281Z go: downloading github.com/jackc/pgpassfile v1.0.0
gate (--browser-inbox)	Gate	2026-10-07T13:25:40.4861677Z go: downloading github.com/jackc/pgservicefile v0.0.0-20240606120523-5a60cdf6a761
gate (--browser-inbox)	Gate	2026-10-07T13:25:40.4918906Z go: downloading golang.org/x/text v0.42.0
gate (--browser-inbox)	Gate	2026-10-07T13:25:40.5009105Z go: downloading github.com/riverqueue/river/rivershared v0.40.0
gate (--browser-inbox)	Gate	2026-10-07T13:25:40.5226885Z go: downloading golang.org/x/image v0.46.0
gate (--browser-inbox)	Gate	2026-10-07T13:25:40.7250443Z go: downloading golang.org/x/net v0.59.0
gate (--browser-inbox)	Gate	2026-10-07T13:25:40.8856089Z go: downloading github.com/coreos/go-oidc/v3 v3.21.0
gate (--browser-inbox)	Gate	2026-10-07T13:25:40.8856836Z go: downloading golang.org/x/oauth2 v0.37.0
gate (--browser-inbox)	Gate	2026-10-07T13:25:40.9057681Z go: downloading golang.org/x/sync v0.23.0
gate (--browser-inbox)	Gate	2026-10-07T13:25:40.9066251Z go: downloading github.com/tidwall/gjson v1.19.0
gate (--browser-inbox)	Gate	2026-10-07T13:25:40.9067549Z go: downloading github.com/tidwall/sjson v1.2.5
gate (--browser-inbox)	Gate	2026-10-07T13:25:40.9173237Z go: downloading golang.org/x/sys v0.48.0
gate (--browser-inbox)	Gate	2026-10-07T13:25:40.9183609Z go: downloading github.com/go-jose/go-jose/v4 v4.1.4
gate (--browser-inbox)	Gate	2026-10-07T13:25:40.9191584Z go: downloading github.com/stretchr/testify v1.11.1
gate (--browser-inbox)	Gate	2026-10-07T13:25:40.9207496Z go: downloading go.uber.org/goleak v1.3.0
gate (--browser-inbox)	Gate	2026-10-07T13:25:40.9430662Z go: downloading github.com/tidwall/match v1.2.0
gate (--browser-inbox)	Gate	2026-10-07T13:25:40.9549934Z go: downloading github.com/tidwall/pretty v1.2.1
gate (--browser-inbox)	Gate	2026-10-07T13:25:40.9555242Z go: downloading github.com/davecgh/go-spew v1.1.1
gate (--browser-inbox)	Gate	2026-10-07T13:25:40.9585249Z go: downloading github.com/pmezard/go-difflib v1.0.0
gate (--browser-inbox)	Gate	2026-10-07T13:25:40.9663644Z go: downloading gopkg.in/yaml.v3 v3.0.1
gate (--browser-inbox)	Gate	2026-10-07T13:26:42.3597280Z === RUN   TestBrowserInboxUIRealChain
gate (--browser-inbox)	Gate	2026-10-07T13:29:08.2819494Z     browser_inbox_ui_test.go:200: inbox browser failed: exit status 1; evidence=/home/runner/work/live_commerce_architecture_v1/live_commerce_architecture_v1/output/lc-u2b-inbox-page/browser/20261007T132645.119901315
gate (--browser-inbox)	Gate	2026-10-07T13:29:15.0792971Z --- FAIL: TestBrowserInboxUIRealChain (152.72s)
gate (--browser-inbox)	Gate	2026-10-07T13:29:15.0812551Z FAIL
gate (--browser-inbox)	Gate	2026-10-07T13:29:15.0898265Z FAIL	livecommerce/tests/foundation	152.797s
gate (--browser-inbox)	Gate	2026-10-07T13:29:15.0977179Z FAIL
gate (--browser-inbox)	Gate	2026-10-07T13:29:15.6133472Z ##[error]Process completed with exit code 1.
