task_id: c1615b58-8da8-4202-a279-732639422426-sub-recovery
base_commit: 4d19a45aeb2aefe60c18a8fb09ad5235869e6996
status: MOCK only scheduling of REAL crypto results delayed, data/production/host unchanged; Go/PG/browser/build NOT_RUN
command argv: ["node", "--experimental-strip-types", "--import", "./tests/admin/inbox-recovery-env.test.ts", "--test", "tests/admin/inbox-review-recovery.test.ts"]
environment: {"TZ": "UTC", "LANG": "C.UTF-8", "LC_RECOVERY_TEST_NOW": "2026-10-08T00:00:00Z", "LC_RECOVERY_TEST_DIGEST_DELAY_MS": "50"}
exit_code: 1
sha256 e91ebb711d07f99f976661fe123d0c01307a62766669cf08bb5f3373ebea5a37 tests/admin/inbox-review-recovery.test.ts
sha256 6d528e46ed4eccaab02cb7a011bdad6a93d99220da86a5d6fb751ead4a2c9fae tests/admin/inbox-recovery-env.test.ts
sha256 fbbe0732daa9abf40cff885c251a21b6af9028e04fd874308f4bb9f0c9b4436f tests/admin/inbox-review-host.test.ts
sha256 df600c3cdca957668a0cbfb524486c4980ee40a64d1d0eb43ce3d4837d7e4c31 apps/admin/components/Inbox.tsx
sha256 3ba890539149491f8b6fb47f4b3b0449b1c0fac8dbb872a632ddefe39b006a77 apps/admin/src/features/messages/bundle-recovery.tsx
sha256 afd6a068f2a17ada0b902f8b22837fab5e11c4b1eea2615fcf8c591d79156017 apps/admin/components/InboxThread.tsx

✖ review2 P1 bundle-only row opens real A13 and issues existing M7 claim link to clipboard (14.5025ms)
✖ review2 P1 clipboard denial recopy reuses cached issued URL without another M7 POST (1.976958ms)
✖ review2 P1 lost M7 ACK retries exact receipt and null replay token never mints a fresh key (1.535125ms)
✖ review2 P1 missing CSRF before cached recopy cannot copy or issue again (1.047917ms)
✖ review2 P1 missing CSRF before uncertain retry rejects preserved receipt dispatch (1.056708ms)
✖ review2 P1 late issued-link completion after hide cannot write clipboard (0.844625ms)
✖ review2 P1 late issued-link completion after selection cannot write clipboard (0.675666ms)
✖ review2 P1 late issued-link completion after unmount cannot write clipboard (0.665709ms)
✖ review2 P1 late issued-link completion after logout cannot write clipboard (0.716333ms)
✖ review2 P1 claim-link issuance denied without both live read/manage (inbox:read,live:read) (0.701583ms)
✖ review2 P1 claim-link issuance denied without both live read/manage (inbox:read,live:manage) (0.531417ms)
✖ review2 P1 missing authoritative recovery identity never guesses generation {"missingSession":true} (0.559375ms)
✖ review2 P1 missing authoritative recovery identity never guesses generation {"noBundle":true} (0.976791ms)
✖ review2 P2 exactly one matching binding uses named DM hard gate ok (1.428458ms)
✖ review2 P2 exactly one matching binding uses named DM hard gate review_required (0.766333ms)
✖ review2 P2 exactly one matching binding uses named DM hard gate missing_permission (0.7545ms)
✖ review2 P2 multiple same-provider bindings advisory only (dm_session:ok,dm_session:missing_permission) (0.572375ms)
✖ review2 P2 multiple same-provider bindings advisory only (dm_session:missing_permission,dm_session:reauth_required) (0.595208ms)
✖ review2 P2 multiple same-provider bindings advisory only (dm_session:ok,read_comment:missing_permission) (0.704375ms)
✖ review2 P2 multiple same-provider bindings advisory only (dm_session:review_required,dm_session:ok) (0.522292ms)
✖ review2 P2 actual scoped A12 409 capability refusal remains visible after advisory submit (0.506042ms)
✖ review2 P2 missing health and single binding without named DM remain disabled (0.476541ms)
✖ review2 P2 expired cached issued link cannot be recopied or silently reissued (0.610541ms)
ℹ tests 23
ℹ suites 0
ℹ pass 0
ℹ fail 23
ℹ cancelled 0
ℹ skipped 0
ℹ todo 0
ℹ duration_ms 415.296375

✖ failing tests:

test at tests/admin/inbox-review-recovery.test.ts:240:1
✖ review2 P1 bundle-only row opens real A13 and issues existing M7 claim link to clipboard (14.5025ms)
  AssertionError [ERR_ASSERTION]: actual component VNode found
      at node (file:///Volumes/data/live_commerce_architecture_v1/.worktrees/lc-u2b-pr8-tests/tests/admin/inbox-review-host.test.ts:284:10)
      at openBundle (file:///Volumes/data/live_commerce_architecture_v1/.worktrees/lc-u2b-pr8-tests/tests/admin/inbox-review-recovery.test.ts:205:3)
      at async TestContext.<anonymous> (file:///Volumes/data/live_commerce_architecture_v1/.worktrees/lc-u2b-pr8-tests/tests/admin/inbox-review-recovery.test.ts:244:16)
      at async Test.run (node:internal/test_runner/test:1208:7)
      at async startSubtestAfterBootstrap (node:internal/test_runner/harness:385:3) {
    generatedMessage: false,
    code: 'ERR_ASSERTION',
    actual: undefined,
    expected: true,
    operator: '==',
    diff: 'simple'
  }

test at tests/admin/inbox-review-recovery.test.ts:280:1
✖ review2 P1 clipboard denial recopy reuses cached issued URL without another M7 POST (1.976958ms)
  AssertionError [ERR_ASSERTION]: actual component VNode found
      at node (file:///Volumes/data/live_commerce_architecture_v1/.worktrees/lc-u2b-pr8-tests/tests/admin/inbox-review-host.test.ts:284:10)
      at openBundle (file:///Volumes/data/live_commerce_architecture_v1/.worktrees/lc-u2b-pr8-tests/tests/admin/inbox-review-recovery.test.ts:205:3)
      at async TestContext.<anonymous> (file:///Volumes/data/live_commerce_architecture_v1/.worktrees/lc-u2b-pr8-tests/tests/admin/inbox-review-recovery.test.ts:284:16)
      at async Test.run (node:internal/test_runner/test:1208:7)
      at async Test.processPendingSubtests (node:internal/test_runner/test:831:7) {
    generatedMessage: false,
    code: 'ERR_ASSERTION',
    actual: undefined,
    expected: true,
    operator: '==',
    diff: 'simple'
  }

test at tests/admin/inbox-review-recovery.test.ts:295:1
✖ review2 P1 lost M7 ACK retries exact receipt and null replay token never mints a fresh key (1.535125ms)
  AssertionError [ERR_ASSERTION]: actual component VNode found
      at node (file:///Volumes/data/live_commerce_architecture_v1/.worktrees/lc-u2b-pr8-tests/tests/admin/inbox-review-host.test.ts:284:10)
      at openBundle (file:///Volumes/data/live_commerce_architecture_v1/.worktrees/lc-u2b-pr8-tests/tests/admin/inbox-review-recovery.test.ts:205:3)
      at async TestContext.<anonymous> (file:///Volumes/data/live_commerce_architecture_v1/.worktrees/lc-u2b-pr8-tests/tests/admin/inbox-review-recovery.test.ts:302:16)
      at async Test.run (node:internal/test_runner/test:1208:7)
      at async Test.processPendingSubtests (node:internal/test_runner/test:831:7) {
    generatedMessage: false,
    code: 'ERR_ASSERTION',
    actual: undefined,
    expected: true,
    operator: '==',
    diff: 'simple'
  }

test at tests/admin/inbox-review-recovery.test.ts:342:1
✖ review2 P1 missing CSRF before cached recopy cannot copy or issue again (1.047917ms)
  AssertionError [ERR_ASSERTION]: actual component VNode found
      at node (file:///Volumes/data/live_commerce_architecture_v1/.worktrees/lc-u2b-pr8-tests/tests/admin/inbox-review-host.test.ts:284:10)
      at openBundle (file:///Volumes/data/live_commerce_architecture_v1/.worktrees/lc-u2b-pr8-tests/tests/admin/inbox-review-recovery.test.ts:205:3)
      at async TestContext.<anonymous> (file:///Volumes/data/live_commerce_architecture_v1/.worktrees/lc-u2b-pr8-tests/tests/admin/inbox-review-recovery.test.ts:346:16)
      at async Test.run (node:internal/test_runner/test:1208:7)
      at async Test.processPendingSubtests (node:internal/test_runner/test:831:7) {
    generatedMessage: false,
    code: 'ERR_ASSERTION',
    actual: undefined,
    expected: true,
    operator: '==',
    diff: 'simple'
  }

test at tests/admin/inbox-review-recovery.test.ts:361:1
✖ review2 P1 missing CSRF before uncertain retry rejects preserved receipt dispatch (1.056708ms)
  AssertionError [ERR_ASSERTION]: actual component VNode found
      at node (file:///Volumes/data/live_commerce_architecture_v1/.worktrees/lc-u2b-pr8-tests/tests/admin/inbox-review-host.test.ts:284:10)
      at openBundle (file:///Volumes/data/live_commerce_architecture_v1/.worktrees/lc-u2b-pr8-tests/tests/admin/inbox-review-recovery.test.ts:205:3)
      at async TestContext.<anonymous> (file:///Volumes/data/live_commerce_architecture_v1/.worktrees/lc-u2b-pr8-tests/tests/admin/inbox-review-recovery.test.ts:367:16)
      at async Test.run (node:internal/test_runner/test:1208:7)
      at async Test.processPendingSubtests (node:internal/test_runner/test:831:7) {
    generatedMessage: false,
    code: 'ERR_ASSERTION',
    actual: undefined,
    expected: true,
    operator: '==',
    diff: 'simple'
  }

test at tests/admin/inbox-review-recovery.test.ts:381:3
✖ review2 P1 late issued-link completion after hide cannot write clipboard (0.844625ms)
  AssertionError [ERR_ASSERTION]: actual component VNode found
      at node (file:///Volumes/data/live_commerce_architecture_v1/.worktrees/lc-u2b-pr8-tests/tests/admin/inbox-review-host.test.ts:284:10)
      at openBundle (file:///Volumes/data/live_commerce_architecture_v1/.worktrees/lc-u2b-pr8-tests/tests/admin/inbox-review-recovery.test.ts:205:3)
      at async TestContext.<anonymous> (file:///Volumes/data/live_commerce_architecture_v1/.worktrees/lc-u2b-pr8-tests/tests/admin/inbox-review-recovery.test.ts:391:18)
      at async Test.run (node:internal/test_runner/test:1208:7)
      at async Test.processPendingSubtests (node:internal/test_runner/test:831:7) {
    generatedMessage: false,
    code: 'ERR_ASSERTION',
    actual: undefined,
    expected: true,
    operator: '==',
    diff: 'simple'
  }

test at tests/admin/inbox-review-recovery.test.ts:381:3
✖ review2 P1 late issued-link completion after selection cannot write clipboard (0.675666ms)
  AssertionError [ERR_ASSERTION]: actual component VNode found
      at node (file:///Volumes/data/live_commerce_architecture_v1/.worktrees/lc-u2b-pr8-tests/tests/admin/inbox-review-host.test.ts:284:10)
      at openBundle (file:///Volumes/data/live_commerce_architecture_v1/.worktrees/lc-u2b-pr8-tests/tests/admin/inbox-review-recovery.test.ts:205:3)
      at async TestContext.<anonymous> (file:///Volumes/data/live_commerce_architecture_v1/.worktrees/lc-u2b-pr8-tests/tests/admin/inbox-review-recovery.test.ts:391:18)
      at async Test.run (node:internal/test_runner/test:1208:7)
      at async Test.processPendingSubtests (node:internal/test_runner/test:831:7) {
    generatedMessage: false,
    code: 'ERR_ASSERTION',
    actual: undefined,
    expected: true,
    operator: '==',
    diff: 'simple'
  }

test at tests/admin/inbox-review-recovery.test.ts:381:3
✖ review2 P1 late issued-link completion after unmount cannot write clipboard (0.665709ms)
  AssertionError [ERR_ASSERTION]: actual component VNode found
      at node (file:///Volumes/data/live_commerce_architecture_v1/.worktrees/lc-u2b-pr8-tests/tests/admin/inbox-review-host.test.ts:284:10)
      at openBundle (file:///Volumes/data/live_commerce_architecture_v1/.worktrees/lc-u2b-pr8-tests/tests/admin/inbox-review-recovery.test.ts:205:3)
      at async TestContext.<anonymous> (file:///Volumes/data/live_commerce_architecture_v1/.worktrees/lc-u2b-pr8-tests/tests/admin/inbox-review-recovery.test.ts:391:18)
      at async Test.run (node:internal/test_runner/test:1208:7)
      at async Test.processPendingSubtests (node:internal/test_runner/test:831:7) {
    generatedMessage: false,
    code: 'ERR_ASSERTION',
    actual: undefined,
    expected: true,
    operator: '==',
    diff: 'simple'
  }

test at tests/admin/inbox-review-recovery.test.ts:381:3
✖ review2 P1 late issued-link completion after logout cannot write clipboard (0.716333ms)
  AssertionError [ERR_ASSERTION]: actual component VNode found
      at node (file:///Volumes/data/live_commerce_architecture_v1/.worktrees/lc-u2b-pr8-tests/tests/admin/inbox-review-host.test.ts:284:10)
      at openBundle (file:///Volumes/data/live_commerce_architecture_v1/.worktrees/lc-u2b-pr8-tests/tests/admin/inbox-review-recovery.test.ts:205:3)
      at async TestContext.<anonymous> (file:///Volumes/data/live_commerce_architecture_v1/.worktrees/lc-u2b-pr8-tests/tests/admin/inbox-review-recovery.test.ts:391:18)
      at async Test.run (node:internal/test_runner/test:1208:7)
      at async Test.processPendingSubtests (node:internal/test_runner/test:831:7) {
    generatedMessage: false,
    code: 'ERR_ASSERTION',
    actual: undefined,
    expected: true,
    operator: '==',
    diff: 'simple'
  }

test at tests/admin/inbox-review-recovery.test.ts:420:3
✖ review2 P1 claim-link issuance denied without both live read/manage (inbox:read,live:read) (0.701583ms)
  AssertionError [ERR_ASSERTION]: actual component VNode found
      at node (file:///Volumes/data/live_commerce_architecture_v1/.worktrees/lc-u2b-pr8-tests/tests/admin/inbox-review-host.test.ts:284:10)
      at openBundle (file:///Volumes/data/live_commerce_architecture_v1/.worktrees/lc-u2b-pr8-tests/tests/admin/inbox-review-recovery.test.ts:205:3)
      at async TestContext.<anonymous> (file:///Volumes/data/live_commerce_architecture_v1/.worktrees/lc-u2b-pr8-tests/tests/admin/inbox-review-recovery.test.ts:424:18)
      at async Test.run (node:internal/test_runner/test:1208:7)
      at async Test.processPendingSubtests (node:internal/test_runner/test:831:7) {
    generatedMessage: false,
    code: 'ERR_ASSERTION',
    actual: undefined,
    expected: true,
    operator: '==',
    diff: 'simple'
  }

test at tests/admin/inbox-review-recovery.test.ts:420:3
✖ review2 P1 claim-link issuance denied without both live read/manage (inbox:read,live:manage) (0.531417ms)
  AssertionError [ERR_ASSERTION]: actual component VNode found
      at node (file:///Volumes/data/live_commerce_architecture_v1/.worktrees/lc-u2b-pr8-tests/tests/admin/inbox-review-host.test.ts:284:10)
      at openBundle (file:///Volumes/data/live_commerce_architecture_v1/.worktrees/lc-u2b-pr8-tests/tests/admin/inbox-review-recovery.test.ts:205:3)
      at async TestContext.<anonymous> (file:///Volumes/data/live_commerce_architecture_v1/.worktrees/lc-u2b-pr8-tests/tests/admin/inbox-review-recovery.test.ts:424:18)
      at async Test.run (node:internal/test_runner/test:1208:7)
      at async Test.processPendingSubtests (node:internal/test_runner/test:831:7) {
    generatedMessage: false,
    code: 'ERR_ASSERTION',
    actual: undefined,
    expected: true,
    operator: '==',
    diff: 'simple'
  }

test at tests/admin/inbox-review-recovery.test.ts:437:3
✖ review2 P1 missing authoritative recovery identity never guesses generation {"missingSession":true} (0.559375ms)
  AssertionError [ERR_ASSERTION]: actual component VNode found
      at node (file:///Volumes/data/live_commerce_architecture_v1/.worktrees/lc-u2b-pr8-tests/tests/admin/inbox-review-host.test.ts:284:10)
      at openBundle (file:///Volumes/data/live_commerce_architecture_v1/.worktrees/lc-u2b-pr8-tests/tests/admin/inbox-review-recovery.test.ts:205:3)
      at async TestContext.<anonymous> (file:///Volumes/data/live_commerce_architecture_v1/.worktrees/lc-u2b-pr8-tests/tests/admin/inbox-review-recovery.test.ts:441:18)
      at async Test.run (node:internal/test_runner/test:1208:7)
      at async Test.processPendingSubtests (node:internal/test_runner/test:831:7) {
    generatedMessage: false,
    code: 'ERR_ASSERTION',
    actual: undefined,
    expected: true,
    operator: '==',
    diff: 'simple'
  }

test at tests/admin/inbox-review-recovery.test.ts:437:3
✖ review2 P1 missing authoritative recovery identity never guesses generation {"noBundle":true} (0.976791ms)
  AssertionError [ERR_ASSERTION]: actual component VNode found
      at node (file:///Volumes/data/live_commerce_architecture_v1/.worktrees/lc-u2b-pr8-tests/tests/admin/inbox-review-host.test.ts:284:10)
      at openBundle (file:///Volumes/data/live_commerce_architecture_v1/.worktrees/lc-u2b-pr8-tests/tests/admin/inbox-review-recovery.test.ts:205:3)
      at async TestContext.<anonymous> (file:///Volumes/data/live_commerce_architecture_v1/.worktrees/lc-u2b-pr8-tests/tests/admin/inbox-review-recovery.test.ts:441:18)
      at async Test.run (node:internal/test_runner/test:1208:7)
      at async Test.processPendingSubtests (node:internal/test_runner/test:831:7) {
    generatedMessage: false,
    code: 'ERR_ASSERTION',
    actual: undefined,
    expected: true,
    operator: '==',
    diff: 'simple'
  }

test at tests/admin/inbox-review-recovery.test.ts:480:3
✖ review2 P2 exactly one matching binding uses named DM hard gate ok (1.428458ms)
  AssertionError [ERR_ASSERTION]: actual input is enabled

  true !== false

      at change (file:///Volumes/data/live_commerce_architecture_v1/.worktrees/lc-u2b-pr8-tests/tests/admin/inbox-review-host.test.ts:289:10)
      at TestContext.<anonymous> (file:///Volumes/data/live_commerce_architecture_v1/.worktrees/lc-u2b-pr8-tests/tests/admin/inbox-review-recovery.test.ts:486:5)
      at async Test.run (node:internal/test_runner/test:1208:7)
      at async Test.processPendingSubtests (node:internal/test_runner/test:831:7) {
    generatedMessage: false,
    code: 'ERR_ASSERTION',
    actual: true,
    expected: false,
    operator: 'strictEqual',
    diff: 'simple'
  }

test at tests/admin/inbox-review-recovery.test.ts:480:3
✖ review2 P2 exactly one matching binding uses named DM hard gate review_required (0.766333ms)
  AssertionError [ERR_ASSERTION]: actual input is enabled

  true !== false

      at change (file:///Volumes/data/live_commerce_architecture_v1/.worktrees/lc-u2b-pr8-tests/tests/admin/inbox-review-host.test.ts:289:10)
      at TestContext.<anonymous> (file:///Volumes/data/live_commerce_architecture_v1/.worktrees/lc-u2b-pr8-tests/tests/admin/inbox-review-recovery.test.ts:486:5)
      at async Test.run (node:internal/test_runner/test:1208:7)
      at async Test.processPendingSubtests (node:internal/test_runner/test:831:7) {
    generatedMessage: false,
    code: 'ERR_ASSERTION',
    actual: true,
    expected: false,
    operator: 'strictEqual',
    diff: 'simple'
  }

test at tests/admin/inbox-review-recovery.test.ts:480:3
✖ review2 P2 exactly one matching binding uses named DM hard gate missing_permission (0.7545ms)
  AssertionError [ERR_ASSERTION]: actual input is enabled

  true !== false

      at change (file:///Volumes/data/live_commerce_architecture_v1/.worktrees/lc-u2b-pr8-tests/tests/admin/inbox-review-host.test.ts:289:10)
      at TestContext.<anonymous> (file:///Volumes/data/live_commerce_architecture_v1/.worktrees/lc-u2b-pr8-tests/tests/admin/inbox-review-recovery.test.ts:486:5)
      at async Test.run (node:internal/test_runner/test:1208:7)
      at async Test.processPendingSubtests (node:internal/test_runner/test:831:7) {
    generatedMessage: false,
    code: 'ERR_ASSERTION',
    actual: true,
    expected: false,
    operator: 'strictEqual',
    diff: 'simple'
  }

test at tests/admin/inbox-review-recovery.test.ts:501:3
✖ review2 P2 multiple same-provider bindings advisory only (dm_session:ok,dm_session:missing_permission) (0.572375ms)
  AssertionError [ERR_ASSERTION]: actual input is enabled

  true !== false

      at change (file:///Volumes/data/live_commerce_architecture_v1/.worktrees/lc-u2b-pr8-tests/tests/admin/inbox-review-host.test.ts:289:10)
      at TestContext.<anonymous> (file:///Volumes/data/live_commerce_architecture_v1/.worktrees/lc-u2b-pr8-tests/tests/admin/inbox-review-recovery.test.ts:507:5)
      at async Test.run (node:internal/test_runner/test:1208:7)
      at async Test.processPendingSubtests (node:internal/test_runner/test:831:7) {
    generatedMessage: false,
    code: 'ERR_ASSERTION',
    actual: true,
    expected: false,
    operator: 'strictEqual',
    diff: 'simple'
  }

test at tests/admin/inbox-review-recovery.test.ts:501:3
✖ review2 P2 multiple same-provider bindings advisory only (dm_session:missing_permission,dm_session:reauth_required) (0.595208ms)
  AssertionError [ERR_ASSERTION]: actual input is enabled

  true !== false

      at change (file:///Volumes/data/live_commerce_architecture_v1/.worktrees/lc-u2b-pr8-tests/tests/admin/inbox-review-host.test.ts:289:10)
      at TestContext.<anonymous> (file:///Volumes/data/live_commerce_architecture_v1/.worktrees/lc-u2b-pr8-tests/tests/admin/inbox-review-recovery.test.ts:507:5)
      at async Test.run (node:internal/test_runner/test:1208:7)
      at async Test.processPendingSubtests (node:internal/test_runner/test:831:7) {
    generatedMessage: false,
    code: 'ERR_ASSERTION',
    actual: true,
    expected: false,
    operator: 'strictEqual',
    diff: 'simple'
  }

test at tests/admin/inbox-review-recovery.test.ts:501:3
✖ review2 P2 multiple same-provider bindings advisory only (dm_session:ok,read_comment:missing_permission) (0.704375ms)
  AssertionError [ERR_ASSERTION]: actual input is enabled

  true !== false

      at change (file:///Volumes/data/live_commerce_architecture_v1/.worktrees/lc-u2b-pr8-tests/tests/admin/inbox-review-host.test.ts:289:10)
      at TestContext.<anonymous> (file:///Volumes/data/live_commerce_architecture_v1/.worktrees/lc-u2b-pr8-tests/tests/admin/inbox-review-recovery.test.ts:507:5)
      at async Test.run (node:internal/test_runner/test:1208:7)
      at async Test.processPendingSubtests (node:internal/test_runner/test:831:7) {
    generatedMessage: false,
    code: 'ERR_ASSERTION',
    actual: true,
    expected: false,
    operator: 'strictEqual',
    diff: 'simple'
  }

test at tests/admin/inbox-review-recovery.test.ts:501:3
✖ review2 P2 multiple same-provider bindings advisory only (dm_session:review_required,dm_session:ok) (0.522292ms)
  AssertionError [ERR_ASSERTION]: actual input is enabled

  true !== false

      at change (file:///Volumes/data/live_commerce_architecture_v1/.worktrees/lc-u2b-pr8-tests/tests/admin/inbox-review-host.test.ts:289:10)
      at TestContext.<anonymous> (file:///Volumes/data/live_commerce_architecture_v1/.worktrees/lc-u2b-pr8-tests/tests/admin/inbox-review-recovery.test.ts:507:5)
      at async Test.run (node:internal/test_runner/test:1208:7)
      at async Test.processPendingSubtests (node:internal/test_runner/test:831:7) {
    generatedMessage: false,
    code: 'ERR_ASSERTION',
    actual: true,
    expected: false,
    operator: 'strictEqual',
    diff: 'simple'
  }

test at tests/admin/inbox-review-recovery.test.ts:522:1
✖ review2 P2 actual scoped A12 409 capability refusal remains visible after advisory submit (0.506042ms)
  AssertionError [ERR_ASSERTION]: actual input is enabled

  true !== false

      at change (file:///Volumes/data/live_commerce_architecture_v1/.worktrees/lc-u2b-pr8-tests/tests/admin/inbox-review-host.test.ts:289:10)
      at TestContext.<anonymous> (file:///Volumes/data/live_commerce_architecture_v1/.worktrees/lc-u2b-pr8-tests/tests/admin/inbox-review-recovery.test.ts:531:3)
      at async Test.run (node:internal/test_runner/test:1208:7)
      at async Test.processPendingSubtests (node:internal/test_runner/test:831:7) {
    generatedMessage: false,
    code: 'ERR_ASSERTION',
    actual: true,
    expected: false,
    operator: 'strictEqual',
    diff: 'simple'
  }

test at tests/admin/inbox-review-recovery.test.ts:545:1
✖ review2 P2 missing health and single binding without named DM remain disabled (0.476541ms)
  AssertionError [ERR_ASSERTION]: actual input is enabled

  true !== false

      at change (file:///Volumes/data/live_commerce_architecture_v1/.worktrees/lc-u2b-pr8-tests/tests/admin/inbox-review-host.test.ts:289:10)
      at TestContext.<anonymous> (file:///Volumes/data/live_commerce_architecture_v1/.worktrees/lc-u2b-pr8-tests/tests/admin/inbox-review-recovery.test.ts:551:3)
      at async Test.run (node:internal/test_runner/test:1208:7)
      at async Test.processPendingSubtests (node:internal/test_runner/test:831:7) {
    generatedMessage: false,
    code: 'ERR_ASSERTION',
    actual: true,
    expected: false,
    operator: 'strictEqual',
    diff: 'simple'
  }

test at tests/admin/inbox-review-recovery.test.ts:559:1
✖ review2 P2 expired cached issued link cannot be recopied or silently reissued (0.610541ms)
  AssertionError [ERR_ASSERTION]: actual component VNode found
      at node (file:///Volumes/data/live_commerce_architecture_v1/.worktrees/lc-u2b-pr8-tests/tests/admin/inbox-review-host.test.ts:284:10)
      at openBundle (file:///Volumes/data/live_commerce_architecture_v1/.worktrees/lc-u2b-pr8-tests/tests/admin/inbox-review-recovery.test.ts:205:3)
      at async TestContext.<anonymous> (file:///Volumes/data/live_commerce_architecture_v1/.worktrees/lc-u2b-pr8-tests/tests/admin/inbox-review-recovery.test.ts:565:16)
      at async Test.run (node:internal/test_runner/test:1208:7)
      at async Test.processPendingSubtests (node:internal/test_runner/test:831:7) {
    generatedMessage: false,
    code: 'ERR_ASSERTION',
    actual: undefined,
    expected: true,
    operator: '==',
    diff: 'simple'
  }
