Source 9f6fe578987bd6f6a33735f211d38fba1146f336
Command ["node", "--test", "--experimental-strip-types", "tests/admin/inbox-review.test.ts", "tests/admin/inbox-review-recovery.test.ts", "tests/admin/inbox-window.test.ts", "tests/admin/inbox-evidence.test.ts", "tests/admin/inbox-entry.test.ts", "tests/admin/inbox-browser-source.test.ts"]
✔ actual login settles authentication and the real fixture-store navigation before Messages (77.920667ms)
✔ A real Inbox selection admits Go A9 attachments null without losing thread (30.826792ms)
✔ A real Inbox selection admits Go A9 attachments empty array without losing thread (3.37475ms)
✔ A malformed non-array A9 attachments is refused without painting DM or crashing selected entry (1.582584ms)
✔ C A8 HTTP200 empty list is ordinary data with no alert, selection or focus request storm (0.766958ms)
✔ C A8 list404 is scoped inbox unavailable in en, never an empty list or conversation denial (3.194208ms)
✔ C A8 list404 is scoped inbox unavailable in zh-TW, never an empty list or conversation denial (1.872292ms)
✔ C A8 list404 is scoped inbox unavailable in zh-CN, never an empty list or conversation denial (1.001792ms)
✔ C click-sweep Go harness mounts existing Inbox/templates services (STRUCTURE_ONLY, Go NOT_RUN) (1.663583ms)
✔ C click-sweep includes actual-router owner200 empty inbox assertion (STRUCTURE_ONLY, Go NOT_RUN) (0.361125ms)
✔ inbox evidence is covered by the CI upload root (1.334ms)
✔ failed Playwright closes its log and emits sanitized diagnostics before Fatalf (0.111333ms)
✔ failure diagnostics match INU cases/counts without admitting private text (1.06675ms)
✔ INU04 delayed handler 1 signals completion when fulfillment rejects (54.326708ms)
✔ INU04 delayed handler 2 signals completion when fulfillment rejects (35.865ms)
✔ review2 P1 bundle-only row opens real A13 and issues existing M7 claim link to clipboard (32.956667ms)
✔ review2 P1 clipboard denial recopy reuses cached issued URL without another M7 POST (4.598875ms)
✔ review2 P1 lost M7 ACK retries exact receipt and null replay token never mints a fresh key (4.91725ms)
✔ review2 P1 missing CSRF before cached recopy cannot copy or issue again (3.219333ms)
✔ review2 P1 missing CSRF before uncertain retry rejects preserved receipt dispatch (2.473459ms)
✔ review2 P1 late issued-link completion after hide cannot write clipboard (5.364708ms)
✔ review2 P1 late issued-link completion after selection cannot write clipboard (3.986042ms)
✔ review2 P1 late issued-link completion after unmount cannot write clipboard (3.664083ms)
✔ review2 P1 late issued-link completion after logout cannot write clipboard (3.396833ms)
✔ review2 P1 claim-link issuance denied without both live read/manage (inbox:read,live:read) (1.889125ms)
✔ review2 P1 claim-link issuance denied without both live read/manage (inbox:read,live:manage) (2.706209ms)
✔ review2 P1 missing authoritative recovery identity never guesses generation {"missingSession":true} (2.41775ms)
✔ review2 P1 missing authoritative recovery identity never guesses generation {"noBundle":true} (3.573542ms)
✔ review2 P2 exactly one matching binding uses named DM hard gate ok (4.022917ms)
✔ review2 P2 exactly one matching binding uses named DM hard gate review_required (1.454208ms)
✔ review2 P2 exactly one matching binding uses named DM hard gate missing_permission (1.746833ms)
✔ review2 P2 multiple same-provider bindings advisory only (dm_session:ok,dm_session:missing_permission) (1.341959ms)
✔ review2 P2 multiple same-provider bindings advisory only (dm_session:missing_permission,dm_session:reauth_required) (2.033334ms)
✔ review2 P2 multiple same-provider bindings advisory only (dm_session:ok,read_comment:missing_permission) (1.733ms)
✔ review2 P2 multiple same-provider bindings advisory only (dm_session:review_required,dm_session:ok) (1.078791ms)
✔ review2 P2 actual scoped A12 409 capability refusal remains visible after advisory submit (3.244541ms)
✔ review2 P2 missing health and single binding without named DM remain disabled (2.220209ms)
✔ review2 P2 expired cached issued link cannot be recopied or silently reissued (3.322625ms)
✔ P1-1 actual visible focus preserves pending ticket, selection, revision and real retry receipt (16.612417ms)
✔ P1-1 actual unchanged-session pageshow checks without clearing; changed-session focus expires (1.953834ms)
✔ P1-1 actual hide/reveal clears and requests fresh revision, never accepts obsolete completion (3.169291ms)
✔ P1-1 changed-session visible focus expires even with a pending request (0.260417ms)
✔ P1-2 actual A9 refresh 404 removes rendered DM and unsent draft (38.508167ms)
✔ P1-2 actual send-finally A9 404 removes DM, draft and uncertain immutable receipt (8.893667ms)
✔ actual uncertain send still retains exact receipt when A9 authority remains (0ms post-send A9) (14.794375ms)
✔ actual uncertain send still retains exact receipt when A9 authority remains (50ms post-send A9) (108.641916ms)
✔ actual A9 stale held completion cannot paint after component cleanup (2.156292ms)
✔ P2 actual A14 404 clears buyer facts and customer draft (explicit future-version MOCK) (2.267833ms)
✔ safe authority errors remain the actual InboxError transport class (0.07225ms)
✔ actual current A13 without version keeps A14 disabled; future MOCK grants no backend claim (0.842625ms)
✔ P1-2 actual A11 takeover write 404 clears private state despite failing follow-up A9 (1.976625ms)
✔ P1-2 actual A12 send write 404 clears private state despite failing follow-up A9 (1.729042ms)
✔ window strict eligibility with 300001ms before hard 24h deadline (30.653ms)
✔ window strict eligibility with 300000ms before hard 24h deadline (3.829625ms)
✔ window strict eligibility with 60000ms before hard 24h deadline (1.189333ms)
✔ window strict eligibility with 0ms before hard 24h deadline (1.43625ms)
✔ window invalid server deadline fails closed without preparing a send (3.329292ms)
✔ window captured enabled form callback cannot POST after crossing safe cutoff (5.793375ms)
✔ window deadline timer closes controls at cutoff and hard end without waiting for 15s poll (3.665709ms)
✔ quota recovery gives exact zh-TW comment-quota and DM-window instructions beside copy only (0.489416ms)
✔ quota recovery gives exact zh-CN comment-quota and DM-window instructions beside copy only (0.127042ms)
✔ quota recovery gives exact en comment-quota and DM-window instructions beside copy only (0.108958ms)
ℹ tests 62
ℹ suites 0
ℹ pass 62
ℹ fail 0
ℹ cancelled 0
ℹ skipped 0
ℹ todo 0
ℹ duration_ms 1005.693166

Exit 0
