✖ G-UI3/G-UI5 architecture constraints pass with shrinking legacy exceptions (311.734083ms)
✔ G-UI3/G-UI5 negatives: new formatter, component fetch, >800 lines and wider allowance fail (0.446ms)
✔ Readiness jump controls expose the actual active section, not a click flag (0.572583ms)
✔ Integrator P2: legal CN comment ordering and a distinct three-image recommendation (0.15425ms)
✔ ADM04 and ADM06 explain unavailable SKUs and keep collection vocabulary consistent (0.213041ms)
✔ ADM06 create/detail titles share the route vocabulary without adding a phantom Next page (0.301334ms)
✔ G-UI1 Next pages and route registry are bidirectional, unique, typed, documented (2.550042ms)
✔ G-UI1 copy key parity: no missing or extra key in any locale (0.094791ms)
✖ G-UI2 staff without catalog:read cannot see products/inventory or open a product URL (0.676459ms)
✔ G-UI2 every route permission is a permission Go knows, and /orders/new needs inventory:reserve (184.704125ms)
✔ G-UI1 dynamic and public routes match, details never appear as navigation (0.254084ms)
✔ Every browser spec clicks nav-orders: the orders group stays a singleton, so returns/new/print routes are nav: false (0.505125ms)
ℹ tests 12
ℹ suites 0
ℹ pass 10
ℹ fail 2
ℹ cancelled 0
ℹ skipped 0
ℹ todo 0
ℹ duration_ms 450.511208

✖ failing tests:

test at tests/admin/shell-architecture.test.mjs:10:1
✖ G-UI3/G-UI5 architecture constraints pass with shrinking legacy exceptions (311.734083ms)
  AssertionError [ERR_ASSERTION]: Expected values to be strictly deep-equal:
  + actual - expected

  + [
  +   'apps/admin/components/BuyerPanel.tsx: format 2 > 0',
  +   'apps/admin/components/Inbox.tsx: format 1 > 0',
  +   'apps/admin/components/InboxThread.tsx: format 3 > 0'
  + ]
  - []

      at TestContext.<anonymous> (file:///Volumes/data/live_commerce_architecture_v1/.worktrees/lc-u2b-inbox-page/tests/admin/shell-architecture.test.mjs:11:10)
      at Test.runInAsyncScope (node:async_hooks:227:14)
      at Test.run (node:internal/test_runner/test:1201:25)
      at Test.start (node:internal/test_runner/test:1096:17)
      at startSubtestAfterBootstrap (node:internal/test_runner/harness:385:17) {
    generatedMessage: true,
    code: 'ERR_ASSERTION',
    actual: [ 'apps/admin/components/BuyerPanel.tsx: format 2 > 0', 'apps/admin/components/Inbox.tsx: format 1 > 0', 'apps/admin/components/InboxThread.tsx: format 3 > 0' ],
    expected: [],
    operator: 'deepStrictEqual',
    diff: 'simple'
  }

test at tests/admin/shell-registry.test.ts:113:1
✖ G-UI2 staff without catalog:read cannot see products/inventory or open a product URL (0.676459ms)
  AssertionError [ERR_ASSERTION]: Expected values to be strictly equal:

  true !== false

      at TestContext.<anonymous> (file:///Volumes/data/live_commerce_architecture_v1/.worktrees/lc-u2b-inbox-page/tests/admin/shell-registry.test.ts:121:10)
      at Test.runInAsyncScope (node:async_hooks:227:14)
      at Test.run (node:internal/test_runner/test:1201:25)
      at Test.processPendingSubtests (node:internal/test_runner/test:831:18)
      at Test.postRun (node:internal/test_runner/test:1330:19)
      at Test.run (node:internal/test_runner/test:1258:12)
      at async Test.processPendingSubtests (node:internal/test_runner/test:831:7) {
    generatedMessage: true,
    code: 'ERR_ASSERTION',
    actual: true,
    expected: false,
    operator: 'strictEqual',
    diff: 'simple'
  }
