=== RUN   TestInboxUnknownAuthority
=== RUN   TestInboxUnknownAuthority/empty
=== RUN   TestInboxUnknownAuthority/exhaustive_healthy
=== RUN   TestInboxUnknownAuthority/known_unknown
=== RUN   TestInboxUnknownAuthority/missing_operation
=== RUN   TestInboxUnknownAuthority/exactly_50_healthy
=== RUN   TestInboxUnknownAuthority/unknown_in_full_scan
=== RUN   TestInboxUnknownAuthority/old_unknown_outside_50_newer_outbound
=== RUN   TestInboxUnknownAuthority/known_unknown_below_50_newer_inbound
=== RUN   TestInboxUnknownAuthority/scope_not_found
--- PASS: TestInboxUnknownAuthority (22.76s)
    --- PASS: TestInboxUnknownAuthority/empty (0.01s)
    --- PASS: TestInboxUnknownAuthority/exhaustive_healthy (0.04s)
    --- PASS: TestInboxUnknownAuthority/known_unknown (0.01s)
    --- PASS: TestInboxUnknownAuthority/missing_operation (0.01s)
    --- PASS: TestInboxUnknownAuthority/exactly_50_healthy (0.04s)
    --- PASS: TestInboxUnknownAuthority/unknown_in_full_scan (0.04s)
    --- PASS: TestInboxUnknownAuthority/old_unknown_outside_50_newer_outbound (0.04s)
    --- PASS: TestInboxUnknownAuthority/known_unknown_below_50_newer_inbound (14.08s)
    --- PASS: TestInboxUnknownAuthority/scope_not_found (0.01s)
=== RUN   TestLiveConsoleInboxCrossStoreIsolation
--- PASS: TestLiveConsoleInboxCrossStoreIsolation (0.02s)
=== RUN   TestLiveConsoleSendLCN11Unknown
=== RUN   TestLiveConsoleSendLCN11Unknown/5xx
=== RUN   TestLiveConsoleSendLCN11Unknown/garbled
=== RUN   TestLiveConsoleSendLCN11Unknown/hang
--- PASS: TestLiveConsoleSendLCN11Unknown (15.11s)
    --- PASS: TestLiveConsoleSendLCN11Unknown/5xx (2.30s)
    --- PASS: TestLiveConsoleSendLCN11Unknown/garbled (2.24s)
    --- PASS: TestLiveConsoleSendLCN11Unknown/hang (3.01s)
=== RUN   TestLiveConsoleSendMigration0128ExactACL
--- PASS: TestLiveConsoleSendMigration0128ExactACL (0.06s)
PASS
ok  	livecommerce/tests/foundation	40.365s
test-focused: top-level PASS=4 FAIL=0 SKIP=0 exit=0
