✔ review2 P1 bundle-only row opens real A13 and issues existing M7 claim link to clipboard (17.142917ms)
✔ review2 P1 clipboard denial recopy reuses cached issued URL without another M7 POST (1.9715ms)
✔ review2 P1 lost M7 ACK retries exact receipt and null replay token never mints a fresh key (1.661875ms)
✔ review2 P1 missing CSRF before cached recopy cannot copy or issue again (1.44475ms)
✔ review2 P1 missing CSRF before uncertain retry rejects preserved receipt dispatch (1.212875ms)
✔ review2 P1 late issued-link completion after hide cannot write clipboard (0.981041ms)
✔ review2 P1 late issued-link completion after selection cannot write clipboard (1.141083ms)
✔ review2 P1 late issued-link completion after unmount cannot write clipboard (0.909167ms)
✔ review2 P1 late issued-link completion after logout cannot write clipboard (0.855ms)
✔ review2 P1 claim-link issuance denied without both live read/manage (inbox:read,live:read) (0.630291ms)
✔ review2 P1 claim-link issuance denied without both live read/manage (inbox:read,live:manage) (0.619459ms)
✔ review2 P1 missing authoritative recovery identity never guesses generation {"missingSession":true} (0.575834ms)
✔ review2 P1 missing authoritative recovery identity never guesses generation {"noBundle":true} (0.641ms)
✔ review2 P2 exactly one matching binding uses named DM hard gate ok (3.643625ms)
✔ review2 P2 exactly one matching binding uses named DM hard gate review_required (3.266666ms)
✔ review2 P2 exactly one matching binding uses named DM hard gate missing_permission (0.55575ms)
✔ review2 P2 multiple same-provider bindings advisory only (dm_session:ok,dm_session:missing_permission) (0.548959ms)
✔ review2 P2 multiple same-provider bindings advisory only (dm_session:missing_permission,dm_session:reauth_required) (0.465042ms)
✔ review2 P2 multiple same-provider bindings advisory only (dm_session:ok,read_comment:missing_permission) (0.461416ms)
✔ review2 P2 multiple same-provider bindings advisory only (dm_session:review_required,dm_session:ok) (0.546584ms)
✔ review2 P2 actual scoped A12 409 capability refusal remains visible after advisory submit (1.039583ms)
✔ review2 P2 missing health and single binding without named DM remain disabled (0.51425ms)
✔ review2 P2 expired cached issued link cannot be recopied or silently reissued (1.173ms)
✔ P1-1 actual visible focus preserves pending ticket, selection, revision and real retry receipt (3.205125ms)
✔ P1-1 actual unchanged-session pageshow checks without clearing; changed-session focus expires (0.522375ms)
✔ P1-1 actual hide/reveal clears and requests fresh revision, never accepts obsolete completion (0.470125ms)
✔ P1-1 changed-session visible focus expires even with a pending request (0.269917ms)
✔ P1-2 actual A9 refresh 404 removes rendered DM and unsent draft (22.045833ms)
✔ P1-2 actual send-finally A9 404 removes DM, draft and uncertain immutable receipt (2.344375ms)
✔ actual uncertain send still retains exact receipt when A9 authority remains (0ms post-send A9) (2.758917ms)
✔ actual uncertain send still retains exact receipt when A9 authority remains (50ms post-send A9) (105.304792ms)
✔ actual A9 stale held completion cannot paint after component cleanup (1.113042ms)
✔ P2 actual A14 404 clears buyer facts and customer draft (explicit future-version MOCK) (1.303584ms)
✔ safe authority errors remain the actual InboxError transport class (0.047916ms)
✔ actual current A13 without version keeps A14 disabled; future MOCK grants no backend claim (0.534167ms)
✔ P1-2 actual A11 takeover write 404 clears private state despite failing follow-up A9 (0.887292ms)
✔ P1-2 actual A12 send write 404 clears private state despite failing follow-up A9 (1.722875ms)
✔ persisted A9 UNKNOWN after page entry warns and blocks the real composer in en (27.952875ms)
✔ persisted A9 UNKNOWN after page entry warns and blocks the real composer in zh-TW (2.027334ms)
✔ persisted A9 UNKNOWN after page entry warns and blocks the real composer in zh-CN (1.491625ms)
✔ A12 queued ACK followed by final A9 UNKNOWN overrides the local queued notice and blocks another send (2.15075ms)
✔ a captured previously enabled composer cannot bypass final UNKNOWN learned by Refresh (1.313667ms)
✔ a later A9 page omitting the known UNKNOWN is not delivery reconciliation (2.692958ms)
✔ persisted queued is not mislabeled UNKNOWN and retains ordinary composer eligibility (1.514625ms)
✔ persisted sent is not mislabeled UNKNOWN and retains ordinary composer eligibility (2.613458ms)
✔ persisted failed is not mislabeled UNKNOWN and retains ordinary composer eligibility (1.466375ms)
✔ persisted blocked is not mislabeled UNKNOWN and retains ordinary composer eligibility (1.15175ms)
✔ fresh mount refuses when an old UNKNOWN is beyond 51 newer messages (fact=true) (1.339917ms)
✔ fresh mount refuses when an old UNKNOWN is beyond 51 newer messages (fact=null) (1.008834ms)
✔ fresh mount refuses when an old UNKNOWN is beyond 51 newer messages (fact=undefined) (0.846291ms)
✔ fresh mount refuses when an old UNKNOWN is beyond 51 newer messages (fact=false) (1.104542ms)
✔ a refreshed unknown authority replaces old clear authority even for a captured composer (0.961625ms)
ℹ tests 52
ℹ suites 0
ℹ pass 52
ℹ fail 0
ℹ cancelled 0
ℹ skipped 0
ℹ todo 0
ℹ duration_ms 620.986583
