✖ actual login settles /en/inventory and fixture store (real switch, scoped=false) (19.04925ms)
✖ actual login settles /en/inventory and fixture store (real switch, scoped=true) (4.092875ms)
✖ actual login settles /en/messages and fixture store (real switch, scoped=false) (3.262584ms)
✖ actual login settles /en/messages and fixture store (real switch, scoped=true) (2.175ms)
✖ actual login settles /en/inventory and fixture store (already selected, scoped=false) (2.116291ms)
✖ actual login settles /en/inventory and fixture store (already selected, scoped=true) (3.539084ms)
✖ actual login settles /en/messages and fixture store (already selected, scoped=false) (2.619208ms)
✔ actual login settles /en/messages and fixture store (already selected, scoped=true) (1.519916ms)
ℹ tests 8
ℹ suites 0
ℹ pass 1
ℹ fail 7
ℹ cancelled 0
ℹ skipped 0
ℹ todo 0
ℹ duration_ms 260.35875

✖ failing tests:

test at tests/admin/inbox-browser-source.test.ts:18:1
✖ actual login settles /en/inventory and fixture store (real switch, scoped=false) (19.04925ms)
  AssertionError [ERR_ASSERTION]: actual navigation destination must match the requested wait

  false !== true

      at Object.waitForURL (file:///Volumes/data/live_commerce_architecture_v1/.worktrees/lc-u2b-inbox-page/tests/admin/inbox-browser-source.test.ts:35:14)
      at Object.toHaveURL (file:///Volumes/data/live_commerce_architecture_v1/.worktrees/lc-u2b-inbox-page/tests/admin/inbox-browser-source.test.ts:59:39)
      at login (eval at <anonymous> (file:///Volumes/data/live_commerce_architecture_v1/.worktrees/lc-u2b-inbox-page/tests/admin/inbox-browser-source.test.ts:66:17), <anonymous>:21:24)
      at async TestContext.<anonymous> (file:///Volumes/data/live_commerce_architecture_v1/.worktrees/lc-u2b-inbox-page/tests/admin/inbox-browser-source.test.ts:69:3)
      at async Test.run (node:internal/test_runner/test:1208:7)
      at async startSubtestAfterBootstrap (node:internal/test_runner/harness:385:3) {
    generatedMessage: false,
    code: 'ERR_ASSERTION',
    actual: false,
    expected: true,
    operator: 'strictEqual',
    diff: 'simple'
  }

test at tests/admin/inbox-browser-source.test.ts:18:1
✖ actual login settles /en/inventory and fixture store (real switch, scoped=true) (4.092875ms)
  AssertionError [ERR_ASSERTION]: actual navigation destination must match the requested wait

  false !== true

      at Object.waitForURL (file:///Volumes/data/live_commerce_architecture_v1/.worktrees/lc-u2b-inbox-page/tests/admin/inbox-browser-source.test.ts:35:14)
      at Object.toHaveURL (file:///Volumes/data/live_commerce_architecture_v1/.worktrees/lc-u2b-inbox-page/tests/admin/inbox-browser-source.test.ts:59:39)
      at login (eval at <anonymous> (file:///Volumes/data/live_commerce_architecture_v1/.worktrees/lc-u2b-inbox-page/tests/admin/inbox-browser-source.test.ts:66:17), <anonymous>:21:24)
      at async TestContext.<anonymous> (file:///Volumes/data/live_commerce_architecture_v1/.worktrees/lc-u2b-inbox-page/tests/admin/inbox-browser-source.test.ts:69:3)
      at async Test.run (node:internal/test_runner/test:1208:7)
      at async Test.processPendingSubtests (node:internal/test_runner/test:831:7) {
    generatedMessage: false,
    code: 'ERR_ASSERTION',
    actual: false,
    expected: true,
    operator: 'strictEqual',
    diff: 'simple'
  }

test at tests/admin/inbox-browser-source.test.ts:18:1
✖ actual login settles /en/messages and fixture store (real switch, scoped=false) (3.262584ms)
  AssertionError [ERR_ASSERTION]: actual navigation destination must match the requested wait

  false !== true

      at Object.waitForURL (file:///Volumes/data/live_commerce_architecture_v1/.worktrees/lc-u2b-inbox-page/tests/admin/inbox-browser-source.test.ts:35:14)
      at Object.toHaveURL (file:///Volumes/data/live_commerce_architecture_v1/.worktrees/lc-u2b-inbox-page/tests/admin/inbox-browser-source.test.ts:59:39)
      at selectFixtureStore (eval at <anonymous> (file:///Volumes/data/live_commerce_architecture_v1/.worktrees/lc-u2b-inbox-page/tests/admin/inbox-browser-source.test.ts:66:17), <anonymous>:11:28)
      at async login (eval at <anonymous> (file:///Volumes/data/live_commerce_architecture_v1/.worktrees/lc-u2b-inbox-page/tests/admin/inbox-browser-source.test.ts:66:17), <anonymous>:23:5)
      at async TestContext.<anonymous> (file:///Volumes/data/live_commerce_architecture_v1/.worktrees/lc-u2b-inbox-page/tests/admin/inbox-browser-source.test.ts:69:3)
      at async Test.run (node:internal/test_runner/test:1208:7)
      at async Test.processPendingSubtests (node:internal/test_runner/test:831:7) {
    generatedMessage: false,
    code: 'ERR_ASSERTION',
    actual: false,
    expected: true,
    operator: 'strictEqual',
    diff: 'simple'
  }

test at tests/admin/inbox-browser-source.test.ts:18:1
✖ actual login settles /en/messages and fixture store (real switch, scoped=true) (2.175ms)
  AssertionError [ERR_ASSERTION]: actual navigation destination must match the requested wait

  false !== true

      at Object.waitForURL (file:///Volumes/data/live_commerce_architecture_v1/.worktrees/lc-u2b-inbox-page/tests/admin/inbox-browser-source.test.ts:35:14)
      at Object.toHaveURL (file:///Volumes/data/live_commerce_architecture_v1/.worktrees/lc-u2b-inbox-page/tests/admin/inbox-browser-source.test.ts:59:39)
      at selectFixtureStore (eval at <anonymous> (file:///Volumes/data/live_commerce_architecture_v1/.worktrees/lc-u2b-inbox-page/tests/admin/inbox-browser-source.test.ts:66:17), <anonymous>:11:28)
      at async login (eval at <anonymous> (file:///Volumes/data/live_commerce_architecture_v1/.worktrees/lc-u2b-inbox-page/tests/admin/inbox-browser-source.test.ts:66:17), <anonymous>:23:5)
      at async TestContext.<anonymous> (file:///Volumes/data/live_commerce_architecture_v1/.worktrees/lc-u2b-inbox-page/tests/admin/inbox-browser-source.test.ts:69:3)
      at async Test.run (node:internal/test_runner/test:1208:7)
      at async Test.processPendingSubtests (node:internal/test_runner/test:831:7) {
    generatedMessage: false,
    code: 'ERR_ASSERTION',
    actual: false,
    expected: true,
    operator: 'strictEqual',
    diff: 'simple'
  }

test at tests/admin/inbox-browser-source.test.ts:18:1
✖ actual login settles /en/inventory and fixture store (already selected, scoped=false) (2.116291ms)
  AssertionError [ERR_ASSERTION]: actual navigation destination must match the requested wait

  false !== true

      at Object.waitForURL (file:///Volumes/data/live_commerce_architecture_v1/.worktrees/lc-u2b-inbox-page/tests/admin/inbox-browser-source.test.ts:35:14)
      at Object.toHaveURL (file:///Volumes/data/live_commerce_architecture_v1/.worktrees/lc-u2b-inbox-page/tests/admin/inbox-browser-source.test.ts:59:39)
      at login (eval at <anonymous> (file:///Volumes/data/live_commerce_architecture_v1/.worktrees/lc-u2b-inbox-page/tests/admin/inbox-browser-source.test.ts:66:17), <anonymous>:21:24)
      at async TestContext.<anonymous> (file:///Volumes/data/live_commerce_architecture_v1/.worktrees/lc-u2b-inbox-page/tests/admin/inbox-browser-source.test.ts:69:3)
      at async Test.run (node:internal/test_runner/test:1208:7)
      at async Test.processPendingSubtests (node:internal/test_runner/test:831:7) {
    generatedMessage: false,
    code: 'ERR_ASSERTION',
    actual: false,
    expected: true,
    operator: 'strictEqual',
    diff: 'simple'
  }

test at tests/admin/inbox-browser-source.test.ts:18:1
✖ actual login settles /en/inventory and fixture store (already selected, scoped=true) (3.539084ms)
  AssertionError [ERR_ASSERTION]: actual navigation destination must match the requested wait

  false !== true

      at Object.waitForURL (file:///Volumes/data/live_commerce_architecture_v1/.worktrees/lc-u2b-inbox-page/tests/admin/inbox-browser-source.test.ts:35:14)
      at Object.toHaveURL (file:///Volumes/data/live_commerce_architecture_v1/.worktrees/lc-u2b-inbox-page/tests/admin/inbox-browser-source.test.ts:59:39)
      at login (eval at <anonymous> (file:///Volumes/data/live_commerce_architecture_v1/.worktrees/lc-u2b-inbox-page/tests/admin/inbox-browser-source.test.ts:66:17), <anonymous>:21:24)
      at async TestContext.<anonymous> (file:///Volumes/data/live_commerce_architecture_v1/.worktrees/lc-u2b-inbox-page/tests/admin/inbox-browser-source.test.ts:69:3)
      at async Test.run (node:internal/test_runner/test:1208:7)
      at async Test.processPendingSubtests (node:internal/test_runner/test:831:7) {
    generatedMessage: false,
    code: 'ERR_ASSERTION',
    actual: false,
    expected: true,
    operator: 'strictEqual',
    diff: 'simple'
  }

test at tests/admin/inbox-browser-source.test.ts:18:1
✖ actual login settles /en/messages and fixture store (already selected, scoped=false) (2.619208ms)
  AssertionError [ERR_ASSERTION]: actual navigation destination must match the requested wait

  false !== true

      at Object.waitForURL (file:///Volumes/data/live_commerce_architecture_v1/.worktrees/lc-u2b-inbox-page/tests/admin/inbox-browser-source.test.ts:35:14)
      at Object.toHaveURL (file:///Volumes/data/live_commerce_architecture_v1/.worktrees/lc-u2b-inbox-page/tests/admin/inbox-browser-source.test.ts:59:39)
      at login (eval at <anonymous> (file:///Volumes/data/live_commerce_architecture_v1/.worktrees/lc-u2b-inbox-page/tests/admin/inbox-browser-source.test.ts:66:17), <anonymous>:25:24)
      at async TestContext.<anonymous> (file:///Volumes/data/live_commerce_architecture_v1/.worktrees/lc-u2b-inbox-page/tests/admin/inbox-browser-source.test.ts:69:3)
      at async Test.run (node:internal/test_runner/test:1208:7)
      at async Test.processPendingSubtests (node:internal/test_runner/test:831:7) {
    generatedMessage: false,
    code: 'ERR_ASSERTION',
    actual: false,
    expected: true,
    operator: 'strictEqual',
    diff: 'simple'
  }
