✔ three unit languages cover identical fixed labels and delivery states (6.51075ms)
✔ review2 P1 bundle-only row opens real A13 and issues existing M7 claim link to clipboard (52.080667ms)
✔ review2 P1 clipboard denial recopy reuses cached issued URL without another M7 POST (4.918125ms)
✔ review2 P1 lost M7 ACK retries exact receipt and null replay token never mints a fresh key (7.492375ms)
✔ review2 P1 missing CSRF before cached recopy cannot copy or issue again (8.764375ms)
✔ review2 P1 missing CSRF before uncertain retry rejects preserved receipt dispatch (12.633792ms)
✔ review2 P1 late issued-link completion after hide cannot write clipboard (3.4035ms)
✔ review2 P1 late issued-link completion after selection cannot write clipboard (3.583375ms)
✔ review2 P1 late issued-link completion after unmount cannot write clipboard (3.230917ms)
✔ review2 P1 late issued-link completion after logout cannot write clipboard (5.8395ms)
✔ review2 P1 claim-link issuance denied without both live read/manage (inbox:read,live:read) (2.768542ms)
✔ review2 P1 claim-link issuance denied without both live read/manage (inbox:read,live:manage) (10.003125ms)
✔ review2 P1 missing authoritative recovery identity never guesses generation {"missingSession":true} (4.411292ms)
✔ review2 P1 missing authoritative recovery identity never guesses generation {"noBundle":true} (4.266125ms)
✔ review2 P2 exactly one matching binding uses named DM hard gate ok (5.138417ms)
✔ review2 P2 exactly one matching binding uses named DM hard gate review_required (3.778333ms)
✔ review2 P2 exactly one matching binding uses named DM hard gate missing_permission (3.202459ms)
✔ review2 P2 multiple same-provider bindings advisory only (dm_session:ok,dm_session:missing_permission) (6.479375ms)
✔ review2 P2 multiple same-provider bindings advisory only (dm_session:missing_permission,dm_session:reauth_required) (3.160209ms)
✔ review2 P2 multiple same-provider bindings advisory only (dm_session:ok,read_comment:missing_permission) (3.407708ms)
✔ review2 P2 multiple same-provider bindings advisory only (dm_session:review_required,dm_session:ok) (2.531292ms)
✔ review2 P2 actual scoped A12 409 capability refusal remains visible after advisory submit (2.949083ms)
✔ review2 P2 missing health and single binding without named DM remain disabled (2.833125ms)
✔ review2 P2 expired cached issued link cannot be recopied or silently reissued (6.972375ms)
✔ P1-1 actual visible focus preserves pending ticket, selection, revision and real retry receipt (6.594125ms)
✔ P1-1 actual unchanged-session pageshow checks without clearing; changed-session focus expires (0.56275ms)
✔ P1-1 actual hide/reveal clears and requests fresh revision, never accepts obsolete completion (0.33375ms)
✔ P1-1 changed-session visible focus expires even with a pending request (0.200916ms)
✔ P1-2 actual A9 refresh 404 removes rendered DM and unsent draft (97.162959ms)
✔ P1-2 actual send-finally A9 404 removes DM, draft and uncertain immutable receipt (2.953208ms)
✔ actual uncertain send still retains exact receipt when A9 authority remains (0ms post-send A9) (13.267541ms)
✔ actual uncertain send still retains exact receipt when A9 authority remains (50ms post-send A9) (115.131166ms)
✔ actual A9 stale held completion cannot paint after component cleanup (5.729375ms)
✔ P2 actual A14 404 clears buyer facts and customer draft (explicit future-version MOCK) (4.633041ms)
✔ safe authority errors remain the actual InboxError transport class (0.235042ms)
✔ actual current A13 without version keeps A14 disabled; future MOCK grants no backend claim (4.155959ms)
✔ P1-2 actual A11 takeover write 404 clears private state despite failing follow-up A9 (1.280375ms)
✔ P1-2 actual A12 send write 404 clears private state despite failing follow-up A9 (1.636666ms)
✔ persisted A9 UNKNOWN after page entry warns and blocks the real composer in en (90.1755ms)
✔ persisted A9 UNKNOWN after page entry warns and blocks the real composer in zh-TW (6.504125ms)
✔ persisted A9 UNKNOWN after page entry warns and blocks the real composer in zh-CN (12.78325ms)
✔ A12 queued ACK followed by final A9 UNKNOWN overrides the local queued notice and blocks another send (4.429917ms)
✔ a captured previously enabled composer cannot bypass final UNKNOWN learned by Refresh (17.977625ms)
✔ a later A9 page omitting the known UNKNOWN is not delivery reconciliation (11.1975ms)
✔ persisted queued is not mislabeled UNKNOWN and retains ordinary composer eligibility (8.31375ms)
✔ persisted sent is not mislabeled UNKNOWN and retains ordinary composer eligibility (6.615458ms)
✔ persisted failed is not mislabeled UNKNOWN and retains ordinary composer eligibility (6.064125ms)
✔ persisted blocked is not mislabeled UNKNOWN and retains ordinary composer eligibility (1.157208ms)
✔ fresh mount refuses when an old UNKNOWN is beyond 51 newer messages (fact=true) (1.222208ms)
✔ fresh mount refuses when an old UNKNOWN is beyond 51 newer messages (fact=null) (2.297375ms)
✔ fresh mount refuses when an old UNKNOWN is beyond 51 newer messages (fact=undefined) (12.038125ms)
✔ fresh mount refuses when an old UNKNOWN is beyond 51 newer messages (fact=false) (3.550208ms)
✔ a refreshed unknown authority replaces old clear authority even for a captured composer (4.344625ms)
✔ window strict eligibility with 300001ms before hard 24h deadline (51.466167ms)
✔ window strict eligibility with 300000ms before hard 24h deadline (11.46875ms)
✔ window strict eligibility with 60000ms before hard 24h deadline (2.410875ms)
✔ window strict eligibility with 0ms before hard 24h deadline (2.29675ms)
✔ window invalid server deadline fails closed without preparing a send (3.224792ms)
✔ window captured enabled form callback cannot POST after crossing safe cutoff (4.299875ms)
✔ window deadline timer closes controls at cutoff and hard end without waiting for 15s poll (1.858084ms)
✔ quota recovery gives exact zh-TW comment-quota and DM-window instructions beside copy only (1.547625ms)
✔ quota recovery gives exact zh-CN comment-quota and DM-window instructions beside copy only (0.417875ms)
✔ quota recovery gives exact en comment-quota and DM-window instructions beside copy only (0.616209ms)
ℹ tests 63
ℹ suites 0
ℹ pass 63
ℹ fail 0
ℹ cancelled 0
ℹ skipped 0
ℹ todo 0
ℹ duration_ms 963.806875
