✔ /products/{uuid} redirects permanently to the zh-TW product page (52.069125ms)
✔ non-uuid ids are 404, never redirected (1.135417ms)
✔ AT1: the locale redirect preserves the ad-click query without allowing a redirect target (0.12525ms)
✔ R10: standalone signed signals survive a missing or expired seven-day touch (15.459334ms)
✔ R10: standalone signals reject expiry, bad signature, duplicates and another host (0.217583ms)
✔ AT1 R5: browser identity survives expired touch and rolls for ninety days (0.157542ms)
✔ AT1 R5: missing ad parameters create no cookies; fbclid alone creates no touch (0.19425ms)
✔ AT1 R5: lc_ad alone updates attribution and does not replace fbc (0.136625ms)
✔ AT1: host-only first-party cookies contain no PII and read back exactly (0.233792ms)
✔ AT1: a later valid click replaces the draft but preserves the browser identifier (0.113791ms)
✔ R10: only a different fbclid replaces fbc and its first-seen timestamp (0.261958ms)
✔ AT1: malformed and ambiguous links do not overwrite a valid prior touch (0.324708ms)
✔ AT1: host and key binding reject copied cookies (0.179791ms)
✔ AT1: duplicates and tampering invalidate the entire envelope (0.153375ms)
✔ AT1: exactly seven days is valid, the next millisecond and future clicks are not (0.137834ms)
✔ catalog list query limits equal the Go v2 parser (internal/buyerhttp/catalogv2.go) (18.989417ms)
✔ collection list cap equals Go maxCollectionsPerStore (6.238625ms)
✔ design caps equal internal/design/schema.go (nav, sections, pages) (3.501625ms)
✔ CVS buyer-entered store bounds and return path equal Go (internal/checkout/cvs.go, migration 0093) (6.611333ms)
✔ transfer view: closed shape and state rules mirror Go validTransferView (2.019875ms)
✔ proof body and result: five digits, positive minor amount, ISO instant (0.815541ms)
✔ minorFromText: major units with at most two decimals, never a float surprise (0.284667ms)
✔ buyer email mirror: one plain address, 254 characters at most (0.164291ms)
✔ countdown: whole hours and minutes, never negative (0.863209ms)
✔ copy: three locales carry every key and every refusal code (0.245583ms)
✔ options: a home row lists modes only with bank_transfer and then needs its window (0.342584ms)
✔ checkoutInput: a home bank_transfer body, the optional trimmed email, and every refusal before any request (0.43225ms)
✔ order: AWAITING_TRANSFER is a valid commercial state without a hold time (0.194625ms)
✔ BFF: exact transfer routes, keyed proof PUT, strict body, validated answers, no generic proxy (229.838625ms)
✔ BFF: transfer refusal codes pass through as definite 422; checkout accepts bank_transfer and a valid email only (23.213375ms)
✔ D06 order heading follows a settled transfer: never 'waiting for transfer' above a confirmed or expired one (0.356416ms)
✔ uncertain prepare blocks all mutations; changed cookie context resolves journal (28.832125ms)
✔ fully parsed local denial clears only its own pending operation (2.905166ms)
✔ malformed journal, unavailable lock and stale context fail before writes (120.3315ms)
✔ BPT05 exact handoff permits absent body/key, one fetch, no form persistence (22.666333ms)
✔ BPT05 wrong handoff form and ordinary writes fail before any fetch (0.755292ms)
✔ BPT05 unresolved cookie journal blocks handoff; lost response is one fetch without persistence (0.165667ms)
✔ SU02 refresh permits absent body/key, one fetch, no persistence (0.509125ms)
✔ SU02 refresh rejects a body, a key or a malformed path before any fetch (0.372375ms)
✔ SU02 cancel permits absent body/key, one fetch, no persistence (0.183167ms)
✔ SU02 cancel rejects a body, a key or a malformed path before any fetch (0.144333ms)
✔ BPT01 exact private path, headers, body and three-locale one-fetch transport (191.833208ms)
✔ BPT02 payment routes reject untrusted path, context, headers, key and body before fetch (26.7505ms)
✔ BPT03 hostile upstream success is sanitized, never returned as payment data (32.958125ms)
✔ BPT04 every handoff failure is nonretryable, including pre-route and transport loss (6.065875ms)
✔ SU02 five routes: exact upstream path, method, key, body, one fetch each (5.494083ms)
✔ SU02 refresh and cancel are keyless and pass every CSRF/context denial before fetch (9.147333ms)
✔ SU02 every handoff/refresh/cancel failure is nonretryable and sanitized (14.537334ms)
✔ SU02 hostile Stripe bodies become the sanitized 503; PAYUNi and Stripe bodies stay byte-identical (11.338625ms)
✔ SU02 prepare accepts only the two known method codes (0.829542ms)
✔ disabled and invalid configuration fail closed before private fetch (33.752167ms)
✔ private authority, cookie lifecycle and strict local denial (82.293917ms)
✔ bad host, cookie, query and method never reach private API (4.826167ms)
✔ stalled inbound POST body is canceled at its deadline without a cookie or private call (2.449666ms)
✔ R10: Begin forwards independently signed signals; browser attribution and forwarded hosts are not authority (9.46675ms)
✔ CVS BFF: exact routes, keyed open/store, keyless verify, validated answers, no generic proxy (27.8095ms)
✔ CVS BFF: contract refusal codes pass through; pay_at_pickup_limit is a definite (non-retryable) 429 (18.786833ms)
✔ fragment grammar accepts only one canonical token (0.577875ms)
✔ claim projections are closed (0.282875ms)
✔ claim token rides only its header on B1/B2 and is never echoed (84.952166ms)
✔ claim-priced cart edits send only SKU and quantity, keeping server price authority (45.071708ms)
✔ direct-checkout sold-out projection is mandatory, boolean and closed (0.369291ms)
✔ claim redeem shares the purchase lock, guards recovery and never persists the token (6.44025ms)
✔ ClaimLink removal projects live-priced survivors on ready and conflict pages (211.400375ms)
✔ ClaimLink revisit checks out applied A while pending B is sold out or unavailable (5.257542ms)
✔ ClaimLink refreshes a nothing result after a second tab applied the claim (3.046875ms)
✔ ClaimLink does not navigate when a buyable claim target is absent or has changed quantity (7.833917ms)
✔ ClaimLink optional prior-order notice tolerates unreadable storage without bypassing recovery (16.703792ms)
✔ CVS01 map form: only the two ECPay e-map actions, exact fields, top-level-safe values (5.340083ms)
✔ CVS02 return path allowlist excludes /claim and anything but the checkout or product page (0.421917ms)
✔ CVS03 selection projection: VERIFIED<=>pickup, REJECTED<=>reject_code, absent keys read as null (1.203042ms)
✔ CVS04 buyer-entered store answer and request body (1.050334ms)
✔ CVS05 store code table (§16.1) keeps leading zeros and per-chain lengths (0.221083ms)
✔ CVS06 recipient mirror: real-name width 4..10 (CJK=2), no digits/symbols/emoji; 09 mobile (0.726833ms)
✔ CVS07 checkout draft: name, phone and mode only; read once; corrupt/foreign shapes are dropped (0.623292ms)
✔ CVS08 return URL: only ?cvs_selection=<uuid> is accepted (0.22425ms)
✔ CVS09 buyer order projection and copy keys: nothing but PICKED_UP says picked up (0.284917ms)
✔ CVS10 error codes: field mapping, definite refusals, official links are https constants (0.588167ms)
✔ CVS11 client transport: verify is the one new keyless POST; the server refusal code rides BuyerClientError.detail (38.259625ms)
✔ every locale x page has a title, an updated line and at least one section (1.73525ms)
✔ locales share the section count and per-section body count of every page (0.539709ms)
✔ final text is only the owner-confirmed company facts (CR 81215167 name + registered address); nothing else is final (0.360834ms)
✔ a legal page is published only when every text on it is final; buyers see no link to an unpublished one (4.44875ms)
✔ data-deletion path is named in the privacy page of every locale (0.13175ms)
✔ pendingOwnerText lists exactly the texts that keep a page unpublished and is written for the owner (9.457583ms)
✔ a live (claim-origin) price replaces the catalog price and strikes it through (0.734875ms)
✔ without a live price the catalog price and its compare-at are shown unchanged (1.805334ms)
✔ a live price equal to or above the catalog price is shown as set (strike hidden by the UI guard) (0.350708ms)
✔ a live price strikes the catalog price, never the variant sale price (0.127125ms)
✔ order ref: 12 hex (dashes or spaces, any case) or a full id (2.017708ms)
✔ contact: one email or a phone of 6..20 digits (0.650959ms)
✔ body is exactly {order_ref, contact}; the answer is exactly {order_id} (0.5465ms)
✔ BFF lookup: no cookie needed, fresh token goes upstream, cookie only on 200 and it carries that same token (119.116375ms)
✔ BFF lookup: strict local denial before any private fetch (20.493917ms)
✔ copy: three locales carry every key (0.223709ms)
✔ MS4 srcset descriptors use actual decoded widths and deduplicate small renditions (6.264959ms)
✔ MS1 product rendition allowlist preserves trusted Host and never forwards buyer cookies (73.726ms)
✔ MS2 invalid, duplicate, extra, encoded widths and non-product variants fail before fetch (10.663916ms)
✔ MS3 old-image fallback is never promoted to immutable; committed variants are cacheable (6.238ms)
✔ TWD whole amounts show no decimals in every locale and at every magnitude (line, subtotal, total, zero) (30.52525ms)
✔ cents appear only when there are cents, then always as two digits; the minor-unit arithmetic is untouched (0.193625ms)
✔ digits come from the currency: JPY none, USD two when there are cents (1.805959ms)
✔ one formatter: no component, page or lib builds a currency Intl.NumberFormat outside lib/money.ts (8.3935ms)
✔ fragment: exactly #o=<order id>&t=<43-char token>; anything else is null (1.881875ms)
✔ body is exactly {order_id, token, proof}; the answer is exactly the order the link named (0.497708ms)
✔ BFF link: no cookie needed, fresh token upstream, cookie only on a 200 naming the same order, link token never echoed (127.149417ms)
✔ BFF link: strict local denial before any private fetch (5.856792ms)
✔ copy: three locales, one refusal text, a retry and a lookup path (0.503125ms)
✔ BPU01 fresh payment writes exact metadata before prepare, one bodyless Take, no persistent form (108.80725ms)
✔ BPU01 lost prepare response replays original key/body only on explicit next click (6.446ms)
✔ BPU01 lost handoff is permanently GET-only, even after a second click (0.863792ms)
✔ BPU01 storage, amount, scope and child/screen fences reject before irreversible writes (0.737166ms)
✔ BPU01 document/child loss after prepare but before Take leaves exact replay marker (0.312417ms)
✔ BPU01 malformed server handoff never submits and Take remains nonretryable (0.704625ms)
✔ BPU01 marker replacement before Take and after Take blocks release/form reuse (2.462792ms)
✔ BPU01 context replacement after prepare and after Take closes destination without form (191.010834ms)
✔ BPU01 synchronous destination refuses invalid locale before opening a window (0.758959ms)
✔ SU03 fresh Stripe pay: marker before prepare, one prepare, one handoff, navigate, URL never stored (9.064833ms)
✔ SU03 marker replay: lost prepare response replays key/body, no uncertain on PENDING view with leftover marker (16.942542ms)
✔ SU03 cross-device Continue needs no marker and never prepares (0.592709ms)
✔ SU03 marker/view matrix: PAYUNi marker on Stripe view and Stripe marker on PAYUNi view send nothing (4.587ms)
✔ SU03 any other view renders without a POST (0.716709ms)
✔ SU03 CREATING: waits on the schedule without the lock, then hands off once when READY (44.244416ms)
✔ SU03 CREATING budget: 10 reads over 30 s, then the blank child is closed, no POST, no throw (5.435875ms)
✔ SU03 cancel_requested seen on the re-GET aborts before the handoff POST (1.322709ms)
✔ SU03 handoff outcomes: CREATING closes child, CLOSED/UNAVAILABLE/error/malformed reject; one POST each, never retried (4.827209ms)
✔ SU03 Stripe prepare errors, amount/currency mismatch and popup loss stop before any handoff (1.710834ms)
✔ SU03 two clicks make two handoff POSTs only because there were two clicks; sequential, none from reads (1.152ms)
✔ SU03 navigate: validates again, needs an owned blank child, sets used before replace, no URL in errors (0.882208ms)
✔ SU03 refresh signal: keyless single POST, validated, throttled 1/10 s and 30 per page life, cancel never throttled (13.29525ms)
✔ SU03 signal failures are single-shot and sanitized: HTTP error, malformed body, wrong order (0.4635ms)
✔ private quote/option authority fields are required; only exact MANUAL home can checkout (21.606ms)
✔ continue shopping advances only ordered version, clears hint, keeps SQL history authoritative (73.69025ms)
✔ lost next-cart response retries identical key/body and preserves a newer cart (1.667583ms)
✔ continuation never overwrites an already advanced cart (0.434209ms)
✔ unknown checkout blocks continuation without any business request (0.938542ms)
✔ two queued continuation clicks mutate once; stale order ID cannot clear another order (0.657417ms)
✔ CAS conflict resolves only after a newer cart is read (3.203625ms)
✔ locator removal failure retains next-cart journal and recovery survives missing locator (0.658833ms)
✔ order history summary rejects PII/unknown fields and malformed scope IDs (12.852125ms)
✔ native address validation mirrors printable Unicode, limits and phone; journal forbids PII (70.12125ms)
✔ address lost reply replays exact in-memory intent, then confirms current head (29.450333ms)
✔ address reload requires explicit new intent and exact observed CAS; stale head never auto-bumps (9.212209ms)
✔ old address receipt cannot confirm another tab's newer current head (5.60925ms)
✔ a late address CAS winner requires another explicit confirmation, not an automatic version bump (1.171083ms)
✔ checkout lost reply, queued duplicate and current GET reuse one key and one order (2.638833ms)
✔ uncertain checkout retains original journal across later 401/403/404/5xx and malformed success (0.721958ms)
✔ only a fresh definitive denial clears checkout; no order locator is invented (0.174166ms)
✔ locator storage failure after commit retains same key; reload GET failure keeps locator (0.405417ms)
✔ locator persisted but journal removal failed resumes pending receipt, not unrelated pointer (0.368416ms)
✔ unavailable storage, invalid locator and late changed context fail closed (0.20625ms)
✔ order locator readback mismatch and no-op journal removal both retain checkout recovery (0.368625ms)
✔ direct claim continuation refuses a newer ordered cart inside the purchase lock (0.269375ms)
✔ direct claim continuation keeps next-cart recovery after a conflicting clear (0.217709ms)
✔ collector projection: admitted for derived connections, absent/null for primary (4.569333ms)
✔ collector rejects identifiers, extra keys and malformed text (0.630209ms)
✔ disclosure renders the contract §5 line with all three slots substituted (0.374625ms)
✔ the disclosure line exists exactly when the hosted view returns a collector (0.164292ms)
✔ a shop or collector name with a replacement pattern is shown literally (0.975875ms)
✔ OrderPayment renders the disclosure with the view, above every pay button, through the helper only (0.3845ms)
✔ BPT03 exact valid projection and Go nanosecond UTC timestamps (6.141125ms)
✔ BPT03 view rejects private fields, inconsistent state and malformed names (0.583084ms)
✔ BPT03 prepared receipt enforces exact original credit-card amount (1.041042ms)
✔ BPT03 hosted form and replay are exact, bounded and action-allowlisted (0.550875ms)
✔ SU01 Stripe views: fresh, both methods, attempt states, PAYUNi unchanged (0.470125ms)
✔ SU01 Stripe view negatives (0.420292ms)
✔ SU01 prepared amounts follow the corrected per-currency table (0.470959ms)
✔ SU01 Stripe handoff union and every redirect_url negative (0.994959ms)
✔ SU01 payment signal is exactly {order_id, scheduled:boolean} (0.393ms)
✔ RUI01 refund summary: refunded states, pending money, absent ≡ null (1.383375ms)
✔ RUI01 refund summary negatives (0.420583ms)
✔ BPU03 neutral GET and POST return ignore every callback field and cookie (10.00075ms)
✔ primary origin: exact path/query, same host, and no URL-controlled destination (6.100958ms)
✔ GET and HEAD use trusted Host, private bounded uncached resolver and exact 301 (69.134458ms)
✔ no writes redirected; resolution failures fail closed; unknown hosts keep native 404 (0.762375ms)
✔ policy version is the frozen constant, in the customers-core D4 shape (1.558583ms)
✔ route table: exactly the four buyer privacy routes, methods and body kinds (0.524584ms)
✔ body shapes are closed and mirror the frozen Go inputs (no source, no policy_version) (0.098041ms)
✔ GET privacy validator: closed shape, erased owner holds no consent (0.120958ms)
✔ consent result and erasure summary validators (0.215417ms)
✔ buyer export envelope never carries customer_id (0.079ms)
✔ failure classification: 410 and erased are the erased state (0.349291ms)
✔ copy: every locale has the same keys, the ads box discloses that sent events cannot be recalled (0.452584ms)
✔ selected option photo uses a main display slot without adding a fifth main image (0.820375ms)
✔ use-cover selection and a main-thumbnail selection restore the original main gallery (0.08325ms)
✔ cart thumbnail uses variant then catalog image_id, including when main images are absent (0.086167ms)
✔ migrated four-main/five-detail images stay separate when the option photo changes (0.112333ms)
✔ real cart-detail composition uses server SKU image_id (v2 detail available) (99.184084ms)
✔ real cart-detail composition uses server SKU image_id (v2 detail unavailable) (19.744041ms)
✔ parity: frontend caps equal the Go constants (0.68775ms)
✔ detail parser: 4 main + 20 detail + option-value images are accepted and mapped (0.663416ms)
✔ detail parser: 5 main, 21 detail, bad ids and over-cap option images are refused (0.131333ms)
✔ detail parser: a backend before product-media-v2 (no new keys) still parses with empty defaults (0.06975ms)
✔ v1 catalog row: images are main-only (<= 4) and image_id is a uuid or null (0.176292ms)
✔ PRO-S1 code mirror: any case and spaces normalise; impossible codes never become a request (0.446125ms)
✔ PRO-S2 promotion object: closed keys, kind/value pairing (0.181375ms)
✔ PRO-S3 quote validator: promotion is optional but never malformed; the discount stays the server's own number (0.250125ms)
✔ PRO-S4 journal grammar: a quote write may carry one canonical promo_code, nothing else (0.346458ms)
✔ PRO-S5 copy: three locales cover every refusal code and the same keys (0.464792ms)
✔ PRO-S6 BFF quote route: promo_code relayed untouched when canonical, refused before the private API otherwise (29.854542ms)
✔ PRO-S7 BFF: every promo_* refusal is a definite, non-retryable 422 with its own code (138.122875ms)
✔ demonstration disclosure is explicit and local-only (1.662958ms)
✔ cart selection preserves unrelated SKUs and the observed CAS version (81.234291ms)
✔ minor amounts are bounded before multiplication, including zero (0.396375ms)
✔ delivery identity includes country for one market and method (0.346667ms)
✔ journal is bound to context and rejects PII/unknown fields (0.612542ms)
✔ lost response replays exact key/body, then clears only after parsed receipt (102.188583ms)
✔ RUI02 buyer order admits MERCHANT_SHIPPED only with a SHIPPED head; absent shipment ≡ null (1.829625ms)
✔ RUI02 shipment shape negatives (incl. unsafe links) (1.669542ms)
✔ RUI02 history summary admits MERCHANT_SHIPPED (a shipped order must not break the list) (0.330125ms)
✔ CVSP01 options: CVS rows carry pickup_selection/payment_modes; unavailable rows are a separate shape (1.9385ms)
✔ CVSP02 CVS destination write: TW only, pickup_id required, empty home address; home unchanged (81.451083ms)
✔ CVSP03 checkoutInput: payment_mode only for CVS rows and only a mode the row offers (7.280333ms)
✔ COD confirmation includes expected fee, enforces collect cap and validates immutable order money (0.366167ms)
✔ CVSP04 buyer order: pay_at_pickup <=> collection_state; cvs_shipment only on a matching CVS destination (5.798917ms)
✔ CVSP05 journal accepts a CVS destination marker and a checkout body with payment_mode, nothing else (6.042625ms)
✔ validProduct accepts up to the Go photo cap and rejects one more (12.972417ms)
✔ design: garbage and hostile documents collapse to the safe default shape (3.404458ms)
✔ design: links, preview token propagation, nav resolution (0.398125ms)
✔ design: any merchant accent yields readable button text and link colour (WCAG AA) (0.820416ms)
✔ variants: resolution, disabled out-of-stock combinations, initial choice, price bounds (0.648875ms)
✔ catalog-v2 parsers accept the frozen shapes and refuse drift (6.647459ms)
✔ free-delivery progress words the hint only when a threshold exists (0.099958ms)
✔ list query: only whitelisted, canonical values survive (0.306708ms)
✔ seo: JSON-LD cannot break out of its script tag; offers reflect stock and price range (12.218292ms)
✔ seo: sitemap escapes and carries hreflang; robots refuses everything for a closed host (48.690667ms)
✔ money: whole amounts drop cents, minor digits come from the currency, filters round-trip (80.989667ms)
✔ cart line write: replaces one line, keeps the others, 0 removes, CAS version is the one shown (30.468709ms)
✔ cart problems map to buyer-facing classes without leaking transport detail (0.414583ms)
✔ checkout options accept the optional free-shipping threshold only as a positive integer or null (0.834333ms)
✔ no-image placeholder copy: exactly the locale label a photo-less card or gallery renders (0.07225ms)
✔ storefront image caps equal the Go catalog caps (internal/catalog MaxMainImages, MaxDetailImages) (17.597917ms)
✔ design text limits count code points like Go, never splitting a surrogate pair (2.761167ms)
✔ G3: same-series cards exclude the current product and never invent absent draft/foreign products (0.6865ms)
✔ G5: safety guidance exists in three languages without changing the five merchant policy approval boundaries (3.329959ms)
✔ G4: category chips omit empty collections; hidden collections absent from the public API stay absent (0.154042ms)
✔ dictionaries have exact parity and non-empty values (3.474709ms)
✔ locale precedence and language quality mapping (4.36125ms)
✔ localized paths preserve deep links and reject dangerous input (3.69375ms)
✔ path locale only matches a canonical first segment (0.296875ms)
✔ the four constructs render (0.676083ms)
✔ XSS payloads stay inert text (0.617542ms)
✔ fuzz: any string over a hostile alphabet renders only whitelisted tags (11.997792ms)
✔ validator mirrors the Go rules (1.009958ms)
✔ SDN1 allowlist: exactly the contract routes, per method (0.536166ms)
✔ SDN1 allowlist: traversal, case, suffix and prefix tricks never match (0.299458ms)
✔ SDN1 request shape: no query string anywhere, reads carry no body, key, length or transfer-encoding (88.0365ms)
✔ SDN1 cap: 260 KiB = Go's 256 KiB document + 4 KiB envelope, and a body of exactly the cap is still below it (45.069333ms)
✔ SDN2 renderer: every XSS payload comes out as whitelisted tags and escaped text only (4.1815ms)
✔ SDN2 renderer: escape-first means the merchant's text never becomes markup (0.127584ms)
✔ SDN2 renderer: fuzz (seeded) never produces a tag outside the whitelist (58.426334ms)
✔ SDN2 client validator rejects what the server rejects (HTML, non-https links, `<` anywhere) (0.268125ms)
✔ cleanForSave turns cleared fields into null but keeps an empty body (1.162167ms)
✔ localIssues names each missing mandatory value by server path (21.251583ms)
✔ moved swaps neighbours and ignores out-of-range moves (0.186958ms)
✔ parsers accept the exact Go shapes and refuse extra or missing keys (9.273375ms)
✔ BFF allowlist covers exactly the design resources (3.391417ms)
✔ validDesignRequest refuses queries and bodies on reads, ignores other paths (85.625208ms)
✔ designDetails forwards only a bounded {path, reason} pair (0.386959ms)
✔ accepts exactly the three locale invite paths with a 20-200 char token (0.437042ms)
✔ rejects anything that is not an exact same-origin relative invite path (0.088416ms)
✔ rejects percent-encoded variants of the exact shape (0.059958ms)
✔ the token is an opaque invite token shape, never a URL (0.050459ms)
✔ fragment carrier: round-trips the exact invite path, is never a query string, and rejects hostile fragments (0.186666ms)
✔ dashboard: accepts the frozen shape, rejects drift (2.305834ms)
✔ import result: strict keys, closed error codes, committed never carries errors (0.293709ms)
✔ csv file guard mirrors the Go bounds (0.074542ms)
✔ manual options: a COD home row parses with its offer (D01: the page used to refuse the whole list) (0.706292ms)
✔ manual options: only bank_transfer / pay_at_pickup / cash_on_delivery, key must equal market|country|code (0.121833ms)
✔ manual result: link is https with the order id and a 43-char capability in the fragment only (0.242833ms)
✔ draft: first problem, and the body has no price-like field at all (0.415583ms)
✔ BFF grammar: exactly the seven tools resources (0.105042ms)
✔ regenerate body/result: exactly {order_id, locale} and a fresh https link naming that order (0.132958ms)
✔ copy parity: every locale has every key, import rules and error codes (0.601125ms)
✔ callback redirect target is always a same-origin /<locale>/settings path whatever the cookies, store, code or error say (1.997916ms)
✔ the binding cookie: exactly one canonical store uuid, path-scoped to the callback, HttpOnly, Lax, 10 minutes, Secure (0.10675ms)
✔ callback query: exactly one code and one state within charset/length bounds; Meta's error=… and repeats are not forwarded (0.599333ms)
✔ the dialog URL the BFF hands the browser is https://www.facebook.com only (0.1195ms)
✔ callback error mapping only ever yields fixed codes, never an upstream message (0.111708ms)
✔ selected Page qualifies only a bare Facebook id, never rewrites another Page or external URL (0.586833ms)
✔ status: not connected, connected with and without Instagram, and every deviation throws (2.598625ms)
✔ pick state: closed shape, optional Instagram keys come as a pair, id must match (0.641042ms)
✔ route grammar: only status/states/pick/disconnect; start and callback are dedicated routes; no query; reads carry no body or key (21.243875ms)
✔ connect cookie, body and callback redirect never carry code/state and only fixed codes (0.331542ms)
✔ copy: three locales have the same keys and every Go error code has a message (0.102292ms)
✔ review-required remains restricted; evidence does not promote state (0.596292ms)
✔ legacy omission remains unidentified, independent of array order (0.153875ms)
✔ closed shapes reject unknown state/provider/evidence, leaked fields and inconsistent severity (0.240625ms)
✔ duplicate capabilities/pages and unbounded arrays cannot become trusted state (0.091583ms)
✔ worst Page determines advice, no raw upstream reason reaches copy (0.113167ms)
✔ recheck receipt means scheduled; timestamps and closed keys are checked (0.090417ms)
✔ exact keyless route grammar rejects query/key/body confusion (20.466709ms)
✔ recheck takes exactly page_id and no caller-provided scope (0.128375ms)
✔ blocking advice comes from the blocking capability, not a secondary public-reply warning (0.09675ms)
✔ clean health browser mode prepares admin standalone before starting its fixture (15.622042ms)
✔ en: expired connection retains its full refusal inside a wrapping badge (12.980208ms)
✔ zh-TW: expired connection retains its full refusal inside a wrapping badge (2.398583ms)
✔ zh-CN: expired connection retains its full refusal inside a wrapping badge (0.889209ms)
✔ actual B1 snapshot state remains ok even when a fixture expected review_required (0.10625ms)
✔ D02 TWD input: whole dollars only, x100 on the wire (16.306166ms)
✔ D02 TWD edit text: whole dollars have no decimals; a legacy amount with cents is never shown as another price (1.377542ms)
✔ D02 display: NT$ without decimals in every language, cents only when there are cents (23.441792ms)
✔ D02 live-price input (Studio claims): TWD whole dollars, other currencies their decimals (0.243042ms)
✔ D02 discount code amounts: TWD whole dollars, a decimal is refused before it is sent (0.293292ms)
✔ D02 no admin copy or component says 'minor units' to the merchant (52.393167ms)
✔ M06 time: Asia/Taipei everywhere, labelled, never UTC (12.087417ms)
✔ settings answer: exactly one boolean key (0.743166ms)
✔ PUT body is the frozen single key (0.062ms)
✔ BFF grammar: GET read, PUT keyed command, nothing else (2.465875ms)
✔ copy: three locales, same keys, no empty text (0.252167ms)
✔ PRM01 parse: exact keys, kind/value pairing and ranges; duplicates and unknown keys are refused (4.326709ms)
✔ PRM02 Taipei wall time: +08:00 on the wire, instant shown back in Taipei, impossible dates refused (83.203792ms)
✔ PRM03 create body: normalised code, major units to minor units, optional fields null, whole body validated (40.539625ms)
✔ PRM04 update + toggle: version CAS key, form round trip, pause keeps every other field (17.174125ms)
✔ PRM05 BFF grammar: exactly list, create and update; nothing generic (10.951375ms)
✔ PRM06 copy: three locales carry the same keys and every refusal code the Go routes can answer (0.184667ms)
✔ G-UI3/G-UI5 architecture constraints pass with shrinking legacy exceptions (1505.826416ms)
✔ G-UI3/G-UI5 negatives: new formatter, component fetch, >800 lines and wider allowance fail (13.138333ms)
✔ Readiness jump controls expose the actual active section, not a click flag (0.577416ms)
✔ Integrator P2: legal CN comment ordering and a distinct three-image recommendation (0.154792ms)
✔ ADM04 and ADM06 explain unavailable SKUs and keep collection vocabulary consistent (0.533416ms)
✔ ADM06 create/detail titles share the route vocabulary without adding a phantom Next page (0.354625ms)
✔ G-UI1 Next pages and route registry are bidirectional, unique, typed, documented (6.809667ms)
✔ G-UI1 copy key parity: no missing or extra key in any locale (0.300166ms)
✔ G-UI2 staff without catalog:read cannot see products/inventory or open a product URL (0.743042ms)
✔ G-UI2 every route permission is a permission Go knows, and /orders/new needs inventory:reserve (145.565667ms)
✔ G-UI1 dynamic and public routes match, details never appear as navigation (0.2635ms)
✔ Every browser spec clicks nav-orders: the orders group stays a singleton, so returns/new/print routes are nav: false (0.807292ms)
✔ created address is a strict HTTPS origin matching the assigned handle (0.496458ms)
✔ DNS instructions must name the requested origin and a bare hostname target (0.313ms)
✔ domain kind is authoritative and closed, not inferred from host or token (0.151792ms)
✔ apex DNS retains every concrete IPv4/IPv6 address and rejects malformed values (2.275959ms)
✔ pending domain journal preserves exact action/key/target; legacy or corrupt markers never replay (1.210792ms)
✔ browser-origin gate: every refusal happens before Go is called, for every action (311.884708ms)
✔ only POST exists on the team routes (3.35175ms)
✔ unknown action is a local 404 and never reaches Go (1.679583ms)
✔ strict request grammar: wrong keys, types, ids, roles, locales and token shapes are 422 locally (18.407584ms)
✔ what reaches Go: BFF key, bearer from the cookie, no Cookie/Origin, body unchanged, exactly one call per request (69.657917ms)
✔ Go failures are rebuilt locally from allow-listed codes, never retried, and never echo the token (47.022875ms)
✔ team answer: accepts the frozen shape, null role and OIDC member without email (1.15975ms)
✔ team answer: unknown key, unknown role, bad id, bad mail state are rejected (0.340833ms)
✔ invite and accept answers are strict (0.451375ms)
✔ request grammar: every action has an exact key set and rejects junk values (0.22175ms)
✔ copy: three locales carry the same keys and a label for every role (0.408541ms)
✔ role-aware navigation: hides entries the member's permissions cannot use; unknown shows all; Team is owner-only (0.1975ms)
✔ P02 settlements directory rejects missing/link/owner/group/mode with a valid control (669.547459ms)
✔ preflight health permission grammars and API/worker consistency fail closed (5013.415875ms)
✔ merchant alert flag is explicit 0|1 and independently requires SMTP (7590.810708ms)
✔ shared loader makes API/worker LIVE pair file-only before Compose interpolation (907.211083ms)
✔ export bind accepts omitted JSON false but rejects unsafe source/config mutations (2.663ms)
✔ sanctioned operator allowlist and fail-closed gates (fake docker, no network) (3911.649125ms)
✔ platform operator custody, export mount and binary are wired (620.455875ms)
✔ actual export bind refuses a missing directory; enabling auto-create is detected (1281.288125ms)
✔ R3 preflight rejects cancelled PAYUNi, validates Page app and keeps LIVE pair mandatory (1560.26975ms)
✔ R3 smoke exercises exact denied probes, accepts 404 only for disabled mounts (111.589417ms)
✔ positive control: a complete, valid configuration raises no META_LOGIN finding (2570.3405ms)
✔ feature off (COMMERCE_META_LOGIN_CONFIG_ID empty): no rule applies even with the other keys empty (526.59025ms)
✔ P06: the Page route needs the webhook receiver (380.804417ms)
✔ P06: sessions come from identity (335.009666ms)
✔ P06: without the claims profile nobody sends the private replies (a WARN, not a FAIL) (388.44425ms)
✔ P08: COMMERCE_META_LOGIN_CONFIG_ID must be numeric ("abc") (373.06975ms)
✔ P08: COMMERCE_META_LOGIN_CONFIG_ID must be numeric ("12 34") (366.982167ms)
✔ P08: COMMERCE_META_LOGIN_CONFIG_ID must be numeric ("111111111111") (334.435875ms)
✔ P08: COMMERCE_META_LOGIN_CONFIG_ID must be numeric ("0x10") (441.690542ms)
✔ P08: COMMERCE_META_LOGIN_CONFIG_ID must be numeric ("-1") (393.167708ms)
✔ P08: COMMERCE_META_LOGIN_REDIRECT_URI must be exactly https://<LC_ADMIN_HOST>/api/meta/callback (wrong host) (527.481917ms)
✔ P08: COMMERCE_META_LOGIN_REDIRECT_URI must be exactly https://<LC_ADMIN_HOST>/api/meta/callback (http scheme) (773.228333ms)
✔ P08: COMMERCE_META_LOGIN_REDIRECT_URI must be exactly https://<LC_ADMIN_HOST>/api/meta/callback (the ads callback path) (2280.806833ms)
✔ P08: COMMERCE_META_LOGIN_REDIRECT_URI must be exactly https://<LC_ADMIN_HOST>/api/meta/callback (trailing slash) (1522.347ms)
✔ P08: COMMERCE_META_LOGIN_REDIRECT_URI must be exactly https://<LC_ADMIN_HOST>/api/meta/callback (query string) (772.4205ms)
✔ P08: COMMERCE_META_LOGIN_REDIRECT_URI must be exactly https://<LC_ADMIN_HOST>/api/meta/callback (empty) (730.627917ms)
✔ P08: COMMERCE_META_LOGIN_GRAPH_VERSION grammar vNN.N ("26.0") (857.639708ms)
✔ P08: COMMERCE_META_LOGIN_GRAPH_VERSION grammar vNN.N ("v26") (491.974ms)
✔ P08: COMMERCE_META_LOGIN_GRAPH_VERSION grammar vNN.N ("v26.0.1") (444.987417ms)
✔ P08: COMMERCE_META_LOGIN_GRAPH_VERSION grammar vNN.N ("latest") (433.404875ms)
✔ P08: COMMERCE_META_LOGIN_GRAPH_VERSION grammar vNN.N ("") (398.450542ms)
✔ P08: COMMERCE_META_LOGIN_GRAPH_VERSION grammar vNN.N ("v1000.0") (437.143041ms)
✔ P08: COMMERCE_META_LOGIN_GRAPH_VERSION accepts v26.0 (348.864875ms)
✔ P08: COMMERCE_META_LOGIN_GRAPH_VERSION accepts v22.0 (234.78575ms)
✔ P08: COMMERCE_META_LOGIN_GRAPH_VERSION accepts v99.9 (278.05825ms)
✔ production without any alert channel is a FAIL (nobody would hear the next outage) (2487.122916ms)
✔ outside production the same gap is only a WARN (485.455542ms)
✔ a webhook alone satisfies the rule (418.143125ms)
✔ an e-mail target with a complete relay (host, username, secret) satisfies the rule (340.100916ms)
✔ an e-mail target without the relay secret cannot be sent: FAIL in production, WARN elsewhere (764.802667ms)
✔ the example's CHANGE_ME_SENDER placeholder is not a relay: the e-mail target cannot be sent (381.257292ms)
✔ LC_ALERT_EMAIL must be one plain address ("not-an-address") (328.259709ms)
✔ LC_ALERT_EMAIL must be one plain address ("two@fake.invalid,three@fake.invalid") (417.746459ms)
✔ LC_ALERT_EMAIL must be one plain address ("a b@fake.invalid") (402.816292ms)
✔ LC_ALERT_EMAIL must be one plain address ("<owner@fake.invalid>") (480.413125ms)
✔ LC_ALERT_EMAIL must be one plain address ("owner@fake") (745.483708ms)
✔ storefront cart-line removal is reversible: clicked for real, not guarded (1.637625ms)
✔ destructive / irreversible / sign-out classification (owner list, en + zh) (0.892125ms)
✔ alike controls (rows with ids / numbers) share one class key (0.140375ms)
✔ known defects classify, never silence: stale entries are reported (0.4445ms)
✔ the markdown ledger has one row per interaction and names the verdict (0.816125ms)
✔ protocolHrefOK accepts well-formed tel:/mailto: and rejects malformed ones (0.81925ms)
✔ J1 waits for enabled media and clicks a real chooser; the uploaded cover is bound to the main section (1108.745ms)
✔ J1 cannot credit a detail-image receipt as the main cover (3.199542ms)
✔ J1 refuses a failed cover upload rather than continuing to activate (1.417792ms)
✔ thresholds are the named constants of the brief (1.923458ms)
✔ R1: document wider than the viewport, and the outermost element past the edge (0.285584ms)
✔ R2: label tops, control tops and control heights of one visual row (1.336708ms)
✔ R2: what is one row and what is not (32.111ms)
✔ R2: a button beside a field has to line up with its control (7.533833ms)
✔ R3: a row made tall by stacked controls, a control wider than its cell (10.382042ms)
✔ R3: a matrix whose EVERY row is doubled by a stacked stock cell (the median cannot see it) (1.354125ms)
✔ R4: small text, helper text apart, icons and duplicates excepted (1.287667ms)
✔ R5: tap targets on the 390 viewport only (4.855542ms)
✔ R6: interactive elements and text boxes that overlap (1.03725ms)
✔ R7: text clipped inside a control or label (either side), and select values that do not fit (2.116917ms)
✔ R8: the same visible label twice in one list (0.459042ms)
✔ evaluate() tags severity, selectRecords() keeps distinct groups first and counts every instance (1.647125ms)
✔ R9: text and controls flush to the screen edge at 390 (0.822042ms)
✔ R6/R9 judge the visible (ancestor-clipped) rectangle, not the raw one (integrator ruling 2026-10-05) (0.943625ms)
✔ R10: a fixed or sticky bar covering main content after scrolling (8.171667ms)
✔ R11: controls narrower than a usable width (47.008375ms)
ℹ tests 417
ℹ suites 0
ℹ pass 417
ℹ fail 0
ℹ cancelled 0
ℹ skipped 0
ℹ todo 0
ℹ duration_ms 23410.473292
✔ legacy display sentinels preserve a list row without admitting arbitrary or private data (5.350917ms)
✔ orders-v2 accepts bounded filters and Taipei inclusive dates; rejects ambiguity (0.910459ms)
✔ orders-v2 rejects client count approximations, unbounded or extra response data (0.168709ms)
✔ all three locales label every task queue, payment and delivery mode (0.332084ms)
ℹ tests 4
ℹ suites 0
ℹ pass 4
ℹ fail 0
ℹ cancelled 0
ℹ skipped 0
ℹ todo 0
ℹ duration_ms 89.295916
✔ numeric store IDs have no suggestion BFF or browser client (1.276083ms)
ℹ tests 1
ℹ suites 0
ℹ pass 1
ℹ fail 0
ℹ cancelled 0
ℹ skipped 0
ℹ todo 0
ℹ duration_ms 63.940583
✔ ADM10 operator sentence is localized while product and company facts stay authoritative (0.385666ms)
✔ PS review: actual Host matching normalizes case, port and a terminal DNS dot, never forwarded authority (0.230583ms)
✔ PS review: privacy/terms retain Messenger and Instagram purpose disclosure; deletion uses exact UI labels (0.100166ms)
✔ P2-N1 zh-TW/privacy: current comments and private reply, conditional inbound messages (0.071667ms)
✔ P2-N1 zh-TW/terms: current comments and private reply, conditional inbound messages (0.037416ms)
✔ P2-N1 zh-CN/privacy: current comments and private reply, conditional inbound messages (0.029875ms)
✔ P2-N1 zh-CN/terms: current comments and private reply, conditional inbound messages (0.046458ms)
✔ P2-N1 en/privacy: current comments and private reply, conditional inbound messages (0.038625ms)
✔ P2-N1 en/terms: current comments and private reply, conditional inbound messages (0.038541ms)
✔ PS1 legal identity is one untranslated source (0.086459ms)
✔ PS1 contact and hosts come only from configuration; production fails closed (0.32ms)
✔ PS2 public routes default to zh-TW, restrict page/locale, and never include admin (0.386959ms)
✔ PS4 optional Meta verification value never has a fake default (0.064ms)
✔ PS1 every locale uses the same product name in auth page titles (0.064583ms)
✔ PS1 public page copy has three complete locales, no invented operator identity or contact (0.465167ms)
✔ PS1 production build validates config; public data is not bundled through NEXT_PUBLIC (0.825125ms)
✔ PS review: admin image installs the manifests for its workspace dependencies before building (0.361625ms)
ℹ tests 17
ℹ suites 0
ℹ pass 17
ℹ fail 0
ℹ cancelled 0
ℹ skipped 0
ℹ todo 0
ℹ duration_ms 77.898792
✔ R11 SQL's exact receipt states are accepted; missing/forged operation/state remains unknown (0.763542ms)
✔ R11 durable receipt journal validates phase against exact operation state (0.351209ms)
✔ R11 actual read control distinguishes replay/inflight/unknown/failure in en (3.88225ms)
✔ R11 actual read control distinguishes replay/inflight/unknown/failure in zh-TW (0.639292ms)
✔ R11 actual read control distinguishes replay/inflight/unknown/failure in zh-CN (0.839041ms)
✔ unknown journal retains exact key/boundary and is scoped to store+session; malformed state fails closed (0.164917ms)
✔ R12 read hook keeps network UNKNOWN on one key and explicitly refreshes acknowledged UNKNOWN (12.967834ms)
✔ actual POST transport uses CSRF and session fence; 403 independent of response text (16.268458ms)
✔ R10 ROAS has exactly two decimals in en (28.07475ms)
✔ R10 unknown ROAS is never fabricated as zero in en (0.076458ms)
✔ R10 ROAS has exactly two decimals in zh-TW (0.426458ms)
✔ R10 unknown ROAS is never fabricated as zero in zh-TW (0.044542ms)
✔ R10 ROAS has exactly two decimals in zh-CN (0.132ms)
✔ R10 unknown ROAS is never fabricated as zero in zh-CN (0.0305ms)
✔ shared presentation preserves registry title and one empty buyer message in en (29.179416ms)
✔ R11 large linked-draft list is complete but collapsed in en (3.320917ms)
✔ shared presentation preserves registry title and one empty buyer message in zh-TW (5.668834ms)
✔ R11 large linked-draft list is complete but collapsed in zh-TW (2.830584ms)
✔ shared presentation preserves registry title and one empty buyer message in zh-CN (5.526042ms)
✔ R11 large linked-draft list is complete but collapsed in zh-CN (2.439875ms)
✔ R11 timeline distinguishes local unknown spend from explicit Meta zero in en (2.843916ms)
✔ R11 timeline distinguishes local unknown spend from explicit Meta zero in zh-TW (3.412917ms)
✔ R11 timeline distinguishes local unknown spend from explicit Meta zero in zh-CN (2.246ms)
✔ R11 I12 nullable Meta evidence survives without becoming zero (0.310375ms)
✔ R11 actual panel rendering preserves unknowns and reconnect route in en (10.230125ms)
✔ R11 actual panel rendering preserves unknowns and reconnect route in zh-TW (10.982709ms)
✔ R11 actual panel rendering preserves unknowns and reconnect route in zh-CN (12.067708ms)
✔ D1, D6, R7: exact amounts and sources remain independent, account days stay labelled (0.211834ms)
✔ R12: null stays unknown and unread / unauthorised / insufficient remain different states (0.238208ms)
✔ R12 granted but unread audience offers a read, never reconnect in en (1.681042ms)
✔ R12 granted but unread audience offers a read, never reconnect in zh-TW (1.683541ms)
✔ R12 granted but unread audience offers a read, never reconnect in zh-CN (1.632334ms)
✔ I12 forged / missing frozen fields never silently become zeros (0.87425ms)
✔ only whitelisted aggregates survive: extra identifiers and HTML are never interpreted (0.064084ms)
✔ attribution is a read-only BFF resource with exact bounded query grammar (0.313459ms)
✔ audience-read is exactly the new local intention POST and never a data GET or queried write (0.237958ms)
✔ route fails closed without ads:read and is not a duplicate navigation entry; locale keys match (0.115417ms)
ℹ tests 37
ℹ suites 0
ℹ pass 37
ℹ fail 0
ℹ cancelled 0
ℹ skipped 0
ℹ todo 0
ℹ duration_ms 419.35675
✔ card-payments copy: identical key sets in all three locales (1.358125ms)
✔ merchant terms are quoted verbatim (contract §5) in the enable dialog (0.1ms)
✔ ruling-fixed strings: platform not OPEN and BLOCKED note (0.042ms)
✔ error map covers every frozen refusal code from migrations/0137 (0.065416ms)
✔ no Stripe account id, key or approval id shape appears in any copy string (0.228292ms)
✔ storefront collector disclosure matches contract §5 templates in three languages (0.055125ms)
✔ the merchant terms in the dialog are the contract §5 sentence, extracted from the contract (0.335166ms)
✔ the storefront templates are the contract §5 lines, extracted from the contract (0.109542ms)
✔ settlement copy: deduction columns are labelled as deductions in every language, with a legend and the net formula (0.234917ms)
✔ there is no separate 'not on the allowlist' message: it reads as not open (review P1-2) (0.081583ms)
✔ card summary accepts the frozen shape incl. all-null platform NONE (6.01425ms)
✔ card summary rejects unknown keys, bad enums, bad money, bad version (0.366709ms)
✔ card result is exactly {state, version, max_minor, currency, descriptor_preview} (0.104666ms)
✔ descriptor suffix rule: charset, 2..10 chars, must contain a letter (0.143834ms)
✔ the suffix length rule is the charset rule's 10; the 22-character descriptor total stays the server's (SANDBOX L=10, LIVE PrefixLength) (0.051541ms)
✔ descriptor preview mirrors the contract projection (base + '* ' + suffix) (0.05075ms)
✔ settlement list accepts statements without payout/lines keys (omitempty) (0.414041ms)
✔ settlement detail carries lines whose count and sums match the totals (0.351167ms)
✔ settlement parsers reject malformed reads (0.650416ms)
✔ fees, refunds and disputes are signed exactly as the ledger stores them (0.156125ms)
✔ a returned fee is a positive line fee; the detail's lines must add up to the statement totals (0.13325ms)
✔ closed_at/paid_at accept the offsets PostgreSQL emits as well as Z (0.10825ms)
✔ a payout reference shaped like a Stripe key or account id is never displayed (0.106958ms)
✔ platform not OPEN: 'not open yet' and no enable control, for every non-OPEN state; the platform badge still tells why (0.397667ms)
✔ allowlisted + OPEN: enable from NONE/DISABLED, disable from ENABLED (0.071167ms)
✔ not allowlisted on an OPEN platform reads exactly like not open: the same message, no 'platform open' badge, no enable (review P1-2) (0.085375ms)
✔ BLOCKED: the suspended note, disable only, never enable (whatever the platform says) (0.057ms)
✔ without billing:manage nothing can be changed, but the state is still readable (0.049125ms)
✔ enable carries the platform's current terms, the suffix and the version read; NONE starts at 0 (0.061833ms)
✔ disable never sends a suffix and quotes the terms the store accepted (the platform's may have moved on) (0.041833ms)
✔ a retained suffix is recovered from the final preview so a re-enable can keep it (0.041959ms)
✔ the period label shows the last day inside the (exclusive-end) week (1.998292ms)
✔ payout state: paid, pending only when money is due, none when the week nets to zero or less (0.0585ms)
✔ card-payments and settlements are nav:false routes, so no group loses or gains a nav button (0.150125ms)
✔ settlements need billing:manage, the card page integration:read; the owner opens both (0.109417ms)
✔ statement cells: a dispute reversal and a returned fee read as credits (+) and every deduction as -, and the columns add up to the server's net (15.448ms)
✔ the detail parser requires the lines of a statement that has lines; a quiet week (line_count 0) may omit them (0.563166ms)
✔ route table: exactly the four resources, nothing generic (0.485167ms)
✔ query grammar: card and settlement-detail are exact; settlements takes before/limit only (0.21425ms)
✔ request fence: keyless PUT (CAS), bodyless GETs, no transfer-encoding (29.841666ms)
✔ PUT body is the exact frozen shape {enabled, terms_version, descriptor_suffix, expected_version} (0.50675ms)
✔ the BFF route wires the card grammar: keyless CAS PUT, exact body, no-store, auth required (0.977542ms)
✔ the real card summary parses and drives the display state machine (1.424792ms)
✔ the real statement list parses: newest first, no lines, three payout states (1.370291ms)
✔ every real detail parses with its lines and the lines add up to the statement (1.701291ms)
✔ an empty ledger parses to no statements (0.26225ms)
✔ no account id, key or approval shape is in any real body (0.415209ms)
✔ the real statements display literally as signed contributions that add up to the server's net (9.832417ms)
ℹ tests 48
ℹ suites 0
ℹ pass 48
ℹ fail 0
ℹ cancelled 0
ℹ skipped 0
ℹ todo 0
ℹ duration_ms 137.233542
✔ option/slug/SKU caps equal internal/catalog (options.go, catalog.go) (7.69275ms)
✔ text caps equal the Go validators (name 120, description 8000, SEO 70/160, collection title 80) (3.64125ms)
✔ photo caps equal Go (MaxMainImages, MaxDetailImages, MaxImageBytes) and the SKU code pattern (2.2375ms)
✔ PE13 Cartesian matrix is local, preserves edits and deduplicates values (0.565584ms)
✔ PE13 bulk quantity skips negative rows without modifying them (0.321959ms)
✔ PE12 untracked document uses whole currency and per-order cap, never quantity (13.344125ms)
✔ PE14 missing readback is not guessed or silently cleared by full replacement (0.074667ms)
✔ bulk status accepts explicit per-item results, never empty or duplicated confirmations (0.246083ms)
✔ matrix refuses over 100 SKUs before expansion (0.373667ms)
✔ parity: admin caps equal the Go constants (0.793959ms)
✔ image list: 4 main + 20 detail + 2 sku in role order is accepted (0.319292ms)
✔ image list: 5 main, 21 detail, wrong role order, gaps and extra keys are refused (0.135667ms)
✔ single image: role is required and its position is bounded by the role cap (0.593209ms)
✔ option text limits count Go runes rather than UTF-16 units (0.170625ms)
✔ PE14 new edit SKU carries its own shipping and clears no existing fields (16.934459ms)
✔ PE14 patch changes only price and preserves unmentioned fields (0.22125ms)
✔ PE14 on_hand is not available, zero target is transmitted, ambiguous warehouse refuses (0.291417ms)
✔ PE14 explicit clears and shipping remain per SKU on an active row (0.135583ms)
✔ PE14 archive supersedes every other edit on that SKU (b77eeb11) (0.151208ms)
✔ PE14 no-op has no command fields and changed axes explicitly archive omitted variants (0.097959ms)
ℹ tests 20
ℹ suites 0
ℹ pass 20
ℹ fail 0
ℹ cancelled 0
ℹ skipped 0
ℹ todo 0
ℹ duration_ms 126.678
(node:13878) ExperimentalWarning: Transform Types is an experimental feature and might change at any time
(Use `node --trace-warnings ...` to show where the warning was created)
✔ UNKNOWN retry client authorization loss requires reconciliation, not a fresh command (4.282959ms)
✔ UNKNOWN retry 401 authorization loss requires reconciliation, not a fresh command (9.253667ms)
✔ UNKNOWN retry 403 authorization loss requires reconciliation, not a fresh command (0.622208ms)
✔ a conclusive command rejection stays distinct from authorization loss (0.773542ms)
ℹ tests 4
ℹ suites 0
ℹ pass 4
ℹ fail 0
ℹ cancelled 0
ℹ skipped 0
ℹ todo 0
ℹ duration_ms 125.744583
NOT_RUN: tests/media/r04-input-runner.test.mjs (COMMERCE_R04_LIVEKIT_BINARY unset)
✔ main/detail/sku caps use the existing frozen image contract (0.675083ms)
✔ phone and tall dimensions fit2000 without enlarging small assets (0.173125ms)
✔ upload query requires one exact role and sku value; reads/actions carry no query (0.795875ms)
✔ role transport encodes current option values and refuses invalid identities (0.41675ms)
✔ effective image axis follows current options, then falls back to first (0.11725ms)
✔ detail and option photos cannot satisfy the main-photo recommendation (0.083917ms)
✔ PM-U copy has matching keys in ja and all currently routed locales (0.222375ms)
✔ real-upload mode builds both Next applications on a clean CI checkout (9.848708ms)
✔ upload recovery journal survives a new session while remaining product/store scoped (0.171416ms)
✔ an option upload receipt requires its captured axis, value and image id on canonical readback (0.135708ms)
✔ failed durable recovery storage cannot authorize a media write (0.095667ms)
✔ an active product needs a main image after canonical media is known; repair paths stay possible (0.05725ms)
✔ empty media sections render a readable localized placeholder until photos are present (6.114333ms)
✔ real-upload mode never exits through the storefront MOCK shortcut (16.228042ms)
✔ a valid active zero-main product keeps an inline repair hint rather than a page error (6.243458ms)
✔ a new product issues the image-axis stage only for a chosen axis (2.698458ms)
ℹ tests 16
ℹ suites 0
ℹ pass 16
ℹ fail 0
ℹ cancelled 0
ℹ skipped 0
ℹ todo 0
ℹ duration_ms 288.245459
(node:13934) ExperimentalWarning: Transform Types is an experimental feature and might change at any time
(Use `node --trace-warnings ...` to show where the warning was created)
✔ a fitting PNG keeps the exact original File, bytes and alpha-capable format (0.812917ms)
✔ a JPEG exactly at both limits remains original, not a lossy re-encode (0.341625ms)
✔ an oversized phone JPEG is encoded below the cap after oriented scaling (0.538792ms)
✔ a large transparent PNG stays alpha-capable and is never painted with an opaque matte (0.425375ms)
ℹ tests 4
ℹ suites 0
ℹ pass 4
ℹ fail 0
ℹ cancelled 0
ℹ skipped 0
ℹ todo 0
ℹ duration_ms 101.496375
✔ HTTPS picklist fixture carries Secure session cookies automatically while preserving CSRF refusals (115.20325ms)
✔ batch controls stay compact until an order selection or live-session scope exists (0.239625ms)
✔ selection has XOR bodies, canonical unique IDs and separate 500/100 limits (0.398ms)
✔ cross-page selection retains existing rows, deduplicates and refuses overflow atomically (0.737166ms)
✔ pick projection rejects PII/extra keys, invalid quantities and unmatched order identities (0.563208ms)
✔ batch replies bind one-for-one to confirmed orders and preserve uncertainty code (0.132416ms)
✔ pick/export POSTs reject keys and all query variants except one exact template (1.864042ms)
✔ CSV filename binds to selected template and store; no path/header injection (0.203875ms)
✔ MOCK browser fixture list matches the incumbent closed order parser (14.8445ms)
✔ recovery never clears an unknown or missing current attempt (0.183542ms)
✔ recovery and order-detail MOCK fixtures satisfy real read parsers (9.07925ms)
✔ order selection can read its session fence during SSR without browser globals (1.051542ms)
✔ MOU keeps native headed checks runnable on a Linux CI worker without DISPLAY (14.750792ms)
ℹ tests 13
ℹ suites 0
ℹ pass 13
ℹ fail 0
ℹ cancelled 0
ℹ skipped 0
ℹ todo 0
ℹ duration_ms 418.54075
✔ parseShard: i/N, empty means unsharded, anything malformed throws (0.787458ms)
✔ assignShards: deterministic, every key owned once, near-balanced (LPT bound) (1.018875ms)
✔ planClick: for every N the shards partition the whole universe (every registry route x variant, storefront walk, journey) (1.440458ms)
✔ planClick at N=10 keeps every shard within ~1.3x of the mean planned cost (0.189416ms)
✔ aggregate click: honest shards pass for several N (3.239875ms)
✔ aggregate click: a missing shard, a dropped page row, a lost journey, a failing row, a stale known defect and a missing platform marker are each a failure (3.642875ms)
✔ aggregate click: a route added to the registry after the shards ran cannot pass (the registry is re-read) (0.398458ms)
✔ aggregate visual: honest shards pass; a missing shard, a missing shot, a blocking verdict and a registry route outside the universe each fail (4.671541ms)
ℹ tests 8
ℹ suites 0
ℹ pass 8
ℹ fail 0
ℹ cancelled 0
ℹ skipped 0
ℹ todo 0
ℹ duration_ms 94.241667
ci-plan: 10 job(s); click-sweep x10 (aggregate)
  --browser-click-sweep@1/10  -> artifact gate-browser-click-sweep_1_10
  --browser-click-sweep@2/10  -> artifact gate-browser-click-sweep_2_10
  --browser-click-sweep@3/10  -> artifact gate-browser-click-sweep_3_10
  --browser-click-sweep@4/10  -> artifact gate-browser-click-sweep_4_10
  --browser-click-sweep@5/10  -> artifact gate-browser-click-sweep_5_10
  --browser-click-sweep@6/10  -> artifact gate-browser-click-sweep_6_10
  --browser-click-sweep@7/10  -> artifact gate-browser-click-sweep_7_10
  --browser-click-sweep@8/10  -> artifact gate-browser-click-sweep_8_10
  --browser-click-sweep@9/10  -> artifact gate-browser-click-sweep_9_10
  --browser-click-sweep@10/10  -> artifact gate-browser-click-sweep_10_10
✔ the full sweep and the full visual lint fan out into every shard and ask for the aggregate (0.91525ms)
✔ foundation-shards = the unit shard + every plan group; the serial `foundation` mode is untouched (1.086333ms)
✔ an explicit shard re-run (or a partial list) never claims the whole-run aggregate (0.242375ms)
✔ duplicates collapse, artifact names are safe and unique, bad input is refused (0.605916ms)
✔ main writes matrix / sweep_n / visual_n to GITHUB_OUTPUT (1.723625ms)
✔ parser: only compiled, correctly-shaped Test functions of untagged _test.go files (1.594792ms)
✔ the real plan: every top-level test of tests/foundation runs in exactly one group (599.449375ms)
✔ a new test (in no list) still runs, exactly once, in the catch-all group; the same name with no catch-all is red (881.56075ms)
✔ a test listed in two groups is red; drift beyond the limit is red (871.707583ms)
✔ regexes: anchored explicit lists; the catch-all skips exactly everyone else's tests (0.421333ms)
✔ pack: deterministic, balanced to within the longest test, every name once (3.759417ms)
✔ parseDurations: top-level lines only (0.196667ms)
ℹ tests 12
ℹ suites 0
ℹ pass 12
ℹ fail 0
ℹ cancelled 0
ℹ skipped 0
ℹ todo 0
ℹ duration_ms 2426.227625
✔ A8/A9/A13 and published templates: exact reads forward once with no-store (24.825042ms)
✔ real streamed POST bodies: A10-A14 exact keys reach upstream (13.344166ms)
✔ query, read headers, methods and body allowlists refuse before upstream (5.457958ms)
✔ session, CSRF and store authority precede content forwarding (1.997625ms)
✔ A12 fixed codes preserved; arbitrary upstream diagnostics stripped (8.050292ms)
✔ client preserves codes and receipt; changed/aborted session cannot publish private response (4.86925ms)
✔ A9 admits a full page of valid Unicode replies while bounding private response bytes (4.377708ms)
✔ three unit languages cover identical fixed labels and delivery states (0.695916ms)
✔ hiding aborts requests and rejects late responses, even after reveal (0.40475ms)
✔ switching selection invalidates both reads and write completions (0.071417ms)
✔ owner and explicit inbox permissions only; viewer fails closed (0.212458ms)
✔ Messenger counts Unicode codepoints; Instagram counts NFC UTF8 bytes (1.513333ms)
✔ uncertain transport retries retain the exact submission; definitive conflicts retire it (1.447917ms)
✔ privacy calibration cannot activate with production origin or ordinary caller env (0.203834ms)
✔ late focus/pageshow while native document remains hidden cannot reveal requests (0.103916ms)
✔ terminal navigation revocation cannot be undone by focus or refresh until a new page fence (0.069583ms)
✔ a ticket from another store/page fence is never accepted (0.052583ms)
ℹ tests 17
ℹ suites 0
ℹ pass 17
ℹ fail 0
ℹ cancelled 0
ℹ skipped 0
ℹ todo 0
ℹ duration_ms 177.640542
