task_id: c975698a-sub-recovery-locale
base_commit: e7e1d317c707557ba773f61118499f5c53ae46a9
status: actual production component/client plus generic Node Host; browser/Go/PG NOT_RUN
command argv: ["node", "--test", "--experimental-strip-types", "tests/admin/inbox-recovery-locale.test.ts", "tests/admin/inbox-review-recovery.test.ts"]
exit_code: 0
sha256 4a14776e532799dd5146a9bfd797308ae333fa5f4d16393d4171b1fd8b799cac tests/admin/inbox-recovery-env.test.ts
sha256 763c837c98c39794d9c1dbd09316aa2921c5e4da267d4f63c7b7468f83fbb971 tests/admin/inbox-recovery-locale.test.ts
sha256 b223e0d4c4dc65e8a8814face18ecf76de44976f38a0387380721685e5052997 tests/admin/inbox-review-recovery.test.ts

✔ recoveryDone waits for actual held M7 completion in zh-TW (23.62125ms)
✔ recoveryDone waits for actual held M7 completion in zh-CN (5.206417ms)
✔ recoveryDone waits for actual held M7 completion in en (5.145417ms)
✔ review2 P1 bundle-only row opens real A13 and issues existing M7 claim link to clipboard (28.953375ms)
✔ review2 P1 clipboard denial recopy reuses cached issued URL without another M7 POST (6.137666ms)
✔ review2 P1 lost M7 ACK retries exact receipt and null replay token never mints a fresh key (7.005042ms)
✔ review2 P1 missing CSRF before cached recopy cannot copy or issue again (6.438834ms)
✔ review2 P1 missing CSRF before uncertain retry rejects preserved receipt dispatch (3.94225ms)
✔ review2 P1 late issued-link completion after hide cannot write clipboard (3.956542ms)
✔ review2 P1 late issued-link completion after selection cannot write clipboard (5.4225ms)
✔ review2 P1 late issued-link completion after unmount cannot write clipboard (2.323167ms)
✔ review2 P1 late issued-link completion after logout cannot write clipboard (5.187792ms)
✔ review2 P1 claim-link issuance denied without both live read/manage (inbox:read,live:read) (1.086834ms)
✔ review2 P1 claim-link issuance denied without both live read/manage (inbox:read,live:manage) (1.0135ms)
✔ review2 P1 missing authoritative recovery identity never guesses generation {"missingSession":true} (0.701792ms)
✔ review2 P1 missing authoritative recovery identity never guesses generation {"noBundle":true} (1.91575ms)
✔ review2 P2 exactly one matching binding uses named DM hard gate ok (5.464208ms)
✔ review2 P2 exactly one matching binding uses named DM hard gate review_required (4.170458ms)
✔ review2 P2 exactly one matching binding uses named DM hard gate missing_permission (1.590458ms)
✔ review2 P2 multiple same-provider bindings advisory only (dm_session:ok,dm_session:missing_permission) (0.853291ms)
✔ review2 P2 multiple same-provider bindings advisory only (dm_session:missing_permission,dm_session:reauth_required) (1.132875ms)
✔ review2 P2 multiple same-provider bindings advisory only (dm_session:ok,read_comment:missing_permission) (2.3525ms)
✔ review2 P2 multiple same-provider bindings advisory only (dm_session:review_required,dm_session:ok) (1.887917ms)
✔ review2 P2 actual scoped A12 409 capability refusal remains visible after advisory submit (3.398833ms)
✔ review2 P2 missing health and single binding without named DM remain disabled (3.457459ms)
✔ review2 P2 expired cached issued link cannot be recopied or silently reissued (6.9895ms)
ℹ tests 26
ℹ suites 0
ℹ pass 26
ℹ fail 0
ℹ cancelled 0
ℹ skipped 0
ℹ todo 0
ℹ duration_ms 842.159709
