✔ /products/{uuid} redirects permanently to the zh-TW product page (103.723459ms)
✔ non-uuid ids are 404, never redirected (2.658458ms)
✔ AT1: the locale redirect preserves the ad-click query without allowing a redirect target (0.179292ms)
✔ R10: standalone signed signals survive a missing or expired seven-day touch (24.083333ms)
✔ R10: standalone signals reject expiry, bad signature, duplicates and another host (1.178125ms)
✔ AT1 R5: browser identity survives expired touch and rolls for ninety days (0.791667ms)
✔ AT1 R5: missing ad parameters create no cookies; fbclid alone creates no touch (0.566459ms)
✔ AT1 R5: lc_ad alone updates attribution and does not replace fbc (0.311791ms)
✔ AT1: host-only first-party cookies contain no PII and read back exactly (0.278ms)
✔ AT1: a later valid click replaces the draft but preserves the browser identifier (0.112042ms)
✔ R10: only a different fbclid replaces fbc and its first-seen timestamp (0.580708ms)
✔ AT1: malformed and ambiguous links do not overwrite a valid prior touch (1.856083ms)
✔ AT1: host and key binding reject copied cookies (0.807458ms)
✔ AT1: duplicates and tampering invalidate the entire envelope (0.266208ms)
✔ AT1: exactly seven days is valid, the next millisecond and future clicks are not (1.089875ms)
✔ catalog list query limits equal the Go v2 parser (internal/buyerhttp/catalogv2.go) (5.09ms)
✔ collection list cap equals Go maxCollectionsPerStore (3.854334ms)
✔ design caps equal internal/design/schema.go (nav, sections, pages) (3.045667ms)
✔ CVS buyer-entered store bounds and return path equal Go (internal/checkout/cvs.go, migration 0093) (17.701834ms)
✔ transfer view: closed shape and state rules mirror Go validTransferView (1.124125ms)
✔ proof body and result: five digits, positive minor amount, ISO instant (0.953375ms)
✔ minorFromText: major units with at most two decimals, never a float surprise (0.756083ms)
✔ buyer email mirror: one plain address, 254 characters at most (0.52175ms)
✔ countdown: whole hours and minutes, never negative (0.927166ms)
✔ copy: three locales carry every key and every refusal code (0.635917ms)
✔ options: a home row lists modes only with bank_transfer and then needs its window (1.055583ms)
✔ checkoutInput: a home bank_transfer body, the optional trimmed email, and every refusal before any request (3.370792ms)
✔ order: AWAITING_TRANSFER is a valid commercial state without a hold time (0.560875ms)
✔ BFF: exact transfer routes, keyed proof PUT, strict body, validated answers, no generic proxy (293.169542ms)
✔ BFF: transfer refusal codes pass through as definite 422; checkout accepts bank_transfer and a valid email only (10.152375ms)
✔ D06 order heading follows a settled transfer: never 'waiting for transfer' above a confirmed or expired one (0.295583ms)
✔ uncertain prepare blocks all mutations; changed cookie context resolves journal (48.355875ms)
✔ fully parsed local denial clears only its own pending operation (63.887625ms)
✔ malformed journal, unavailable lock and stale context fail before writes (44.447625ms)
✔ BPT05 exact handoff permits absent body/key, one fetch, no form persistence (32.745ms)
✔ BPT05 wrong handoff form and ordinary writes fail before any fetch (0.791334ms)
✔ BPT05 unresolved cookie journal blocks handoff; lost response is one fetch without persistence (0.185666ms)
✔ SU02 refresh permits absent body/key, one fetch, no persistence (0.189167ms)
✔ SU02 refresh rejects a body, a key or a malformed path before any fetch (0.132ms)
✔ SU02 cancel permits absent body/key, one fetch, no persistence (0.106083ms)
✔ SU02 cancel rejects a body, a key or a malformed path before any fetch (0.094ms)
✔ BPT01 exact private path, headers, body and three-locale one-fetch transport (119.694666ms)
✔ BPT02 payment routes reject untrusted path, context, headers, key and body before fetch (63.448041ms)
✔ BPT03 hostile upstream success is sanitized, never returned as payment data (91.78525ms)
✔ BPT04 every handoff failure is nonretryable, including pre-route and transport loss (13.889666ms)
✔ SU02 five routes: exact upstream path, method, key, body, one fetch each (20.160625ms)
✔ SU02 refresh and cancel are keyless and pass every CSRF/context denial before fetch (12.355334ms)
✔ SU02 every handoff/refresh/cancel failure is nonretryable and sanitized (31.462417ms)
✔ SU02 hostile Stripe bodies become the sanitized 503; PAYUNi and Stripe bodies stay byte-identical (23.728375ms)
✔ SU02 prepare accepts only the two known method codes (0.623625ms)
✔ disabled and invalid configuration fail closed before private fetch (81.526291ms)
✔ private authority, cookie lifecycle and strict local denial (46.980041ms)
✔ bad host, cookie, query and method never reach private API (4.145959ms)
✔ stalled inbound POST body is canceled at its deadline without a cookie or private call (1.0165ms)
✔ R10: Begin forwards independently signed signals; browser attribution and forwarded hosts are not authority (89.459042ms)
✔ CVS BFF: exact routes, keyed open/store, keyless verify, validated answers, no generic proxy (70.47325ms)
✔ CVS BFF: contract refusal codes pass through; pay_at_pickup_limit is a definite (non-retryable) 429 (12.450542ms)
✔ fragment grammar accepts only one canonical token (0.743291ms)
✔ claim projections are closed (0.313125ms)
✔ claim token rides only its header on B1/B2 and is never echoed (47.304875ms)
✔ claim-priced cart edits send only SKU and quantity, keeping server price authority (93.94775ms)
✔ direct-checkout sold-out projection is mandatory, boolean and closed (0.275541ms)
✔ claim redeem shares the purchase lock, guards recovery and never persists the token (5.535625ms)
✔ ClaimLink removal projects live-priced survivors on ready and conflict pages (368.622042ms)
✔ ClaimLink revisit checks out applied A while pending B is sold out or unavailable (8.064375ms)
✔ ClaimLink refreshes a nothing result after a second tab applied the claim (7.318667ms)
✔ ClaimLink does not navigate when a buyable claim target is absent or has changed quantity (6.000084ms)
✔ ClaimLink optional prior-order notice tolerates unreadable storage without bypassing recovery (141.951917ms)
✔ CVS01 map form: only the two ECPay e-map actions, exact fields, top-level-safe values (2.519833ms)
✔ CVS02 return path allowlist excludes /claim and anything but the checkout or product page (0.461375ms)
✔ CVS03 selection projection: VERIFIED<=>pickup, REJECTED<=>reject_code, absent keys read as null (0.867458ms)
✔ CVS04 buyer-entered store answer and request body (0.353875ms)
✔ CVS05 store code table (§16.1) keeps leading zeros and per-chain lengths (0.159875ms)
✔ CVS06 recipient mirror: real-name width 4..10 (CJK=2), no digits/symbols/emoji; 09 mobile (0.8415ms)
✔ CVS07 checkout draft: name, phone and mode only; read once; corrupt/foreign shapes are dropped (0.661834ms)
✔ CVS08 return URL: only ?cvs_selection=<uuid> is accepted (0.473125ms)
✔ CVS09 buyer order projection and copy keys: nothing but PICKED_UP says picked up (0.46675ms)
✔ CVS10 error codes: field mapping, definite refusals, official links are https constants (0.771666ms)
✔ CVS11 client transport: verify is the one new keyless POST; the server refusal code rides BuyerClientError.detail (97.177708ms)
✔ every locale x page has a title, an updated line and at least one section (1.4495ms)
✔ locales share the section count and per-section body count of every page (1.211083ms)
✔ final text is only the owner-confirmed company facts (CR 81215167 name + registered address); nothing else is final (0.426666ms)
✔ a legal page is published only when every text on it is final; buyers see no link to an unpublished one (0.5795ms)
✔ data-deletion path is named in the privacy page of every locale (0.161875ms)
✔ pendingOwnerText lists exactly the texts that keep a page unpublished and is written for the owner (0.679208ms)
✔ a live (claim-origin) price replaces the catalog price and strikes it through (1.108375ms)
✔ without a live price the catalog price and its compare-at are shown unchanged (0.2365ms)
✔ a live price equal to or above the catalog price is shown as set (strike hidden by the UI guard) (0.145792ms)
✔ a live price strikes the catalog price, never the variant sale price (0.126417ms)
✔ order ref: 12 hex (dashes or spaces, any case) or a full id (1.095458ms)
✔ contact: one email or a phone of 6..20 digits (1.0415ms)
✔ body is exactly {order_ref, contact}; the answer is exactly {order_id} (0.760708ms)
✔ BFF lookup: no cookie needed, fresh token goes upstream, cookie only on 200 and it carries that same token (81.848625ms)
✔ BFF lookup: strict local denial before any private fetch (3.550375ms)
✔ copy: three locales carry every key (0.29275ms)
✔ MS4 srcset descriptors use actual decoded widths and deduplicate small renditions (0.668166ms)
✔ MS1 product rendition allowlist preserves trusted Host and never forwards buyer cookies (59.937584ms)
✔ MS2 invalid, duplicate, extra, encoded widths and non-product variants fail before fetch (7.912833ms)
✔ MS3 old-image fallback is never promoted to immutable; committed variants are cacheable (6.319833ms)
✔ TWD whole amounts show no decimals in every locale and at every magnitude (line, subtotal, total, zero) (60.051125ms)
✔ cents appear only when there are cents, then always as two digits; the minor-unit arithmetic is untouched (0.732583ms)
✔ digits come from the currency: JPY none, USD two when there are cents (14.168333ms)
✔ one formatter: no component, page or lib builds a currency Intl.NumberFormat outside lib/money.ts (43.258708ms)
✔ fragment: exactly #o=<order id>&t=<43-char token>; anything else is null (2.014875ms)
✔ body is exactly {order_id, token, proof}; the answer is exactly the order the link named (1.93475ms)
✔ BFF link: no cookie needed, fresh token upstream, cookie only on a 200 naming the same order, link token never echoed (208.692458ms)
✔ BFF link: strict local denial before any private fetch (38.251792ms)
✔ copy: three locales, one refusal text, a retry and a lookup path (2.400417ms)
✔ BPU01 fresh payment writes exact metadata before prepare, one bodyless Take, no persistent form (169.601167ms)
✔ BPU01 lost prepare response replays original key/body only on explicit next click (5.62625ms)
✔ BPU01 lost handoff is permanently GET-only, even after a second click (22.575917ms)
✔ BPU01 storage, amount, scope and child/screen fences reject before irreversible writes (73.949208ms)
✔ BPU01 document/child loss after prepare but before Take leaves exact replay marker (0.414833ms)
✔ BPU01 malformed server handoff never submits and Take remains nonretryable (0.799167ms)
✔ BPU01 marker replacement before Take and after Take blocks release/form reuse (1.443209ms)
✔ BPU01 context replacement after prepare and after Take closes destination without form (12.05425ms)
✔ BPU01 synchronous destination refuses invalid locale before opening a window (1.04625ms)
✔ SU03 fresh Stripe pay: marker before prepare, one prepare, one handoff, navigate, URL never stored (3.464541ms)
✔ SU03 marker replay: lost prepare response replays key/body, no uncertain on PENDING view with leftover marker (20.613458ms)
✔ SU03 cross-device Continue needs no marker and never prepares (4.539375ms)
✔ SU03 marker/view matrix: PAYUNi marker on Stripe view and Stripe marker on PAYUNi view send nothing (48.677166ms)
✔ SU03 any other view renders without a POST (53.815875ms)
✔ SU03 CREATING: waits on the schedule without the lock, then hands off once when READY (72.309334ms)
✔ SU03 CREATING budget: 10 reads over 30 s, then the blank child is closed, no POST, no throw (247.52575ms)
✔ SU03 cancel_requested seen on the re-GET aborts before the handoff POST (8.997625ms)
✔ SU03 handoff outcomes: CREATING closes child, CLOSED/UNAVAILABLE/error/malformed reject; one POST each, never retried (104.728292ms)
✔ SU03 Stripe prepare errors, amount/currency mismatch and popup loss stop before any handoff (2.569292ms)
✔ SU03 two clicks make two handoff POSTs only because there were two clicks; sequential, none from reads (0.823ms)
✔ SU03 navigate: validates again, needs an owned blank child, sets used before replace, no URL in errors (0.398375ms)
✔ SU03 refresh signal: keyless single POST, validated, throttled 1/10 s and 30 per page life, cancel never throttled (6.128458ms)
✔ SU03 signal failures are single-shot and sanitized: HTTP error, malformed body, wrong order (0.337333ms)
✔ private quote/option authority fields are required; only exact MANUAL home can checkout (4.658125ms)
✔ continue shopping advances only ordered version, clears hint, keeps SQL history authoritative (60.246584ms)
✔ lost next-cart response retries identical key/body and preserves a newer cart (3.093792ms)
✔ continuation never overwrites an already advanced cart (3.51275ms)
✔ unknown checkout blocks continuation without any business request (9.173833ms)
✔ two queued continuation clicks mutate once; stale order ID cannot clear another order (0.748208ms)
✔ CAS conflict resolves only after a newer cart is read (0.920792ms)
✔ locator removal failure retains next-cart journal and recovery survives missing locator (3.214958ms)
✔ order history summary rejects PII/unknown fields and malformed scope IDs (0.444417ms)
✔ native address validation mirrors printable Unicode, limits and phone; journal forbids PII (2.246333ms)
✔ address lost reply replays exact in-memory intent, then confirms current head (3.743334ms)
✔ address reload requires explicit new intent and exact observed CAS; stale head never auto-bumps (0.985167ms)
✔ old address receipt cannot confirm another tab's newer current head (51.704167ms)
✔ a late address CAS winner requires another explicit confirmation, not an automatic version bump (1.721041ms)
✔ checkout lost reply, queued duplicate and current GET reuse one key and one order (4.237791ms)
✔ uncertain checkout retains original journal across later 401/403/404/5xx and malformed success (3.141042ms)
✔ only a fresh definitive denial clears checkout; no order locator is invented (0.947125ms)
✔ locator storage failure after commit retains same key; reload GET failure keeps locator (4.183875ms)
✔ locator persisted but journal removal failed resumes pending receipt, not unrelated pointer (2.127ms)
✔ unavailable storage, invalid locator and late changed context fail closed (0.292ms)
✔ order locator readback mismatch and no-op journal removal both retain checkout recovery (0.419792ms)
✔ direct claim continuation refuses a newer ordered cart inside the purchase lock (0.283458ms)
✔ direct claim continuation keeps next-cart recovery after a conflicting clear (0.245375ms)
✔ collector projection: admitted for derived connections, absent/null for primary (21.999083ms)
✔ collector rejects identifiers, extra keys and malformed text (5.957666ms)
✔ disclosure renders the contract §5 line with all three slots substituted (4.8105ms)
✔ the disclosure line exists exactly when the hosted view returns a collector (0.72925ms)
✔ a shop or collector name with a replacement pattern is shown literally (0.100333ms)
✔ OrderPayment renders the disclosure with the view, above every pay button, through the helper only (3.320709ms)
✔ BPT03 exact valid projection and Go nanosecond UTC timestamps (5.205292ms)
✔ BPT03 view rejects private fields, inconsistent state and malformed names (0.220375ms)
✔ BPT03 prepared receipt enforces exact original credit-card amount (1.428ms)
✔ BPT03 hosted form and replay are exact, bounded and action-allowlisted (0.920208ms)
✔ SU01 Stripe views: fresh, both methods, attempt states, PAYUNi unchanged (0.706042ms)
✔ SU01 Stripe view negatives (0.68025ms)
✔ SU01 prepared amounts follow the corrected per-currency table (0.395583ms)
✔ SU01 Stripe handoff union and every redirect_url negative (0.969167ms)
✔ SU01 payment signal is exactly {order_id, scheduled:boolean} (0.264875ms)
✔ RUI01 refund summary: refunded states, pending money, absent ≡ null (0.755334ms)
✔ RUI01 refund summary negatives (0.299708ms)
✔ BPU03 neutral GET and POST return ignore every callback field and cookie (102.32875ms)
✔ primary origin: exact path/query, same host, and no URL-controlled destination (13.627ms)
✔ GET and HEAD use trusted Host, private bounded uncached resolver and exact 301 (48.755458ms)
✔ no writes redirected; resolution failures fail closed; unknown hosts keep native 404 (0.883791ms)
✔ policy version is the frozen constant, in the customers-core D4 shape (0.427167ms)
✔ route table: exactly the four buyer privacy routes, methods and body kinds (0.39075ms)
✔ body shapes are closed and mirror the frozen Go inputs (no source, no policy_version) (0.089542ms)
✔ GET privacy validator: closed shape, erased owner holds no consent (0.328833ms)
✔ consent result and erasure summary validators (3.625208ms)
✔ buyer export envelope never carries customer_id (0.559291ms)
✔ failure classification: 410 and erased are the erased state (1.315666ms)
✔ copy: every locale has the same keys, the ads box discloses that sent events cannot be recalled (0.829833ms)
✔ selected option photo uses a main display slot without adding a fifth main image (0.958458ms)
✔ use-cover selection and a main-thumbnail selection restore the original main gallery (0.09975ms)
✔ cart thumbnail uses variant then catalog image_id, including when main images are absent (0.089042ms)
✔ migrated four-main/five-detail images stay separate when the option photo changes (0.118417ms)
✔ real cart-detail composition uses server SKU image_id (v2 detail available) (259.681125ms)
✔ real cart-detail composition uses server SKU image_id (v2 detail unavailable) (0.624542ms)
✔ parity: frontend caps equal the Go constants (10.287667ms)
✔ detail parser: 4 main + 20 detail + option-value images are accepted and mapped (1.670792ms)
✔ detail parser: 5 main, 21 detail, bad ids and over-cap option images are refused (0.160458ms)
✔ detail parser: a backend before product-media-v2 (no new keys) still parses with empty defaults (0.387333ms)
✔ v1 catalog row: images are main-only (<= 4) and image_id is a uuid or null (1.245083ms)
✔ PRO-S1 code mirror: any case and spaces normalise; impossible codes never become a request (0.480958ms)
✔ PRO-S2 promotion object: closed keys, kind/value pairing (0.198792ms)
✔ PRO-S3 quote validator: promotion is optional but never malformed; the discount stays the server's own number (0.505292ms)
✔ PRO-S4 journal grammar: a quote write may carry one canonical promo_code, nothing else (1.029125ms)
✔ PRO-S5 copy: three locales cover every refusal code and the same keys (0.745417ms)
✔ PRO-S6 BFF quote route: promo_code relayed untouched when canonical, refused before the private API otherwise (222.900417ms)
✔ PRO-S7 BFF: every promo_* refusal is a definite, non-retryable 422 with its own code (2.961166ms)
✔ demonstration disclosure is explicit and local-only (0.64575ms)
✔ cart selection preserves unrelated SKUs and the observed CAS version (15.142166ms)
✔ minor amounts are bounded before multiplication, including zero (0.220083ms)
✔ delivery identity includes country for one market and method (0.205959ms)
✔ journal is bound to context and rejects PII/unknown fields (0.315542ms)
✔ lost response replays exact key/body, then clears only after parsed receipt (220.023792ms)
✔ RUI02 buyer order admits MERCHANT_SHIPPED only with a SHIPPED head; absent shipment ≡ null (0.523ms)
✔ RUI02 shipment shape negatives (incl. unsafe links) (0.295958ms)
✔ RUI02 history summary admits MERCHANT_SHIPPED (a shipped order must not break the list) (0.107416ms)
✔ CVSP01 options: CVS rows carry pickup_selection/payment_modes; unavailable rows are a separate shape (0.382709ms)
✔ CVSP02 CVS destination write: TW only, pickup_id required, empty home address; home unchanged (24.0485ms)
✔ CVSP03 checkoutInput: payment_mode only for CVS rows and only a mode the row offers (0.356125ms)
✔ COD confirmation includes expected fee, enforces collect cap and validates immutable order money (0.250708ms)
✔ CVSP04 buyer order: pay_at_pickup <=> collection_state; cvs_shipment only on a matching CVS destination (1.45825ms)
✔ CVSP05 journal accepts a CVS destination marker and a checkout body with payment_mode, nothing else (2.695625ms)
✔ validProduct accepts up to the Go photo cap and rejects one more (0.461958ms)
✔ design: garbage and hostile documents collapse to the safe default shape (1.115833ms)
✔ design: links, preview token propagation, nav resolution (0.124209ms)
✔ design: any merchant accent yields readable button text and link colour (WCAG AA) (0.235875ms)
✔ variants: resolution, disabled out-of-stock combinations, initial choice, price bounds (0.1425ms)
✔ catalog-v2 parsers accept the frozen shapes and refuse drift (0.499833ms)
✔ free-delivery progress words the hint only when a threshold exists (0.065083ms)
✔ list query: only whitelisted, canonical values survive (0.836833ms)
✔ seo: JSON-LD cannot break out of its script tag; offers reflect stock and price range (11.011875ms)
✔ seo: sitemap escapes and carries hreflang; robots refuses everything for a closed host (0.22025ms)
✔ money: whole amounts drop cents, minor digits come from the currency, filters round-trip (0.388167ms)
✔ cart line write: replaces one line, keeps the others, 0 removes, CAS version is the one shown (0.862208ms)
✔ cart problems map to buyer-facing classes without leaking transport detail (0.069833ms)
✔ checkout options accept the optional free-shipping threshold only as a positive integer or null (0.173583ms)
✔ no-image placeholder copy: exactly the locale label a photo-less card or gallery renders (0.053375ms)
✔ storefront image caps equal the Go catalog caps (internal/catalog MaxMainImages, MaxDetailImages) (99.19375ms)
✔ design text limits count code points like Go, never splitting a surrogate pair (0.677708ms)
✔ G3: same-series cards exclude the current product and never invent absent draft/foreign products (13.300333ms)
✔ G5: safety guidance exists in three languages without changing the five merchant policy approval boundaries (21.518167ms)
✔ G4: category chips omit empty collections; hidden collections absent from the public API stay absent (0.096042ms)
✔ dictionaries have exact parity and non-empty values (0.666708ms)
✔ locale precedence and language quality mapping (0.599584ms)
✔ localized paths preserve deep links and reject dangerous input (0.367ms)
✔ path locale only matches a canonical first segment (0.048709ms)
✔ the four constructs render (0.682625ms)
✔ XSS payloads stay inert text (1.238709ms)
✔ fuzz: any string over a hostile alphabet renders only whitelisted tags (14.853333ms)
✔ validator mirrors the Go rules (0.239208ms)
✔ SDN1 allowlist: exactly the contract routes, per method (1.484917ms)
✔ SDN1 allowlist: traversal, case, suffix and prefix tricks never match (1.14ms)
✔ SDN1 request shape: no query string anywhere, reads carry no body, key, length or transfer-encoding (129.014458ms)
✔ SDN1 cap: 260 KiB = Go's 256 KiB document + 4 KiB envelope, and a body of exactly the cap is still below it (0.463834ms)
✔ SDN2 renderer: every XSS payload comes out as whitelisted tags and escaped text only (13.105334ms)
✔ SDN2 renderer: escape-first means the merchant's text never becomes markup (11.246834ms)
✔ SDN2 renderer: fuzz (seeded) never produces a tag outside the whitelist (23.365166ms)
✔ SDN2 client validator rejects what the server rejects (HTML, non-https links, `<` anywhere) (0.252541ms)
✔ cleanForSave turns cleared fields into null but keeps an empty body (1.486792ms)
✔ localIssues names each missing mandatory value by server path (0.64575ms)
✔ moved swaps neighbours and ignores out-of-range moves (0.078542ms)
✔ parsers accept the exact Go shapes and refuse extra or missing keys (0.379625ms)
✔ BFF allowlist covers exactly the design resources (0.225958ms)
✔ validDesignRequest refuses queries and bodies on reads, ignores other paths (77.566875ms)
✔ designDetails forwards only a bounded {path, reason} pair (0.182708ms)
✔ accepts exactly the three locale invite paths with a 20-200 char token (10.297625ms)
✔ rejects anything that is not an exact same-origin relative invite path (0.21175ms)
✔ rejects percent-encoded variants of the exact shape (0.083166ms)
✔ the token is an opaque invite token shape, never a URL (0.1665ms)
✔ fragment carrier: round-trips the exact invite path, is never a query string, and rejects hostile fragments (0.411042ms)
✔ dashboard: accepts the frozen shape, rejects drift (6.381292ms)
✔ import result: strict keys, closed error codes, committed never carries errors (2.623791ms)
✔ csv file guard mirrors the Go bounds (1.320041ms)
✔ manual options: a COD home row parses with its offer (D01: the page used to refuse the whole list) (5.325375ms)
✔ manual options: only bank_transfer / pay_at_pickup / cash_on_delivery, key must equal market|country|code (0.858709ms)
✔ manual result: link is https with the order id and a 43-char capability in the fragment only (1.355084ms)
✔ draft: first problem, and the body has no price-like field at all (2.079ms)
✔ BFF grammar: exactly the seven tools resources (0.597833ms)
✔ regenerate body/result: exactly {order_id, locale} and a fresh https link naming that order (0.670584ms)
✔ copy parity: every locale has every key, import rules and error codes (2.019ms)
✔ callback redirect target is always a same-origin /<locale>/settings path whatever the cookies, store, code or error say (15.510958ms)
✔ the binding cookie: exactly one canonical store uuid, path-scoped to the callback, HttpOnly, Lax, 10 minutes, Secure (0.126792ms)
✔ callback query: exactly one code and one state within charset/length bounds; Meta's error=… and repeats are not forwarded (0.721ms)
✔ the dialog URL the BFF hands the browser is https://www.facebook.com only (0.903083ms)
✔ callback error mapping only ever yields fixed codes, never an upstream message (0.15ms)
✔ selected Page qualifies only a bare Facebook id, never rewrites another Page or external URL (2.183875ms)
✔ status: not connected, connected with and without Instagram, and every deviation throws (1.969417ms)
✔ pick state: closed shape, optional Instagram keys come as a pair, id must match (0.350125ms)
✔ route grammar: only status/states/pick/disconnect; start and callback are dedicated routes; no query; reads carry no body or key (18.864208ms)
✔ connect cookie, body and callback redirect never carry code/state and only fixed codes (0.284667ms)
✔ copy: three locales have the same keys and every Go error code has a message (0.095ms)
✔ review-required remains restricted; evidence does not promote state (2.654208ms)
✔ legacy omission remains unidentified, independent of array order (0.314166ms)
✔ closed shapes reject unknown state/provider/evidence, leaked fields and inconsistent severity (0.233166ms)
✔ duplicate capabilities/pages and unbounded arrays cannot become trusted state (2.067125ms)
✔ worst Page determines advice, no raw upstream reason reaches copy (0.1575ms)
✔ recheck receipt means scheduled; timestamps and closed keys are checked (0.136875ms)
✔ exact keyless route grammar rejects query/key/body confusion (20.085375ms)
✔ recheck takes exactly page_id and no caller-provided scope (0.113625ms)
✔ blocking advice comes from the blocking capability, not a secondary public-reply warning (0.097458ms)
✔ clean health browser mode prepares admin standalone before starting its fixture (14.2825ms)
✔ en: expired connection retains its full refusal inside a wrapping badge (4.924708ms)
✔ zh-TW: expired connection retains its full refusal inside a wrapping badge (3.633416ms)
✔ zh-CN: expired connection retains its full refusal inside a wrapping badge (0.562583ms)
✔ actual B1 snapshot state remains ok even when a fixture expected review_required (0.308959ms)
✔ D02 TWD input: whole dollars only, x100 on the wire (109.167208ms)
✔ D02 TWD edit text: whole dollars have no decimals; a legacy amount with cents is never shown as another price (0.25925ms)
✔ D02 display: NT$ without decimals in every language, cents only when there are cents (3.853583ms)
✔ D02 live-price input (Studio claims): TWD whole dollars, other currencies their decimals (0.211167ms)
✔ D02 discount code amounts: TWD whole dollars, a decimal is refused before it is sent (0.269958ms)
✔ D02 no admin copy or component says 'minor units' to the merchant (88.856334ms)
✔ M06 time: Asia/Taipei everywhere, labelled, never UTC (15.541459ms)
✔ settings answer: exactly one boolean key (5.187ms)
✔ PUT body is the frozen single key (0.122625ms)
✔ BFF grammar: GET read, PUT keyed command, nothing else (0.233625ms)
✔ copy: three locales, same keys, no empty text (0.151292ms)
✔ PRM01 parse: exact keys, kind/value pairing and ranges; duplicates and unknown keys are refused (6.072292ms)
✔ PRM02 Taipei wall time: +08:00 on the wire, instant shown back in Taipei, impossible dates refused (15.947333ms)
✔ PRM03 create body: normalised code, major units to minor units, optional fields null, whole body validated (4.444375ms)
✔ PRM04 update + toggle: version CAS key, form round trip, pause keeps every other field (0.4235ms)
✔ PRM05 BFF grammar: exactly list, create and update; nothing generic (0.174792ms)
✔ PRM06 copy: three locales carry the same keys and every refusal code the Go routes can answer (0.129667ms)
✔ G-UI3/G-UI5 architecture constraints pass with shrinking legacy exceptions (2028.55325ms)
✔ G-UI3/G-UI5 negatives: new formatter, component fetch, >800 lines and wider allowance fail (0.541167ms)
✔ Readiness jump controls expose the actual active section, not a click flag (0.663542ms)
✔ Integrator P2: legal CN comment ordering and a distinct three-image recommendation (0.173041ms)
✔ ADM04 and ADM06 explain unavailable SKUs and keep collection vocabulary consistent (0.235209ms)
✔ ADM06 create/detail titles share the route vocabulary without adding a phantom Next page (0.319083ms)
✔ G-UI1 Next pages and route registry are bidirectional, unique, typed, documented (1.638333ms)
✔ G-UI1 copy key parity: no missing or extra key in any locale (0.090833ms)
✔ G-UI2 staff without catalog:read cannot see products/inventory or open a product URL (0.428875ms)
✔ G-UI2 every route permission is a permission Go knows, and /orders/new needs inventory:reserve (216.110708ms)
✔ G-UI1 dynamic and public routes match, details never appear as navigation (0.5065ms)
✔ Every browser spec clicks nav-orders: the orders group stays a singleton, so returns/new/print routes are nav: false (0.921459ms)
✔ created address is a strict HTTPS origin matching the assigned handle (1.707833ms)
✔ DNS instructions must name the requested origin and a bare hostname target (0.390875ms)
✔ domain kind is authoritative and closed, not inferred from host or token (0.159959ms)
✔ apex DNS retains every concrete IPv4/IPv6 address and rejects malformed values (2.747875ms)
✔ pending domain journal preserves exact action/key/target; legacy or corrupt markers never replay (0.515ms)
✔ browser-origin gate: every refusal happens before Go is called, for every action (631.054ms)
✔ only POST exists on the team routes (17.202041ms)
✔ unknown action is a local 404 and never reaches Go (0.9175ms)
✔ strict request grammar: wrong keys, types, ids, roles, locales and token shapes are 422 locally (30.936875ms)
✔ what reaches Go: BFF key, bearer from the cookie, no Cookie/Origin, body unchanged, exactly one call per request (267.22825ms)
✔ Go failures are rebuilt locally from allow-listed codes, never retried, and never echo the token (417.834458ms)
✔ team answer: accepts the frozen shape, null role and OIDC member without email (0.546792ms)
✔ team answer: unknown key, unknown role, bad id, bad mail state are rejected (0.905875ms)
✔ invite and accept answers are strict (0.47ms)
✔ request grammar: every action has an exact key set and rejects junk values (1.379625ms)
✔ copy: three locales carry the same keys and a label for every role (0.435791ms)
✔ role-aware navigation: hides entries the member's permissions cannot use; unknown shows all; Team is owner-only (0.22825ms)
✔ P02 settlements directory rejects missing/link/owner/group/mode with a valid control (1326.405583ms)
✔ preflight health permission grammars and API/worker consistency fail closed (7377.220375ms)
✔ merchant alert flag is explicit 0|1 and independently requires SMTP (4683.442875ms)
✔ shared loader makes API/worker LIVE pair file-only before Compose interpolation (838.072709ms)
✔ export bind accepts omitted JSON false but rejects unsafe source/config mutations (2.607208ms)
✔ sanctioned operator allowlist and fail-closed gates (fake docker, no network) (2607.113083ms)
✔ platform operator custody, export mount and binary are wired (235.653708ms)
✔ actual export bind refuses a missing directory; enabling auto-create is detected (530.090708ms)
✔ R3 preflight rejects cancelled PAYUNi, validates Page app and keeps LIVE pair mandatory (1275.490667ms)
✔ R3 smoke exercises exact denied probes, accepts 404 only for disabled mounts (113.904625ms)
✔ positive control: a complete, valid configuration raises no META_LOGIN finding (1957.701959ms)
✔ feature off (COMMERCE_META_LOGIN_CONFIG_ID empty): no rule applies even with the other keys empty (733.469958ms)
✔ P06: the Page route needs the webhook receiver (593.436916ms)
✔ P06: sessions come from identity (835.799291ms)
✔ P06: without the claims profile nobody sends the private replies (a WARN, not a FAIL) (1187.153708ms)
✔ P08: COMMERCE_META_LOGIN_CONFIG_ID must be numeric ("abc") (961.677416ms)
✔ P08: COMMERCE_META_LOGIN_CONFIG_ID must be numeric ("12 34") (620.05225ms)
✔ P08: COMMERCE_META_LOGIN_CONFIG_ID must be numeric ("111111111111") (447.7145ms)
✔ P08: COMMERCE_META_LOGIN_CONFIG_ID must be numeric ("0x10") (850.070167ms)
✔ P08: COMMERCE_META_LOGIN_CONFIG_ID must be numeric ("-1") (616.645917ms)
✔ P08: COMMERCE_META_LOGIN_REDIRECT_URI must be exactly https://<LC_ADMIN_HOST>/api/meta/callback (wrong host) (601.688916ms)
✔ P08: COMMERCE_META_LOGIN_REDIRECT_URI must be exactly https://<LC_ADMIN_HOST>/api/meta/callback (http scheme) (802.383583ms)
✔ P08: COMMERCE_META_LOGIN_REDIRECT_URI must be exactly https://<LC_ADMIN_HOST>/api/meta/callback (the ads callback path) (798.456291ms)
✔ P08: COMMERCE_META_LOGIN_REDIRECT_URI must be exactly https://<LC_ADMIN_HOST>/api/meta/callback (trailing slash) (382.248041ms)
✔ P08: COMMERCE_META_LOGIN_REDIRECT_URI must be exactly https://<LC_ADMIN_HOST>/api/meta/callback (query string) (532.411041ms)
✔ P08: COMMERCE_META_LOGIN_REDIRECT_URI must be exactly https://<LC_ADMIN_HOST>/api/meta/callback (empty) (514.56525ms)
✔ P08: COMMERCE_META_LOGIN_GRAPH_VERSION grammar vNN.N ("26.0") (519.07975ms)
✔ P08: COMMERCE_META_LOGIN_GRAPH_VERSION grammar vNN.N ("v26") (542.662084ms)
✔ P08: COMMERCE_META_LOGIN_GRAPH_VERSION grammar vNN.N ("v26.0.1") (402.587333ms)
✔ P08: COMMERCE_META_LOGIN_GRAPH_VERSION grammar vNN.N ("latest") (266.792708ms)
✔ P08: COMMERCE_META_LOGIN_GRAPH_VERSION grammar vNN.N ("") (396.870583ms)
✔ P08: COMMERCE_META_LOGIN_GRAPH_VERSION grammar vNN.N ("v1000.0") (382.321333ms)
✔ P08: COMMERCE_META_LOGIN_GRAPH_VERSION accepts v26.0 (351.789708ms)
✔ P08: COMMERCE_META_LOGIN_GRAPH_VERSION accepts v22.0 (259.724667ms)
✔ P08: COMMERCE_META_LOGIN_GRAPH_VERSION accepts v99.9 (248.486167ms)
✔ production without any alert channel is a FAIL (nobody would hear the next outage) (1926.174042ms)
✔ outside production the same gap is only a WARN (750.460958ms)
✔ a webhook alone satisfies the rule (655.263291ms)
✔ an e-mail target with a complete relay (host, username, secret) satisfies the rule (1098.283583ms)
✔ an e-mail target without the relay secret cannot be sent: FAIL in production, WARN elsewhere (2243.024583ms)
✔ the example's CHANGE_ME_SENDER placeholder is not a relay: the e-mail target cannot be sent (534.804583ms)
✔ LC_ALERT_EMAIL must be one plain address ("not-an-address") (661.581917ms)
✔ LC_ALERT_EMAIL must be one plain address ("two@fake.invalid,three@fake.invalid") (665.96625ms)
✔ LC_ALERT_EMAIL must be one plain address ("a b@fake.invalid") (661.823667ms)
✔ LC_ALERT_EMAIL must be one plain address ("<owner@fake.invalid>") (590.9935ms)
✔ LC_ALERT_EMAIL must be one plain address ("owner@fake") (595.283208ms)
✔ storefront cart-line removal is reversible: clicked for real, not guarded (2.360958ms)
✔ destructive / irreversible / sign-out classification (owner list, en + zh) (1.245792ms)
✔ alike controls (rows with ids / numbers) share one class key (0.214417ms)
✔ known defects classify, never silence: stale entries are reported (0.513584ms)
✔ the markdown ledger has one row per interaction and names the verdict (0.20225ms)
✔ protocolHrefOK accepts well-formed tel:/mailto: and rejects malformed ones (0.149875ms)
✔ J1 waits for enabled media and clicks a real chooser; the uploaded cover is bound to the main section (1929.380042ms)
✔ J1 cannot credit a detail-image receipt as the main cover (2.876917ms)
✔ J1 refuses a failed cover upload rather than continuing to activate (0.736125ms)
✔ thresholds are the named constants of the brief (5.63975ms)
✔ R1: document wider than the viewport, and the outermost element past the edge (0.911709ms)
✔ R2: label tops, control tops and control heights of one visual row (2.829583ms)
✔ R2: what is one row and what is not (0.560375ms)
✔ R2: a button beside a field has to line up with its control (1.011417ms)
✔ R3: a row made tall by stacked controls, a control wider than its cell (3.117792ms)
✔ R3: a matrix whose EVERY row is doubled by a stacked stock cell (the median cannot see it) (0.947459ms)
✔ R4: small text, helper text apart, icons and duplicates excepted (0.403959ms)
✔ R5: tap targets on the 390 viewport only (6.144375ms)
✔ R6: interactive elements and text boxes that overlap (0.355625ms)
✔ R7: text clipped inside a control or label (either side), and select values that do not fit (0.80825ms)
✔ R8: the same visible label twice in one list (0.646666ms)
✔ evaluate() tags severity, selectRecords() keeps distinct groups first and counts every instance (1.422917ms)
✔ R9: text and controls flush to the screen edge at 390 (3.430375ms)
✔ R6/R9 judge the visible (ancestor-clipped) rectangle, not the raw one (integrator ruling 2026-10-05) (1.358875ms)
✔ R10: a fixed or sticky bar covering main content after scrolling (0.992625ms)
✔ R11: controls narrower than a usable width (1.044625ms)
ℹ tests 417
ℹ suites 0
ℹ pass 417
ℹ fail 0
ℹ cancelled 0
ℹ skipped 0
ℹ todo 0
ℹ duration_ms 21270.532375
✔ legacy display sentinels preserve a list row without admitting arbitrary or private data (2.230625ms)
✔ orders-v2 accepts bounded filters and Taipei inclusive dates; rejects ambiguity (1.191708ms)
✔ orders-v2 rejects client count approximations, unbounded or extra response data (0.179083ms)
✔ all three locales label every task queue, payment and delivery mode (0.34775ms)
ℹ tests 4
ℹ suites 0
ℹ pass 4
ℹ fail 0
ℹ cancelled 0
ℹ skipped 0
ℹ todo 0
ℹ duration_ms 103.033667
✔ numeric store IDs have no suggestion BFF or browser client (1.363458ms)
ℹ tests 1
ℹ suites 0
ℹ pass 1
ℹ fail 0
ℹ cancelled 0
ℹ skipped 0
ℹ todo 0
ℹ duration_ms 74.060125
✔ ADM10 operator sentence is localized while product and company facts stay authoritative (0.409708ms)
✔ PS review: actual Host matching normalizes case, port and a terminal DNS dot, never forwarded authority (0.24425ms)
✔ PS review: privacy/terms retain Messenger and Instagram purpose disclosure; deletion uses exact UI labels (0.105542ms)
✔ P2-N1 zh-TW/privacy: current comments and private reply, conditional inbound messages (0.074208ms)
✔ P2-N1 zh-TW/terms: current comments and private reply, conditional inbound messages (0.04ms)
✔ P2-N1 zh-CN/privacy: current comments and private reply, conditional inbound messages (0.033666ms)
✔ P2-N1 zh-CN/terms: current comments and private reply, conditional inbound messages (0.047292ms)
✔ P2-N1 en/privacy: current comments and private reply, conditional inbound messages (0.039291ms)
✔ P2-N1 en/terms: current comments and private reply, conditional inbound messages (0.04475ms)
✔ PS1 legal identity is one untranslated source (0.079375ms)
✔ PS1 contact and hosts come only from configuration; production fails closed (0.335333ms)
✔ PS2 public routes default to zh-TW, restrict page/locale, and never include admin (0.513209ms)
✔ PS4 optional Meta verification value never has a fake default (0.0765ms)
✔ PS1 every locale uses the same product name in auth page titles (0.049041ms)
✔ PS1 public page copy has three complete locales, no invented operator identity or contact (0.23975ms)
✔ PS1 production build validates config; public data is not bundled through NEXT_PUBLIC (0.913334ms)
✔ PS review: admin image installs the manifests for its workspace dependencies before building (0.336792ms)
ℹ tests 17
ℹ suites 0
ℹ pass 17
ℹ fail 0
ℹ cancelled 0
ℹ skipped 0
ℹ todo 0
ℹ duration_ms 102.750167
✔ R11 SQL's exact receipt states are accepted; missing/forged operation/state remains unknown (1.00825ms)
✔ R11 durable receipt journal validates phase against exact operation state (0.379125ms)
✔ R11 actual read control distinguishes replay/inflight/unknown/failure in en (7.219ms)
✔ R11 actual read control distinguishes replay/inflight/unknown/failure in zh-TW (1.277334ms)
✔ R11 actual read control distinguishes replay/inflight/unknown/failure in zh-CN (0.793458ms)
✔ unknown journal retains exact key/boundary and is scoped to store+session; malformed state fails closed (0.18675ms)
✔ R12 read hook keeps network UNKNOWN on one key and explicitly refreshes acknowledged UNKNOWN (20.031875ms)
✔ actual POST transport uses CSRF and session fence; 403 independent of response text (20.988541ms)
✔ R10 ROAS has exactly two decimals in en (37.281375ms)
✔ R10 unknown ROAS is never fabricated as zero in en (0.106292ms)
✔ R10 ROAS has exactly two decimals in zh-TW (1.132708ms)
✔ R10 unknown ROAS is never fabricated as zero in zh-TW (0.07175ms)
✔ R10 ROAS has exactly two decimals in zh-CN (0.152542ms)
✔ R10 unknown ROAS is never fabricated as zero in zh-CN (0.144125ms)
✔ shared presentation preserves registry title and one empty buyer message in en (33.118875ms)
✔ R11 large linked-draft list is complete but collapsed in en (5.934792ms)
✔ shared presentation preserves registry title and one empty buyer message in zh-TW (8.459209ms)
✔ R11 large linked-draft list is complete but collapsed in zh-TW (3.851208ms)
✔ shared presentation preserves registry title and one empty buyer message in zh-CN (8.584542ms)
✔ R11 large linked-draft list is complete but collapsed in zh-CN (2.951542ms)
✔ R11 timeline distinguishes local unknown spend from explicit Meta zero in en (3.64925ms)
✔ R11 timeline distinguishes local unknown spend from explicit Meta zero in zh-TW (3.002792ms)
✔ R11 timeline distinguishes local unknown spend from explicit Meta zero in zh-CN (4.876417ms)
✔ R11 I12 nullable Meta evidence survives without becoming zero (0.526375ms)
✔ R11 actual panel rendering preserves unknowns and reconnect route in en (17.126542ms)
✔ R11 actual panel rendering preserves unknowns and reconnect route in zh-TW (31.2975ms)
✔ R11 actual panel rendering preserves unknowns and reconnect route in zh-CN (16.366083ms)
✔ D1, D6, R7: exact amounts and sources remain independent, account days stay labelled (0.267416ms)
✔ R12: null stays unknown and unread / unauthorised / insufficient remain different states (0.271209ms)
✔ R12 granted but unread audience offers a read, never reconnect in en (2.784667ms)
✔ R12 granted but unread audience offers a read, never reconnect in zh-TW (2.010792ms)
✔ R12 granted but unread audience offers a read, never reconnect in zh-CN (2.187083ms)
✔ I12 forged / missing frozen fields never silently become zeros (1.037ms)
✔ only whitelisted aggregates survive: extra identifiers and HTML are never interpreted (0.069792ms)
✔ attribution is a read-only BFF resource with exact bounded query grammar (0.540834ms)
✔ audience-read is exactly the new local intention POST and never a data GET or queried write (0.661334ms)
✔ route fails closed without ads:read and is not a duplicate navigation entry; locale keys match (0.235375ms)
ℹ tests 37
ℹ suites 0
ℹ pass 37
ℹ fail 0
ℹ cancelled 0
ℹ skipped 0
ℹ todo 0
ℹ duration_ms 575.997666
✔ card-payments copy: identical key sets in all three locales (1.726542ms)
✔ merchant terms are quoted verbatim (contract §5) in the enable dialog (0.113792ms)
✔ ruling-fixed strings: platform not OPEN and BLOCKED note (0.042875ms)
✔ error map covers every frozen refusal code from migrations/0137 (0.068459ms)
✔ no Stripe account id, key or approval id shape appears in any copy string (0.282167ms)
✔ storefront collector disclosure matches contract §5 templates in three languages (0.053584ms)
✔ the merchant terms in the dialog are the contract §5 sentence, extracted from the contract (0.354083ms)
✔ the storefront templates are the contract §5 lines, extracted from the contract (0.123041ms)
✔ settlement copy: deduction columns are labelled as deductions in every language, with a legend and the net formula (0.246667ms)
✔ there is no separate 'not on the allowlist' message: it reads as not open (review P1-2) (0.086708ms)
✔ card summary accepts the frozen shape incl. all-null platform NONE (0.838542ms)
✔ card summary rejects unknown keys, bad enums, bad money, bad version (0.285333ms)
✔ card result is exactly {state, version, max_minor, currency, descriptor_preview} (0.095209ms)
✔ descriptor suffix rule: charset, 2..10 chars, must contain a letter (0.132917ms)
✔ the suffix length rule is the charset rule's 10; the 22-character descriptor total stays the server's (SANDBOX L=10, LIVE PrefixLength) (0.057625ms)
✔ descriptor preview mirrors the contract projection (base + '* ' + suffix) (0.056416ms)
✔ settlement list accepts statements without payout/lines keys (omitempty) (0.869792ms)
✔ settlement detail carries lines whose count and sums match the totals (0.385083ms)
✔ settlement parsers reject malformed reads (1.523625ms)
✔ fees, refunds and disputes are signed exactly as the ledger stores them (2.109667ms)
✔ a returned fee is a positive line fee; the detail's lines must add up to the statement totals (0.613417ms)
✔ closed_at/paid_at accept the offsets PostgreSQL emits as well as Z (0.749084ms)
✔ a payout reference shaped like a Stripe key or account id is never displayed (0.547ms)
✔ platform not OPEN: 'not open yet' and no enable control, for every non-OPEN state; the platform badge still tells why (1.4535ms)
✔ allowlisted + OPEN: enable from NONE/DISABLED, disable from ENABLED (0.11775ms)
✔ not allowlisted on an OPEN platform reads exactly like not open: the same message, no 'platform open' badge, no enable (review P1-2) (0.099417ms)
✔ BLOCKED: the suspended note, disable only, never enable (whatever the platform says) (0.081208ms)
✔ without billing:manage nothing can be changed, but the state is still readable (0.058ms)
✔ enable carries the platform's current terms, the suffix and the version read; NONE starts at 0 (0.068542ms)
✔ disable never sends a suffix and quotes the terms the store accepted (the platform's may have moved on) (0.045334ms)
✔ a retained suffix is recovered from the final preview so a re-enable can keep it (0.049667ms)
✔ the period label shows the last day inside the (exclusive-end) week (1.511541ms)
✔ payout state: paid, pending only when money is due, none when the week nets to zero or less (0.128ms)
✔ card-payments and settlements are nav:false routes, so no group loses or gains a nav button (2.177416ms)
✔ settlements need billing:manage, the card page integration:read; the owner opens both (0.676875ms)
✔ statement cells: a dispute reversal and a returned fee read as credits (+) and every deduction as -, and the columns add up to the server's net (13.182875ms)
✔ the detail parser requires the lines of a statement that has lines; a quiet week (line_count 0) may omit them (0.46925ms)
✔ route table: exactly the four resources, nothing generic (0.543416ms)
✔ query grammar: card and settlement-detail are exact; settlements takes before/limit only (0.231542ms)
✔ request fence: keyless PUT (CAS), bodyless GETs, no transfer-encoding (39.02075ms)
✔ PUT body is the exact frozen shape {enabled, terms_version, descriptor_suffix, expected_version} (0.48475ms)
✔ the BFF route wires the card grammar: keyless CAS PUT, exact body, no-store, auth required (3.509291ms)
✔ the real card summary parses and drives the display state machine (3.568542ms)
✔ the real statement list parses: newest first, no lines, three payout states (2.452291ms)
✔ every real detail parses with its lines and the lines add up to the statement (1.501333ms)
✔ an empty ledger parses to no statements (0.749458ms)
✔ no account id, key or approval shape is in any real body (1.227584ms)
✔ the real statements display literally as signed contributions that add up to the server's net (13.755708ms)
ℹ tests 48
ℹ suites 0
ℹ pass 48
ℹ fail 0
ℹ cancelled 0
ℹ skipped 0
ℹ todo 0
ℹ duration_ms 205.29625
✔ option/slug/SKU caps equal internal/catalog (options.go, catalog.go) (17.914ms)
✔ text caps equal the Go validators (name 120, description 8000, SEO 70/160, collection title 80) (0.997208ms)
✔ photo caps equal Go (MaxMainImages, MaxDetailImages, MaxImageBytes) and the SKU code pattern (3.263625ms)
✔ PE13 Cartesian matrix is local, preserves edits and deduplicates values (0.579ms)
✔ PE13 bulk quantity skips negative rows without modifying them (2.35075ms)
✔ PE12 untracked document uses whole currency and per-order cap, never quantity (11.973375ms)
✔ PE14 missing readback is not guessed or silently cleared by full replacement (0.179333ms)
✔ bulk status accepts explicit per-item results, never empty or duplicated confirmations (0.777958ms)
✔ matrix refuses over 100 SKUs before expansion (0.498125ms)
✔ parity: admin caps equal the Go constants (11.9755ms)
✔ image list: 4 main + 20 detail + 2 sku in role order is accepted (0.3915ms)
✔ image list: 5 main, 21 detail, wrong role order, gaps and extra keys are refused (0.1455ms)
✔ single image: role is required and its position is bounded by the role cap (0.058584ms)
✔ option text limits count Go runes rather than UTF-16 units (0.930417ms)
✔ PE14 new edit SKU carries its own shipping and clears no existing fields (12.543958ms)
✔ PE14 patch changes only price and preserves unmentioned fields (0.879375ms)
✔ PE14 on_hand is not available, zero target is transmitted, ambiguous warehouse refuses (0.749667ms)
✔ PE14 explicit clears and shipping remain per SKU on an active row (0.213875ms)
✔ PE14 archive supersedes every other edit on that SKU (b77eeb11) (0.149625ms)
✔ PE14 no-op has no command fields and changed axes explicitly archive omitted variants (0.099625ms)
ℹ tests 20
ℹ suites 0
ℹ pass 20
ℹ fail 0
ℹ cancelled 0
ℹ skipped 0
ℹ todo 0
ℹ duration_ms 159.10325
(node:61405) ExperimentalWarning: Transform Types is an experimental feature and might change at any time
(Use `node --trace-warnings ...` to show where the warning was created)
✔ UNKNOWN retry client authorization loss requires reconciliation, not a fresh command (5.652ms)
✔ UNKNOWN retry 401 authorization loss requires reconciliation, not a fresh command (13.265083ms)
✔ UNKNOWN retry 403 authorization loss requires reconciliation, not a fresh command (1.512125ms)
✔ a conclusive command rejection stays distinct from authorization loss (2.503625ms)
ℹ tests 4
ℹ suites 0
ℹ pass 4
ℹ fail 0
ℹ cancelled 0
ℹ skipped 0
ℹ todo 0
ℹ duration_ms 172.124041
NOT_RUN: tests/media/r04-input-runner.test.mjs (COMMERCE_R04_LIVEKIT_BINARY unset)
✔ main/detail/sku caps use the existing frozen image contract (2.068583ms)
✔ phone and tall dimensions fit2000 without enlarging small assets (0.359625ms)
✔ upload query requires one exact role and sku value; reads/actions carry no query (0.826875ms)
✔ role transport encodes current option values and refuses invalid identities (0.53775ms)
✔ effective image axis follows current options, then falls back to first (0.303125ms)
✔ detail and option photos cannot satisfy the main-photo recommendation (0.196917ms)
✔ PM-U copy has matching keys in ja and all currently routed locales (0.3145ms)
✔ real-upload mode builds both Next applications on a clean CI checkout (20.420625ms)
✔ upload recovery journal survives a new session while remaining product/store scoped (0.177834ms)
✔ an option upload receipt requires its captured axis, value and image id on canonical readback (0.168041ms)
✔ failed durable recovery storage cannot authorize a media write (0.114375ms)
✔ an active product needs a main image after canonical media is known; repair paths stay possible (0.317417ms)
✔ empty media sections render a readable localized placeholder until photos are present (9.164209ms)
✔ real-upload mode never exits through the storefront MOCK shortcut (16.302875ms)
✔ a valid active zero-main product keeps an inline repair hint rather than a page error (6.495667ms)
✔ a new product issues the image-axis stage only for a chosen axis (1.158375ms)
ℹ tests 16
ℹ suites 0
ℹ pass 16
ℹ fail 0
ℹ cancelled 0
ℹ skipped 0
ℹ todo 0
ℹ duration_ms 404.313834
(node:61448) ExperimentalWarning: Transform Types is an experimental feature and might change at any time
(Use `node --trace-warnings ...` to show where the warning was created)
✔ a fitting PNG keeps the exact original File, bytes and alpha-capable format (0.930292ms)
✔ a JPEG exactly at both limits remains original, not a lossy re-encode (1.238083ms)
✔ an oversized phone JPEG is encoded below the cap after oriented scaling (2.401292ms)
✔ a large transparent PNG stays alpha-capable and is never painted with an opaque matte (1.149041ms)
ℹ tests 4
ℹ suites 0
ℹ pass 4
ℹ fail 0
ℹ cancelled 0
ℹ skipped 0
ℹ todo 0
ℹ duration_ms 136.182583
✔ HTTPS picklist fixture carries Secure session cookies automatically while preserving CSRF refusals (325.16675ms)
✔ batch controls stay compact until an order selection or live-session scope exists (0.458375ms)
✔ selection has XOR bodies, canonical unique IDs and separate 500/100 limits (0.539875ms)
✔ cross-page selection retains existing rows, deduplicates and refuses overflow atomically (2.329833ms)
✔ pick projection rejects PII/extra keys, invalid quantities and unmatched order identities (1.409583ms)
✔ batch replies bind one-for-one to confirmed orders and preserve uncertainty code (0.41375ms)
✔ pick/export POSTs reject keys and all query variants except one exact template (9.052334ms)
✔ CSV filename binds to selected template and store; no path/header injection (0.339ms)
✔ MOCK browser fixture list matches the incumbent closed order parser (42.63075ms)
✔ recovery never clears an unknown or missing current attempt (0.186458ms)
✔ recovery and order-detail MOCK fixtures satisfy real read parsers (26.832375ms)
✔ order selection can read its session fence during SSR without browser globals (3.799958ms)
✔ MOU keeps native headed checks runnable on a Linux CI worker without DISPLAY (26.557875ms)
ℹ tests 13
ℹ suites 0
ℹ pass 13
ℹ fail 0
ℹ cancelled 0
ℹ skipped 0
ℹ todo 0
ℹ duration_ms 965.125333
✔ parseShard: i/N, empty means unsharded, anything malformed throws (1.012458ms)
✔ assignShards: deterministic, every key owned once, near-balanced (LPT bound) (0.998208ms)
✔ planClick: for every N the shards partition the whole universe (every registry route x variant, storefront walk, journey) (1.459667ms)
✔ planClick at N=10 keeps every shard within ~1.3x of the mean planned cost (0.149375ms)
✔ aggregate click: honest shards pass for several N (4.185875ms)
✔ aggregate click: a missing shard, a dropped page row, a lost journey, a failing row, a stale known defect and a missing platform marker are each a failure (4.720625ms)
✔ aggregate click: a route added to the registry after the shards ran cannot pass (the registry is re-read) (0.450334ms)
✔ aggregate visual: honest shards pass; a missing shard, a missing shot, a blocking verdict and a registry route outside the universe each fail (8.324709ms)
ℹ tests 8
ℹ suites 0
ℹ pass 8
ℹ fail 0
ℹ cancelled 0
ℹ skipped 0
ℹ todo 0
ℹ duration_ms 133.789667
ci-plan: 10 job(s); click-sweep x10 (aggregate)
  --browser-click-sweep@1/10  -> artifact gate-browser-click-sweep_1_10
  --browser-click-sweep@2/10  -> artifact gate-browser-click-sweep_2_10
  --browser-click-sweep@3/10  -> artifact gate-browser-click-sweep_3_10
  --browser-click-sweep@4/10  -> artifact gate-browser-click-sweep_4_10
  --browser-click-sweep@5/10  -> artifact gate-browser-click-sweep_5_10
  --browser-click-sweep@6/10  -> artifact gate-browser-click-sweep_6_10
  --browser-click-sweep@7/10  -> artifact gate-browser-click-sweep_7_10
  --browser-click-sweep@8/10  -> artifact gate-browser-click-sweep_8_10
  --browser-click-sweep@9/10  -> artifact gate-browser-click-sweep_9_10
  --browser-click-sweep@10/10  -> artifact gate-browser-click-sweep_10_10
✔ the full sweep and the full visual lint fan out into every shard and ask for the aggregate (1.161292ms)
✔ foundation-shards = the unit shard + every plan group; the serial `foundation` mode is untouched (0.950375ms)
✔ an explicit shard re-run (or a partial list) never claims the whole-run aggregate (0.132ms)
✔ duplicates collapse, artifact names are safe and unique, bad input is refused (0.368ms)
✔ main writes matrix / sweep_n / visual_n to GITHUB_OUTPUT (1.41625ms)
✔ parser: only compiled, correctly-shaped Test functions of untagged _test.go files (1.431916ms)
✔ the real plan: every top-level test of tests/foundation runs in exactly one group (655.736459ms)
✔ a new test (in no list) still runs, exactly once, in the catch-all group; the same name with no catch-all is red (1034.678375ms)
✔ a test listed in two groups is red; drift beyond the limit is red (1024.2845ms)
✔ regexes: anchored explicit lists; the catch-all skips exactly everyone else's tests (0.656958ms)
✔ pack: deterministic, balanced to within the longest test, every name once (6.195ms)
✔ parseDurations: top-level lines only (0.252416ms)
ℹ tests 12
ℹ suites 0
ℹ pass 12
ℹ fail 0
ℹ cancelled 0
ℹ skipped 0
ℹ todo 0
ℹ duration_ms 2813.922375
✔ A8/A9/A13 and published templates: exact reads forward once with no-store (24.708708ms)
✔ real streamed POST bodies: A10-A14 exact keys reach upstream (17.836625ms)
✔ query, read headers, methods and body allowlists refuse before upstream (10.366875ms)
✔ session, CSRF and store authority precede content forwarding (3.636542ms)
✔ A12 fixed codes preserved; arbitrary upstream diagnostics stripped (10.487084ms)
✔ client preserves codes and receipt; changed/aborted session cannot publish private response (7.97225ms)
✔ A9 admits a full page of valid Unicode replies while bounding private response bytes (7.301291ms)
✔ three unit languages cover identical fixed labels and delivery states (2.496167ms)
✔ hiding aborts requests and rejects late responses, even after reveal (0.420958ms)
✔ switching selection invalidates both reads and write completions (0.101375ms)
✔ owner and explicit inbox permissions only; viewer fails closed (0.058584ms)
✔ Messenger counts Unicode codepoints; Instagram counts NFC UTF8 bytes (1.465833ms)
✔ uncertain transport retries retain the exact submission; definitive conflicts retire it (0.45075ms)
✔ privacy calibration cannot activate with production origin or ordinary caller env (0.1535ms)
✔ late focus/pageshow while native document remains hidden cannot reveal requests (0.095708ms)
✔ terminal navigation revocation cannot be undone by focus or refresh until a new page fence (0.061166ms)
✔ a ticket from another store/page fence is never accepted (0.049ms)
ℹ tests 17
ℹ suites 0
ℹ pass 17
ℹ fail 0
ℹ cancelled 0
ℹ skipped 0
ℹ todo 0
ℹ duration_ms 224.706084
