✖ three unit languages cover identical fixed labels and delivery states (1.789541ms)
ℹ tests 1
ℹ suites 0
ℹ pass 0
ℹ fail 1
ℹ cancelled 0
ℹ skipped 0
ℹ todo 0
ℹ duration_ms 106.165333

✖ failing tests:

test at tests/admin/inbox-copy.test.ts:11:1
✖ three unit languages cover identical fixed labels and delivery states (1.789541ms)
  AssertionError [ERR_ASSERTION]: Expected values to be strictly equal:

  '送出回覆' !== '发送回复'

      at TestContext.<anonymous> (file:///Volumes/data/live_commerce_architecture_v1/.worktrees/lc-u2b-inbox-page/tests/admin/inbox-copy.test.ts:47:10)
      at Test.runInAsyncScope (node:async_hooks:227:14)
      at Test.run (node:internal/test_runner/test:1201:25)
      at Test.start (node:internal/test_runner/test:1096:17)
      at startSubtestAfterBootstrap (node:internal/test_runner/harness:385:17) {
    generatedMessage: true,
    code: 'ERR_ASSERTION',
    actual: '送出回覆',
    expected: '发送回复',
    operator: 'strictEqual',
    diff: 'simple'
  }
