source: 39abae9f218339fba579761d4ef178cac4ea08d6
repeat: 50
command: node --test --experimental-strip-types tests/admin/inbox-review.test.ts

run 1 exit 0 tests 14 pass 14
✔ P1-1 actual visible focus preserves pending ticket, selection, revision and real retry receipt (13.418459ms)
✔ P1-1 actual unchanged-session pageshow checks without clearing; changed-session focus expires (0.409083ms)
✔ P1-1 actual hide/reveal clears and requests fresh revision, never accepts obsolete completion (0.310125ms)
✔ P1-1 changed-session visible focus expires even with a pending request (0.195458ms)
✔ P1-2 actual A9 refresh 404 removes rendered DM and unsent draft (453.655375ms)
✔ P1-2 actual send-finally A9 404 removes DM, draft and uncertain immutable receipt (19.9215ms)
✔ actual uncertain send still retains exact receipt when A9 authority remains (0ms post-send A9) (13.742667ms)
✔ actual uncertain send still retains exact receipt when A9 authority remains (50ms post-send A9) (167.62175ms)
✔ actual A9 stale held completion cannot paint after component cleanup (35.771292ms)
✔ P2 actual A14 404 clears buyer facts and customer draft (explicit future-version MOCK) (9.121333ms)
✔ safe authority errors remain the actual InboxError transport class (0.237791ms)
✔ actual current A13 without version keeps A14 disabled; future MOCK grants no backend claim (9.475875ms)
✔ P1-2 actual A11 takeover write 404 clears private state despite failing follow-up A9 (22.6075ms)
✔ P1-2 actual A12 send write 404 clears private state despite failing follow-up A9 (24.8185ms)
ℹ tests 14
ℹ suites 0
ℹ pass 14
ℹ fail 0
ℹ cancelled 0
ℹ skipped 0
ℹ todo 0
ℹ duration_ms 3537.910292

run 2 exit 0 tests 14 pass 14
✔ P1-1 actual visible focus preserves pending ticket, selection, revision and real retry receipt (5.920959ms)
✔ P1-1 actual unchanged-session pageshow checks without clearing; changed-session focus expires (0.932584ms)
✔ P1-1 actual hide/reveal clears and requests fresh revision, never accepts obsolete completion (0.364375ms)
✔ P1-1 changed-session visible focus expires even with a pending request (0.204666ms)
✔ P1-2 actual A9 refresh 404 removes rendered DM and unsent draft (48.6285ms)
✔ P1-2 actual send-finally A9 404 removes DM, draft and uncertain immutable receipt (25.137125ms)
✔ actual uncertain send still retains exact receipt when A9 authority remains (0ms post-send A9) (12.42425ms)
✔ actual uncertain send still retains exact receipt when A9 authority remains (50ms post-send A9) (133.532916ms)
✔ actual A9 stale held completion cannot paint after component cleanup (27.213791ms)
✔ P2 actual A14 404 clears buyer facts and customer draft (explicit future-version MOCK) (30.444833ms)
✔ safe authority errors remain the actual InboxError transport class (0.076041ms)
✔ actual current A13 without version keeps A14 disabled; future MOCK grants no backend claim (13.664958ms)
✔ P1-2 actual A11 takeover write 404 clears private state despite failing follow-up A9 (171.305791ms)
✔ P1-2 actual A12 send write 404 clears private state despite failing follow-up A9 (248.342958ms)
ℹ tests 14
ℹ suites 0
ℹ pass 14
ℹ fail 0
ℹ cancelled 0
ℹ skipped 0
ℹ todo 0
ℹ duration_ms 2155.994459

run 3 exit 0 tests 14 pass 14
✔ P1-1 actual visible focus preserves pending ticket, selection, revision and real retry receipt (7.789ms)
✔ P1-1 actual unchanged-session pageshow checks without clearing; changed-session focus expires (0.518708ms)
✔ P1-1 actual hide/reveal clears and requests fresh revision, never accepts obsolete completion (0.326416ms)
✔ P1-1 changed-session visible focus expires even with a pending request (0.221208ms)
✔ P1-2 actual A9 refresh 404 removes rendered DM and unsent draft (51.550667ms)
✔ P1-2 actual send-finally A9 404 removes DM, draft and uncertain immutable receipt (184.113666ms)
✔ actual uncertain send still retains exact receipt when A9 authority remains (0ms post-send A9) (83.363709ms)
✔ actual uncertain send still retains exact receipt when A9 authority remains (50ms post-send A9) (111.396875ms)
✔ actual A9 stale held completion cannot paint after component cleanup (2.381375ms)
✔ P2 actual A14 404 clears buyer facts and customer draft (explicit future-version MOCK) (4.4645ms)
✔ safe authority errors remain the actual InboxError transport class (0.066916ms)
✔ actual current A13 without version keeps A14 disabled; future MOCK grants no backend claim (2.1955ms)
✔ P1-2 actual A11 takeover write 404 clears private state despite failing follow-up A9 (5.717458ms)
✔ P1-2 actual A12 send write 404 clears private state despite failing follow-up A9 (4.974916ms)
ℹ tests 14
ℹ suites 0
ℹ pass 14
ℹ fail 0
ℹ cancelled 0
ℹ skipped 0
ℹ todo 0
ℹ duration_ms 1806.3295

run 4 exit 1 tests 14 pass 12
✔ P1-1 actual visible focus preserves pending ticket, selection, revision and real retry receipt (6.084584ms)
✔ P1-1 actual unchanged-session pageshow checks without clearing; changed-session focus expires (0.482ms)
✔ P1-1 actual hide/reveal clears and requests fresh revision, never accepts obsolete completion (0.309708ms)
✔ P1-1 changed-session visible focus expires even with a pending request (0.329292ms)
✔ P1-2 actual A9 refresh 404 removes rendered DM and unsent draft (71.797875ms)
✔ P1-2 actual send-finally A9 404 removes DM, draft and uncertain immutable receipt (12.390875ms)
✔ actual uncertain send still retains exact receipt when A9 authority remains (0ms post-send A9) (10.998583ms)
✔ actual uncertain send still retains exact receipt when A9 authority remains (50ms post-send A9) (426.467791ms)
✔ actual A9 stale held completion cannot paint after component cleanup (400.567167ms)
✔ P2 actual A14 404 clears buyer facts and customer draft (explicit future-version MOCK) (13.899875ms)
✔ safe authority errors remain the actual InboxError transport class (0.154209ms)
✔ actual current A13 without version keeps A14 disabled; future MOCK grants no backend claim (5.062625ms)
✖ P1-2 actual A11 takeover write 404 clears private state despite failing follow-up A9 (11.196ms)
✖ P1-2 actual A12 send write 404 clears private state despite failing follow-up A9 (1.244834ms)
ℹ tests 14
ℹ suites 0
ℹ pass 12
ℹ fail 2
ℹ cancelled 0
ℹ skipped 0
ℹ todo 0
ℹ duration_ms 2045.517125

✖ failing tests:

test at tests/admin/inbox-review.test.ts:304:3
✖ P1-2 actual A11 takeover write 404 clears private state despite failing follow-up A9 (11.196ms)
  AssertionError [ERR_ASSERTION]: actual A11/A12 callback reached held POST

  0 !== 1

      at TestContext.<anonymous> (file:///Volumes/data/live_commerce_architecture_v1/.worktrees/lc-u2b-inbox-page/tests/admin/inbox-review.test.ts:341:12)
      at async Test.run (node:internal/test_runner/test:1208:7)
      at async Test.processPendingSubtests (node:internal/test_runner/test:831:7) {
    generatedMessage: false,
    code: 'ERR_ASSERTION',
    actual: 0,
    expected: 1,
    operator: 'strictEqual',
    diff: 'simple'
  }

test at tests/admin/inbox-review.test.ts:304:3
✖ P1-2 actual A12 send write 404 clears private state despite failing follow-up A9 (1.244834ms)
  AssertionError [ERR_ASSERTION]: actual authorized baseline DM rendered
      at TestContext.<anonymous> (file:///Volumes/data/live_commerce_architecture_v1/.worktrees/lc-u2b-inbox-page/tests/admin/inbox-review.test.ts:331:12)
      at async Test.run (node:internal/test_runner/test:1208:7)
      at async Test.processPendingSubtests (node:internal/test_runner/test:831:7) {
    generatedMessage: false,
    code: 'ERR_ASSERTION',
    actual: false,
    expected: true,
    operator: '==',
    diff: 'simple'
  }
