✔ OrderHistory renders server order instant in Taipei (7.929709ms)
✔ ClaimLink renders claim expiry in Taipei (3.9195ms)
✔ BankTransfer renders deadline and proof instant in Taipei (2.0485ms)
✔ ShopFooter uses Taipei year across UTC year boundary (2.272584ms)
✔ Meta rejection wording is preserved as bounded Unicode text, never translated (1.179875ms)
✔ frozen error codes: model list equals the frozen list, each is read from both error shapes (0.3625ms)
✔ copy: every code, status, op state and connect error has text in all three locales (0.280167ms)
✔ copy never calls a budget a hard stop and never offers resume (0.255208ms)
✔ draft: every §5.1 status parses; unknown status/template/op state is an error, never guessed (0.344708ms)
✔ draft: optional fields, remote ids and the Ads Manager link (0.160083ms)
✔ action hints: pause whenever a remote id exists and not ENDED; a paused draft is only ever copied (X7) (0.294792ms)
✔ money: whole units to minor with integer math; TWD must be whole (9.951917ms)
✔ Taipei schedule: wall inputs and draft projections ignore the viewer zone (3.989208ms)
✔ Taipei schedule: invalid calendar days are rejected and all copy names UTC+8 (0.354542ms)
✔ draft input: exact 11-key body and every local rule (3.438709ms)
✔ draft form round trip and X7 copy (blank schedule, no id, no revision) (0.226958ms)
✔ settings parser: environment enum, connections, identities, capi (0.37075ms)
✔ connect state parser: pick list kinds and id match (0.115959ms)
✔ report: three separate blocks, orders may be null, no combined figure (0.254292ms)
✔ default report window is the Asia/Taipei store day whatever the viewer's zone is (Taipei midnight boundary) (1.998416ms)
✔ capi body and validation (0.099ms)
✔ W6-06B unbind response: exact keys, account, UUIDs and outcome semantics (0.165834ms)
✔ W6-06B in-flight details preserve bounded items and total, reject unknown shapes (0.15825ms)
✔ W6-06B catalog feed has exact public URL/domain pairs or published-store empty (0.448125ms)
✔ W6-06B copy preserves unbind boundaries and feed recovery in three locales (0.085625ms)
✔ W6-06B feed selection follows origin order, not full feed URL order (0.088625ms)
✔ customer list accepts the frozen row and rejects unknown keys, dup ids, bad cursor, oversize (4.399166ms)
✔ customer row invariants: nulls for bundle-only/erased, counts, money, consents (0.798375ms)
✔ customer detail: bounded lists, order summaries reuse the orders parser, id must match (1.7285ms)
✔ erasure summary is four counts only (0.09175ms)
✔ finance summary: net = captured - refunded (I05), totals carry an empty day, sandbox flag (0.291875ms)
✔ financeDay is the UTC+8 day (0.054292ms)
✔ finance defaults keep Taipei dates across midnight, leap day and year end (0.078625ms)
✔ tags and notes are parsed strictly (W6-01B) (0.543625ms)
✔ Ads merchant timestamp uses Taipei at the year boundary (21.903417ms)
✔ Design version published_at cell uses Taipei at the year boundary (5.2145ms)
✔ ManualOrder bank-transfer expiry uses Taipei at the year boundary (4.35475ms)
ℹ tests 37
ℹ suites 0
ℹ pass 37
ℹ fail 0
ℹ cancelled 0
ℹ skipped 0
ℹ todo 0
ℹ duration_ms 151.343125
