=== RUN   TestStripeRF12Guards
=== RUN   TestStripeRF12Guards/replaced_B1_functions_differ_from_their_last_definition_only_by_the_stated_delta
=== RUN   TestStripeRF12Guards/only_internal/integrations/psp/stripe_dials_Stripe
=== RUN   TestStripeRF12Guards/COMMENT_ON_for_every_0062_object_and_column
=== RUN   TestStripeRF12Guards/package_comments_(PROCESS_§5)
    stripe_refund_guards_test.go:413: DATA internal/httpapi: package comment lacks [owns] (pre-existing; reviewer decision)
=== RUN   TestStripeRF12Guards/logs_and_rows_carry_no_key,_whsec,_body_or_ARN_after_a_full_MOCK_refund_run
--- PASS: TestStripeRF12Guards (13.99s)
    --- PASS: TestStripeRF12Guards/replaced_B1_functions_differ_from_their_last_definition_only_by_the_stated_delta (9.26s)
    --- PASS: TestStripeRF12Guards/only_internal/integrations/psp/stripe_dials_Stripe (0.26s)
    --- PASS: TestStripeRF12Guards/COMMENT_ON_for_every_0062_object_and_column (0.03s)
    --- PASS: TestStripeRF12Guards/package_comments_(PROCESS_§5) (0.01s)
    --- PASS: TestStripeRF12Guards/logs_and_rows_carry_no_key,_whsec,_body_or_ARN_after_a_full_MOCK_refund_run (4.44s)
=== RUN   TestStripeSP06Schema
=== RUN   TestStripeSP06Schema/negative/integration.merchant_accounts
=== RUN   TestStripeSP06Schema/negative/integration.account_credentials
=== RUN   TestStripeSP06Schema/negative/payments.account_qualifications
=== RUN   TestStripeSP06Schema/negative/payments.facts
=== RUN   TestStripeSP06Schema/negative/payments.review_cases
=== RUN   TestStripeSP06Schema/deadline/expires_at_40_minutes
=== RUN   TestStripeSP06Schema/deadline/send_deadline_7_minutes
=== RUN   TestStripeSP06Schema/deadline/handoff_cutoff_5_minutes
--- PASS: TestStripeSP06Schema (0.09s)
    --- PASS: TestStripeSP06Schema/negative/integration.merchant_accounts (0.00s)
    --- PASS: TestStripeSP06Schema/negative/integration.account_credentials (0.00s)
    --- PASS: TestStripeSP06Schema/negative/payments.account_qualifications (0.00s)
    --- PASS: TestStripeSP06Schema/negative/payments.facts (0.00s)
    --- PASS: TestStripeSP06Schema/negative/payments.review_cases (0.00s)
    --- PASS: TestStripeSP06Schema/deadline/expires_at_40_minutes (0.00s)
    --- PASS: TestStripeSP06Schema/deadline/send_deadline_7_minutes (0.00s)
    --- PASS: TestStripeSP06Schema/deadline/handoff_cutoff_5_minutes (0.00s)
=== RUN   TestStripeSP06RegistrarIsolation
=== RUN   TestStripeSP06RegistrarIsolation/second_account_same_store
=== RUN   TestStripeSP06RegistrarIsolation/same_account_other_store
=== RUN   TestStripeSP06RegistrarIsolation/foreign_principal
=== RUN   TestStripeSP06RegistrarIsolation/foreign_tenant_store_pair
--- PASS: TestStripeSP06RegistrarIsolation (0.18s)
    --- PASS: TestStripeSP06RegistrarIsolation/second_account_same_store (0.00s)
    --- PASS: TestStripeSP06RegistrarIsolation/same_account_other_store (0.00s)
    --- PASS: TestStripeSP06RegistrarIsolation/foreign_principal (0.00s)
    --- PASS: TestStripeSP06RegistrarIsolation/foreign_tenant_store_pair (0.00s)
=== RUN   TestStripeSP06EndpointCustodyAndRLS
--- PASS: TestStripeSP06EndpointCustodyAndRLS (0.14s)
=== RUN   TestStripeUntrackedCaptureAndClose
=== RUN   TestStripeUntrackedCaptureAndClose/all_untracked/capture
    stripe_untracked_capture_test.go:64: OWNER-POOL: payments.stripe_sessions session + payment intent pin
    stripe_untracked_capture_test.go:79: OWNER-POOL: payments.provider_observations report
=== RUN   TestStripeUntrackedCaptureAndClose/all_untracked/close
    stripe_untracked_capture_test.go:64: OWNER-POOL: payments.stripe_sessions session + payment intent pin
    stripe_untracked_capture_test.go:79: OWNER-POOL: payments.provider_observations report
=== RUN   TestStripeUntrackedCaptureAndClose/mixed/capture
    stripe_untracked_capture_test.go:64: OWNER-POOL: payments.stripe_sessions session + payment intent pin
    stripe_untracked_capture_test.go:79: OWNER-POOL: payments.provider_observations report
=== RUN   TestStripeUntrackedCaptureAndClose/mixed/close
    stripe_untracked_capture_test.go:64: OWNER-POOL: payments.stripe_sessions session + payment intent pin
    stripe_untracked_capture_test.go:79: OWNER-POOL: payments.provider_observations report
--- PASS: TestStripeUntrackedCaptureAndClose (1.54s)
    --- PASS: TestStripeUntrackedCaptureAndClose/all_untracked/capture (0.40s)
    --- PASS: TestStripeUntrackedCaptureAndClose/all_untracked/close (0.37s)
    --- PASS: TestStripeUntrackedCaptureAndClose/mixed/capture (0.38s)
    --- PASS: TestStripeUntrackedCaptureAndClose/mixed/close (0.39s)
=== RUN   TestStripeUntrackedReservationRefusals
=== RUN   TestStripeUntrackedReservationRefusals/capture/missing_tracked_lines
    stripe_untracked_capture_test.go:122: OWNER-POOL: payments.stripe_sessions session + payment intent pin
    stripe_untracked_capture_test.go:126: OWNER-POOL: replica-mode tamper/restore: DELETE FROM inventory.reservation_lines
    stripe_untracked_capture_test.go:152: OWNER-POOL: payments.provider_observations report
=== RUN   TestStripeUntrackedReservationRefusals/capture/empty_quote
    stripe_untracked_capture_test.go:122: OWNER-POOL: payments.stripe_sessions session + payment intent pin
    stripe_untracked_capture_test.go:132: OWNER-POOL: replica-mode tamper/restore: UPDATE checkout.orders SET
    stripe_untracked_capture_test.go:152: OWNER-POOL: payments.provider_observations report
=== RUN   TestStripeUntrackedReservationRefusals/capture/foreign_sku
    stripe_untracked_capture_test.go:122: OWNER-POOL: payments.stripe_sessions session + payment intent pin
    stripe_untracked_capture_test.go:144: OWNER-POOL: replica-mode tamper/restore: UPDATE checkout.orders SET
    stripe_untracked_capture_test.go:152: OWNER-POOL: payments.provider_observations report
=== RUN   TestStripeUntrackedReservationRefusals/capture/missing_reservation
    stripe_untracked_capture_test.go:122: OWNER-POOL: payments.stripe_sessions session + payment intent pin
    stripe_untracked_capture_test.go:146: OWNER-POOL: replica-mode tamper/restore: DELETE FROM inventory.reservations
    stripe_untracked_capture_test.go:152: OWNER-POOL: payments.provider_observations report
=== RUN   TestStripeUntrackedReservationRefusals/capture/tracked_flipped_with_missing_lines
    stripe_untracked_capture_test.go:122: OWNER-POOL: payments.stripe_sessions session + payment intent pin
    stripe_untracked_capture_test.go:126: OWNER-POOL: replica-mode tamper/restore: DELETE FROM inventory.reservation_lines
    stripe_untracked_capture_test.go:128: OWNER-POOL: catalog tracking changed after a tracked hold; its RESERVE history must remain authoritative
    stripe_untracked_capture_test.go:152: OWNER-POOL: payments.provider_observations report
=== RUN   TestStripeUntrackedReservationRefusals/close/missing_tracked_lines
    stripe_untracked_capture_test.go:122: OWNER-POOL: payments.stripe_sessions session + payment intent pin
    stripe_untracked_capture_test.go:126: OWNER-POOL: replica-mode tamper/restore: DELETE FROM inventory.reservation_lines
    stripe_untracked_capture_test.go:152: OWNER-POOL: payments.provider_observations report
=== RUN   TestStripeUntrackedReservationRefusals/close/empty_quote
    stripe_untracked_capture_test.go:122: OWNER-POOL: payments.stripe_sessions session + payment intent pin
    stripe_untracked_capture_test.go:132: OWNER-POOL: replica-mode tamper/restore: UPDATE checkout.orders SET
    stripe_untracked_capture_test.go:152: OWNER-POOL: payments.provider_observations report
=== RUN   TestStripeUntrackedReservationRefusals/close/foreign_sku
    stripe_untracked_capture_test.go:122: OWNER-POOL: payments.stripe_sessions session + payment intent pin
    stripe_untracked_capture_test.go:144: OWNER-POOL: replica-mode tamper/restore: UPDATE checkout.orders SET
    stripe_untracked_capture_test.go:152: OWNER-POOL: payments.provider_observations report
=== RUN   TestStripeUntrackedReservationRefusals/close/missing_reservation
    stripe_untracked_capture_test.go:122: OWNER-POOL: payments.stripe_sessions session + payment intent pin
    stripe_untracked_capture_test.go:146: OWNER-POOL: replica-mode tamper/restore: DELETE FROM inventory.reservations
    stripe_untracked_capture_test.go:152: OWNER-POOL: payments.provider_observations report
=== RUN   TestStripeUntrackedReservationRefusals/close/tracked_flipped_with_missing_lines
    stripe_untracked_capture_test.go:122: OWNER-POOL: payments.stripe_sessions session + payment intent pin
    stripe_untracked_capture_test.go:126: OWNER-POOL: replica-mode tamper/restore: DELETE FROM inventory.reservation_lines
    stripe_untracked_capture_test.go:128: OWNER-POOL: catalog tracking changed after a tracked hold; its RESERVE history must remain authoritative
    stripe_untracked_capture_test.go:152: OWNER-POOL: payments.provider_observations report
--- PASS: TestStripeUntrackedReservationRefusals (4.25s)
    --- PASS: TestStripeUntrackedReservationRefusals/capture/missing_tracked_lines (0.38s)
    --- PASS: TestStripeUntrackedReservationRefusals/capture/empty_quote (0.37s)
    --- PASS: TestStripeUntrackedReservationRefusals/capture/foreign_sku (0.65s)
    --- PASS: TestStripeUntrackedReservationRefusals/capture/missing_reservation (0.36s)
    --- PASS: TestStripeUntrackedReservationRefusals/capture/tracked_flipped_with_missing_lines (0.37s)
    --- PASS: TestStripeUntrackedReservationRefusals/close/missing_tracked_lines (0.38s)
    --- PASS: TestStripeUntrackedReservationRefusals/close/empty_quote (0.37s)
    --- PASS: TestStripeUntrackedReservationRefusals/close/foreign_sku (0.63s)
    --- PASS: TestStripeUntrackedReservationRefusals/close/missing_reservation (0.37s)
    --- PASS: TestStripeUntrackedReservationRefusals/close/tracked_flipped_with_missing_lines (0.37s)
=== RUN   TestStripeUntrackedDriftReview
=== RUN   TestStripeUntrackedDriftReview/became_tracked
    stripe_untracked_review_test.go:36: OWNER-POOL: payments.stripe_sessions session + payment intent pin
    stripe_untracked_review_test.go:65: OWNER-POOL: payments.provider_observations report
=== RUN   TestStripeUntrackedDriftReview/sku_deleted
    stripe_untracked_review_test.go:36: OWNER-POOL: payments.stripe_sessions session + payment intent pin
    stripe_untracked_review_test.go:60: OWNER-POOL: replica-mode tamper/restore: DELETE FROM catalog.skus
    stripe_untracked_review_test.go:65: OWNER-POOL: payments.provider_observations report
--- PASS: TestStripeUntrackedDriftReview (6.31s)
    --- PASS: TestStripeUntrackedDriftReview/became_tracked (3.29s)
    --- PASS: TestStripeUntrackedDriftReview/sku_deleted (3.02s)
PASS
ok  	livecommerce/tests/foundation	29.129s
test-focused: top-level PASS=7 FAIL=0 SKIP=0 exit=0
