
> live-commerce-workspace@ build:admin /Volumes/data/live_commerce_architecture_v1/.worktrees/admin-visual
> pnpm --filter @live-commerce/admin build


> @live-commerce/admin@ build /Volumes/data/live_commerce_architecture_v1/.worktrees/admin-visual/apps/admin
> next build && node ../../scripts/dev/package-admin.mjs

▲ Next.js 16.3.5 (Turbopack)
✓ Running next.config.ts took 170ms

  Creating an optimized production build ...
✓ Compiled successfully in 1553ms
  Running TypeScript ...
  Finished TypeScript in 297ms ...
  Collecting page data using 9 workers ...
  Generating static pages using 9 workers (0/15) ...
  Generating static pages using 9 workers (3/15) 
  Generating static pages using 9 workers (7/15) 
  Generating static pages using 9 workers (11/15) 
✓ Generating static pages using 9 workers (15/15) in 65ms
  Finalizing page optimization ...

Route (app)
┌ ○ /_not-found
├ ƒ /[locale]
├ ƒ /[locale]/ads
├ ƒ /[locale]/ads/attribution
├ ƒ /[locale]/billing
├ ƒ /[locale]/collections
├ ƒ /[locale]/customers
├ ƒ /[locale]/customers/[customer]
├ ƒ /[locale]/design
├ ƒ /[locale]/finance
├ ƒ /[locale]/inventory
├ ƒ /[locale]/invite/[token]
├ ƒ /[locale]/orders
├ ƒ /[locale]/orders/cvs-print
├ ƒ /[locale]/orders/new
├ ƒ /[locale]/products
├ ƒ /[locale]/products/[product]
├ ƒ /[locale]/products/import
├ ƒ /[locale]/promotions
├ ƒ /[locale]/reset
├ ƒ /[locale]/settings
├ ƒ /[locale]/signup
├ ƒ /[locale]/studio
├ ƒ /[locale]/studio/claims
├ ƒ /[locale]/team
├ ƒ /api/ads/meta/callback
├ ƒ /api/ads/meta/connect
├ ƒ /api/auth/callback
├ ƒ /api/auth/login
├ ƒ /api/auth/logout
├ ƒ /api/auth/password/login
├ ƒ /api/auth/password/reset
├ ƒ /api/auth/password/signup
├ ƒ /api/auth/password/verify
├ ƒ /api/meta/callback
├ ƒ /api/meta/connect
├ ƒ /api/onboarding/initial-store
├ ƒ /api/stores
├ ƒ /api/stores/[store]/[...resource]
├ ƒ /api/stores/[store]/tools/[...resource]
├ ƒ /api/team/[action]
├ ƒ /site/[locale]/[page]
├ ƒ /site/robots.txt
└ ƒ /site/sitemap.xml


ƒ Proxy (Middleware)

○  (Static)   prerendered as static content
ƒ  (Dynamic)  server-rendered on demand

Packaged standalone admin server and static assets.
=== RUN   TestMerchantAccountAPIProcessRestart
    account_process_test.go:235: PASS: actual API PIDs 30914 -> 30917, same isolated PG and key config; evidence=/Volumes/data/live_commerce_architecture_v1/.worktrees/admin-visual/output/playwright/account-process-20261005T192131.792836000
--- PASS: TestMerchantAccountAPIProcessRestart (5.60s)
=== RUN   TestBrowserIdentityRealChain
    browser_identity_chain_test.go:143: Go transport POST /v1/identity/login/start -> 200
    browser_identity_chain_test.go:143: Go transport POST /v1/identity/login/complete -> 200
    browser_identity_chain_test.go:143: Go transport GET /v1/admin/stores -> 200
    browser_identity_chain_test.go:143: Go transport GET /v1/admin/stores -> 200
    browser_identity_chain_test.go:143: Go transport POST /v1/identity/initial-store -> 200
    browser_identity_chain_test.go:143: Go transport POST /v1/identity/initial-store -> 200
    browser_identity_chain_test.go:143: Go transport POST /v1/identity/initial-store -> 409
    browser_identity_chain_test.go:143: Go transport GET /v1/admin/stores -> 200
    browser_identity_chain_test.go:143: Go transport GET /v1/admin/stores -> 200
    browser_identity_chain_test.go:143: Go transport GET /v1/admin/stores -> 200
    browser_identity_chain_test.go:143: Go transport GET /v1/admin/stores -> 200
    browser_identity_chain_test.go:143: Go transport GET /v1/admin/stores -> 200
    browser_identity_chain_test.go:143: Go transport GET /v1/admin/stores -> 200
    browser_identity_chain_test.go:143: Go transport GET /v1/admin/stores/eba765e3-eb64-4250-ad40-f5843d79f3c3/dashboard -> 200
    browser_identity_chain_test.go:143: Go transport GET /v1/admin/stores/eba765e3-eb64-4250-ad40-f5843d79f3c3/billing/standing -> 200
    browser_identity_chain_test.go:143: Go transport GET /v1/admin/stores -> 200
    browser_identity_chain_test.go:143: Go transport GET /v1/admin/stores/eba765e3-eb64-4250-ad40-f5843d79f3c3/warehouses -> 200
    browser_identity_chain_test.go:143: Go transport GET /v1/admin/stores -> 200
    browser_identity_chain_test.go:143: Go transport GET /v1/admin/stores/eba765e3-eb64-4250-ad40-f5843d79f3c3/catalog-ledger -> 200
    browser_identity_chain_test.go:143: Go transport GET /v1/admin/stores -> 200
    browser_identity_chain_test.go:143: Go transport GET /v1/admin/stores/eba765e3-eb64-4250-ad40-f5843d79f3c3/warehouses -> 200
    browser_identity_chain_test.go:143: Go transport GET /v1/admin/stores -> 200
    browser_identity_chain_test.go:143: Go transport GET /v1/admin/stores -> 200
    browser_identity_chain_test.go:143: Go transport GET /v1/admin/stores/eba765e3-eb64-4250-ad40-f5843d79f3c3/provider-accounts -> 200
    browser_identity_chain_test.go:143: Go transport GET /v1/admin/stores -> 200
    browser_identity_chain_test.go:143: Go transport GET /v1/admin/stores -> 200
    browser_identity_chain_test.go:143: Go transport POST /v1/admin/stores/eba765e3-eb64-4250-ad40-f5843d79f3c3/provider-accounts -> 200
    browser_identity_chain_test.go:143: Go transport GET /v1/admin/stores -> 200
    browser_identity_chain_test.go:143: Go transport POST /v1/admin/stores/eba765e3-eb64-4250-ad40-f5843d79f3c3/provider-accounts -> 200
    browser_identity_chain_test.go:143: Go transport GET /v1/admin/stores -> 200
    browser_identity_chain_test.go:143: Go transport POST /v1/admin/stores/eba765e3-eb64-4250-ad40-f5843d79f3c3/provider-accounts -> 409
    browser_identity_chain_test.go:143: Go transport GET /v1/admin/stores -> 200
    browser_identity_chain_test.go:143: Go transport GET /v1/admin/stores/eba765e3-eb64-4250-ad40-f5843d79f3c3/provider-accounts/e0319a0a-6589-4bcb-8b2f-4bef96279513 -> 200
    browser_identity_chain_test.go:143: Go transport GET /v1/admin/stores -> 200
    browser_identity_chain_test.go:143: Go transport POST /v1/admin/stores/eba765e3-eb64-4250-ad40-f5843d79f3c3/provider-accounts/e0319a0a-6589-4bcb-8b2f-4bef96279513/rotate -> 200
    browser_identity_chain_test.go:143: Go transport GET /v1/admin/stores -> 200
    browser_identity_chain_test.go:143: Go transport POST /v1/admin/stores/eba765e3-eb64-4250-ad40-f5843d79f3c3/provider-accounts/e0319a0a-6589-4bcb-8b2f-4bef96279513/rotate -> 200
    browser_identity_chain_test.go:143: Go transport GET /v1/admin/stores -> 200
    browser_identity_chain_test.go:143: Go transport POST /v1/admin/stores/eba765e3-eb64-4250-ad40-f5843d79f3c3/provider-accounts/e0319a0a-6589-4bcb-8b2f-4bef96279513/rotate -> 409
    browser_identity_chain_test.go:143: Go transport GET /v1/admin/stores -> 200
    browser_identity_chain_test.go:143: Go transport GET /v1/admin/stores/eba765e3-eb64-4250-ad40-f5843d79f3c3/provider-accounts -> 200
    browser_identity_chain_test.go:143: Go transport GET /v1/admin/stores -> 200
    browser_identity_chain_test.go:143: Go transport GET /v1/admin/stores/eba765e3-eb64-4250-ad40-f5843d79f3c3/provider-accounts -> 422
    browser_identity_chain_test.go:143: Go transport GET /v1/admin/stores -> 200
    browser_identity_chain_test.go:143: Go transport GET /v1/admin/stores -> 200
    browser_identity_chain_test.go:143: Go transport POST /v1/admin/stores/eba765e3-eb64-4250-ad40-f5843d79f3c3/provider-accounts -> 200
    browser_identity_chain_test.go:143: Go transport GET /v1/admin/stores -> 200
    browser_identity_chain_test.go:143: Go transport PUT /v1/admin/stores/eba765e3-eb64-4250-ad40-f5843d79f3c3/markets/99999999-9999-4999-8999-999999999999/countries/TW/payment-methods/payuni_credit -> 200
    browser_identity_chain_test.go:143: Go transport GET /v1/admin/stores -> 200
    browser_identity_chain_test.go:143: Go transport GET /v1/admin/stores/eba765e3-eb64-4250-ad40-f5843d79f3c3/markets/99999999-9999-4999-8999-999999999999/countries/TW/payment-methods/payuni_credit -> 200
    browser_identity_chain_test.go:143: Go transport GET /v1/admin/stores -> 200
    browser_identity_chain_test.go:143: Go transport PUT /v1/admin/stores/eba765e3-eb64-4250-ad40-f5843d79f3c3/markets/99999999-9999-4999-8999-999999999999/countries/TW/payment-methods/payuni_credit -> 200
    browser_identity_chain_test.go:143: Go transport GET /v1/admin/stores -> 200
    browser_identity_chain_test.go:143: Go transport POST /v1/admin/stores/eba765e3-eb64-4250-ad40-f5843d79f3c3/markets/99999999-9999-4999-8999-999999999999/countries/TW/payment-methods/payuni_credit/inspect -> 200
    browser_identity_chain_test.go:143: Go transport GET /v1/admin/stores -> 200
    browser_identity_chain_test.go:143: Go transport POST /v1/admin/stores/eba765e3-eb64-4250-ad40-f5843d79f3c3/markets/99999999-9999-4999-8999-999999999999/countries/TW/payment-methods/payuni_credit/inspect -> 200
    browser_identity_chain_test.go:143: Go transport GET /v1/admin/stores -> 200
    browser_identity_chain_test.go:143: Go transport GET /v1/admin/stores -> 200
    browser_identity_chain_test.go:143: Go transport PUT /v1/admin/stores/eba765e3-eb64-4250-ad40-f5843d79f3c3/markets/99999999-9999-4999-8999-999999999999/countries/TW/payment-methods/payuni_credit -> 200
    browser_identity_chain_test.go:143: Go transport GET /v1/admin/stores -> 200
    browser_identity_chain_test.go:143: Go transport GET /v1/admin/stores/eba765e3-eb64-4250-ad40-f5843d79f3c3/markets/99999999-9999-4999-8999-999999999999/countries/TW/payment-methods/payuni_credit -> 200
    browser_identity_chain_test.go:143: Go transport GET /v1/admin/stores -> 200
    browser_identity_chain_test.go:143: Go transport PUT /v1/admin/stores/eba765e3-eb64-4250-ad40-f5843d79f3c3/markets/99999999-9999-4999-8999-999999999999/countries/TW/payment-methods/payuni_credit -> 409
    browser_identity_chain_test.go:143: Go transport GET /v1/admin/stores -> 200
    browser_identity_chain_test.go:143: Go transport POST /v1/admin/stores/eba765e3-eb64-4250-ad40-f5843d79f3c3/provider-accounts -> 200
    browser_identity_chain_test.go:143: Go transport GET /v1/admin/stores -> 200
    browser_identity_chain_test.go:143: Go transport POST /v1/admin/stores/eba765e3-eb64-4250-ad40-f5843d79f3c3/provider-accounts -> 200
    browser_identity_chain_test.go:143: Go transport GET /v1/admin/stores -> 200
    browser_identity_chain_test.go:143: Go transport POST /v1/admin/stores/eba765e3-eb64-4250-ad40-f5843d79f3c3/provider-accounts -> 200
    browser_identity_chain_test.go:143: Go transport GET /v1/admin/stores -> 200
    browser_identity_chain_test.go:143: Go transport POST /v1/admin/stores/eba765e3-eb64-4250-ad40-f5843d79f3c3/provider-accounts -> 200
    browser_identity_chain_test.go:143: Go transport GET /v1/admin/stores -> 200
    browser_identity_chain_test.go:143: Go transport POST /v1/admin/stores/eba765e3-eb64-4250-ad40-f5843d79f3c3/provider-accounts -> 200
    browser_identity_chain_test.go:143: Go transport GET /v1/admin/stores -> 200
    browser_identity_chain_test.go:143: Go transport POST /v1/admin/stores/eba765e3-eb64-4250-ad40-f5843d79f3c3/provider-accounts -> 200
    browser_identity_chain_test.go:143: Go transport GET /v1/admin/stores -> 200
    browser_identity_chain_test.go:143: Go transport POST /v1/admin/stores/eba765e3-eb64-4250-ad40-f5843d79f3c3/provider-accounts -> 200
    browser_identity_chain_test.go:143: Go transport GET /v1/admin/stores -> 200
    browser_identity_chain_test.go:143: Go transport POST /v1/admin/stores/eba765e3-eb64-4250-ad40-f5843d79f3c3/provider-accounts -> 200
    browser_identity_chain_test.go:143: Go transport GET /v1/admin/stores -> 200
    browser_identity_chain_test.go:143: Go transport POST /v1/admin/stores/eba765e3-eb64-4250-ad40-f5843d79f3c3/provider-accounts -> 200
    browser_identity_chain_test.go:143: Go transport GET /v1/admin/stores -> 200
    browser_identity_chain_test.go:143: Go transport POST /v1/admin/stores/eba765e3-eb64-4250-ad40-f5843d79f3c3/provider-accounts -> 200
    browser_identity_chain_test.go:143: Go transport GET /v1/admin/stores -> 200
    browser_identity_chain_test.go:143: Go transport POST /v1/admin/stores/eba765e3-eb64-4250-ad40-f5843d79f3c3/provider-accounts -> 200
    browser_identity_chain_test.go:143: Go transport GET /v1/admin/stores -> 200
    browser_identity_chain_test.go:143: Go transport POST /v1/admin/stores/eba765e3-eb64-4250-ad40-f5843d79f3c3/provider-accounts -> 200
    browser_identity_chain_test.go:143: Go transport GET /v1/admin/stores -> 200
    browser_identity_chain_test.go:143: Go transport POST /v1/admin/stores/eba765e3-eb64-4250-ad40-f5843d79f3c3/provider-accounts -> 200
    browser_identity_chain_test.go:143: Go transport GET /v1/admin/stores -> 200
    browser_identity_chain_test.go:143: Go transport POST /v1/admin/stores/eba765e3-eb64-4250-ad40-f5843d79f3c3/provider-accounts -> 200
    browser_identity_chain_test.go:143: Go transport GET /v1/admin/stores -> 200
    browser_identity_chain_test.go:143: Go transport POST /v1/admin/stores/eba765e3-eb64-4250-ad40-f5843d79f3c3/provider-accounts -> 200
    browser_identity_chain_test.go:143: Go transport GET /v1/admin/stores -> 200
    browser_identity_chain_test.go:143: Go transport POST /v1/admin/stores/eba765e3-eb64-4250-ad40-f5843d79f3c3/provider-accounts -> 200
    browser_identity_chain_test.go:143: Go transport GET /v1/admin/stores -> 200
    browser_identity_chain_test.go:143: Go transport POST /v1/admin/stores/eba765e3-eb64-4250-ad40-f5843d79f3c3/provider-accounts -> 200
    browser_identity_chain_test.go:143: Go transport GET /v1/admin/stores -> 200
    browser_identity_chain_test.go:143: Go transport POST /v1/admin/stores/eba765e3-eb64-4250-ad40-f5843d79f3c3/provider-accounts -> 200
    browser_identity_chain_test.go:143: Go transport GET /v1/admin/stores -> 200
    browser_identity_chain_test.go:143: Go transport POST /v1/admin/stores/eba765e3-eb64-4250-ad40-f5843d79f3c3/provider-accounts -> 200
    browser_identity_chain_test.go:143: Go transport GET /v1/admin/stores -> 200
    browser_identity_chain_test.go:143: Go transport POST /v1/admin/stores/eba765e3-eb64-4250-ad40-f5843d79f3c3/provider-accounts -> 200
    browser_identity_chain_test.go:143: Go transport GET /v1/admin/stores -> 200
    browser_identity_chain_test.go:143: Go transport POST /v1/admin/stores/eba765e3-eb64-4250-ad40-f5843d79f3c3/provider-accounts -> 200
    browser_identity_chain_test.go:143: Go transport GET /v1/admin/stores -> 200
    browser_identity_chain_test.go:143: Go transport POST /v1/admin/stores/eba765e3-eb64-4250-ad40-f5843d79f3c3/provider-accounts -> 200
    browser_identity_chain_test.go:143: Go transport GET /v1/admin/stores -> 200
    browser_identity_chain_test.go:143: Go transport POST /v1/admin/stores/eba765e3-eb64-4250-ad40-f5843d79f3c3/provider-accounts -> 200
    browser_identity_chain_test.go:143: Go transport GET /v1/admin/stores -> 200
    browser_identity_chain_test.go:143: Go transport POST /v1/admin/stores/eba765e3-eb64-4250-ad40-f5843d79f3c3/provider-accounts -> 200
    browser_identity_chain_test.go:143: Go transport GET /v1/admin/stores -> 200
    browser_identity_chain_test.go:143: Go transport POST /v1/admin/stores/eba765e3-eb64-4250-ad40-f5843d79f3c3/provider-accounts -> 200
    browser_identity_chain_test.go:143: Go transport GET /v1/admin/stores -> 200
    browser_identity_chain_test.go:143: Go transport POST /v1/admin/stores/eba765e3-eb64-4250-ad40-f5843d79f3c3/provider-accounts -> 200
    browser_identity_chain_test.go:143: Go transport GET /v1/admin/stores -> 200
    browser_identity_chain_test.go:143: Go transport POST /v1/admin/stores/eba765e3-eb64-4250-ad40-f5843d79f3c3/provider-accounts -> 200
    browser_identity_chain_test.go:143: Go transport GET /v1/admin/stores -> 200
    browser_identity_chain_test.go:143: Go transport POST /v1/admin/stores/eba765e3-eb64-4250-ad40-f5843d79f3c3/provider-accounts -> 200
    browser_identity_chain_test.go:143: Go transport GET /v1/admin/stores -> 200
    browser_identity_chain_test.go:143: Go transport POST /v1/admin/stores/eba765e3-eb64-4250-ad40-f5843d79f3c3/provider-accounts -> 200
    browser_identity_chain_test.go:143: Go transport GET /v1/admin/stores -> 200
    browser_identity_chain_test.go:143: Go transport POST /v1/admin/stores/eba765e3-eb64-4250-ad40-f5843d79f3c3/provider-accounts -> 200
    browser_identity_chain_test.go:143: Go transport GET /v1/admin/stores -> 200
    browser_identity_chain_test.go:143: Go transport POST /v1/admin/stores/eba765e3-eb64-4250-ad40-f5843d79f3c3/provider-accounts -> 200
    browser_identity_chain_test.go:143: Go transport GET /v1/admin/stores -> 200
    browser_identity_chain_test.go:143: Go transport POST /v1/admin/stores/eba765e3-eb64-4250-ad40-f5843d79f3c3/provider-accounts -> 200
    browser_identity_chain_test.go:143: Go transport GET /v1/admin/stores -> 200
    browser_identity_chain_test.go:143: Go transport POST /v1/admin/stores/eba765e3-eb64-4250-ad40-f5843d79f3c3/provider-accounts -> 200
    browser_identity_chain_test.go:143: Go transport GET /v1/admin/stores -> 200
    browser_identity_chain_test.go:143: Go transport POST /v1/admin/stores/eba765e3-eb64-4250-ad40-f5843d79f3c3/provider-accounts -> 200
    browser_identity_chain_test.go:143: Go transport GET /v1/admin/stores -> 200
    browser_identity_chain_test.go:143: Go transport POST /v1/admin/stores/eba765e3-eb64-4250-ad40-f5843d79f3c3/provider-accounts -> 200
    browser_identity_chain_test.go:143: Go transport GET /v1/admin/stores -> 200
    browser_identity_chain_test.go:143: Go transport POST /v1/admin/stores/eba765e3-eb64-4250-ad40-f5843d79f3c3/provider-accounts -> 200
    browser_identity_chain_test.go:143: Go transport GET /v1/admin/stores -> 200
    browser_identity_chain_test.go:143: Go transport POST /v1/admin/stores/eba765e3-eb64-4250-ad40-f5843d79f3c3/provider-accounts -> 200
    browser_identity_chain_test.go:143: Go transport GET /v1/admin/stores -> 200
    browser_identity_chain_test.go:143: Go transport POST /v1/admin/stores/eba765e3-eb64-4250-ad40-f5843d79f3c3/provider-accounts -> 200
    browser_identity_chain_test.go:143: Go transport GET /v1/admin/stores -> 200
    browser_identity_chain_test.go:143: Go transport POST /v1/admin/stores/eba765e3-eb64-4250-ad40-f5843d79f3c3/provider-accounts -> 200
    browser_identity_chain_test.go:143: Go transport GET /v1/admin/stores -> 200
    browser_identity_chain_test.go:143: Go transport POST /v1/admin/stores/eba765e3-eb64-4250-ad40-f5843d79f3c3/provider-accounts -> 200
    browser_identity_chain_test.go:143: Go transport GET /v1/admin/stores -> 200
    browser_identity_chain_test.go:143: Go transport POST /v1/admin/stores/eba765e3-eb64-4250-ad40-f5843d79f3c3/provider-accounts -> 200
    browser_identity_chain_test.go:143: Go transport GET /v1/admin/stores -> 200
    browser_identity_chain_test.go:143: Go transport POST /v1/admin/stores/eba765e3-eb64-4250-ad40-f5843d79f3c3/provider-accounts -> 200
    browser_identity_chain_test.go:143: Go transport GET /v1/admin/stores -> 200
    browser_identity_chain_test.go:143: Go transport POST /v1/admin/stores/eba765e3-eb64-4250-ad40-f5843d79f3c3/provider-accounts -> 200
    browser_identity_chain_test.go:143: Go transport GET /v1/admin/stores -> 200
    browser_identity_chain_test.go:143: Go transport POST /v1/admin/stores/eba765e3-eb64-4250-ad40-f5843d79f3c3/provider-accounts -> 200
    browser_identity_chain_test.go:143: Go transport GET /v1/admin/stores -> 200
    browser_identity_chain_test.go:143: Go transport POST /v1/admin/stores/eba765e3-eb64-4250-ad40-f5843d79f3c3/provider-accounts -> 200
    browser_identity_chain_test.go:143: Go transport GET /v1/admin/stores -> 200
    browser_identity_chain_test.go:143: Go transport POST /v1/admin/stores/eba765e3-eb64-4250-ad40-f5843d79f3c3/provider-accounts -> 200
    browser_identity_chain_test.go:143: Go transport GET /v1/admin/stores -> 200
    browser_identity_chain_test.go:143: Go transport POST /v1/admin/stores/eba765e3-eb64-4250-ad40-f5843d79f3c3/provider-accounts -> 200
    browser_identity_chain_test.go:143: Go transport GET /v1/admin/stores -> 200
    browser_identity_chain_test.go:143: Go transport POST /v1/admin/stores/eba765e3-eb64-4250-ad40-f5843d79f3c3/provider-accounts -> 200
    browser_identity_chain_test.go:143: Go transport GET /v1/admin/stores -> 200
    browser_identity_chain_test.go:143: Go transport POST /v1/admin/stores/eba765e3-eb64-4250-ad40-f5843d79f3c3/provider-accounts -> 200
    browser_identity_chain_test.go:143: Go transport GET /v1/admin/stores -> 200
    browser_identity_chain_test.go:143: Go transport POST /v1/admin/stores/eba765e3-eb64-4250-ad40-f5843d79f3c3/provider-accounts -> 200
    browser_identity_chain_test.go:143: Go transport GET /v1/admin/stores -> 200
    browser_identity_chain_test.go:143: Go transport POST /v1/admin/stores/eba765e3-eb64-4250-ad40-f5843d79f3c3/provider-accounts -> 200
    browser_identity_chain_test.go:143: Go transport GET /v1/admin/stores -> 200
    browser_identity_chain_test.go:143: Go transport POST /v1/admin/stores/eba765e3-eb64-4250-ad40-f5843d79f3c3/provider-accounts -> 200
    browser_identity_chain_test.go:143: Go transport GET /v1/admin/stores -> 200
    browser_identity_chain_test.go:143: Go transport POST /v1/admin/stores/eba765e3-eb64-4250-ad40-f5843d79f3c3/provider-accounts -> 200
    browser_identity_chain_test.go:143: Go transport GET /v1/admin/stores -> 200
    browser_identity_chain_test.go:143: Go transport POST /v1/admin/stores/eba765e3-eb64-4250-ad40-f5843d79f3c3/provider-accounts -> 429
    browser_identity_chain_test.go:143: Go transport GET /v1/admin/stores -> 200
    browser_identity_chain_test.go:143: Go transport GET /v1/admin/stores/eba765e3-eb64-4250-ad40-f5843d79f3c3/provider-accounts/e0319a0a-6589-4bcb-8b2f-4bef96279513 -> 200
    browser_identity_chain_test.go:143: Go transport POST /v1/identity/logout -> 204
    browser_identity_chain_test.go:143: Go transport GET /v1/admin/stores -> 401
    browser_identity_chain_test.go:43: PASS: browser -> Next -> Go -> real PG, signed MOCK IdP; evidence=/Volumes/data/live_commerce_architecture_v1/.worktrees/admin-visual/output/playwright/identity-real-20261005T192136.433454000
--- PASS: TestBrowserIdentityRealChain (5.23s)
=== RUN   TestBrowserSettingsWizardRealChain
    browser_identity_chain_test.go:143: Go transport POST /v1/identity/login/start -> 200
    browser_identity_chain_test.go:143: Go transport POST /v1/identity/login/complete -> 200
    browser_identity_chain_test.go:143: Go transport GET /v1/admin/stores -> 200
    browser_identity_chain_test.go:143: Go transport POST /v1/identity/initial-store -> 200
    browser_identity_chain_test.go:143: Go transport GET /v1/admin/stores -> 200
    browser_identity_chain_test.go:143: Go transport GET /v1/admin/stores -> 200
    browser_identity_chain_test.go:143: Go transport GET /v1/admin/stores -> 200
    browser_identity_chain_test.go:143: Go transport GET /v1/admin/stores -> 200
    browser_identity_chain_test.go:143: Go transport GET /v1/admin/stores -> 200
    browser_identity_chain_test.go:143: Go transport GET /v1/admin/stores/a6157a27-6a87-4d1f-a2bb-7f27eae142e5/billing/standing -> 200
    browser_identity_chain_test.go:143: Go transport GET /v1/admin/stores/a6157a27-6a87-4d1f-a2bb-7f27eae142e5/dashboard -> 200
    browser_identity_chain_test.go:143: Go transport GET /v1/admin/stores -> 200
    browser_identity_chain_test.go:143: Go transport GET /v1/admin/stores -> 200
    browser_identity_chain_test.go:143: Go transport GET /v1/admin/stores -> 200
    browser_identity_chain_test.go:143: Go transport GET /v1/admin/stores -> 200
    browser_identity_chain_test.go:143: Go transport GET /v1/admin/stores/a6157a27-6a87-4d1f-a2bb-7f27eae142e5/provider-accounts -> 200
    browser_identity_chain_test.go:143: Go transport GET /v1/admin/stores/a6157a27-6a87-4d1f-a2bb-7f27eae142e5/markets -> 200
    browser_identity_chain_test.go:143: Go transport GET /v1/admin/stores -> 200
    browser_identity_chain_test.go:143: Go transport GET /v1/admin/stores -> 200
    browser_identity_chain_test.go:143: Go transport GET /v1/admin/stores -> 200
    browser_identity_chain_test.go:143: Go transport GET /v1/admin/stores/a6157a27-6a87-4d1f-a2bb-7f27eae142e5/storefront/domains -> 200
    browser_identity_chain_test.go:143: Go transport GET /v1/admin/stores/a6157a27-6a87-4d1f-a2bb-7f27eae142e5/storefront -> 200
    browser_identity_chain_test.go:143: Go transport GET /v1/admin/stores -> 200
    browser_identity_chain_test.go:143: Go transport GET /v1/admin/stores/a6157a27-6a87-4d1f-a2bb-7f27eae142e5/meta-connect/status -> 404
    browser_identity_chain_test.go:143: Go transport GET /v1/admin/stores/a6157a27-6a87-4d1f-a2bb-7f27eae142e5/billing/standing -> 200
    browser_identity_chain_test.go:143: Go transport GET /v1/admin/stores -> 200
    browser_identity_chain_test.go:143: Go transport POST /v1/admin/stores/a6157a27-6a87-4d1f-a2bb-7f27eae142e5/provider-accounts -> 200
    browser_identity_chain_test.go:143: Go transport GET /v1/admin/stores -> 200
    browser_identity_chain_test.go:143: Go transport GET /v1/admin/stores -> 200
    browser_identity_chain_test.go:143: Go transport GET /v1/admin/stores -> 200
    browser_identity_chain_test.go:143: Go transport GET /v1/admin/stores -> 200
    browser_identity_chain_test.go:143: Go transport GET /v1/admin/stores -> 200
    browser_identity_chain_test.go:143: Go transport GET /v1/admin/stores -> 200
    browser_identity_chain_test.go:143: Go transport GET /v1/admin/stores -> 200
    browser_identity_chain_test.go:143: Go transport GET /v1/admin/stores -> 200
    browser_identity_chain_test.go:143: Go transport GET /v1/admin/stores/a6157a27-6a87-4d1f-a2bb-7f27eae142e5/meta-connect/status -> 404
    browser_identity_chain_test.go:143: Go transport GET /v1/admin/stores/a6157a27-6a87-4d1f-a2bb-7f27eae142e5/provider-accounts -> 200
    browser_identity_chain_test.go:143: Go transport GET /v1/admin/stores/a6157a27-6a87-4d1f-a2bb-7f27eae142e5/markets -> 200
    browser_identity_chain_test.go:143: Go transport GET /v1/admin/stores/a6157a27-6a87-4d1f-a2bb-7f27eae142e5/storefront -> 200
    browser_identity_chain_test.go:143: Go transport GET /v1/admin/stores/a6157a27-6a87-4d1f-a2bb-7f27eae142e5/storefront/domains -> 200
    browser_identity_chain_test.go:143: Go transport GET /v1/admin/stores/a6157a27-6a87-4d1f-a2bb-7f27eae142e5/billing/standing -> 200
    browser_identity_chain_test.go:143: Go transport GET /v1/admin/stores -> 200
    browser_identity_chain_test.go:143: Go transport POST /v1/admin/stores/a6157a27-6a87-4d1f-a2bb-7f27eae142e5/provider-accounts -> 409
    browser_identity_chain_test.go:143: Go transport GET /v1/admin/stores -> 200
    browser_identity_chain_test.go:143: Go transport POST /v1/admin/stores/a6157a27-6a87-4d1f-a2bb-7f27eae142e5/provider-accounts -> 200
    browser_identity_chain_test.go:143: Go transport GET /v1/admin/stores -> 200
    browser_identity_chain_test.go:143: Go transport POST /v1/admin/stores/a6157a27-6a87-4d1f-a2bb-7f27eae142e5/markets -> 200
    browser_identity_chain_test.go:143: Go transport GET /v1/admin/stores -> 200
    browser_identity_chain_test.go:143: Go transport GET /v1/admin/stores -> 200
    browser_identity_chain_test.go:143: Go transport GET /v1/admin/stores/a6157a27-6a87-4d1f-a2bb-7f27eae142e5/markets/e2b4b339-be57-49dd-8382-4544ae777602/countries/TW/payment-methods -> 200
    browser_identity_chain_test.go:143: Go transport GET /v1/admin/stores/a6157a27-6a87-4d1f-a2bb-7f27eae142e5/markets/e2b4b339-be57-49dd-8382-4544ae777602/countries/TW/delivery-services -> 200
    browser_identity_chain_test.go:143: Go transport GET /v1/admin/stores -> 200
    browser_identity_chain_test.go:143: Go transport PUT /v1/admin/stores/a6157a27-6a87-4d1f-a2bb-7f27eae142e5/markets/e2b4b339-be57-49dd-8382-4544ae777602/countries/TW/payment-methods/payuni_credit -> 200
    browser_identity_chain_test.go:143: Go transport GET /v1/admin/stores -> 200
    browser_identity_chain_test.go:143: Go transport PUT /v1/admin/stores/a6157a27-6a87-4d1f-a2bb-7f27eae142e5/markets/e2b4b339-be57-49dd-8382-4544ae777602/countries/TW/payment-methods/payuni_credit -> 200
    browser_identity_chain_test.go:143: Go transport GET /v1/admin/stores -> 200
    browser_identity_chain_test.go:143: Go transport GET /v1/admin/stores -> 200
    browser_identity_chain_test.go:143: Go transport POST /v1/admin/stores/a6157a27-6a87-4d1f-a2bb-7f27eae142e5/markets/e2b4b339-be57-49dd-8382-4544ae777602/countries/TW/payment-methods/payuni_credit/inspect -> 200
    browser_identity_chain_test.go:143: Go transport GET /v1/admin/stores -> 200
    browser_identity_chain_test.go:143: Go transport GET /v1/admin/stores -> 200
    browser_identity_chain_test.go:143: Go transport GET /v1/admin/stores -> 200
    browser_identity_chain_test.go:143: Go transport GET /v1/admin/stores -> 200
    browser_identity_chain_test.go:143: Go transport GET /v1/admin/stores -> 200
    browser_identity_chain_test.go:143: Go transport GET /v1/admin/stores/a6157a27-6a87-4d1f-a2bb-7f27eae142e5/markets -> 200
    browser_identity_chain_test.go:143: Go transport GET /v1/admin/stores -> 200
    browser_identity_chain_test.go:143: Go transport GET /v1/admin/stores/a6157a27-6a87-4d1f-a2bb-7f27eae142e5/markets/e2b4b339-be57-49dd-8382-4544ae777602/countries/TW/delivery-services -> 200
    browser_identity_chain_test.go:143: Go transport GET /v1/admin/stores/a6157a27-6a87-4d1f-a2bb-7f27eae142e5/markets/e2b4b339-be57-49dd-8382-4544ae777602/countries/TW/payment-methods -> 200
    browser_identity_chain_test.go:143: Go transport GET /v1/admin/stores -> 200
    browser_identity_chain_test.go:143: Go transport GET /v1/admin/stores/a6157a27-6a87-4d1f-a2bb-7f27eae142e5/provider-accounts -> 200
    browser_identity_chain_test.go:143: Go transport GET /v1/admin/stores -> 200
    browser_identity_chain_test.go:143: Go transport GET /v1/admin/stores/a6157a27-6a87-4d1f-a2bb-7f27eae142e5/billing/standing -> 200
    browser_identity_chain_test.go:143: Go transport GET /v1/admin/stores/a6157a27-6a87-4d1f-a2bb-7f27eae142e5/storefront -> 200
    browser_identity_chain_test.go:143: Go transport GET /v1/admin/stores -> 200
    browser_identity_chain_test.go:143: Go transport GET /v1/admin/stores/a6157a27-6a87-4d1f-a2bb-7f27eae142e5/storefront/domains -> 200
    browser_identity_chain_test.go:143: Go transport GET /v1/admin/stores -> 200
    browser_identity_chain_test.go:143: Go transport GET /v1/admin/stores/a6157a27-6a87-4d1f-a2bb-7f27eae142e5/meta-connect/status -> 404
    browser_identity_chain_test.go:143: Go transport GET /v1/admin/stores/a6157a27-6a87-4d1f-a2bb-7f27eae142e5/provider-accounts/8db42f60-addb-4d2f-9b2f-fc728d2d1b5b -> 200
    browser_identity_chain_test.go:143: Go transport GET /v1/admin/stores -> 200
    browser_identity_chain_test.go:143: Go transport GET /v1/admin/stores/a6157a27-6a87-4d1f-a2bb-7f27eae142e5/markets -> 200
    browser_identity_chain_test.go:143: Go transport GET /v1/admin/stores -> 200
    browser_identity_chain_test.go:143: Go transport GET /v1/admin/stores/a6157a27-6a87-4d1f-a2bb-7f27eae142e5/markets/e2b4b339-be57-49dd-8382-4544ae777602/countries/TW/payment-methods/payuni_credit -> 200
    browser_identity_chain_test.go:143: Go transport GET /v1/admin/stores -> 200
    browser_identity_chain_test.go:143: Go transport POST /v1/admin/stores/a6157a27-6a87-4d1f-a2bb-7f27eae142e5/provider-accounts -> 200
    browser_identity_chain_test.go:143: Go transport GET /v1/admin/stores -> 200
    browser_identity_chain_test.go:143: Go transport GET /v1/admin/stores/a6157a27-6a87-4d1f-a2bb-7f27eae142e5/provider-accounts -> 200
    browser_identity_chain_test.go:143: Go transport GET /v1/admin/stores -> 200
    browser_identity_chain_test.go:143: Go transport PUT /v1/admin/stores/a6157a27-6a87-4d1f-a2bb-7f27eae142e5/markets/e2b4b339-be57-49dd-8382-4544ae777602/countries/TW/payment-methods/payuni_credit -> 200
    browser_identity_chain_test.go:143: Go transport GET /v1/admin/stores -> 200
    browser_identity_chain_test.go:143: Go transport GET /v1/admin/stores -> 200
    browser_identity_chain_test.go:143: Go transport GET /v1/admin/stores -> 200
    browser_identity_chain_test.go:143: Go transport GET /v1/admin/stores -> 200
    browser_identity_chain_test.go:143: Go transport GET /v1/admin/stores -> 200
    browser_identity_chain_test.go:143: Go transport GET /v1/admin/stores -> 200
    browser_identity_chain_test.go:143: Go transport GET /v1/admin/stores/a6157a27-6a87-4d1f-a2bb-7f27eae142e5/markets -> 200
    browser_identity_chain_test.go:143: Go transport GET /v1/admin/stores -> 200
    browser_identity_chain_test.go:143: Go transport GET /v1/admin/stores/a6157a27-6a87-4d1f-a2bb-7f27eae142e5/provider-accounts -> 200
    browser_identity_chain_test.go:143: Go transport GET /v1/admin/stores -> 200
    browser_identity_chain_test.go:143: Go transport GET /v1/admin/stores/a6157a27-6a87-4d1f-a2bb-7f27eae142e5/markets/e2b4b339-be57-49dd-8382-4544ae777602/countries/TW/payment-methods -> 200
    browser_identity_chain_test.go:143: Go transport GET /v1/admin/stores -> 200
    browser_identity_chain_test.go:143: Go transport GET /v1/admin/stores/a6157a27-6a87-4d1f-a2bb-7f27eae142e5/markets/e2b4b339-be57-49dd-8382-4544ae777602/countries/TW/delivery-services -> 200
    browser_identity_chain_test.go:143: Go transport GET /v1/admin/stores/a6157a27-6a87-4d1f-a2bb-7f27eae142e5/billing/standing -> 200
    browser_identity_chain_test.go:143: Go transport GET /v1/admin/stores -> 200
    browser_identity_chain_test.go:143: Go transport GET /v1/admin/stores/a6157a27-6a87-4d1f-a2bb-7f27eae142e5/meta-connect/status -> 404
    browser_identity_chain_test.go:143: Go transport GET /v1/admin/stores/a6157a27-6a87-4d1f-a2bb-7f27eae142e5/storefront -> 200
    browser_identity_chain_test.go:143: Go transport GET /v1/admin/stores/a6157a27-6a87-4d1f-a2bb-7f27eae142e5/storefront/domains -> 200
    browser_identity_chain_test.go:143: Go transport GET /v1/admin/stores -> 200
    browser_identity_chain_test.go:143: Go transport GET /v1/admin/stores -> 200
    browser_identity_chain_test.go:143: Go transport GET /v1/admin/stores -> 200
    browser_identity_chain_test.go:143: Go transport GET /v1/admin/stores -> 200
    browser_identity_chain_test.go:143: Go transport GET /v1/admin/stores -> 200
    browser_identity_chain_test.go:143: Go transport GET /v1/admin/stores -> 200
    browser_identity_chain_test.go:143: Go transport GET /v1/admin/stores/a6157a27-6a87-4d1f-a2bb-7f27eae142e5/markets -> 200
    browser_identity_chain_test.go:143: Go transport GET /v1/admin/stores/a6157a27-6a87-4d1f-a2bb-7f27eae142e5/provider-accounts -> 200
    browser_identity_chain_test.go:143: Go transport GET /v1/admin/stores -> 200
    browser_identity_chain_test.go:143: Go transport GET /v1/admin/stores -> 200
    browser_identity_chain_test.go:143: Go transport GET /v1/admin/stores/a6157a27-6a87-4d1f-a2bb-7f27eae142e5/markets/e2b4b339-be57-49dd-8382-4544ae777602/countries/TW/delivery-services -> 200
    browser_identity_chain_test.go:143: Go transport GET /v1/admin/stores/a6157a27-6a87-4d1f-a2bb-7f27eae142e5/markets/e2b4b339-be57-49dd-8382-4544ae777602/countries/TW/payment-methods -> 200
    browser_identity_chain_test.go:143: Go transport GET /v1/admin/stores -> 200
    browser_identity_chain_test.go:143: Go transport GET /v1/admin/stores -> 200
    browser_identity_chain_test.go:143: Go transport GET /v1/admin/stores/a6157a27-6a87-4d1f-a2bb-7f27eae142e5/meta-connect/status -> 404
    browser_identity_chain_test.go:143: Go transport GET /v1/admin/stores/a6157a27-6a87-4d1f-a2bb-7f27eae142e5/billing/standing -> 200
    browser_identity_chain_test.go:143: Go transport GET /v1/admin/stores/a6157a27-6a87-4d1f-a2bb-7f27eae142e5/storefront -> 200
    browser_identity_chain_test.go:143: Go transport GET /v1/admin/stores/a6157a27-6a87-4d1f-a2bb-7f27eae142e5/storefront/domains -> 200
    browser_identity_chain_test.go:143: Go transport GET /v1/admin/stores -> 200
    browser_identity_chain_test.go:143: Go transport GET /v1/admin/stores -> 200
    browser_identity_chain_test.go:143: Go transport GET /v1/admin/stores -> 200
    browser_identity_chain_test.go:143: Go transport GET /v1/admin/stores -> 200
    browser_identity_chain_test.go:143: Go transport GET /v1/admin/stores -> 200
    browser_identity_chain_test.go:143: Go transport GET /v1/admin/stores -> 200
    browser_identity_chain_test.go:143: Go transport GET /v1/admin/stores/a6157a27-6a87-4d1f-a2bb-7f27eae142e5/markets -> 200
    browser_identity_chain_test.go:143: Go transport GET /v1/admin/stores -> 200
    browser_identity_chain_test.go:143: Go transport GET /v1/admin/stores -> 200
    browser_identity_chain_test.go:143: Go transport GET /v1/admin/stores/a6157a27-6a87-4d1f-a2bb-7f27eae142e5/provider-accounts -> 200
    browser_identity_chain_test.go:143: Go transport GET /v1/admin/stores -> 200
    browser_identity_chain_test.go:143: Go transport GET /v1/admin/stores/a6157a27-6a87-4d1f-a2bb-7f27eae142e5/markets/e2b4b339-be57-49dd-8382-4544ae777602/countries/TW/payment-methods -> 200
    browser_identity_chain_test.go:143: Go transport GET /v1/admin/stores/a6157a27-6a87-4d1f-a2bb-7f27eae142e5/billing/standing -> 200
    browser_identity_chain_test.go:143: Go transport GET /v1/admin/stores/a6157a27-6a87-4d1f-a2bb-7f27eae142e5/storefront -> 200
    browser_identity_chain_test.go:143: Go transport GET /v1/admin/stores -> 200
    browser_identity_chain_test.go:143: Go transport GET /v1/admin/stores/a6157a27-6a87-4d1f-a2bb-7f27eae142e5/markets/e2b4b339-be57-49dd-8382-4544ae777602/countries/TW/delivery-services -> 200
    browser_identity_chain_test.go:143: Go transport GET /v1/admin/stores/a6157a27-6a87-4d1f-a2bb-7f27eae142e5/meta-connect/status -> 404
    browser_identity_chain_test.go:143: Go transport GET /v1/admin/stores/a6157a27-6a87-4d1f-a2bb-7f27eae142e5/storefront/domains -> 200
    browser_identity_chain_test.go:143: Go transport GET /v1/admin/stores -> 200
    browser_identity_chain_test.go:143: Go transport GET /v1/admin/stores -> 200
    browser_identity_chain_test.go:143: Go transport GET /v1/admin/stores/a6157a27-6a87-4d1f-a2bb-7f27eae142e5/markets -> 200
    browser_identity_chain_test.go:143: Go transport GET /v1/admin/stores/a6157a27-6a87-4d1f-a2bb-7f27eae142e5/provider-accounts -> 200
    browser_identity_chain_test.go:143: Go transport GET /v1/admin/stores -> 200
    browser_identity_chain_test.go:143: Go transport GET /v1/admin/stores -> 200
    browser_identity_chain_test.go:143: Go transport GET /v1/admin/stores/a6157a27-6a87-4d1f-a2bb-7f27eae142e5/markets/e2b4b339-be57-49dd-8382-4544ae777602/countries/TW/payment-methods -> 200
    browser_identity_chain_test.go:143: Go transport GET /v1/admin/stores/a6157a27-6a87-4d1f-a2bb-7f27eae142e5/markets/e2b4b339-be57-49dd-8382-4544ae777602/countries/TW/delivery-services -> 200
    browser_identity_chain_test.go:143: Go transport GET /v1/admin/stores -> 200
    browser_identity_chain_test.go:143: Go transport GET /v1/admin/stores -> 200
    browser_identity_chain_test.go:143: Go transport GET /v1/admin/stores -> 200
    browser_identity_chain_test.go:143: Go transport GET /v1/admin/stores -> 200
    browser_identity_chain_test.go:143: Go transport GET /v1/admin/stores/a6157a27-6a87-4d1f-a2bb-7f27eae142e5/provider-accounts -> 200
    browser_identity_chain_test.go:143: Go transport GET /v1/admin/stores/a6157a27-6a87-4d1f-a2bb-7f27eae142e5/markets -> 200
    browser_identity_chain_test.go:143: Go transport GET /v1/admin/stores -> 200
    browser_identity_chain_test.go:143: Go transport GET /v1/admin/stores -> 200
    browser_identity_chain_test.go:143: Go transport GET /v1/admin/stores -> 200
    browser_identity_chain_test.go:143: Go transport GET /v1/admin/stores -> 200
    browser_identity_chain_test.go:143: Go transport GET /v1/admin/stores/a6157a27-6a87-4d1f-a2bb-7f27eae142e5/meta-connect/status -> 404
    browser_identity_chain_test.go:143: Go transport GET /v1/admin/stores/a6157a27-6a87-4d1f-a2bb-7f27eae142e5/billing/standing -> 200
    browser_identity_chain_test.go:143: Go transport GET /v1/admin/stores/a6157a27-6a87-4d1f-a2bb-7f27eae142e5/storefront -> 200
    browser_identity_chain_test.go:143: Go transport GET /v1/admin/stores/a6157a27-6a87-4d1f-a2bb-7f27eae142e5/storefront/domains -> 200
    browser_identity_chain_test.go:143: Go transport GET /v1/admin/stores -> 200
    browser_identity_chain_test.go:143: Go transport GET /v1/admin/stores -> 200
    browser_identity_chain_test.go:143: Go transport GET /v1/admin/stores/a6157a27-6a87-4d1f-a2bb-7f27eae142e5/markets/e2b4b339-be57-49dd-8382-4544ae777602/countries/TW/payment-methods -> 200
    browser_identity_chain_test.go:143: Go transport GET /v1/admin/stores/a6157a27-6a87-4d1f-a2bb-7f27eae142e5/markets/e2b4b339-be57-49dd-8382-4544ae777602/countries/TW/delivery-services -> 200
    browser_identity_chain_test.go:143: Go transport GET /v1/admin/stores -> 200
    browser_identity_chain_test.go:143: Go transport GET /v1/admin/stores -> 200
    browser_identity_chain_test.go:143: Go transport GET /v1/admin/stores/a6157a27-6a87-4d1f-a2bb-7f27eae142e5/markets/e2b4b339-be57-49dd-8382-4544ae777602/countries/TW/payment-methods -> 200
    browser_identity_chain_test.go:143: Go transport GET /v1/admin/stores/a6157a27-6a87-4d1f-a2bb-7f27eae142e5/markets/e2b4b339-be57-49dd-8382-4544ae777602/countries/TW/delivery-services -> 200
    browser_identity_chain_test.go:143: Go transport GET /v1/admin/stores -> 200
    browser_identity_chain_test.go:143: Go transport GET /v1/admin/stores -> 200
    browser_identity_chain_test.go:143: Go transport GET /v1/admin/stores -> 200
    browser_identity_chain_test.go:143: Go transport GET /v1/admin/stores -> 200
    browser_identity_chain_test.go:143: Go transport GET /v1/admin/stores/a6157a27-6a87-4d1f-a2bb-7f27eae142e5/logistics/ecpay -> 404
    browser_identity_chain_test.go:143: Go transport GET /v1/admin/stores/a6157a27-6a87-4d1f-a2bb-7f27eae142e5/logistics/cvs-settings -> 404
    browser_identity_chain_test.go:143: Go transport GET /v1/admin/stores -> 200
    browser_identity_chain_test.go:143: Go transport GET /v1/admin/stores/a6157a27-6a87-4d1f-a2bb-7f27eae142e5/bank-transfer-settings -> 200
    browser_identity_chain_test.go:143: Go transport GET /v1/admin/stores/a6157a27-6a87-4d1f-a2bb-7f27eae142e5/notification-settings -> 200
    browser_identity_chain_test.go:143: Go transport GET /v1/admin/stores/a6157a27-6a87-4d1f-a2bb-7f27eae142e5/cash-on-delivery-settings -> 200
    browser_identity_chain_test.go:143: Go transport GET /v1/admin/stores -> 200
    browser_identity_chain_test.go:143: Go transport GET /v1/admin/stores/a6157a27-6a87-4d1f-a2bb-7f27eae142e5/logistics/ecpay -> 404
    browser_identity_chain_test.go:143: Go transport GET /v1/admin/stores -> 200
    browser_identity_chain_test.go:143: Go transport GET /v1/admin/stores -> 200
    browser_identity_chain_test.go:143: Go transport GET /v1/admin/stores/a6157a27-6a87-4d1f-a2bb-7f27eae142e5/markets/e2b4b339-be57-49dd-8382-4544ae777602/countries/TW/delivery-services/home/policy -> 404
    browser_identity_chain_test.go:143: Go transport GET /v1/admin/stores/a6157a27-6a87-4d1f-a2bb-7f27eae142e5/markets/e2b4b339-be57-49dd-8382-4544ae777602/countries/TW/delivery-services/home -> 404
    browser_identity_chain_test.go:143: Go transport GET /v1/admin/stores -> 200
    browser_identity_chain_test.go:143: Go transport PUT /v1/admin/stores/a6157a27-6a87-4d1f-a2bb-7f27eae142e5/markets/e2b4b339-be57-49dd-8382-4544ae777602/countries/TW/delivery-services/home/policy -> 200
    browser_identity_chain_test.go:143: Go transport GET /v1/admin/stores -> 200
    browser_identity_chain_test.go:143: Go transport PUT /v1/admin/stores/a6157a27-6a87-4d1f-a2bb-7f27eae142e5/markets/e2b4b339-be57-49dd-8382-4544ae777602/countries/TW/delivery-services/home -> 200
    browser_identity_chain_test.go:143: Go transport GET /v1/admin/stores -> 200
    browser_identity_chain_test.go:143: Go transport GET /v1/admin/stores -> 200
    browser_identity_chain_test.go:143: Go transport GET /v1/admin/stores -> 200
    browser_identity_chain_test.go:143: Go transport GET /v1/admin/stores -> 200
    browser_identity_chain_test.go:143: Go transport GET /v1/admin/stores -> 200
    browser_identity_chain_test.go:143: Go transport GET /v1/admin/stores -> 200
    browser_identity_chain_test.go:143: Go transport GET /v1/admin/stores -> 200
    browser_identity_chain_test.go:143: Go transport GET /v1/admin/stores -> 200
    browser_identity_chain_test.go:143: Go transport GET /v1/admin/stores/a6157a27-6a87-4d1f-a2bb-7f27eae142e5/markets -> 200
    browser_identity_chain_test.go:143: Go transport GET /v1/admin/stores/a6157a27-6a87-4d1f-a2bb-7f27eae142e5/markets/e2b4b339-be57-49dd-8382-4544ae777602/countries/TW/payment-methods -> 200
    browser_identity_chain_test.go:143: Go transport GET /v1/admin/stores/a6157a27-6a87-4d1f-a2bb-7f27eae142e5/markets/e2b4b339-be57-49dd-8382-4544ae777602/countries/TW/delivery-services -> 200
    browser_identity_chain_test.go:143: Go transport GET /v1/admin/stores -> 200
    browser_identity_chain_test.go:143: Go transport GET /v1/admin/stores/a6157a27-6a87-4d1f-a2bb-7f27eae142e5/markets/e2b4b339-be57-49dd-8382-4544ae777602/countries/TW/delivery-services/home/policy -> 200
    browser_identity_chain_test.go:143: Go transport GET /v1/admin/stores/a6157a27-6a87-4d1f-a2bb-7f27eae142e5/markets/e2b4b339-be57-49dd-8382-4544ae777602/countries/TW/delivery-services/home -> 200
    browser_identity_chain_test.go:143: Go transport GET /v1/admin/stores -> 200
    browser_identity_chain_test.go:143: Go transport GET /v1/admin/stores -> 200
    browser_identity_chain_test.go:143: Go transport GET /v1/admin/stores/a6157a27-6a87-4d1f-a2bb-7f27eae142e5/billing/standing -> 200
    browser_identity_chain_test.go:143: Go transport GET /v1/admin/stores -> 200
    browser_identity_chain_test.go:143: Go transport GET /v1/admin/stores/a6157a27-6a87-4d1f-a2bb-7f27eae142e5/storefront -> 200
    browser_identity_chain_test.go:143: Go transport GET /v1/admin/stores -> 200
    browser_identity_chain_test.go:143: Go transport GET /v1/admin/stores/a6157a27-6a87-4d1f-a2bb-7f27eae142e5/meta-connect/status -> 404
    browser_identity_chain_test.go:143: Go transport GET /v1/admin/stores/a6157a27-6a87-4d1f-a2bb-7f27eae142e5/storefront/domains -> 200
    browser_identity_chain_test.go:143: Go transport GET /v1/admin/stores/a6157a27-6a87-4d1f-a2bb-7f27eae142e5/provider-accounts/a8ff291f-4bfb-4717-8286-00b7d0db7422 -> 200
    browser_identity_chain_test.go:143: Go transport GET /v1/admin/stores/a6157a27-6a87-4d1f-a2bb-7f27eae142e5/provider-accounts -> 200
    browser_identity_chain_test.go:143: Go transport GET /v1/admin/stores -> 200
    browser_identity_chain_test.go:143: Go transport GET /v1/admin/stores/a6157a27-6a87-4d1f-a2bb-7f27eae142e5/logistics/ecpay -> 404
    browser_identity_chain_test.go:143: Go transport POST /v1/identity/logout -> 204
    browser_identity_chain_test.go:47: PASS: browser -> Next -> Go -> real PG, signed MOCK IdP; evidence=/Volumes/data/live_commerce_architecture_v1/.worktrees/admin-visual/output/playwright/settings-real-20261005T192141.648607000
--- PASS: TestBrowserSettingsWizardRealChain (5.36s)
PASS
ok  	livecommerce/tests/foundation	17.920s
PASS: isolated PG + signed MOCK IdP browser chain; fixture removed at exit.
