=== RUN   TestPickList
=== RUN   TestPickList/PL01_totals_merge_and_per-order_lines
=== RUN   TestPickList/PL02_shipped/cancelled/foreign_skipped_codes
=== RUN   TestPickList/PL03_501_ids_->_422_too_many
=== RUN   TestPickList/PL05_permission_split
--- PASS: TestPickList (10.46s)
    --- PASS: TestPickList/PL01_totals_merge_and_per-order_lines (0.01s)
    --- PASS: TestPickList/PL02_shipped/cancelled/foreign_skipped_codes (2.07s)
    --- PASS: TestPickList/PL03_501_ids_->_422_too_many (0.01s)
    --- PASS: TestPickList/PL05_permission_split (0.03s)
=== RUN   TestCarrierExport
=== RUN   TestCarrierExport/black_cat
=== RUN   TestCarrierExport/hsinchu
=== RUN   TestCarrierExport/chunghwa_post
=== RUN   TestCarrierExport/generic
--- PASS: TestCarrierExport (4.29s)
    --- PASS: TestCarrierExport/black_cat (0.02s)
    --- PASS: TestCarrierExport/hsinchu (0.01s)
    --- PASS: TestCarrierExport/chunghwa_post (0.00s)
    --- PASS: TestCarrierExport/generic (0.00s)
=== RUN   TestTrackingImportSmoke
=== RUN   TestTrackingImportSmoke/preview_rolls_back,_commit_ships,_replay/conflict_and_result.csv
=== RUN   TestTrackingImportSmoke/stale_preview,_nothing_to_apply,_row-level_failures
--- PASS: TestTrackingImportSmoke (11.16s)
    --- PASS: TestTrackingImportSmoke/preview_rolls_back,_commit_ships,_replay/conflict_and_result.csv (0.05s)
    --- PASS: TestTrackingImportSmoke/stale_preview,_nothing_to_apply,_row-level_failures (0.03s)
PASS
ok  	livecommerce/tests/foundation	27.596s
test-focused: top-level PASS=3 FAIL=0 SKIP=0 exit=0
