=== RUN   TestParcelGroup
=== RUN   TestParcelGroup/PG01_suggestion_for_the_same_buyer_and_address,_then_create
=== RUN   TestParcelGroup/PG02_refusals:_address,_owner,_COD,_CVS,_size,_unknown
=== RUN   TestParcelGroup/PG03_one_order,_at_most_one_group
=== RUN   TestParcelGroup/pick_list_and_export_put_a_group_side_by_side_with_parcel_group_id
=== RUN   TestParcelGroup/PG04_group_shipment:_one_tracking_number,_per-order_audit_and_mail,_no_money_touched
    parcel_groups_test.go:251: control order shipped-mail rows: 1
=== RUN   TestParcelGroup/PG05_a_drifted_member_rolls_the_whole_group_back
=== RUN   TestParcelGroup/PG06_a_grouped_order_cannot_ship_alone_or_through_the_bulk_import
=== RUN   TestParcelGroup/PG07_dissolve_(CAS,_OPEN_only)_then_the_order_ships_alone
=== RUN   TestParcelGroup/PG08_two_creators_racing_for_the_same_orders:_exactly_one_wins
=== RUN   TestParcelGroup/PG09_same_Idempotency-Key,_disjoint_order_sets,_concurrently:_one_group,_the_loser_is_a_conflict_(not_already_in_group)
    parcel_groups_test.go:411: racer 0: 409 map[code:already_in_group details:map[] message:An order is already in a parcel group. request_id:2c68a4fe5d4f7a60517cfdbd0cf691b6 retryable:false], want 201 or 409 conflict
=== RUN   TestParcelGroup/PG10_mark_parcel_group_shipped_on_a_partly_shipped_group_refuses_(group_incomplete)_and_stays_OPEN
    parcel_groups_test.go:437: mark on a half-shipped group: <nil>, want PT409 group_incomplete
--- FAIL: TestParcelGroup (21.06s)
    --- PASS: TestParcelGroup/PG01_suggestion_for_the_same_buyer_and_address,_then_create (0.03s)
    --- PASS: TestParcelGroup/PG02_refusals:_address,_owner,_COD,_CVS,_size,_unknown (1.00s)
    --- PASS: TestParcelGroup/PG03_one_order,_at_most_one_group (0.00s)
    --- PASS: TestParcelGroup/pick_list_and_export_put_a_group_side_by_side_with_parcel_group_id (0.01s)
    --- PASS: TestParcelGroup/PG04_group_shipment:_one_tracking_number,_per-order_audit_and_mail,_no_money_touched (0.06s)
    --- PASS: TestParcelGroup/PG05_a_drifted_member_rolls_the_whole_group_back (0.07s)
    --- PASS: TestParcelGroup/PG06_a_grouped_order_cannot_ship_alone_or_through_the_bulk_import (0.01s)
    --- PASS: TestParcelGroup/PG07_dissolve_(CAS,_OPEN_only)_then_the_order_ships_alone (0.01s)
    --- PASS: TestParcelGroup/PG08_two_creators_racing_for_the_same_orders:_exactly_one_wins (1.74s)
    --- FAIL: TestParcelGroup/PG09_same_Idempotency-Key,_disjoint_order_sets,_concurrently:_one_group,_the_loser_is_a_conflict_(not_already_in_group) (3.44s)
    --- FAIL: TestParcelGroup/PG10_mark_parcel_group_shipped_on_a_partly_shipped_group_refuses_(group_incomplete)_and_stays_OPEN (2.59s)
FAIL
FAIL	livecommerce/tests/foundation	22.974s
FAIL
test-focused: top-level PASS=0 FAIL=1 SKIP=0 exit=1
