✔ /products/{uuid} redirects permanently to the zh-TW product page (39.453834ms)
✔ non-uuid ids are 404, never redirected (0.883541ms)
✔ AT1: the locale redirect preserves the ad-click query without allowing a redirect target (0.128458ms)
✔ R10: standalone signed signals survive a missing or expired seven-day touch (38.566125ms)
✔ R10: standalone signals reject expiry, bad signature, duplicates and another host (0.221083ms)
✔ AT1 R5: browser identity survives expired touch and rolls for ninety days (0.160625ms)
✔ AT1 R5: missing ad parameters create no cookies; fbclid alone creates no touch (0.16425ms)
✔ AT1 R5: lc_ad alone updates attribution and does not replace fbc (0.130167ms)
✔ AT1: host-only first-party cookies contain no PII and read back exactly (0.22675ms)
✔ AT1: a later valid click replaces the draft but preserves the browser identifier (0.11325ms)
✔ R10: only a different fbclid replaces fbc and its first-seen timestamp (0.195375ms)
✔ AT1: malformed and ambiguous links do not overwrite a valid prior touch (0.3175ms)
✔ AT1: host and key binding reject copied cookies (0.174167ms)
✔ AT1: duplicates and tampering invalidate the entire envelope (0.136041ms)
✔ AT1: exactly seven days is valid, the next millisecond and future clicks are not (0.133834ms)
✔ catalog list query limits equal the Go v2 parser (internal/buyerhttp/catalogv2.go) (65.056084ms)
✔ collection list cap equals Go maxCollectionsPerStore (6.713709ms)
✔ design caps equal internal/design/schema.go (nav, sections, pages) (8.747125ms)
✔ CVS buyer-entered store bounds and return path equal Go (internal/checkout/cvs.go, migration 0093) (7.098417ms)
✔ transfer view: closed shape and state rules mirror Go validTransferView (0.775583ms)
✔ proof body and result: five digits, positive minor amount, ISO instant (0.187791ms)
✔ minorFromText: major units with at most two decimals, never a float surprise (0.094458ms)
✔ buyer email mirror: one plain address, 254 characters at most (0.1025ms)
✔ countdown: whole hours and minutes, never negative (0.3315ms)
✔ copy: three locales carry every key and every refusal code (0.193417ms)
✔ options: a home row lists modes only with bank_transfer and then needs its window (0.236416ms)
✔ checkoutInput: a home bank_transfer body, the optional trimmed email, and every refusal before any request (1.129334ms)
✔ order: AWAITING_TRANSFER is a valid commercial state without a hold time (0.518583ms)
✔ BFF: exact transfer routes, keyed proof PUT, strict body, validated answers, no generic proxy (45.235709ms)
✔ BFF: transfer refusal codes pass through as definite 422; checkout accepts bank_transfer and a valid email only (7.062125ms)
✔ D06 order heading follows a settled transfer: never 'waiting for transfer' above a confirmed or expired one (0.147125ms)
✔ uncertain prepare blocks all mutations; changed cookie context resolves journal (21.53575ms)
✔ fully parsed local denial clears only its own pending operation (0.702917ms)
✔ malformed journal, unavailable lock and stale context fail before writes (3.890625ms)
✔ BPT05 exact handoff permits absent body/key, one fetch, no form persistence (54.514125ms)
✔ BPT05 wrong handoff form and ordinary writes fail before any fetch (1.133458ms)
✔ BPT05 unresolved cookie journal blocks handoff; lost response is one fetch without persistence (0.35ms)
✔ SU02 refresh permits absent body/key, one fetch, no persistence (0.795625ms)
✔ SU02 refresh rejects a body, a key or a malformed path before any fetch (0.603917ms)
✔ SU02 cancel permits absent body/key, one fetch, no persistence (0.303833ms)
✔ SU02 cancel rejects a body, a key or a malformed path before any fetch (0.234708ms)
✔ BPT01 exact private path, headers, body and three-locale one-fetch transport (53.948667ms)
✔ BPT02 payment routes reject untrusted path, context, headers, key and body before fetch (10.933916ms)
✔ BPT03 hostile upstream success is sanitized, never returned as payment data (3.475916ms)
✔ BPT04 every handoff failure is nonretryable, including pre-route and transport loss (1.041584ms)
✔ SU02 five routes: exact upstream path, method, key, body, one fetch each (26.159ms)
✔ SU02 refresh and cancel are keyless and pass every CSRF/context denial before fetch (4.949458ms)
✔ SU02 every handoff/refresh/cancel failure is nonretryable and sanitized (9.276375ms)
✔ SU02 hostile Stripe bodies become the sanitized 503; PAYUNi and Stripe bodies stay byte-identical (9.0715ms)
✔ SU02 prepare accepts only the two known method codes (0.450375ms)
✔ disabled and invalid configuration fail closed before private fetch (32.988416ms)
✔ private authority, cookie lifecycle and strict local denial (19.878333ms)
✔ bad host, cookie, query and method never reach private API (1.289791ms)
✔ stalled inbound POST body is canceled at its deadline without a cookie or private call (1.587125ms)
✔ R10: Begin forwards independently signed signals; browser attribution and forwarded hosts are not authority (5.266542ms)
✔ CVS BFF: exact routes, keyed open/store, keyless verify, validated answers, no generic proxy (6.673ms)
✔ CVS BFF: contract refusal codes pass through; pay_at_pickup_limit is a definite (non-retryable) 429 (5.188834ms)
✔ fragment grammar accepts only one canonical token (1.100083ms)
✔ claim projections are closed (3.464959ms)
✔ claim token rides only its header on B1/B2 and is never echoed (39.613208ms)
✔ claim-priced cart edits send only SKU and quantity, keeping server price authority (12.064958ms)
✔ direct-checkout sold-out projection is mandatory, boolean and closed (0.1245ms)
✔ claim redeem shares the purchase lock, guards recovery and never persists the token (4.241959ms)
✔ ClaimLink removal projects live-priced survivors on ready and conflict pages (4997.155042ms)
✔ ClaimLink revisit checks out applied A while pending B is sold out or unavailable (6.230958ms)
✔ ClaimLink refreshes a nothing result after a second tab applied the claim (4.955083ms)
✔ ClaimLink does not navigate when a buyable claim target is absent or has changed quantity (5.902375ms)
✔ ClaimLink optional prior-order notice tolerates unreadable storage without bypassing recovery (10.690375ms)
✔ CVS01 map form: only the two ECPay e-map actions, exact fields, top-level-safe values (2.652917ms)
✔ CVS02 return path allowlist excludes /claim and anything but the checkout or product page (1.761166ms)
✔ CVS03 selection projection: VERIFIED<=>pickup, REJECTED<=>reject_code, absent keys read as null (1.611875ms)
✔ CVS04 buyer-entered store answer and request body (0.331ms)
✔ CVS05 store code table (§16.1) keeps leading zeros and per-chain lengths (5.339208ms)
✔ CVS06 recipient mirror: real-name width 4..10 (CJK=2), no digits/symbols/emoji; 09 mobile (0.681083ms)
✔ CVS07 checkout draft: name, phone and mode only; read once; corrupt/foreign shapes are dropped (0.230459ms)
✔ CVS08 return URL: only ?cvs_selection=<uuid> is accepted (0.086458ms)
✔ CVS09 buyer order projection and copy keys: nothing but PICKED_UP says picked up (0.100083ms)
✔ CVS10 error codes: field mapping, definite refusals, official links are https constants (0.189542ms)
✔ CVS11 client transport: verify is the one new keyless POST; the server refusal code rides BuyerClientError.detail (16.075792ms)
✔ every locale x page has a title, an updated line and at least one section (1.000875ms)
✔ locales share the section count and per-section body count of every page (0.235333ms)
✔ final text is only the owner-confirmed company facts (CR 81215167 name + registered address); nothing else is final (0.183125ms)
✔ a legal page is published only when every text on it is final; buyers see no link to an unpublished one (0.498958ms)
✔ data-deletion path is named in the privacy page of every locale (0.075208ms)
✔ pendingOwnerText lists exactly the texts that keep a page unpublished and is written for the owner (0.970583ms)
✔ a live (claim-origin) price replaces the catalog price and strikes it through (1.316333ms)
✔ without a live price the catalog price and its compare-at are shown unchanged (0.153667ms)
✔ a live price equal to or above the catalog price is shown as set (strike hidden by the UI guard) (0.104834ms)
✔ a live price strikes the catalog price, never the variant sale price (0.106291ms)
✔ order ref: 12 hex (dashes or spaces, any case) or a full id (0.425709ms)
✔ contact: one email or a phone of 6..20 digits (0.150875ms)
✔ body is exactly {order_ref, contact}; the answer is exactly {order_id} (0.127875ms)
✔ BFF lookup: no cookie needed, fresh token goes upstream, cookie only on 200 and it carries that same token (36.652625ms)
✔ BFF lookup: strict local denial before any private fetch (0.827208ms)
✔ copy: three locales carry every key (0.17325ms)
✔ MS4 srcset descriptors use actual decoded widths and deduplicate small renditions (0.359833ms)
✔ MS1 product rendition allowlist preserves trusted Host and never forwards buyer cookies (19.199333ms)
✔ MS2 invalid, duplicate, extra, encoded widths and non-product variants fail before fetch (0.891166ms)
✔ MS3 old-image fallback is never promoted to immutable; committed variants are cacheable (4.537334ms)
✔ TWD whole amounts show no decimals in every locale and at every magnitude (line, subtotal, total, zero) (17.644292ms)
✔ cents appear only when there are cents, then always as two digits; the minor-unit arithmetic is untouched (0.180084ms)
✔ digits come from the currency: JPY none, USD two when there are cents (1.10375ms)
✔ one formatter: no component, page or lib builds a currency Intl.NumberFormat outside lib/money.ts (30.698916ms)
✔ fragment: exactly #o=<order id>&t=<43-char token>; anything else is null (1.476791ms)
✔ body is exactly {order_id, token, proof}; the answer is exactly the order the link named (0.323167ms)
✔ BFF link: no cookie needed, fresh token upstream, cookie only on a 200 naming the same order, link token never echoed (32.114084ms)
✔ BFF link: strict local denial before any private fetch (8.73125ms)
✔ copy: three locales, one refusal text, a retry and a lookup path (0.185416ms)
✔ BPU01 fresh payment writes exact metadata before prepare, one bodyless Take, no persistent form (29.032584ms)
✔ BPU01 lost prepare response replays original key/body only on explicit next click (10.336625ms)
✔ BPU01 lost handoff is permanently GET-only, even after a second click (0.87275ms)
✔ BPU01 storage, amount, scope and child/screen fences reject before irreversible writes (4.174958ms)
✔ BPU01 document/child loss after prepare but before Take leaves exact replay marker (0.354084ms)
✔ BPU01 malformed server handoff never submits and Take remains nonretryable (0.686125ms)
✔ BPU01 marker replacement before Take and after Take blocks release/form reuse (2.369792ms)
✔ BPU01 context replacement after prepare and after Take closes destination without form (1.443083ms)
✔ BPU01 synchronous destination refuses invalid locale before opening a window (0.124ms)
✔ SU03 fresh Stripe pay: marker before prepare, one prepare, one handoff, navigate, URL never stored (1.625709ms)
✔ SU03 marker replay: lost prepare response replays key/body, no uncertain on PENDING view with leftover marker (2.172875ms)
✔ SU03 cross-device Continue needs no marker and never prepares (1.108917ms)
✔ SU03 marker/view matrix: PAYUNi marker on Stripe view and Stripe marker on PAYUNi view send nothing (0.876ms)
✔ SU03 any other view renders without a POST (0.601708ms)
✔ SU03 CREATING: waits on the schedule without the lock, then hands off once when READY (22.507791ms)
✔ SU03 CREATING budget: 10 reads over 30 s, then the blank child is closed, no POST, no throw (2.199417ms)
✔ SU03 cancel_requested seen on the re-GET aborts before the handoff POST (0.356375ms)
✔ SU03 handoff outcomes: CREATING closes child, CLOSED/UNAVAILABLE/error/malformed reject; one POST each, never retried (5.954417ms)
✔ SU03 Stripe prepare errors, amount/currency mismatch and popup loss stop before any handoff (1.490083ms)
✔ SU03 two clicks make two handoff POSTs only because there were two clicks; sequential, none from reads (1.206209ms)
✔ SU03 navigate: validates again, needs an owned blank child, sets used before replace, no URL in errors (0.437667ms)
✔ SU03 refresh signal: keyless single POST, validated, throttled 1/10 s and 30 per page life, cancel never throttled (30.229666ms)
✔ SU03 signal failures are single-shot and sanitized: HTTP error, malformed body, wrong order (0.423709ms)
✔ private quote/option authority fields are required; only exact MANUAL home can checkout (2.9345ms)
✔ continue shopping advances only ordered version, clears hint, keeps SQL history authoritative (25.368916ms)
✔ lost next-cart response retries identical key/body and preserves a newer cart (0.857458ms)
✔ continuation never overwrites an already advanced cart (0.362625ms)
✔ unknown checkout blocks continuation without any business request (0.227291ms)
✔ two queued continuation clicks mutate once; stale order ID cannot clear another order (1.357208ms)
✔ CAS conflict resolves only after a newer cart is read (3.546417ms)
✔ locator removal failure retains next-cart journal and recovery survives missing locator (1.565084ms)
✔ order history summary rejects PII/unknown fields and malformed scope IDs (0.219333ms)
✔ native address validation mirrors printable Unicode, limits and phone; journal forbids PII (2.9195ms)
✔ address lost reply replays exact in-memory intent, then confirms current head (7.530625ms)
✔ address reload requires explicit new intent and exact observed CAS; stale head never auto-bumps (4.670958ms)
✔ old address receipt cannot confirm another tab's newer current head (0.689917ms)
✔ a late address CAS winner requires another explicit confirmation, not an automatic version bump (1.700375ms)
✔ checkout lost reply, queued duplicate and current GET reuse one key and one order (1.876542ms)
✔ uncertain checkout retains original journal across later 401/403/404/5xx and malformed success (5.035ms)
✔ only a fresh definitive denial clears checkout; no order locator is invented (1.739ms)
✔ locator storage failure after commit retains same key; reload GET failure keeps locator (0.55075ms)
✔ locator persisted but journal removal failed resumes pending receipt, not unrelated pointer (0.396458ms)
✔ unavailable storage, invalid locator and late changed context fail closed (0.201375ms)
✔ order locator readback mismatch and no-op journal removal both retain checkout recovery (0.377167ms)
✔ direct claim continuation refuses a newer ordered cart inside the purchase lock (0.300291ms)
✔ direct claim continuation keeps next-cart recovery after a conflicting clear (0.428708ms)
✔ collector projection: admitted for derived connections, absent/null for primary (0.630958ms)
✔ collector rejects identifiers, extra keys and malformed text (0.118209ms)
✔ disclosure renders the contract §5 line with all three slots substituted (0.103667ms)
✔ the disclosure line exists exactly when the hosted view returns a collector (3.226292ms)
✔ a shop or collector name with a replacement pattern is shown literally (0.174666ms)
✔ OrderPayment renders the disclosure with the view, above every pay button, through the helper only (1.701125ms)
✔ BPT03 exact valid projection and Go nanosecond UTC timestamps (11.22325ms)
✔ BPT03 view rejects private fields, inconsistent state and malformed names (0.194792ms)
✔ BPT03 prepared receipt enforces exact original credit-card amount (0.073ms)
✔ BPT03 hosted form and replay are exact, bounded and action-allowlisted (0.730917ms)
✔ SU01 Stripe views: fresh, both methods, attempt states, PAYUNi unchanged (0.152958ms)
✔ SU01 Stripe view negatives (0.128417ms)
✔ SU01 prepared amounts follow the corrected per-currency table (0.112166ms)
✔ SU01 Stripe handoff union and every redirect_url negative (0.252167ms)
✔ SU01 payment signal is exactly {order_id, scheduled:boolean} (0.102292ms)
✔ RUI01 refund summary: refunded states, pending money, absent ≡ null (0.14825ms)
✔ RUI01 refund summary negatives (0.123583ms)
✔ BPU03 neutral GET and POST return ignore every callback field and cookie (15.825542ms)
✔ primary origin: exact path/query, same host, and no URL-controlled destination (7.287792ms)
✔ GET and HEAD use trusted Host, private bounded uncached resolver and exact 301 (64.307ms)
✔ no writes redirected; resolution failures fail closed; unknown hosts keep native 404 (0.690125ms)
✔ policy version is the frozen constant, in the customers-core D4 shape (0.762125ms)
✔ route table: exactly the four buyer privacy routes, methods and body kinds (0.771042ms)
✔ body shapes are closed and mirror the frozen Go inputs (no source, no policy_version) (0.338583ms)
✔ GET privacy validator: closed shape, erased owner holds no consent (0.288875ms)
✔ consent result and erasure summary validators (0.503208ms)
✔ buyer export envelope never carries customer_id (0.913875ms)
✔ failure classification: 410 and erased are the erased state (0.200041ms)
✔ copy: every locale has the same keys, the ads box discloses that sent events cannot be recalled (0.261334ms)
✔ selected option photo uses a main display slot without adding a fifth main image (0.67325ms)
✔ use-cover selection and a main-thumbnail selection restore the original main gallery (0.076125ms)
✔ cart thumbnail uses variant then catalog image_id, including when main images are absent (0.08675ms)
✔ migrated four-main/five-detail images stay separate when the option photo changes (0.107958ms)
✔ real cart-detail composition uses server SKU image_id (v2 detail available) (67.843792ms)
✔ real cart-detail composition uses server SKU image_id (v2 detail unavailable) (0.589917ms)
✔ parity: frontend caps equal the Go constants (1.377417ms)
✔ detail parser: 4 main + 20 detail + option-value images are accepted and mapped (0.686541ms)
✔ detail parser: 5 main, 21 detail, bad ids and over-cap option images are refused (0.136709ms)
✔ detail parser: a backend before product-media-v2 (no new keys) still parses with empty defaults (0.070792ms)
✔ v1 catalog row: images are main-only (<= 4) and image_id is a uuid or null (0.1705ms)
✔ PRO-S1 code mirror: any case and spaces normalise; impossible codes never become a request (0.498292ms)
✔ PRO-S2 promotion object: closed keys, kind/value pairing (0.17275ms)
✔ PRO-S3 quote validator: promotion is optional but never malformed; the discount stays the server's own number (0.256458ms)
✔ PRO-S4 journal grammar: a quote write may carry one canonical promo_code, nothing else (0.358417ms)
✔ PRO-S5 copy: three locales cover every refusal code and the same keys (0.429875ms)
✔ PRO-S6 BFF quote route: promo_code relayed untouched when canonical, refused before the private API otherwise (65.138417ms)
✔ PRO-S7 BFF: every promo_* refusal is a definite, non-retryable 422 with its own code (4.636958ms)
✔ demonstration disclosure is explicit and local-only (0.459791ms)
✔ cart selection preserves unrelated SKUs and the observed CAS version (5.335125ms)
✔ minor amounts are bounded before multiplication, including zero (0.073041ms)
✔ delivery identity includes country for one market and method (0.056625ms)
✔ journal is bound to context and rejects PII/unknown fields (0.210916ms)
✔ lost response replays exact key/body, then clears only after parsed receipt (65.816375ms)
✔ RUI02 buyer order admits MERCHANT_SHIPPED only with a SHIPPED head; absent shipment ≡ null (0.434042ms)
✔ RUI02 shipment shape negatives (incl. unsafe links) (0.233917ms)
✔ RUI02 history summary admits MERCHANT_SHIPPED (a shipped order must not break the list) (0.074708ms)
✔ CVSP01 options: CVS rows carry pickup_selection/payment_modes; unavailable rows are a separate shape (0.332625ms)
✔ CVSP02 CVS destination write: TW only, pickup_id required, empty home address; home unchanged (1.88875ms)
✔ CVSP03 checkoutInput: payment_mode only for CVS rows and only a mode the row offers (0.29975ms)
✔ COD confirmation includes expected fee, enforces collect cap and validates immutable order money (14.626292ms)
✔ CVSP04 buyer order: pay_at_pickup <=> collection_state; cvs_shipment only on a matching CVS destination (0.6085ms)
✔ CVSP05 journal accepts a CVS destination marker and a checkout body with payment_mode, nothing else (0.417458ms)
✔ validProduct accepts up to the Go photo cap and rejects one more (2.233792ms)
✔ design: garbage and hostile documents collapse to the safe default shape (2.985875ms)
✔ design: links, preview token propagation, nav resolution (0.154833ms)
✔ design: any merchant accent yields readable button text and link colour (WCAG AA) (1.626833ms)
✔ variants: resolution, disabled out-of-stock combinations, initial choice, price bounds (0.230292ms)
✔ catalog-v2 parsers accept the frozen shapes and refuse drift (0.548417ms)
✔ free-delivery progress words the hint only when a threshold exists (0.076875ms)
✔ list query: only whitelisted, canonical values survive (0.236542ms)
✔ seo: JSON-LD cannot break out of its script tag; offers reflect stock and price range (8.805792ms)
✔ seo: sitemap escapes and carries hreflang; robots refuses everything for a closed host (0.365458ms)
✔ money: whole amounts drop cents, minor digits come from the currency, filters round-trip (0.409459ms)
✔ cart line write: replaces one line, keeps the others, 0 removes, CAS version is the one shown (0.772875ms)
✔ cart problems map to buyer-facing classes without leaking transport detail (0.083833ms)
✔ checkout options accept the optional free-shipping threshold only as a positive integer or null (0.547ms)
✔ no-image placeholder copy: exactly the locale label a photo-less card or gallery renders (0.060583ms)
✔ storefront image caps equal the Go catalog caps (internal/catalog MaxMainImages, MaxDetailImages) (27.759792ms)
✔ design text limits count code points like Go, never splitting a surrogate pair (0.493208ms)
✔ G3: same-series cards exclude the current product and never invent absent draft/foreign products (0.619ms)
✔ G5: safety guidance exists in three languages without changing the five merchant policy approval boundaries (0.930834ms)
✔ G4: category chips omit empty collections; hidden collections absent from the public API stay absent (0.062417ms)
✔ OrderHistory renders server order instant in Taipei (4467.729125ms)
✔ ClaimLink renders claim expiry in Taipei (4.286417ms)
✔ BankTransfer renders deadline and proof instant in Taipei (2.98925ms)
✔ BankTransfer proof echo labels store time in en (2.917ms)
✔ BankTransfer proof echo labels store time in zh-TW (3.15175ms)
✔ BankTransfer proof echo labels store time in zh-CN (2.836042ms)
✔ BankTransfer input describes the device zone in en (2.280709ms)
✔ BankTransfer input describes the device zone in zh-TW (3.0275ms)
✔ BankTransfer input describes the device zone in zh-CN (3.017292ms)
✔ ShopFooter uses Taipei year across UTC year boundary (4.082458ms)
✔ BankTransfer deadline labels store time in en (2.29425ms)
✔ BankTransfer deadline labels store time in zh-TW (1.565917ms)
✔ BankTransfer deadline labels store time in zh-CN (1.265542ms)
✔ OrderHistory states the Taipei time zone once in en (0.931416ms)
✔ OrderHistory states the Taipei time zone once in zh-TW (0.796625ms)
✔ OrderHistory states the Taipei time zone once in zh-CN (0.814292ms)
✔ dictionaries have exact parity and non-empty values (0.62875ms)
✔ locale precedence and language quality mapping (0.632625ms)
✔ localized paths preserve deep links and reject dangerous input (0.328375ms)
✔ path locale only matches a canonical first segment (0.048291ms)
✔ the four constructs render (0.61975ms)
✔ XSS payloads stay inert text (0.478875ms)
✔ fuzz: any string over a hostile alphabet renders only whitelisted tags (15.227875ms)
✔ validator mirrors the Go rules (0.451834ms)
✔ SDN1 allowlist: exactly the contract routes, per method (0.521167ms)
✔ SDN1 allowlist: traversal, case, suffix and prefix tricks never match (0.239959ms)
✔ SDN1 request shape: no query string anywhere, reads carry no body, key, length or transfer-encoding (16.185584ms)
✔ SDN1 cap: 260 KiB = Go's 256 KiB document + 4 KiB envelope, and a body of exactly the cap is still below it (0.111792ms)
✔ SDN2 renderer: every XSS payload comes out as whitelisted tags and escaped text only (1.503625ms)
✔ SDN2 renderer: escape-first means the merchant's text never becomes markup (0.129833ms)
✔ SDN2 renderer: fuzz (seeded) never produces a tag outside the whitelist (13.167125ms)
✔ SDN2 client validator rejects what the server rejects (HTML, non-https links, `<` anywhere) (0.211708ms)
✔ cleanForSave turns cleared fields into null but keeps an empty body (0.447ms)
✔ localIssues names each missing mandatory value by server path (0.713542ms)
✔ moved swaps neighbours and ignores out-of-range moves (0.070208ms)
✔ parsers accept the exact Go shapes and refuse extra or missing keys (0.364458ms)
✔ BFF allowlist covers exactly the design resources (0.223833ms)
✔ validDesignRequest refuses queries and bodies on reads, ignores other paths (18.2535ms)
✔ designDetails forwards only a bounded {path, reason} pair (0.162584ms)
✔ accepts exactly the three locale invite paths with a 20-200 char token (0.389ms)
✔ rejects anything that is not an exact same-origin relative invite path (0.086625ms)
✔ rejects percent-encoded variants of the exact shape (0.053042ms)
✔ the token is an opaque invite token shape, never a URL (0.047708ms)
✔ fragment carrier: round-trips the exact invite path, is never a query string, and rejects hostile fragments (0.172041ms)
✔ dashboard: accepts the frozen shape, rejects drift (2.023041ms)
✔ import result: strict keys, closed error codes, committed never carries errors (0.261208ms)
✔ csv file guard mirrors the Go bounds (0.070583ms)
✔ manual options: a COD home row parses with its offer (D01: the page used to refuse the whole list) (0.668ms)
✔ manual options: only bank_transfer / pay_at_pickup / cash_on_delivery, key must equal market|country|code (0.134333ms)
✔ manual result: link is https with the order id and a 43-char capability in the fragment only (0.251959ms)
✔ draft: first problem, and the body has no price-like field at all (0.429ms)
✔ BFF grammar: exactly the seven tools resources (0.078583ms)
✔ regenerate body/result: exactly {order_id, locale} and a fresh https link naming that order (0.135167ms)
✔ copy parity: every locale has every key, import rules and error codes (0.409542ms)
✔ callback redirect target is always a same-origin /<locale>/settings path whatever the cookies, store, code or error say (2.060333ms)
✔ the binding cookie: exactly one canonical store uuid, path-scoped to the callback, HttpOnly, Lax, 10 minutes, Secure (0.097625ms)
✔ callback query: exactly one code and one state within charset/length bounds; Meta's error=… and repeats are not forwarded (0.575041ms)
✔ the dialog URL the BFF hands the browser is https://www.facebook.com only (0.116458ms)
✔ callback error mapping only ever yields fixed codes, never an upstream message (0.121334ms)
✔ selected Page qualifies only a bare Facebook id, never rewrites another Page or external URL (1.206958ms)
✔ status: not connected, connected with and without Instagram, and every deviation throws (2.544875ms)
✔ pick state: closed shape, optional Instagram keys come as a pair, id must match (0.591875ms)
✔ route grammar: only status/states/pick/disconnect; start and callback are dedicated routes; no query; reads carry no body or key (13.539083ms)
✔ connect cookie, body and callback redirect never carry code/state and only fixed codes (0.277083ms)
✔ copy: three locales have the same keys and every Go error code has a message (0.307584ms)
✔ review-required remains restricted; evidence does not promote state (0.62175ms)
✔ legacy omission remains unidentified, independent of array order (0.156125ms)
✔ closed shapes reject unknown state/provider/evidence, leaked fields and inconsistent severity (0.2025ms)
✔ duplicate capabilities/pages and unbounded arrays cannot become trusted state (0.098084ms)
✔ worst Page determines advice, no raw upstream reason reaches copy (0.118333ms)
✔ recheck receipt means scheduled; timestamps and closed keys are checked (0.092166ms)
✔ exact keyless route grammar rejects query/key/body confusion (11.616584ms)
✔ recheck takes exactly page_id and no caller-provided scope (0.249834ms)
✔ blocking advice comes from the blocking capability, not a secondary public-reply warning (0.193792ms)
✔ clean health browser mode prepares admin standalone before starting its fixture (14.57875ms)
✔ en: expired connection retains its full refusal inside a wrapping badge (6.300875ms)
✔ zh-TW: expired connection retains its full refusal inside a wrapping badge (0.830667ms)
✔ zh-CN: expired connection retains its full refusal inside a wrapping badge (0.499375ms)
✔ actual B1 snapshot state remains ok even when a fixture expected review_required (0.079666ms)
✔ D02 TWD input: whole dollars only, x100 on the wire (8.130583ms)
✔ D02 TWD edit text: whole dollars have no decimals; a legacy amount with cents is never shown as another price (0.211541ms)
✔ D02 display: NT$ without decimals in every language, cents only when there are cents (1.603667ms)
✔ D02 live-price input (Studio claims): TWD whole dollars, other currencies their decimals (0.137125ms)
✔ D02 discount code amounts: TWD whole dollars, a decimal is refused before it is sent (0.237459ms)
✔ D02 no admin copy or component says 'minor units' to the merchant (77.344541ms)
✔ M06 time: Asia/Taipei everywhere, labelled, never UTC (11.035834ms)
✔ settings answer: exactly one boolean key (0.691167ms)
✔ PUT body is the frozen single key (0.060958ms)
✔ BFF grammar: GET read, PUT keyed command, nothing else (0.191791ms)
✔ copy: three locales, same keys, no empty text (0.11825ms)
✔ PRM01 parse: exact keys, kind/value pairing and ranges; duplicates and unknown keys are refused (2.208125ms)
✔ PRM02 Taipei wall time: +08:00 on the wire, instant shown back in Taipei, impossible dates refused (15.5685ms)
✔ PRM03 create body: normalised code, major units to minor units, optional fields null, whole body validated (8.045208ms)
✔ PRM04 update + toggle: version CAS key, form round trip, pause keeps every other field (0.614292ms)
✔ PRM05 BFF grammar: exactly list, create and update; nothing generic (0.364125ms)
✔ PRM06 copy: three locales carry the same keys and every refusal code the Go routes can answer (0.307708ms)
✔ G-UI3/G-UI5 architecture constraints pass with shrinking legacy exceptions (831.827584ms)
✔ G-UI3/G-UI5 negatives: new formatter, component fetch, >800 lines and wider allowance fail (0.6345ms)
✔ Readiness jump controls expose the actual active section, not a click flag (1.768542ms)
✔ Integrator P2: legal CN comment ordering and a distinct three-image recommendation (0.434875ms)
✔ ADM04 and ADM06 explain unavailable SKUs and keep collection vocabulary consistent (1.549125ms)
✔ ADM06 create/detail titles share the route vocabulary without adding a phantom Next page (0.351083ms)
✔ G-UI1 Next pages and route registry are bidirectional, unique, typed, documented (1.597625ms)
✔ G-UI1 copy key parity: no missing or extra key in any locale (0.078834ms)
✔ G-UI2 staff without catalog:read cannot see products/inventory or open a product URL (0.151083ms)
✔ G-UI2 every route permission is a permission Go knows, and /orders/new needs inventory:reserve (219.348625ms)
✔ G-UI1 dynamic and public routes match, details never appear as navigation (0.212042ms)
✔ W6-U2 ledger is a settings in-page route, preserving existing navigation (0.496209ms)
✔ Every browser spec clicks nav-orders: the orders group stays a singleton, so returns/new/print routes are nav: false (0.5665ms)
✔ shell-registry: every routed path has exactly one nonempty shared h1 in all three locales (321.708375ms)
✔ shell-registry: orders stays one actual group button on live and non-live routes (4.349916ms)
✔ shell-registry: loading/expired/unavailable/forbidden keep one safe heading and never leak private content (4.605833ms)
✔ created address is a strict HTTPS origin matching the assigned handle (0.471333ms)
✔ DNS instructions must name the requested origin and a bare hostname target (0.254958ms)
✔ domain kind is authoritative and closed, not inferred from host or token (0.125208ms)
✔ apex DNS retains every concrete IPv4/IPv6 address and rejects malformed values (0.56825ms)
✔ pending domain journal preserves exact action/key/target; legacy or corrupt markers never replay (0.4705ms)
✔ browser-origin gate: every refusal happens before Go is called, for every action (20.750667ms)
✔ only POST exists on the team routes (0.580583ms)
✔ unknown action is a local 404 and never reaches Go (0.25575ms)
✔ strict request grammar: wrong keys, types, ids, roles, locales and token shapes are 422 locally (4.162459ms)
✔ what reaches Go: BFF key, bearer from the cookie, no Cookie/Origin, body unchanged, exactly one call per request (61.401875ms)
✔ Go failures are rebuilt locally from allow-listed codes, never retried, and never echo the token (28.740542ms)
✔ team answer: accepts the frozen shape, null role and OIDC member without email (0.646291ms)
✔ team answer: unknown key, unknown role, bad id, bad mail state are rejected (0.933416ms)
✔ invite and accept answers are strict (0.790208ms)
✔ request grammar: every action has an exact key set and rejects junk values (0.581417ms)
✔ copy: three locales carry the same keys and a label for every role (0.929667ms)
✔ role-aware navigation: hides entries the member's permissions cannot use; unknown shows all; Team is owner-only (0.437ms)
✔ P02 settlements directory rejects missing/link/owner/group/mode with a valid control (523.815292ms)
✔ preflight health permission grammars and API/worker consistency fail closed (2961.950125ms)
✔ merchant alert flag is explicit 0|1 and independently requires SMTP (1942.925375ms)
✔ shared loader makes API/worker LIVE pair file-only before Compose interpolation (400.950375ms)
✔ export bind accepts omitted JSON false but rejects unsafe source/config mutations (1.885375ms)
✔ sanctioned operator allowlist and fail-closed gates (fake docker, no network) (1695.596583ms)
✔ platform operator custody, export mount and binary are wired (170.921417ms)
✔ actual export bind refuses a missing directory; enabling auto-create is detected (459.307ms)
✔ R3 preflight rejects cancelled PAYUNi, validates Page app and keeps LIVE pair mandatory (837.822875ms)
✔ R3 smoke exercises exact denied probes, accepts 404 only for disabled mounts (96.101125ms)
✔ positive control: a complete, valid configuration raises no META_LOGIN finding (1166.562292ms)
✔ feature off (COMMERCE_META_LOGIN_CONFIG_ID empty): no rule applies even with the other keys empty (309.977584ms)
✔ P06: the Page route needs the webhook receiver (277.746625ms)
✔ P06: sessions come from identity (254.307291ms)
✔ P06: without the claims profile nobody sends the private replies (a WARN, not a FAIL) (294.202584ms)
✔ P08: COMMERCE_META_LOGIN_CONFIG_ID must be numeric ("abc") (234.725333ms)
✔ P08: COMMERCE_META_LOGIN_CONFIG_ID must be numeric ("12 34") (242.02175ms)
✔ P08: COMMERCE_META_LOGIN_CONFIG_ID must be numeric ("111111111111") (247.545958ms)
✔ P08: COMMERCE_META_LOGIN_CONFIG_ID must be numeric ("0x10") (296.212042ms)
✔ P08: COMMERCE_META_LOGIN_CONFIG_ID must be numeric ("-1") (396.800958ms)
✔ P08: COMMERCE_META_LOGIN_REDIRECT_URI must be exactly https://<LC_ADMIN_HOST>/api/meta/callback (wrong host) (287.363459ms)
✔ P08: COMMERCE_META_LOGIN_REDIRECT_URI must be exactly https://<LC_ADMIN_HOST>/api/meta/callback (http scheme) (263.387458ms)
✔ P08: COMMERCE_META_LOGIN_REDIRECT_URI must be exactly https://<LC_ADMIN_HOST>/api/meta/callback (the ads callback path) (222.635833ms)
✔ P08: COMMERCE_META_LOGIN_REDIRECT_URI must be exactly https://<LC_ADMIN_HOST>/api/meta/callback (trailing slash) (184.598125ms)
✔ P08: COMMERCE_META_LOGIN_REDIRECT_URI must be exactly https://<LC_ADMIN_HOST>/api/meta/callback (query string) (184.657042ms)
✔ P08: COMMERCE_META_LOGIN_REDIRECT_URI must be exactly https://<LC_ADMIN_HOST>/api/meta/callback (empty) (230.657834ms)
✔ P08: COMMERCE_META_LOGIN_GRAPH_VERSION grammar vNN.N ("26.0") (196.474625ms)
✔ P08: COMMERCE_META_LOGIN_GRAPH_VERSION grammar vNN.N ("v26") (170.424375ms)
✔ P08: COMMERCE_META_LOGIN_GRAPH_VERSION grammar vNN.N ("v26.0.1") (190.367125ms)
✔ P08: COMMERCE_META_LOGIN_GRAPH_VERSION grammar vNN.N ("latest") (233.85375ms)
✔ P08: COMMERCE_META_LOGIN_GRAPH_VERSION grammar vNN.N ("") (258.121375ms)
✔ P08: COMMERCE_META_LOGIN_GRAPH_VERSION grammar vNN.N ("v1000.0") (173.92525ms)
✔ P08: COMMERCE_META_LOGIN_GRAPH_VERSION accepts v26.0 (161.800917ms)
✔ P08: COMMERCE_META_LOGIN_GRAPH_VERSION accepts v22.0 (177.962416ms)
✔ P08: COMMERCE_META_LOGIN_GRAPH_VERSION accepts v99.9 (152.548875ms)
✔ production without any alert channel is a FAIL (nobody would hear the next outage) (1124.208583ms)
✔ outside production the same gap is only a WARN (311.697833ms)
✔ a webhook alone satisfies the rule (275.663166ms)
✔ an e-mail target with a complete relay (host, username, secret) satisfies the rule (261.145833ms)
✔ an e-mail target without the relay secret cannot be sent: FAIL in production, WARN elsewhere (569.657833ms)
✔ the example's CHANGE_ME_SENDER placeholder is not a relay: the e-mail target cannot be sent (257.59275ms)
✔ LC_ALERT_EMAIL must be one plain address ("not-an-address") (229.502916ms)
✔ LC_ALERT_EMAIL must be one plain address ("two@fake.invalid,three@fake.invalid") (274.414417ms)
✔ LC_ALERT_EMAIL must be one plain address ("a b@fake.invalid") (392.9105ms)
✔ LC_ALERT_EMAIL must be one plain address ("<owner@fake.invalid>") (283.917375ms)
✔ LC_ALERT_EMAIL must be one plain address ("owner@fake") (254.133708ms)
✔ storefront cart-line removal is reversible: clicked for real, not guarded (2.052209ms)
✔ destructive / irreversible / sign-out classification (owner list, en + zh) (3.562958ms)
✔ alike controls (rows with ids / numbers) share one class key (0.205916ms)
✔ known defects classify, never silence: stale entries are reported (0.438125ms)
✔ the markdown ledger has one row per interaction and names the verdict (0.183834ms)
✔ protocolHrefOK accepts well-formed tel:/mailto: and rejects malformed ones (0.157792ms)
✔ J1 waits for enabled media and clicks a real chooser; the uploaded cover is bound to the main section (370.308083ms)
✔ J1 cannot credit a detail-image receipt as the main cover (1.338417ms)
✔ J1 refuses a failed cover upload rather than continuing to activate (0.462542ms)
✔ thresholds are the named constants of the brief (1.906666ms)
✔ R1: document wider than the viewport, and the outermost element past the edge (0.431584ms)
✔ R2: label tops, control tops and control heights of one visual row (1.405ms)
✔ R2: what is one row and what is not (0.354666ms)
✔ R2: a button beside a field has to line up with its control (0.334125ms)
✔ R3: a row made tall by stacked controls, a control wider than its cell (0.954958ms)
✔ R3: a matrix whose EVERY row is doubled by a stacked stock cell (the median cannot see it) (0.654542ms)
✔ R4: small text, helper text apart, icons and duplicates excepted (0.137708ms)
✔ R5: tap targets on the 390 viewport only (0.573417ms)
✔ R6: interactive elements and text boxes that overlap (0.381333ms)
✔ R7: text clipped inside a control or label (either side), and select values that do not fit (0.299625ms)
✔ R8: the same visible label twice in one list (0.254792ms)
✔ evaluate() tags severity, selectRecords() keeps distinct groups first and counts every instance (0.845375ms)
✔ R9: text and controls flush to the screen edge at 390 (0.282083ms)
✔ R6/R9 judge the visible (ancestor-clipped) rectangle, not the raw one (integrator ruling 2026-10-05) (0.139625ms)
✔ R10: a fixed or sticky bar covering main content after scrolling (0.332709ms)
✔ R11: controls narrower than a usable width (0.254708ms)
ℹ tests 437
ℹ suites 0
ℹ pass 437
ℹ fail 0
ℹ cancelled 0
ℹ skipped 0
ℹ todo 0
ℹ duration_ms 10144.636292
✔ closed projections reject secret-shaped extras, invalid enums, IDs and contradictory capabilities (0.814583ms)
✔ detail accepts only bounded events and keeps actual server action flags (0.404042ms)
✔ BFF exact routes and request grammar forbid keys/body on reads, filters on detail and arbitrary writes (9.381083ms)
✔ copy parity, safe object navigation and UNKNOWN/protective reasons (0.165334ms)
✔ read-only store capability never exposes a command even if the state allows one (0.060458ms)
✔ duplicate escaped keys cannot bypass the exact command grammar (0.042292ms)
✔ query backoff affects only its operation and expires without another action (0.049542ms)
✔ merchant reason text translates ledger events and conceals unknown or prototype codes (0.09425ms)
✔ ledger read navigation requires effective integration:read permission regardless of role (0.066041ms)
ℹ tests 9
ℹ suites 0
ℹ pass 9
ℹ fail 0
ℹ cancelled 0
ℹ skipped 0
ℹ todo 0
ℹ duration_ms 87.591916
✔ OrderHistory renders server order instant in Taipei (7.210583ms)
✔ ClaimLink renders claim expiry in Taipei (2.006583ms)
✔ BankTransfer renders deadline and proof instant in Taipei (2.156209ms)
✔ BankTransfer proof echo labels store time in en (1.9605ms)
✔ BankTransfer proof echo labels store time in zh-TW (1.949459ms)
✔ BankTransfer proof echo labels store time in zh-CN (1.485917ms)
✔ BankTransfer input describes the device zone in en (1.31125ms)
✔ BankTransfer input describes the device zone in zh-TW (1.373916ms)
✔ BankTransfer input describes the device zone in zh-CN (1.730792ms)
✔ ShopFooter uses Taipei year across UTC year boundary (1.804542ms)
✔ BankTransfer deadline labels store time in en (1.351958ms)
✔ BankTransfer deadline labels store time in zh-TW (1.106292ms)
✔ BankTransfer deadline labels store time in zh-CN (1.042416ms)
✔ OrderHistory states the Taipei time zone once in en (0.771667ms)
✔ OrderHistory states the Taipei time zone once in zh-TW (0.710875ms)
✔ OrderHistory states the Taipei time zone once in zh-CN (0.649209ms)
✔ Meta rejection wording is preserved as bounded Unicode text, never translated (2.237625ms)
✔ frozen error codes: model list equals the frozen list, each is read from both error shapes (0.527083ms)
✔ copy: every code, status, op state and connect error has text in all three locales (0.283667ms)
✔ copy never calls a budget a hard stop and never offers resume (0.267584ms)
✔ draft: every §5.1 status parses; unknown status/template/op state is an error, never guessed (0.382083ms)
✔ draft: optional fields, remote ids and the Ads Manager link (0.18525ms)
✔ action hints: pause whenever a remote id exists and not ENDED; a paused draft is only ever copied (X7) (0.225625ms)
✔ money: whole units to minor with integer math; TWD must be whole (8.13925ms)
✔ Taipei schedule: wall inputs and draft projections ignore the viewer zone (3.328375ms)
✔ Taipei schedule: invalid calendar days are rejected and all copy names UTC+8 (0.328083ms)
✔ draft input: exact 11-key body and every local rule (3.872042ms)
✔ draft form round trip and X7 copy (blank schedule, no id, no revision) (0.4125ms)
✔ settings parser: environment enum, connections, identities, capi (0.407333ms)
✔ connect state parser: pick list kinds and id match (0.11875ms)
✔ report: three separate blocks, orders may be null, no combined figure (0.463ms)
✔ default report window is the Asia/Taipei store day whatever the viewer's zone is (Taipei midnight boundary) (3.694792ms)
✔ capi body and validation (0.115916ms)
✔ W6-06B unbind response: exact keys, account, UUIDs and outcome semantics (0.181542ms)
✔ W6-06B in-flight details preserve bounded items and total, reject unknown shapes (0.192917ms)
✔ W6-06B catalog feed has exact public URL/domain pairs or published-store empty (0.523708ms)
✔ W6-06B copy preserves unbind boundaries and feed recovery in three locales (0.073375ms)
✔ W6-06B feed selection follows origin order, not full feed URL order (0.069459ms)
✔ customer list accepts the frozen row and rejects unknown keys, dup ids, bad cursor, oversize (2.142792ms)
✔ customer row invariants: nulls for bundle-only/erased, counts, money, consents (0.277875ms)
✔ customer detail: bounded lists, order summaries reuse the orders parser, id must match (1.658875ms)
✔ erasure summary is four counts only (0.08275ms)
✔ finance summary: net = captured - refunded (I05), totals carry an empty day, sandbox flag (0.279833ms)
✔ financeDay is the UTC+8 day (0.054833ms)
✔ finance defaults keep Taipei dates across midnight, leap day and year end (0.07125ms)
✔ tags and notes are parsed strictly (W6-01B) (0.514292ms)
✔ TSX seam refuses an unlisted import (3.254917ms)
✔ Ads merchant timestamp uses Taipei at the year boundary (11.620334ms)
✔ Design version published_at cell uses Taipei at the year boundary (2.5165ms)
✔ ManualOrder bank-transfer expiry uses Taipei at the year boundary (1.813084ms)
✔ shared ManualOrder form keeps fresh defaults and legacy input IDs (6.458458ms)
✔ shared drawer quantity controls namespace IDs, bound quantity and remove zero in all locales (10.987042ms)
✔ shared delivery choice emits one patch with the only allowed payment mode (4.067333ms)
ℹ tests 53
ℹ suites 0
ℹ pass 53
ℹ fail 0
ℹ cancelled 0
ℹ skipped 0
ℹ todo 0
ℹ duration_ms 127.793625
✔ OrderHistory renders server order instant in Taipei (7.506791ms)
✔ ClaimLink renders claim expiry in Taipei (2.246833ms)
✔ BankTransfer renders deadline and proof instant in Taipei (2.136083ms)
✔ BankTransfer proof echo labels store time in en (1.398667ms)
✔ BankTransfer proof echo labels store time in zh-TW (1.392708ms)
✔ BankTransfer proof echo labels store time in zh-CN (1.254167ms)
✔ BankTransfer input describes the device zone in en (1.137417ms)
✔ BankTransfer input describes the device zone in zh-TW (1.474917ms)
✔ BankTransfer input describes the device zone in zh-CN (1.203583ms)
✔ ShopFooter uses Taipei year across UTC year boundary (1.592875ms)
✔ BankTransfer deadline labels store time in en (1.236166ms)
✔ BankTransfer deadline labels store time in zh-TW (1.036333ms)
✔ BankTransfer deadline labels store time in zh-CN (0.939916ms)
✔ OrderHistory states the Taipei time zone once in en (0.719917ms)
✔ OrderHistory states the Taipei time zone once in zh-TW (0.797541ms)
✔ OrderHistory states the Taipei time zone once in zh-CN (0.870042ms)
✔ Meta rejection wording is preserved as bounded Unicode text, never translated (1.051917ms)
✔ frozen error codes: model list equals the frozen list, each is read from both error shapes (0.334333ms)
✔ copy: every code, status, op state and connect error has text in all three locales (0.291959ms)
✔ copy never calls a budget a hard stop and never offers resume (0.224ms)
✔ draft: every §5.1 status parses; unknown status/template/op state is an error, never guessed (0.342416ms)
✔ draft: optional fields, remote ids and the Ads Manager link (0.167041ms)
✔ action hints: pause whenever a remote id exists and not ENDED; a paused draft is only ever copied (X7) (0.196667ms)
✔ money: whole units to minor with integer math; TWD must be whole (7.9785ms)
✔ Taipei schedule: wall inputs and draft projections ignore the viewer zone (3.35025ms)
✔ Taipei schedule: invalid calendar days are rejected and all copy names UTC+8 (0.258959ms)
✔ draft input: exact 11-key body and every local rule (3.271625ms)
✔ draft form round trip and X7 copy (blank schedule, no id, no revision) (0.228833ms)
✔ settings parser: environment enum, connections, identities, capi (0.372166ms)
✔ connect state parser: pick list kinds and id match (0.109541ms)
✔ report: three separate blocks, orders may be null, no combined figure (0.249125ms)
✔ default report window is the Asia/Taipei store day whatever the viewer's zone is (Taipei midnight boundary) (1.884833ms)
✔ capi body and validation (0.121ms)
✔ W6-06B unbind response: exact keys, account, UUIDs and outcome semantics (0.184542ms)
✔ W6-06B in-flight details preserve bounded items and total, reject unknown shapes (0.167666ms)
✔ W6-06B catalog feed has exact public URL/domain pairs or published-store empty (0.164708ms)
✔ W6-06B copy preserves unbind boundaries and feed recovery in three locales (0.059292ms)
✔ W6-06B feed selection follows origin order, not full feed URL order (0.060792ms)
✔ customer list accepts the frozen row and rejects unknown keys, dup ids, bad cursor, oversize (3.309208ms)
✔ customer row invariants: nulls for bundle-only/erased, counts, money, consents (0.300333ms)
✔ customer detail: bounded lists, order summaries reuse the orders parser, id must match (1.216834ms)
✔ erasure summary is four counts only (0.0915ms)
✔ finance summary: net = captured - refunded (I05), totals carry an empty day, sandbox flag (0.294625ms)
✔ financeDay is the UTC+8 day (0.059334ms)
✔ finance defaults keep Taipei dates across midnight, leap day and year end (0.075542ms)
✔ tags and notes are parsed strictly (W6-01B) (0.529083ms)
✔ TSX seam refuses an unlisted import (3.04175ms)
✔ Ads merchant timestamp uses Taipei at the year boundary (12.39875ms)
✔ Design version published_at cell uses Taipei at the year boundary (3.729ms)
✔ ManualOrder bank-transfer expiry uses Taipei at the year boundary (3.872209ms)
✔ shared ManualOrder form keeps fresh defaults and legacy input IDs (8.102708ms)
✔ shared drawer quantity controls namespace IDs, bound quantity and remove zero in all locales (12.175958ms)
✔ shared delivery choice emits one patch with the only allowed payment mode (4.268167ms)
ℹ tests 53
ℹ suites 0
ℹ pass 53
ℹ fail 0
ℹ cancelled 0
ℹ skipped 0
ℹ todo 0
ℹ duration_ms 121.812875
✔ legacy display sentinels preserve a list row without admitting arbitrary or private data (1.717334ms)
✔ orders-v2 accepts bounded filters and Taipei inclusive dates; rejects ambiguity (0.860166ms)
✔ orders-v2 rejects client count approximations, unbounded or extra response data (0.162792ms)
✔ all three locales label every task queue, payment and delivery mode (0.319291ms)
ℹ tests 4
ℹ suites 0
ℹ pass 4
ℹ fail 0
ℹ cancelled 0
ℹ skipped 0
ℹ todo 0
ℹ duration_ms 74.529083
✔ numeric store IDs have no suggestion BFF or browser client (1.165709ms)
ℹ tests 1
ℹ suites 0
ℹ pass 1
ℹ fail 0
ℹ cancelled 0
ℹ skipped 0
ℹ todo 0
ℹ duration_ms 63.140333
✔ ADM10 operator sentence is localized while product and company facts stay authoritative (0.377041ms)
✔ PS review: actual Host matching normalizes case, port and a terminal DNS dot, never forwarded authority (0.209458ms)
✔ PS review: privacy/terms retain Messenger and Instagram purpose disclosure; deletion uses exact UI labels (0.095375ms)
✔ P2-N1 zh-TW/privacy: current comments and private reply, conditional inbound messages (0.072792ms)
✔ P2-N1 zh-TW/terms: current comments and private reply, conditional inbound messages (0.036917ms)
✔ P2-N1 zh-CN/privacy: current comments and private reply, conditional inbound messages (0.033459ms)
✔ P2-N1 zh-CN/terms: current comments and private reply, conditional inbound messages (0.040292ms)
✔ P2-N1 en/privacy: current comments and private reply, conditional inbound messages (0.039917ms)
✔ P2-N1 en/terms: current comments and private reply, conditional inbound messages (0.040084ms)
✔ PS1 legal identity is one untranslated source (0.073417ms)
✔ PS1 contact and hosts come only from configuration; production fails closed (0.306208ms)
✔ PS2 public routes default to zh-TW, restrict page/locale, and never include admin (0.359125ms)
✔ PS4 optional Meta verification value never has a fake default (0.043875ms)
✔ PS1 every locale uses the same product name in auth page titles (0.036041ms)
✔ PS1 public page copy has three complete locales, no invented operator identity or contact (0.182875ms)
✔ PS1 production build validates config; public data is not bundled through NEXT_PUBLIC (0.195625ms)
✔ PS review: admin image installs the manifests for its workspace dependencies before building (0.392792ms)
ℹ tests 17
ℹ suites 0
ℹ pass 17
ℹ fail 0
ℹ cancelled 0
ℹ skipped 0
ℹ todo 0
ℹ duration_ms 73.608875
✔ R11 SQL's exact receipt states are accepted; missing/forged operation/state remains unknown (0.710541ms)
✔ R11 durable receipt journal validates phase against exact operation state (0.334917ms)
✔ R11 actual read control distinguishes replay/inflight/unknown/failure in en (3.817625ms)
✔ R11 actual read control distinguishes replay/inflight/unknown/failure in zh-TW (0.608292ms)
✔ R11 actual read control distinguishes replay/inflight/unknown/failure in zh-CN (0.420334ms)
✔ unknown journal retains exact key/boundary and is scoped to store+session; malformed state fails closed (0.113625ms)
✔ R12 read hook keeps network UNKNOWN on one key and explicitly refreshes acknowledged UNKNOWN (9.862709ms)
✔ actual POST transport uses CSRF and session fence; 403 independent of response text (12.666375ms)
✔ R10 ROAS has exactly two decimals in en (8.774708ms)
✔ R10 unknown ROAS is never fabricated as zero in en (0.077792ms)
✔ R10 ROAS has exactly two decimals in zh-TW (0.146084ms)
✔ R10 unknown ROAS is never fabricated as zero in zh-TW (0.034208ms)
✔ R10 ROAS has exactly two decimals in zh-CN (0.120708ms)
✔ R10 unknown ROAS is never fabricated as zero in zh-CN (0.02875ms)
✔ shared presentation preserves registry title and one empty buyer message in en (22.735375ms)
✔ R11 large linked-draft list is complete but collapsed in en (3.144625ms)
✔ shared presentation preserves registry title and one empty buyer message in zh-TW (5.269333ms)
✔ R11 large linked-draft list is complete but collapsed in zh-TW (2.40525ms)
✔ shared presentation preserves registry title and one empty buyer message in zh-CN (5.062375ms)
✔ R11 large linked-draft list is complete but collapsed in zh-CN (2.39925ms)
✔ R11 timeline distinguishes local unknown spend from explicit Meta zero in en (2.768542ms)
✔ R11 timeline distinguishes local unknown spend from explicit Meta zero in zh-TW (2.95525ms)
✔ R11 timeline distinguishes local unknown spend from explicit Meta zero in zh-CN (1.8885ms)
✔ R11 I12 nullable Meta evidence survives without becoming zero (0.187917ms)
✔ R11 actual panel rendering preserves unknowns and reconnect route in en (9.816167ms)
✔ R11 actual panel rendering preserves unknowns and reconnect route in zh-TW (10.4115ms)
✔ R11 actual panel rendering preserves unknowns and reconnect route in zh-CN (11.332541ms)
✔ D1, D6, R7: exact amounts and sources remain independent, account days stay labelled (0.177542ms)
✔ R12: null stays unknown and unread / unauthorised / insufficient remain different states (0.214458ms)
✔ R12 granted but unread audience offers a read, never reconnect in en (1.604375ms)
✔ R12 granted but unread audience offers a read, never reconnect in zh-TW (1.602583ms)
✔ R12 granted but unread audience offers a read, never reconnect in zh-CN (1.557833ms)
✔ I12 forged / missing frozen fields never silently become zeros (0.826458ms)
✔ only whitelisted aggregates survive: extra identifiers and HTML are never interpreted (0.05775ms)
✔ attribution is a read-only BFF resource with exact bounded query grammar (0.302167ms)
✔ audience-read is exactly the new local intention POST and never a data GET or queried write (0.230208ms)
✔ route fails closed without ads:read and is not a duplicate navigation entry; locale keys match (0.090708ms)
ℹ tests 37
ℹ suites 0
ℹ pass 37
ℹ fail 0
ℹ cancelled 0
ℹ skipped 0
ℹ todo 0
ℹ duration_ms 380.513666
✔ card-payments copy: identical key sets in all three locales (0.742084ms)
✔ merchant terms are quoted verbatim (contract §5) in the enable dialog (0.084625ms)
✔ ruling-fixed strings: platform not OPEN and BLOCKED note (0.041542ms)
✔ error map covers every frozen refusal code from migrations/0137 (0.060708ms)
✔ no Stripe account id, key or approval id shape appears in any copy string (0.227458ms)
✔ storefront collector disclosure matches contract §5 templates in three languages (0.049208ms)
✔ the merchant terms in the dialog are the contract §5 sentence, extracted from the contract (0.078084ms)
✔ the storefront templates are the contract §5 lines, extracted from the contract (0.108042ms)
✔ settlement copy: deduction columns are labelled as deductions in every language, with a legend and the net formula (0.234584ms)
✔ there is no separate 'not on the allowlist' message: it reads as not open (review P1-2) (0.076375ms)
✔ card summary accepts the frozen shape incl. all-null platform NONE (0.797042ms)
✔ card summary rejects unknown keys, bad enums, bad money, bad version (0.2615ms)
✔ card result is exactly {state, version, max_minor, currency, descriptor_preview} (0.092459ms)
✔ descriptor suffix rule: charset, 2..10 chars, must contain a letter (0.113625ms)
✔ the suffix length rule is the charset rule's 10; the 22-character descriptor total stays the server's (SANDBOX L=10, LIVE PrefixLength) (0.05275ms)
✔ descriptor preview mirrors the contract projection (base + '* ' + suffix) (0.048209ms)
✔ settlement list accepts statements without payout/lines keys (omitempty) (0.407917ms)
✔ settlement detail carries lines whose count and sums match the totals (0.310334ms)
✔ settlement parsers reject malformed reads (0.740833ms)
✔ fees, refunds and disputes are signed exactly as the ledger stores them (1.580208ms)
✔ a returned fee is a positive line fee; the detail's lines must add up to the statement totals (0.4505ms)
✔ closed_at/paid_at accept the offsets PostgreSQL emits as well as Z (0.308042ms)
✔ a payout reference shaped like a Stripe key or account id is never displayed (0.220917ms)
✔ platform not OPEN: 'not open yet' and no enable control, for every non-OPEN state; the platform badge still tells why (0.444875ms)
✔ allowlisted + OPEN: enable from NONE/DISABLED, disable from ENABLED (0.08425ms)
✔ not allowlisted on an OPEN platform reads exactly like not open: the same message, no 'platform open' badge, no enable (review P1-2) (0.089ms)
✔ BLOCKED: the suspended note, disable only, never enable (whatever the platform says) (0.062125ms)
✔ without billing:manage nothing can be changed, but the state is still readable (0.049375ms)
✔ enable carries the platform's current terms, the suffix and the version read; NONE starts at 0 (0.056208ms)
✔ disable never sends a suffix and quotes the terms the store accepted (the platform's may have moved on) (0.037083ms)
✔ a retained suffix is recovered from the final preview so a re-enable can keep it (0.036291ms)
✔ the period label shows the last day inside the (exclusive-end) week (0.787ms)
✔ payout state: paid, pending only when money is due, none when the week nets to zero or less (0.062083ms)
✔ card-payments and settlements are nav:false routes, so no group loses or gains a nav button (0.157417ms)
✔ settlements need billing:manage, the card page integration:read; the owner opens both (0.126792ms)
✔ statement cells: a dispute reversal and a returned fee read as credits (+) and every deduction as -, and the columns add up to the server's net (9.964458ms)
✔ the detail parser requires the lines of a statement that has lines; a quiet week (line_count 0) may omit them (0.138958ms)
✔ route table: exactly the four resources, nothing generic (0.941458ms)
✔ query grammar: card and settlement-detail are exact; settlements takes before/limit only (0.455125ms)
✔ request fence: keyless PUT (CAS), bodyless GETs, no transfer-encoding (17.190375ms)
✔ PUT body is the exact frozen shape {enabled, terms_version, descriptor_suffix, expected_version} (0.440375ms)
✔ the BFF route wires the card grammar: keyless CAS PUT, exact body, no-store, auth required (1.540292ms)
✔ the real card summary parses and drives the display state machine (1.468375ms)
✔ the real statement list parses: newest first, no lines, three payout states (0.94075ms)
✔ every real detail parses with its lines and the lines add up to the statement (1.453625ms)
✔ an empty ledger parses to no statements (1.181625ms)
✔ no account id, key or approval shape is in any real body (0.420708ms)
✔ the real statements display literally as signed contributions that add up to the server's net (10.516709ms)
ℹ tests 48
ℹ suites 0
ℹ pass 48
ℹ fail 0
ℹ cancelled 0
ℹ skipped 0
ℹ todo 0
ℹ duration_ms 115.93325
✔ option/slug/SKU caps equal internal/catalog (options.go, catalog.go) (7.324875ms)
✔ text caps equal the Go validators (name 120, description 8000, SEO 70/160, collection title 80) (2.723083ms)
✔ photo caps equal Go (MaxMainImages, MaxDetailImages, MaxImageBytes) and the SKU code pattern (1.05025ms)
✔ PE13 Cartesian matrix is local, preserves edits and deduplicates values (0.55075ms)
✔ PE13 bulk quantity skips negative rows without modifying them (0.235083ms)
✔ PE12 untracked document uses whole currency and per-order cap, never quantity (9.116041ms)
✔ PE14 missing readback is not guessed or silently cleared by full replacement (0.062375ms)
✔ bulk status accepts explicit per-item results, never empty or duplicated confirmations (0.193166ms)
✔ matrix refuses over 100 SKUs before expansion (0.080125ms)
✔ parity: admin caps equal the Go constants (2.372042ms)
✔ image list: 4 main + 20 detail + 2 sku in role order is accepted (0.320083ms)
✔ image list: 5 main, 21 detail, wrong role order, gaps and extra keys are refused (0.13675ms)
✔ single image: role is required and its position is bounded by the role cap (0.744708ms)
✔ option text limits count Go runes rather than UTF-16 units (0.173541ms)
✔ PE14 new edit SKU carries its own shipping and clears no existing fields (9.210791ms)
✔ PE14 patch changes only price and preserves unmentioned fields (0.163458ms)
✔ PE14 on_hand is not available, zero target is transmitted, ambiguous warehouse refuses (0.283208ms)
✔ PE14 explicit clears and shipping remain per SKU on an active row (0.1205ms)
✔ PE14 archive supersedes every other edit on that SKU (b77eeb11) (0.141541ms)
✔ PE14 no-op has no command fields and changed axes explicitly archive omitted variants (0.094459ms)
ℹ tests 20
ℹ suites 0
ℹ pass 20
ℹ fail 0
ℹ cancelled 0
ℹ skipped 0
ℹ todo 0
ℹ duration_ms 100.8315
(node:41967) ExperimentalWarning: Transform Types is an experimental feature and might change at any time
(Use `node --trace-warnings ...` to show where the warning was created)
✔ UNKNOWN retry client authorization loss requires reconciliation, not a fresh command (2.988458ms)
✔ UNKNOWN retry 401 authorization loss requires reconciliation, not a fresh command (8.829916ms)
✔ UNKNOWN retry 403 authorization loss requires reconciliation, not a fresh command (0.576459ms)
✔ a conclusive command rejection stays distinct from authorization loss (0.629208ms)
ℹ tests 4
ℹ suites 0
ℹ pass 4
ℹ fail 0
ℹ cancelled 0
ℹ skipped 0
ℹ todo 0
ℹ duration_ms 112.791
(node:41970) ExperimentalWarning: Transform Types is an experimental feature and might change at any time
(Use `node --trace-warnings ...` to show where the warning was created)
✔ offer controls read authoritative limits without parsing unrelated KEYWORD_QTY_CONTAINS window/stats (11.537834ms)
✔ offer controls accept 101 through the backend cap of 200 distinct offers, reject 201 (1.962791ms)
✔ offer toggle preserves exactly the authoritative maximum in the real M4 payload (2.526583ms)
✔ console BFF admits exactly A1/A7/A6 and A5 read/copy methods (0.374833ms)
✔ Next proxy admits the exact console family and results query before the BFF (98.812417ms)
✔ results query is canonical repeated session_id 1..50, everything else queryless (0.119875ms)
✔ real BFF route forwards only exact resources, authenticates scope and returns private scrubbed errors (57.389875ms)
✔ new commands reject unknown keys and preserve frozen copy/lifecycle/recommend body (0.175ms)
✔ browser commands reuse Studio fences, exact no-comment recommend body and backend refusal codes (1.308459ms)
✔ results client preserves canonical ids/order and rejects invalid list before fetch (0.263625ms)
✔ stock client reuses catalog transport/key/parser and fences a changed login without retries (0.906958ms)
✔ journal replay sends the exact original method/path/body/key for all five commands (1.617667ms)
(node:41971) ExperimentalWarning: Transform Types is an experimental feature and might change at any time
(Use `node --trace-warnings ...` to show where the warning was created)
✔ A1 strict MOCK snapshot preserves unavailable counts, capability unknown and server stock (5.608209ms)
✔ A7 returns a separate lifecycle version and closed full KEYWORD_QTY_CONTAINS window (0.306708ms)
✔ A5 results retain separate environments/currencies and bind exact requested ids/order (0.399125ms)
✔ A5 copy parses real Go envelope, copied offer prices and KEYWORD_QTY_CONTAINS window (0.923459ms)
✔ A6 accepts optional operation UUID, never guessed send success (0.302708ms)
(node:41972) ExperimentalWarning: Transform Types is an experimental feature and might change at any time
(Use `node --trace-warnings ...` to show where the warning was created)
✔ Live settings navigation accepts a scene picker entry but never a malformed or unscoped deep link (1.705083ms)
✔ LC-B7 stock permission admits live_adjust without inventory:write, not unrelated grants (0.1915ms)
✔ Instagram comment total stays unavailable; Facebook observed count is not a platform total (0.247084ms)
✔ LC-U1 one primary action follows lifecycle, never planning or transport state (0.096208ms)
✔ LC-U1 stock target uses sellable delta and rejects fractions, negative and over-limit changes (0.177084ms)
✔ LC-U1 links only explicit FB post identities, never arbitrary URLs or guessed videos (0.166417ms)
✔ LC-U1 Facebook preview keeps the original no-frame CSP and uses a safe external link (0.768333ms)
✔ LC-U1 delayed copy completion cannot navigate after store switch or unmount (0.142417ms)
✔ LC-U1 receipt fence survives cookie rotation; pending replay still has a separate session boundary (0.38475ms)
ℹ tests 26
ℹ suites 0
ℹ pass 26
ℹ fail 0
ℹ cancelled 0
ℹ skipped 0
ℹ todo 0
ℹ duration_ms 313.175833
file:///Volumes/data/live_commerce_architecture_v1/.worktrees/lc-u3-ui-worker/packages/ui/src/Presentation.tsx:7
import { useEffect, useId, useRef, useState, } from "react";
                    ^^^^^
SyntaxError: The requested module 'react' does not provide an export named 'useId'
    at #asyncInstantiate (node:internal/modules/esm/module_job:326:21)
    at async ModuleJob.run (node:internal/modules/esm/module_job:429:5)
    at async node:internal/modules/esm/loader:639:26
    at async file:///Volumes/data/live_commerce_architecture_v1/.worktrees/lc-u3-ui-worker/tests/admin/inbox-review-host.test.ts:233:24

Node.js v24.15.0
✖ tests/admin/comment-stream-hooks.test.ts (352.344875ms)
✔ SQL operation marks map to every merchant-visible delivery state (0.660583ms)
✔ real bridge sealCursor uses payload.signature rather than plain base64url (13.588667ms)
✔ A2 grammar refuses private/duplicate/ambiguous cursors and keys on reads (0.893125ms)
✔ A3-A5 exact comment ref and bodies; explicit preemption private only (0.26025ms)
✔ A4/A5 preserve frozen refusal codes, never provider/debug text (0.070416ms)
✔ reset invalidates old buffers and cursor before reread; older page cannot advance live cursor (0.112417ms)
✔ filter resources have only authorised opaque ids; backoff is capped and success resets (0.05925ms)
ℹ tests 8
ℹ suites 0
ℹ pass 7
ℹ fail 1
ℹ cancelled 0
ℹ skipped 0
ℹ todo 0
ℹ duration_ms 356.029208

✖ failing tests:

test at tests/admin/comment-stream-hooks.test.ts:1:1
✖ tests/admin/comment-stream-hooks.test.ts (352.344875ms)
  'test failed'
