✔ /products/{uuid} redirects permanently to the zh-TW product page (26.723333ms)
✔ non-uuid ids are 404, never redirected (0.935208ms)
✔ AT1: the locale redirect preserves the ad-click query without allowing a redirect target (0.128375ms)
✔ R10: standalone signed signals survive a missing or expired seven-day touch (5.141042ms)
✔ R10: standalone signals reject expiry, bad signature, duplicates and another host (0.550584ms)
✔ AT1 R5: browser identity survives expired touch and rolls for ninety days (0.462833ms)
✔ AT1 R5: missing ad parameters create no cookies; fbclid alone creates no touch (0.746542ms)
✔ AT1 R5: lc_ad alone updates attribution and does not replace fbc (0.197167ms)
✔ AT1: host-only first-party cookies contain no PII and read back exactly (0.271583ms)
✔ AT1: a later valid click replaces the draft but preserves the browser identifier (0.111292ms)
✔ R10: only a different fbclid replaces fbc and its first-seen timestamp (0.18525ms)
✔ AT1: malformed and ambiguous links do not overwrite a valid prior touch (0.30775ms)
✔ AT1: host and key binding reject copied cookies (0.164292ms)
✔ AT1: duplicates and tampering invalidate the entire envelope (0.125208ms)
✔ AT1: exactly seven days is valid, the next millisecond and future clicks are not (0.119916ms)
✔ catalog list query limits equal the Go v2 parser (internal/buyerhttp/catalogv2.go) (4.375917ms)
✔ collection list cap equals Go maxCollectionsPerStore (48.121583ms)
✔ design caps equal internal/design/schema.go (nav, sections, pages) (13.618167ms)
✔ CVS buyer-entered store bounds and return path equal Go (internal/checkout/cvs.go, migration 0093) (2.951583ms)
✔ transfer view: closed shape and state rules mirror Go validTransferView (10.721458ms)
✔ proof body and result: five digits, positive minor amount, ISO instant (0.223542ms)
✔ minorFromText: major units with at most two decimals, never a float surprise (2.457125ms)
✔ buyer email mirror: one plain address, 254 characters at most (0.460625ms)
✔ countdown: whole hours and minutes, never negative (0.387125ms)
✔ copy: three locales carry every key and every refusal code (0.226416ms)
✔ options: a home row lists modes only with bank_transfer and then needs its window (0.47575ms)
✔ checkoutInput: a home bank_transfer body, the optional trimmed email, and every refusal before any request (1.807291ms)
✔ order: AWAITING_TRANSFER is a valid commercial state without a hold time (3.563625ms)
✔ BFF: exact transfer routes, keyed proof PUT, strict body, validated answers, no generic proxy (76.8715ms)
✔ BFF: transfer refusal codes pass through as definite 422; checkout accepts bank_transfer and a valid email only (14.106ms)
✔ D06 order heading follows a settled transfer: never 'waiting for transfer' above a confirmed or expired one (0.210542ms)
✔ uncertain prepare blocks all mutations; changed cookie context resolves journal (14.384208ms)
✔ fully parsed local denial clears only its own pending operation (12.857542ms)
✔ malformed journal, unavailable lock and stale context fail before writes (2.302958ms)
✔ BPT05 exact handoff permits absent body/key, one fetch, no form persistence (34.641583ms)
✔ BPT05 wrong handoff form and ordinary writes fail before any fetch (0.709958ms)
✔ BPT05 unresolved cookie journal blocks handoff; lost response is one fetch without persistence (0.157041ms)
✔ SU02 refresh permits absent body/key, one fetch, no persistence (1.904208ms)
✔ SU02 refresh rejects a body, a key or a malformed path before any fetch (0.176042ms)
✔ SU02 cancel permits absent body/key, one fetch, no persistence (0.129541ms)
✔ SU02 cancel rejects a body, a key or a malformed path before any fetch (0.106292ms)
✔ BPT01 exact private path, headers, body and three-locale one-fetch transport (69.39575ms)
✔ BPT02 payment routes reject untrusted path, context, headers, key and body before fetch (6.794458ms)
✔ BPT03 hostile upstream success is sanitized, never returned as payment data (5.401416ms)
✔ BPT04 every handoff failure is nonretryable, including pre-route and transport loss (5.334709ms)
✔ SU02 five routes: exact upstream path, method, key, body, one fetch each (0.970416ms)
✔ SU02 refresh and cancel are keyless and pass every CSRF/context denial before fetch (1.299ms)
✔ SU02 every handoff/refresh/cancel failure is nonretryable and sanitized (3.067292ms)
✔ SU02 hostile Stripe bodies become the sanitized 503; PAYUNi and Stripe bodies stay byte-identical (6.693292ms)
✔ SU02 prepare accepts only the two known method codes (0.431667ms)
✔ disabled and invalid configuration fail closed before private fetch (36.649833ms)
✔ private authority, cookie lifecycle and strict local denial (32.5275ms)
✔ bad host, cookie, query and method never reach private API (6.582041ms)
✔ stalled inbound POST body is canceled at its deadline without a cookie or private call (1.739041ms)
✔ R10: Begin forwards independently signed signals; browser attribution and forwarded hosts are not authority (2.715083ms)
✔ CVS BFF: exact routes, keyed open/store, keyless verify, validated answers, no generic proxy (3.186083ms)
✔ CVS BFF: contract refusal codes pass through; pay_at_pickup_limit is a definite (non-retryable) 429 (20.800666ms)
✔ fragment grammar accepts only one canonical token (0.461875ms)
✔ claim projections are closed (0.284167ms)
✔ claim token rides only its header on B1/B2 and is never echoed (110.755208ms)
✔ claim-priced cart edits send only SKU and quantity, keeping server price authority (7.09375ms)
✔ direct-checkout sold-out projection is mandatory, boolean and closed (0.143292ms)
✔ claim redeem shares the purchase lock, guards recovery and never persists the token (2.523459ms)
✔ ClaimLink removal projects live-priced survivors on ready and conflict pages (137.99975ms)
✔ ClaimLink revisit checks out applied A while pending B is sold out or unavailable (8.11375ms)
✔ ClaimLink refreshes a nothing result after a second tab applied the claim (5.634709ms)
✔ ClaimLink does not navigate when a buyable claim target is absent or has changed quantity (7.595209ms)
✔ ClaimLink optional prior-order notice tolerates unreadable storage without bypassing recovery (14.579917ms)
✔ CVS01 map form: only the two ECPay e-map actions, exact fields, top-level-safe values (1.449375ms)
✔ CVS02 return path allowlist excludes /claim and anything but the checkout or product page (0.293ms)
✔ CVS03 selection projection: VERIFIED<=>pickup, REJECTED<=>reject_code, absent keys read as null (0.978084ms)
✔ CVS04 buyer-entered store answer and request body (0.656042ms)
✔ CVS05 store code table (§16.1) keeps leading zeros and per-chain lengths (0.366583ms)
✔ CVS06 recipient mirror: real-name width 4..10 (CJK=2), no digits/symbols/emoji; 09 mobile (1.074584ms)
✔ CVS07 checkout draft: name, phone and mode only; read once; corrupt/foreign shapes are dropped (0.423583ms)
✔ CVS08 return URL: only ?cvs_selection=<uuid> is accepted (0.196709ms)
✔ CVS09 buyer order projection and copy keys: nothing but PICKED_UP says picked up (0.226917ms)
✔ CVS10 error codes: field mapping, definite refusals, official links are https constants (1.511667ms)
✔ CVS11 client transport: verify is the one new keyless POST; the server refusal code rides BuyerClientError.detail (20.273083ms)
✔ every locale x page has a title, an updated line and at least one section (0.628708ms)
✔ locales share the section count and per-section body count of every page (4.892542ms)
✔ final text is only the owner-confirmed company facts (CR 81215167 name + registered address); nothing else is final (0.273084ms)
✔ a legal page is published only when every text on it is final; buyers see no link to an unpublished one (0.561833ms)
✔ data-deletion path is named in the privacy page of every locale (0.092666ms)
✔ pendingOwnerText lists exactly the texts that keep a page unpublished and is written for the owner (0.898416ms)
✔ a live (claim-origin) price replaces the catalog price and strikes it through (0.583625ms)
✔ without a live price the catalog price and its compare-at are shown unchanged (0.366375ms)
✔ a live price equal to or above the catalog price is shown as set (strike hidden by the UI guard) (0.113791ms)
✔ a live price strikes the catalog price, never the variant sale price (0.097042ms)
✔ order ref: 12 hex (dashes or spaces, any case) or a full id (3.588167ms)
✔ contact: one email or a phone of 6..20 digits (0.526292ms)
✔ body is exactly {order_ref, contact}; the answer is exactly {order_id} (1.369667ms)
✔ BFF lookup: no cookie needed, fresh token goes upstream, cookie only on 200 and it carries that same token (187.35ms)
✔ BFF lookup: strict local denial before any private fetch (1.089625ms)
✔ copy: three locales carry every key (0.194875ms)
✔ MS4 srcset descriptors use actual decoded widths and deduplicate small renditions (0.409584ms)
✔ MS1 product rendition allowlist preserves trusted Host and never forwards buyer cookies (25.263708ms)
✔ MS2 invalid, duplicate, extra, encoded widths and non-product variants fail before fetch (0.90475ms)
✔ MS3 old-image fallback is never promoted to immutable; committed variants are cacheable (2.853667ms)
✔ TWD whole amounts show no decimals in every locale and at every magnitude (line, subtotal, total, zero) (28.295916ms)
✔ cents appear only when there are cents, then always as two digits; the minor-unit arithmetic is untouched (0.194166ms)
✔ digits come from the currency: JPY none, USD two when there are cents (1.337875ms)
✔ one formatter: no component, page or lib builds a currency Intl.NumberFormat outside lib/money.ts (10.13675ms)
✔ fragment: exactly #o=<order id>&t=<43-char token>; anything else is null (1.648833ms)
✔ body is exactly {order_id, token, proof}; the answer is exactly the order the link named (0.166375ms)
✔ BFF link: no cookie needed, fresh token upstream, cookie only on a 200 naming the same order, link token never echoed (93.349375ms)
✔ BFF link: strict local denial before any private fetch (12.924083ms)
✔ copy: three locales, one refusal text, a retry and a lookup path (5.158166ms)
✔ BPU01 fresh payment writes exact metadata before prepare, one bodyless Take, no persistent form (56.877666ms)
✔ BPU01 lost prepare response replays original key/body only on explicit next click (1.224833ms)
✔ BPU01 lost handoff is permanently GET-only, even after a second click (14.472084ms)
✔ BPU01 storage, amount, scope and child/screen fences reject before irreversible writes (0.889333ms)
✔ BPU01 document/child loss after prepare but before Take leaves exact replay marker (0.358833ms)
✔ BPU01 malformed server handoff never submits and Take remains nonretryable (0.722791ms)
✔ BPU01 marker replacement before Take and after Take blocks release/form reuse (1.10825ms)
✔ BPU01 context replacement after prepare and after Take closes destination without form (2.960125ms)
✔ BPU01 synchronous destination refuses invalid locale before opening a window (0.160708ms)
✔ SU03 fresh Stripe pay: marker before prepare, one prepare, one handoff, navigate, URL never stored (0.983041ms)
✔ SU03 marker replay: lost prepare response replays key/body, no uncertain on PENDING view with leftover marker (2.183959ms)
✔ SU03 cross-device Continue needs no marker and never prepares (1.053666ms)
✔ SU03 marker/view matrix: PAYUNi marker on Stripe view and Stripe marker on PAYUNi view send nothing (0.910208ms)
✔ SU03 any other view renders without a POST (0.553417ms)
✔ SU03 CREATING: waits on the schedule without the lock, then hands off once when READY (11.495541ms)
✔ SU03 CREATING budget: 10 reads over 30 s, then the blank child is closed, no POST, no throw (7.143292ms)
✔ SU03 cancel_requested seen on the re-GET aborts before the handoff POST (1.359042ms)
✔ SU03 handoff outcomes: CREATING closes child, CLOSED/UNAVAILABLE/error/malformed reject; one POST each, never retried (6.87825ms)
✔ SU03 Stripe prepare errors, amount/currency mismatch and popup loss stop before any handoff (5.242458ms)
✔ SU03 two clicks make two handoff POSTs only because there were two clicks; sequential, none from reads (1.459459ms)
✔ SU03 navigate: validates again, needs an owned blank child, sets used before replace, no URL in errors (0.396666ms)
✔ SU03 refresh signal: keyless single POST, validated, throttled 1/10 s and 30 per page life, cancel never throttled (1.937ms)
✔ SU03 signal failures are single-shot and sanitized: HTTP error, malformed body, wrong order (0.292917ms)
✔ private quote/option authority fields are required; only exact MANUAL home can checkout (1.890834ms)
✔ continue shopping advances only ordered version, clears hint, keeps SQL history authoritative (26.322792ms)
✔ lost next-cart response retries identical key/body and preserves a newer cart (1.547875ms)
✔ continuation never overwrites an already advanced cart (0.85625ms)
✔ unknown checkout blocks continuation without any business request (1.624416ms)
✔ two queued continuation clicks mutate once; stale order ID cannot clear another order (0.587875ms)
✔ CAS conflict resolves only after a newer cart is read (0.810917ms)
✔ locator removal failure retains next-cart journal and recovery survives missing locator (0.51375ms)
✔ order history summary rejects PII/unknown fields and malformed scope IDs (0.086209ms)
✔ native address validation mirrors printable Unicode, limits and phone; journal forbids PII (1.788375ms)
✔ address lost reply replays exact in-memory intent, then confirms current head (0.640875ms)
✔ address reload requires explicit new intent and exact observed CAS; stale head never auto-bumps (0.534084ms)
✔ old address receipt cannot confirm another tab's newer current head (0.157334ms)
✔ a late address CAS winner requires another explicit confirmation, not an automatic version bump (2.352625ms)
✔ checkout lost reply, queued duplicate and current GET reuse one key and one order (1.280792ms)
✔ uncertain checkout retains original journal across later 401/403/404/5xx and malformed success (0.670833ms)
✔ only a fresh definitive denial clears checkout; no order locator is invented (0.171125ms)
✔ locator storage failure after commit retains same key; reload GET failure keeps locator (0.361ms)
✔ locator persisted but journal removal failed resumes pending receipt, not unrelated pointer (0.33625ms)
✔ unavailable storage, invalid locator and late changed context fail closed (1.800917ms)
✔ order locator readback mismatch and no-op journal removal both retain checkout recovery (2.166125ms)
✔ direct claim continuation refuses a newer ordered cart inside the purchase lock (1.344708ms)
✔ direct claim continuation keeps next-cart recovery after a conflicting clear (0.562791ms)
✔ collector projection: admitted for derived connections, absent/null for primary (2.085792ms)
✔ collector rejects identifiers, extra keys and malformed text (0.123083ms)
✔ disclosure renders the contract §5 line with all three slots substituted (0.119458ms)
✔ the disclosure line exists exactly when the hosted view returns a collector (0.093584ms)
✔ a shop or collector name with a replacement pattern is shown literally (0.054375ms)
✔ OrderPayment renders the disclosure with the view, above every pay button, through the helper only (0.690209ms)
✔ BPT03 exact valid projection and Go nanosecond UTC timestamps (4.44175ms)
✔ BPT03 view rejects private fields, inconsistent state and malformed names (0.219916ms)
✔ BPT03 prepared receipt enforces exact original credit-card amount (0.721417ms)
✔ BPT03 hosted form and replay are exact, bounded and action-allowlisted (2.976834ms)
✔ SU01 Stripe views: fresh, both methods, attempt states, PAYUNi unchanged (0.313083ms)
✔ SU01 Stripe view negatives (0.155209ms)
✔ SU01 prepared amounts follow the corrected per-currency table (0.119584ms)
✔ SU01 Stripe handoff union and every redirect_url negative (0.259417ms)
✔ SU01 payment signal is exactly {order_id, scheduled:boolean} (0.099125ms)
✔ RUI01 refund summary: refunded states, pending money, absent ≡ null (0.875833ms)
✔ RUI01 refund summary negatives (0.294625ms)
✔ BPU03 neutral GET and POST return ignore every callback field and cookie (37.675875ms)
✔ primary origin: exact path/query, same host, and no URL-controlled destination (3.546333ms)
✔ GET and HEAD use trusted Host, private bounded uncached resolver and exact 301 (20.789791ms)
✔ no writes redirected; resolution failures fail closed; unknown hosts keep native 404 (0.732625ms)
✔ policy version is the frozen constant, in the customers-core D4 shape (0.823125ms)
✔ route table: exactly the four buyer privacy routes, methods and body kinds (0.413458ms)
✔ body shapes are closed and mirror the frozen Go inputs (no source, no policy_version) (0.091833ms)
✔ GET privacy validator: closed shape, erased owner holds no consent (0.1165ms)
✔ consent result and erasure summary validators (0.2295ms)
✔ buyer export envelope never carries customer_id (0.081542ms)
✔ failure classification: 410 and erased are the erased state (1.079416ms)
✔ copy: every locale has the same keys, the ads box discloses that sent events cannot be recalled (0.268792ms)
✔ parity: frontend caps equal the Go constants (0.634667ms)
✔ detail parser: 4 main + 20 detail + option-value images are accepted and mapped (0.62025ms)
✔ detail parser: 5 main, 21 detail, bad ids and over-cap option images are refused (0.131542ms)
✔ detail parser: a backend before product-media-v2 (no new keys) still parses with empty defaults (0.069458ms)
✔ v1 catalog row: images are main-only (<= 4) and image_id is a uuid or null (0.163625ms)
✔ PRO-S1 code mirror: any case and spaces normalise; impossible codes never become a request (2.900291ms)
✔ PRO-S2 promotion object: closed keys, kind/value pairing (0.419417ms)
✔ PRO-S3 quote validator: promotion is optional but never malformed; the discount stays the server's own number (0.583333ms)
✔ PRO-S4 journal grammar: a quote write may carry one canonical promo_code, nothing else (0.758666ms)
✔ PRO-S5 copy: three locales cover every refusal code and the same keys (0.971375ms)
✔ PRO-S6 BFF quote route: promo_code relayed untouched when canonical, refused before the private API otherwise (42.4895ms)
✔ PRO-S7 BFF: every promo_* refusal is a definite, non-retryable 422 with its own code (2.174541ms)
✔ demonstration disclosure is explicit and local-only (0.449583ms)
✔ cart selection preserves unrelated SKUs and the observed CAS version (7.533333ms)
✔ minor amounts are bounded before multiplication, including zero (0.159292ms)
✔ delivery identity includes country for one market and method (0.12625ms)
✔ journal is bound to context and rejects PII/unknown fields (0.760375ms)
✔ lost response replays exact key/body, then clears only after parsed receipt (19.576125ms)
✔ RUI02 buyer order admits MERCHANT_SHIPPED only with a SHIPPED head; absent shipment ≡ null (0.420625ms)
✔ RUI02 shipment shape negatives (incl. unsafe links) (0.255041ms)
✔ RUI02 history summary admits MERCHANT_SHIPPED (a shipped order must not break the list) (0.083292ms)
✔ CVSP01 options: CVS rows carry pickup_selection/payment_modes; unavailable rows are a separate shape (0.360209ms)
✔ CVSP02 CVS destination write: TW only, pickup_id required, empty home address; home unchanged (6.2905ms)
✔ CVSP03 checkoutInput: payment_mode only for CVS rows and only a mode the row offers (0.474875ms)
✔ COD confirmation includes expected fee, enforces collect cap and validates immutable order money (0.267834ms)
✔ CVSP04 buyer order: pay_at_pickup <=> collection_state; cvs_shipment only on a matching CVS destination (0.204333ms)
✔ CVSP05 journal accepts a CVS destination marker and a checkout body with payment_mode, nothing else (0.167208ms)
✔ validProduct accepts up to the Go photo cap and rejects one more (0.301375ms)
✔ design: garbage and hostile documents collapse to the safe default shape (9.098375ms)
✔ design: links, preview token propagation, nav resolution (0.134209ms)
✔ design: any merchant accent yields readable button text and link colour (WCAG AA) (0.2445ms)
✔ variants: resolution, disabled out-of-stock combinations, initial choice, price bounds (0.149625ms)
✔ catalog-v2 parsers accept the frozen shapes and refuse drift (0.482917ms)
✔ free-delivery progress words the hint only when a threshold exists (0.066334ms)
✔ list query: only whitelisted, canonical values survive (3.168375ms)
✔ seo: JSON-LD cannot break out of its script tag; offers reflect stock and price range (17.128334ms)
✔ seo: sitemap escapes and carries hreflang; robots refuses everything for a closed host (0.177667ms)
✔ money: whole amounts drop cents, minor digits come from the currency, filters round-trip (0.379625ms)
✔ cart line write: replaces one line, keeps the others, 0 removes, CAS version is the one shown (1.030167ms)
✔ cart problems map to buyer-facing classes without leaking transport detail (0.099ms)
✔ checkout options accept the optional free-shipping threshold only as a positive integer or null (0.177292ms)
✔ no-image placeholder copy: exactly the locale label a photo-less card or gallery renders (0.050084ms)
✔ storefront image caps equal the Go catalog caps (internal/catalog MaxMainImages, MaxDetailImages) (4.84725ms)
✔ design text limits count code points like Go, never splitting a surrogate pair (0.5055ms)
✔ G3: same-series cards exclude the current product and never invent absent draft/foreign products (1.256333ms)
✔ G5: safety guidance exists in three languages without changing the five merchant policy approval boundaries (3.641417ms)
✔ G4: category chips omit empty collections; hidden collections absent from the public API stay absent (0.187834ms)
✔ dictionaries have exact parity and non-empty values (0.678125ms)
✔ locale precedence and language quality mapping (0.611ms)
✔ localized paths preserve deep links and reject dangerous input (0.344792ms)
✔ path locale only matches a canonical first segment (0.048958ms)
✔ the four constructs render (0.590833ms)
✔ XSS payloads stay inert text (0.450166ms)
✔ fuzz: any string over a hostile alphabet renders only whitelisted tags (28.884333ms)
✔ validator mirrors the Go rules (0.623416ms)
✔ SDN1 allowlist: exactly the contract routes, per method (0.543458ms)
✔ SDN1 allowlist: traversal, case, suffix and prefix tricks never match (0.23875ms)
✔ SDN1 request shape: no query string anywhere, reads carry no body, key, length or transfer-encoding (29.128583ms)
✔ SDN1 cap: 260 KiB = Go's 256 KiB document + 4 KiB envelope, and a body of exactly the cap is still below it (0.061125ms)
✔ SDN2 renderer: every XSS payload comes out as whitelisted tags and escaped text only (0.790417ms)
✔ SDN2 renderer: escape-first means the merchant's text never becomes markup (0.102875ms)
✔ SDN2 renderer: fuzz (seeded) never produces a tag outside the whitelist (24.90675ms)
✔ SDN2 client validator rejects what the server rejects (HTML, non-https links, `<` anywhere) (0.221ms)
✔ cleanForSave turns cleared fields into null but keeps an empty body (0.414167ms)
✔ localIssues names each missing mandatory value by server path (0.529042ms)
✔ moved swaps neighbours and ignores out-of-range moves (0.07325ms)
✔ parsers accept the exact Go shapes and refuse extra or missing keys (0.37175ms)
✔ BFF allowlist covers exactly the design resources (0.222167ms)
✔ validDesignRequest refuses queries and bodies on reads, ignores other paths (20.04975ms)
✔ designDetails forwards only a bounded {path, reason} pair (0.16525ms)
✔ accepts exactly the three locale invite paths with a 20-200 char token (0.799333ms)
✔ rejects anything that is not an exact same-origin relative invite path (0.169541ms)
✔ rejects percent-encoded variants of the exact shape (0.098083ms)
✔ the token is an opaque invite token shape, never a URL (0.086625ms)
✔ fragment carrier: round-trips the exact invite path, is never a query string, and rejects hostile fragments (0.351417ms)
✔ dashboard: accepts the frozen shape, rejects drift (16.49ms)
✔ import result: strict keys, closed error codes, committed never carries errors (0.315042ms)
✔ csv file guard mirrors the Go bounds (0.076833ms)
✔ manual options: a COD home row parses with its offer (D01: the page used to refuse the whole list) (0.6945ms)
✔ manual options: only bank_transfer / pay_at_pickup / cash_on_delivery, key must equal market|country|code (0.12925ms)
✔ manual result: link is https with the order id and a 43-char capability in the fragment only (0.25975ms)
✔ draft: first problem, and the body has no price-like field at all (0.409333ms)
✔ BFF grammar: exactly the seven tools resources (0.332167ms)
✔ regenerate body/result: exactly {order_id, locale} and a fresh https link naming that order (1.057917ms)
✔ copy parity: every locale has every key, import rules and error codes (1.682541ms)
✔ callback redirect target is always a same-origin /<locale>/settings path whatever the cookies, store, code or error say (4.2185ms)
✔ the binding cookie: exactly one canonical store uuid, path-scoped to the callback, HttpOnly, Lax, 10 minutes, Secure (0.1195ms)
✔ callback query: exactly one code and one state within charset/length bounds; Meta's error=… and repeats are not forwarded (0.589334ms)
✔ the dialog URL the BFF hands the browser is https://www.facebook.com only (0.113958ms)
✔ callback error mapping only ever yields fixed codes, never an upstream message (0.114167ms)
✔ selected Page qualifies only a bare Facebook id, never rewrites another Page or external URL (0.561ms)
✔ status: not connected, connected with and without Instagram, and every deviation throws (2.941042ms)
✔ pick state: closed shape, optional Instagram keys come as a pair, id must match (0.635083ms)
✔ route grammar: only status/states/pick/disconnect; start and callback are dedicated routes; no query; reads carry no body or key (28.580625ms)
✔ connect cookie, body and callback redirect never carry code/state and only fixed codes (0.323125ms)
✔ copy: three locales have the same keys and every Go error code has a message (0.100291ms)
✔ review-required remains restricted; evidence does not promote state (1.097708ms)
✔ legacy omission remains unidentified, independent of array order (0.165917ms)
✔ closed shapes reject unknown state/provider/evidence, leaked fields and inconsistent severity (0.221084ms)
✔ duplicate capabilities/pages and unbounded arrays cannot become trusted state (0.102917ms)
✔ worst Page determines advice, no raw upstream reason reaches copy (0.19425ms)
✔ recheck receipt means scheduled; timestamps and closed keys are checked (0.236791ms)
✔ exact keyless route grammar rejects query/key/body confusion (14.270542ms)
✔ recheck takes exactly page_id and no caller-provided scope (0.123875ms)
✔ blocking advice comes from the blocking capability, not a secondary public-reply warning (0.09475ms)
✔ clean health browser mode prepares admin standalone before starting its fixture (10.626667ms)
✔ en: expired connection retains its full refusal inside a wrapping badge (10.384584ms)
✔ zh-TW: expired connection retains its full refusal inside a wrapping badge (0.781375ms)
✔ zh-CN: expired connection retains its full refusal inside a wrapping badge (1.35475ms)
✔ actual B1 snapshot state remains ok even when a fixture expected review_required (0.171625ms)
✔ D02 TWD input: whole dollars only, x100 on the wire (17.503958ms)
✔ D02 TWD edit text: whole dollars have no decimals; a legacy amount with cents is never shown as another price (0.215167ms)
✔ D02 display: NT$ without decimals in every language, cents only when there are cents (4.157417ms)
✔ D02 live-price input (Studio claims): TWD whole dollars, other currencies their decimals (0.473ms)
✔ D02 discount code amounts: TWD whole dollars, a decimal is refused before it is sent (0.954875ms)
✔ D02 no admin copy or component says 'minor units' to the merchant (35.193625ms)
✔ M06 time: Asia/Taipei everywhere, labelled, never UTC (9.9405ms)
✔ settings answer: exactly one boolean key (0.706958ms)
✔ PUT body is the frozen single key (0.061708ms)
✔ BFF grammar: GET read, PUT keyed command, nothing else (0.178458ms)
✔ copy: three locales, same keys, no empty text (0.11325ms)
✔ PRM01 parse: exact keys, kind/value pairing and ranges; duplicates and unknown keys are refused (1.505167ms)
✔ PRM02 Taipei wall time: +08:00 on the wire, instant shown back in Taipei, impossible dates refused (31.946375ms)
✔ PRM03 create body: normalised code, major units to minor units, optional fields null, whole body validated (7.131042ms)
✔ PRM04 update + toggle: version CAS key, form round trip, pause keeps every other field (0.391333ms)
✔ PRM05 BFF grammar: exactly list, create and update; nothing generic (0.169166ms)
✔ PRM06 copy: three locales carry the same keys and every refusal code the Go routes can answer (0.115625ms)
✔ G-UI3/G-UI5 architecture constraints pass with shrinking legacy exceptions (409.554583ms)
✔ G-UI3/G-UI5 negatives: new formatter, component fetch, >800 lines and wider allowance fail (0.499542ms)
✔ Readiness jump controls expose the actual active section, not a click flag (1.897375ms)
✔ Integrator P2: legal CN comment ordering and a distinct three-image recommendation (0.413209ms)
✔ ADM04 and ADM06 explain unavailable SKUs and keep collection vocabulary consistent (1.198083ms)
✔ ADM06 create/detail titles share the route vocabulary without adding a phantom Next page (0.646625ms)
✔ G-UI1 Next pages and route registry are bidirectional, unique, typed, documented (24.243791ms)
✔ G-UI1 copy key parity: no missing or extra key in any locale (0.335625ms)
✔ G-UI2 staff without catalog:read cannot see products/inventory or open a product URL (0.687ms)
✔ G-UI2 every route permission is a permission Go knows, and /orders/new needs inventory:reserve (43.016375ms)
✔ G-UI1 dynamic and public routes match, details never appear as navigation (0.184667ms)
✔ created address is a strict HTTPS origin matching the assigned handle (1.110625ms)
✔ DNS instructions must name the requested origin and a bare hostname target (0.335167ms)
✔ domain kind is authoritative and closed, not inferred from host or token (0.151125ms)
✔ apex DNS retains every concrete IPv4/IPv6 address and rejects malformed values (0.473625ms)
✔ pending domain journal preserves exact action/key/target; legacy or corrupt markers never replay (0.79375ms)
✔ browser-origin gate: every refusal happens before Go is called, for every action (25.143416ms)
✔ only POST exists on the team routes (0.988916ms)
✔ unknown action is a local 404 and never reaches Go (0.86625ms)
✔ strict request grammar: wrong keys, types, ids, roles, locales and token shapes are 422 locally (5.361375ms)
✔ what reaches Go: BFF key, bearer from the cookie, no Cookie/Origin, body unchanged, exactly one call per request (27.981583ms)
✔ Go failures are rebuilt locally from allow-listed codes, never retried, and never echo the token (18.430917ms)
✔ team answer: accepts the frozen shape, null role and OIDC member without email (0.5195ms)
✔ team answer: unknown key, unknown role, bad id, bad mail state are rejected (0.2725ms)
✔ invite and accept answers are strict (0.354958ms)
✔ request grammar: every action has an exact key set and rejects junk values (0.193125ms)
✔ copy: three locales carry the same keys and a label for every role (0.367875ms)
✔ role-aware navigation: hides entries the member's permissions cannot use; unknown shows all; Team is owner-only (1.71475ms)
✔ positive control: a complete, valid configuration raises no META_LOGIN finding (980.525541ms)
✔ feature off (COMMERCE_META_LOGIN_CONFIG_ID empty): no rule applies even with the other keys empty (186.517125ms)
✔ P06: the Page route needs the webhook receiver (192.608958ms)
✔ P06: sessions come from identity (179.295917ms)
✔ P06: without the claims profile nobody sends the private replies (a WARN, not a FAIL) (210.217042ms)
✔ P08: COMMERCE_META_LOGIN_CONFIG_ID must be numeric ("abc") (188.132ms)
✔ P08: COMMERCE_META_LOGIN_CONFIG_ID must be numeric ("12 34") (192.400666ms)
✔ P08: COMMERCE_META_LOGIN_CONFIG_ID must be numeric ("111111111111") (197.908584ms)
✔ P08: COMMERCE_META_LOGIN_CONFIG_ID must be numeric ("0x10") (205.8765ms)
✔ P08: COMMERCE_META_LOGIN_CONFIG_ID must be numeric ("-1") (176.873ms)
✔ P08: COMMERCE_META_LOGIN_REDIRECT_URI must be exactly https://<LC_ADMIN_HOST>/api/meta/callback (wrong host) (183.109458ms)
✔ P08: COMMERCE_META_LOGIN_REDIRECT_URI must be exactly https://<LC_ADMIN_HOST>/api/meta/callback (http scheme) (192.812625ms)
✔ P08: COMMERCE_META_LOGIN_REDIRECT_URI must be exactly https://<LC_ADMIN_HOST>/api/meta/callback (the ads callback path) (136.271208ms)
✔ P08: COMMERCE_META_LOGIN_REDIRECT_URI must be exactly https://<LC_ADMIN_HOST>/api/meta/callback (trailing slash) (144.391417ms)
✔ P08: COMMERCE_META_LOGIN_REDIRECT_URI must be exactly https://<LC_ADMIN_HOST>/api/meta/callback (query string) (141.362208ms)
✔ P08: COMMERCE_META_LOGIN_REDIRECT_URI must be exactly https://<LC_ADMIN_HOST>/api/meta/callback (empty) (141.091625ms)
✔ P08: COMMERCE_META_LOGIN_GRAPH_VERSION grammar vNN.N ("26.0") (139.741875ms)
✔ P08: COMMERCE_META_LOGIN_GRAPH_VERSION grammar vNN.N ("v26") (138.108333ms)
✔ P08: COMMERCE_META_LOGIN_GRAPH_VERSION grammar vNN.N ("v26.0.1") (136.196417ms)
✔ P08: COMMERCE_META_LOGIN_GRAPH_VERSION grammar vNN.N ("latest") (148.946625ms)
✔ P08: COMMERCE_META_LOGIN_GRAPH_VERSION grammar vNN.N ("") (141.178292ms)
✔ P08: COMMERCE_META_LOGIN_GRAPH_VERSION grammar vNN.N ("v1000.0") (134.024958ms)
✔ P08: COMMERCE_META_LOGIN_GRAPH_VERSION accepts v26.0 (142.097917ms)
✔ P08: COMMERCE_META_LOGIN_GRAPH_VERSION accepts v22.0 (145.890292ms)
✔ P08: COMMERCE_META_LOGIN_GRAPH_VERSION accepts v99.9 (138.818458ms)
✔ production without any alert channel is a FAIL (nobody would hear the next outage) (954.619375ms)
✔ outside production the same gap is only a WARN (186.7345ms)
✔ a webhook alone satisfies the rule (183.442416ms)
✔ an e-mail target with a complete relay (host, username, secret) satisfies the rule (186.104583ms)
✔ an e-mail target without the relay secret cannot be sent: FAIL in production, WARN elsewhere (391.782416ms)
✔ the example's CHANGE_ME_SENDER placeholder is not a relay: the e-mail target cannot be sent (186.885875ms)
✔ LC_ALERT_EMAIL must be one plain address ("not-an-address") (194.886583ms)
✔ LC_ALERT_EMAIL must be one plain address ("two@fake.invalid,three@fake.invalid") (203.957291ms)
✔ LC_ALERT_EMAIL must be one plain address ("a b@fake.invalid") (184.903542ms)
✔ LC_ALERT_EMAIL must be one plain address ("<owner@fake.invalid>") (191.163708ms)
✔ LC_ALERT_EMAIL must be one plain address ("owner@fake") (198.638125ms)
✔ storefront cart-line removal is reversible: clicked for real, not guarded (0.49825ms)
✔ destructive / irreversible / sign-out classification (owner list, en + zh) (0.705167ms)
✔ alike controls (rows with ids / numbers) share one class key (0.123542ms)
✔ known defects classify, never silence: stale entries are reported (0.409083ms)
✔ the markdown ledger has one row per interaction and names the verdict (0.191375ms)
✔ protocolHrefOK accepts well-formed tel:/mailto: and rejects malformed ones (0.148833ms)
✔ thresholds are the named constants of the brief (1.768708ms)
✔ R1: document wider than the viewport, and the outermost element past the edge (0.434208ms)
✔ R2: label tops, control tops and control heights of one visual row (1.026458ms)
✔ R2: what is one row and what is not (0.316334ms)
✔ R2: a button beside a field has to line up with its control (0.396667ms)
✔ R3: a row made tall by stacked controls, a control wider than its cell (0.554584ms)
✔ R3: a matrix whose EVERY row is doubled by a stacked stock cell (the median cannot see it) (0.220083ms)
✔ R4: small text, helper text apart, icons and duplicates excepted (0.112875ms)
✔ R5: tap targets on the 390 viewport only (1.828583ms)
✔ R6: interactive elements and text boxes that overlap (0.7895ms)
✔ R7: text clipped inside a control or label (either side), and select values that do not fit (0.796042ms)
✔ R8: the same visible label twice in one list (0.257792ms)
✔ evaluate() tags severity, selectRecords() keeps distinct groups first and counts every instance (0.679375ms)
✔ R9: text and controls flush to the screen edge at 390 (0.529666ms)
✔ R6/R9 judge the visible (ancestor-clipped) rectangle, not the raw one (integrator ruling 2026-10-05) (0.29ms)
✔ R10: a fixed or sticky bar covering main content after scrolling (0.697791ms)
✔ R11: controls narrower than a usable width (0.31225ms)
ℹ tests 397
ℹ suites 0
ℹ pass 397
ℹ fail 0
ℹ cancelled 0
ℹ skipped 0
ℹ todo 0
ℹ duration_ms 5795.583083
✔ legacy display sentinels preserve a list row without admitting arbitrary or private data (1.923541ms)
✔ orders-v2 accepts bounded filters and Taipei inclusive dates; rejects ambiguity (0.429583ms)
✔ orders-v2 rejects client count approximations, unbounded or extra response data (0.143ms)
✔ all three locales label every task queue, payment and delivery mode (0.298125ms)
ℹ tests 4
ℹ suites 0
ℹ pass 4
ℹ fail 0
ℹ cancelled 0
ℹ skipped 0
ℹ todo 0
ℹ duration_ms 71.8075
✔ numeric store IDs have no suggestion BFF or browser client (0.561375ms)
ℹ tests 1
ℹ suites 0
ℹ pass 1
ℹ fail 0
ℹ cancelled 0
ℹ skipped 0
ℹ todo 0
ℹ duration_ms 61.600916
✔ ADM10 operator sentence is localized while product and company facts stay authoritative (0.39025ms)
✔ PS review: actual Host matching normalizes case, port and a terminal DNS dot, never forwarded authority (0.214292ms)
✔ PS review: privacy/terms retain Messenger and Instagram purpose disclosure; deletion uses exact UI labels (0.097125ms)
✔ P2-N1 zh-TW/privacy: current comments and private reply, conditional inbound messages (0.072208ms)
✔ P2-N1 zh-TW/terms: current comments and private reply, conditional inbound messages (0.038542ms)
✔ P2-N1 zh-CN/privacy: current comments and private reply, conditional inbound messages (0.032667ms)
✔ P2-N1 zh-CN/terms: current comments and private reply, conditional inbound messages (0.047625ms)
✔ P2-N1 en/privacy: current comments and private reply, conditional inbound messages (0.04075ms)
✔ P2-N1 en/terms: current comments and private reply, conditional inbound messages (0.036667ms)
✔ PS1 legal identity is one untranslated source (0.07525ms)
✔ PS1 contact and hosts come only from configuration; production fails closed (0.314417ms)
✔ PS2 public routes default to zh-TW, restrict page/locale, and never include admin (0.36375ms)
✔ PS4 optional Meta verification value never has a fake default (0.046625ms)
✔ PS1 every locale uses the same product name in auth page titles (0.03725ms)
✔ PS1 public page copy has three complete locales, no invented operator identity or contact (0.185917ms)
✔ PS1 production build validates config; public data is not bundled through NEXT_PUBLIC (0.209208ms)
✔ PS review: admin image installs the manifests for its workspace dependencies before building (0.388167ms)
ℹ tests 17
ℹ suites 0
ℹ pass 17
ℹ fail 0
ℹ cancelled 0
ℹ skipped 0
ℹ todo 0
ℹ duration_ms 70.176208
✔ R11 SQL's exact receipt states are accepted; missing/forged operation/state remains unknown (0.70625ms)
✔ R11 durable receipt journal validates phase against exact operation state (0.321541ms)
✔ R11 actual read control distinguishes replay/inflight/unknown/failure in en (3.840375ms)
✔ R11 actual read control distinguishes replay/inflight/unknown/failure in zh-TW (0.599209ms)
✔ R11 actual read control distinguishes replay/inflight/unknown/failure in zh-CN (0.419625ms)
✔ unknown journal retains exact key/boundary and is scoped to store+session; malformed state fails closed (0.108083ms)
✔ R12 read hook keeps network UNKNOWN on one key and explicitly refreshes acknowledged UNKNOWN (9.300958ms)
✔ actual POST transport uses CSRF and session fence; 403 independent of response text (12.843917ms)
✔ R10 ROAS has exactly two decimals in en (9.4795ms)
✔ R10 unknown ROAS is never fabricated as zero in en (0.084042ms)
✔ R10 ROAS has exactly two decimals in zh-TW (0.167042ms)
✔ R10 unknown ROAS is never fabricated as zero in zh-TW (0.035583ms)
✔ R10 ROAS has exactly two decimals in zh-CN (0.125667ms)
✔ R10 unknown ROAS is never fabricated as zero in zh-CN (0.029709ms)
✔ shared presentation preserves registry title and one empty buyer message in en (23.13675ms)
✔ R11 large linked-draft list is complete but collapsed in en (2.985459ms)
✔ shared presentation preserves registry title and one empty buyer message in zh-TW (5.206791ms)
✔ R11 large linked-draft list is complete but collapsed in zh-TW (2.374917ms)
✔ shared presentation preserves registry title and one empty buyer message in zh-CN (5.011167ms)
✔ R11 large linked-draft list is complete but collapsed in zh-CN (2.386792ms)
✔ R11 timeline distinguishes local unknown spend from explicit Meta zero in en (2.707625ms)
✔ R11 timeline distinguishes local unknown spend from explicit Meta zero in zh-TW (1.892166ms)
✔ R11 timeline distinguishes local unknown spend from explicit Meta zero in zh-CN (2.947708ms)
✔ R11 I12 nullable Meta evidence survives without becoming zero (0.205917ms)
✔ R11 actual panel rendering preserves unknowns and reconnect route in en (9.568791ms)
✔ R11 actual panel rendering preserves unknowns and reconnect route in zh-TW (9.902417ms)
✔ R11 actual panel rendering preserves unknowns and reconnect route in zh-CN (10.636125ms)
✔ D1, D6, R7: exact amounts and sources remain independent, account days stay labelled (0.150917ms)
✔ R12: null stays unknown and unread / unauthorised / insufficient remain different states (0.184708ms)
✔ R12 granted but unread audience offers a read, never reconnect in en (1.496666ms)
✔ R12 granted but unread audience offers a read, never reconnect in zh-TW (1.523334ms)
✔ R12 granted but unread audience offers a read, never reconnect in zh-CN (1.505875ms)
✔ I12 forged / missing frozen fields never silently become zeros (0.824458ms)
✔ only whitelisted aggregates survive: extra identifiers and HTML are never interpreted (0.058583ms)
✔ attribution is a read-only BFF resource with exact bounded query grammar (0.272916ms)
✔ audience-read is exactly the new local intention POST and never a data GET or queried write (0.2175ms)
✔ route fails closed without ads:read and is not a duplicate navigation entry; locale keys match (0.088625ms)
ℹ tests 37
ℹ suites 0
ℹ pass 37
ℹ fail 0
ℹ cancelled 0
ℹ skipped 0
ℹ todo 0
ℹ duration_ms 332.03425
✔ card-payments copy: identical key sets in all three locales (2.034333ms)
✔ merchant terms are quoted verbatim (contract §5) in the enable dialog (0.103291ms)
✔ ruling-fixed strings: platform not OPEN and BLOCKED note (0.049875ms)
✔ error map covers every frozen refusal code from migrations/0137 (0.067084ms)
✔ no Stripe account id, key or approval id shape appears in any copy string (0.221042ms)
✔ storefront collector disclosure matches contract §5 templates in three languages (0.058541ms)
✔ card summary accepts the frozen shape incl. all-null platform NONE (0.748ms)
✔ card summary rejects unknown keys, bad enums, bad money, bad version (0.401875ms)
✔ card result is exactly {state, version, max_minor, currency, descriptor_preview} (0.108041ms)
✔ descriptor suffix rule: charset, 2..10 chars, must contain a letter (0.132458ms)
✔ suffix budget derives from descriptor_preview as the base (L + 2 + suffix <= 22, charset caps at 10) (0.070875ms)
✔ descriptor preview mirrors the contract projection (base + '* ' + suffix) (0.059958ms)
✔ settlement list accepts statements without payout/lines keys (omitempty) (0.389709ms)
✔ settlement detail carries lines whose count and sums match the totals (0.340084ms)
✔ settlement parsers reject malformed reads (0.618167ms)
✔ fees, refunds and disputes are signed exactly as the ledger stores them (0.448666ms)
✔ a returned fee is a positive line fee; the detail's lines must add up to the statement totals (0.9355ms)
✔ closed_at/paid_at accept the offsets PostgreSQL emits as well as Z (0.310333ms)
✔ a payout reference shaped like a Stripe key or account id is never displayed (0.239875ms)
✔ platform not OPEN: 'not open yet' and no enable control, for every non-OPEN state (0.417125ms)
✔ allowlisted + OPEN: enable from NONE/DISABLED, disable from ENABLED; not allowlisted hides the enable control (0.079042ms)
✔ BLOCKED: the suspended note, disable only, never enable (whatever the platform says) (0.04875ms)
✔ without billing:manage nothing can be changed, but the state is still readable (0.047708ms)
✔ enable carries the platform's current terms, the suffix and the version read; NONE starts at 0 (0.081292ms)
✔ disable never sends a suffix and quotes the terms the store accepted (the platform's may have moved on) (0.041584ms)
✔ a retained suffix is recovered from the final preview so a re-enable can keep it (0.04375ms)
✔ the period label shows the last day inside the (exclusive-end) week (0.596416ms)
✔ payout state: paid, pending only when money is due, none when the week nets to zero or less (0.036208ms)
✔ card-payments and settlements are nav:false routes, so no group loses or gains a nav button (0.128166ms)
✔ settlements need billing:manage, the card page integration:read; the owner opens both (0.104584ms)
✔ route table: exactly the four resources, nothing generic (0.451834ms)
✔ query grammar: card and settlement-detail are exact; settlements takes before/limit only (0.213458ms)
✔ request fence: keyless PUT (CAS), bodyless GETs, no transfer-encoding (17.252ms)
✔ PUT body is the exact frozen shape {enabled, terms_version, descriptor_suffix, expected_version} (0.438333ms)
✔ the BFF route wires the card grammar: keyless CAS PUT, exact body, no-store, auth required (0.655542ms)
✔ the real card summary parses and drives the display state machine (1.246125ms)
✔ the real statement list parses: newest first, no lines, three payout states (0.74125ms)
✔ every real detail parses with its lines and the lines add up to the statement (0.888375ms)
✔ an empty ledger parses to no statements (0.236541ms)
✔ no account id, key or approval shape is in any real body (0.329084ms)
ℹ tests 40
ℹ suites 0
ℹ pass 40
ℹ fail 0
ℹ cancelled 0
ℹ skipped 0
ℹ todo 0
ℹ duration_ms 95.427125
✔ option/slug/SKU caps equal internal/catalog (options.go, catalog.go) (10.984125ms)
✔ text caps equal the Go validators (name 120, description 8000, SEO 70/160, collection title 80) (1.116833ms)
✔ photo caps equal Go (MaxMainImages, MaxDetailImages, MaxImageBytes) and the SKU code pattern (0.980667ms)
✔ PE13 Cartesian matrix is local, preserves edits and deduplicates values (0.565625ms)
✔ PE13 bulk quantity skips negative rows without modifying them (0.153833ms)
✔ PE12 untracked document uses whole currency and per-order cap, never quantity (8.1655ms)
✔ PE14 missing readback is not guessed or silently cleared by full replacement (0.05975ms)
✔ bulk status accepts explicit per-item results, never empty or duplicated confirmations (0.177875ms)
✔ matrix refuses over 100 SKUs before expansion (0.07375ms)
✔ parity: admin caps equal the Go constants (0.576583ms)
✔ image list: 4 main + 20 detail + 2 sku in role order is accepted (0.296375ms)
✔ image list: 5 main, 21 detail, wrong role order, gaps and extra keys are refused (0.13ms)
✔ single image: role is required and its position is bounded by the role cap (0.059875ms)
✔ PE14 new edit SKU carries its own shipping and clears no existing fields (15.754708ms)
✔ PE14 patch changes only price and preserves unmentioned fields (0.19625ms)
✔ PE14 on_hand is not available, zero target is transmitted, ambiguous warehouse refuses (0.297084ms)
✔ PE14 explicit clears and shipping remain per SKU on an active row (0.126792ms)
✔ PE14 archive supersedes every other edit on that SKU (b77eeb11) (0.136458ms)
✔ PE14 no-op has no command fields and changed axes explicitly archive omitted variants (0.098709ms)
ℹ tests 19
ℹ suites 0
ℹ pass 19
ℹ fail 0
ℹ cancelled 0
ℹ skipped 0
ℹ todo 0
ℹ duration_ms 87.603625
(node:6766) ExperimentalWarning: Transform Types is an experimental feature and might change at any time
(Use `node --trace-warnings ...` to show where the warning was created)
✔ UNKNOWN retry client authorization loss requires reconciliation, not a fresh command (2.819584ms)
✔ UNKNOWN retry 401 authorization loss requires reconciliation, not a fresh command (8.691167ms)
✔ UNKNOWN retry 403 authorization loss requires reconciliation, not a fresh command (0.64225ms)
✔ a conclusive command rejection stays distinct from authorization loss (0.785959ms)
ℹ tests 4
ℹ suites 0
ℹ pass 4
ℹ fail 0
ℹ cancelled 0
ℹ skipped 0
ℹ todo 0
ℹ duration_ms 108.260833
NOT_RUN: tests/media/r04-input-runner.test.mjs (COMMERCE_R04_LIVEKIT_BINARY unset)
