✔ route grammar: exactly the frozen resources except meta/connect and meta/callback (1.421333ms)
✔ query rule: only report has a query, from+to exactly once, real dates, at most 92 days (0.24325ms)
✔ headers: If-Match is a bare revision, Idempotency-Key is the repo grammar (0.118292ms)
✔ connect cookie: httpOnly, Secure, Lax, Path is the callback only, 10 minutes; cleared with Max-Age=0 (0.133333ms)
✔ connect body: exactly {store: uuid} (0.635166ms)
✔ dialog URL: only exactly https://www.facebook.com (0.158959ms)
✔ callback parameters: bounded charset/length, duplicates rejected, Meta cancel is denied, extras ignored (1.050666ms)
✔ callback redirect: only fixed codes and canonical uuids ever reach the URL (never code/state) (0.129583ms)
✔ callback Go answers map to the fixed connect_error values (0.079791ms)
✔ Go transport split: pause/end bodiless, approve keyless, nothing else (0.208625ms)
✔ W6-06B route grammar and exact unbind body (0.122875ms)
✖ W6-U2 unbind rejects literal and escaped duplicate account keys (0.560458ms)
ℹ tests 12
ℹ suites 0
ℹ pass 11
ℹ fail 1
ℹ cancelled 0
ℹ skipped 0
ℹ todo 0
ℹ duration_ms 92.288125

✖ failing tests:

test at tests/admin/ads-request.test.ts:153:1
✖ W6-U2 unbind rejects literal and escaped duplicate account keys (0.560458ms)
  AssertionError [ERR_ASSERTION]: Expected values to be strictly equal:
  
  true !== false
  
      at TestContext.<anonymous> (file:///Volumes/data/live_commerce_architecture_v1/.worktrees/w6-u2-ops-ledger-ads-ui/tests/admin/ads-request.test.ts:153:84)
      at Test.runInAsyncScope (node:async_hooks:227:14)
      at Test.run (node:internal/test_runner/test:1201:25)
      at Test.processPendingSubtests (node:internal/test_runner/test:831:18)
      at Test.postRun (node:internal/test_runner/test:1330:19)
      at Test.run (node:internal/test_runner/test:1258:12)
      at async Test.processPendingSubtests (node:internal/test_runner/test:831:7) {
    generatedMessage: true,
    code: 'ERR_ASSERTION',
    actual: true,
    expected: false,
    operator: 'strictEqual',
    diff: 'simple'
  }
