node:internal/modules/esm/resolve:271
    throw new ERR_MODULE_NOT_FOUND(
          ^

Error [ERR_MODULE_NOT_FOUND]: Cannot find module '/Volumes/data/live_commerce_architecture_v1/.worktrees/w3-u5-returns-ui/apps/admin/lib/returns-model.ts' imported from /Volumes/data/live_commerce_architecture_v1/.worktrees/w3-u5-returns-ui/tests/admin/returns-model.test.ts
    at finalizeResolution (node:internal/modules/esm/resolve:271:11)
    at moduleResolve (node:internal/modules/esm/resolve:861:10)
    at defaultResolve (node:internal/modules/esm/resolve:988:11)
    at #cachedDefaultResolve (node:internal/modules/esm/loader:697:20)
    at #resolveAndMaybeBlockOnLoaderThread (node:internal/modules/esm/loader:714:38)
    at ModuleLoader.resolveSync (node:internal/modules/esm/loader:746:52)
    at #resolve (node:internal/modules/esm/loader:679:17)
    at ModuleLoader.getOrCreateModuleJob (node:internal/modules/esm/loader:599:35)
    at ModuleJob.syncLink (node:internal/modules/esm/module_job:162:33)
    at ModuleJob.link (node:internal/modules/esm/module_job:252:17) {
  code: 'ERR_MODULE_NOT_FOUND',
  url: 'file:///Volumes/data/live_commerce_architecture_v1/.worktrees/w3-u5-returns-ui/apps/admin/lib/returns-model.ts'
}

Node.js v24.15.0
✖ tests/admin/returns-model.test.ts (74.696125ms)
file:///Volumes/data/live_commerce_architecture_v1/.worktrees/w3-u5-returns-ui/tests/admin/returns-request.test.ts:7
import { orderActionRoute, validReturnsQuery } from "../../apps/admin/lib/orders-request.ts";
                           ^^^^^^^^^^^^^^^^^
SyntaxError: The requested module '../../apps/admin/lib/orders-request.ts' does not provide an export named 'validReturnsQuery'
    at #asyncInstantiate (node:internal/modules/esm/module_job:326:21)
    at async ModuleJob.run (node:internal/modules/esm/module_job:429:5)
    at async node:internal/modules/esm/loader:639:26
    at async asyncRunEntryPointWithESMLoader (node:internal/modules/run_main:101:5)

Node.js v24.15.0
✖ tests/admin/returns-request.test.ts (84.383834ms)
ℹ tests 2
ℹ suites 0
ℹ pass 0
ℹ fail 2
ℹ cancelled 0
ℹ skipped 0
ℹ todo 0
ℹ duration_ms 90.889375

✖ failing tests:

test at tests/admin/returns-model.test.ts:1:1
✖ tests/admin/returns-model.test.ts (74.696125ms)
  'test failed'

test at tests/admin/returns-request.test.ts:1:1
✖ tests/admin/returns-request.test.ts (84.383834ms)
  'test failed'
