✔ /products/{uuid} redirects permanently to the zh-TW product page (18.536709ms)
✔ non-uuid ids are 404, never redirected (1.053916ms)
✔ AT1: the locale redirect preserves the ad-click query without allowing a redirect target (0.137583ms)
✔ R10: standalone signed signals survive a missing or expired seven-day touch (8.48975ms)
✔ R10: standalone signals reject expiry, bad signature, duplicates and another host (0.28325ms)
✔ AT1 R5: browser identity survives expired touch and rolls for ninety days (0.1755ms)
✔ AT1 R5: missing ad parameters create no cookies; fbclid alone creates no touch (0.916542ms)
✔ AT1 R5: lc_ad alone updates attribution and does not replace fbc (0.581792ms)
✔ AT1: host-only first-party cookies contain no PII and read back exactly (0.345959ms)
✔ AT1: a later valid click replaces the draft but preserves the browser identifier (0.144583ms)
✔ R10: only a different fbclid replaces fbc and its first-seen timestamp (0.233583ms)
✔ AT1: malformed and ambiguous links do not overwrite a valid prior touch (0.355459ms)
✔ AT1: host and key binding reject copied cookies (0.169125ms)
✔ AT1: duplicates and tampering invalidate the entire envelope (0.13325ms)
✔ AT1: exactly seven days is valid, the next millisecond and future clicks are not (0.118125ms)
✔ catalog list query limits equal the Go v2 parser (internal/buyerhttp/catalogv2.go) (87.081667ms)
✔ collection list cap equals Go maxCollectionsPerStore (3.221042ms)
✔ design caps equal internal/design/schema.go (nav, sections, pages) (4.809583ms)
✔ CVS buyer-entered store bounds and return path equal Go (internal/checkout/cvs.go, migration 0093) (37.285334ms)
✔ transfer view: closed shape and state rules mirror Go validTransferView (1.753791ms)
✔ proof body and result: five digits, positive minor amount, ISO instant (1.221666ms)
✔ minorFromText: major units with at most two decimals, never a float surprise (0.155042ms)
✔ buyer email mirror: one plain address, 254 characters at most (0.127917ms)
✔ countdown: whole hours and minutes, never negative (0.4575ms)
✔ copy: three locales carry every key and every refusal code (1.064792ms)
✔ options: a home row lists modes only with bank_transfer and then needs its window (0.955208ms)
✔ checkoutInput: a home bank_transfer body, the optional trimmed email, and every refusal before any request (0.552459ms)
✔ order: AWAITING_TRANSFER is a valid commercial state without a hold time (0.806208ms)
✔ BFF: exact transfer routes, keyed proof PUT, strict body, validated answers, no generic proxy (94.094917ms)
✔ BFF: transfer refusal codes pass through as definite 422; checkout accepts bank_transfer and a valid email only (9.842584ms)
✔ D06 order heading follows a settled transfer: never 'waiting for transfer' above a confirmed or expired one (0.223167ms)
✔ uncertain prepare blocks all mutations; changed cookie context resolves journal (108.879959ms)
✔ fully parsed local denial clears only its own pending operation (3.363625ms)
✔ malformed journal, unavailable lock and stale context fail before writes (3.314ms)
✔ BPT05 exact handoff permits absent body/key, one fetch, no form persistence (316.877917ms)
✔ BPT05 wrong handoff form and ordinary writes fail before any fetch (1.532875ms)
✔ BPT05 unresolved cookie journal blocks handoff; lost response is one fetch without persistence (0.333167ms)
✔ SU02 refresh permits absent body/key, one fetch, no persistence (0.228583ms)
✔ SU02 refresh rejects a body, a key or a malformed path before any fetch (0.169917ms)
✔ SU02 cancel permits absent body/key, one fetch, no persistence (1.361458ms)
✔ SU02 cancel rejects a body, a key or a malformed path before any fetch (0.801083ms)
✔ BPT01 exact private path, headers, body and three-locale one-fetch transport (328.706ms)
✔ BPT02 payment routes reject untrusted path, context, headers, key and body before fetch (216.945833ms)
✔ BPT03 hostile upstream success is sanitized, never returned as payment data (22.433791ms)
✔ BPT04 every handoff failure is nonretryable, including pre-route and transport loss (104.01075ms)
✔ SU02 five routes: exact upstream path, method, key, body, one fetch each (1.740333ms)
✔ SU02 refresh and cancel are keyless and pass every CSRF/context denial before fetch (4.714166ms)
✔ SU02 every handoff/refresh/cancel failure is nonretryable and sanitized (195.399166ms)
✔ SU02 hostile Stripe bodies become the sanitized 503; PAYUNi and Stripe bodies stay byte-identical (547.267333ms)
✔ SU02 prepare accepts only the two known method codes (5.275916ms)
✔ disabled and invalid configuration fail closed before private fetch (114.101416ms)
✔ private authority, cookie lifecycle and strict local denial (31.139333ms)
✔ bad host, cookie, query and method never reach private API (5.392333ms)
✔ stalled inbound POST body is canceled at its deadline without a cookie or private call (2.747166ms)
✔ R10: Begin forwards independently signed signals; browser attribution and forwarded hosts are not authority (130.805417ms)
✔ CVS BFF: exact routes, keyed open/store, keyless verify, validated answers, no generic proxy (72.798833ms)
✔ CVS BFF: contract refusal codes pass through; pay_at_pickup_limit is a definite (non-retryable) 429 (191.363792ms)
✔ fragment grammar accepts only one canonical token (1.746125ms)
✔ claim projections are closed (0.314208ms)
✔ claim token rides only its header on B1/B2 and is never echoed (359.405333ms)
✔ claim-priced cart edits send only SKU and quantity, keeping server price authority (18.399208ms)
✔ direct-checkout sold-out projection is mandatory, boolean and closed (0.35325ms)
✔ claim redeem shares the purchase lock, guards recovery and never persists the token (42.049833ms)
✔ ClaimLink removal projects live-priced survivors on ready and conflict pages (320.439959ms)
✔ ClaimLink revisit checks out applied A while pending B is sold out or unavailable (105.597792ms)
✔ ClaimLink refreshes a nothing result after a second tab applied the claim (32.976ms)
✔ ClaimLink does not navigate when a buyable claim target is absent or has changed quantity (131.262792ms)
✔ ClaimLink optional prior-order notice tolerates unreadable storage without bypassing recovery (437.742ms)
✔ CVS01 map form: only the two ECPay e-map actions, exact fields, top-level-safe values (3.233583ms)
✔ CVS02 return path allowlist excludes /claim and anything but the checkout or product page (0.580041ms)
✔ CVS03 selection projection: VERIFIED<=>pickup, REJECTED<=>reject_code, absent keys read as null (1.363625ms)
✔ CVS04 buyer-entered store answer and request body (1.480666ms)
✔ CVS05 store code table (§16.1) keeps leading zeros and per-chain lengths (0.369541ms)
✔ CVS06 recipient mirror: real-name width 4..10 (CJK=2), no digits/symbols/emoji; 09 mobile (1.403042ms)
✔ CVS07 checkout draft: name, phone and mode only; read once; corrupt/foreign shapes are dropped (0.560833ms)
✔ CVS08 return URL: only ?cvs_selection=<uuid> is accepted (0.204125ms)
✔ CVS09 buyer order projection and copy keys: nothing but PICKED_UP says picked up (0.171417ms)
✔ CVS10 error codes: field mapping, definite refusals, official links are https constants (0.621833ms)
✔ CVS11 client transport: verify is the one new keyless POST; the server refusal code rides BuyerClientError.detail (30.107958ms)
✔ every locale x page has a title, an updated line and at least one section (1.199584ms)
✔ locales share the section count and per-section body count of every page (0.295041ms)
✔ final text is only the owner-confirmed company facts (CR 81215167 name + registered address); nothing else is final (0.2245ms)
✔ a legal page is published only when every text on it is final; buyers see no link to an unpublished one (52.681792ms)
✔ data-deletion path is named in the privacy page of every locale (0.308625ms)
✔ pendingOwnerText lists exactly the texts that keep a page unpublished and is written for the owner (3.809ms)
✔ a live (claim-origin) price replaces the catalog price and strikes it through (2.249958ms)
✔ without a live price the catalog price and its compare-at are shown unchanged (0.251958ms)
✔ a live price equal to or above the catalog price is shown as set (strike hidden by the UI guard) (0.145291ms)
✔ a live price strikes the catalog price, never the variant sale price (0.122875ms)
✔ order ref: 12 hex (dashes or spaces, any case) or a full id (1.410709ms)
✔ contact: one email or a phone of 6..20 digits (0.26775ms)
✔ body is exactly {order_ref, contact}; the answer is exactly {order_id} (0.230958ms)
✔ BFF lookup: no cookie needed, fresh token goes upstream, cookie only on 200 and it carries that same token (625.119667ms)
✔ BFF lookup: strict local denial before any private fetch (2.9095ms)
✔ copy: three locales carry every key (0.5835ms)
✔ MS4 srcset descriptors use actual decoded widths and deduplicate small renditions (1.273042ms)
✔ MS1 product rendition allowlist preserves trusted Host and never forwards buyer cookies (204.691292ms)
✔ MS2 invalid, duplicate, extra, encoded widths and non-product variants fail before fetch (153.411208ms)
✔ MS3 old-image fallback is never promoted to immutable; committed variants are cacheable (9.319166ms)
✔ TWD whole amounts show no decimals in every locale and at every magnitude (line, subtotal, total, zero) (82.770958ms)
✔ cents appear only when there are cents, then always as two digits; the minor-unit arithmetic is untouched (0.592958ms)
✔ digits come from the currency: JPY none, USD two when there are cents (0.848208ms)
✔ one formatter: no component, page or lib builds a currency Intl.NumberFormat outside lib/money.ts (130.783292ms)
✔ fragment: exactly #o=<order id>&t=<43-char token>; anything else is null (27.827334ms)
✔ body is exactly {order_id, token, proof}; the answer is exactly the order the link named (65.744791ms)
✔ BFF link: no cookie needed, fresh token upstream, cookie only on a 200 naming the same order, link token never echoed (640.548917ms)
✔ BFF link: strict local denial before any private fetch (27.256291ms)
✔ copy: three locales, one refusal text, a retry and a lookup path (0.518209ms)
✔ BPU01 fresh payment writes exact metadata before prepare, one bodyless Take, no persistent form (297.229166ms)
✔ BPU01 lost prepare response replays original key/body only on explicit next click (3.322792ms)
✔ BPU01 lost handoff is permanently GET-only, even after a second click (8.66075ms)
✔ BPU01 storage, amount, scope and child/screen fences reject before irreversible writes (12.471417ms)
✔ BPU01 document/child loss after prepare but before Take leaves exact replay marker (4.402084ms)
✔ BPU01 malformed server handoff never submits and Take remains nonretryable (70.423209ms)
✔ BPU01 marker replacement before Take and after Take blocks release/form reuse (8.187625ms)
✔ BPU01 context replacement after prepare and after Take closes destination without form (24.953959ms)
✔ BPU01 synchronous destination refuses invalid locale before opening a window (21.391ms)
✔ SU03 fresh Stripe pay: marker before prepare, one prepare, one handoff, navigate, URL never stored (26.625458ms)
✔ SU03 marker replay: lost prepare response replays key/body, no uncertain on PENDING view with leftover marker (1.530334ms)
✔ SU03 cross-device Continue needs no marker and never prepares (0.4575ms)
✔ SU03 marker/view matrix: PAYUNi marker on Stripe view and Stripe marker on PAYUNi view send nothing (7.86425ms)
✔ SU03 any other view renders without a POST (1.936375ms)
✔ SU03 CREATING: waits on the schedule without the lock, then hands off once when READY (17.534334ms)
✔ SU03 CREATING budget: 10 reads over 30 s, then the blank child is closed, no POST, no throw (25.418084ms)
✔ SU03 cancel_requested seen on the re-GET aborts before the handoff POST (2.964875ms)
✔ SU03 handoff outcomes: CREATING closes child, CLOSED/UNAVAILABLE/error/malformed reject; one POST each, never retried (10.296583ms)
✔ SU03 Stripe prepare errors, amount/currency mismatch and popup loss stop before any handoff (165.1235ms)
✔ SU03 two clicks make two handoff POSTs only because there were two clicks; sequential, none from reads (317.782916ms)
✔ SU03 navigate: validates again, needs an owned blank child, sets used before replace, no URL in errors (14.340792ms)
✔ SU03 refresh signal: keyless single POST, validated, throttled 1/10 s and 30 per page life, cancel never throttled (14.551292ms)
✔ SU03 signal failures are single-shot and sanitized: HTTP error, malformed body, wrong order (12.817708ms)
✔ private quote/option authority fields are required; only exact MANUAL home can checkout (3.991084ms)
✔ continue shopping advances only ordered version, clears hint, keeps SQL history authoritative (209.187667ms)
✔ lost next-cart response retries identical key/body and preserves a newer cart (11.085708ms)
✔ continuation never overwrites an already advanced cart (0.468792ms)
✔ unknown checkout blocks continuation without any business request (10.409792ms)
✔ two queued continuation clicks mutate once; stale order ID cannot clear another order (13.29975ms)
✔ CAS conflict resolves only after a newer cart is read (55.905291ms)
✔ locator removal failure retains next-cart journal and recovery survives missing locator (16.701792ms)
✔ order history summary rejects PII/unknown fields and malformed scope IDs (3.072583ms)
✔ native address validation mirrors printable Unicode, limits and phone; journal forbids PII (93.442584ms)
✔ address lost reply replays exact in-memory intent, then confirms current head (7.241667ms)
✔ address reload requires explicit new intent and exact observed CAS; stale head never auto-bumps (0.647875ms)
✔ old address receipt cannot confirm another tab's newer current head (0.172875ms)
✔ a late address CAS winner requires another explicit confirmation, not an automatic version bump (28.691083ms)
✔ checkout lost reply, queued duplicate and current GET reuse one key and one order (3.074917ms)
✔ uncertain checkout retains original journal across later 401/403/404/5xx and malformed success (4.948834ms)
✔ only a fresh definitive denial clears checkout; no order locator is invented (1.159375ms)
✔ locator storage failure after commit retains same key; reload GET failure keeps locator (3.373625ms)
✔ locator persisted but journal removal failed resumes pending receipt, not unrelated pointer (2.149167ms)
✔ unavailable storage, invalid locator and late changed context fail closed (0.504833ms)
✔ order locator readback mismatch and no-op journal removal both retain checkout recovery (2.512083ms)
✔ direct claim continuation refuses a newer ordered cart inside the purchase lock (1.808459ms)
✔ direct claim continuation keeps next-cart recovery after a conflicting clear (1.015208ms)
✔ collector projection: admitted for derived connections, absent/null for primary (1.326791ms)
✔ collector rejects identifiers, extra keys and malformed text (0.298208ms)
✔ disclosure renders the contract §5 line with all three slots substituted (0.106125ms)
✔ the disclosure line exists exactly when the hosted view returns a collector (0.079583ms)
✔ a shop or collector name with a replacement pattern is shown literally (0.048792ms)
✔ OrderPayment renders the disclosure with the view, above every pay button, through the helper only (6.495542ms)
✔ BPT03 exact valid projection and Go nanosecond UTC timestamps (7.96675ms)
✔ BPT03 view rejects private fields, inconsistent state and malformed names (0.557625ms)
✔ BPT03 prepared receipt enforces exact original credit-card amount (55.870541ms)
✔ BPT03 hosted form and replay are exact, bounded and action-allowlisted (0.684625ms)
✔ SU01 Stripe views: fresh, both methods, attempt states, PAYUNi unchanged (0.922708ms)
✔ SU01 Stripe view negatives (0.858583ms)
✔ SU01 prepared amounts follow the corrected per-currency table (0.506667ms)
✔ SU01 Stripe handoff union and every redirect_url negative (2.884792ms)
✔ SU01 payment signal is exactly {order_id, scheduled:boolean} (0.242708ms)
✔ RUI01 refund summary: refunded states, pending money, absent ≡ null (0.191083ms)
✔ RUI01 refund summary negatives (0.189541ms)
✔ BPU03 neutral GET and POST return ignore every callback field and cookie (275.335083ms)
✔ primary origin: exact path/query, same host, and no URL-controlled destination (10.540792ms)
✔ GET and HEAD use trusted Host, private bounded uncached resolver and exact 301 (29.13375ms)
✔ no writes redirected; resolution failures fail closed; unknown hosts keep native 404 (0.764875ms)
✔ policy version is the frozen constant, in the customers-core D4 shape (0.803209ms)
✔ route table: exactly the four buyer privacy routes, methods and body kinds (0.825042ms)
✔ body shapes are closed and mirror the frozen Go inputs (no source, no policy_version) (0.122416ms)
✔ GET privacy validator: closed shape, erased owner holds no consent (0.135792ms)
✔ consent result and erasure summary validators (0.463084ms)
✔ buyer export envelope never carries customer_id (116.116625ms)
✔ failure classification: 410 and erased are the erased state (20.875ms)
✔ copy: every locale has the same keys, the ads box discloses that sent events cannot be recalled (0.956875ms)
✔ selected option photo uses a main display slot without adding a fifth main image (2.502833ms)
✔ use-cover selection and a main-thumbnail selection restore the original main gallery (0.699583ms)
✔ cart thumbnail uses variant then catalog image_id, including when main images are absent (0.503083ms)
✔ migrated four-main/five-detail images stay separate when the option photo changes (43.279542ms)
✔ real cart-detail composition uses server SKU image_id (v2 detail available) (401.887917ms)
✔ real cart-detail composition uses server SKU image_id (v2 detail unavailable) (7.264958ms)
✔ parity: frontend caps equal the Go constants (0.815167ms)
✔ detail parser: 4 main + 20 detail + option-value images are accepted and mapped (2.351ms)
✔ detail parser: 5 main, 21 detail, bad ids and over-cap option images are refused (0.684917ms)
✔ detail parser: a backend before product-media-v2 (no new keys) still parses with empty defaults (0.127541ms)
✔ v1 catalog row: images are main-only (<= 4) and image_id is a uuid or null (0.282958ms)
✔ PRO-S1 code mirror: any case and spaces normalise; impossible codes never become a request (3.055083ms)
✔ PRO-S2 promotion object: closed keys, kind/value pairing (0.234542ms)
✔ PRO-S3 quote validator: promotion is optional but never malformed; the discount stays the server's own number (1.915834ms)
✔ PRO-S4 journal grammar: a quote write may carry one canonical promo_code, nothing else (1.041083ms)
✔ PRO-S5 copy: three locales cover every refusal code and the same keys (1.186083ms)
✔ PRO-S6 BFF quote route: promo_code relayed untouched when canonical, refused before the private API otherwise (671.349917ms)
✔ PRO-S7 BFF: every promo_* refusal is a definite, non-retryable 422 with its own code (11.959833ms)
✔ demonstration disclosure is explicit and local-only (12.176875ms)
✔ cart selection preserves unrelated SKUs and the observed CAS version (36.67675ms)
✔ minor amounts are bounded before multiplication, including zero (0.140667ms)
✔ delivery identity includes country for one market and method (0.090375ms)
✔ journal is bound to context and rejects PII/unknown fields (0.268542ms)
✔ lost response replays exact key/body, then clears only after parsed receipt (45.420917ms)
✔ RUI02 buyer order admits MERCHANT_SHIPPED only with a SHIPPED head; absent shipment ≡ null (0.550458ms)
✔ RUI02 shipment shape negatives (incl. unsafe links) (135.200333ms)
✔ RUI02 history summary admits MERCHANT_SHIPPED (a shipped order must not break the list) (1.054167ms)
✔ CVSP01 options: CVS rows carry pickup_selection/payment_modes; unavailable rows are a separate shape (1.447583ms)
✔ CVSP02 CVS destination write: TW only, pickup_id required, empty home address; home unchanged (2.588875ms)
✔ CVSP03 checkoutInput: payment_mode only for CVS rows and only a mode the row offers (0.388166ms)
✔ COD confirmation includes expected fee, enforces collect cap and validates immutable order money (0.28475ms)
✔ CVSP04 buyer order: pay_at_pickup <=> collection_state; cvs_shipment only on a matching CVS destination (0.20475ms)
✔ CVSP05 journal accepts a CVS destination marker and a checkout body with payment_mode, nothing else (0.172709ms)
✔ validProduct accepts up to the Go photo cap and rejects one more (119.243333ms)
✔ design: garbage and hostile documents collapse to the safe default shape (4.317375ms)
✔ design: links, preview token propagation, nav resolution (0.146083ms)
✔ design: any merchant accent yields readable button text and link colour (WCAG AA) (0.278167ms)
✔ variants: resolution, disabled out-of-stock combinations, initial choice, price bounds (0.153625ms)
✔ catalog-v2 parsers accept the frozen shapes and refuse drift (2.4875ms)
✔ free-delivery progress words the hint only when a threshold exists (0.099834ms)
✔ list query: only whitelisted, canonical values survive (0.280875ms)
✔ seo: JSON-LD cannot break out of its script tag; offers reflect stock and price range (287.869625ms)
✔ seo: sitemap escapes and carries hreflang; robots refuses everything for a closed host (0.40325ms)
✔ money: whole amounts drop cents, minor digits come from the currency, filters round-trip (0.53775ms)
✔ cart line write: replaces one line, keeps the others, 0 removes, CAS version is the one shown (0.851417ms)
✔ cart problems map to buyer-facing classes without leaking transport detail (0.092875ms)
✔ checkout options accept the optional free-shipping threshold only as a positive integer or null (0.188ms)
✔ no-image placeholder copy: exactly the locale label a photo-less card or gallery renders (0.049333ms)
✔ storefront image caps equal the Go catalog caps (internal/catalog MaxMainImages, MaxDetailImages) (31.153542ms)
✔ design text limits count code points like Go, never splitting a surrogate pair (7.637167ms)
✔ G3: same-series cards exclude the current product and never invent absent draft/foreign products (0.746791ms)
✔ G5: safety guidance exists in three languages without changing the five merchant policy approval boundaries (18.651458ms)
✔ G4: category chips omit empty collections; hidden collections absent from the public API stay absent (0.320208ms)
✔ OrderHistory renders server order instant in Taipei (13.536959ms)
✔ ClaimLink renders claim expiry in Taipei (2.798083ms)
✔ BankTransfer renders deadline and proof instant in Taipei (6.2065ms)
✔ BankTransfer proof echo labels store time in en (5.682417ms)
✔ BankTransfer proof echo labels store time in zh-TW (159.063667ms)
✔ BankTransfer proof echo labels store time in zh-CN (267.198334ms)
✔ ShopFooter uses Taipei year across UTC year boundary (17.213541ms)
✔ dictionaries have exact parity and non-empty values (0.797917ms)
✔ locale precedence and language quality mapping (2.000125ms)
✔ localized paths preserve deep links and reject dangerous input (0.452541ms)
✔ path locale only matches a canonical first segment (0.058125ms)
✔ the four constructs render (2.273084ms)
✔ XSS payloads stay inert text (3.666208ms)
✔ fuzz: any string over a hostile alphabet renders only whitelisted tags (53.086416ms)
✔ validator mirrors the Go rules (0.888291ms)
✔ SDN1 allowlist: exactly the contract routes, per method (0.570708ms)
✔ SDN1 allowlist: traversal, case, suffix and prefix tricks never match (0.269875ms)
✔ SDN1 request shape: no query string anywhere, reads carry no body, key, length or transfer-encoding (717.734375ms)
✔ SDN1 cap: 260 KiB = Go's 256 KiB document + 4 KiB envelope, and a body of exactly the cap is still below it (0.091125ms)
✔ SDN2 renderer: every XSS payload comes out as whitelisted tags and escaped text only (4.076875ms)
✔ SDN2 renderer: escape-first means the merchant's text never becomes markup (0.255584ms)
✔ SDN2 renderer: fuzz (seeded) never produces a tag outside the whitelist (128.180875ms)
✔ SDN2 client validator rejects what the server rejects (HTML, non-https links, `<` anywhere) (3.177625ms)
✔ cleanForSave turns cleared fields into null but keeps an empty body (0.969084ms)
✔ localIssues names each missing mandatory value by server path (46.49025ms)
✔ moved swaps neighbours and ignores out-of-range moves (111.696667ms)
✔ parsers accept the exact Go shapes and refuse extra or missing keys (49.538916ms)
✔ BFF allowlist covers exactly the design resources (0.450875ms)
✔ validDesignRequest refuses queries and bodies on reads, ignores other paths (187.272916ms)
✔ designDetails forwards only a bounded {path, reason} pair (1.237ms)
✔ accepts exactly the three locale invite paths with a 20-200 char token (0.592917ms)
✔ rejects anything that is not an exact same-origin relative invite path (30.177625ms)
✔ rejects percent-encoded variants of the exact shape (24.973958ms)
✔ the token is an opaque invite token shape, never a URL (0.125584ms)
✔ fragment carrier: round-trips the exact invite path, is never a query string, and rejects hostile fragments (24.349667ms)
✔ dashboard: accepts the frozen shape, rejects drift (136.65025ms)
✔ import result: strict keys, closed error codes, committed never carries errors (6.06075ms)
✔ csv file guard mirrors the Go bounds (0.152541ms)
✔ manual options: a COD home row parses with its offer (D01: the page used to refuse the whole list) (56.82375ms)
✔ manual options: only bank_transfer / pay_at_pickup / cash_on_delivery, key must equal market|country|code (4.030083ms)
✔ manual result: link is https with the order id and a 43-char capability in the fragment only (1.256208ms)
✔ draft: first problem, and the body has no price-like field at all (1.096125ms)
✔ BFF grammar: exactly the seven tools resources (0.1145ms)
✔ regenerate body/result: exactly {order_id, locale} and a fresh https link naming that order (0.200375ms)
✔ copy parity: every locale has every key, import rules and error codes (0.479333ms)
✔ callback redirect target is always a same-origin /<locale>/settings path whatever the cookies, store, code or error say (8.817ms)
✔ the binding cookie: exactly one canonical store uuid, path-scoped to the callback, HttpOnly, Lax, 10 minutes, Secure (0.209ms)
✔ callback query: exactly one code and one state within charset/length bounds; Meta's error=… and repeats are not forwarded (0.670667ms)
✔ the dialog URL the BFF hands the browser is https://www.facebook.com only (0.146417ms)
✔ callback error mapping only ever yields fixed codes, never an upstream message (0.128708ms)
✔ selected Page qualifies only a bare Facebook id, never rewrites another Page or external URL (0.760041ms)
✔ status: not connected, connected with and without Instagram, and every deviation throws (50.382875ms)
✔ pick state: closed shape, optional Instagram keys come as a pair, id must match (5.497334ms)
✔ route grammar: only status/states/pick/disconnect; start and callback are dedicated routes; no query; reads carry no body or key (238.170542ms)
✔ connect cookie, body and callback redirect never carry code/state and only fixed codes (0.313375ms)
✔ copy: three locales have the same keys and every Go error code has a message (0.099333ms)
✔ review-required remains restricted; evidence does not promote state (3.035208ms)
✔ legacy omission remains unidentified, independent of array order (0.574416ms)
✔ closed shapes reject unknown state/provider/evidence, leaked fields and inconsistent severity (0.757542ms)
✔ duplicate capabilities/pages and unbounded arrays cannot become trusted state (0.42675ms)
✔ worst Page determines advice, no raw upstream reason reaches copy (0.435417ms)
✔ recheck receipt means scheduled; timestamps and closed keys are checked (1.503083ms)
✔ exact keyless route grammar rejects query/key/body confusion (50.060792ms)
✔ recheck takes exactly page_id and no caller-provided scope (0.345541ms)
✔ blocking advice comes from the blocking capability, not a secondary public-reply warning (0.148167ms)
✔ clean health browser mode prepares admin standalone before starting its fixture (33.995334ms)
✔ en: expired connection retains its full refusal inside a wrapping badge (141.611167ms)
✔ zh-TW: expired connection retains its full refusal inside a wrapping badge (2.675083ms)
✔ zh-CN: expired connection retains its full refusal inside a wrapping badge (0.652291ms)
✔ actual B1 snapshot state remains ok even when a fixture expected review_required (0.094208ms)
✔ D02 TWD input: whole dollars only, x100 on the wire (21.611791ms)
✔ D02 TWD edit text: whole dollars have no decimals; a legacy amount with cents is never shown as another price (0.964541ms)
✔ D02 display: NT$ without decimals in every language, cents only when there are cents (8.77375ms)
✔ D02 live-price input (Studio claims): TWD whole dollars, other currencies their decimals (0.290333ms)
✔ D02 discount code amounts: TWD whole dollars, a decimal is refused before it is sent (0.306917ms)
✔ D02 no admin copy or component says 'minor units' to the merchant (53.875583ms)
✔ M06 time: Asia/Taipei everywhere, labelled, never UTC (290.01725ms)
✔ settings answer: exactly one boolean key (2.221166ms)
✔ PUT body is the frozen single key (0.259459ms)
✔ BFF grammar: GET read, PUT keyed command, nothing else (0.5535ms)
✔ copy: three locales, same keys, no empty text (0.984208ms)
✔ PRM01 parse: exact keys, kind/value pairing and ranges; duplicates and unknown keys are refused (2.512375ms)
✔ PRM02 Taipei wall time: +08:00 on the wire, instant shown back in Taipei, impossible dates refused (23.447334ms)
✔ PRM03 create body: normalised code, major units to minor units, optional fields null, whole body validated (8.162208ms)
✔ PRM04 update + toggle: version CAS key, form round trip, pause keeps every other field (2.358292ms)
✔ PRM05 BFF grammar: exactly list, create and update; nothing generic (0.675875ms)
✔ PRM06 copy: three locales carry the same keys and every refusal code the Go routes can answer (0.218833ms)
✔ G-UI3/G-UI5 architecture constraints pass with shrinking legacy exceptions (5687.570084ms)
✔ G-UI3/G-UI5 negatives: new formatter, component fetch, >800 lines and wider allowance fail (2.359917ms)
✔ Readiness jump controls expose the actual active section, not a click flag (0.663292ms)
✔ Integrator P2: legal CN comment ordering and a distinct three-image recommendation (0.160417ms)
✔ ADM04 and ADM06 explain unavailable SKUs and keep collection vocabulary consistent (0.225667ms)
✔ ADM06 create/detail titles share the route vocabulary without adding a phantom Next page (0.312083ms)
✔ G-UI1 Next pages and route registry are bidirectional, unique, typed, documented (1.356417ms)
✔ G-UI1 copy key parity: no missing or extra key in any locale (0.082167ms)
✔ G-UI2 staff without catalog:read cannot see products/inventory or open a product URL (0.12975ms)
✔ G-UI2 every route permission is a permission Go knows, and /orders/new needs inventory:reserve (148.484292ms)
✔ G-UI1 dynamic and public routes match, details never appear as navigation (0.984417ms)
✔ W6-U2 ledger is a settings in-page route, preserving existing navigation (0.355542ms)
✔ Every browser spec clicks nav-orders: the orders group stays a singleton, so returns/new/print routes are nav: false (3.518042ms)
✔ created address is a strict HTTPS origin matching the assigned handle (116.537709ms)
✔ DNS instructions must name the requested origin and a bare hostname target (29.670459ms)
✔ domain kind is authoritative and closed, not inferred from host or token (44.873ms)
✔ apex DNS retains every concrete IPv4/IPv6 address and rejects malformed values (16.786791ms)
✔ pending domain journal preserves exact action/key/target; legacy or corrupt markers never replay (3.6145ms)
✔ browser-origin gate: every refusal happens before Go is called, for every action (820.813333ms)
✔ only POST exists on the team routes (607.422584ms)
✔ unknown action is a local 404 and never reaches Go (16.989334ms)
✔ strict request grammar: wrong keys, types, ids, roles, locales and token shapes are 422 locally (255.649375ms)
✔ what reaches Go: BFF key, bearer from the cookie, no Cookie/Origin, body unchanged, exactly one call per request (543.815875ms)
✔ Go failures are rebuilt locally from allow-listed codes, never retried, and never echo the token (524.555375ms)
✔ team answer: accepts the frozen shape, null role and OIDC member without email (1.84575ms)
✔ team answer: unknown key, unknown role, bad id, bad mail state are rejected (129.65425ms)
✔ invite and accept answers are strict (10.08325ms)
✔ request grammar: every action has an exact key set and rejects junk values (0.309292ms)
✔ copy: three locales carry the same keys and a label for every role (0.422ms)
✔ role-aware navigation: hides entries the member's permissions cannot use; unknown shows all; Team is owner-only (0.2355ms)
✔ P02 settlements directory rejects missing/link/owner/group/mode with a valid control (2899.695083ms)
✔ preflight health permission grammars and API/worker consistency fail closed (9279.787792ms)
✔ merchant alert flag is explicit 0|1 and independently requires SMTP (5005.177875ms)
✔ shared loader makes API/worker LIVE pair file-only before Compose interpolation (1045.507291ms)
✔ export bind accepts omitted JSON false but rejects unsafe source/config mutations (2.570834ms)
✔ sanctioned operator allowlist and fail-closed gates (fake docker, no network) (4789.988833ms)
✔ platform operator custody, export mount and binary are wired (225.418583ms)
✔ actual export bind refuses a missing directory; enabling auto-create is detected (623.746ms)
✔ R3 preflight rejects cancelled PAYUNi, validates Page app and keeps LIVE pair mandatory (1334.948ms)
✔ R3 smoke exercises exact denied probes, accepts 404 only for disabled mounts (106.169375ms)
✔ positive control: a complete, valid configuration raises no META_LOGIN finding (4094.265083ms)
✔ feature off (COMMERCE_META_LOGIN_CONFIG_ID empty): no rule applies even with the other keys empty (1702.023667ms)
✔ P06: the Page route needs the webhook receiver (980.137083ms)
✔ P06: sessions come from identity (1052.073416ms)
✔ P06: without the claims profile nobody sends the private replies (a WARN, not a FAIL) (931.568417ms)
✔ P08: COMMERCE_META_LOGIN_CONFIG_ID must be numeric ("abc") (993.708125ms)
✔ P08: COMMERCE_META_LOGIN_CONFIG_ID must be numeric ("12 34") (732.175083ms)
✔ P08: COMMERCE_META_LOGIN_CONFIG_ID must be numeric ("111111111111") (790.451584ms)
✔ P08: COMMERCE_META_LOGIN_CONFIG_ID must be numeric ("0x10") (893.921708ms)
✔ P08: COMMERCE_META_LOGIN_CONFIG_ID must be numeric ("-1") (697.492875ms)
✔ P08: COMMERCE_META_LOGIN_REDIRECT_URI must be exactly https://<LC_ADMIN_HOST>/api/meta/callback (wrong host) (588.501459ms)
✔ P08: COMMERCE_META_LOGIN_REDIRECT_URI must be exactly https://<LC_ADMIN_HOST>/api/meta/callback (http scheme) (703.092375ms)
✔ P08: COMMERCE_META_LOGIN_REDIRECT_URI must be exactly https://<LC_ADMIN_HOST>/api/meta/callback (the ads callback path) (492.069083ms)
✔ P08: COMMERCE_META_LOGIN_REDIRECT_URI must be exactly https://<LC_ADMIN_HOST>/api/meta/callback (trailing slash) (882.094583ms)
✔ P08: COMMERCE_META_LOGIN_REDIRECT_URI must be exactly https://<LC_ADMIN_HOST>/api/meta/callback (query string) (741.959834ms)
✔ P08: COMMERCE_META_LOGIN_REDIRECT_URI must be exactly https://<LC_ADMIN_HOST>/api/meta/callback (empty) (439.658625ms)
✔ P08: COMMERCE_META_LOGIN_GRAPH_VERSION grammar vNN.N ("26.0") (476.282125ms)
✔ P08: COMMERCE_META_LOGIN_GRAPH_VERSION grammar vNN.N ("v26") (559.553041ms)
✔ P08: COMMERCE_META_LOGIN_GRAPH_VERSION grammar vNN.N ("v26.0.1") (1105.178209ms)
✔ P08: COMMERCE_META_LOGIN_GRAPH_VERSION grammar vNN.N ("latest") (402.266375ms)
✔ P08: COMMERCE_META_LOGIN_GRAPH_VERSION grammar vNN.N ("") (527.442292ms)
✔ P08: COMMERCE_META_LOGIN_GRAPH_VERSION grammar vNN.N ("v1000.0") (782.904833ms)
✔ P08: COMMERCE_META_LOGIN_GRAPH_VERSION accepts v26.0 (468.948417ms)
✔ P08: COMMERCE_META_LOGIN_GRAPH_VERSION accepts v22.0 (268.609542ms)
✔ P08: COMMERCE_META_LOGIN_GRAPH_VERSION accepts v99.9 (299.14775ms)
✔ production without any alert channel is a FAIL (nobody would hear the next outage) (3803.024334ms)
✔ outside production the same gap is only a WARN (1377.691541ms)
✔ a webhook alone satisfies the rule (1229.48775ms)
✔ an e-mail target with a complete relay (host, username, secret) satisfies the rule (1172.437667ms)
✔ an e-mail target without the relay secret cannot be sent: FAIL in production, WARN elsewhere (1903.606875ms)
✔ the example's CHANGE_ME_SENDER placeholder is not a relay: the e-mail target cannot be sent (667.428291ms)
✔ LC_ALERT_EMAIL must be one plain address ("not-an-address") (798.944959ms)
✔ LC_ALERT_EMAIL must be one plain address ("two@fake.invalid,three@fake.invalid") (923.331666ms)
✔ LC_ALERT_EMAIL must be one plain address ("a b@fake.invalid") (673.577ms)
✔ LC_ALERT_EMAIL must be one plain address ("<owner@fake.invalid>") (566.655083ms)
✔ LC_ALERT_EMAIL must be one plain address ("owner@fake") (746.329625ms)
✔ storefront cart-line removal is reversible: clicked for real, not guarded (14.43875ms)
✔ destructive / irreversible / sign-out classification (owner list, en + zh) (2.449875ms)
✔ alike controls (rows with ids / numbers) share one class key (2.640166ms)
✔ known defects classify, never silence: stale entries are reported (1.548958ms)
✔ the markdown ledger has one row per interaction and names the verdict (0.471667ms)
✔ protocolHrefOK accepts well-formed tel:/mailto: and rejects malformed ones (0.741709ms)
✔ J1 waits for enabled media and clicks a real chooser; the uploaded cover is bound to the main section (3912.471458ms)
✔ J1 cannot credit a detail-image receipt as the main cover (1.275541ms)
✔ J1 refuses a failed cover upload rather than continuing to activate (4.565542ms)
✔ thresholds are the named constants of the brief (101.237208ms)
✔ R1: document wider than the viewport, and the outermost element past the edge (90.165292ms)
✔ R2: label tops, control tops and control heights of one visual row (99.780542ms)
✔ R2: what is one row and what is not (46.63375ms)
✔ R2: a button beside a field has to line up with its control (15.106958ms)
✔ R3: a row made tall by stacked controls, a control wider than its cell (35.363458ms)
✔ R3: a matrix whose EVERY row is doubled by a stacked stock cell (the median cannot see it) (24.518667ms)
✔ R4: small text, helper text apart, icons and duplicates excepted (1.68025ms)
✔ R5: tap targets on the 390 viewport only (8.930041ms)
✔ R6: interactive elements and text boxes that overlap (1.749708ms)
✔ R7: text clipped inside a control or label (either side), and select values that do not fit (1.280042ms)
✔ R8: the same visible label twice in one list (0.415375ms)
✔ evaluate() tags severity, selectRecords() keeps distinct groups first and counts every instance (0.464042ms)
✔ R9: text and controls flush to the screen edge at 390 (10.483125ms)
✔ R6/R9 judge the visible (ancestor-clipped) rectangle, not the raw one (integrator ruling 2026-10-05) (0.474792ms)
✔ R10: a fixed or sticky bar covering main content after scrolling (1.847333ms)
✔ R11: controls narrower than a usable width (4.863ms)
ℹ tests 425
ℹ suites 0
ℹ pass 425
ℹ fail 0
ℹ cancelled 0
ℹ skipped 0
ℹ todo 0
ℹ duration_ms 30477.470416
✔ closed projections reject secret-shaped extras, invalid enums, IDs and contradictory capabilities (2.349334ms)
✔ detail accepts only bounded events and keeps actual server action flags (1.625583ms)
✔ BFF exact routes and request grammar forbid keys/body on reads, filters on detail and arbitrary writes (18.87175ms)
✔ copy parity, safe object navigation and UNKNOWN/protective reasons (0.205375ms)
✔ read-only store capability never exposes a command even if the state allows one (0.075167ms)
✔ duplicate escaped keys cannot bypass the exact command grammar (0.049125ms)
✔ query backoff affects only its operation and expires without another action (0.051833ms)
✔ merchant reason text translates ledger events and conceals unknown or prototype codes (0.109417ms)
✔ ledger read navigation requires effective integration:read permission regardless of role (0.080083ms)
ℹ tests 9
ℹ suites 0
ℹ pass 9
ℹ fail 0
ℹ cancelled 0
ℹ skipped 0
ℹ todo 0
ℹ duration_ms 135.866791
✔ OrderHistory renders server order instant in Taipei (19.220875ms)
✔ ClaimLink renders claim expiry in Taipei (3.268584ms)
✔ BankTransfer renders deadline and proof instant in Taipei (2.079041ms)
✔ BankTransfer proof echo labels store time in en (1.670458ms)
✔ BankTransfer proof echo labels store time in zh-TW (1.916ms)
✔ BankTransfer proof echo labels store time in zh-CN (2.137375ms)
✔ ShopFooter uses Taipei year across UTC year boundary (3.629708ms)
✔ Meta rejection wording is preserved as bounded Unicode text, never translated (1.804167ms)
✔ frozen error codes: model list equals the frozen list, each is read from both error shapes (0.677959ms)
✔ copy: every code, status, op state and connect error has text in all three locales (0.29225ms)
✔ copy never calls a budget a hard stop and never offers resume (0.406917ms)
✔ draft: every §5.1 status parses; unknown status/template/op state is an error, never guessed (0.7675ms)
✔ draft: optional fields, remote ids and the Ads Manager link (0.242833ms)
✔ action hints: pause whenever a remote id exists and not ENDED; a paused draft is only ever copied (X7) (0.359209ms)
✔ money: whole units to minor with integer math; TWD must be whole (24.437667ms)
✔ Taipei schedule: wall inputs and draft projections ignore the viewer zone (4.799ms)
✔ Taipei schedule: invalid calendar days are rejected and all copy names UTC+8 (0.397417ms)
✔ draft input: exact 11-key body and every local rule (3.515334ms)
✔ draft form round trip and X7 copy (blank schedule, no id, no revision) (0.268833ms)
✔ settings parser: environment enum, connections, identities, capi (0.477875ms)
✔ connect state parser: pick list kinds and id match (0.130291ms)
✔ report: three separate blocks, orders may be null, no combined figure (0.285834ms)
✔ default report window is the Asia/Taipei store day whatever the viewer's zone is (Taipei midnight boundary) (3.119708ms)
✔ capi body and validation (0.146333ms)
✔ W6-06B unbind response: exact keys, account, UUIDs and outcome semantics (0.216042ms)
✔ W6-06B in-flight details preserve bounded items and total, reject unknown shapes (0.186125ms)
✔ W6-06B catalog feed has exact public URL/domain pairs or published-store empty (0.442833ms)
✔ W6-06B copy preserves unbind boundaries and feed recovery in three locales (0.061542ms)
✔ W6-06B feed selection follows origin order, not full feed URL order (0.149833ms)
✔ customer list accepts the frozen row and rejects unknown keys, dup ids, bad cursor, oversize (3.7115ms)
✔ customer row invariants: nulls for bundle-only/erased, counts, money, consents (0.415334ms)
✔ customer detail: bounded lists, order summaries reuse the orders parser, id must match (7.455083ms)
✔ erasure summary is four counts only (0.110542ms)
✔ finance summary: net = captured - refunded (I05), totals carry an empty day, sandbox flag (0.408167ms)
✔ financeDay is the UTC+8 day (0.099583ms)
✔ finance defaults keep Taipei dates across midnight, leap day and year end (0.108166ms)
✔ tags and notes are parsed strictly (W6-01B) (1.319209ms)
✔ TSX seam refuses an unlisted import (3.572041ms)
✔ Ads merchant timestamp uses Taipei at the year boundary (13.035625ms)
✔ Design version published_at cell uses Taipei at the year boundary (2.890125ms)
✔ ManualOrder bank-transfer expiry uses Taipei at the year boundary (3.14ms)
ℹ tests 41
ℹ suites 0
ℹ pass 41
ℹ fail 0
ℹ cancelled 0
ℹ skipped 0
ℹ todo 0
ℹ duration_ms 182.731833
✔ OrderHistory renders server order instant in Taipei (7.556917ms)
✔ ClaimLink renders claim expiry in Taipei (3.054916ms)
✔ BankTransfer renders deadline and proof instant in Taipei (2.211ms)
✔ BankTransfer proof echo labels store time in en (1.78675ms)
✔ BankTransfer proof echo labels store time in zh-TW (1.807875ms)
✔ BankTransfer proof echo labels store time in zh-CN (1.891042ms)
✔ ShopFooter uses Taipei year across UTC year boundary (1.946125ms)
✔ Meta rejection wording is preserved as bounded Unicode text, never translated (1.18ms)
✔ frozen error codes: model list equals the frozen list, each is read from both error shapes (0.450917ms)
✔ copy: every code, status, op state and connect error has text in all three locales (0.6085ms)
✔ copy never calls a budget a hard stop and never offers resume (0.490833ms)
✔ draft: every §5.1 status parses; unknown status/template/op state is an error, never guessed (0.388583ms)
✔ draft: optional fields, remote ids and the Ads Manager link (0.733792ms)
✔ action hints: pause whenever a remote id exists and not ENDED; a paused draft is only ever copied (X7) (0.368708ms)
✔ money: whole units to minor with integer math; TWD must be whole (11.399334ms)
✔ Taipei schedule: wall inputs and draft projections ignore the viewer zone (3.690042ms)
✔ Taipei schedule: invalid calendar days are rejected and all copy names UTC+8 (0.374542ms)
✔ draft input: exact 11-key body and every local rule (4.432917ms)
✔ draft form round trip and X7 copy (blank schedule, no id, no revision) (0.237959ms)
✔ settings parser: environment enum, connections, identities, capi (0.381292ms)
✔ connect state parser: pick list kinds and id match (0.115416ms)
✔ report: three separate blocks, orders may be null, no combined figure (0.255ms)
✔ default report window is the Asia/Taipei store day whatever the viewer's zone is (Taipei midnight boundary) (2.223334ms)
✔ capi body and validation (0.149833ms)
✔ W6-06B unbind response: exact keys, account, UUIDs and outcome semantics (0.205708ms)
✔ W6-06B in-flight details preserve bounded items and total, reject unknown shapes (0.197833ms)
✔ W6-06B catalog feed has exact public URL/domain pairs or published-store empty (0.205292ms)
✔ W6-06B copy preserves unbind boundaries and feed recovery in three locales (0.353666ms)
✔ W6-06B feed selection follows origin order, not full feed URL order (0.070083ms)
✔ customer list accepts the frozen row and rejects unknown keys, dup ids, bad cursor, oversize (2.497667ms)
✔ customer row invariants: nulls for bundle-only/erased, counts, money, consents (0.232125ms)
✔ customer detail: bounded lists, order summaries reuse the orders parser, id must match (1.522208ms)
✔ erasure summary is four counts only (0.086ms)
✔ finance summary: net = captured - refunded (I05), totals carry an empty day, sandbox flag (0.298167ms)
✔ financeDay is the UTC+8 day (0.067458ms)
✔ finance defaults keep Taipei dates across midnight, leap day and year end (0.079458ms)
✔ tags and notes are parsed strictly (W6-01B) (0.635375ms)
✔ TSX seam refuses an unlisted import (4.295792ms)
✔ Ads merchant timestamp uses Taipei at the year boundary (16.742ms)
✔ Design version published_at cell uses Taipei at the year boundary (9.153291ms)
✔ ManualOrder bank-transfer expiry uses Taipei at the year boundary (5.198084ms)
ℹ tests 41
ℹ suites 0
ℹ pass 41
ℹ fail 0
ℹ cancelled 0
ℹ skipped 0
ℹ todo 0
ℹ duration_ms 137.73075
✔ legacy display sentinels preserve a list row without admitting arbitrary or private data (1.831125ms)
✔ orders-v2 accepts bounded filters and Taipei inclusive dates; rejects ambiguity (0.923375ms)
✔ orders-v2 rejects client count approximations, unbounded or extra response data (0.16175ms)
✔ all three locales label every task queue, payment and delivery mode (0.3185ms)
ℹ tests 4
ℹ suites 0
ℹ pass 4
ℹ fail 0
ℹ cancelled 0
ℹ skipped 0
ℹ todo 0
ℹ duration_ms 80.273333
✔ numeric store IDs have no suggestion BFF or browser client (1.435583ms)
ℹ tests 1
ℹ suites 0
ℹ pass 1
ℹ fail 0
ℹ cancelled 0
ℹ skipped 0
ℹ todo 0
ℹ duration_ms 73.809917
✔ ADM10 operator sentence is localized while product and company facts stay authoritative (0.4445ms)
✔ PS review: actual Host matching normalizes case, port and a terminal DNS dot, never forwarded authority (0.236125ms)
✔ PS review: privacy/terms retain Messenger and Instagram purpose disclosure; deletion uses exact UI labels (0.0985ms)
✔ P2-N1 zh-TW/privacy: current comments and private reply, conditional inbound messages (0.07275ms)
✔ P2-N1 zh-TW/terms: current comments and private reply, conditional inbound messages (0.039291ms)
✔ P2-N1 zh-CN/privacy: current comments and private reply, conditional inbound messages (0.031166ms)
✔ P2-N1 zh-CN/terms: current comments and private reply, conditional inbound messages (0.046541ms)
✔ P2-N1 en/privacy: current comments and private reply, conditional inbound messages (0.037458ms)
✔ P2-N1 en/terms: current comments and private reply, conditional inbound messages (0.043292ms)
✔ PS1 legal identity is one untranslated source (0.08125ms)
✔ PS1 contact and hosts come only from configuration; production fails closed (0.355917ms)
✔ PS2 public routes default to zh-TW, restrict page/locale, and never include admin (0.391167ms)
✔ PS4 optional Meta verification value never has a fake default (0.045958ms)
✔ PS1 every locale uses the same product name in auth page titles (0.039042ms)
✔ PS1 public page copy has three complete locales, no invented operator identity or contact (0.192542ms)
✔ PS1 production build validates config; public data is not bundled through NEXT_PUBLIC (0.867958ms)
✔ PS review: admin image installs the manifests for its workspace dependencies before building (0.365583ms)
ℹ tests 17
ℹ suites 0
ℹ pass 17
ℹ fail 0
ℹ cancelled 0
ℹ skipped 0
ℹ todo 0
ℹ duration_ms 88.483916
✔ R11 SQL's exact receipt states are accepted; missing/forged operation/state remains unknown (0.745459ms)
✔ R11 durable receipt journal validates phase against exact operation state (0.331416ms)
✔ R11 actual read control distinguishes replay/inflight/unknown/failure in en (4.170958ms)
✔ R11 actual read control distinguishes replay/inflight/unknown/failure in zh-TW (0.668708ms)
✔ R11 actual read control distinguishes replay/inflight/unknown/failure in zh-CN (0.446875ms)
✔ unknown journal retains exact key/boundary and is scoped to store+session; malformed state fails closed (0.142125ms)
✔ R12 read hook keeps network UNKNOWN on one key and explicitly refreshes acknowledged UNKNOWN (24.687166ms)
✔ actual POST transport uses CSRF and session fence; 403 independent of response text (23.462959ms)
✔ R10 ROAS has exactly two decimals in en (13.694167ms)
✔ R10 unknown ROAS is never fabricated as zero in en (0.096209ms)
✔ R10 ROAS has exactly two decimals in zh-TW (0.198042ms)
✔ R10 unknown ROAS is never fabricated as zero in zh-TW (0.050333ms)
✔ R10 ROAS has exactly two decimals in zh-CN (0.220625ms)
✔ R10 unknown ROAS is never fabricated as zero in zh-CN (0.0485ms)
✔ shared presentation preserves registry title and one empty buyer message in en (28.290541ms)
✔ R11 large linked-draft list is complete but collapsed in en (3.521916ms)
✔ shared presentation preserves registry title and one empty buyer message in zh-TW (5.594625ms)
✔ R11 large linked-draft list is complete but collapsed in zh-TW (2.808875ms)
✔ shared presentation preserves registry title and one empty buyer message in zh-CN (6.342958ms)
✔ R11 large linked-draft list is complete but collapsed in zh-CN (2.523125ms)
✔ R11 timeline distinguishes local unknown spend from explicit Meta zero in en (2.8915ms)
✔ R11 timeline distinguishes local unknown spend from explicit Meta zero in zh-TW (2.013125ms)
✔ R11 timeline distinguishes local unknown spend from explicit Meta zero in zh-CN (3.509083ms)
✔ R11 I12 nullable Meta evidence survives without becoming zero (0.373667ms)
✔ R11 actual panel rendering preserves unknowns and reconnect route in en (10.964459ms)
✔ R11 actual panel rendering preserves unknowns and reconnect route in zh-TW (11.538792ms)
✔ R11 actual panel rendering preserves unknowns and reconnect route in zh-CN (11.570041ms)
✔ D1, D6, R7: exact amounts and sources remain independent, account days stay labelled (0.348625ms)
✔ R12: null stays unknown and unread / unauthorised / insufficient remain different states (0.520917ms)
✔ R12 granted but unread audience offers a read, never reconnect in en (1.937333ms)
✔ R12 granted but unread audience offers a read, never reconnect in zh-TW (1.774792ms)
✔ R12 granted but unread audience offers a read, never reconnect in zh-CN (1.639417ms)
✔ I12 forged / missing frozen fields never silently become zeros (0.856084ms)
✔ only whitelisted aggregates survive: extra identifiers and HTML are never interpreted (0.060541ms)
✔ attribution is a read-only BFF resource with exact bounded query grammar (0.31925ms)
✔ audience-read is exactly the new local intention POST and never a data GET or queried write (0.236083ms)
✔ route fails closed without ads:read and is not a duplicate navigation entry; locale keys match (0.103ms)
ℹ tests 37
ℹ suites 0
ℹ pass 37
ℹ fail 0
ℹ cancelled 0
ℹ skipped 0
ℹ todo 0
ℹ duration_ms 452.635667
✔ card-payments copy: identical key sets in all three locales (0.835208ms)
✔ merchant terms are quoted verbatim (contract §5) in the enable dialog (0.106375ms)
✔ ruling-fixed strings: platform not OPEN and BLOCKED note (0.043833ms)
✔ error map covers every frozen refusal code from migrations/0137 (0.063084ms)
✔ no Stripe account id, key or approval id shape appears in any copy string (0.236416ms)
✔ storefront collector disclosure matches contract §5 templates in three languages (0.058583ms)
✔ the merchant terms in the dialog are the contract §5 sentence, extracted from the contract (0.307167ms)
✔ the storefront templates are the contract §5 lines, extracted from the contract (0.112583ms)
✔ settlement copy: deduction columns are labelled as deductions in every language, with a legend and the net formula (3.819958ms)
✔ there is no separate 'not on the allowlist' message: it reads as not open (review P1-2) (0.110417ms)
✔ card summary accepts the frozen shape incl. all-null platform NONE (1.885042ms)
✔ card summary rejects unknown keys, bad enums, bad money, bad version (0.374458ms)
✔ card result is exactly {state, version, max_minor, currency, descriptor_preview} (0.316542ms)
✔ descriptor suffix rule: charset, 2..10 chars, must contain a letter (0.2975ms)
✔ the suffix length rule is the charset rule's 10; the 22-character descriptor total stays the server's (SANDBOX L=10, LIVE PrefixLength) (0.120083ms)
✔ descriptor preview mirrors the contract projection (base + '* ' + suffix) (0.064959ms)
✔ settlement list accepts statements without payout/lines keys (omitempty) (0.419083ms)
✔ settlement detail carries lines whose count and sums match the totals (0.339ms)
✔ settlement parsers reject malformed reads (0.708042ms)
✔ fees, refunds and disputes are signed exactly as the ledger stores them (0.170292ms)
✔ a returned fee is a positive line fee; the detail's lines must add up to the statement totals (0.493833ms)
✔ closed_at/paid_at accept the offsets PostgreSQL emits as well as Z (0.106833ms)
✔ a payout reference shaped like a Stripe key or account id is never displayed (0.106625ms)
✔ platform not OPEN: 'not open yet' and no enable control, for every non-OPEN state; the platform badge still tells why (0.41925ms)
✔ allowlisted + OPEN: enable from NONE/DISABLED, disable from ENABLED (0.072292ms)
✔ not allowlisted on an OPEN platform reads exactly like not open: the same message, no 'platform open' badge, no enable (review P1-2) (0.074375ms)
✔ BLOCKED: the suspended note, disable only, never enable (whatever the platform says) (0.053125ms)
✔ without billing:manage nothing can be changed, but the state is still readable (0.039625ms)
✔ enable carries the platform's current terms, the suffix and the version read; NONE starts at 0 (0.057042ms)
✔ disable never sends a suffix and quotes the terms the store accepted (the platform's may have moved on) (0.043542ms)
✔ a retained suffix is recovered from the final preview so a re-enable can keep it (0.033833ms)
✔ the period label shows the last day inside the (exclusive-end) week (0.641833ms)
✔ payout state: paid, pending only when money is due, none when the week nets to zero or less (0.031917ms)
✔ card-payments and settlements are nav:false routes, so no group loses or gains a nav button (0.240042ms)
✔ settlements need billing:manage, the card page integration:read; the owner opens both (0.104708ms)
✔ statement cells: a dispute reversal and a returned fee read as credits (+) and every deduction as -, and the columns add up to the server's net (12.057875ms)
✔ the detail parser requires the lines of a statement that has lines; a quiet week (line_count 0) may omit them (0.121833ms)
✔ route table: exactly the four resources, nothing generic (2.401458ms)
✔ query grammar: card and settlement-detail are exact; settlements takes before/limit only (0.861834ms)
✔ request fence: keyless PUT (CAS), bodyless GETs, no transfer-encoding (15.641708ms)
✔ PUT body is the exact frozen shape {enabled, terms_version, descriptor_suffix, expected_version} (0.833334ms)
✔ the BFF route wires the card grammar: keyless CAS PUT, exact body, no-store, auth required (1.163708ms)
✔ the real card summary parses and drives the display state machine (7.69375ms)
✔ the real statement list parses: newest first, no lines, three payout states (6.428084ms)
✔ every real detail parses with its lines and the lines add up to the statement (4.598333ms)
✔ an empty ledger parses to no statements (0.643833ms)
✔ no account id, key or approval shape is in any real body (1.11625ms)
✔ the real statements display literally as signed contributions that add up to the server's net (13.821166ms)
ℹ tests 48
ℹ suites 0
ℹ pass 48
ℹ fail 0
ℹ cancelled 0
ℹ skipped 0
ℹ todo 0
ℹ duration_ms 148.265208
✔ option/slug/SKU caps equal internal/catalog (options.go, catalog.go) (28.324125ms)
✔ text caps equal the Go validators (name 120, description 8000, SEO 70/160, collection title 80) (3.186542ms)
✔ photo caps equal Go (MaxMainImages, MaxDetailImages, MaxImageBytes) and the SKU code pattern (8.256583ms)
✔ PE13 Cartesian matrix is local, preserves edits and deduplicates values (2.745625ms)
✔ PE13 bulk quantity skips negative rows without modifying them (0.170916ms)
✔ PE12 untracked document uses whole currency and per-order cap, never quantity (12.083083ms)
✔ PE14 missing readback is not guessed or silently cleared by full replacement (0.06925ms)
✔ bulk status accepts explicit per-item results, never empty or duplicated confirmations (0.730083ms)
✔ matrix refuses over 100 SKUs before expansion (0.11425ms)
✔ parity: admin caps equal the Go constants (1.851375ms)
✔ image list: 4 main + 20 detail + 2 sku in role order is accepted (0.318791ms)
✔ image list: 5 main, 21 detail, wrong role order, gaps and extra keys are refused (0.141417ms)
✔ single image: role is required and its position is bounded by the role cap (9.3465ms)
✔ option text limits count Go runes rather than UTF-16 units (0.547458ms)
✔ PE14 new edit SKU carries its own shipping and clears no existing fields (17.570542ms)
✔ PE14 patch changes only price and preserves unmentioned fields (0.229ms)
✔ PE14 on_hand is not available, zero target is transmitted, ambiguous warehouse refuses (0.299625ms)
✔ PE14 explicit clears and shipping remain per SKU on an active row (0.125541ms)
✔ PE14 archive supersedes every other edit on that SKU (b77eeb11) (0.139667ms)
✔ PE14 no-op has no command fields and changed axes explicitly archive omitted variants (0.097ms)
ℹ tests 20
ℹ suites 0
ℹ pass 20
ℹ fail 0
ℹ cancelled 0
ℹ skipped 0
ℹ todo 0
ℹ duration_ms 144.898083
(node:63683) ExperimentalWarning: Transform Types is an experimental feature and might change at any time
(Use `node --trace-warnings ...` to show where the warning was created)
✔ UNKNOWN retry client authorization loss requires reconciliation, not a fresh command (4.252459ms)
✔ UNKNOWN retry 401 authorization loss requires reconciliation, not a fresh command (12.551208ms)
✔ UNKNOWN retry 403 authorization loss requires reconciliation, not a fresh command (0.782125ms)
✔ a conclusive command rejection stays distinct from authorization loss (0.807542ms)
ℹ tests 4
ℹ suites 0
ℹ pass 4
ℹ fail 0
ℹ cancelled 0
ℹ skipped 0
ℹ todo 0
ℹ duration_ms 147.507209
NOT_RUN: tests/media/r04-input-runner.test.mjs (COMMERCE_R04_LIVEKIT_BINARY unset)
✔ main/detail/sku caps use the existing frozen image contract (0.68825ms)
✔ phone and tall dimensions fit2000 without enlarging small assets (0.150083ms)
✔ upload query requires one exact role and sku value; reads/actions carry no query (0.410125ms)
✔ role transport encodes current option values and refuses invalid identities (0.170958ms)
✔ effective image axis follows current options, then falls back to first (0.068625ms)
✔ detail and option photos cannot satisfy the main-photo recommendation (0.065083ms)
✔ PM-U copy has matching keys in ja and all currently routed locales (0.128375ms)
✔ real-upload mode builds both Next applications on a clean CI checkout (8.091083ms)
✔ upload recovery journal survives a new session while remaining product/store scoped (0.158333ms)
✔ an option upload receipt requires its captured axis, value and image id on canonical readback (0.118958ms)
✔ failed durable recovery storage cannot authorize a media write (0.081084ms)
✔ an active product needs a main image after canonical media is known; repair paths stay possible (0.053834ms)
✔ empty media sections render a readable localized placeholder until photos are present (5.052208ms)
✔ real-upload mode never exits through the storefront MOCK shortcut (11.73425ms)
✔ a valid active zero-main product keeps an inline repair hint rather than a page error (4.289708ms)
✔ a new product issues the image-axis stage only for a chosen axis (0.870292ms)
ℹ tests 16
ℹ suites 0
ℹ pass 16
ℹ fail 0
ℹ cancelled 0
ℹ skipped 0
ℹ todo 0
ℹ duration_ms 286.398583
(node:63728) ExperimentalWarning: Transform Types is an experimental feature and might change at any time
(Use `node --trace-warnings ...` to show where the warning was created)
✔ a fitting PNG keeps the exact original File, bytes and alpha-capable format (0.957584ms)
✔ a JPEG exactly at both limits remains original, not a lossy re-encode (0.938167ms)
✔ an oversized phone JPEG is encoded below the cap after oriented scaling (0.647375ms)
✔ a large transparent PNG stays alpha-capable and is never painted with an opaque matte (0.460375ms)
ℹ tests 4
ℹ suites 0
ℹ pass 4
ℹ fail 0
ℹ cancelled 0
ℹ skipped 0
ℹ todo 0
ℹ duration_ms 98.370084
✔ HTTPS picklist fixture carries Secure session cookies automatically while preserving CSRF refusals (124.538958ms)
✔ batch controls stay compact until an order selection or live-session scope exists (0.207083ms)
✔ selection has XOR bodies, canonical unique IDs and separate 500/100 limits (0.50675ms)
✔ cross-page selection retains existing rows, deduplicates and refuses overflow atomically (0.762ms)
✔ pick projection rejects PII/extra keys, invalid quantities and unmatched order identities (0.631667ms)
✔ batch replies bind one-for-one to confirmed orders and preserve uncertainty code (0.131208ms)
✔ pick/export POSTs reject keys and all query variants except one exact template (1.8635ms)
✔ CSV filename binds to selected template and store; no path/header injection (0.214792ms)
✔ MOCK browser fixture list matches the incumbent closed order parser (14.801ms)
✔ recovery never clears an unknown or missing current attempt (0.154625ms)
✔ recovery and order-detail MOCK fixtures satisfy real read parsers (10.217ms)
✔ order selection can read its session fence during SSR without browser globals (1.444333ms)
✔ MOU keeps native headed checks runnable on a Linux CI worker without DISPLAY (16.920041ms)
ℹ tests 13
ℹ suites 0
ℹ pass 13
ℹ fail 0
ℹ cancelled 0
ℹ skipped 0
ℹ todo 0
ℹ duration_ms 471.157709
✔ parseShard: i/N, empty means unsharded, anything malformed throws (0.872208ms)
✔ assignShards: deterministic, every key owned once, near-balanced (LPT bound) (1.03725ms)
✔ planClick: for every N the shards partition the whole universe (every registry route x variant, storefront walk, journey) (1.646208ms)
✔ planClick at N=10 keeps every shard within ~1.3x of the mean planned cost (0.160208ms)
✔ aggregate click: honest shards pass for several N (2.907917ms)
✔ aggregate click: a missing shard, a dropped page row, a lost journey, a failing row, a stale known defect and a missing platform marker are each a failure (4.906542ms)
✔ aggregate click: a route added to the registry after the shards ran cannot pass (the registry is re-read) (0.491083ms)
✔ aggregate visual: honest shards pass; a missing shard, a missing shot, a blocking verdict and a registry route outside the universe each fail (7.130667ms)
ℹ tests 8
ℹ suites 0
ℹ pass 8
ℹ fail 0
ℹ cancelled 0
ℹ skipped 0
ℹ todo 0
ℹ duration_ms 111.34225
ci-plan: 10 job(s); click-sweep x10 (aggregate)
  --browser-click-sweep@1/10  -> artifact gate-browser-click-sweep_1_10
  --browser-click-sweep@2/10  -> artifact gate-browser-click-sweep_2_10
  --browser-click-sweep@3/10  -> artifact gate-browser-click-sweep_3_10
  --browser-click-sweep@4/10  -> artifact gate-browser-click-sweep_4_10
  --browser-click-sweep@5/10  -> artifact gate-browser-click-sweep_5_10
  --browser-click-sweep@6/10  -> artifact gate-browser-click-sweep_6_10
  --browser-click-sweep@7/10  -> artifact gate-browser-click-sweep_7_10
  --browser-click-sweep@8/10  -> artifact gate-browser-click-sweep_8_10
  --browser-click-sweep@9/10  -> artifact gate-browser-click-sweep_9_10
  --browser-click-sweep@10/10  -> artifact gate-browser-click-sweep_10_10
✔ the full sweep and the full visual lint fan out into every shard and ask for the aggregate (2.192667ms)
✔ foundation-shards = the unit shard + every plan group; the serial `foundation` mode is untouched (0.880667ms)
✔ an explicit shard re-run (or a partial list) never claims the whole-run aggregate (0.112292ms)
✔ duplicates collapse, artifact names are safe and unique, bad input is refused (0.371709ms)
✔ main writes matrix / sweep_n / visual_n to GITHUB_OUTPUT (1.099709ms)
✔ backend-only paths run foundation-shards only (3.1875ms)
✔ node tests of deploy scripts and of the CI planner are backend-only (they cannot change a browser) (0.526333ms)
✔ a UI path adds the whole browser set, including click-sweep and visual-lint (1.931292ms)
✔ docs-only and output-only diffs keep the single required check (foundation-shards) (0.294583ms)
✔ tests/foundation/browser_* is a browser path, other tests/foundation files are not (0.300417ms)
✔ deploy flag: deploy/ and scripts/deploy* only (1.535334ms)
✔ the browser set is release-gate's browser-mode universe minus the documented exclusions (17.809917ms)
✔ parser: only compiled, correctly-shaped Test functions of untagged _test.go files (1.143417ms)
✔ the real plan: every top-level test of tests/foundation runs in exactly one group (674.017041ms)
✔ a new test (in no list) still runs, exactly once, in the catch-all group; the same name with no catch-all is red (871.68975ms)
✔ a test listed in two groups is red; drift beyond the limit is red (999.214125ms)
✔ regexes: anchored explicit lists; the catch-all skips exactly everyone else's tests (0.425959ms)
✔ pack: deterministic, balanced to within the longest test, every name once (4.287875ms)
✔ parseDurations: top-level lines only (0.184709ms)
ℹ tests 19
ℹ suites 0
ℹ pass 19
ℹ fail 0
ℹ cancelled 0
ℹ skipped 0
ℹ todo 0
ℹ duration_ms 2657.24275
