✔ G-UI3/G-UI5 architecture constraints pass with shrinking legacy exceptions (358.758084ms)
✔ G-UI3/G-UI5 negatives: new formatter, component fetch, >800 lines and wider allowance fail (0.404208ms)
✔ Readiness jump controls expose the actual active section, not a click flag (0.857875ms)
✔ Integrator P2: legal CN comment ordering and a distinct three-image recommendation (0.178292ms)
✔ ADM04 and ADM06 explain unavailable SKUs and keep collection vocabulary consistent (0.222375ms)
✔ ADM06 create/detail titles share the route vocabulary without adding a phantom Next page (0.284833ms)
✔ G-UI1 Next pages and route registry are bidirectional, unique, typed, documented (3.202ms)
✔ G-UI1 copy key parity: no missing or extra key in any locale (0.233041ms)
✔ G-UI2 staff without catalog:read cannot see products/inventory or open a product URL (0.319458ms)
✔ G-UI2 every route permission is a permission Go knows, and /orders/new needs inventory:reserve (213.682625ms)
✔ G-UI1 dynamic and public routes match, details never appear as navigation (0.796416ms)
ℹ tests 11
ℹ suites 0
ℹ pass 11
ℹ fail 0
ℹ cancelled 0
ℹ skipped 0
ℹ todo 0
ℹ duration_ms 590.284583
WARN G-UI5 apps/admin/components/Ads.tsx: >500 lines
WARN G-UI5 apps/admin/components/AdsDraft.tsx: >500 lines
WARN G-UI5 apps/admin/components/AttributionPanels.tsx: >500 lines
WARN G-UI5 apps/admin/components/CollectionManager.tsx: >500 lines
WARN G-UI5 apps/admin/components/Design.tsx: >500 lines
WARN G-UI5 apps/admin/components/Entry.tsx: >500 lines
WARN G-UI5 apps/admin/components/Ledger.tsx: >500 lines
WARN G-UI5 apps/admin/components/MerchantOrders.tsx: >500 lines
WARN G-UI5 apps/admin/components/ProductDocumentForm.tsx: >500 lines
WARN G-UI5 apps/admin/components/ProductList.tsx: >500 lines
WARN G-UI5 apps/admin/components/StorefrontSettings.tsx: >500 lines
WARN G-UI5 apps/admin/components/Studio.tsx: >500 lines
WARN G-UI5 apps/admin/components/StudioClaims.tsx: >500 lines
WARN G-UI5 apps/admin/lib/ads-copy.ts: >500 lines
WARN G-UI5 apps/admin/lib/ads-model.ts: >500 lines
WARN G-UI5 apps/admin/lib/auth.ts: >500 lines
WARN G-UI5 apps/admin/lib/catalog-v2-copy.ts: >500 lines
WARN G-UI5 apps/admin/lib/product-editor-copy.ts: >500 lines
WARN G-UI5 apps/storefront/components/CheckoutFlow.tsx: >500 lines
WARN G-UI5 apps/storefront/components/CvsPickup.tsx: >500 lines
WARN G-UI5 apps/storefront/components/OrderPayment.tsx: >500 lines
WARN G-UI5 apps/storefront/lib/order-payment.ts: >500 lines
PASS G-UI3/G-UI5
check-gates: ok (72 modes, all documented; every tracked test file is run)
check-headers: OK (base 71235fc40db20189583c08057f8e21fd8dcbd10e)
