✔ /products/{uuid} redirects permanently to the zh-TW product page (91.993583ms)
✔ non-uuid ids are 404, never redirected (7.856792ms)
✔ AT1: the locale redirect preserves the ad-click query without allowing a redirect target (0.188417ms)
✔ R10: standalone signed signals survive a missing or expired seven-day touch (60.758875ms)
✔ R10: standalone signals reject expiry, bad signature, duplicates and another host (1.35475ms)
✔ AT1 R5: browser identity survives expired touch and rolls for ninety days (0.937292ms)
✔ AT1 R5: missing ad parameters create no cookies; fbclid alone creates no touch (0.359875ms)
✔ AT1 R5: lc_ad alone updates attribution and does not replace fbc (0.190042ms)
✔ AT1: host-only first-party cookies contain no PII and read back exactly (0.291792ms)
✔ AT1: a later valid click replaces the draft but preserves the browser identifier (0.895ms)
✔ R10: only a different fbclid replaces fbc and its first-seen timestamp (1.589375ms)
✔ AT1: malformed and ambiguous links do not overwrite a valid prior touch (7.333083ms)
✔ AT1: host and key binding reject copied cookies (0.70425ms)
✔ AT1: duplicates and tampering invalidate the entire envelope (1.195625ms)
✔ AT1: exactly seven days is valid, the next millisecond and future clicks are not (0.956125ms)
✔ catalog list query limits equal the Go v2 parser (internal/buyerhttp/catalogv2.go) (35.883583ms)
✔ collection list cap equals Go maxCollectionsPerStore (8.900542ms)
✔ design caps equal internal/design/schema.go (nav, sections, pages) (3.895ms)
✔ CVS buyer-entered store bounds and return path equal Go (internal/checkout/cvs.go, migration 0093) (5.014667ms)
✔ transfer view: closed shape and state rules mirror Go validTransferView (1.756958ms)
✔ proof body and result: five digits, positive minor amount, ISO instant (0.88925ms)
✔ minorFromText: major units with at most two decimals, never a float surprise (0.809458ms)
✔ buyer email mirror: one plain address, 254 characters at most (0.205041ms)
✔ countdown: whole hours and minutes, never negative (1.501833ms)
✔ copy: three locales carry every key and every refusal code (6.817041ms)
✔ options: a home row lists modes only with bank_transfer and then needs its window (9.470125ms)
✔ checkoutInput: a home bank_transfer body, the optional trimmed email, and every refusal before any request (0.501ms)
✔ order: AWAITING_TRANSFER is a valid commercial state without a hold time (0.215167ms)
✔ BFF: exact transfer routes, keyed proof PUT, strict body, validated answers, no generic proxy (171.279666ms)
✔ BFF: transfer refusal codes pass through as definite 422; checkout accepts bank_transfer and a valid email only (33.343791ms)
✔ D06 order heading follows a settled transfer: never 'waiting for transfer' above a confirmed or expired one (1.051917ms)
✔ uncertain prepare blocks all mutations; changed cookie context resolves journal (85.835084ms)
✔ fully parsed local denial clears only its own pending operation (0.813666ms)
✔ malformed journal, unavailable lock and stale context fail before writes (3.213459ms)
✔ BPT05 exact handoff permits absent body/key, one fetch, no form persistence (99.006083ms)
✔ BPT05 wrong handoff form and ordinary writes fail before any fetch (3.13ms)
✔ BPT05 unresolved cookie journal blocks handoff; lost response is one fetch without persistence (0.2315ms)
✔ SU02 refresh permits absent body/key, one fetch, no persistence (0.205417ms)
✔ SU02 refresh rejects a body, a key or a malformed path before any fetch (0.140208ms)
✔ SU02 cancel permits absent body/key, one fetch, no persistence (0.122291ms)
✔ SU02 cancel rejects a body, a key or a malformed path before any fetch (0.1195ms)
✔ BPT01 exact private path, headers, body and three-locale one-fetch transport (127.803208ms)
✔ BPT02 payment routes reject untrusted path, context, headers, key and body before fetch (56.539291ms)
✔ BPT03 hostile upstream success is sanitized, never returned as payment data (17.543167ms)
✔ BPT04 every handoff failure is nonretryable, including pre-route and transport loss (40.287334ms)
✔ SU02 five routes: exact upstream path, method, key, body, one fetch each (1.155958ms)
✔ SU02 refresh and cancel are keyless and pass every CSRF/context denial before fetch (6.318709ms)
✔ SU02 every handoff/refresh/cancel failure is nonretryable and sanitized (35.758ms)
✔ SU02 hostile Stripe bodies become the sanitized 503; PAYUNi and Stripe bodies stay byte-identical (83.7795ms)
✔ SU02 prepare accepts only the two known method codes (98.335916ms)
✔ disabled and invalid configuration fail closed before private fetch (73.39325ms)
✔ private authority, cookie lifecycle and strict local denial (23.504083ms)
✔ bad host, cookie, query and method never reach private API (4.757458ms)
✔ stalled inbound POST body is canceled at its deadline without a cookie or private call (1.023208ms)
✔ R10: Begin forwards independently signed signals; browser attribution and forwarded hosts are not authority (4.281375ms)
✔ CVS BFF: exact routes, keyed open/store, keyless verify, validated answers, no generic proxy (15.472292ms)
✔ CVS BFF: contract refusal codes pass through; pay_at_pickup_limit is a definite (non-retryable) 429 (8.352292ms)
✔ fragment grammar accepts only one canonical token (0.495667ms)
✔ claim projections are closed (0.352625ms)
✔ claim token rides only its header on B1/B2 and is never echoed (89.174875ms)
✔ claim-priced cart edits send only SKU and quantity, keeping server price authority (19.4895ms)
✔ direct-checkout sold-out projection is mandatory, boolean and closed (0.20075ms)
✔ claim redeem shares the purchase lock, guards recovery and never persists the token (4.961209ms)
✔ ClaimLink removal projects live-priced survivors on ready and conflict pages (327.564167ms)
✔ ClaimLink revisit checks out applied A while pending B is sold out or unavailable (94.674333ms)
✔ ClaimLink refreshes a nothing result after a second tab applied the claim (248.722125ms)
✔ ClaimLink does not navigate when a buyable claim target is absent or has changed quantity (75.983208ms)
✔ ClaimLink optional prior-order notice tolerates unreadable storage without bypassing recovery (89.18725ms)
✔ CVS01 map form: only the two ECPay e-map actions, exact fields, top-level-safe values (5.385834ms)
✔ CVS02 return path allowlist excludes /claim and anything but the checkout or product page (0.833958ms)
✔ CVS03 selection projection: VERIFIED<=>pickup, REJECTED<=>reject_code, absent keys read as null (2.065583ms)
✔ CVS04 buyer-entered store answer and request body (1.435542ms)
✔ CVS05 store code table (§16.1) keeps leading zeros and per-chain lengths (0.80275ms)
✔ CVS06 recipient mirror: real-name width 4..10 (CJK=2), no digits/symbols/emoji; 09 mobile (2.068625ms)
✔ CVS07 checkout draft: name, phone and mode only; read once; corrupt/foreign shapes are dropped (0.545459ms)
✔ CVS08 return URL: only ?cvs_selection=<uuid> is accepted (0.355083ms)
✔ CVS09 buyer order projection and copy keys: nothing but PICKED_UP says picked up (0.215583ms)
✔ CVS10 error codes: field mapping, definite refusals, official links are https constants (0.597584ms)
✔ CVS11 client transport: verify is the one new keyless POST; the server refusal code rides BuyerClientError.detail (90.380042ms)
✔ every locale x page has a title, an updated line and at least one section (2.475125ms)
✔ locales share the section count and per-section body count of every page (2.593ms)
✔ final text is only the owner-confirmed company facts (CR 81215167 name + registered address); nothing else is final (0.437166ms)
✔ a legal page is published only when every text on it is final; buyers see no link to an unpublished one (1.393875ms)
✔ data-deletion path is named in the privacy page of every locale (0.478292ms)
✔ pendingOwnerText lists exactly the texts that keep a page unpublished and is written for the owner (2.39ms)
✔ a live (claim-origin) price replaces the catalog price and strikes it through (4.848042ms)
✔ without a live price the catalog price and its compare-at are shown unchanged (0.085625ms)
✔ a live price equal to or above the catalog price is shown as set (strike hidden by the UI guard) (0.053708ms)
✔ a live price strikes the catalog price, never the variant sale price (0.046333ms)
✔ order ref: 12 hex (dashes or spaces, any case) or a full id (13.14825ms)
✔ contact: one email or a phone of 6..20 digits (0.607334ms)
✔ body is exactly {order_ref, contact}; the answer is exactly {order_id} (3.406166ms)
✔ BFF lookup: no cookie needed, fresh token goes upstream, cookie only on 200 and it carries that same token (433.306125ms)
✔ BFF lookup: strict local denial before any private fetch (4.041ms)
✔ copy: three locales carry every key (13.201417ms)
✔ MS4 srcset descriptors use actual decoded widths and deduplicate small renditions (0.387209ms)
✔ MS1 product rendition allowlist preserves trusted Host and never forwards buyer cookies (33.401375ms)
✔ MS2 invalid, duplicate, extra, encoded widths and non-product variants fail before fetch (1.962916ms)
✔ MS3 old-image fallback is never promoted to immutable; committed variants are cacheable (149.740292ms)
✔ TWD whole amounts show no decimals in every locale and at every magnitude (line, subtotal, total, zero) (117.297125ms)
✔ cents appear only when there are cents, then always as two digits; the minor-unit arithmetic is untouched (1.202208ms)
✔ digits come from the currency: JPY none, USD two when there are cents (2.430334ms)
✔ one formatter: no component, page or lib builds a currency Intl.NumberFormat outside lib/money.ts (430.783292ms)
✔ fragment: exactly #o=<order id>&t=<43-char token>; anything else is null (2.125875ms)
✔ body is exactly {order_id, token, proof}; the answer is exactly the order the link named (1.154958ms)
✔ BFF link: no cookie needed, fresh token upstream, cookie only on a 200 naming the same order, link token never echoed (533.387542ms)
✔ BFF link: strict local denial before any private fetch (4.681166ms)
✔ copy: three locales, one refusal text, a retry and a lookup path (0.109334ms)
✔ BPU01 fresh payment writes exact metadata before prepare, one bodyless Take, no persistent form (97.279834ms)
✔ BPU01 lost prepare response replays original key/body only on explicit next click (4.020083ms)
✔ BPU01 lost handoff is permanently GET-only, even after a second click (5.429334ms)
✔ BPU01 storage, amount, scope and child/screen fences reject before irreversible writes (0.907959ms)
✔ BPU01 document/child loss after prepare but before Take leaves exact replay marker (0.349125ms)
✔ BPU01 malformed server handoff never submits and Take remains nonretryable (8.489459ms)
✔ BPU01 marker replacement before Take and after Take blocks release/form reuse (1.295709ms)
✔ BPU01 context replacement after prepare and after Take closes destination without form (10.846709ms)
✔ BPU01 synchronous destination refuses invalid locale before opening a window (0.22375ms)
✔ SU03 fresh Stripe pay: marker before prepare, one prepare, one handoff, navigate, URL never stored (1.101375ms)
✔ SU03 marker replay: lost prepare response replays key/body, no uncertain on PENDING view with leftover marker (78.721375ms)
✔ SU03 cross-device Continue needs no marker and never prepares (0.570458ms)
✔ SU03 marker/view matrix: PAYUNi marker on Stripe view and Stripe marker on PAYUNi view send nothing (0.994583ms)
✔ SU03 any other view renders without a POST (2.404667ms)
✔ SU03 CREATING: waits on the schedule without the lock, then hands off once when READY (16.261416ms)
✔ SU03 CREATING budget: 10 reads over 30 s, then the blank child is closed, no POST, no throw (186.004667ms)
✔ SU03 cancel_requested seen on the re-GET aborts before the handoff POST (3.43025ms)
✔ SU03 handoff outcomes: CREATING closes child, CLOSED/UNAVAILABLE/error/malformed reject; one POST each, never retried (27.035209ms)
✔ SU03 Stripe prepare errors, amount/currency mismatch and popup loss stop before any handoff (19.644833ms)
✔ SU03 two clicks make two handoff POSTs only because there were two clicks; sequential, none from reads (15.179625ms)
✔ SU03 navigate: validates again, needs an owned blank child, sets used before replace, no URL in errors (1.757292ms)
✔ SU03 refresh signal: keyless single POST, validated, throttled 1/10 s and 30 per page life, cancel never throttled (18.158667ms)
✔ SU03 signal failures are single-shot and sanitized: HTTP error, malformed body, wrong order (0.376708ms)
✔ private quote/option authority fields are required; only exact MANUAL home can checkout (7.493584ms)
✔ continue shopping advances only ordered version, clears hint, keeps SQL history authoritative (403.607917ms)
✔ lost next-cart response retries identical key/body and preserves a newer cart (30.882458ms)
✔ continuation never overwrites an already advanced cart (6.302375ms)
✔ unknown checkout blocks continuation without any business request (0.41075ms)
✔ two queued continuation clicks mutate once; stale order ID cannot clear another order (3.92225ms)
✔ CAS conflict resolves only after a newer cart is read (76.955042ms)
✔ locator removal failure retains next-cart journal and recovery survives missing locator (12.694709ms)
✔ order history summary rejects PII/unknown fields and malformed scope IDs (2.128ms)
✔ native address validation mirrors printable Unicode, limits and phone; journal forbids PII (8.695542ms)
✔ address lost reply replays exact in-memory intent, then confirms current head (0.921292ms)
✔ address reload requires explicit new intent and exact observed CAS; stale head never auto-bumps (0.935625ms)
✔ old address receipt cannot confirm another tab's newer current head (6.790708ms)
✔ a late address CAS winner requires another explicit confirmation, not an automatic version bump (13.476584ms)
✔ checkout lost reply, queued duplicate and current GET reuse one key and one order (3.313458ms)
✔ uncertain checkout retains original journal across later 401/403/404/5xx and malformed success (8.805291ms)
✔ only a fresh definitive denial clears checkout; no order locator is invented (0.766208ms)
✔ locator storage failure after commit retains same key; reload GET failure keeps locator (21.697834ms)
✔ locator persisted but journal removal failed resumes pending receipt, not unrelated pointer (2.226708ms)
✔ unavailable storage, invalid locator and late changed context fail closed (0.855625ms)
✔ order locator readback mismatch and no-op journal removal both retain checkout recovery (15.480708ms)
✔ direct claim continuation refuses a newer ordered cart inside the purchase lock (0.788875ms)
✔ direct claim continuation keeps next-cart recovery after a conflicting clear (0.599625ms)
✔ BPT03 exact valid projection and Go nanosecond UTC timestamps (10.931625ms)
✔ BPT03 view rejects private fields, inconsistent state and malformed names (0.230208ms)
✔ BPT03 prepared receipt enforces exact original credit-card amount (0.080417ms)
✔ BPT03 hosted form and replay are exact, bounded and action-allowlisted (2.127625ms)
✔ SU01 Stripe views: fresh, both methods, attempt states, PAYUNi unchanged (0.263916ms)
✔ SU01 Stripe view negatives (0.143ms)
✔ SU01 prepared amounts follow the corrected per-currency table (0.127042ms)
✔ SU01 Stripe handoff union and every redirect_url negative (0.284541ms)
✔ SU01 payment signal is exactly {order_id, scheduled:boolean} (0.110375ms)
✔ RUI01 refund summary: refunded states, pending money, absent ≡ null (0.344875ms)
✔ RUI01 refund summary negatives (0.146ms)
✔ BPU03 neutral GET and POST return ignore every callback field and cookie (27.20775ms)
✔ primary origin: exact path/query, same host, and no URL-controlled destination (62.535125ms)
✔ GET and HEAD use trusted Host, private bounded uncached resolver and exact 301 (55.230875ms)
✔ no writes redirected; resolution failures fail closed; unknown hosts keep native 404 (2.493791ms)
✔ policy version is the frozen constant, in the customers-core D4 shape (0.837625ms)
✔ route table: exactly the four buyer privacy routes, methods and body kinds (0.544042ms)
✔ body shapes are closed and mirror the frozen Go inputs (no source, no policy_version) (0.114417ms)
✔ GET privacy validator: closed shape, erased owner holds no consent (0.134125ms)
✔ consent result and erasure summary validators (0.239667ms)
✔ buyer export envelope never carries customer_id (0.089625ms)
✔ failure classification: 410 and erased are the erased state (0.055083ms)
✔ copy: every locale has the same keys, the ads box discloses that sent events cannot be recalled (10.718625ms)
✔ parity: frontend caps equal the Go constants (2.012791ms)
✔ detail parser: 4 main + 20 detail + option-value images are accepted and mapped (8.304208ms)
✔ detail parser: 5 main, 21 detail, bad ids and over-cap option images are refused (1.095084ms)
✔ detail parser: a backend before product-media-v2 (no new keys) still parses with empty defaults (0.605041ms)
✔ v1 catalog row: images are main-only (<= 4) and image_id is a uuid or null (1.044375ms)
✔ PRO-S1 code mirror: any case and spaces normalise; impossible codes never become a request (1.957667ms)
✔ PRO-S2 promotion object: closed keys, kind/value pairing (0.918916ms)
✔ PRO-S3 quote validator: promotion is optional but never malformed; the discount stays the server's own number (1.407916ms)
✔ PRO-S4 journal grammar: a quote write may carry one canonical promo_code, nothing else (0.511583ms)
✔ PRO-S5 copy: three locales cover every refusal code and the same keys (0.755208ms)
✔ PRO-S6 BFF quote route: promo_code relayed untouched when canonical, refused before the private API otherwise (55.875125ms)
✔ PRO-S7 BFF: every promo_* refusal is a definite, non-retryable 422 with its own code (3.363708ms)
✔ demonstration disclosure is explicit and local-only (2.107875ms)
✔ cart selection preserves unrelated SKUs and the observed CAS version (50.482333ms)
✔ minor amounts are bounded before multiplication, including zero (0.486666ms)
✔ delivery identity includes country for one market and method (0.121875ms)
✔ journal is bound to context and rejects PII/unknown fields (15.288167ms)
✔ lost response replays exact key/body, then clears only after parsed receipt (49.319333ms)
✔ RUI02 buyer order admits MERCHANT_SHIPPED only with a SHIPPED head; absent shipment ≡ null (0.484459ms)
✔ RUI02 shipment shape negatives (incl. unsafe links) (0.244583ms)
✔ RUI02 history summary admits MERCHANT_SHIPPED (a shipped order must not break the list) (0.077917ms)
✔ CVSP01 options: CVS rows carry pickup_selection/payment_modes; unavailable rows are a separate shape (0.348042ms)
✔ CVSP02 CVS destination write: TW only, pickup_id required, empty home address; home unchanged (8.706125ms)
✔ CVSP03 checkoutInput: payment_mode only for CVS rows and only a mode the row offers (0.381917ms)
✔ COD confirmation includes expected fee, enforces collect cap and validates immutable order money (19.558666ms)
✔ CVSP04 buyer order: pay_at_pickup <=> collection_state; cvs_shipment only on a matching CVS destination (0.28825ms)
✔ CVSP05 journal accepts a CVS destination marker and a checkout body with payment_mode, nothing else (0.979417ms)
✔ validProduct accepts up to the Go photo cap and rejects one more (1.445834ms)
✔ design: garbage and hostile documents collapse to the safe default shape (3.009833ms)
✔ design: links, preview token propagation, nav resolution (0.69275ms)
✔ design: any merchant accent yields readable button text and link colour (WCAG AA) (0.383ms)
✔ variants: resolution, disabled out-of-stock combinations, initial choice, price bounds (0.204375ms)
✔ catalog-v2 parsers accept the frozen shapes and refuse drift (0.683833ms)
✔ free-delivery progress words the hint only when a threshold exists (0.320625ms)
✔ list query: only whitelisted, canonical values survive (1.053291ms)
✔ seo: JSON-LD cannot break out of its script tag; offers reflect stock and price range (23.95875ms)
✔ seo: sitemap escapes and carries hreflang; robots refuses everything for a closed host (1.093583ms)
✔ money: whole amounts drop cents, minor digits come from the currency, filters round-trip (1.598084ms)
✔ cart line write: replaces one line, keeps the others, 0 removes, CAS version is the one shown (5.005791ms)
✔ cart problems map to buyer-facing classes without leaking transport detail (0.28075ms)
✔ checkout options accept the optional free-shipping threshold only as a positive integer or null (3.553208ms)
✔ no-image placeholder copy: exactly the locale label a photo-less card or gallery renders (1.363291ms)
✔ storefront image caps equal the Go catalog caps (internal/catalog MaxMainImages, MaxDetailImages) (17.986208ms)
✔ design text limits count code points like Go, never splitting a surrogate pair (0.258875ms)
✔ G3: same-series cards exclude the current product and never invent absent draft/foreign products (0.607416ms)
✔ G5: safety guidance exists in three languages without changing the five merchant policy approval boundaries (2.345333ms)
✔ G4: category chips omit empty collections; hidden collections absent from the public API stay absent (0.256666ms)
✔ dictionaries have exact parity and non-empty values (1.389583ms)
✔ locale precedence and language quality mapping (1.417708ms)
✔ localized paths preserve deep links and reject dangerous input (14.9475ms)
✔ path locale only matches a canonical first segment (0.08725ms)
✔ the four constructs render (8.957125ms)
✔ XSS payloads stay inert text (15.351875ms)
✔ fuzz: any string over a hostile alphabet renders only whitelisted tags (90.831083ms)
✔ validator mirrors the Go rules (8.071166ms)
✔ SDN1 allowlist: exactly the contract routes, per method (4.636125ms)
✔ SDN1 allowlist: traversal, case, suffix and prefix tricks never match (1.141084ms)
✔ SDN1 request shape: no query string anywhere, reads carry no body, key, length or transfer-encoding (43.276917ms)
✔ SDN1 cap: 260 KiB = Go's 256 KiB document + 4 KiB envelope, and a body of exactly the cap is still below it (0.138125ms)
✔ SDN2 renderer: every XSS payload comes out as whitelisted tags and escaped text only (2.401208ms)
✔ SDN2 renderer: escape-first means the merchant's text never becomes markup (0.3365ms)
✔ SDN2 renderer: fuzz (seeded) never produces a tag outside the whitelist (78.017125ms)
✔ SDN2 client validator rejects what the server rejects (HTML, non-https links, `<` anywhere) (0.467375ms)
✔ cleanForSave turns cleared fields into null but keeps an empty body (9.254584ms)
✔ localIssues names each missing mandatory value by server path (1.595083ms)
✔ moved swaps neighbours and ignores out-of-range moves (0.0965ms)
✔ parsers accept the exact Go shapes and refuse extra or missing keys (0.421625ms)
✔ BFF allowlist covers exactly the design resources (0.619667ms)
✔ validDesignRequest refuses queries and bodies on reads, ignores other paths (48.267416ms)
✔ designDetails forwards only a bounded {path, reason} pair (0.33125ms)
✔ accepts exactly the three locale invite paths with a 20-200 char token (0.529208ms)
✔ rejects anything that is not an exact same-origin relative invite path (0.355584ms)
✔ rejects percent-encoded variants of the exact shape (0.4305ms)
✔ the token is an opaque invite token shape, never a URL (0.438292ms)
✔ fragment carrier: round-trips the exact invite path, is never a query string, and rejects hostile fragments (0.961041ms)
✔ dashboard: accepts the frozen shape, rejects drift (6.559916ms)
✔ import result: strict keys, closed error codes, committed never carries errors (0.947625ms)
✔ csv file guard mirrors the Go bounds (0.357875ms)
✔ manual options: a COD home row parses with its offer (D01: the page used to refuse the whole list) (3.128833ms)
✔ manual options: only bank_transfer / pay_at_pickup / cash_on_delivery, key must equal market|country|code (0.510209ms)
✔ manual result: link is https with the order id and a 43-char capability in the fragment only (0.8145ms)
✔ draft: first problem, and the body has no price-like field at all (1.440167ms)
✔ BFF grammar: exactly the seven tools resources (0.3335ms)
✔ regenerate body/result: exactly {order_id, locale} and a fresh https link naming that order (0.54075ms)
✔ copy parity: every locale has every key, import rules and error codes (6.461083ms)
✔ callback redirect target is always a same-origin /<locale>/settings path whatever the cookies, store, code or error say (5.133083ms)
✔ the binding cookie: exactly one canonical store uuid, path-scoped to the callback, HttpOnly, Lax, 10 minutes, Secure (0.297875ms)
✔ callback query: exactly one code and one state within charset/length bounds; Meta's error=… and repeats are not forwarded (5.312834ms)
✔ the dialog URL the BFF hands the browser is https://www.facebook.com only (1.235959ms)
✔ callback error mapping only ever yields fixed codes, never an upstream message (0.251459ms)
✔ selected Page qualifies only a bare Facebook id, never rewrites another Page or external URL (1.603708ms)
✔ status: not connected, connected with and without Instagram, and every deviation throws (3.097792ms)
✔ pick state: closed shape, optional Instagram keys come as a pair, id must match (1.052208ms)
✔ route grammar: only status/states/pick/disconnect; start and callback are dedicated routes; no query; reads carry no body or key (51.732375ms)
✔ connect cookie, body and callback redirect never carry code/state and only fixed codes (1.908833ms)
✔ copy: three locales have the same keys and every Go error code has a message (0.166583ms)
✔ D02 TWD input: whole dollars only, x100 on the wire (162.631583ms)
✔ D02 TWD edit text: whole dollars have no decimals; a legacy amount with cents is never shown as another price (1.042209ms)
✔ D02 display: NT$ without decimals in every language, cents only when there are cents (3.354834ms)
✔ D02 live-price input (Studio claims): TWD whole dollars, other currencies their decimals (0.441167ms)
✔ D02 discount code amounts: TWD whole dollars, a decimal is refused before it is sent (0.836875ms)
✔ D02 no admin copy or component says 'minor units' to the merchant (82.939042ms)
✔ M06 time: Asia/Taipei everywhere, labelled, never UTC (126.698625ms)
✔ settings answer: exactly one boolean key (3.638167ms)
✔ PUT body is the frozen single key (1.068666ms)
✔ BFF grammar: GET read, PUT keyed command, nothing else (0.301042ms)
✔ copy: three locales, same keys, no empty text (0.151333ms)
✔ PRM01 parse: exact keys, kind/value pairing and ranges; duplicates and unknown keys are refused (4.103916ms)
✔ PRM02 Taipei wall time: +08:00 on the wire, instant shown back in Taipei, impossible dates refused (46.675125ms)
✔ PRM03 create body: normalised code, major units to minor units, optional fields null, whole body validated (6.654334ms)
✔ PRM04 update + toggle: version CAS key, form round trip, pause keeps every other field (1.820834ms)
✔ PRM05 BFF grammar: exactly list, create and update; nothing generic (0.351917ms)
✔ PRM06 copy: three locales carry the same keys and every refusal code the Go routes can answer (0.158ms)
✔ G-UI3/G-UI5 architecture constraints pass with shrinking legacy exceptions (2374.958708ms)
✔ G-UI3/G-UI5 negatives: new formatter, component fetch, >800 lines and wider allowance fail (3.34ms)
✔ Readiness jump controls expose the actual active section, not a click flag (1.3065ms)
✔ Integrator P2: legal CN comment ordering and a distinct three-image recommendation (1.395ms)
✔ ADM04 and ADM06 explain unavailable SKUs and keep collection vocabulary consistent (3.832833ms)
✔ ADM06 create/detail titles share the route vocabulary without adding a phantom Next page (2.683833ms)
✔ G-UI1 Next pages and route registry are bidirectional, unique, typed, documented (4.874125ms)
✔ G-UI1 copy key parity: no missing or extra key in any locale (0.116208ms)
✔ G-UI2 staff without catalog:read cannot see products/inventory or open a product URL (0.167375ms)
✔ G-UI2 every route permission is a permission Go knows, and /orders/new needs inventory:reserve (1206.009958ms)
✔ G-UI1 dynamic and public routes match, details never appear as navigation (1.224834ms)
✔ created address is a strict HTTPS origin matching the assigned handle (7.245458ms)
✔ DNS instructions must name the requested origin and a bare hostname target (1.418542ms)
✔ domain kind is authoritative and closed, not inferred from host or token (4.925666ms)
✔ apex DNS retains every concrete IPv4/IPv6 address and rejects malformed values (42.759583ms)
✔ pending domain journal preserves exact action/key/target; legacy or corrupt markers never replay (42.090709ms)
✔ browser-origin gate: every refusal happens before Go is called, for every action (44.930833ms)
✔ only POST exists on the team routes (1.882916ms)
✔ unknown action is a local 404 and never reaches Go (0.717208ms)
✔ strict request grammar: wrong keys, types, ids, roles, locales and token shapes are 422 locally (6.284042ms)
✔ what reaches Go: BFF key, bearer from the cookie, no Cookie/Origin, body unchanged, exactly one call per request (481.628ms)
✔ Go failures are rebuilt locally from allow-listed codes, never retried, and never echo the token (122.806083ms)
✔ team answer: accepts the frozen shape, null role and OIDC member without email (1.347125ms)
✔ team answer: unknown key, unknown role, bad id, bad mail state are rejected (1.772084ms)
✔ invite and accept answers are strict (6.344708ms)
✔ request grammar: every action has an exact key set and rejects junk values (1.293625ms)
✔ copy: three locales carry the same keys and a label for every role (2.585459ms)
✔ role-aware navigation: hides entries the member's permissions cannot use; unknown shows all; Team is owner-only (1.091417ms)
✔ positive control: a complete, valid configuration raises no META_LOGIN finding (2778.735375ms)
✔ feature off (COMMERCE_META_LOGIN_CONFIG_ID empty): no rule applies even with the other keys empty (1256.899292ms)
✔ P06: the Page route needs the webhook receiver (992.043916ms)
✔ P06: sessions come from identity (917.49675ms)
✔ P06: without the claims profile nobody sends the private replies (a WARN, not a FAIL) (1319.781208ms)
✔ P08: COMMERCE_META_LOGIN_CONFIG_ID must be numeric ("abc") (1206.627292ms)
✔ P08: COMMERCE_META_LOGIN_CONFIG_ID must be numeric ("12 34") (837.041292ms)
✔ P08: COMMERCE_META_LOGIN_CONFIG_ID must be numeric ("111111111111") (865.50825ms)
✔ P08: COMMERCE_META_LOGIN_CONFIG_ID must be numeric ("0x10") (1320.189708ms)
✔ P08: COMMERCE_META_LOGIN_CONFIG_ID must be numeric ("-1") (1277.492375ms)
✔ P08: COMMERCE_META_LOGIN_REDIRECT_URI must be exactly https://<LC_ADMIN_HOST>/api/meta/callback (wrong host) (804.307958ms)
✔ P08: COMMERCE_META_LOGIN_REDIRECT_URI must be exactly https://<LC_ADMIN_HOST>/api/meta/callback (http scheme) (898.122375ms)
✔ P08: COMMERCE_META_LOGIN_REDIRECT_URI must be exactly https://<LC_ADMIN_HOST>/api/meta/callback (the ads callback path) (777.642583ms)
✔ P08: COMMERCE_META_LOGIN_REDIRECT_URI must be exactly https://<LC_ADMIN_HOST>/api/meta/callback (trailing slash) (1738.765083ms)
✔ P08: COMMERCE_META_LOGIN_REDIRECT_URI must be exactly https://<LC_ADMIN_HOST>/api/meta/callback (query string) (1414.822708ms)
✔ P08: COMMERCE_META_LOGIN_REDIRECT_URI must be exactly https://<LC_ADMIN_HOST>/api/meta/callback (empty) (1470.548041ms)
✔ P08: COMMERCE_META_LOGIN_GRAPH_VERSION grammar vNN.N ("26.0") (424.702292ms)
✔ P08: COMMERCE_META_LOGIN_GRAPH_VERSION grammar vNN.N ("v26") (303.914292ms)
✔ P08: COMMERCE_META_LOGIN_GRAPH_VERSION grammar vNN.N ("v26.0.1") (258.227125ms)
✔ P08: COMMERCE_META_LOGIN_GRAPH_VERSION grammar vNN.N ("latest") (239.347292ms)
✔ P08: COMMERCE_META_LOGIN_GRAPH_VERSION grammar vNN.N ("") (268.693458ms)
✔ P08: COMMERCE_META_LOGIN_GRAPH_VERSION grammar vNN.N ("v1000.0") (270.830083ms)
✔ P08: COMMERCE_META_LOGIN_GRAPH_VERSION accepts v26.0 (289.991542ms)
✔ P08: COMMERCE_META_LOGIN_GRAPH_VERSION accepts v22.0 (244.347083ms)
✔ P08: COMMERCE_META_LOGIN_GRAPH_VERSION accepts v99.9 (232.175084ms)
✔ production without any alert channel is a FAIL (nobody would hear the next outage) (2647.66675ms)
✔ outside production the same gap is only a WARN (1269.260375ms)
✔ a webhook alone satisfies the rule (941.067666ms)
✔ an e-mail target with a complete relay (host, username, secret) satisfies the rule (965.520333ms)
✔ an e-mail target without the relay secret cannot be sent: FAIL in production, WARN elsewhere (2512.553667ms)
✔ the example's CHANGE_ME_SENDER placeholder is not a relay: the e-mail target cannot be sent (842.214875ms)
✔ LC_ALERT_EMAIL must be one plain address ("not-an-address") (873.989083ms)
✔ LC_ALERT_EMAIL must be one plain address ("two@fake.invalid,three@fake.invalid") (1318.6975ms)
✔ LC_ALERT_EMAIL must be one plain address ("a b@fake.invalid") (1276.6735ms)
✔ LC_ALERT_EMAIL must be one plain address ("<owner@fake.invalid>") (808.169417ms)
✔ LC_ALERT_EMAIL must be one plain address ("owner@fake") (981.207666ms)
✔ storefront cart-line removal is reversible: clicked for real, not guarded (1.226375ms)
✔ destructive / irreversible / sign-out classification (owner list, en + zh) (1.991708ms)
✔ alike controls (rows with ids / numbers) share one class key (0.531458ms)
✔ known defects classify, never silence: stale entries are reported (1.019167ms)
✔ the markdown ledger has one row per interaction and names the verdict (0.570375ms)
✔ protocolHrefOK accepts well-formed tel:/mailto: and rejects malformed ones (0.627625ms)
✔ thresholds are the named constants of the brief (5.036375ms)
✔ R1: document wider than the viewport, and the outermost element past the edge (2.9ms)
✔ R2: label tops, control tops and control heights of one visual row (1.134ms)
✔ R2: what is one row and what is not (1.151375ms)
✔ R2: a button beside a field has to line up with its control (10.378625ms)
✔ R3: a row made tall by stacked controls, a control wider than its cell (29.39875ms)
✔ R3: a matrix whose EVERY row is doubled by a stacked stock cell (the median cannot see it) (1.906208ms)
✔ R4: small text, helper text apart, icons and duplicates excepted (0.335334ms)
✔ R5: tap targets on the 390 viewport only (1.166292ms)
✔ R6: interactive elements and text boxes that overlap (0.3205ms)
✔ R7: text clipped inside a control or label (either side), and select values that do not fit (0.519958ms)
✔ R8: the same visible label twice in one list (0.109666ms)
✔ evaluate() tags severity, selectRecords() keeps distinct groups first and counts every instance (0.316667ms)
✔ R9: text and controls flush to the screen edge at 390 (2.048084ms)
✔ R6/R9 judge the visible (ancestor-clipped) rectangle, not the raw one (integrator ruling 2026-10-05) (0.559667ms)
✔ R10: a fixed or sticky bar covering main content after scrolling (0.796084ms)
✔ R11: controls narrower than a usable width (0.592958ms)
ℹ tests 377
ℹ suites 0
ℹ pass 377
ℹ fail 0
ℹ cancelled 0
ℹ skipped 0
ℹ todo 0
ℹ duration_ms 24959.715667
✔ legacy display sentinels preserve a list row without admitting arbitrary or private data (5.32175ms)
✔ orders-v2 accepts bounded filters and Taipei inclusive dates; rejects ambiguity (2.159916ms)
✔ orders-v2 rejects client count approximations, unbounded or extra response data (0.250792ms)
✔ all three locales label every task queue, payment and delivery mode (0.554667ms)
ℹ tests 4
ℹ suites 0
ℹ pass 4
ℹ fail 0
ℹ cancelled 0
ℹ skipped 0
ℹ todo 0
ℹ duration_ms 218.72825
✔ numeric store IDs have no suggestion BFF or browser client (1.44275ms)
ℹ tests 1
ℹ suites 0
ℹ pass 1
ℹ fail 0
ℹ cancelled 0
ℹ skipped 0
ℹ todo 0
ℹ duration_ms 92.964791
✔ ADM10 operator sentence is localized while product and company facts stay authoritative (0.903375ms)
✔ PS review: actual Host matching normalizes case, port and a terminal DNS dot, never forwarded authority (0.302291ms)
✔ PS review: privacy/terms retain Messenger and Instagram purpose disclosure; deletion uses exact UI labels (0.130083ms)
✔ P2-N1 zh-TW/privacy: current comments and private reply, conditional inbound messages (0.193583ms)
✔ P2-N1 zh-TW/terms: current comments and private reply, conditional inbound messages (0.055833ms)
✔ P2-N1 zh-CN/privacy: current comments and private reply, conditional inbound messages (0.033917ms)
✔ P2-N1 zh-CN/terms: current comments and private reply, conditional inbound messages (0.07975ms)
✔ P2-N1 en/privacy: current comments and private reply, conditional inbound messages (0.06275ms)
✔ P2-N1 en/terms: current comments and private reply, conditional inbound messages (0.051208ms)
✔ PS1 legal identity is one untranslated source (0.30525ms)
✔ PS1 contact and hosts come only from configuration; production fails closed (0.52225ms)
✔ PS2 public routes default to zh-TW, restrict page/locale, and never include admin (0.439084ms)
✔ PS4 optional Meta verification value never has a fake default (0.056625ms)
✔ PS1 every locale uses the same product name in auth page titles (0.039417ms)
✔ PS1 public page copy has three complete locales, no invented operator identity or contact (0.188791ms)
✔ PS1 production build validates config; public data is not bundled through NEXT_PUBLIC (0.83ms)
✔ PS review: admin image installs the manifests for its workspace dependencies before building (0.451709ms)
ℹ tests 17
ℹ suites 0
ℹ pass 17
ℹ fail 0
ℹ cancelled 0
ℹ skipped 0
ℹ todo 0
ℹ duration_ms 102.766166
✔ R11 SQL's exact receipt states are accepted; missing/forged operation/state remains unknown (4.434917ms)
✔ R11 durable receipt journal validates phase against exact operation state (0.880334ms)
✔ R11 actual read control distinguishes replay/inflight/unknown/failure in en (9.72975ms)
✔ R11 actual read control distinguishes replay/inflight/unknown/failure in zh-TW (6.05225ms)
✔ R11 actual read control distinguishes replay/inflight/unknown/failure in zh-CN (1.781625ms)
✔ unknown journal retains exact key/boundary and is scoped to store+session; malformed state fails closed (0.561542ms)
✔ R12 read hook keeps network UNKNOWN on one key and explicitly refreshes acknowledged UNKNOWN (50.483666ms)
✔ actual POST transport uses CSRF and session fence; 403 independent of response text (68.442042ms)
✔ R10 ROAS has exactly two decimals in en (990.821625ms)
✔ R10 unknown ROAS is never fabricated as zero in en (0.311917ms)
✔ R10 ROAS has exactly two decimals in zh-TW (3.869291ms)
✔ R10 unknown ROAS is never fabricated as zero in zh-TW (0.51225ms)
✔ R10 ROAS has exactly two decimals in zh-CN (0.880625ms)
✔ R10 unknown ROAS is never fabricated as zero in zh-CN (0.062209ms)
✔ shared presentation preserves registry title and one empty buyer message in en (63.343583ms)
✔ R11 large linked-draft list is complete but collapsed in en (9.75575ms)
✔ shared presentation preserves registry title and one empty buyer message in zh-TW (18.127583ms)
✔ R11 large linked-draft list is complete but collapsed in zh-TW (8.702125ms)
✔ shared presentation preserves registry title and one empty buyer message in zh-CN (14.151375ms)
✔ R11 large linked-draft list is complete but collapsed in zh-CN (8.127625ms)
✔ R11 timeline distinguishes local unknown spend from explicit Meta zero in en (8.136958ms)
✔ R11 timeline distinguishes local unknown spend from explicit Meta zero in zh-TW (7.9945ms)
✔ R11 timeline distinguishes local unknown spend from explicit Meta zero in zh-CN (7.1545ms)
✔ R11 I12 nullable Meta evidence survives without becoming zero (0.612292ms)
✔ R11 actual panel rendering preserves unknowns and reconnect route in en (23.398917ms)
✔ R11 actual panel rendering preserves unknowns and reconnect route in zh-TW (25.37325ms)
✔ R11 actual panel rendering preserves unknowns and reconnect route in zh-CN (26.944542ms)
✔ D1, D6, R7: exact amounts and sources remain independent, account days stay labelled (0.632083ms)
✔ R12: null stays unknown and unread / unauthorised / insufficient remain different states (0.633417ms)
✔ R12 granted but unread audience offers a read, never reconnect in en (4.145833ms)
✔ R12 granted but unread audience offers a read, never reconnect in zh-TW (3.347375ms)
✔ R12 granted but unread audience offers a read, never reconnect in zh-CN (4.618708ms)
✔ I12 forged / missing frozen fields never silently become zeros (4.142084ms)
✔ only whitelisted aggregates survive: extra identifiers and HTML are never interpreted (0.519041ms)
✔ attribution is a read-only BFF resource with exact bounded query grammar (1.465625ms)
✔ audience-read is exactly the new local intention POST and never a data GET or queried write (0.54175ms)
✔ route fails closed without ads:read and is not a duplicate navigation entry; locale keys match (0.414459ms)
ℹ tests 37
ℹ suites 0
ℹ pass 37
ℹ fail 0
ℹ cancelled 0
ℹ skipped 0
ℹ todo 0
ℹ duration_ms 2023.598042
✔ option/slug/SKU caps equal internal/catalog (options.go, catalog.go) (40.779042ms)
✔ text caps equal the Go validators (name 120, description 8000, SEO 70/160, collection title 80) (2.533042ms)
✔ photo caps equal Go (MaxMainImages, MaxDetailImages, MaxImageBytes) and the SKU code pattern (3.893833ms)
✔ PE13 Cartesian matrix is local, preserves edits and deduplicates values (11.387458ms)
✔ PE13 bulk quantity skips negative rows without modifying them (0.208333ms)
✔ PE12 untracked document uses whole currency and per-order cap, never quantity (21.931792ms)
✔ PE14 missing readback is not guessed or silently cleared by full replacement (0.689833ms)
✔ bulk status accepts explicit per-item results, never empty or duplicated confirmations (1.09475ms)
✔ matrix refuses over 100 SKUs before expansion (0.141542ms)
✔ parity: admin caps equal the Go constants (16.278083ms)
✔ image list: 4 main + 20 detail + 2 sku in role order is accepted (1.294125ms)
✔ image list: 5 main, 21 detail, wrong role order, gaps and extra keys are refused (0.177542ms)
✔ single image: role is required and its position is bounded by the role cap (1.321208ms)
✔ PE14 new edit SKU carries its own shipping and clears no existing fields (23.110125ms)
✔ PE14 patch changes only price and preserves unmentioned fields (0.675916ms)
✔ PE14 on_hand is not available, zero target is transmitted, ambiguous warehouse refuses (1.087917ms)
✔ PE14 explicit clears and shipping remain per SKU on an active row (0.578417ms)
✔ PE14 archive supersedes every other edit on that SKU (b77eeb11) (0.667209ms)
✔ PE14 no-op has no command fields and changed axes explicitly archive omitted variants (0.229167ms)
ℹ tests 19
ℹ suites 0
ℹ pass 19
ℹ fail 0
ℹ cancelled 0
ℹ skipped 0
ℹ todo 0
ℹ duration_ms 283.954625
(node:35485) ExperimentalWarning: Transform Types is an experimental feature and might change at any time
(Use `node --trace-warnings ...` to show where the warning was created)
✔ UNKNOWN retry client authorization loss requires reconciliation, not a fresh command (3.517333ms)
✔ UNKNOWN retry 401 authorization loss requires reconciliation, not a fresh command (11.635625ms)
✔ UNKNOWN retry 403 authorization loss requires reconciliation, not a fresh command (0.61575ms)
✔ a conclusive command rejection stays distinct from authorization loss (0.769958ms)
ℹ tests 4
ℹ suites 0
ℹ pass 4
ℹ fail 0
ℹ cancelled 0
ℹ skipped 0
ℹ todo 0
ℹ duration_ms 155.070125
(node:35502) ExperimentalWarning: Transform Types is an experimental feature and might change at any time
(Use `node --trace-warnings ...` to show where the warning was created)
✔ offer controls read authoritative limits without parsing unrelated KEYWORD_QTY_CONTAINS window/stats (17.5095ms)
✔ offer controls accept 101 through the backend cap of 200 distinct offers, reject 201 (5.149708ms)
✔ offer toggle preserves exactly the authoritative maximum in the real M4 payload (6.763458ms)
✔ console BFF admits exactly A1/A7/A6 and A5 read/copy methods (0.794375ms)
✔ Next proxy admits the exact console family and results query before the BFF (83.920708ms)
✔ results query is canonical repeated session_id 1..50, everything else queryless (0.120917ms)
✔ real BFF route forwards only exact resources, authenticates scope and returns private scrubbed errors (38.523083ms)
✔ new commands reject unknown keys and preserve frozen copy/lifecycle/recommend body (0.220125ms)
✔ browser commands reuse Studio fences, exact no-comment recommend body and backend refusal codes (1.775375ms)
✔ results client preserves canonical ids/order and rejects invalid list before fetch (0.375333ms)
✔ stock client reuses catalog transport/key/parser and fences a changed login without retries (1.082334ms)
(node:35503) ExperimentalWarning: Transform Types is an experimental feature and might change at any time
(Use `node --trace-warnings ...` to show where the warning was created)
✔ A1 strict MOCK snapshot preserves unavailable counts, capability unknown and server stock (2.633542ms)
✔ A7 returns a separate lifecycle version and closed full KEYWORD_QTY_CONTAINS window (0.123333ms)
✔ A5 results retain separate environments/currencies and bind exact requested ids/order (0.156042ms)
✔ A5 copy parses real Go envelope, copied offer prices and KEYWORD_QTY_CONTAINS window (0.352834ms)
✔ A6 accepts optional operation UUID, never guessed send success (0.083375ms)
(node:35504) ExperimentalWarning: Transform Types is an experimental feature and might change at any time
(Use `node --trace-warnings ...` to show where the warning was created)
✔ Live settings navigation accepts a scene picker entry but never a malformed or unscoped deep link (1.607417ms)
✔ LC-B7 stock permission admits live_adjust without inventory:write, not unrelated grants (0.090459ms)
✔ Instagram comment total stays unavailable; Facebook observed count is not a platform total (0.066ms)
✔ LC-U1 one primary action follows lifecycle, never planning or transport state (0.043584ms)
✔ LC-U1 stock target uses sellable delta and rejects fractions, negative and over-limit changes (0.076292ms)
✔ LC-U1 links only explicit FB post identities, never arbitrary URLs or guessed videos (0.067291ms)
✔ LC-U1 Facebook preview keeps the original no-frame CSP and uses a safe external link (0.569166ms)
✔ LC-U1 delayed copy completion cannot navigate after store switch or unmount (0.1075ms)
✔ LC-U1 receipt fence survives cookie rotation; pending replay still has a separate session boundary (0.410208ms)
ℹ tests 25
ℹ suites 0
ℹ pass 25
ℹ fail 0
ℹ cancelled 0
ℹ skipped 0
ℹ todo 0
ℹ duration_ms 351.136166
✔ claims window modes match Go constants and every SQL match_mode CHECK (35.763417ms)
✔ contains prompt requires explicit quantity and removes the exact-only instruction (0.437875ms)
✔ Japanese is copy-only and never widens Meta reply_locale (0.319167ms)
✔ bundle parser accepts manual (labelled) and Meta (unlabelled) bundles (1.781583ms)
✔ bundle parser rejects unknown platforms and label/platform mismatches (0.64375ms)
✔ offer parser carries the live price and rejects every out-of-range or missing field (1.404958ms)
✔ library and import parsers are closed; removal receipt is the only version-0 shape (1.131666ms)
✔ price input: exact decimal minor units, never float, bounded to the currency's places (21.416292ms)
✔ live-tools copy exists in all three locales with the same conflict reasons (0.873333ms)
✔ claims BFF allowlist is exactly M1–M7 per method (2.292625ms)
✔ M7 link response shape is closed (0.18725ms)
✔ host prompt copy is the frozen text, verbatim (0.082375ms)
ℹ tests 12
ℹ suites 0
ℹ pass 12
ℹ fail 0
ℹ cancelled 0
ℹ skipped 0
ℹ todo 0
ℹ duration_ms 222.301542
NOT_RUN: tests/media/r04-input-runner.test.mjs (COMMERCE_R04_LIVEKIT_BINARY unset)
