✔ /products/{uuid} redirects permanently to the zh-TW product page (47.000333ms)
✔ non-uuid ids are 404, never redirected (9.422ms)
✔ AT1: the locale redirect preserves the ad-click query without allowing a redirect target (0.18675ms)
✔ R10: standalone signed signals survive a missing or expired seven-day touch (10.859542ms)
✔ R10: standalone signals reject expiry, bad signature, duplicates and another host (0.407583ms)
✔ AT1 R5: browser identity survives expired touch and rolls for ninety days (0.180042ms)
✔ AT1 R5: missing ad parameters create no cookies; fbclid alone creates no touch (0.479125ms)
✔ AT1 R5: lc_ad alone updates attribution and does not replace fbc (1.7975ms)
✔ AT1: host-only first-party cookies contain no PII and read back exactly (0.341125ms)
✔ AT1: a later valid click replaces the draft but preserves the browser identifier (0.119209ms)
✔ R10: only a different fbclid replaces fbc and its first-seen timestamp (0.235417ms)
✔ AT1: malformed and ambiguous links do not overwrite a valid prior touch (0.324709ms)
✔ AT1: host and key binding reject copied cookies (0.181333ms)
✔ AT1: duplicates and tampering invalidate the entire envelope (0.138208ms)
✔ AT1: exactly seven days is valid, the next millisecond and future clicks are not (0.137167ms)
✔ catalog list query limits equal the Go v2 parser (internal/buyerhttp/catalogv2.go) (56.825583ms)
✔ collection list cap equals Go maxCollectionsPerStore (9.905125ms)
✔ design caps equal internal/design/schema.go (nav, sections, pages) (13.434ms)
✔ CVS buyer-entered store bounds and return path equal Go (internal/checkout/cvs.go, migration 0093) (8.956583ms)
✔ transfer view: closed shape and state rules mirror Go validTransferView (0.774542ms)
✔ proof body and result: five digits, positive minor amount, ISO instant (0.177333ms)
✔ minorFromText: major units with at most two decimals, never a float surprise (0.088833ms)
✔ buyer email mirror: one plain address, 254 characters at most (0.099458ms)
✔ countdown: whole hours and minutes, never negative (0.349916ms)
✔ copy: three locales carry every key and every refusal code (0.18575ms)
✔ options: a home row lists modes only with bank_transfer and then needs its window (0.663792ms)
✔ checkoutInput: a home bank_transfer body, the optional trimmed email, and every refusal before any request (1.10075ms)
✔ order: AWAITING_TRANSFER is a valid commercial state without a hold time (0.597667ms)
✔ BFF: exact transfer routes, keyed proof PUT, strict body, validated answers, no generic proxy (129.04675ms)
✔ BFF: transfer refusal codes pass through as definite 422; checkout accepts bank_transfer and a valid email only (70.129584ms)
✔ D06 order heading follows a settled transfer: never 'waiting for transfer' above a confirmed or expired one (0.245625ms)
✔ uncertain prepare blocks all mutations; changed cookie context resolves journal (78.452959ms)
✔ fully parsed local denial clears only its own pending operation (2.4235ms)
✔ malformed journal, unavailable lock and stale context fail before writes (2.113542ms)
✔ BPT05 exact handoff permits absent body/key, one fetch, no form persistence (59.730375ms)
✔ BPT05 wrong handoff form and ordinary writes fail before any fetch (0.609125ms)
✔ BPT05 unresolved cookie journal blocks handoff; lost response is one fetch without persistence (0.163792ms)
✔ SU02 refresh permits absent body/key, one fetch, no persistence (0.179458ms)
✔ SU02 refresh rejects a body, a key or a malformed path before any fetch (0.127583ms)
✔ SU02 cancel permits absent body/key, one fetch, no persistence (0.112458ms)
✔ SU02 cancel rejects a body, a key or a malformed path before any fetch (4.412333ms)
✔ BPT01 exact private path, headers, body and three-locale one-fetch transport (181.621083ms)
✔ BPT02 payment routes reject untrusted path, context, headers, key and body before fetch (104.491959ms)
✔ BPT03 hostile upstream success is sanitized, never returned as payment data (80.152833ms)
✔ BPT04 every handoff failure is nonretryable, including pre-route and transport loss (5.919041ms)
✔ SU02 five routes: exact upstream path, method, key, body, one fetch each (6.381792ms)
✔ SU02 refresh and cancel are keyless and pass every CSRF/context denial before fetch (33.085334ms)
✔ SU02 every handoff/refresh/cancel failure is nonretryable and sanitized (40.50475ms)
✔ SU02 hostile Stripe bodies become the sanitized 503; PAYUNi and Stripe bodies stay byte-identical (88.413708ms)
✔ SU02 prepare accepts only the two known method codes (0.992708ms)
✔ disabled and invalid configuration fail closed before private fetch (26.873542ms)
✔ private authority, cookie lifecycle and strict local denial (163.355958ms)
✔ bad host, cookie, query and method never reach private API (6.552625ms)
✔ stalled inbound POST body is canceled at its deadline without a cookie or private call (4.159875ms)
✔ R10: Begin forwards independently signed signals; browser attribution and forwarded hosts are not authority (80.581208ms)
✔ CVS BFF: exact routes, keyed open/store, keyless verify, validated answers, no generic proxy (77.81575ms)
✔ CVS BFF: contract refusal codes pass through; pay_at_pickup_limit is a definite (non-retryable) 429 (24.057ms)
✔ fragment grammar accepts only one canonical token (1.791875ms)
✔ claim projections are closed (0.866875ms)
✔ claim token rides only its header on B1/B2 and is never echoed (216.022459ms)
✔ claim-priced cart edits send only SKU and quantity, keeping server price authority (5.681041ms)
✔ direct-checkout sold-out projection is mandatory, boolean and closed (0.159375ms)
✔ claim redeem shares the purchase lock, guards recovery and never persists the token (10.089833ms)
✔ ClaimLink removal projects live-priced survivors on ready and conflict pages (146.786ms)
✔ ClaimLink revisit checks out applied A while pending B is sold out or unavailable (13.700333ms)
✔ ClaimLink refreshes a nothing result after a second tab applied the claim (53.1145ms)
✔ ClaimLink does not navigate when a buyable claim target is absent or has changed quantity (96.186583ms)
✔ ClaimLink optional prior-order notice tolerates unreadable storage without bypassing recovery (99.659041ms)
✔ CVS01 map form: only the two ECPay e-map actions, exact fields, top-level-safe values (12.462208ms)
✔ CVS02 return path allowlist excludes /claim and anything but the checkout or product page (0.232917ms)
✔ CVS03 selection projection: VERIFIED<=>pickup, REJECTED<=>reject_code, absent keys read as null (3.897083ms)
✔ CVS04 buyer-entered store answer and request body (1.083584ms)
✔ CVS05 store code table (§16.1) keeps leading zeros and per-chain lengths (0.516792ms)
✔ CVS06 recipient mirror: real-name width 4..10 (CJK=2), no digits/symbols/emoji; 09 mobile (3.471167ms)
✔ CVS07 checkout draft: name, phone and mode only; read once; corrupt/foreign shapes are dropped (0.917125ms)
✔ CVS08 return URL: only ?cvs_selection=<uuid> is accepted (5.395875ms)
✔ CVS09 buyer order projection and copy keys: nothing but PICKED_UP says picked up (24.323958ms)
✔ CVS10 error codes: field mapping, definite refusals, official links are https constants (6.168209ms)
✔ CVS11 client transport: verify is the one new keyless POST; the server refusal code rides BuyerClientError.detail (104.16875ms)
✔ every locale x page has a title, an updated line and at least one section (5.918875ms)
✔ locales share the section count and per-section body count of every page (1.051417ms)
✔ final text is only the owner-confirmed company facts (CR 81215167 name + registered address); nothing else is final (0.766917ms)
✔ a legal page is published only when every text on it is final; buyers see no link to an unpublished one (8.052041ms)
✔ data-deletion path is named in the privacy page of every locale (0.370625ms)
✔ pendingOwnerText lists exactly the texts that keep a page unpublished and is written for the owner (4.32025ms)
✔ a live (claim-origin) price replaces the catalog price and strikes it through (1.304625ms)
✔ without a live price the catalog price and its compare-at are shown unchanged (0.097875ms)
✔ a live price equal to or above the catalog price is shown as set (strike hidden by the UI guard) (0.059958ms)
✔ a live price strikes the catalog price, never the variant sale price (0.050042ms)
✔ order ref: 12 hex (dashes or spaces, any case) or a full id (0.502917ms)
✔ contact: one email or a phone of 6..20 digits (0.156875ms)
✔ body is exactly {order_ref, contact}; the answer is exactly {order_id} (0.128375ms)
✔ BFF lookup: no cookie needed, fresh token goes upstream, cookie only on 200 and it carries that same token (148.171125ms)
✔ BFF lookup: strict local denial before any private fetch (10.425125ms)
✔ copy: three locales carry every key (0.823083ms)
✔ MS4 srcset descriptors use actual decoded widths and deduplicate small renditions (0.432416ms)
✔ MS1 product rendition allowlist preserves trusted Host and never forwards buyer cookies (39.50375ms)
✔ MS2 invalid, duplicate, extra, encoded widths and non-product variants fail before fetch (86.378ms)
✔ MS3 old-image fallback is never promoted to immutable; committed variants are cacheable (1.67875ms)
✔ TWD whole amounts show no decimals in every locale and at every magnitude (line, subtotal, total, zero) (40.370541ms)
✔ cents appear only when there are cents, then always as two digits; the minor-unit arithmetic is untouched (0.633792ms)
✔ digits come from the currency: JPY none, USD two when there are cents (1.619834ms)
✔ one formatter: no component, page or lib builds a currency Intl.NumberFormat outside lib/money.ts (13.099792ms)
✔ fragment: exactly #o=<order id>&t=<43-char token>; anything else is null (2.0745ms)
✔ body is exactly {order_id, token, proof}; the answer is exactly the order the link named (0.869084ms)
✔ BFF link: no cookie needed, fresh token upstream, cookie only on a 200 naming the same order, link token never echoed (210.798125ms)
✔ BFF link: strict local denial before any private fetch (5.382375ms)
✔ copy: three locales, one refusal text, a retry and a lookup path (0.167958ms)
✔ BPU01 fresh payment writes exact metadata before prepare, one bodyless Take, no persistent form (36.77975ms)
✔ BPU01 lost prepare response replays original key/body only on explicit next click (25.230583ms)
✔ BPU01 lost handoff is permanently GET-only, even after a second click (18.268458ms)
✔ BPU01 storage, amount, scope and child/screen fences reject before irreversible writes (94.538209ms)
✔ BPU01 document/child loss after prepare but before Take leaves exact replay marker (7.549583ms)
✔ BPU01 malformed server handoff never submits and Take remains nonretryable (5.602291ms)
✔ BPU01 marker replacement before Take and after Take blocks release/form reuse (5.001375ms)
✔ BPU01 context replacement after prepare and after Take closes destination without form (11.071959ms)
✔ BPU01 synchronous destination refuses invalid locale before opening a window (0.239708ms)
✔ SU03 fresh Stripe pay: marker before prepare, one prepare, one handoff, navigate, URL never stored (1.076708ms)
✔ SU03 marker replay: lost prepare response replays key/body, no uncertain on PENDING view with leftover marker (50.245709ms)
✔ SU03 cross-device Continue needs no marker and never prepares (4.890334ms)
✔ SU03 marker/view matrix: PAYUNi marker on Stripe view and Stripe marker on PAYUNi view send nothing (4.524417ms)
✔ SU03 any other view renders without a POST (3.488375ms)
✔ SU03 CREATING: waits on the schedule without the lock, then hands off once when READY (13.708708ms)
✔ SU03 CREATING budget: 10 reads over 30 s, then the blank child is closed, no POST, no throw (29.077167ms)
✔ SU03 cancel_requested seen on the re-GET aborts before the handoff POST (3.324333ms)
✔ SU03 handoff outcomes: CREATING closes child, CLOSED/UNAVAILABLE/error/malformed reject; one POST each, never retried (3.397375ms)
✔ SU03 Stripe prepare errors, amount/currency mismatch and popup loss stop before any handoff (1.359ms)
✔ SU03 two clicks make two handoff POSTs only because there were two clicks; sequential, none from reads (2.3555ms)
✔ SU03 navigate: validates again, needs an owned blank child, sets used before replace, no URL in errors (0.430167ms)
✔ SU03 refresh signal: keyless single POST, validated, throttled 1/10 s and 30 per page life, cancel never throttled (1.819833ms)
✔ SU03 signal failures are single-shot and sanitized: HTTP error, malformed body, wrong order (0.271583ms)
✔ private quote/option authority fields are required; only exact MANUAL home can checkout (4.290708ms)
✔ continue shopping advances only ordered version, clears hint, keeps SQL history authoritative (174.804209ms)
✔ lost next-cart response retries identical key/body and preserves a newer cart (1.379333ms)
✔ continuation never overwrites an already advanced cart (18.548292ms)
✔ unknown checkout blocks continuation without any business request (12.039916ms)
✔ two queued continuation clicks mutate once; stale order ID cannot clear another order (5.331417ms)
✔ CAS conflict resolves only after a newer cart is read (1.115792ms)
✔ locator removal failure retains next-cart journal and recovery survives missing locator (10.492291ms)
✔ order history summary rejects PII/unknown fields and malformed scope IDs (0.109916ms)
✔ native address validation mirrors printable Unicode, limits and phone; journal forbids PII (16.316875ms)
✔ address lost reply replays exact in-memory intent, then confirms current head (2.046459ms)
✔ address reload requires explicit new intent and exact observed CAS; stale head never auto-bumps (4.702ms)
✔ old address receipt cannot confirm another tab's newer current head (9.819375ms)
✔ a late address CAS winner requires another explicit confirmation, not an automatic version bump (8.813166ms)
✔ checkout lost reply, queued duplicate and current GET reuse one key and one order (1.113125ms)
✔ uncertain checkout retains original journal across later 401/403/404/5xx and malformed success (42.829ms)
✔ only a fresh definitive denial clears checkout; no order locator is invented (0.320292ms)
✔ locator storage failure after commit retains same key; reload GET failure keeps locator (0.921917ms)
✔ locator persisted but journal removal failed resumes pending receipt, not unrelated pointer (11.448083ms)
✔ unavailable storage, invalid locator and late changed context fail closed (0.378334ms)
✔ order locator readback mismatch and no-op journal removal both retain checkout recovery (0.51625ms)
✔ direct claim continuation refuses a newer ordered cart inside the purchase lock (0.378791ms)
✔ direct claim continuation keeps next-cart recovery after a conflicting clear (20.086959ms)
✔ BPT03 exact valid projection and Go nanosecond UTC timestamps (17.112958ms)
✔ BPT03 view rejects private fields, inconsistent state and malformed names (0.199542ms)
✔ BPT03 prepared receipt enforces exact original credit-card amount (0.21275ms)
✔ BPT03 hosted form and replay are exact, bounded and action-allowlisted (3.802417ms)
✔ SU01 Stripe views: fresh, both methods, attempt states, PAYUNi unchanged (2.90375ms)
✔ SU01 Stripe view negatives (0.189125ms)
✔ SU01 prepared amounts follow the corrected per-currency table (0.14075ms)
✔ SU01 Stripe handoff union and every redirect_url negative (0.292917ms)
✔ SU01 payment signal is exactly {order_id, scheduled:boolean} (0.109ms)
✔ RUI01 refund summary: refunded states, pending money, absent ≡ null (0.148334ms)
✔ RUI01 refund summary negatives (1.257ms)
✔ BPU03 neutral GET and POST return ignore every callback field and cookie (18.369875ms)
✔ primary origin: exact path/query, same host, and no URL-controlled destination (5.814583ms)
✔ GET and HEAD use trusted Host, private bounded uncached resolver and exact 301 (44.244709ms)
✔ no writes redirected; resolution failures fail closed; unknown hosts keep native 404 (7.279625ms)
✔ policy version is the frozen constant, in the customers-core D4 shape (1.423458ms)
✔ route table: exactly the four buyer privacy routes, methods and body kinds (1.407667ms)
✔ body shapes are closed and mirror the frozen Go inputs (no source, no policy_version) (0.533959ms)
✔ GET privacy validator: closed shape, erased owner holds no consent (0.847084ms)
✔ consent result and erasure summary validators (0.923042ms)
✔ buyer export envelope never carries customer_id (0.359667ms)
✔ failure classification: 410 and erased are the erased state (0.757375ms)
✔ copy: every locale has the same keys, the ads box discloses that sent events cannot be recalled (0.263041ms)
✔ parity: frontend caps equal the Go constants (5.239ms)
✔ detail parser: 4 main + 20 detail + option-value images are accepted and mapped (1.007209ms)
✔ detail parser: 5 main, 21 detail, bad ids and over-cap option images are refused (0.547875ms)
✔ detail parser: a backend before product-media-v2 (no new keys) still parses with empty defaults (0.404625ms)
✔ v1 catalog row: images are main-only (<= 4) and image_id is a uuid or null (0.764ms)
✔ PRO-S1 code mirror: any case and spaces normalise; impossible codes never become a request (3.219375ms)
✔ PRO-S2 promotion object: closed keys, kind/value pairing (0.252ms)
✔ PRO-S3 quote validator: promotion is optional but never malformed; the discount stays the server's own number (0.31825ms)
✔ PRO-S4 journal grammar: a quote write may carry one canonical promo_code, nothing else (0.931334ms)
✔ PRO-S5 copy: three locales cover every refusal code and the same keys (0.639416ms)
✔ PRO-S6 BFF quote route: promo_code relayed untouched when canonical, refused before the private API otherwise (160.966583ms)
✔ PRO-S7 BFF: every promo_* refusal is a definite, non-retryable 422 with its own code (78.902417ms)
✔ demonstration disclosure is explicit and local-only (1.215333ms)
✔ cart selection preserves unrelated SKUs and the observed CAS version (102.602416ms)
✔ minor amounts are bounded before multiplication, including zero (0.132792ms)
✔ delivery identity includes country for one market and method (0.087083ms)
✔ journal is bound to context and rejects PII/unknown fields (0.254375ms)
✔ lost response replays exact key/body, then clears only after parsed receipt (92.079416ms)
✔ RUI02 buyer order admits MERCHANT_SHIPPED only with a SHIPPED head; absent shipment ≡ null (0.468417ms)
✔ RUI02 shipment shape negatives (incl. unsafe links) (0.240417ms)
✔ RUI02 history summary admits MERCHANT_SHIPPED (a shipped order must not break the list) (0.084333ms)
✔ CVSP01 options: CVS rows carry pickup_selection/payment_modes; unavailable rows are a separate shape (0.349667ms)
✔ CVSP02 CVS destination write: TW only, pickup_id required, empty home address; home unchanged (1.88725ms)
✔ CVSP03 checkoutInput: payment_mode only for CVS rows and only a mode the row offers (0.306583ms)
✔ COD confirmation includes expected fee, enforces collect cap and validates immutable order money (0.233042ms)
✔ CVSP04 buyer order: pay_at_pickup <=> collection_state; cvs_shipment only on a matching CVS destination (0.193208ms)
✔ CVSP05 journal accepts a CVS destination marker and a checkout body with payment_mode, nothing else (40.665166ms)
✔ validProduct accepts up to the Go photo cap and rejects one more (46.182791ms)
✔ design: garbage and hostile documents collapse to the safe default shape (2.823208ms)
✔ design: links, preview token propagation, nav resolution (0.439167ms)
✔ design: any merchant accent yields readable button text and link colour (WCAG AA) (1.329875ms)
✔ variants: resolution, disabled out-of-stock combinations, initial choice, price bounds (0.252292ms)
✔ catalog-v2 parsers accept the frozen shapes and refuse drift (0.895542ms)
✔ free-delivery progress words the hint only when a threshold exists (0.337959ms)
✔ list query: only whitelisted, canonical values survive (8.143958ms)
✔ seo: JSON-LD cannot break out of its script tag; offers reflect stock and price range (46.905875ms)
✔ seo: sitemap escapes and carries hreflang; robots refuses everything for a closed host (0.506167ms)
✔ money: whole amounts drop cents, minor digits come from the currency, filters round-trip (2.852042ms)
✔ cart line write: replaces one line, keeps the others, 0 removes, CAS version is the one shown (7.230334ms)
✔ cart problems map to buyer-facing classes without leaking transport detail (0.108959ms)
✔ checkout options accept the optional free-shipping threshold only as a positive integer or null (0.64825ms)
✔ no-image placeholder copy: exactly the locale label a photo-less card or gallery renders (0.203333ms)
✔ storefront image caps equal the Go catalog caps (internal/catalog MaxMainImages, MaxDetailImages) (14.763916ms)
✔ design text limits count code points like Go, never splitting a surrogate pair (1.025791ms)
✔ G3: same-series cards exclude the current product and never invent absent draft/foreign products (0.607458ms)
✔ G5: safety guidance exists in three languages without changing the five merchant policy approval boundaries (1.771792ms)
✔ G4: category chips omit empty collections; hidden collections absent from the public API stay absent (0.066125ms)
✔ dictionaries have exact parity and non-empty values (0.761583ms)
✔ locale precedence and language quality mapping (0.694459ms)
✔ localized paths preserve deep links and reject dangerous input (0.3805ms)
✔ path locale only matches a canonical first segment (0.063458ms)
✔ the four constructs render (0.673459ms)
✔ XSS payloads stay inert text (0.474667ms)
✔ fuzz: any string over a hostile alphabet renders only whitelisted tags (15.668875ms)
✔ validator mirrors the Go rules (1.098583ms)
✔ SDN1 allowlist: exactly the contract routes, per method (1.482917ms)
✔ SDN1 allowlist: traversal, case, suffix and prefix tricks never match (0.902166ms)
✔ SDN1 request shape: no query string anywhere, reads carry no body, key, length or transfer-encoding (141.892333ms)
✔ SDN1 cap: 260 KiB = Go's 256 KiB document + 4 KiB envelope, and a body of exactly the cap is still below it (0.075667ms)
✔ SDN2 renderer: every XSS payload comes out as whitelisted tags and escaped text only (0.80425ms)
✔ SDN2 renderer: escape-first means the merchant's text never becomes markup (0.099416ms)
✔ SDN2 renderer: fuzz (seeded) never produces a tag outside the whitelist (93.472291ms)
✔ SDN2 client validator rejects what the server rejects (HTML, non-https links, `<` anywhere) (0.255792ms)
✔ cleanForSave turns cleared fields into null but keeps an empty body (0.43475ms)
✔ localIssues names each missing mandatory value by server path (52.553875ms)
✔ moved swaps neighbours and ignores out-of-range moves (0.169291ms)
✔ parsers accept the exact Go shapes and refuse extra or missing keys (0.451792ms)
✔ BFF allowlist covers exactly the design resources (0.271041ms)
✔ validDesignRequest refuses queries and bodies on reads, ignores other paths (32.485917ms)
✔ designDetails forwards only a bounded {path, reason} pair (0.172959ms)
✔ accepts exactly the three locale invite paths with a 20-200 char token (0.506125ms)
✔ rejects anything that is not an exact same-origin relative invite path (0.088542ms)
✔ rejects percent-encoded variants of the exact shape (0.052583ms)
✔ the token is an opaque invite token shape, never a URL (0.044458ms)
✔ fragment carrier: round-trips the exact invite path, is never a query string, and rejects hostile fragments (0.191375ms)
✔ dashboard: accepts the frozen shape, rejects drift (4.084084ms)
✔ import result: strict keys, closed error codes, committed never carries errors (1.289666ms)
✔ csv file guard mirrors the Go bounds (0.309416ms)
✔ manual options: a COD home row parses with its offer (D01: the page used to refuse the whole list) (1.629333ms)
✔ manual options: only bank_transfer / pay_at_pickup / cash_on_delivery, key must equal market|country|code (0.185958ms)
✔ manual result: link is https with the order id and a 43-char capability in the fragment only (0.514584ms)
✔ draft: first problem, and the body has no price-like field at all (1.062417ms)
✔ BFF grammar: exactly the seven tools resources (0.09925ms)
✔ regenerate body/result: exactly {order_id, locale} and a fresh https link naming that order (0.157208ms)
✔ copy parity: every locale has every key, import rules and error codes (0.457791ms)
✔ callback redirect target is always a same-origin /<locale>/settings path whatever the cookies, store, code or error say (3.029541ms)
✔ the binding cookie: exactly one canonical store uuid, path-scoped to the callback, HttpOnly, Lax, 10 minutes, Secure (0.134417ms)
✔ callback query: exactly one code and one state within charset/length bounds; Meta's error=… and repeats are not forwarded (1.1225ms)
✔ the dialog URL the BFF hands the browser is https://www.facebook.com only (0.519916ms)
✔ callback error mapping only ever yields fixed codes, never an upstream message (0.365209ms)
✔ selected Page qualifies only a bare Facebook id, never rewrites another Page or external URL (1.564625ms)
✔ status: not connected, connected with and without Instagram, and every deviation throws (41.215917ms)
✔ pick state: closed shape, optional Instagram keys come as a pair, id must match (9.723083ms)
✔ route grammar: only status/states/pick/disconnect; start and callback are dedicated routes; no query; reads carry no body or key (25.184917ms)
✔ connect cookie, body and callback redirect never carry code/state and only fixed codes (1.546959ms)
✔ copy: three locales have the same keys and every Go error code has a message (0.136459ms)
✔ D02 TWD input: whole dollars only, x100 on the wire (26.438333ms)
✔ D02 TWD edit text: whole dollars have no decimals; a legacy amount with cents is never shown as another price (0.230792ms)
✔ D02 display: NT$ without decimals in every language, cents only when there are cents (1.085625ms)
✔ D02 live-price input (Studio claims): TWD whole dollars, other currencies their decimals (0.147042ms)
✔ D02 discount code amounts: TWD whole dollars, a decimal is refused before it is sent (0.244125ms)
✔ D02 no admin copy or component says 'minor units' to the merchant (22.690667ms)
✔ M06 time: Asia/Taipei everywhere, labelled, never UTC (7.52375ms)
✔ settings answer: exactly one boolean key (0.713667ms)
✔ PUT body is the frozen single key (0.071458ms)
✔ BFF grammar: GET read, PUT keyed command, nothing else (0.188958ms)
✔ copy: three locales, same keys, no empty text (0.121542ms)
✔ PRM01 parse: exact keys, kind/value pairing and ranges; duplicates and unknown keys are refused (40.490333ms)
✔ PRM02 Taipei wall time: +08:00 on the wire, instant shown back in Taipei, impossible dates refused (25.525666ms)
✔ PRM03 create body: normalised code, major units to minor units, optional fields null, whole body validated (2.576375ms)
✔ PRM04 update + toggle: version CAS key, form round trip, pause keeps every other field (0.392542ms)
✔ PRM05 BFF grammar: exactly list, create and update; nothing generic (0.163709ms)
✔ PRM06 copy: three locales carry the same keys and every refusal code the Go routes can answer (0.116458ms)
✔ G-UI3/G-UI5 architecture constraints pass with shrinking legacy exceptions (1062.169ms)
✔ G-UI3/G-UI5 negatives: new formatter, component fetch, >800 lines and wider allowance fail (0.841208ms)
✔ Readiness jump controls expose the actual active section, not a click flag (0.700625ms)
✔ Integrator P2: legal CN comment ordering and a distinct three-image recommendation (0.190417ms)
✔ ADM04 and ADM06 explain unavailable SKUs and keep collection vocabulary consistent (0.279792ms)
✔ ADM06 create/detail titles share the route vocabulary without adding a phantom Next page (0.315417ms)
✔ G-UI1 Next pages and route registry are bidirectional, unique, typed, documented (1.343667ms)
✔ G-UI1 copy key parity: no missing or extra key in any locale (0.075833ms)
✔ G-UI2 staff without catalog:read cannot see products/inventory or open a product URL (3.9065ms)
✔ G-UI2 every route permission is a permission Go knows, and /orders/new needs inventory:reserve (110.223375ms)
✔ G-UI1 dynamic and public routes match, details never appear as navigation (5.671125ms)
✔ created address is a strict HTTPS origin matching the assigned handle (35.0825ms)
✔ DNS instructions must name the requested origin and a bare hostname target (0.466166ms)
✔ domain kind is authoritative and closed, not inferred from host or token (1.084666ms)
✔ apex DNS retains every concrete IPv4/IPv6 address and rejects malformed values (0.929292ms)
✔ pending domain journal preserves exact action/key/target; legacy or corrupt markers never replay (0.455583ms)
✔ browser-origin gate: every refusal happens before Go is called, for every action (11.779917ms)
✔ only POST exists on the team routes (1.89475ms)
✔ unknown action is a local 404 and never reaches Go (0.4445ms)
✔ strict request grammar: wrong keys, types, ids, roles, locales and token shapes are 422 locally (6.376125ms)
✔ what reaches Go: BFF key, bearer from the cookie, no Cookie/Origin, body unchanged, exactly one call per request (93.714416ms)
✔ Go failures are rebuilt locally from allow-listed codes, never retried, and never echo the token (1179.011167ms)
✔ team answer: accepts the frozen shape, null role and OIDC member without email (17.680667ms)
✔ team answer: unknown key, unknown role, bad id, bad mail state are rejected (7.438875ms)
✔ invite and accept answers are strict (1.160041ms)
✔ request grammar: every action has an exact key set and rejects junk values (0.247667ms)
✔ copy: three locales carry the same keys and a label for every role (2.699ms)
✔ role-aware navigation: hides entries the member's permissions cannot use; unknown shows all; Team is owner-only (0.382417ms)
✔ positive control: a complete, valid configuration raises no META_LOGIN finding (2795.281541ms)
✔ feature off (COMMERCE_META_LOGIN_CONFIG_ID empty): no rule applies even with the other keys empty (527.247334ms)
✔ P06: the Page route needs the webhook receiver (283.177458ms)
✔ P06: sessions come from identity (307.974208ms)
✔ P06: without the claims profile nobody sends the private replies (a WARN, not a FAIL) (708.821208ms)
✔ P08: COMMERCE_META_LOGIN_CONFIG_ID must be numeric ("abc") (617.288541ms)
✔ P08: COMMERCE_META_LOGIN_CONFIG_ID must be numeric ("12 34") (603.745958ms)
✔ P08: COMMERCE_META_LOGIN_CONFIG_ID must be numeric ("111111111111") (308.415417ms)
✔ P08: COMMERCE_META_LOGIN_CONFIG_ID must be numeric ("0x10") (359.747584ms)
✔ P08: COMMERCE_META_LOGIN_CONFIG_ID must be numeric ("-1") (747.402708ms)
✔ P08: COMMERCE_META_LOGIN_REDIRECT_URI must be exactly https://<LC_ADMIN_HOST>/api/meta/callback (wrong host) (534.092417ms)
✔ P08: COMMERCE_META_LOGIN_REDIRECT_URI must be exactly https://<LC_ADMIN_HOST>/api/meta/callback (http scheme) (324.508208ms)
✔ P08: COMMERCE_META_LOGIN_REDIRECT_URI must be exactly https://<LC_ADMIN_HOST>/api/meta/callback (the ads callback path) (202.1105ms)
✔ P08: COMMERCE_META_LOGIN_REDIRECT_URI must be exactly https://<LC_ADMIN_HOST>/api/meta/callback (trailing slash) (217.635334ms)
✔ P08: COMMERCE_META_LOGIN_REDIRECT_URI must be exactly https://<LC_ADMIN_HOST>/api/meta/callback (query string) (192.803333ms)
✔ P08: COMMERCE_META_LOGIN_REDIRECT_URI must be exactly https://<LC_ADMIN_HOST>/api/meta/callback (empty) (195.325458ms)
✔ P08: COMMERCE_META_LOGIN_GRAPH_VERSION grammar vNN.N ("26.0") (193.681958ms)
✔ P08: COMMERCE_META_LOGIN_GRAPH_VERSION grammar vNN.N ("v26") (190.969292ms)
✔ P08: COMMERCE_META_LOGIN_GRAPH_VERSION grammar vNN.N ("v26.0.1") (197.1665ms)
✔ P08: COMMERCE_META_LOGIN_GRAPH_VERSION grammar vNN.N ("latest") (182.460833ms)
✔ P08: COMMERCE_META_LOGIN_GRAPH_VERSION grammar vNN.N ("") (162.352542ms)
✔ P08: COMMERCE_META_LOGIN_GRAPH_VERSION grammar vNN.N ("v1000.0") (175.296708ms)
✔ P08: COMMERCE_META_LOGIN_GRAPH_VERSION accepts v26.0 (212.02625ms)
✔ P08: COMMERCE_META_LOGIN_GRAPH_VERSION accepts v22.0 (167.331292ms)
✔ P08: COMMERCE_META_LOGIN_GRAPH_VERSION accepts v99.9 (218.321542ms)
✔ production without any alert channel is a FAIL (nobody would hear the next outage) (2753.623166ms)
✔ outside production the same gap is only a WARN (522.672292ms)
✔ a webhook alone satisfies the rule (288.559167ms)
✔ an e-mail target with a complete relay (host, username, secret) satisfies the rule (309.910833ms)
✔ an e-mail target without the relay secret cannot be sent: FAIL in production, WARN elsewhere (1323.92075ms)
✔ the example's CHANGE_ME_SENDER placeholder is not a relay: the e-mail target cannot be sent (562.220917ms)
✔ LC_ALERT_EMAIL must be one plain address ("not-an-address") (350.023541ms)
✔ LC_ALERT_EMAIL must be one plain address ("two@fake.invalid,three@fake.invalid") (359.989166ms)
✔ LC_ALERT_EMAIL must be one plain address ("a b@fake.invalid") (744.213542ms)
✔ LC_ALERT_EMAIL must be one plain address ("<owner@fake.invalid>") (535.55275ms)
✔ LC_ALERT_EMAIL must be one plain address ("owner@fake") (333.444042ms)
✔ storefront cart-line removal is reversible: clicked for real, not guarded (0.495333ms)
✔ destructive / irreversible / sign-out classification (owner list, en + zh) (0.793583ms)
✔ alike controls (rows with ids / numbers) share one class key (0.138167ms)
✔ known defects classify, never silence: stale entries are reported (1.434667ms)
✔ the markdown ledger has one row per interaction and names the verdict (0.735666ms)
✔ protocolHrefOK accepts well-formed tel:/mailto: and rejects malformed ones (0.2745ms)
✔ thresholds are the named constants of the brief (0.806625ms)
✔ R1: document wider than the viewport, and the outermost element past the edge (0.718958ms)
✔ R2: label tops, control tops and control heights of one visual row (2.613709ms)
✔ R2: what is one row and what is not (0.238666ms)
✔ R2: a button beside a field has to line up with its control (0.227459ms)
✔ R3: a row made tall by stacked controls, a control wider than its cell (0.451625ms)
✔ R3: a matrix whose EVERY row is doubled by a stacked stock cell (the median cannot see it) (0.237708ms)
✔ R4: small text, helper text apart, icons and duplicates excepted (2.160583ms)
✔ R5: tap targets on the 390 viewport only (1.798208ms)
✔ R6: interactive elements and text boxes that overlap (0.982875ms)
✔ R7: text clipped inside a control or label (either side), and select values that do not fit (0.675416ms)
✔ R8: the same visible label twice in one list (0.130083ms)
✔ evaluate() tags severity, selectRecords() keeps distinct groups first and counts every instance (0.783125ms)
✔ R9: text and controls flush to the screen edge at 390 (0.254042ms)
✔ R6/R9 judge the visible (ancestor-clipped) rectangle, not the raw one (integrator ruling 2026-10-05) (0.149ms)
✔ R10: a fixed or sticky bar covering main content after scrolling (0.279208ms)
✔ R11: controls narrower than a usable width (0.177542ms)
ℹ tests 377
ℹ suites 0
ℹ pass 377
ℹ fail 0
ℹ cancelled 0
ℹ skipped 0
ℹ todo 0
ℹ duration_ms 12367.840875
✔ legacy display sentinels preserve a list row without admitting arbitrary or private data (1.839791ms)
✔ orders-v2 accepts bounded filters and Taipei inclusive dates; rejects ambiguity (0.901625ms)
✔ orders-v2 rejects client count approximations, unbounded or extra response data (0.180541ms)
✔ all three locales label every task queue, payment and delivery mode (0.325125ms)
ℹ tests 4
ℹ suites 0
ℹ pass 4
ℹ fail 0
ℹ cancelled 0
ℹ skipped 0
ℹ todo 0
ℹ duration_ms 97.496084
✔ numeric store IDs have no suggestion BFF or browser client (0.666084ms)
ℹ tests 1
ℹ suites 0
ℹ pass 1
ℹ fail 0
ℹ cancelled 0
ℹ skipped 0
ℹ todo 0
ℹ duration_ms 69.851334
✔ ADM10 operator sentence is localized while product and company facts stay authoritative (0.468375ms)
✔ PS review: actual Host matching normalizes case, port and a terminal DNS dot, never forwarded authority (0.280084ms)
✔ PS review: privacy/terms retain Messenger and Instagram purpose disclosure; deletion uses exact UI labels (0.117125ms)
✔ P2-N1 zh-TW/privacy: current comments and private reply, conditional inbound messages (0.0775ms)
✔ P2-N1 zh-TW/terms: current comments and private reply, conditional inbound messages (0.043ms)
✔ P2-N1 zh-CN/privacy: current comments and private reply, conditional inbound messages (0.034208ms)
✔ P2-N1 zh-CN/terms: current comments and private reply, conditional inbound messages (0.055334ms)
✔ P2-N1 en/privacy: current comments and private reply, conditional inbound messages (0.040417ms)
✔ P2-N1 en/terms: current comments and private reply, conditional inbound messages (0.04875ms)
✔ PS1 legal identity is one untranslated source (0.089792ms)
✔ PS1 contact and hosts come only from configuration; production fails closed (0.346209ms)
✔ PS2 public routes default to zh-TW, restrict page/locale, and never include admin (0.416167ms)
✔ PS4 optional Meta verification value never has a fake default (0.049417ms)
✔ PS1 every locale uses the same product name in auth page titles (0.040167ms)
✔ PS1 public page copy has three complete locales, no invented operator identity or contact (0.199208ms)
✔ PS1 production build validates config; public data is not bundled through NEXT_PUBLIC (0.235125ms)
✔ PS review: admin image installs the manifests for its workspace dependencies before building (0.4085ms)
ℹ tests 17
ℹ suites 0
ℹ pass 17
ℹ fail 0
ℹ cancelled 0
ℹ skipped 0
ℹ todo 0
ℹ duration_ms 81.875792
✔ R11 SQL's exact receipt states are accepted; missing/forged operation/state remains unknown (0.815ms)
✔ R11 durable receipt journal validates phase against exact operation state (0.3405ms)
✔ R11 actual read control distinguishes replay/inflight/unknown/failure in en (4.186083ms)
✔ R11 actual read control distinguishes replay/inflight/unknown/failure in zh-TW (0.633916ms)
✔ R11 actual read control distinguishes replay/inflight/unknown/failure in zh-CN (0.4425ms)
✔ unknown journal retains exact key/boundary and is scoped to store+session; malformed state fails closed (0.147375ms)
✔ R12 read hook keeps network UNKNOWN on one key and explicitly refreshes acknowledged UNKNOWN (12.335583ms)
✔ actual POST transport uses CSRF and session fence; 403 independent of response text (18.44875ms)
✔ R10 ROAS has exactly two decimals in en (12.303833ms)
✔ R10 unknown ROAS is never fabricated as zero in en (0.077166ms)
✔ R10 ROAS has exactly two decimals in zh-TW (0.176208ms)
✔ R10 unknown ROAS is never fabricated as zero in zh-TW (0.038584ms)
✔ R10 ROAS has exactly two decimals in zh-CN (0.139583ms)
✔ R10 unknown ROAS is never fabricated as zero in zh-CN (0.032875ms)
✔ shared presentation preserves registry title and one empty buyer message in en (24.21125ms)
✔ R11 large linked-draft list is complete but collapsed in en (3.826916ms)
✔ shared presentation preserves registry title and one empty buyer message in zh-TW (5.415583ms)
✔ R11 large linked-draft list is complete but collapsed in zh-TW (2.406417ms)
✔ shared presentation preserves registry title and one empty buyer message in zh-CN (5.754834ms)
✔ R11 large linked-draft list is complete but collapsed in zh-CN (2.513958ms)
✔ R11 timeline distinguishes local unknown spend from explicit Meta zero in en (2.868791ms)
✔ R11 timeline distinguishes local unknown spend from explicit Meta zero in zh-TW (1.913833ms)
✔ R11 timeline distinguishes local unknown spend from explicit Meta zero in zh-CN (2.901125ms)
✔ R11 I12 nullable Meta evidence survives without becoming zero (0.191208ms)
✔ R11 actual panel rendering preserves unknowns and reconnect route in en (10.77275ms)
✔ R11 actual panel rendering preserves unknowns and reconnect route in zh-TW (10.852875ms)
✔ R11 actual panel rendering preserves unknowns and reconnect route in zh-CN (11.44025ms)
✔ D1, D6, R7: exact amounts and sources remain independent, account days stay labelled (0.17425ms)
✔ R12: null stays unknown and unread / unauthorised / insufficient remain different states (0.214042ms)
✔ R12 granted but unread audience offers a read, never reconnect in en (1.576666ms)
✔ R12 granted but unread audience offers a read, never reconnect in zh-TW (1.616333ms)
✔ R12 granted but unread audience offers a read, never reconnect in zh-CN (1.872167ms)
✔ I12 forged / missing frozen fields never silently become zeros (0.955458ms)
✔ only whitelisted aggregates survive: extra identifiers and HTML are never interpreted (0.142667ms)
✔ attribution is a read-only BFF resource with exact bounded query grammar (0.319625ms)
✔ audience-read is exactly the new local intention POST and never a data GET or queried write (0.252417ms)
✔ route fails closed without ads:read and is not a duplicate navigation entry; locale keys match (0.113334ms)
ℹ tests 37
ℹ suites 0
ℹ pass 37
ℹ fail 0
ℹ cancelled 0
ℹ skipped 0
ℹ todo 0
ℹ duration_ms 417.23775
✔ option/slug/SKU caps equal internal/catalog (options.go, catalog.go) (13.59475ms)
✔ text caps equal the Go validators (name 120, description 8000, SEO 70/160, collection title 80) (4.314958ms)
✔ photo caps equal Go (MaxMainImages, MaxDetailImages, MaxImageBytes) and the SKU code pattern (1.255584ms)
✔ PE13 Cartesian matrix is local, preserves edits and deduplicates values (0.621709ms)
✔ PE13 bulk quantity skips negative rows without modifying them (0.112375ms)
✔ PE12 untracked document uses whole currency and per-order cap, never quantity (10.58125ms)
✔ PE14 missing readback is not guessed or silently cleared by full replacement (0.06475ms)
✔ bulk status accepts explicit per-item results, never empty or duplicated confirmations (0.199209ms)
✔ matrix refuses over 100 SKUs before expansion (0.089ms)
✔ parity: admin caps equal the Go constants (0.653459ms)
✔ image list: 4 main + 20 detail + 2 sku in role order is accepted (0.303375ms)
✔ image list: 5 main, 21 detail, wrong role order, gaps and extra keys are refused (0.323833ms)
✔ single image: role is required and its position is bounded by the role cap (1.466291ms)
✔ PE14 new edit SKU carries its own shipping and clears no existing fields (9.916125ms)
✔ PE14 patch changes only price and preserves unmentioned fields (0.195167ms)
✔ PE14 on_hand is not available, zero target is transmitted, ambiguous warehouse refuses (0.285ms)
✔ PE14 explicit clears and shipping remain per SKU on an active row (0.125458ms)
✔ PE14 archive supersedes every other edit on that SKU (b77eeb11) (0.134542ms)
✔ PE14 no-op has no command fields and changed axes explicitly archive omitted variants (0.094583ms)
ℹ tests 19
ℹ suites 0
ℹ pass 19
ℹ fail 0
ℹ cancelled 0
ℹ skipped 0
ℹ todo 0
ℹ duration_ms 114.269083
(node:43052) ExperimentalWarning: Transform Types is an experimental feature and might change at any time
(Use `node --trace-warnings ...` to show where the warning was created)
✔ UNKNOWN retry client authorization loss requires reconciliation, not a fresh command (2.935667ms)
✔ UNKNOWN retry 401 authorization loss requires reconciliation, not a fresh command (10.140375ms)
✔ UNKNOWN retry 403 authorization loss requires reconciliation, not a fresh command (0.632625ms)
✔ a conclusive command rejection stays distinct from authorization loss (0.733167ms)
ℹ tests 4
ℹ suites 0
ℹ pass 4
ℹ fail 0
ℹ cancelled 0
ℹ skipped 0
ℹ todo 0
ℹ duration_ms 119.668208
(node:43055) ExperimentalWarning: Transform Types is an experimental feature and might change at any time
(Use `node --trace-warnings ...` to show where the warning was created)
✔ offer controls read authoritative limits without parsing unrelated KEYWORD_QTY_CONTAINS window/stats (12.149625ms)
✔ offer controls accept 101 through the backend cap of 200 distinct offers, reject 201 (1.877166ms)
✔ offer toggle preserves exactly the authoritative maximum in the real M4 payload (2.647917ms)
✔ console BFF admits exactly A1/A7/A6 and A5 read/copy methods (0.387917ms)
✔ Next proxy admits the exact console family and results query before the BFF (81.952167ms)
✔ results query is canonical repeated session_id 1..50, everything else queryless (0.104791ms)
✔ real BFF route forwards only exact resources, authenticates scope and returns private scrubbed errors (26.806166ms)
✔ new commands reject unknown keys and preserve frozen copy/lifecycle/recommend body (0.146667ms)
✔ browser commands reuse Studio fences, exact no-comment recommend body and backend refusal codes (1.252ms)
✔ results client preserves canonical ids/order and rejects invalid list before fetch (0.295166ms)
✔ stock client reuses catalog transport/key/parser and fences a changed login without retries (0.928708ms)
(node:43056) ExperimentalWarning: Transform Types is an experimental feature and might change at any time
(Use `node --trace-warnings ...` to show where the warning was created)
✔ A1 strict MOCK snapshot preserves unavailable counts, capability unknown and server stock (2.275375ms)
✔ A7 returns a separate lifecycle version and closed full KEYWORD_QTY_CONTAINS window (0.128542ms)
✔ A5 results retain separate environments/currencies and bind exact requested ids/order (0.155041ms)
✔ A5 copy parses real Go envelope, copied offer prices and KEYWORD_QTY_CONTAINS window (0.34ms)
✔ A6 accepts optional operation UUID, never guessed send success (0.086834ms)
(node:43057) ExperimentalWarning: Transform Types is an experimental feature and might change at any time
(Use `node --trace-warnings ...` to show where the warning was created)
✔ Live settings navigation accepts a scene picker entry but never a malformed or unscoped deep link (0.807542ms)
✔ LC-B7 stock permission admits live_adjust without inventory:write, not unrelated grants (0.082208ms)
✔ Instagram comment total stays unavailable; Facebook observed count is not a platform total (0.069083ms)
✔ LC-U1 one primary action follows lifecycle, never planning or transport state (0.045042ms)
✔ LC-U1 stock target uses sellable delta and rejects fractions, negative and over-limit changes (0.082ms)
✔ LC-U1 links only explicit FB post identities, never arbitrary URLs or guessed videos (0.073125ms)
✔ LC-U1 Facebook preview keeps the original no-frame CSP and uses a safe external link (0.200041ms)
✔ LC-U1 delayed copy completion cannot navigate after store switch or unmount (0.095875ms)
✔ LC-U1 receipt fence survives cookie rotation; pending replay still has a separate session boundary (0.099125ms)
ℹ tests 25
ℹ suites 0
ℹ pass 25
ℹ fail 0
ℹ cancelled 0
ℹ skipped 0
ℹ todo 0
ℹ duration_ms 281.671292
✔ claims window modes match Go constants and every SQL match_mode CHECK (7.1205ms)
✔ contains prompt requires explicit quantity and removes the exact-only instruction (0.213667ms)
✔ Japanese is copy-only and never widens Meta reply_locale (0.270625ms)
✔ bundle parser accepts manual (labelled) and Meta (unlabelled) bundles (0.76925ms)
✔ bundle parser rejects unknown platforms and label/platform mismatches (0.176833ms)
✔ offer parser carries the live price and rejects every out-of-range or missing field (0.266959ms)
✔ library and import parsers are closed; removal receipt is the only version-0 shape (0.296208ms)
✔ price input: exact decimal minor units, never float, bounded to the currency's places (11.28075ms)
✔ live-tools copy exists in all three locales with the same conflict reasons (0.452292ms)
✔ claims BFF allowlist is exactly M1–M7 per method (2.708333ms)
✔ M7 link response shape is closed (0.183208ms)
✔ host prompt copy is the frozen text, verbatim (0.084208ms)
ℹ tests 12
ℹ suites 0
ℹ pass 12
ℹ fail 0
ℹ cancelled 0
ℹ skipped 0
ℹ todo 0
ℹ duration_ms 176.44025
NOT_RUN: tests/media/r04-input-runner.test.mjs (COMMERCE_R04_LIVEKIT_BINARY unset)
