file:///Volumes/data/live_commerce_architecture_v1/.worktrees/lc-u1-shell/tests/admin/live-workspace.test.ts:7
import { primaryAction, stockDelta, facebookEmbed, settleLiveCommand } from "../../apps/admin/src/features/live/workspace-model.ts";
                                                   ^^^^^^^^^^^^^^^^^
SyntaxError: The requested module '../../apps/admin/src/features/live/workspace-model.ts' does not provide an export named 'settleLiveCommand'
    at #asyncInstantiate (node:internal/modules/esm/module_job:326:21)
    at async ModuleJob.run (node:internal/modules/esm/module_job:429:5)
    at async node:internal/modules/esm/loader:639:26
    at async asyncRunEntryPointWithESMLoader (node:internal/modules/run_main:101:5)

Node.js v24.15.0
✖ tests/admin/live-workspace.test.ts (88.053083ms)
ℹ tests 1
ℹ suites 0
ℹ pass 0
ℹ fail 1
ℹ cancelled 0
ℹ skipped 0
ℹ todo 0
ℹ duration_ms 102.545667

✖ failing tests:

test at tests/admin/live-workspace.test.ts:1:1
✖ tests/admin/live-workspace.test.ts (88.053083ms)
  'test failed'
