✖ CLI selects modes the base added after divergence when the checkout is the PR merge (PR #22 review P1) (666.009958ms)
ℹ tests 1
ℹ suites 0
ℹ pass 0
ℹ fail 1
ℹ cancelled 0
ℹ skipped 0
ℹ todo 0
ℹ duration_ms 765.100625

✖ failing tests:

test at tests/ci/pr-modes.test.mjs:147:1
✖ CLI selects modes the base added after divergence when the checkout is the PR merge (PR #22 review P1) (666.009958ms)
  AssertionError [ERR_ASSERTION]: a mode the merge adds must be selected for a tagged-source change
      at TestContext.<anonymous> (file:///Volumes/data/live_commerce_architecture_v1/.worktrees/ci-pr-modes-coverage/tests/ci/pr-modes.test.mjs:157:10)
      at Test.runInAsyncScope (node:async_hooks:227:14)
      at Test.run (node:internal/test_runner/test:1201:25)
      at Test.start (node:internal/test_runner/test:1096:17)
      at startSubtestAfterBootstrap (node:internal/test_runner/harness:385:17) {
    generatedMessage: false,
    code: 'ERR_ASSERTION',
    actual: false,
    expected: true,
    operator: '==',
    diff: 'simple'
  }
