=== RUN   TestMerchantSettingsHTTPPaymentPersistenceAndReplay
--- PASS: TestMerchantSettingsHTTPPaymentPersistenceAndReplay (1.18s)
=== RUN   TestMerchantSettingsHTTPPaymentCAS
--- PASS: TestMerchantSettingsHTTPPaymentCAS (0.07s)
=== RUN   TestMerchantSettingsHTTPAuthorityAndDiagnostics
=== RUN   TestMerchantSettingsHTTPAuthorityAndDiagnostics/no_session
=== RUN   TestMerchantSettingsHTTPAuthorityAndDiagnostics/write_no_session
=== RUN   TestMerchantSettingsHTTPAuthorityAndDiagnostics/read_permission_absent
=== RUN   TestMerchantSettingsHTTPAuthorityAndDiagnostics/read_only_write
=== RUN   TestMerchantSettingsHTTPAuthorityAndDiagnostics/foreign_tenant
=== RUN   TestMerchantSettingsHTTPAuthorityAndDiagnostics/invisible_store
--- PASS: TestMerchantSettingsHTTPAuthorityAndDiagnostics (0.08s)
    --- PASS: TestMerchantSettingsHTTPAuthorityAndDiagnostics/no_session (0.00s)
    --- PASS: TestMerchantSettingsHTTPAuthorityAndDiagnostics/write_no_session (0.00s)
    --- PASS: TestMerchantSettingsHTTPAuthorityAndDiagnostics/read_permission_absent (0.00s)
    --- PASS: TestMerchantSettingsHTTPAuthorityAndDiagnostics/read_only_write (0.00s)
    --- PASS: TestMerchantSettingsHTTPAuthorityAndDiagnostics/foreign_tenant (0.00s)
    --- PASS: TestMerchantSettingsHTTPAuthorityAndDiagnostics/invisible_store (0.00s)
=== RUN   TestMerchantSettingsHTTPValidation
=== RUN   TestMerchantSettingsHTTPValidation/media
=== RUN   TestMerchantSettingsHTTPValidation/malformed
=== RUN   TestMerchantSettingsHTTPValidation/trailing
=== RUN   TestMerchantSettingsHTTPValidation/unknown_scope
=== RUN   TestMerchantSettingsHTTPValidation/unknown_secret
=== RUN   TestMerchantSettingsHTTPValidation/oversized
=== RUN   TestMerchantSettingsHTTPValidation/wrong_market
=== RUN   TestMerchantSettingsHTTPValidation/wrong_country
=== RUN   TestMerchantSettingsHTTPValidation/wrong_code
=== RUN   TestMerchantSettingsHTTPValidation/missing_targets
=== RUN   TestMerchantSettingsHTTPValidation/query_read
=== RUN   TestMerchantSettingsHTTPValidation/empty_query
=== RUN   TestMerchantSettingsHTTPValidation/query_write
=== RUN   TestMerchantSettingsHTTPValidation/wrong_method
=== RUN   TestMerchantSettingsHTTPValidation/unknown_route
--- PASS: TestMerchantSettingsHTTPValidation (0.05s)
    --- PASS: TestMerchantSettingsHTTPValidation/media (0.00s)
    --- PASS: TestMerchantSettingsHTTPValidation/malformed (0.00s)
    --- PASS: TestMerchantSettingsHTTPValidation/trailing (0.00s)
    --- PASS: TestMerchantSettingsHTTPValidation/unknown_scope (0.00s)
    --- PASS: TestMerchantSettingsHTTPValidation/unknown_secret (0.00s)
    --- PASS: TestMerchantSettingsHTTPValidation/oversized (0.00s)
    --- PASS: TestMerchantSettingsHTTPValidation/wrong_market (0.00s)
    --- PASS: TestMerchantSettingsHTTPValidation/wrong_country (0.00s)
    --- PASS: TestMerchantSettingsHTTPValidation/wrong_code (0.00s)
    --- PASS: TestMerchantSettingsHTTPValidation/missing_targets (0.00s)
    --- PASS: TestMerchantSettingsHTTPValidation/query_read (0.00s)
    --- PASS: TestMerchantSettingsHTTPValidation/empty_query (0.00s)
    --- PASS: TestMerchantSettingsHTTPValidation/query_write (0.00s)
    --- PASS: TestMerchantSettingsHTTPValidation/wrong_method (0.00s)
    --- PASS: TestMerchantSettingsHTTPValidation/unknown_route (0.00s)
=== RUN   TestMerchantSettingsHTTPDeliverySwitches
--- PASS: TestMerchantSettingsHTTPDeliverySwitches (0.17s)
=== RUN   TestMerchantSettingsHTTPDeliveryRevokedDuringWait
=== RUN   TestMerchantSettingsHTTPDeliveryRevokedDuringWait/write
=== RUN   TestMerchantSettingsHTTPDeliveryRevokedDuringWait/replay
=== RUN   TestMerchantSettingsHTTPDeliveryRevokedDuringWait/read
--- PASS: TestMerchantSettingsHTTPDeliveryRevokedDuringWait (0.42s)
    --- PASS: TestMerchantSettingsHTTPDeliveryRevokedDuringWait/write (0.15s)
    --- PASS: TestMerchantSettingsHTTPDeliveryRevokedDuringWait/replay (0.15s)
    --- PASS: TestMerchantSettingsHTTPDeliveryRevokedDuringWait/read (0.13s)
=== RUN   TestPaymentMethodsRevisionsReplayAndIsolation
--- PASS: TestPaymentMethodsRevisionsReplayAndIsolation (0.16s)
=== RUN   TestPaymentMethodsDiagnosticsAndCredentialRotation
=== RUN   TestPaymentMethodsDiagnosticsAndCredentialRotation/version
=== RUN   TestPaymentMethodsDiagnosticsAndCredentialRotation/environment
=== RUN   TestPaymentMethodsDiagnosticsAndCredentialRotation/currency
=== RUN   TestPaymentMethodsDiagnosticsAndCredentialRotation/min
=== RUN   TestPaymentMethodsDiagnosticsAndCredentialRotation/max
--- PASS: TestPaymentMethodsDiagnosticsAndCredentialRotation (0.12s)
    --- PASS: TestPaymentMethodsDiagnosticsAndCredentialRotation/version (0.00s)
    --- PASS: TestPaymentMethodsDiagnosticsAndCredentialRotation/environment (0.00s)
    --- PASS: TestPaymentMethodsDiagnosticsAndCredentialRotation/currency (0.00s)
    --- PASS: TestPaymentMethodsDiagnosticsAndCredentialRotation/min (0.00s)
    --- PASS: TestPaymentMethodsDiagnosticsAndCredentialRotation/max (0.00s)
=== RUN   TestPaymentMethodsAuthorityAndEnvironment
--- PASS: TestPaymentMethodsAuthorityAndEnvironment (0.10s)
=== RUN   TestPaymentMethodsPermissionRevokedDuringWait
=== RUN   TestPaymentMethodsPermissionRevokedDuringWait/set
=== RUN   TestPaymentMethodsPermissionRevokedDuringWait/inspect
--- PASS: TestPaymentMethodsPermissionRevokedDuringWait (0.11s)
    --- PASS: TestPaymentMethodsPermissionRevokedDuringWait/set (0.06s)
    --- PASS: TestPaymentMethodsPermissionRevokedDuringWait/inspect (0.05s)
=== RUN   TestPaymentMethodsConcurrentReplayAndCAS
--- PASS: TestPaymentMethodsConcurrentReplayAndCAS (0.07s)
=== RUN   TestPaymentMethodsSQLGuardAndScopedTargets
=== RUN   TestPaymentMethodsSQLGuardAndScopedTargets/enabled
=== RUN   TestPaymentMethodsSQLGuardAndScopedTargets/environment
=== RUN   TestPaymentMethodsSQLGuardAndScopedTargets/connection
=== RUN   TestPaymentMethodsSQLGuardAndScopedTargets/market
--- PASS: TestPaymentMethodsSQLGuardAndScopedTargets (0.08s)
    --- PASS: TestPaymentMethodsSQLGuardAndScopedTargets/enabled (0.00s)
    --- PASS: TestPaymentMethodsSQLGuardAndScopedTargets/environment (0.00s)
    --- PASS: TestPaymentMethodsSQLGuardAndScopedTargets/connection (0.00s)
    --- PASS: TestPaymentMethodsSQLGuardAndScopedTargets/market (0.00s)
=== RUN   TestPaymentMethodsAtomicFaultRollback
=== RUN   TestPaymentMethodsAtomicFaultRollback/payments.method_versions_create
=== RUN   TestPaymentMethodsAtomicFaultRollback/payments.method_heads_create
=== RUN   TestPaymentMethodsAtomicFaultRollback/ops.audit_events_create
=== RUN   TestPaymentMethodsAtomicFaultRollback/ops.command_results_create
=== RUN   TestPaymentMethodsAtomicFaultRollback/payments.method_versions_update
=== RUN   TestPaymentMethodsAtomicFaultRollback/payments.method_heads_update
=== RUN   TestPaymentMethodsAtomicFaultRollback/ops.audit_events_update
=== RUN   TestPaymentMethodsAtomicFaultRollback/ops.command_results_update
--- PASS: TestPaymentMethodsAtomicFaultRollback (0.43s)
    --- PASS: TestPaymentMethodsAtomicFaultRollback/payments.method_versions_create (0.05s)
    --- PASS: TestPaymentMethodsAtomicFaultRollback/payments.method_heads_create (0.05s)
    --- PASS: TestPaymentMethodsAtomicFaultRollback/ops.audit_events_create (0.05s)
    --- PASS: TestPaymentMethodsAtomicFaultRollback/ops.command_results_create (0.05s)
    --- PASS: TestPaymentMethodsAtomicFaultRollback/payments.method_versions_update (0.06s)
    --- PASS: TestPaymentMethodsAtomicFaultRollback/payments.method_heads_update (0.06s)
    --- PASS: TestPaymentMethodsAtomicFaultRollback/ops.audit_events_update (0.06s)
    --- PASS: TestPaymentMethodsAtomicFaultRollback/ops.command_results_update (0.06s)
=== RUN   TestPayuniActivationPA02VerifiedMockQualifiesAndEnables
--- PASS: TestPayuniActivationPA02VerifiedMockQualifiesAndEnables (0.19s)
=== RUN   TestPayuniActivationPA03NotifyWithoutCapturedQueryDoesNotQualify
--- PASS: TestPayuniActivationPA03NotifyWithoutCapturedQueryDoesNotQualify (0.12s)
=== RUN   TestPayuniActivationPA04CreatesNoOrderStockOrFinanceRow
--- PASS: TestPayuniActivationPA04CreatesNoOrderStockOrFinanceRow (0.12s)
=== RUN   TestPayuniActivationPA05PA06RotationAndPlatformSwitch
--- PASS: TestPayuniActivationPA05PA06RotationAndPlatformSwitch (0.19s)
=== RUN   TestPayuniActivationPA07LiveProbe
--- PASS: TestPayuniActivationPA07LiveProbe (1.97s)
=== RUN   TestPayuniActivationPA08ForgeryCrossStoreAndRawWrites
--- PASS: TestPayuniActivationPA08ForgeryCrossStoreAndRawWrites (0.27s)
=== RUN   TestPayuniActivationACLPinned
--- PASS: TestPayuniActivationACLPinned (0.03s)
=== RUN   TestPayuniNotifyAuthorityIngressMatrix
=== RUN   TestPayuniNotifyAuthorityIngressMatrix/extra_member_commerce_ads_worker_inherit
=== RUN   TestPayuniNotifyAuthorityIngressMatrix/extra_member_commerce_ads_worker_set-only
=== RUN   TestPayuniNotifyAuthorityIngressMatrix/extra_member_commerce_ads_writer_inherit
=== RUN   TestPayuniNotifyAuthorityIngressMatrix/extra_member_commerce_ads_writer_set-only
=== RUN   TestPayuniNotifyAuthorityIngressMatrix/extra_member_commerce_auth_inherit
=== RUN   TestPayuniNotifyAuthorityIngressMatrix/extra_member_commerce_auth_set-only
=== RUN   TestPayuniNotifyAuthorityIngressMatrix/extra_member_commerce_billing_writer_inherit
=== RUN   TestPayuniNotifyAuthorityIngressMatrix/extra_member_commerce_billing_writer_set-only
=== RUN   TestPayuniNotifyAuthorityIngressMatrix/extra_member_commerce_buyer_issuer_inherit
=== RUN   TestPayuniNotifyAuthorityIngressMatrix/extra_member_commerce_buyer_issuer_set-only
=== RUN   TestPayuniNotifyAuthorityIngressMatrix/extra_member_commerce_buyer_runtime_inherit
=== RUN   TestPayuniNotifyAuthorityIngressMatrix/extra_member_commerce_buyer_runtime_set-only
=== RUN   TestPayuniNotifyAuthorityIngressMatrix/extra_member_commerce_buyer_writer_inherit
=== RUN   TestPayuniNotifyAuthorityIngressMatrix/extra_member_commerce_buyer_writer_set-only
=== RUN   TestPayuniNotifyAuthorityIngressMatrix/extra_member_commerce_catalog_media_inherit
=== RUN   TestPayuniNotifyAuthorityIngressMatrix/extra_member_commerce_catalog_media_set-only
=== RUN   TestPayuniNotifyAuthorityIngressMatrix/extra_member_commerce_checkout_runtime_inherit
=== RUN   TestPayuniNotifyAuthorityIngressMatrix/extra_member_commerce_checkout_runtime_set-only
=== RUN   TestPayuniNotifyAuthorityIngressMatrix/extra_member_commerce_checkout_writer_inherit
=== RUN   TestPayuniNotifyAuthorityIngressMatrix/extra_member_commerce_checkout_writer_set-only
=== RUN   TestPayuniNotifyAuthorityIngressMatrix/extra_member_commerce_claims_intake_inherit
=== RUN   TestPayuniNotifyAuthorityIngressMatrix/extra_member_commerce_claims_intake_set-only
=== RUN   TestPayuniNotifyAuthorityIngressMatrix/extra_member_commerce_claims_worker_inherit
=== RUN   TestPayuniNotifyAuthorityIngressMatrix/extra_member_commerce_claims_worker_set-only
=== RUN   TestPayuniNotifyAuthorityIngressMatrix/extra_member_commerce_claims_writer_inherit
=== RUN   TestPayuniNotifyAuthorityIngressMatrix/extra_member_commerce_claims_writer_set-only
=== RUN   TestPayuniNotifyAuthorityIngressMatrix/extra_member_commerce_design_reader_inherit
=== RUN   TestPayuniNotifyAuthorityIngressMatrix/extra_member_commerce_design_reader_set-only
=== RUN   TestPayuniNotifyAuthorityIngressMatrix/extra_member_commerce_expiry_worker_inherit
=== RUN   TestPayuniNotifyAuthorityIngressMatrix/extra_member_commerce_expiry_worker_set-only
=== RUN   TestPayuniNotifyAuthorityIngressMatrix/extra_member_commerce_hosted_runtime_inherit
=== RUN   TestPayuniNotifyAuthorityIngressMatrix/extra_member_commerce_hosted_runtime_set-only
=== RUN   TestPayuniNotifyAuthorityIngressMatrix/extra_member_commerce_identity_inherit
=== RUN   TestPayuniNotifyAuthorityIngressMatrix/extra_member_commerce_identity_set-only
=== RUN   TestPayuniNotifyAuthorityIngressMatrix/extra_member_commerce_identity_writer_inherit
=== RUN   TestPayuniNotifyAuthorityIngressMatrix/extra_member_commerce_identity_writer_set-only
=== RUN   TestPayuniNotifyAuthorityIngressMatrix/extra_member_commerce_inbox_writer_inherit
=== RUN   TestPayuniNotifyAuthorityIngressMatrix/extra_member_commerce_inbox_writer_set-only
=== RUN   TestPayuniNotifyAuthorityIngressMatrix/extra_member_commerce_integration_writer_inherit
=== RUN   TestPayuniNotifyAuthorityIngressMatrix/extra_member_commerce_integration_writer_set-only
=== RUN   TestPayuniNotifyAuthorityIngressMatrix/extra_member_commerce_inventory_writer_inherit
=== RUN   TestPayuniNotifyAuthorityIngressMatrix/extra_member_commerce_inventory_writer_set-only
=== RUN   TestPayuniNotifyAuthorityIngressMatrix/extra_member_commerce_media_executor_inherit
=== RUN   TestPayuniNotifyAuthorityIngressMatrix/extra_member_commerce_media_executor_set-only
=== RUN   TestPayuniNotifyAuthorityIngressMatrix/extra_member_commerce_media_recovery_inherit
=== RUN   TestPayuniNotifyAuthorityIngressMatrix/extra_member_commerce_media_recovery_set-only
=== RUN   TestPayuniNotifyAuthorityIngressMatrix/extra_member_commerce_media_registrar_inherit
=== RUN   TestPayuniNotifyAuthorityIngressMatrix/extra_member_commerce_media_registrar_set-only
=== RUN   TestPayuniNotifyAuthorityIngressMatrix/extra_member_commerce_media_worker_inherit
=== RUN   TestPayuniNotifyAuthorityIngressMatrix/extra_member_commerce_media_worker_set-only
=== RUN   TestPayuniNotifyAuthorityIngressMatrix/extra_member_commerce_media_writer_inherit
=== RUN   TestPayuniNotifyAuthorityIngressMatrix/extra_member_commerce_media_writer_set-only
=== RUN   TestPayuniNotifyAuthorityIngressMatrix/extra_member_commerce_meta_consumer_inherit
=== RUN   TestPayuniNotifyAuthorityIngressMatrix/extra_member_commerce_meta_consumer_set-only
=== RUN   TestPayuniNotifyAuthorityIngressMatrix/extra_member_commerce_meta_curator_inherit
=== RUN   TestPayuniNotifyAuthorityIngressMatrix/extra_member_commerce_meta_curator_set-only
=== RUN   TestPayuniNotifyAuthorityIngressMatrix/extra_member_commerce_meta_ingress_inherit
=== RUN   TestPayuniNotifyAuthorityIngressMatrix/extra_member_commerce_meta_ingress_set-only
=== RUN   TestPayuniNotifyAuthorityIngressMatrix/extra_member_commerce_meta_registrar_inherit
=== RUN   TestPayuniNotifyAuthorityIngressMatrix/extra_member_commerce_meta_registrar_set-only
=== RUN   TestPayuniNotifyAuthorityIngressMatrix/extra_member_commerce_meta_worker_inherit
=== RUN   TestPayuniNotifyAuthorityIngressMatrix/extra_member_commerce_meta_worker_set-only
=== RUN   TestPayuniNotifyAuthorityIngressMatrix/extra_member_commerce_meta_writer_inherit
=== RUN   TestPayuniNotifyAuthorityIngressMatrix/extra_member_commerce_meta_writer_set-only
=== RUN   TestPayuniNotifyAuthorityIngressMatrix/extra_member_commerce_msgtemplates_writer_inherit
=== RUN   TestPayuniNotifyAuthorityIngressMatrix/extra_member_commerce_msgtemplates_writer_set-only
=== RUN   TestPayuniNotifyAuthorityIngressMatrix/extra_member_commerce_payment_live_inherit
=== RUN   TestPayuniNotifyAuthorityIngressMatrix/extra_member_commerce_payment_live_set-only
=== RUN   TestPayuniNotifyAuthorityIngressMatrix/extra_member_commerce_payment_registrar_inherit
=== RUN   TestPayuniNotifyAuthorityIngressMatrix/extra_member_commerce_payment_registrar_set-only
=== RUN   TestPayuniNotifyAuthorityIngressMatrix/extra_member_commerce_payment_registry_writer_inherit
=== RUN   TestPayuniNotifyAuthorityIngressMatrix/extra_member_commerce_payment_registry_writer_set-only
=== RUN   TestPayuniNotifyAuthorityIngressMatrix/extra_member_commerce_payment_worker_inherit
=== RUN   TestPayuniNotifyAuthorityIngressMatrix/extra_member_commerce_payment_worker_set-only
=== RUN   TestPayuniNotifyAuthorityIngressMatrix/extra_member_commerce_privacy_writer_inherit
=== RUN   TestPayuniNotifyAuthorityIngressMatrix/extra_member_commerce_privacy_writer_set-only
=== RUN   TestPayuniNotifyAuthorityIngressMatrix/extra_member_commerce_retention_job_inherit
=== RUN   TestPayuniNotifyAuthorityIngressMatrix/extra_member_commerce_retention_job_set-only
=== RUN   TestPayuniNotifyAuthorityIngressMatrix/extra_member_commerce_retention_operator_inherit
=== RUN   TestPayuniNotifyAuthorityIngressMatrix/extra_member_commerce_retention_operator_set-only
=== RUN   TestPayuniNotifyAuthorityIngressMatrix/extra_member_commerce_retention_writer_inherit
=== RUN   TestPayuniNotifyAuthorityIngressMatrix/extra_member_commerce_retention_writer_set-only
=== RUN   TestPayuniNotifyAuthorityIngressMatrix/extra_member_commerce_runtime_inherit
=== RUN   TestPayuniNotifyAuthorityIngressMatrix/extra_member_commerce_runtime_set-only
=== RUN   TestPayuniNotifyAuthorityIngressMatrix/extra_member_commerce_staff_writer_inherit
=== RUN   TestPayuniNotifyAuthorityIngressMatrix/extra_member_commerce_staff_writer_set-only
=== RUN   TestPayuniNotifyAuthorityIngressMatrix/extra_member_commerce_storefront_registrar_inherit
=== RUN   TestPayuniNotifyAuthorityIngressMatrix/extra_member_commerce_storefront_registrar_set-only
=== RUN   TestPayuniNotifyAuthorityIngressMatrix/extra_member_commerce_storefront_verifier_inherit
=== RUN   TestPayuniNotifyAuthorityIngressMatrix/extra_member_commerce_storefront_verifier_set-only
=== RUN   TestPayuniNotifyAuthorityIngressMatrix/extra_member_commerce_storefront_writer_inherit
=== RUN   TestPayuniNotifyAuthorityIngressMatrix/extra_member_commerce_storefront_writer_set-only
=== RUN   TestPayuniNotifyAuthorityIngressMatrix/extra_member_commerce_stripe_ingress_inherit
=== RUN   TestPayuniNotifyAuthorityIngressMatrix/extra_member_commerce_stripe_ingress_set-only
=== RUN   TestPayuniNotifyAuthorityIngressMatrix/extra_member_commerce_worker_inherit
=== RUN   TestPayuniNotifyAuthorityIngressMatrix/extra_member_commerce_worker_set-only
=== RUN   TestPayuniNotifyAuthorityIngressMatrix/extra_member_pg_read_all_data_inherit
=== RUN   TestPayuniNotifyAuthorityIngressMatrix/extra_member_pg_read_all_data_set-only
=== RUN   TestPayuniNotifyAuthorityIngressMatrix/extra_member_pg_write_all_data_inherit
=== RUN   TestPayuniNotifyAuthorityIngressMatrix/extra_member_pg_write_all_data_set-only
=== RUN   TestPayuniNotifyAuthorityIngressMatrix/reverse:_commerce_payment_worker_granted_into_commerce_payuni_ingress
=== RUN   TestPayuniNotifyAuthorityIngressMatrix/reverse:_commerce_payment_live_granted_into_commerce_payuni_ingress
=== RUN   TestPayuniNotifyAuthorityIngressMatrix/reverse:_commerce_expiry_worker_granted_into_commerce_payuni_ingress
=== RUN   TestPayuniNotifyAuthorityIngressMatrix/reverse:_commerce_ads_worker_granted_into_commerce_payuni_ingress
=== RUN   TestPayuniNotifyAuthorityIngressMatrix/reverse:_commerce_claims_worker_granted_into_commerce_payuni_ingress
=== RUN   TestPayuniNotifyAuthorityIngressMatrix/reverse:_commerce_worker_granted_into_commerce_payuni_ingress
=== RUN   TestPayuniNotifyAuthorityIngressMatrix/reverse:_commerce_runtime_granted_into_commerce_payuni_ingress
=== RUN   TestPayuniNotifyAuthorityIngressMatrix/reverse:_commerce_integration_writer_granted_into_commerce_payuni_ingress
=== RUN   TestPayuniNotifyAuthorityIngressMatrix/reverse:_commerce_payment_registry_writer_granted_into_commerce_payuni_ingress
=== RUN   TestPayuniNotifyAuthorityIngressMatrix/reverse:_commerce_hosted_runtime_granted_into_commerce_payuni_ingress
=== RUN   TestPayuniNotifyAuthorityIngressMatrix/reverse:_commerce_meta_ingress_granted_into_commerce_payuni_ingress
=== RUN   TestPayuniNotifyAuthorityIngressMatrix/reverse:_commerce_media_worker_granted_into_commerce_payuni_ingress
=== RUN   TestPayuniNotifyAuthorityIngressMatrix/reverse:_commerce_payment_registrar_granted_into_commerce_payuni_ingress
=== RUN   TestPayuniNotifyAuthorityIngressMatrix/SET_TRUE_on_own_role
=== RUN   TestPayuniNotifyAuthorityIngressMatrix/ADMIN_option_on_own_role
=== RUN   TestPayuniNotifyAuthorityIngressMatrix/ADMIN_on_schema-owner_role,_no_inherit_no_set
=== RUN   TestPayuniNotifyAuthorityIngressMatrix/ADMIN_on_table-owner_role,_no_inherit_no_set
=== RUN   TestPayuniNotifyAuthorityIngressMatrix/inherited_table-owner_role
=== RUN   TestPayuniNotifyAuthorityIngressMatrix/BYPASSRLS
=== RUN   TestPayuniNotifyAuthorityIngressMatrix/CREATEROLE
=== RUN   TestPayuniNotifyAuthorityIngressMatrix/direct_table_grant
=== RUN   TestPayuniNotifyAuthorityIngressMatrix/direct_column_grant
=== RUN   TestPayuniNotifyAuthorityIngressMatrix/direct_EXECUTE_on_the_other_Stripe_role's_function
=== RUN   TestPayuniNotifyAuthorityIngressMatrix/direct_UPDATE_on_river_payment.river_job
=== RUN   TestPayuniNotifyAuthorityIngressMatrix/inherited_UPDATE_on_river_payment.river_job
=== RUN   TestPayuniNotifyAuthorityIngressMatrix/PUBLIC_UPDATE_on_river_payment.river_job
=== RUN   TestPayuniNotifyAuthorityIngressMatrix/direct_DELETE_on_river_payment.river_job
=== RUN   TestPayuniNotifyAuthorityIngressMatrix/inherited_DELETE_on_river_payment.river_job
=== RUN   TestPayuniNotifyAuthorityIngressMatrix/PUBLIC_DELETE_on_river_payment.river_job
=== RUN   TestPayuniNotifyAuthorityIngressMatrix/direct_UPDATE(state)_on_river_payment.river_job
=== RUN   TestPayuniNotifyAuthorityIngressMatrix/inherited_UPDATE(args)_on_river_payment.river_job
=== RUN   TestPayuniNotifyAuthorityIngressMatrix/PUBLIC_EXECUTE_on_non-catalog_function_in_payments
=== RUN   TestPayuniNotifyAuthorityIngressMatrix/direct_EXECUTE_on_non-catalog_function_in_payments
=== RUN   TestPayuniNotifyAuthorityIngressMatrix/inherited_EXECUTE_on_non-catalog_function_in_payments
=== RUN   TestPayuniNotifyAuthorityIngressMatrix/PUBLIC_EXECUTE_on_non-catalog_function_in_integration
=== RUN   TestPayuniNotifyAuthorityIngressMatrix/direct_EXECUTE_on_non-catalog_function_in_integration
=== RUN   TestPayuniNotifyAuthorityIngressMatrix/inherited_EXECUTE_on_non-catalog_function_in_integration
=== RUN   TestPayuniNotifyAuthorityIngressMatrix/PUBLIC_EXECUTE_on_non-catalog_function_in_checkout
=== RUN   TestPayuniNotifyAuthorityIngressMatrix/direct_EXECUTE_on_non-catalog_function_in_checkout
=== RUN   TestPayuniNotifyAuthorityIngressMatrix/inherited_EXECUTE_on_non-catalog_function_in_checkout
=== RUN   TestPayuniNotifyAuthorityIngressMatrix/only_commerce_payment_registrar
=== RUN   TestPayuniNotifyAuthorityIngressMatrix/only_commerce_runtime
=== RUN   TestPayuniNotifyAuthorityIngressMatrix/only_commerce_payment_worker
=== RUN   TestPayuniNotifyAuthorityIngressMatrix/only_commerce_payment_live
=== RUN   TestPayuniNotifyAuthorityIngressMatrix/only_commerce_expiry_worker
=== RUN   TestPayuniNotifyAuthorityIngressMatrix/only_commerce_ads_worker
=== RUN   TestPayuniNotifyAuthorityIngressMatrix/only_commerce_claims_worker
=== RUN   TestPayuniNotifyAuthorityIngressMatrix/only_commerce_worker
=== RUN   TestPayuniNotifyAuthorityIngressMatrix/only_commerce_integration_writer
=== RUN   TestPayuniNotifyAuthorityIngressMatrix/only_commerce_payment_registry_writer
=== RUN   TestPayuniNotifyAuthorityIngressMatrix/only_commerce_hosted_runtime
=== RUN   TestPayuniNotifyAuthorityIngressMatrix/only_commerce_meta_ingress
=== RUN   TestPayuniNotifyAuthorityIngressMatrix/only_postgres
=== RUN   TestPayuniNotifyAuthorityIngressMatrix/bad_password_is_masked
--- PASS: TestPayuniNotifyAuthorityIngressMatrix (15.73s)
    --- PASS: TestPayuniNotifyAuthorityIngressMatrix/extra_member_commerce_ads_worker_inherit (0.09s)
    --- PASS: TestPayuniNotifyAuthorityIngressMatrix/extra_member_commerce_ads_worker_set-only (0.10s)
    --- PASS: TestPayuniNotifyAuthorityIngressMatrix/extra_member_commerce_ads_writer_inherit (0.09s)
    --- PASS: TestPayuniNotifyAuthorityIngressMatrix/extra_member_commerce_ads_writer_set-only (0.09s)
    --- PASS: TestPayuniNotifyAuthorityIngressMatrix/extra_member_commerce_auth_inherit (0.10s)
    --- PASS: TestPayuniNotifyAuthorityIngressMatrix/extra_member_commerce_auth_set-only (0.10s)
    --- PASS: TestPayuniNotifyAuthorityIngressMatrix/extra_member_commerce_billing_writer_inherit (0.10s)
    --- PASS: TestPayuniNotifyAuthorityIngressMatrix/extra_member_commerce_billing_writer_set-only (0.10s)
    --- PASS: TestPayuniNotifyAuthorityIngressMatrix/extra_member_commerce_buyer_issuer_inherit (0.09s)
    --- PASS: TestPayuniNotifyAuthorityIngressMatrix/extra_member_commerce_buyer_issuer_set-only (0.09s)
    --- PASS: TestPayuniNotifyAuthorityIngressMatrix/extra_member_commerce_buyer_runtime_inherit (0.09s)
    --- PASS: TestPayuniNotifyAuthorityIngressMatrix/extra_member_commerce_buyer_runtime_set-only (0.09s)
    --- PASS: TestPayuniNotifyAuthorityIngressMatrix/extra_member_commerce_buyer_writer_inherit (0.10s)
    --- PASS: TestPayuniNotifyAuthorityIngressMatrix/extra_member_commerce_buyer_writer_set-only (0.10s)
    --- PASS: TestPayuniNotifyAuthorityIngressMatrix/extra_member_commerce_catalog_media_inherit (0.09s)
    --- PASS: TestPayuniNotifyAuthorityIngressMatrix/extra_member_commerce_catalog_media_set-only (0.09s)
    --- PASS: TestPayuniNotifyAuthorityIngressMatrix/extra_member_commerce_checkout_runtime_inherit (0.10s)
    --- PASS: TestPayuniNotifyAuthorityIngressMatrix/extra_member_commerce_checkout_runtime_set-only (0.09s)
    --- PASS: TestPayuniNotifyAuthorityIngressMatrix/extra_member_commerce_checkout_writer_inherit (0.11s)
    --- PASS: TestPayuniNotifyAuthorityIngressMatrix/extra_member_commerce_checkout_writer_set-only (0.10s)
    --- PASS: TestPayuniNotifyAuthorityIngressMatrix/extra_member_commerce_claims_intake_inherit (0.09s)
    --- PASS: TestPayuniNotifyAuthorityIngressMatrix/extra_member_commerce_claims_intake_set-only (0.10s)
    --- PASS: TestPayuniNotifyAuthorityIngressMatrix/extra_member_commerce_claims_worker_inherit (0.09s)
    --- PASS: TestPayuniNotifyAuthorityIngressMatrix/extra_member_commerce_claims_worker_set-only (0.09s)
    --- PASS: TestPayuniNotifyAuthorityIngressMatrix/extra_member_commerce_claims_writer_inherit (0.09s)
    --- PASS: TestPayuniNotifyAuthorityIngressMatrix/extra_member_commerce_claims_writer_set-only (0.09s)
    --- PASS: TestPayuniNotifyAuthorityIngressMatrix/extra_member_commerce_design_reader_inherit (0.09s)
    --- PASS: TestPayuniNotifyAuthorityIngressMatrix/extra_member_commerce_design_reader_set-only (0.09s)
    --- PASS: TestPayuniNotifyAuthorityIngressMatrix/extra_member_commerce_expiry_worker_inherit (0.10s)
    --- PASS: TestPayuniNotifyAuthorityIngressMatrix/extra_member_commerce_expiry_worker_set-only (0.10s)
    --- PASS: TestPayuniNotifyAuthorityIngressMatrix/extra_member_commerce_hosted_runtime_inherit (0.09s)
    --- PASS: TestPayuniNotifyAuthorityIngressMatrix/extra_member_commerce_hosted_runtime_set-only (0.09s)
    --- PASS: TestPayuniNotifyAuthorityIngressMatrix/extra_member_commerce_identity_inherit (0.10s)
    --- PASS: TestPayuniNotifyAuthorityIngressMatrix/extra_member_commerce_identity_set-only (0.09s)
    --- PASS: TestPayuniNotifyAuthorityIngressMatrix/extra_member_commerce_identity_writer_inherit (0.09s)
    --- PASS: TestPayuniNotifyAuthorityIngressMatrix/extra_member_commerce_identity_writer_set-only (0.09s)
    --- PASS: TestPayuniNotifyAuthorityIngressMatrix/extra_member_commerce_inbox_writer_inherit (0.09s)
    --- PASS: TestPayuniNotifyAuthorityIngressMatrix/extra_member_commerce_inbox_writer_set-only (0.09s)
    --- PASS: TestPayuniNotifyAuthorityIngressMatrix/extra_member_commerce_integration_writer_inherit (0.09s)
    --- PASS: TestPayuniNotifyAuthorityIngressMatrix/extra_member_commerce_integration_writer_set-only (0.09s)
    --- PASS: TestPayuniNotifyAuthorityIngressMatrix/extra_member_commerce_inventory_writer_inherit (0.09s)
    --- PASS: TestPayuniNotifyAuthorityIngressMatrix/extra_member_commerce_inventory_writer_set-only (0.09s)
    --- PASS: TestPayuniNotifyAuthorityIngressMatrix/extra_member_commerce_media_executor_inherit (0.09s)
    --- PASS: TestPayuniNotifyAuthorityIngressMatrix/extra_member_commerce_media_executor_set-only (0.09s)
    --- PASS: TestPayuniNotifyAuthorityIngressMatrix/extra_member_commerce_media_recovery_inherit (0.09s)
    --- PASS: TestPayuniNotifyAuthorityIngressMatrix/extra_member_commerce_media_recovery_set-only (0.09s)
    --- PASS: TestPayuniNotifyAuthorityIngressMatrix/extra_member_commerce_media_registrar_inherit (0.09s)
    --- PASS: TestPayuniNotifyAuthorityIngressMatrix/extra_member_commerce_media_registrar_set-only (0.09s)
    --- PASS: TestPayuniNotifyAuthorityIngressMatrix/extra_member_commerce_media_worker_inherit (0.09s)
    --- PASS: TestPayuniNotifyAuthorityIngressMatrix/extra_member_commerce_media_worker_set-only (0.09s)
    --- PASS: TestPayuniNotifyAuthorityIngressMatrix/extra_member_commerce_media_writer_inherit (0.09s)
    --- PASS: TestPayuniNotifyAuthorityIngressMatrix/extra_member_commerce_media_writer_set-only (0.09s)
    --- PASS: TestPayuniNotifyAuthorityIngressMatrix/extra_member_commerce_meta_consumer_inherit (0.09s)
    --- PASS: TestPayuniNotifyAuthorityIngressMatrix/extra_member_commerce_meta_consumer_set-only (0.09s)
    --- PASS: TestPayuniNotifyAuthorityIngressMatrix/extra_member_commerce_meta_curator_inherit (0.09s)
    --- PASS: TestPayuniNotifyAuthorityIngressMatrix/extra_member_commerce_meta_curator_set-only (0.09s)
    --- PASS: TestPayuniNotifyAuthorityIngressMatrix/extra_member_commerce_meta_ingress_inherit (0.09s)
    --- PASS: TestPayuniNotifyAuthorityIngressMatrix/extra_member_commerce_meta_ingress_set-only (0.09s)
    --- PASS: TestPayuniNotifyAuthorityIngressMatrix/extra_member_commerce_meta_registrar_inherit (0.09s)
    --- PASS: TestPayuniNotifyAuthorityIngressMatrix/extra_member_commerce_meta_registrar_set-only (0.09s)
    --- PASS: TestPayuniNotifyAuthorityIngressMatrix/extra_member_commerce_meta_worker_inherit (0.09s)
    --- PASS: TestPayuniNotifyAuthorityIngressMatrix/extra_member_commerce_meta_worker_set-only (0.09s)
    --- PASS: TestPayuniNotifyAuthorityIngressMatrix/extra_member_commerce_meta_writer_inherit (0.10s)
    --- PASS: TestPayuniNotifyAuthorityIngressMatrix/extra_member_commerce_meta_writer_set-only (0.09s)
    --- PASS: TestPayuniNotifyAuthorityIngressMatrix/extra_member_commerce_msgtemplates_writer_inherit (0.09s)
    --- PASS: TestPayuniNotifyAuthorityIngressMatrix/extra_member_commerce_msgtemplates_writer_set-only (0.09s)
    --- PASS: TestPayuniNotifyAuthorityIngressMatrix/extra_member_commerce_payment_live_inherit (0.09s)
    --- PASS: TestPayuniNotifyAuthorityIngressMatrix/extra_member_commerce_payment_live_set-only (0.09s)
    --- PASS: TestPayuniNotifyAuthorityIngressMatrix/extra_member_commerce_payment_registrar_inherit (0.09s)
    --- PASS: TestPayuniNotifyAuthorityIngressMatrix/extra_member_commerce_payment_registrar_set-only (0.09s)
    --- PASS: TestPayuniNotifyAuthorityIngressMatrix/extra_member_commerce_payment_registry_writer_inherit (0.09s)
    --- PASS: TestPayuniNotifyAuthorityIngressMatrix/extra_member_commerce_payment_registry_writer_set-only (0.09s)
    --- PASS: TestPayuniNotifyAuthorityIngressMatrix/extra_member_commerce_payment_worker_inherit (0.09s)
    --- PASS: TestPayuniNotifyAuthorityIngressMatrix/extra_member_commerce_payment_worker_set-only (0.09s)
    --- PASS: TestPayuniNotifyAuthorityIngressMatrix/extra_member_commerce_privacy_writer_inherit (0.09s)
    --- PASS: TestPayuniNotifyAuthorityIngressMatrix/extra_member_commerce_privacy_writer_set-only (0.09s)
    --- PASS: TestPayuniNotifyAuthorityIngressMatrix/extra_member_commerce_retention_job_inherit (0.09s)
    --- PASS: TestPayuniNotifyAuthorityIngressMatrix/extra_member_commerce_retention_job_set-only (0.09s)
    --- PASS: TestPayuniNotifyAuthorityIngressMatrix/extra_member_commerce_retention_operator_inherit (0.09s)
    --- PASS: TestPayuniNotifyAuthorityIngressMatrix/extra_member_commerce_retention_operator_set-only (0.09s)
    --- PASS: TestPayuniNotifyAuthorityIngressMatrix/extra_member_commerce_retention_writer_inherit (0.09s)
    --- PASS: TestPayuniNotifyAuthorityIngressMatrix/extra_member_commerce_retention_writer_set-only (0.09s)
    --- PASS: TestPayuniNotifyAuthorityIngressMatrix/extra_member_commerce_runtime_inherit (0.09s)
    --- PASS: TestPayuniNotifyAuthorityIngressMatrix/extra_member_commerce_runtime_set-only (0.10s)
    --- PASS: TestPayuniNotifyAuthorityIngressMatrix/extra_member_commerce_staff_writer_inherit (0.09s)
    --- PASS: TestPayuniNotifyAuthorityIngressMatrix/extra_member_commerce_staff_writer_set-only (0.09s)
    --- PASS: TestPayuniNotifyAuthorityIngressMatrix/extra_member_commerce_storefront_registrar_inherit (0.09s)
    --- PASS: TestPayuniNotifyAuthorityIngressMatrix/extra_member_commerce_storefront_registrar_set-only (0.10s)
    --- PASS: TestPayuniNotifyAuthorityIngressMatrix/extra_member_commerce_storefront_verifier_inherit (0.09s)
    --- PASS: TestPayuniNotifyAuthorityIngressMatrix/extra_member_commerce_storefront_verifier_set-only (0.09s)
    --- PASS: TestPayuniNotifyAuthorityIngressMatrix/extra_member_commerce_storefront_writer_inherit (0.09s)
    --- PASS: TestPayuniNotifyAuthorityIngressMatrix/extra_member_commerce_storefront_writer_set-only (0.09s)
    --- PASS: TestPayuniNotifyAuthorityIngressMatrix/extra_member_commerce_stripe_ingress_inherit (0.11s)
    --- PASS: TestPayuniNotifyAuthorityIngressMatrix/extra_member_commerce_stripe_ingress_set-only (0.09s)
    --- PASS: TestPayuniNotifyAuthorityIngressMatrix/extra_member_commerce_worker_inherit (0.09s)
    --- PASS: TestPayuniNotifyAuthorityIngressMatrix/extra_member_commerce_worker_set-only (0.09s)
    --- PASS: TestPayuniNotifyAuthorityIngressMatrix/extra_member_pg_read_all_data_inherit (0.09s)
    --- PASS: TestPayuniNotifyAuthorityIngressMatrix/extra_member_pg_read_all_data_set-only (0.09s)
    --- PASS: TestPayuniNotifyAuthorityIngressMatrix/extra_member_pg_write_all_data_inherit (0.09s)
    --- PASS: TestPayuniNotifyAuthorityIngressMatrix/extra_member_pg_write_all_data_set-only (0.09s)
    --- PASS: TestPayuniNotifyAuthorityIngressMatrix/reverse:_commerce_payment_worker_granted_into_commerce_payuni_ingress (0.09s)
    --- PASS: TestPayuniNotifyAuthorityIngressMatrix/reverse:_commerce_payment_live_granted_into_commerce_payuni_ingress (0.09s)
    --- PASS: TestPayuniNotifyAuthorityIngressMatrix/reverse:_commerce_expiry_worker_granted_into_commerce_payuni_ingress (0.09s)
    --- PASS: TestPayuniNotifyAuthorityIngressMatrix/reverse:_commerce_ads_worker_granted_into_commerce_payuni_ingress (0.09s)
    --- PASS: TestPayuniNotifyAuthorityIngressMatrix/reverse:_commerce_claims_worker_granted_into_commerce_payuni_ingress (0.09s)
    --- PASS: TestPayuniNotifyAuthorityIngressMatrix/reverse:_commerce_worker_granted_into_commerce_payuni_ingress (0.09s)
    --- PASS: TestPayuniNotifyAuthorityIngressMatrix/reverse:_commerce_runtime_granted_into_commerce_payuni_ingress (0.09s)
    --- PASS: TestPayuniNotifyAuthorityIngressMatrix/reverse:_commerce_integration_writer_granted_into_commerce_payuni_ingress (0.09s)
    --- PASS: TestPayuniNotifyAuthorityIngressMatrix/reverse:_commerce_payment_registry_writer_granted_into_commerce_payuni_ingress (0.09s)
    --- PASS: TestPayuniNotifyAuthorityIngressMatrix/reverse:_commerce_hosted_runtime_granted_into_commerce_payuni_ingress (0.09s)
    --- PASS: TestPayuniNotifyAuthorityIngressMatrix/reverse:_commerce_meta_ingress_granted_into_commerce_payuni_ingress (0.09s)
    --- PASS: TestPayuniNotifyAuthorityIngressMatrix/reverse:_commerce_media_worker_granted_into_commerce_payuni_ingress (0.09s)
    --- PASS: TestPayuniNotifyAuthorityIngressMatrix/reverse:_commerce_payment_registrar_granted_into_commerce_payuni_ingress (0.09s)
    --- PASS: TestPayuniNotifyAuthorityIngressMatrix/SET_TRUE_on_own_role (0.09s)
    --- PASS: TestPayuniNotifyAuthorityIngressMatrix/ADMIN_option_on_own_role (0.09s)
    --- PASS: TestPayuniNotifyAuthorityIngressMatrix/ADMIN_on_schema-owner_role,_no_inherit_no_set (0.09s)
    --- PASS: TestPayuniNotifyAuthorityIngressMatrix/ADMIN_on_table-owner_role,_no_inherit_no_set (0.09s)
    --- PASS: TestPayuniNotifyAuthorityIngressMatrix/inherited_table-owner_role (0.09s)
    --- PASS: TestPayuniNotifyAuthorityIngressMatrix/BYPASSRLS (0.09s)
    --- PASS: TestPayuniNotifyAuthorityIngressMatrix/CREATEROLE (0.09s)
    --- PASS: TestPayuniNotifyAuthorityIngressMatrix/direct_table_grant (0.10s)
    --- PASS: TestPayuniNotifyAuthorityIngressMatrix/direct_column_grant (0.10s)
    --- PASS: TestPayuniNotifyAuthorityIngressMatrix/direct_EXECUTE_on_the_other_Stripe_role's_function (0.10s)
    --- PASS: TestPayuniNotifyAuthorityIngressMatrix/direct_UPDATE_on_river_payment.river_job (0.11s)
    --- PASS: TestPayuniNotifyAuthorityIngressMatrix/inherited_UPDATE_on_river_payment.river_job (0.11s)
    --- PASS: TestPayuniNotifyAuthorityIngressMatrix/PUBLIC_UPDATE_on_river_payment.river_job (0.11s)
    --- PASS: TestPayuniNotifyAuthorityIngressMatrix/direct_DELETE_on_river_payment.river_job (0.11s)
    --- PASS: TestPayuniNotifyAuthorityIngressMatrix/inherited_DELETE_on_river_payment.river_job (0.11s)
    --- PASS: TestPayuniNotifyAuthorityIngressMatrix/PUBLIC_DELETE_on_river_payment.river_job (0.11s)
    --- PASS: TestPayuniNotifyAuthorityIngressMatrix/direct_UPDATE(state)_on_river_payment.river_job (0.11s)
    --- PASS: TestPayuniNotifyAuthorityIngressMatrix/inherited_UPDATE(args)_on_river_payment.river_job (0.11s)
    --- PASS: TestPayuniNotifyAuthorityIngressMatrix/PUBLIC_EXECUTE_on_non-catalog_function_in_payments (0.11s)
    --- PASS: TestPayuniNotifyAuthorityIngressMatrix/direct_EXECUTE_on_non-catalog_function_in_payments (0.11s)
    --- PASS: TestPayuniNotifyAuthorityIngressMatrix/inherited_EXECUTE_on_non-catalog_function_in_payments (0.12s)
    --- PASS: TestPayuniNotifyAuthorityIngressMatrix/PUBLIC_EXECUTE_on_non-catalog_function_in_integration (0.12s)
    --- PASS: TestPayuniNotifyAuthorityIngressMatrix/direct_EXECUTE_on_non-catalog_function_in_integration (0.11s)
    --- PASS: TestPayuniNotifyAuthorityIngressMatrix/inherited_EXECUTE_on_non-catalog_function_in_integration (0.12s)
    --- PASS: TestPayuniNotifyAuthorityIngressMatrix/PUBLIC_EXECUTE_on_non-catalog_function_in_checkout (0.13s)
    --- PASS: TestPayuniNotifyAuthorityIngressMatrix/direct_EXECUTE_on_non-catalog_function_in_checkout (0.12s)
    --- PASS: TestPayuniNotifyAuthorityIngressMatrix/inherited_EXECUTE_on_non-catalog_function_in_checkout (0.12s)
    --- PASS: TestPayuniNotifyAuthorityIngressMatrix/only_commerce_payment_registrar (0.02s)
    --- PASS: TestPayuniNotifyAuthorityIngressMatrix/only_commerce_runtime (0.02s)
    --- PASS: TestPayuniNotifyAuthorityIngressMatrix/only_commerce_payment_worker (0.02s)
    --- PASS: TestPayuniNotifyAuthorityIngressMatrix/only_commerce_payment_live (0.02s)
    --- PASS: TestPayuniNotifyAuthorityIngressMatrix/only_commerce_expiry_worker (0.02s)
    --- PASS: TestPayuniNotifyAuthorityIngressMatrix/only_commerce_ads_worker (0.02s)
    --- PASS: TestPayuniNotifyAuthorityIngressMatrix/only_commerce_claims_worker (0.02s)
    --- PASS: TestPayuniNotifyAuthorityIngressMatrix/only_commerce_worker (0.02s)
    --- PASS: TestPayuniNotifyAuthorityIngressMatrix/only_commerce_integration_writer (0.02s)
    --- PASS: TestPayuniNotifyAuthorityIngressMatrix/only_commerce_payment_registry_writer (0.02s)
    --- PASS: TestPayuniNotifyAuthorityIngressMatrix/only_commerce_hosted_runtime (0.02s)
    --- PASS: TestPayuniNotifyAuthorityIngressMatrix/only_commerce_meta_ingress (0.02s)
    --- PASS: TestPayuniNotifyAuthorityIngressMatrix/only_postgres (0.01s)
    --- PASS: TestPayuniNotifyAuthorityIngressMatrix/bad_password_is_masked (0.01s)
=== RUN   TestPayuniNotifyAuthorityIngressPositive
--- PASS: TestPayuniNotifyAuthorityIngressPositive (2.31s)
=== RUN   TestPayuniNotifyAuthorityLegacyPoolsRejectPayuniIngress
=== RUN   TestPayuniNotifyAuthorityLegacyPoolsRejectPayuniIngress/OpenPool_plus_payuni_ingress
=== RUN   TestPayuniNotifyAuthorityLegacyPoolsRejectPayuniIngress/OpenBuyerPool_plus_payuni_ingress
=== RUN   TestPayuniNotifyAuthorityLegacyPoolsRejectPayuniIngress/OpenCheckoutPool_plus_payuni_ingress
=== RUN   TestPayuniNotifyAuthorityLegacyPoolsRejectPayuniIngress/OpenHostedPool_plus_payuni_ingress
=== RUN   TestPayuniNotifyAuthorityLegacyPoolsRejectPayuniIngress/OpenWorkerPool(payment)_plus_payuni_ingress
--- PASS: TestPayuniNotifyAuthorityLegacyPoolsRejectPayuniIngress (0.26s)
    --- PASS: TestPayuniNotifyAuthorityLegacyPoolsRejectPayuniIngress/OpenPool_plus_payuni_ingress (0.07s)
    --- PASS: TestPayuniNotifyAuthorityLegacyPoolsRejectPayuniIngress/OpenBuyerPool_plus_payuni_ingress (0.06s)
    --- PASS: TestPayuniNotifyAuthorityLegacyPoolsRejectPayuniIngress/OpenCheckoutPool_plus_payuni_ingress (0.04s)
    --- PASS: TestPayuniNotifyAuthorityLegacyPoolsRejectPayuniIngress/OpenHostedPool_plus_payuni_ingress (0.04s)
    --- PASS: TestPayuniNotifyAuthorityLegacyPoolsRejectPayuniIngress/OpenWorkerPool(payment)_plus_payuni_ingress (0.04s)
=== RUN   TestPayuniNotifyAuthorityNoExecuteElsewhere
--- PASS: TestPayuniNotifyAuthorityNoExecuteElsewhere (0.00s)
=== RUN   TestPayuniNotifySchemaACLPin
--- PASS: TestPayuniNotifySchemaACLPin (0.01s)
=== RUN   TestPayuniNotifyQueuedWakesQueryJobAndDedups
--- PASS: TestPayuniNotifyQueuedWakesQueryJobAndDedups (2.23s)
=== RUN   TestPayuniNotifyMismatchOpensReviewCaseNoWake
--- PASS: TestPayuniNotifyMismatchOpensReviewCaseNoWake (2.27s)
=== RUN   TestPayuniNotifyUnknownTradeReceiptOnly
--- PASS: TestPayuniNotifyUnknownTradeReceiptOnly (2.46s)
=== RUN   TestPayuniNotifyRejectionsLeaveNoRows
2026/10/06 14:20:46 WARN payuni_notify_rejected code=invalid_signature token_hash=86e9f7be55ab62e1
2026/10/06 14:20:46 WARN payuni_notify_rejected code=invalid_request token_hash=86e9f7be55ab62e1
--- PASS: TestPayuniNotifyRejectionsLeaveNoRows (2.71s)
=== RUN   TestPayuniNotifyDefinerRejectsMalformedInput
=== RUN   TestPayuniNotifyDefinerRejectsMalformedInput/short_token_hash
=== RUN   TestPayuniNotifyDefinerRejectsMalformedInput/short_payload_hash
=== RUN   TestPayuniNotifyDefinerRejectsMalformedInput/bad_merchant_trade_no
=== RUN   TestPayuniNotifyDefinerRejectsMalformedInput/zero_amount
=== RUN   TestPayuniNotifyDefinerRejectsMalformedInput/bad_status
=== RUN   TestPayuniNotifyDefinerRejectsMalformedInput/bad_trade_status
--- PASS: TestPayuniNotifyDefinerRejectsMalformedInput (2.71s)
    --- PASS: TestPayuniNotifyDefinerRejectsMalformedInput/short_token_hash (0.00s)
    --- PASS: TestPayuniNotifyDefinerRejectsMalformedInput/short_payload_hash (0.00s)
    --- PASS: TestPayuniNotifyDefinerRejectsMalformedInput/bad_merchant_trade_no (0.00s)
    --- PASS: TestPayuniNotifyDefinerRejectsMalformedInput/zero_amount (0.00s)
    --- PASS: TestPayuniNotifyDefinerRejectsMalformedInput/bad_status (0.00s)
    --- PASS: TestPayuniNotifyDefinerRejectsMalformedInput/bad_trade_status (0.00s)
=== RUN   TestPayuniNotifyResolveEndpointMaterialAndGrace
--- PASS: TestPayuniNotifyResolveEndpointMaterialAndGrace (2.84s)
=== RUN   TestWAS02NonPaymentWorkersHoldNoPaymentPrivilege
=== RUN   TestWAS02NonPaymentWorkersHoldNoPaymentPrivilege/no_payment_privilege_ads_worker
=== RUN   TestWAS02NonPaymentWorkersHoldNoPaymentPrivilege/no_payment_privilege_claims_worker
=== RUN   TestWAS02NonPaymentWorkersHoldNoPaymentPrivilege/no_payment_privilege_expiry_worker
=== RUN   TestWAS02NonPaymentWorkersHoldNoPaymentPrivilege/no_payment_privilege_worker
--- PASS: TestWAS02NonPaymentWorkersHoldNoPaymentPrivilege (0.24s)
    --- PASS: TestWAS02NonPaymentWorkersHoldNoPaymentPrivilege/no_payment_privilege_ads_worker (0.02s)
    --- PASS: TestWAS02NonPaymentWorkersHoldNoPaymentPrivilege/no_payment_privilege_claims_worker (0.01s)
    --- PASS: TestWAS02NonPaymentWorkersHoldNoPaymentPrivilege/no_payment_privilege_expiry_worker (0.01s)
    --- PASS: TestWAS02NonPaymentWorkersHoldNoPaymentPrivilege/no_payment_privilege_worker (0.01s)
PASS
ok  	livecommerce/tests/foundation	41.483s
test-focused: top-level PASS=32 FAIL=0 SKIP=0 exit=0
exit=0
