✔ the four constructs render (0.667333ms)
✔ XSS payloads stay inert text (0.481084ms)
✔ fuzz: any string over a hostile alphabet renders only whitelisted tags (21.532542ms)
✔ validator mirrors the Go rules (0.239ms)
✔ SDN1 allowlist: exactly the contract routes, per method (1.712291ms)
✔ SDN1 allowlist: traversal, case, suffix and prefix tricks never match (0.889125ms)
✔ SDN1 request shape: no query string anywhere, reads carry no body, key, length or transfer-encoding (19.796833ms)
✔ SDN1 cap: 260 KiB = Go's 256 KiB document + 4 KiB envelope, and a body of exactly the cap is still below it (0.092125ms)
✔ SDN2 renderer: every XSS payload comes out as whitelisted tags and escaped text only (1.724292ms)
✔ SDN2 renderer: escape-first means the merchant's text never becomes markup (0.364833ms)
✔ SDN2 renderer: fuzz (seeded) never produces a tag outside the whitelist (17.170083ms)
✔ SDN2 client validator rejects what the server rejects (HTML, non-https links, `<` anywhere) (0.229625ms)
✔ cleanForSave turns cleared fields into null but keeps an empty body (0.4365ms)
✔ localIssues names each missing mandatory value by server path (0.538708ms)
✔ moved swaps neighbours and ignores out-of-range moves (0.071875ms)
✔ parsers accept the exact Go shapes and refuse extra or missing keys (0.363084ms)
✔ BFF allowlist covers exactly the design resources (0.2665ms)
✔ validDesignRequest refuses queries and bodies on reads, ignores other paths (19.605125ms)
✔ designDetails forwards only a bounded {path, reason} pair (0.610875ms)
✔ parses never-published, published and bound states (4.27175ms)
✔ rejects anything outside the closed shape (0.299084ms)
✔ parses the domain list and the one-time request instructions (0.253667ms)
✔ rejects domain shapes outside the closed contract (0.244125ms)
ℹ tests 23
ℹ suites 0
ℹ pass 23
ℹ fail 0
ℹ cancelled 0
ℹ skipped 0
ℹ todo 0
ℹ duration_ms 171.782291

> live-commerce-workspace@ build:admin /Volumes/data/live_commerce_architecture_v1/.worktrees/admin-visual
> pnpm --filter @live-commerce/admin build


> @live-commerce/admin@ build /Volumes/data/live_commerce_architecture_v1/.worktrees/admin-visual/apps/admin
> next build && node ../../scripts/dev/package-admin.mjs

▲ Next.js 16.3.5 (Turbopack)
✓ Running next.config.ts took 42ms

  Creating an optimized production build ...
✓ Compiled successfully in 1575ms
  Running TypeScript ...
  Finished TypeScript in 340ms ...
  Collecting page data using 9 workers ...
  Generating static pages using 9 workers (0/15) ...
  Generating static pages using 9 workers (3/15) 
  Generating static pages using 9 workers (7/15) 
  Generating static pages using 9 workers (11/15) 
✓ Generating static pages using 9 workers (15/15) in 139ms
  Finalizing page optimization ...

Route (app)
┌ ○ /_not-found
├ ƒ /[locale]
├ ƒ /[locale]/ads
├ ƒ /[locale]/ads/attribution
├ ƒ /[locale]/billing
├ ƒ /[locale]/collections
├ ƒ /[locale]/customers
├ ƒ /[locale]/customers/[customer]
├ ƒ /[locale]/design
├ ƒ /[locale]/finance
├ ƒ /[locale]/inventory
├ ƒ /[locale]/invite/[token]
├ ƒ /[locale]/orders
├ ƒ /[locale]/orders/cvs-print
├ ƒ /[locale]/orders/new
├ ƒ /[locale]/products
├ ƒ /[locale]/products/[product]
├ ƒ /[locale]/products/import
├ ƒ /[locale]/promotions
├ ƒ /[locale]/reset
├ ƒ /[locale]/settings
├ ƒ /[locale]/signup
├ ƒ /[locale]/studio
├ ƒ /[locale]/studio/claims
├ ƒ /[locale]/team
├ ƒ /api/ads/meta/callback
├ ƒ /api/ads/meta/connect
├ ƒ /api/auth/callback
├ ƒ /api/auth/login
├ ƒ /api/auth/logout
├ ƒ /api/auth/password/login
├ ƒ /api/auth/password/reset
├ ƒ /api/auth/password/signup
├ ƒ /api/auth/password/verify
├ ƒ /api/meta/callback
├ ƒ /api/meta/connect
├ ƒ /api/onboarding/initial-store
├ ƒ /api/stores
├ ƒ /api/stores/[store]/[...resource]
├ ƒ /api/stores/[store]/tools/[...resource]
├ ƒ /api/team/[action]
├ ƒ /site/[locale]/[page]
├ ƒ /site/robots.txt
└ ƒ /site/sitemap.xml


ƒ Proxy (Middleware)

○  (Static)   prerendered as static content
ƒ  (Dynamic)  server-rendered on demand

Packaged standalone admin server and static assets.
✔ SDN1 allowlist: exactly the contract routes, per method (1.995459ms)
✔ SDN1 allowlist: traversal, case, suffix and prefix tricks never match (0.477625ms)
✔ SDN1 request shape: no query string anywhere, reads carry no body, key, length or transfer-encoding (13.746708ms)
✔ SDN1 cap: 260 KiB = Go's 256 KiB document + 4 KiB envelope, and a body of exactly the cap is still below it (0.096ms)
✔ SDN2 renderer: every XSS payload comes out as whitelisted tags and escaped text only (0.914416ms)
✔ SDN2 renderer: escape-first means the merchant's text never becomes markup (0.124166ms)
✔ SDN2 renderer: fuzz (seeded) never produces a tag outside the whitelist (12.665417ms)
✔ SDN2 client validator rejects what the server rejects (HTML, non-https links, `<` anywhere) (0.358625ms)
✔ cleanForSave turns cleared fields into null but keeps an empty body (0.619417ms)
✔ localIssues names each missing mandatory value by server path (0.57775ms)
✔ moved swaps neighbours and ignores out-of-range moves (0.077708ms)
✔ parsers accept the exact Go shapes and refuse extra or missing keys (0.387209ms)
✔ BFF allowlist covers exactly the design resources (0.229667ms)
✔ validDesignRequest refuses queries and bodies on reads, ignores other paths (11.399375ms)
✔ designDetails forwards only a bounded {path, reason} pair (0.206ms)
ℹ tests 15
ℹ suites 0
ℹ pass 15
ℹ fail 0
ℹ cancelled 0
ℹ skipped 0
ℹ todo 0
ℹ duration_ms 116.484708
=== RUN   TestBrowserStoreDesign
    browser_store_design_test.go:282: SDB: 4 journeys, PG facts, BFF probes and 20 hashed screenshots checked; evidence=/Volumes/data/live_commerce_architecture_v1/.worktrees/admin-visual/output/playwright/store-design/20261005T122831.127312000
--- PASS: TestBrowserStoreDesign (17.66s)
PASS
ok  	livecommerce/tests/foundation	19.323s
PASS: store-design editor browser, signed MOCK IdP and isolated PG; not storefront rendering or production acceptance.
