=== RUN   TestT06WorkerAuthorityAndFunctionACL
--- PASS: TestT06WorkerAuthorityAndFunctionACL (3.07s)
=== RUN   TestMetaConnectGateState
=== RUN   TestMetaConnectGateState/state_is_bound_to_store_AND_principal:_a_keyed_start_replays_only_for_its_own_principal;_the_key_is_another_principal's_conflict
=== RUN   TestMetaConnectGateState/another_merchant_(other_principal_/_other_store_/_other_tenant)_presenting_the_state_is_refused_and_reaches_no_Meta
=== RUN   TestMetaConnectGateState/single_use:_a_replayed_callback_(same_code_and_state)_is_refused_and_never_reaches_Meta_again
=== RUN   TestMetaConnectGateState/concurrent_callbacks_with_one_state:_exactly_one_wins
=== RUN   TestMetaConnectGateState/expiry_(10_minutes):_an_aged_state_is_refused_410_before_Meta
=== RUN   TestMetaConnectGateState/expiry_on_the_pick_leg:_an_aged_state_refuses_the_pick_with_nothing_enabled
=== RUN   TestMetaConnectGateState/no_open-redirect_surface:_the_callback_accepts_exactly_{code,state};_extra_parameters_are_refused_and_nothing_redirects
--- PASS: TestMetaConnectGateState (8.40s)
    --- PASS: TestMetaConnectGateState/state_is_bound_to_store_AND_principal:_a_keyed_start_replays_only_for_its_own_principal;_the_key_is_another_principal's_conflict (0.07s)
    --- PASS: TestMetaConnectGateState/another_merchant_(other_principal_/_other_store_/_other_tenant)_presenting_the_state_is_refused_and_reaches_no_Meta (0.06s)
    --- PASS: TestMetaConnectGateState/single_use:_a_replayed_callback_(same_code_and_state)_is_refused_and_never_reaches_Meta_again (0.03s)
    --- PASS: TestMetaConnectGateState/concurrent_callbacks_with_one_state:_exactly_one_wins (0.04s)
    --- PASS: TestMetaConnectGateState/expiry_(10_minutes):_an_aged_state_is_refused_410_before_Meta (0.01s)
    --- PASS: TestMetaConnectGateState/expiry_on_the_pick_leg:_an_aged_state_refuses_the_pick_with_nothing_enabled (0.03s)
    --- PASS: TestMetaConnectGateState/no_open-redirect_surface:_the_callback_accepts_exactly_{code,state};_extra_parameters_are_refused_and_nothing_redirects (0.03s)
=== RUN   TestMetaConnectGatePermissions
=== RUN   TestMetaConnectGatePermissions/missing_permission_pages_show_list
=== RUN   TestMetaConnectGatePermissions/missing_permission_pages_manage_metadata
=== RUN   TestMetaConnectGatePermissions/missing_permission_pages_read_engagement
=== RUN   TestMetaConnectGatePermissions/missing_permission_pages_messaging
=== RUN   TestMetaConnectGatePermissions/missing_Page_task_MESSAGING
=== RUN   TestMetaConnectGatePermissions/missing_Page_task_MODERATE
=== RUN   TestMetaConnectGatePermissions/Instagram_kept_but_missing_instagram_basic
=== RUN   TestMetaConnectGatePermissions/Instagram_kept_but_missing_instagram_manage_comments
=== RUN   TestMetaConnectGatePermissions/Instagram_kept_but_missing_instagram_manage_messages
=== RUN   TestMetaConnectGatePermissions/control:_with_every_grant_the_same_Page_picks_(the_refusals_above_are_about_the_grant,_not_the_harness)
--- PASS: TestMetaConnectGatePermissions (0.88s)
    --- PASS: TestMetaConnectGatePermissions/missing_permission_pages_show_list (0.03s)
    --- PASS: TestMetaConnectGatePermissions/missing_permission_pages_manage_metadata (0.03s)
    --- PASS: TestMetaConnectGatePermissions/missing_permission_pages_read_engagement (0.03s)
    --- PASS: TestMetaConnectGatePermissions/missing_permission_pages_messaging (0.03s)
    --- PASS: TestMetaConnectGatePermissions/missing_Page_task_MESSAGING (0.03s)
    --- PASS: TestMetaConnectGatePermissions/missing_Page_task_MODERATE (0.02s)
    --- PASS: TestMetaConnectGatePermissions/Instagram_kept_but_missing_instagram_basic (0.02s)
    --- PASS: TestMetaConnectGatePermissions/Instagram_kept_but_missing_instagram_manage_comments (0.03s)
    --- PASS: TestMetaConnectGatePermissions/Instagram_kept_but_missing_instagram_manage_messages (0.04s)
    --- PASS: TestMetaConnectGatePermissions/control:_with_every_grant_the_same_Page_picks_(the_refusals_above_are_about_the_grant,_not_the_harness) (0.10s)
=== RUN   TestMetaConnectGateOwnership
=== RUN   TestMetaConnectGateOwnership/concurrent_double-pick_of_one_Page_by_three_stores:_exactly_one_wins,_the_others_409_page_taken_without_a_leak
=== RUN   TestMetaConnectGateOwnership/one_store_connects_two_different_Pages_concurrently:_both_201,_two_bindings,_two_rows
=== RUN   TestMetaConnectGateOwnership/same_state_picked_twice_concurrently:_one_201,_one_refusal,_one_credential_head
=== RUN   TestMetaConnectGateOwnership/Instagram_present_/_absent:_IG_is_bound_only_when_present_AND_kept;_asking_for_an_absent_IG_is_refused
--- PASS: TestMetaConnectGateOwnership (1.49s)
    --- PASS: TestMetaConnectGateOwnership/concurrent_double-pick_of_one_Page_by_three_stores:_exactly_one_wins,_the_others_409_page_taken_without_a_leak (0.67s)
    --- PASS: TestMetaConnectGateOwnership/one_store_connects_two_different_Pages_concurrently:_both_201,_two_bindings,_two_rows (0.11s)
    --- PASS: TestMetaConnectGateOwnership/same_state_picked_twice_concurrently:_one_201,_one_refusal,_one_credential_head (0.07s)
    --- PASS: TestMetaConnectGateOwnership/Instagram_present_/_absent:_IG_is_bound_only_when_present_AND_kept;_asking_for_an_absent_IG_is_refused (0.18s)
=== RUN   TestMetaConnectGateCustody
=== RUN   TestMetaConnectGateCustody/no_plaintext_token,_code,_state_or_app_secret_in_any_PG_row_of_any_schema
=== RUN   TestMetaConnectGateCustody/the_stored_credential_is_meta-page-token-v2:_32-byte_encapsulated_key,_sealed_per_binding,_the_user_token_is_not_persisted
=== RUN   TestMetaConnectGateCustody/no_plaintext_token_in_any_API_response_(success_and_error_bodies)
=== RUN   TestMetaConnectGateCustody/no_plaintext_token,_code_or_state_in_service_logs_(slog_+_stderr)_during_the_whole_flow
=== RUN   TestMetaConnectGateCustody/no_token_in_any_Meta-bound_URL;_tokens_travel_in_Authorization_or_JSON_body_only
=== RUN   TestMetaConnectGateCustody/a_v2_credential_opens_only_with_the_claims-worker's_private_ring,_only_under_its_exact_scope
=== RUN   TestMetaConnectGateCustody/audit_rows_exist_for_every_step_and_contain_no_secret_(already_covered_by_the_all-tables_scan_above)
--- PASS: TestMetaConnectGateCustody (0.87s)
    --- PASS: TestMetaConnectGateCustody/no_plaintext_token,_code,_state_or_app_secret_in_any_PG_row_of_any_schema (0.47s)
    --- PASS: TestMetaConnectGateCustody/the_stored_credential_is_meta-page-token-v2:_32-byte_encapsulated_key,_sealed_per_binding,_the_user_token_is_not_persisted (0.00s)
    --- PASS: TestMetaConnectGateCustody/no_plaintext_token_in_any_API_response_(success_and_error_bodies) (0.00s)
    --- PASS: TestMetaConnectGateCustody/no_plaintext_token,_code_or_state_in_service_logs_(slog_+_stderr)_during_the_whole_flow (0.00s)
    --- PASS: TestMetaConnectGateCustody/no_token_in_any_Meta-bound_URL;_tokens_travel_in_Authorization_or_JSON_body_only (0.00s)
    --- PASS: TestMetaConnectGateCustody/a_v2_credential_opens_only_with_the_claims-worker's_private_ring,_only_under_its_exact_scope (0.01s)
    --- PASS: TestMetaConnectGateCustody/audit_rows_exist_for_every_step_and_contain_no_secret_(already_covered_by_the_all-tables_scan_above) (0.00s)
=== RUN   TestMetaConnectGateIntake
=== RUN   TestMetaConnectGateIntake/a_worker_WITHOUT_the_private_ring_(what_the_API_process_is)_cannot_send:_denied_before_dispatch,_no_Graph_call
=== RUN   TestMetaConnectGateIntake/claims-worker_(private_ring)_sends_the_private_reply_on_Facebook_comments_and_Instagram_live_comments_(MOCK)
=== RUN   TestMetaConnectGateIntake/a_non-190_Graph_failure_(429,_5xx)_never_flips_the_card;_a_Graph_190_does,_and_only_that
=== RUN   TestMetaConnectGateIntake/reconnect_(rotated_Page_token)_->_active;_the_next_reply_uses_the_NEW_token;_one_binding_per_asset_still
=== RUN   TestMetaConnectGateIntake/disconnect_stops_intake:_a_webhook_comment_afterwards_makes_no_claim,_no_reply_operation_and_no_Graph_call
--- PASS: TestMetaConnectGateIntake (17.33s)
    --- PASS: TestMetaConnectGateIntake/a_worker_WITHOUT_the_private_ring_(what_the_API_process_is)_cannot_send:_denied_before_dispatch,_no_Graph_call (0.30s)
    --- PASS: TestMetaConnectGateIntake/claims-worker_(private_ring)_sends_the_private_reply_on_Facebook_comments_and_Instagram_live_comments_(MOCK) (2.30s)
    --- PASS: TestMetaConnectGateIntake/a_non-190_Graph_failure_(429,_5xx)_never_flips_the_card;_a_Graph_190_does,_and_only_that (6.26s)
    --- PASS: TestMetaConnectGateIntake/reconnect_(rotated_Page_token)_->_active;_the_next_reply_uses_the_NEW_token;_one_binding_per_asset_still (1.24s)
    --- PASS: TestMetaConnectGateIntake/disconnect_stops_intake:_a_webhook_comment_afterwards_makes_no_claim,_no_reply_operation_and_no_Graph_call (0.04s)
=== RUN   TestMetaConnectGateRoles
=== RUN   TestMetaConnectGateRoles/role_owner
=== RUN   TestMetaConnectGateRoles/role_admin
=== RUN   TestMetaConnectGateRoles/role_live_operator
=== RUN   TestMetaConnectGateRoles/role_fulfilment
=== RUN   TestMetaConnectGateRoles/role_viewer
=== RUN   TestMetaConnectGateRoles/no_session:_refused_(401,_or_422_when_body_validation_runs_first)_and_nothing_is_written
--- PASS: TestMetaConnectGateRoles (0.54s)
    --- PASS: TestMetaConnectGateRoles/role_owner (0.03s)
    --- PASS: TestMetaConnectGateRoles/role_admin (0.02s)
    --- PASS: TestMetaConnectGateRoles/role_live_operator (0.02s)
    --- PASS: TestMetaConnectGateRoles/role_fulfilment (0.02s)
    --- PASS: TestMetaConnectGateRoles/role_viewer (0.02s)
    --- PASS: TestMetaConnectGateRoles/no_session:_refused_(401,_or_422_when_body_validation_runs_first)_and_nothing_is_written (0.00s)
=== RUN   TestMetaConnectGateAPICannotOpen
=== RUN   TestMetaConnectGateAPICannotOpen/cmd/api_dependency_closure_contains_no_opener
=== RUN   TestMetaConnectGateAPICannotOpen/cmd/api_sources_never_name_a_private_ring,_the_v1_AES_keyring_or_an_opener
=== RUN   TestMetaConnectGateAPICannotOpen/compose:_api_mounts_the_public_ring_only;_claims-worker_alone_mounts_the_private_ring
=== RUN   TestMetaConnectGateAPICannotOpen/env_examples:_the_api_env_file_carries_no_private-ring_name
=== RUN   TestMetaConnectGateAPICannotOpen/secrets_manifest:_api_is_never_a_consumer_of_the_private_ring
=== RUN   TestMetaConnectGateAPICannotOpen/the_seal-side_package_exposes_no_open_capability
--- PASS: TestMetaConnectGateAPICannotOpen (0.49s)
    --- PASS: TestMetaConnectGateAPICannotOpen/cmd/api_dependency_closure_contains_no_opener (0.42s)
    --- PASS: TestMetaConnectGateAPICannotOpen/cmd/api_sources_never_name_a_private_ring,_the_v1_AES_keyring_or_an_opener (0.05s)
    --- PASS: TestMetaConnectGateAPICannotOpen/compose:_api_mounts_the_public_ring_only;_claims-worker_alone_mounts_the_private_ring (0.01s)
    --- PASS: TestMetaConnectGateAPICannotOpen/env_examples:_the_api_env_file_carries_no_private-ring_name (0.00s)
    --- PASS: TestMetaConnectGateAPICannotOpen/secrets_manifest:_api_is_never_a_consumer_of_the_private_ring (0.00s)
    --- PASS: TestMetaConnectGateAPICannotOpen/the_seal-side_package_exposes_no_open_capability (0.00s)
=== RUN   TestMetaConnectMultiPageUpgrade
--- PASS: TestMetaConnectMultiPageUpgrade (2.93s)
=== RUN   TestMetaConnectGateCap
--- PASS: TestMetaConnectGateCap (7.85s)
=== RUN   TestMetaConnectGatePerPageDisconnect
--- PASS: TestMetaConnectGatePerPageDisconnect (0.45s)
=== RUN   TestMetaConnectGateSamePageConcurrent
--- PASS: TestMetaConnectGateSamePageConcurrent (0.42s)
=== RUN   TestMetaConnectGateMultiPageIntake
--- PASS: TestMetaConnectGateMultiPageIntake (1.19s)
=== RUN   TestMetaConnectFlow
=== RUN   TestMetaConnectFlow/start_builds_the_Login_for_Business_dialog_and_replays_by_Idempotency-Key
=== RUN   TestMetaConnectFlow/state_mismatch,_wrong_principal,_single_use_and_expiry_are_refused
=== RUN   TestMetaConnectFlow/a_missing_permission_or_Page_task_refuses_the_pick_and_enables_nothing
=== RUN   TestMetaConnectFlow/Instagram_permissions_missing:_IG_pick_refused,_Facebook-only_pick_succeeds
=== RUN   TestMetaConnectFlow/pick_Page_A_with_Instagram_binds,_subscribes,_routes_and_seals
=== RUN   TestMetaConnectFlow/no_token_or_secret_in_any_stored_text,_URL_or_audit_row
=== RUN   TestMetaConnectFlow/webhook_comment_->_claim_->_private_reply_(MOCK)_on_the_merchant-connected_Page;_Graph_190_asks_to_reconnect
=== RUN   TestMetaConnectFlow/another_store_or_tenant_cannot_bind_the_same_Page_(409,_no_leak,_no_Meta_call)
=== RUN   TestMetaConnectFlow/a_viewer_with_integration:read_sees_the_card_but_cannot_connect
=== RUN   TestMetaConnectFlow/disconnect_destroys_the_token,_stops_intake_and_disables_bindings_(no_Graph_unsubscribe:_the_API_cannot_open_a_token)
=== RUN   TestMetaConnectFlow/a_pick_after_an_API_restart_(no_user_token_in_memory)_is_refused_as_expired_and_enables_nothing
--- PASS: TestMetaConnectFlow (13.63s)
    --- PASS: TestMetaConnectFlow/start_builds_the_Login_for_Business_dialog_and_replays_by_Idempotency-Key (0.01s)
    --- PASS: TestMetaConnectFlow/state_mismatch,_wrong_principal,_single_use_and_expiry_are_refused (0.04s)
    --- PASS: TestMetaConnectFlow/a_missing_permission_or_Page_task_refuses_the_pick_and_enables_nothing (0.06s)
    --- PASS: TestMetaConnectFlow/Instagram_permissions_missing:_IG_pick_refused,_Facebook-only_pick_succeeds (0.06s)
    --- PASS: TestMetaConnectFlow/pick_Page_A_with_Instagram_binds,_subscribes,_routes_and_seals (0.07s)
    --- PASS: TestMetaConnectFlow/no_token_or_secret_in_any_stored_text,_URL_or_audit_row (0.02s)
    --- PASS: TestMetaConnectFlow/webhook_comment_->_claim_->_private_reply_(MOCK)_on_the_merchant-connected_Page;_Graph_190_asks_to_reconnect (5.62s)
    --- PASS: TestMetaConnectFlow/another_store_or_tenant_cannot_bind_the_same_Page_(409,_no_leak,_no_Meta_call) (0.04s)
    --- PASS: TestMetaConnectFlow/a_viewer_with_integration:read_sees_the_card_but_cannot_connect (0.01s)
    --- PASS: TestMetaConnectFlow/disconnect_destroys_the_token,_stops_intake_and_disables_bindings_(no_Graph_unsubscribe:_the_API_cannot_open_a_token) (0.08s)
    --- PASS: TestMetaConnectFlow/a_pick_after_an_API_restart_(no_user_token_in_memory)_is_refused_as_expired_and_enables_nothing (0.02s)
=== RUN   TestMetaConnectAPIHoldsNoPagePrivateKey
--- PASS: TestMetaConnectAPIHoldsNoPagePrivateKey (0.27s)
=== RUN   TestMetaConnectUnsubscribe
=== RUN   TestMetaConnectUnsubscribe/disconnect_enqueues_one_job_holding_only_sealed_bytes;_the_worker_unsubscribes_the_Page_at_Meta,_wipes_the_token_and_audits
=== RUN   TestMetaConnectUnsubscribe/an_ambiguous_answer_is_UNKNOWN_and_never_repeated;_a_4xx_is_FAILED;_both_wipe_the_token
=== RUN   TestMetaConnectUnsubscribe/a_definite_not-applied_answer_(503)_retries_with_backoff,_at_most_5_attempts,_then_fails_with_the_token_wiped
=== RUN   TestMetaConnectUnsubscribe/a_worker_without_the_private_ring_cannot_open_a_v2_token:_bounded_retries,_then_FAILED_with_the_token_wiped,_never_a_Graph_call
=== RUN   TestMetaConnectUnsubscribe/an_expired_lease_means_the_outcome_is_unknown:_closed_UNKNOWN,_never_repeated
=== RUN   TestMetaConnectUnsubscribe/disconnect_then_reconnect_of_the_SAME_Page_before_the_worker_runs:_the_pending_job_is_superseded,_the_live_Page_is_never_unsubscribed
=== RUN   TestMetaConnectUnsubscribe/the_merchant_runtime_cannot_claim_or_finish_a_job_(claims-worker_authority_only)
--- PASS: TestMetaConnectUnsubscribe (1.15s)
    --- PASS: TestMetaConnectUnsubscribe/disconnect_enqueues_one_job_holding_only_sealed_bytes;_the_worker_unsubscribes_the_Page_at_Meta,_wipes_the_token_and_audits (0.08s)
    --- PASS: TestMetaConnectUnsubscribe/an_ambiguous_answer_is_UNKNOWN_and_never_repeated;_a_4xx_is_FAILED;_both_wipe_the_token (0.37s)
    --- PASS: TestMetaConnectUnsubscribe/a_definite_not-applied_answer_(503)_retries_with_backoff,_at_most_5_attempts,_then_fails_with_the_token_wiped (0.11s)
    --- PASS: TestMetaConnectUnsubscribe/a_worker_without_the_private_ring_cannot_open_a_v2_token:_bounded_retries,_then_FAILED_with_the_token_wiped,_never_a_Graph_call (0.07s)
    --- PASS: TestMetaConnectUnsubscribe/an_expired_lease_means_the_outcome_is_unknown:_closed_UNKNOWN,_never_repeated (0.07s)
    --- PASS: TestMetaConnectUnsubscribe/disconnect_then_reconnect_of_the_SAME_Page_before_the_worker_runs:_the_pending_job_is_superseded,_the_live_Page_is_never_unsubscribed (0.08s)
    --- PASS: TestMetaConnectUnsubscribe/the_merchant_runtime_cannot_claim_or_finish_a_job_(claims-worker_authority_only) (0.00s)
=== RUN   TestMetaHealthProbeDerivesAndRecords
--- PASS: TestMetaHealthProbeDerivesAndRecords (0.07s)
=== RUN   TestMetaHealthTokenInvalidFlipsConnection
=== RUN   TestMetaHealthTokenInvalidFlipsConnection/revoked
=== RUN   TestMetaHealthTokenInvalidFlipsConnection/expired
=== RUN   TestMetaHealthTokenInvalidFlipsConnection/page_gone
--- PASS: TestMetaHealthTokenInvalidFlipsConnection (0.14s)
    --- PASS: TestMetaHealthTokenInvalidFlipsConnection/revoked (0.05s)
    --- PASS: TestMetaHealthTokenInvalidFlipsConnection/expired (0.04s)
    --- PASS: TestMetaHealthTokenInvalidFlipsConnection/page_gone (0.05s)
=== RUN   TestMetaHealthPermissionAndSubscription
=== RUN   TestMetaHealthPermissionAndSubscription/permission_revoked
=== RUN   TestMetaHealthPermissionAndSubscription/p2_permission_error_snapshot
=== RUN   TestMetaHealthPermissionAndSubscription/messages_not_subscribed
=== RUN   TestMetaHealthPermissionAndSubscription/app_absent
--- PASS: TestMetaHealthPermissionAndSubscription (0.08s)
    --- PASS: TestMetaHealthPermissionAndSubscription/permission_revoked (0.02s)
    --- PASS: TestMetaHealthPermissionAndSubscription/p2_permission_error_snapshot (0.01s)
    --- PASS: TestMetaHealthPermissionAndSubscription/messages_not_subscribed (0.01s)
    --- PASS: TestMetaHealthPermissionAndSubscription/app_absent (0.01s)
=== RUN   TestMetaHealthRateLimitAndProbeFailing
--- PASS: TestMetaHealthRateLimitAndProbeFailing (0.06s)
=== RUN   TestMetaHealthMissingCredentialRecordsUnknown
--- PASS: TestMetaHealthMissingCredentialRecordsUnknown (0.04s)
=== RUN   TestMetaHealthTokenNeverLeaks
--- PASS: TestMetaHealthTokenNeverLeaks (0.05s)
=== RUN   TestMetaHealthBannerRoutes
--- PASS: TestMetaHealthBannerRoutes (0.07s)
=== RUN   TestMetaHealthReaderSwap
--- PASS: TestMetaHealthReaderSwap (0.04s)
=== RUN   TestMetaHealthReauthReconnectResets
--- PASS: TestMetaHealthReauthReconnectResets (0.05s)
=== RUN   TestMetaConnectIndDisconnectLock
--- PASS: TestMetaConnectIndDisconnectLock (0.42s)
=== RUN   TestMetaConnectIndDisconnectReconnectRace
--- PASS: TestMetaConnectIndDisconnectReconnectRace (1.13s)
=== RUN   TestMetaConnectIndRetireDisabledSource
--- PASS: TestMetaConnectIndRetireDisabledSource (0.46s)
=== RUN   TestMetaConnectIndPickDisconnectIdempotent
=== RUN   TestMetaConnectIndPickDisconnectIdempotent/pick_replays_by_key_and_reaches_Meta_once
=== RUN   TestMetaConnectIndPickDisconnectIdempotent/disconnect_replays_by_key_and_enqueues_one_job
--- PASS: TestMetaConnectIndPickDisconnectIdempotent (0.43s)
    --- PASS: TestMetaConnectIndPickDisconnectIdempotent/pick_replays_by_key_and_reaches_Meta_once (0.05s)
    --- PASS: TestMetaConnectIndPickDisconnectIdempotent/disconnect_replays_by_key_and_enqueues_one_job (0.07s)
=== RUN   TestMetaConnectIndCapConcurrent
--- PASS: TestMetaConnectIndCapConcurrent (0.75s)
=== RUN   TestMetaConnectIndCrossStoreRace
--- PASS: TestMetaConnectIndCrossStoreRace (0.87s)
=== RUN   TestMetaConnectIndDisconnectKeepsPeer
--- PASS: TestMetaConnectIndDisconnectKeepsPeer (1.54s)
=== RUN   TestMetaConnectIndNoTokenAnywhere
--- PASS: TestMetaConnectIndNoTokenAnywhere (8.04s)
=== RUN   TestR2IntegrationUpgradeFromReleaseHead
--- PASS: TestR2IntegrationUpgradeFromReleaseHead (7.20s)
PASS
ok  	livecommerce/tests/foundation	84.126s
test-focused: top-level PASS=34 FAIL=0 SKIP=0 exit=0
