✔ G-UI3/G-UI5 architecture constraints pass with shrinking legacy exceptions (367.506417ms)
✔ G-UI3/G-UI5 negatives: new formatter, component fetch, >800 lines and wider allowance fail (0.385916ms)
✔ G-UI1 Next pages and route registry are bidirectional, unique, typed, documented (2.110833ms)
✔ G-UI1 copy key parity: no missing or extra key in any locale (0.079083ms)
✔ G-UI2 staff without catalog:read cannot see products/inventory or open a product URL (0.182625ms)
✔ G-UI2 every route permission is a permission Go knows, and /orders/new needs inventory:reserve (87.886541ms)
✔ G-UI1 dynamic and public routes match, details never appear as navigation (0.228291ms)
ℹ tests 7
ℹ suites 0
ℹ pass 7
ℹ fail 0
ℹ cancelled 0
ℹ skipped 0
ℹ todo 0
ℹ duration_ms 579.475375
WARN G-UI5 apps/admin/components/Ads.tsx: >500 lines
WARN G-UI5 apps/admin/components/Entry.tsx: >500 lines
WARN G-UI5 apps/admin/components/MerchantOrders.tsx: >500 lines
WARN G-UI5 apps/admin/components/Studio.tsx: >500 lines
WARN G-UI5 apps/admin/components/StudioClaims.tsx: >500 lines
WARN G-UI5 apps/admin/lib/ads-copy.ts: >500 lines
WARN G-UI5 apps/admin/lib/auth.ts: >500 lines
WARN G-UI5 apps/admin/lib/catalog-v2-copy.ts: >500 lines
WARN G-UI5 apps/storefront/components/CheckoutFlow.tsx: >500 lines
WARN G-UI5 apps/storefront/components/CvsPickup.tsx: >500 lines
WARN G-UI5 apps/storefront/components/OrderPayment.tsx: >500 lines
WARN G-UI5 apps/storefront/lib/order-payment.ts: >500 lines
PASS G-UI3/G-UI5
check-gates: ok (59 modes, all documented; every tracked test file is run)
