✔ G-UI3/G-UI5 architecture constraints pass with shrinking legacy exceptions (85.184125ms)
✔ G-UI3/G-UI5 negatives: new formatter, component fetch, >800 lines and wider allowance fail (0.195667ms)
✔ G-UI1 Next pages and route registry are bidirectional, unique, typed, documented (1.451833ms)
✔ G-UI1 copy key parity: no missing or extra key in any locale (0.079125ms)
✔ G-UI2 staff without catalog:read cannot see products/inventory or open a product URL (0.183333ms)
✔ G-UI1 dynamic and public routes match, details never appear as navigation (0.108125ms)
ℹ tests 6
ℹ suites 0
ℹ pass 6
ℹ fail 0
ℹ cancelled 0
ℹ skipped 0
ℹ todo 0
ℹ duration_ms 139.292041
node:internal/modules/run_main:107
    triggerUncaughtException(
    ^

AssertionError [ERR_ASSERTION]: The input did not match the regular expression /Products/. Input:

'Commerce workspace'

    at runShellGate (file:///Volumes/data/live_commerce_architecture_v1/.worktrees/ui-w0-shell/tests/admin/shell-browser.mjs:66:10)
    at async file:///Volumes/data/live_commerce_architecture_v1/.worktrees/ui-w0-shell/tests/admin/shell-runner.mjs:50:11 {
  generatedMessage: true,
  code: 'ERR_ASSERTION',
  actual: 'Commerce workspace',
  expected: /Products/,
  operator: 'match',
  diff: 'simple'
}

Node.js v24.15.0
