✔ /products/{uuid} redirects permanently to the zh-TW product page (72.280791ms)
✔ non-uuid ids are 404, never redirected (2.700583ms)
✔ transfer view: closed shape and state rules mirror Go validTransferView (1.672625ms)
✔ proof body and result: five digits, positive minor amount, ISO instant (0.217875ms)
✔ minorFromText: major units with at most two decimals, never a float surprise (0.105625ms)
✔ buyer email mirror: one plain address, 254 characters at most (0.106709ms)
✔ countdown: whole hours and minutes, never negative (0.403417ms)
✔ copy: three locales carry every key and every refusal code (0.218291ms)
✔ options: a home row lists modes only with bank_transfer and then needs its window (0.237333ms)
✔ checkoutInput: a home bank_transfer body, the optional trimmed email, and every refusal before any request (0.387417ms)
✔ order: AWAITING_TRANSFER is a valid commercial state without a hold time (0.195209ms)
✔ BFF: exact transfer routes, keyed proof PUT, strict body, validated answers, no generic proxy (31.763542ms)
✔ BFF: transfer refusal codes pass through as definite 422; checkout accepts bank_transfer and a valid email only (2.897ms)
✔ D06 order heading follows a settled transfer: never 'waiting for transfer' above a confirmed or expired one (0.3555ms)
✔ uncertain prepare blocks all mutations; changed cookie context resolves journal (75.171959ms)
✔ fully parsed local denial clears only its own pending operation (2.046834ms)
✔ malformed journal, unavailable lock and stale context fail before writes (2.931292ms)
✔ BPT05 exact handoff permits absent body/key, one fetch, no form persistence (19.522791ms)
✔ BPT05 wrong handoff form and ordinary writes fail before any fetch (2.014375ms)
✔ BPT05 unresolved cookie journal blocks handoff; lost response is one fetch without persistence (0.646583ms)
✔ SU02 refresh permits absent body/key, one fetch, no persistence (0.386083ms)
✔ SU02 refresh rejects a body, a key or a malformed path before any fetch (1.271708ms)
✔ SU02 cancel permits absent body/key, one fetch, no persistence (0.3215ms)
✔ SU02 cancel rejects a body, a key or a malformed path before any fetch (0.199959ms)
✔ BPT01 exact private path, headers, body and three-locale one-fetch transport (97.98375ms)
✔ BPT02 payment routes reject untrusted path, context, headers, key and body before fetch (12.052083ms)
✔ BPT03 hostile upstream success is sanitized, never returned as payment data (6.997375ms)
✔ BPT04 every handoff failure is nonretryable, including pre-route and transport loss (8.505542ms)
✔ SU02 five routes: exact upstream path, method, key, body, one fetch each (2.142542ms)
✔ SU02 refresh and cancel are keyless and pass every CSRF/context denial before fetch (1.515125ms)
✔ SU02 every handoff/refresh/cancel failure is nonretryable and sanitized (122.395708ms)
✔ SU02 hostile Stripe bodies become the sanitized 503; PAYUNi and Stripe bodies stay byte-identical (45.108875ms)
✔ SU02 prepare accepts only the two known method codes (0.621292ms)
✔ disabled and invalid configuration fail closed before private fetch (53.573042ms)
✔ private authority, cookie lifecycle and strict local denial (37.59375ms)
✔ bad host, cookie, query and method never reach private API (4.145791ms)
✔ stalled inbound POST body is canceled at its deadline without a cookie or private call (2.471625ms)
✔ CVS BFF: exact routes, keyed open/store, keyless verify, validated answers, no generic proxy (6.574375ms)
✔ CVS BFF: contract refusal codes pass through; pay_at_pickup_limit is a definite (non-retryable) 429 (134.880166ms)
✔ fragment grammar accepts only one canonical token (3.267042ms)
✔ claim projections are closed (1.613417ms)
✔ claim token rides only its header on B1/B2 and is never echoed (201.220292ms)
✔ CVS01 map form: only the two ECPay e-map actions, exact fields, top-level-safe values (2.353333ms)
✔ CVS02 return path allowlist excludes /claim and anything but the checkout or product page (0.159584ms)
✔ CVS03 selection projection: VERIFIED<=>pickup, REJECTED<=>reject_code, absent keys read as null (0.539042ms)
✔ CVS04 buyer-entered store answer and request body (39.104875ms)
✔ CVS05 store code table (§16.1) keeps leading zeros and per-chain lengths (6.781125ms)
✔ CVS06 recipient mirror: real-name width 4..10 (CJK=2), no digits/symbols/emoji; 09 mobile (9.722458ms)
✔ CVS07 checkout draft: name, phone and mode only; read once; corrupt/foreign shapes are dropped (7.767833ms)
✔ CVS08 return URL: only ?cvs_selection=<uuid> is accepted (0.470667ms)
✔ CVS09 buyer order projection and copy keys: nothing but PICKED_UP says picked up (0.696958ms)
✔ CVS10 error codes: field mapping, definite refusals, official links are https constants (1.091875ms)
✔ CVS11 client transport: verify is the one new keyless POST; the server refusal code rides BuyerClientError.detail (24.888584ms)
✔ every locale x page has a title, an updated line and at least one section (18.448541ms)
✔ locales share the section count and per-section body count of every page (7.590541ms)
✔ final text is only the owner-confirmed company facts (CR 81215167 name + registered address); nothing else is final (4.47775ms)
✔ footer has 6 unique hrefs: 5 legal slugs plus data-deletion, per locale (0.983791ms)
✔ data-deletion path is named in the privacy page of every locale (0.098083ms)
✔ pendingOwnerText lists exactly the rendered markers and is written for the owner (1.818ms)
✔ a live (claim-origin) price replaces the catalog price and strikes it through (0.603125ms)
✔ without a live price the catalog price and its compare-at are shown unchanged (0.064125ms)
✔ a live price equal to or above the catalog price is shown as set (strike hidden by the UI guard) (0.052375ms)
✔ a live price strikes the catalog price, never the variant sale price (0.048666ms)
✔ order ref: 12 hex (dashes or spaces, any case) or a full id (3.226ms)
✔ contact: one email or a phone of 6..20 digits (0.905ms)
✔ body is exactly {order_ref, contact}; the answer is exactly {order_id} (0.852667ms)
✔ BFF lookup: no cookie needed, fresh token goes upstream, cookie only on 200 and it carries that same token (171.332833ms)
✔ BFF lookup: strict local denial before any private fetch (51.152ms)
✔ copy: three locales carry every key (0.281ms)
✔ TWD whole amounts show no decimals in every locale and at every magnitude (line, subtotal, total, zero) (167.37075ms)
✔ cents appear only when there are cents, then always as two digits; the minor-unit arithmetic is untouched (0.208541ms)
✔ digits come from the currency: JPY none, USD two when there are cents (0.112458ms)
✔ one formatter: no component, page or lib builds a currency Intl.NumberFormat outside lib/money.ts (37.06ms)
✔ fragment: exactly #o=<order id>&t=<43-char token>; anything else is null (2.018458ms)
✔ body is exactly {order_id, token, proof}; the answer is exactly the order the link named (0.267833ms)
✔ BFF link: no cookie needed, fresh token upstream, cookie only on a 200 naming the same order, link token never echoed (66.659791ms)
✔ BFF link: strict local denial before any private fetch (2.458958ms)
✔ copy: three locales, one refusal text, a retry and a lookup path (0.28675ms)
✔ BPU01 fresh payment writes exact metadata before prepare, one bodyless Take, no persistent form (144.961042ms)
✔ BPU01 lost prepare response replays original key/body only on explicit next click (2.196125ms)
✔ BPU01 lost handoff is permanently GET-only, even after a second click (2.816625ms)
✔ BPU01 storage, amount, scope and child/screen fences reject before irreversible writes (2.385625ms)
✔ BPU01 document/child loss after prepare but before Take leaves exact replay marker (1.81425ms)
✔ BPU01 malformed server handoff never submits and Take remains nonretryable (0.781791ms)
✔ BPU01 marker replacement before Take and after Take blocks release/form reuse (1.192292ms)
✔ BPU01 context replacement after prepare and after Take closes destination without form (0.715958ms)
✔ BPU01 synchronous destination refuses invalid locale before opening a window (0.180334ms)
✔ SU03 fresh Stripe pay: marker before prepare, one prepare, one handoff, navigate, URL never stored (136.656ms)
✔ SU03 marker replay: lost prepare response replays key/body, no uncertain on PENDING view with leftover marker (3.183208ms)
✔ SU03 cross-device Continue needs no marker and never prepares (7.729167ms)
✔ SU03 marker/view matrix: PAYUNi marker on Stripe view and Stripe marker on PAYUNi view send nothing (4.022542ms)
✔ SU03 any other view renders without a POST (0.732292ms)
✔ SU03 CREATING: waits on the schedule without the lock, then hands off once when READY (25.346458ms)
✔ SU03 CREATING budget: 10 reads over 30 s, then the blank child is closed, no POST, no throw (12.405042ms)
✔ SU03 cancel_requested seen on the re-GET aborts before the handoff POST (2.298125ms)
✔ SU03 handoff outcomes: CREATING closes child, CLOSED/UNAVAILABLE/error/malformed reject; one POST each, never retried (5.078667ms)
✔ SU03 Stripe prepare errors, amount/currency mismatch and popup loss stop before any handoff (1.649542ms)
✔ SU03 two clicks make two handoff POSTs only because there were two clicks; sequential, none from reads (0.749458ms)
✔ SU03 navigate: validates again, needs an owned blank child, sets used before replace, no URL in errors (0.375666ms)
✔ SU03 refresh signal: keyless single POST, validated, throttled 1/10 s and 30 per page life, cancel never throttled (8.728208ms)
✔ SU03 signal failures are single-shot and sanitized: HTTP error, malformed body, wrong order (0.431709ms)
✔ private quote/option authority fields are required; only exact MANUAL home can checkout (3.3055ms)
✔ continue shopping advances only ordered version, clears hint, keeps SQL history authoritative (148.090458ms)
✔ lost next-cart response retries identical key/body and preserves a newer cart (1.120291ms)
✔ continuation never overwrites an already advanced cart (0.353542ms)
✔ unknown checkout blocks continuation without any business request (0.223916ms)
✔ two queued continuation clicks mutate once; stale order ID cannot clear another order (12.306417ms)
✔ CAS conflict resolves only after a newer cart is read (20.189375ms)
✔ locator removal failure retains next-cart journal and recovery survives missing locator (11.343375ms)
✔ order history summary rejects PII/unknown fields and malformed scope IDs (0.138208ms)
✔ native address validation mirrors printable Unicode, limits and phone; journal forbids PII (3.853625ms)
✔ address lost reply replays exact in-memory intent, then confirms current head (5.648209ms)
✔ address reload requires explicit new intent and exact observed CAS; stale head never auto-bumps (55.649583ms)
✔ old address receipt cannot confirm another tab's newer current head (12.891166ms)
✔ a late address CAS winner requires another explicit confirmation, not an automatic version bump (0.858708ms)
✔ checkout lost reply, queued duplicate and current GET reuse one key and one order (52.853834ms)
✔ uncertain checkout retains original journal across later 401/403/404/5xx and malformed success (6.310333ms)
✔ only a fresh definitive denial clears checkout; no order locator is invented (2.773875ms)
✔ locator storage failure after commit retains same key; reload GET failure keeps locator (16.349792ms)
✔ locator persisted but journal removal failed resumes pending receipt, not unrelated pointer (43.917333ms)
✔ unavailable storage, invalid locator and late changed context fail closed (8.316541ms)
✔ order locator readback mismatch and no-op journal removal both retain checkout recovery (15.148458ms)
✔ BPT03 exact valid projection and Go nanosecond UTC timestamps (2.703083ms)
✔ BPT03 view rejects private fields, inconsistent state and malformed names (0.221167ms)
✔ BPT03 prepared receipt enforces exact original credit-card amount (0.07525ms)
✔ BPT03 hosted form and replay are exact, bounded and action-allowlisted (2.012833ms)
✔ SU01 Stripe views: fresh, both methods, attempt states, PAYUNi unchanged (0.238666ms)
✔ SU01 Stripe view negatives (0.134792ms)
✔ SU01 prepared amounts follow the corrected per-currency table (0.1125ms)
✔ SU01 Stripe handoff union and every redirect_url negative (1.096417ms)
✔ SU01 payment signal is exactly {order_id, scheduled:boolean} (0.366958ms)
✔ RUI01 refund summary: refunded states, pending money, absent ≡ null (0.654625ms)
✔ RUI01 refund summary negatives (0.992042ms)
✔ BPU03 neutral GET and POST return ignore every callback field and cookie (16.683791ms)
✔ policy version is the frozen constant, in the customers-core D4 shape (0.4915ms)
✔ route table: exactly the four buyer privacy routes, methods and body kinds (0.418ms)
✔ body shapes are closed and mirror the frozen Go inputs (no source, no policy_version) (0.0905ms)
✔ GET privacy validator: closed shape, erased owner holds no consent (0.11775ms)
✔ consent result and erasure summary validators (0.219208ms)
✔ buyer export envelope never carries customer_id (0.066959ms)
✔ failure classification: 410 and erased are the erased state (0.049041ms)
✔ copy: every locale has the same keys, the ads box discloses that sent events cannot be recalled (9.461625ms)
✔ PRO-S1 code mirror: any case and spaces normalise; impossible codes never become a request (0.604042ms)
✔ PRO-S2 promotion object: closed keys, kind/value pairing (0.187041ms)
✔ PRO-S3 quote validator: promotion is optional but never malformed; the discount stays the server's own number (0.288833ms)
✔ PRO-S4 journal grammar: a quote write may carry one canonical promo_code, nothing else (0.450709ms)
✔ PRO-S5 copy: three locales cover every refusal code and the same keys (0.580625ms)
✔ PRO-S6 BFF quote route: promo_code relayed untouched when canonical, refused before the private API otherwise (36.558ms)
✔ PRO-S7 BFF: every promo_* refusal is a definite, non-retryable 422 with its own code (4.04125ms)
✔ demonstration disclosure is explicit and local-only (0.506083ms)
✔ cart selection preserves unrelated SKUs and the observed CAS version (14.157791ms)
✔ minor amounts are bounded before multiplication, including zero (0.097542ms)
✔ delivery identity includes country for one market and method (0.067167ms)
✔ journal is bound to context and rejects PII/unknown fields (0.225875ms)
✔ lost response replays exact key/body, then clears only after parsed receipt (21.632417ms)
✔ RUI02 buyer order admits MERCHANT_SHIPPED only with a SHIPPED head; absent shipment ≡ null (0.414166ms)
✔ RUI02 shipment shape negatives (incl. unsafe links) (0.22825ms)
✔ RUI02 history summary admits MERCHANT_SHIPPED (a shipped order must not break the list) (0.073625ms)
✔ CVSP01 options: CVS rows carry pickup_selection/payment_modes; unavailable rows are a separate shape (0.304667ms)
✔ CVSP02 CVS destination write: TW only, pickup_id required, empty home address; home unchanged (2.076875ms)
✔ CVSP03 checkoutInput: payment_mode only for CVS rows and only a mode the row offers (0.623625ms)
✔ CVSP04 buyer order: pay_at_pickup <=> collection_state; cvs_shipment only on a matching CVS destination (0.231958ms)
✔ CVSP05 journal accepts a CVS destination marker and a checkout body with payment_mode, nothing else (0.157333ms)
✔ design: garbage and hostile documents collapse to the safe default shape (1.076334ms)
✔ design: links, preview token propagation, nav resolution (0.116125ms)
✔ design: any merchant accent yields readable button text and link colour (WCAG AA) (0.222458ms)
✔ variants: resolution, disabled out-of-stock combinations, initial choice, price bounds (0.148959ms)
✔ catalog-v2 parsers accept the frozen shapes and refuse drift (0.315417ms)
✔ free-delivery progress words the hint only when a threshold exists (0.063042ms)
✔ list query: only whitelisted, canonical values survive (0.203458ms)
✔ seo: JSON-LD cannot break out of its script tag; offers reflect stock and price range (14.177334ms)
✔ seo: sitemap escapes and carries hreflang; robots refuses everything for a closed host (0.264584ms)
✔ money: whole amounts drop cents, minor digits come from the currency, filters round-trip (0.529167ms)
✔ cart line write: replaces one line, keeps the others, 0 removes, CAS version is the one shown (0.863083ms)
✔ cart problems map to buyer-facing classes without leaking transport detail (0.091041ms)
✔ checkout options accept the optional free-shipping threshold only as a positive integer or null (1.633375ms)
✔ no-image placeholder copy: exactly the locale label a photo-less card or gallery renders (0.061208ms)
✔ dictionaries have exact parity and non-empty values (0.738125ms)
✔ locale precedence and language quality mapping (0.650834ms)
✔ localized paths preserve deep links and reject dangerous input (0.352375ms)
✔ path locale only matches a canonical first segment (0.049333ms)
✔ the four constructs render (0.642541ms)
✔ XSS payloads stay inert text (0.49125ms)
✔ fuzz: any string over a hostile alphabet renders only whitelisted tags (92.386084ms)
✔ validator mirrors the Go rules (0.78925ms)
✔ SDN1 allowlist: exactly the contract routes, per method (0.588291ms)
✔ SDN1 allowlist: traversal, case, suffix and prefix tricks never match (0.2575ms)
✔ SDN1 request shape: no query string anywhere, reads carry no body, key, length or transfer-encoding (52.643541ms)
✔ SDN1 cap: 260 KiB = Go's 256 KiB document + 4 KiB envelope, and a body of exactly the cap is still below it (0.056125ms)
✔ SDN2 renderer: every XSS payload comes out as whitelisted tags and escaped text only (1.11ms)
✔ SDN2 renderer: escape-first means the merchant's text never becomes markup (0.149584ms)
✔ SDN2 renderer: fuzz (seeded) never produces a tag outside the whitelist (109.959292ms)
✔ SDN2 client validator rejects what the server rejects (HTML, non-https links, `<` anywhere) (0.319834ms)
✔ cleanForSave turns cleared fields into null but keeps an empty body (0.444541ms)
✔ localIssues names each missing mandatory value by server path (0.546292ms)
✔ moved swaps neighbours and ignores out-of-range moves (0.100125ms)
✔ parsers accept the exact Go shapes and refuse extra or missing keys (1.32975ms)
✔ BFF allowlist covers exactly the design resources (0.312875ms)
✔ validDesignRequest refuses queries and bodies on reads, ignores other paths (59.668875ms)
✔ designDetails forwards only a bounded {path, reason} pair (0.183375ms)
✔ accepts exactly the three locale invite paths with a 20-200 char token (0.445583ms)
✔ rejects anything that is not an exact same-origin relative invite path (0.09425ms)
✔ rejects percent-encoded variants of the exact shape (0.049542ms)
✔ the token is an opaque invite token shape, never a URL (0.047625ms)
✔ fragment carrier: round-trips the exact invite path, is never a query string, and rejects hostile fragments (0.186583ms)
✔ dashboard: accepts the frozen shape, rejects drift (123.665167ms)
✔ import result: strict keys, closed error codes, committed never carries errors (0.323542ms)
✔ csv file guard mirrors the Go bounds (0.083875ms)
✔ manual options: only bank_transfer / pay_at_pickup, key must equal market|country|code (0.25075ms)
✔ manual result: link is https with the order id and a 43-char capability in the fragment only (0.274375ms)
✔ draft: first problem, and the body has no price-like field at all (0.3905ms)
✔ BFF grammar: exactly the seven tools resources (0.082667ms)
✔ regenerate body/result: exactly {order_id, locale} and a fresh https link naming that order (0.111791ms)
✔ copy parity: every locale has every key, import rules and error codes (0.66275ms)
✔ callback redirect target is always a same-origin /<locale>/settings path whatever the cookies, store, code or error say (2.101083ms)
✔ the binding cookie: exactly one canonical store uuid, path-scoped to the callback, HttpOnly, Lax, 10 minutes, Secure (0.102625ms)
✔ callback query: exactly one code and one state within charset/length bounds; Meta's error=… and repeats are not forwarded (0.57075ms)
✔ the dialog URL the BFF hands the browser is https://www.facebook.com only (0.113875ms)
✔ callback error mapping only ever yields fixed codes, never an upstream message (1.660875ms)
✔ status: not connected, connected with and without Instagram, and every deviation throws (0.950709ms)
✔ pick state: closed shape, optional Instagram keys come as a pair, id must match (0.239958ms)
✔ route grammar: only status/states/pick/disconnect; start and callback are dedicated routes; no query; reads carry no body or key (14.081ms)
✔ connect cookie, body and callback redirect never carry code/state and only fixed codes (0.297375ms)
✔ copy: three locales have the same keys and every Go error code has a message (0.101875ms)
✔ D02 TWD input: whole dollars only, x100 on the wire (15.062791ms)
✔ D02 TWD edit text: whole dollars have no decimals; a legacy amount with cents is never shown as another price (0.259167ms)
✔ D02 display: NT$ without decimals in every language, cents only when there are cents (6.094209ms)
✔ D02 live-price input (Studio claims): TWD whole dollars, other currencies their decimals (0.193667ms)
✔ D02 discount code amounts: TWD whole dollars, a decimal is refused before it is sent (0.260875ms)
✔ D02 no admin copy or component says 'minor units' to the merchant (19.865125ms)
✔ M06 time: Asia/Taipei everywhere, labelled, never UTC (13.803833ms)
✔ settings answer: exactly one boolean key (1.932125ms)
✔ PUT body is the frozen single key (0.243209ms)
✔ BFF grammar: GET read, PUT keyed command, nothing else (0.951042ms)
✔ copy: three locales, same keys, no empty text (0.426208ms)
✔ PRM01 parse: exact keys, kind/value pairing and ranges; duplicates and unknown keys are refused (15.062375ms)
✔ PRM02 Taipei wall time: +08:00 on the wire, instant shown back in Taipei, impossible dates refused (22.404834ms)
✔ PRM03 create body: normalised code, major units to minor units, optional fields null, whole body validated (3.885459ms)
✔ PRM04 update + toggle: version CAS key, form round trip, pause keeps every other field (0.396792ms)
✔ PRM05 BFF grammar: exactly list, create and update; nothing generic (0.1615ms)
✔ PRM06 copy: three locales carry the same keys and every refusal code the Go routes can answer (0.310416ms)
✔ G-UI3/G-UI5 architecture constraints pass with shrinking legacy exceptions (145.516667ms)
✔ G-UI3/G-UI5 negatives: new formatter, component fetch, >800 lines and wider allowance fail (0.580583ms)
✔ G-UI1 Next pages and route registry are bidirectional, unique, typed, documented (3.371375ms)
✔ G-UI1 copy key parity: no missing or extra key in any locale (0.118208ms)
✔ G-UI2 staff without catalog:read cannot see products/inventory or open a product URL (0.249959ms)
✔ G-UI1 dynamic and public routes match, details never appear as navigation (0.401417ms)
✔ browser-origin gate: every refusal happens before Go is called, for every action (26.31375ms)
✔ only POST exists on the team routes (3.330666ms)
✔ unknown action is a local 404 and never reaches Go (0.613ms)
✔ strict request grammar: wrong keys, types, ids, roles, locales and token shapes are 422 locally (5.072125ms)
✔ what reaches Go: BFF key, bearer from the cookie, no Cookie/Origin, body unchanged, exactly one call per request (39.621583ms)
✔ Go failures are rebuilt locally from allow-listed codes, never retried, and never echo the token (58.318167ms)
✔ team answer: accepts the frozen shape, null role and OIDC member without email (0.595666ms)
✔ team answer: unknown key, unknown role, bad id, bad mail state are rejected (0.296042ms)
✔ invite and accept answers are strict (0.392958ms)
✔ request grammar: every action has an exact key set and rejects junk values (0.207541ms)
✔ copy: three locales carry the same keys and a label for every role (0.396667ms)
✔ role-aware navigation: hides entries the member's permissions cannot use; unknown shows all; Team is owner-only (0.83525ms)
✔ positive control: a complete, valid configuration raises no META_LOGIN finding (1491.35075ms)
✔ feature off (COMMERCE_META_LOGIN_CONFIG_ID empty): no rule applies even with the other keys empty (273.278292ms)
✔ P06: the Page route needs the webhook receiver (342.818708ms)
✔ P06: sessions come from identity (245.289375ms)
✔ P06: without the claims profile nobody sends the private replies (a WARN, not a FAIL) (261.153334ms)
✔ P08: COMMERCE_META_LOGIN_CONFIG_ID must be numeric ("abc") (376.05825ms)
✔ P08: COMMERCE_META_LOGIN_CONFIG_ID must be numeric ("12 34") (360.2535ms)
✔ P08: COMMERCE_META_LOGIN_CONFIG_ID must be numeric ("111111111111") (254.309791ms)
✔ P08: COMMERCE_META_LOGIN_CONFIG_ID must be numeric ("0x10") (253.921084ms)
✔ P08: COMMERCE_META_LOGIN_CONFIG_ID must be numeric ("-1") (287.23775ms)
✔ P08: COMMERCE_META_LOGIN_REDIRECT_URI must be exactly https://<LC_ADMIN_HOST>/api/meta/callback (wrong host) (214.214208ms)
✔ P08: COMMERCE_META_LOGIN_REDIRECT_URI must be exactly https://<LC_ADMIN_HOST>/api/meta/callback (http scheme) (180.770125ms)
✔ P08: COMMERCE_META_LOGIN_REDIRECT_URI must be exactly https://<LC_ADMIN_HOST>/api/meta/callback (the ads callback path) (270.460792ms)
✔ P08: COMMERCE_META_LOGIN_REDIRECT_URI must be exactly https://<LC_ADMIN_HOST>/api/meta/callback (trailing slash) (409.647084ms)
✔ P08: COMMERCE_META_LOGIN_REDIRECT_URI must be exactly https://<LC_ADMIN_HOST>/api/meta/callback (query string) (283.220583ms)
✔ P08: COMMERCE_META_LOGIN_REDIRECT_URI must be exactly https://<LC_ADMIN_HOST>/api/meta/callback (empty) (286.581958ms)
✔ P08: COMMERCE_META_LOGIN_GRAPH_VERSION grammar vNN.N ("26.0") (442.220708ms)
✔ P08: COMMERCE_META_LOGIN_GRAPH_VERSION grammar vNN.N ("v26") (326.360291ms)
✔ P08: COMMERCE_META_LOGIN_GRAPH_VERSION grammar vNN.N ("v26.0.1") (262.29675ms)
✔ P08: COMMERCE_META_LOGIN_GRAPH_VERSION grammar vNN.N ("latest") (323.393834ms)
✔ P08: COMMERCE_META_LOGIN_GRAPH_VERSION grammar vNN.N ("") (409.240667ms)
✔ P08: COMMERCE_META_LOGIN_GRAPH_VERSION grammar vNN.N ("v1000.0") (313.899167ms)
✔ P08: COMMERCE_META_LOGIN_GRAPH_VERSION accepts v26.0 (307.366709ms)
✔ P08: COMMERCE_META_LOGIN_GRAPH_VERSION accepts v22.0 (372.349792ms)
✔ P08: COMMERCE_META_LOGIN_GRAPH_VERSION accepts v99.9 (300.714709ms)
ℹ tests 284
ℹ suites 0
ℹ pass 284
ℹ fail 0
ℹ cancelled 0
ℹ skipped 0
ℹ todo 0
ℹ duration_ms 10311.584459
NOT_RUN: tests/media/r04-input-runner.test.mjs (COMMERCE_R04_LIVEKIT_BINARY unset)
