TAP version 13
# Subtest: round 3: a new httpapi file is unclassified until explicitly covered
not ok 1 - round 3: a new httpapi file is unclassified until explicitly covered
  ---
  duration_ms: 39.649125
  type: 'test'
  location: '/Volumes/data/live_commerce_architecture_v1/.worktrees/ci-select-backend-browser/tests/ci/backend-coverage.test.mjs:20:1'
  failureType: 'testCodeFailure'
  error: |-
    ["internal/httpapi/accounts.go is classified by nobody: declare its exact lc_covers, SHARED or BACKEND_ONLY file entry","internal/httpapi/accounts_test.go is classified by nobody: declare its exact lc_covers, SHARED or BACKEND_ONLY file entry","internal/httpapi/ads.go is classified by nobody: declare its exact lc_covers, SHARED or BACKEND_ONLY file entry","internal/httpapi/ads_test.go is classified by nobody: declare its exact lc_covers, SHARED or BACKEND_ONLY file entry","internal/httpapi/billing.go is classified by nobody: declare its exact lc_covers, SHARED or BACKEND_ONLY file entry","internal/httpapi/billing_test.go is classified by nobody: declare its exact lc_covers, SHARED or BACKEND_ONLY file entry","internal/httpapi/blocklist.go is classified by nobody: declare its exact lc_covers, SHARED or BACKEND_ONLY file entry","internal/httpapi/blocklist_test.go is classified by nobody: declare its exact lc_covers, SHARED or BACKEND_ONLY file entry","internal/httpapi/claimsource.go is classified by nobody: declare its exact lc_covers, SHARED or BACKEND_ONLY file entry","internal/httpapi/claimsource_test.go is classified by nobody: declare its exact lc_covers, SHARED or BACKEND_ONLY file entry","internal/httpapi/cod.go is classified by nobody: declare its exact lc_covers, SHARED or BACKEND_ONLY file entry","internal/httpapi/collections.go is classified by nobody: declare its exact lc_covers, SHARED or BACKEND_ONLY file entry","internal/httpapi/customer_historical.go is classified by nobody: declare its exact lc_covers, SHARED or BACKEND_ONLY file entry","internal/httpapi/customer_tags.go is classified by nobody: declare its exact lc_covers, SHARED or BACKEND_ONLY file entry","internal/httpapi/customer_tags_test.go is classified by nobody: declare its exact lc_covers, SHARED or BACKEND_ONLY file entry","internal/httpapi/customers.go is classified by nobody: declare its exact lc_covers, SHARED or BACKEND_ONLY file entry","internal/httpapi/customers_test.go is classified by nobody: declare its exact lc_covers, SHARED or BACKEND_ONLY file entry","internal/httpapi/cvs.go is classified by nobody: declare its exact lc_covers, SHARED or BACKEND_ONLY file entry","internal/httpapi/cvs_test.go is classified by nobody: declare its exact lc_covers, SHARED or BACKEND_ONLY file entry","internal/httpapi/design.go is classified by nobody: declare its exact lc_covers, SHARED or BACKEND_ONLY file entry","internal/httpapi/design_test.go is classified by nobody: declare its exact lc_covers, SHARED or BACKEND_ONLY file entry","internal/httpapi/finance.go is classified by nobody: declare its exact lc_covers, SHARED or BACKEND_ONLY file entry","internal/httpapi/finance_test.go is classified by nobody: declare its exact lc_covers, SHARED or BACKEND_ONLY file entry","internal/httpapi/for_buyer_test.go is classified by nobody: declare its exact lc_covers, SHARED or BACKEND_ONLY file entry","internal/httpapi/images.go is classified by nobody: declare its exact lc_covers, SHARED or BACKEND_ONLY file entry","internal/httpapi/images_test.go is classified by nobody: declare its exact lc_covers, SHARED or BACKEND_ONLY file entry","internal/httpapi/imports.go is classified by nobody: declare its exact lc_covers, SHARED or BACKEND_ONLY file entry","internal/httpapi/imports_test.go is classified by nobody: declare its exact lc_covers, SHARED or BACKEND_ONLY file entry","internal/httpapi/inbox.go is classified by nobody: declare its exact lc_covers, SHARED or BACKEND_ONLY file entry","internal/httpapi/inbox_send.go is classified by nobody: declare its exact lc_covers, SHARED or BACKEND_ONLY file entry","internal/httpapi/inbox_send_test.go is classified by nobody: declare its exact lc_covers, SHARED or BACKEND_ONLY file entry","internal/httpapi/inbox_test.go is classified by nobody: declare its exact lc_covers, SHARED or BACKEND_ONLY file entry","internal/httpapi/keyword_tools.go is classified by nobody: declare its exact lc_covers, SHARED or BACKEND_ONLY file entry","internal/httpapi/keyword_tools_test.go is classified by nobody: declare its exact lc_covers, SHARED or BACKEND_ONLY file entry","internal/httpapi/live_console.go is classified by nobody: declare its exact lc_covers, SHARED or BACKEND_ONLY file entry","internal/httpapi/live_console_test.go is classified by nobody: declare its exact lc_covers, SHARED or BACKEND_ONLY file entry","internal/httpapi/live_flow.go is classified by nobody: declare its exact lc_covers, SHARED or BACKEND_ONLY file entry","internal/httpapi/live_flow_test.go is classified by nobody: declare its exact lc_covers, SHARED or BACKEND_ONLY file entry","internal/httpapi/live_lifecycle.go is classified by nobody: declare its exact lc_covers, SHARED or BACKEND_ONLY file entry","internal/httpapi/live_lifecycle_test.go is classified by nobody: declare its exact lc_covers, SHARED or BACKEND_ONLY file entry","internal/httpapi/live_stream.go is classified by nobody: declare its exact lc_covers, SHARED or BACKEND_ONLY file entry","internal/httpapi/live_stream_test.go is classified by nobody: declare its exact lc_covers, SHARED or BACKEND_ONLY file entry","internal/httpapi/merchanttools.go is classified by nobody: declare its exact lc_covers, SHARED or BACKEND_ONLY file entry","internal/httpapi/merchanttools_test.go is classified by nobody: declare its exact lc_covers, SHARED or BACKEND_ONLY file entry","internal/httpapi/meta_connect.go is classified by nobody: declare its exact lc_covers, SHARED or BACKEND_ONLY file entry","internal/httpapi/meta_health.go is classified by nobody: declare its exact lc_covers, SHARED or BACKEND_ONLY file entry","internal/httpapi/notify.go is classified by nobody: declare its exact lc_covers, SHARED or BACKEND_ONLY file entry","internal/httpapi/offline.go is classified by nobody: declare its exact lc_covers, SHARED or BACKEND_ONLY file entry","internal/httpapi/operations.go is classified by nobody: declare its exact lc_covers, SHARED or BACKEND_ONLY file entry","internal/httpapi/operations_test.go is classified by nobody: declare its exact lc_covers, SHARED or BACKEND_ONLY file entry","internal/httpapi/orders.go is classified by nobody: declare its exact lc_covers, SHARED or BACKEND_ONLY file entry","internal/httpapi/orders_test.go is classified by nobody: declare its exact lc_covers, SHARED or BACKEND_ONLY file entry","internal/httpapi/parcels.go is classified by nobody: declare its exact lc_covers, SHARED or BACKEND_ONLY file entry","internal/httpapi/parcels_test.go is classified by nobody: declare its exact lc_covers, SHARED or BACKEND_ONLY file entry","internal/httpapi/payment_card.go is classified by nobody: declare its exact lc_covers, SHARED or BACKEND_ONLY file entry","internal/httpapi/payment_card_test.go is classified by nobody: declare its exact lc_covers, SHARED or BACKEND_ONLY file entry","internal/httpapi/picklist.go is classified by nobody: declare its exact lc_covers, SHARED or BACKEND_ONLY file entry","internal/httpapi/picklist_test.go is classified by nobody: declare its exact lc_covers, SHARED or BACKEND_ONLY file entry","internal/httpapi/promotions.go is classified by nobody: declare its exact lc_covers, SHARED or BACKEND_ONLY file entry","internal/httpapi/refunds.go is classified by nobody: declare its exact lc_covers, SHARED or BACKEND_ONLY file entry","internal/httpapi/refunds_env_test.go is classified by nobody: declare its exact lc_covers, SHARED or BACKEND_ONLY file entry","internal/httpapi/refunds_test.go is classified by nobody: declare its exact lc_covers, SHARED or BACKEND_ONLY file entry","internal/httpapi/reminders.go is classified by nobody: declare its exact lc_covers, SHARED or BACKEND_ONLY file entry","internal/httpapi/reminders_test.go is classified by nobody: declare its exact lc_covers, SHARED or BACKEND_ONLY file entry","internal/httpapi/reports.go is classified by nobody: declare its exact lc_covers, SHARED or BACKEND_ONLY file entry","internal/httpapi/reports_test.go is classified by nobody: declare its exact lc_covers, SHARED or BACKEND_ONLY file entry","internal/httpapi/returns.go is classified by nobody: declare its exact lc_covers, SHARED or BACKEND_ONLY file entry","internal/httpapi/returns_test.go is classified by nobody: declare its exact lc_covers, SHARED or BACKEND_ONLY file entry","internal/httpapi/settings_discovery.go is classified by nobody: declare its exact lc_covers, SHARED or BACKEND_ONLY file entry","internal/httpapi/settlements.go is classified by nobody: declare its exact lc_covers, SHARED or BACKEND_ONLY file entry","internal/httpapi/settlements_test.go is classified by nobody: declare its exact lc_covers, SHARED or BACKEND_ONLY file entry","internal/httpapi/shipments.go is classified by nobody: declare its exact lc_covers, SHARED or BACKEND_ONLY file entry","internal/httpapi/shipments_test.go is classified by nobody: declare its exact lc_covers, SHARED or BACKEND_ONLY file entry","internal/httpapi/storefront.go is classified by nobody: declare its exact lc_covers, SHARED or BACKEND_ONLY file entry","internal/httpapi/storefront_test.go is classified by nobody: declare its exact lc_covers, SHARED or BACKEND_ONLY file entry","internal/httpapi/templates.go is classified by nobody: declare its exact lc_covers, SHARED or BACKEND_ONLY file entry","internal/httpapi/templates_test.go is classified by nobody: declare its exact lc_covers, SHARED or BACKEND_ONLY file entry","internal/httpapi/unclassified_route.go is classified by nobody: declare its exact lc_covers, SHARED or BACKEND_ONLY file entry"]
    
    78 !== 1
    
  code: 'ERR_ASSERTION'
  name: 'AssertionError'
  expected: 1
  actual: 78
  operator: 'strictEqual'
  stack: |-
    TestContext.<anonymous> (file:///Volumes/data/live_commerce_architecture_v1/.worktrees/ci-select-backend-browser/tests/ci/backend-coverage.test.mjs:26:10)
    async Test.run (node:internal/test_runner/test:1208:7)
    async startSubtestAfterBootstrap (node:internal/test_runner/harness:385:3)
  ...
# Subtest: round 3: split packages cannot be re-widened by an ancestor lc_covers entry
ok 2 - round 3: split packages cannot be re-widened by an ancestor lc_covers entry
  ---
  duration_ms: 11.976958
  type: 'test'
  ...
# Subtest: round 3: stale file entries fail independently of a valid sibling package
ok 3 - round 3: stale file entries fail independently of a valid sibling package
  ---
  duration_ms: 9.324625
  type: 'test'
  ...
# Subtest: every real internal package directory is classified (covered by lc_covers or BACKEND_ONLY-listed)
ok 4 - every real internal package directory is classified (covered by lc_covers or BACKEND_ONLY-listed)
  ---
  duration_ms: 11.330834
  type: 'test'
  ...
# Subtest: a new unclassified package fails the gate until covered or explicitly BACKEND_ONLY
ok 5 - a new unclassified package fails the gate until covered or explicitly BACKEND_ONLY
  ---
  duration_ms: 12.859333
  type: 'test'
  ...
# Subtest: BACKEND_ONLY_PACKAGES entries are internal packages with a real one-line reason
ok 6 - BACKEND_ONLY_PACKAGES entries are internal packages with a real one-line reason
  ---
  duration_ms: 0.172333
  type: 'test'
  ...
# Subtest: every browser-universe mode declares lc_covers; a Go-running one must not declare it empty
ok 7 - every browser-universe mode declares lc_covers; a Go-running one must not declare it empty
  ---
  duration_ms: 15.467708
  type: 'test'
  ...
# Subtest: covers entries must match a real internal package directory; parent prefixes are legal, stale entries are red
ok 8 - covers entries must match a real internal package directory; parent prefixes are legal, stale entries are red
  ---
  duration_ms: 12.541458
  type: 'test'
  ...
# Subtest: round 2: a package no lc_covers entry reaches fails until SHARED or BACKEND_ONLY classifies it (mechanism, synthetic lists)
ok 9 - round 2: a package no lc_covers entry reaches fails until SHARED or BACKEND_ONLY classifies it (mechanism, synthetic lists)
  ---
  duration_ms: 0.435625
  type: 'test'
  ...
# Subtest: round 2 precedence: a covers entry inside BACKEND_ONLY, or a package both SHARED and BACKEND_ONLY, is a contradiction the gate must fail
ok 10 - round 2 precedence: a covers entry inside BACKEND_ONLY, or a package both SHARED and BACKEND_ONLY, is a contradiction the gate must fail
  ---
  duration_ms: 0.175541
  type: 'test'
  ...
# Subtest: round 2: the real SHARED and BACKEND_ONLY entries classify with no lc_covers entry anywhere (explicit lists suffice)
ok 11 - round 2: the real SHARED and BACKEND_ONLY entries classify with no lc_covers entry anywhere (explicit lists suffice)
  ---
  duration_ms: 0.113542
  type: 'test'
  ...
# Subtest: docs, contracts, deploy files and node-test dirs run foundation-shards only
ok 12 - docs, contracts, deploy files and node-test dirs run foundation-shards only
  ---
  duration_ms: 1.169541
  type: 'test'
  ...
# Subtest: node tests of deploy scripts and of the CI planner are backend-only (they cannot change a browser)
ok 13 - node tests of deploy scripts and of the CI planner are backend-only (they cannot change a browser)
  ---
  duration_ms: 0.729375
  type: 'test'
  ...
# Subtest: internal/ is NOT backend-only any more: a package no mode declares falls to the conservative PG rule (CI-SELECT)
ok 14 - internal/ is NOT backend-only any more: a package no mode declares falls to the conservative PG rule (CI-SELECT)
  ---
  duration_ms: 2.258166
  type: 'test'
  ...
# Subtest: a UI path adds the whole browser set, including click-sweep and visual-lint
ok 15 - a UI path adds the whole browser set, including click-sweep and visual-lint
  ---
  duration_ms: 17.160334
  type: 'test'
  ...
# Subtest: docs-only and output-only diffs keep the single required check (foundation-shards)
ok 16 - docs-only and output-only diffs keep the single required check (foundation-shards)
  ---
  duration_ms: 2.134833
  type: 'test'
  ...
# Subtest: internal/live/stream.go selects --browser-live-console (PR \#30 root cause)
ok 17 - internal/live/stream.go selects --browser-live-console (PR \#30 root cause)
  ---
  duration_ms: 2.222125
  type: 'test'
  ...
# Subtest: round 3: the real PR \#30 diff selects live-console without the shared-httpapi explosion
not ok 18 - round 3: the real PR \#30 diff selects live-console without the shared-httpapi explosion
  ---
  duration_ms: 61.6235
  type: 'test'
  location: '/Volumes/data/live_commerce_architecture_v1/.worktrees/ci-select-backend-browser/tests/ci/pr-modes.test.mjs:90:1'
  failureType: 'testCodeFailure'
  error: 'PR #30 must be domain-scoped, not all 48 browsers: 49'
  code: 'ERR_ASSERTION'
  name: 'AssertionError'
  expected: true
  actual: false
  operator: '=='
  stack: |-
    TestContext.<anonymous> (file:///Volumes/data/live_commerce_architecture_v1/.worktrees/ci-select-backend-browser/tests/ci/pr-modes.test.mjs:95:10)
    Test.runInAsyncScope (node:async_hooks:227:14)
    Test.run (node:internal/test_runner/test:1201:25)
    Test.processPendingSubtests (node:internal/test_runner/test:831:18)
    Test.postRun (node:internal/test_runner/test:1330:19)
    Test.run (node:internal/test_runner/test:1258:12)
    async Test.processPendingSubtests (node:internal/test_runner/test:831:7)
  ...
# Subtest: round 3: live_stream transport alone selects live-console but not CVS
not ok 19 - round 3: live_stream transport alone selects live-console but not CVS
  ---
  duration_ms: 2.641708
  type: 'test'
  location: '/Volumes/data/live_commerce_architecture_v1/.worktrees/ci-select-backend-browser/tests/ci/pr-modes.test.mjs:98:1'
  failureType: 'testCodeFailure'
  error: |-
    The expression evaluated to a falsy value:
    
      assert.ok(!modes.includes("--browser-cvs"))
    
  code: 'ERR_ASSERTION'
  name: 'AssertionError'
  expected: true
  actual: false
  operator: '=='
  stack: |-
    TestContext.<anonymous> (file:///Volumes/data/live_commerce_architecture_v1/.worktrees/ci-select-backend-browser/tests/ci/pr-modes.test.mjs:101:10)
    Test.runInAsyncScope (node:async_hooks:227:14)
    Test.run (node:internal/test_runner/test:1201:25)
    Test.processPendingSubtests (node:internal/test_runner/test:831:18)
    Test.postRun (node:internal/test_runner/test:1330:19)
    Test.run (node:internal/test_runner/test:1258:12)
    async Test.processPendingSubtests (node:internal/test_runner/test:831:7)
  ...
# Subtest: round 3: handler.go and unknown httpapi files remain conservative
ok 20 - round 3: handler.go and unknown httpapi files remain conservative
  ---
  duration_ms: 2.134958
  type: 'test'
  ...
# Subtest: round 3: a file-level lc_covers entry is exact, not its sibling directory
ok 21 - round 3: a file-level lc_covers entry is exact, not its sibling directory
  ---
  duration_ms: 2.16475
  type: 'test'
  ...
# Subtest: internal/integrations/metareply/x.go selects --browser-live-console (PR \#24 root cause)
ok 22 - internal/integrations/metareply/x.go selects --browser-live-console (PR \#24 root cause)
  ---
  duration_ms: 1.200667
  type: 'test'
  ...
# Subtest: round 2 narrowness: internal/live/stream.go does NOT select unrelated domains such as --browser-cvs
ok 23 - round 2 narrowness: internal/live/stream.go does NOT select unrelated domains such as --browser-cvs
  ---
  duration_ms: 1.15175
  type: 'test'
  ...
# Subtest: round 2 evidence: a metareply change selects exactly the modes whose harnesses drive MetaReply (live console + e2e)
ok 24 - round 2 evidence: a metareply change selects exactly the modes whose harnesses drive MetaReply (live console + e2e)
  ---
  duration_ms: 0.980958
  type: 'test'
  ...
# Subtest: round 2 narrowness: an inbox change selects the inbox modes but not the live console
ok 25 - round 2 narrowness: an inbox change selects the inbox modes but not the live console
  ---
  duration_ms: 0.941542
  type: 'test'
  ...
# Subtest: round 2 SHARED_BACKEND_PACKAGES: every entry carries a reason and selects all PG browser modes
ok 26 - round 2 SHARED_BACKEND_PACKAGES: every entry carries a reason and selects all PG browser modes
  ---
  duration_ms: 16.155709
  type: 'test'
  ...
# Subtest: round 2 data invariant: SHARED packages are subtracted from lc_covers (they select all PG modes anyway)
ok 27 - round 2 data invariant: SHARED packages are subtracted from lc_covers (they select all PG modes anyway)
  ---
  duration_ms: 0.714791
  type: 'test'
  ...
# Subtest: round 2 BACKEND_ONLY_PACKAGES: the real cmd/worker-only entries select no browser mode
ok 28 - round 2 BACKEND_ONLY_PACKAGES: the real cmd/worker-only entries select no browser mode
  ---
  duration_ms: 2.998375
  type: 'test'
  ...
# Subtest: round 2: the conservative rules reach the Go-booting 48th mode (--browser-tracking-backfill)
ok 29 - round 2: the conservative rules reach the Go-booting 48th mode (--browser-tracking-backfill)
  ---
  duration_ms: 4.453375
  type: 'test'
  ...
# Subtest: a new migration selects every PG-fixture browser mode (the modes run on the migrated schema)
ok 30 - a new migration selects every PG-fixture browser mode (the modes run on the migrated schema)
  ---
  duration_ms: 0.939375
  type: 'test'
  ...
# Subtest: docs-only and contracts-only diffs still select no browser mode
ok 31 - docs-only and contracts-only diffs still select no browser mode
  ---
  duration_ms: 0.053
  type: 'test'
  ...
# Subtest: cmd/ changes select every PG-fixture browser mode (the modes drive the binaries cmd/ builds)
ok 32 - cmd/ changes select every PG-fixture browser mode (the modes drive the binaries cmd/ builds)
  ---
  duration_ms: 0.840625
  type: 'test'
  ...
# Subtest: shared platform packages select every PG-fixture browser mode
ok 33 - shared platform packages select every PG-fixture browser mode
  ---
  duration_ms: 2.449666
  type: 'test'
  ...
# Subtest: an internal package no mode declares selects every PG-fixture browser mode until the gate classifies it
ok 34 - an internal package no mode declares selects every PG-fixture browser mode until the gate classifies it
  ---
  duration_ms: 0.902209
  type: 'test'
  ...
# Subtest: lc_covers is registry DATA: declaring modes are selected by prefix match, non-declaring modes are not
ok 35 - lc_covers is registry DATA: declaring modes are selected by prefix match, non-declaring modes are not
  ---
  duration_ms: 2.854542
  type: 'test'
  ...
# Subtest: backend changes never select the node-only browser modes (no Go harness, no PG fixture)
ok 36 - backend changes never select the node-only browser modes (no Go harness, no PG fixture)
  ---
  duration_ms: 3.397917
  type: 'test'
  ...
# Subtest: BACKEND_ONLY_PACKAGES is explicit classified data; listed packages select no browser mode (mechanism, synthetic list)
ok 37 - BACKEND_ONLY_PACKAGES is explicit classified data; listed packages select no browser mode (mechanism, synthetic list)
  ---
  duration_ms: 1.698625
  type: 'test'
  ...
# Subtest: a registry without lc_covers data (historical source) stays maximally conservative
ok 38 - a registry without lc_covers data (historical source) stays maximally conservative
  ---
  duration_ms: 0.067416
  type: 'test'
  ...
# Subtest: legacy browser_* paths still select all browsers; a known untagged foundation file stays backend-only
ok 39 - legacy browser_* paths still select all browsers; a known untagged foundation file stays backend-only
  ---
  duration_ms: 0.571916
  type: 'test'
  ...
# Subtest: legacy deploy prefixes remain selected and unrelated paths do not select smoke
ok 40 - legacy deploy prefixes remain selected and unrelated paths do not select smoke
  ---
  duration_ms: 2.59075
  type: 'test'
  ...
# Subtest: the browser set is release-gate's browser-mode universe minus the documented exclusions
ok 41 - the browser set is release-gate's browser-mode universe minus the documented exclusions
  ---
  duration_ms: 56.778875
  type: 'test'
  ...
# Subtest: every real browser-tagged foundation file selects registry browser modes, including non-browser names
ok 42 - every real browser-tagged foundation file selects registry browser modes, including non-browser names
  ---
  duration_ms: 172.944792
  type: 'test'
  ...
# Subtest: tagged runner discovery follows registry additions, command arrays and line continuations
ok 43 - tagged runner discovery follows registry additions, command arrays and line continuations
  ---
  duration_ms: 1.234042
  type: 'test'
  ...
# Subtest: deploy smoke is selected for its workflow, verdict/helpers and executable test inputs
ok 44 - deploy smoke is selected for its workflow, verdict/helpers and executable test inputs
  ---
  duration_ms: 2.41625
  type: 'test'
  ...
# Subtest: new selection never drops legacy modes or deploy for any tracked path
ok 45 - new selection never drops legacy modes or deploy for any tracked path
  ---
  duration_ms: 1299.170916
  type: 'test'
  ...
# Subtest: CLI classifies merge-base and explicit head, including removed tags, deleted files and renames
ok 46 - CLI classifies merge-base and explicit head, including removed tags, deleted files and renames
  ---
  duration_ms: 451.047458
  type: 'test'
  ...
# Subtest: CLI selects modes the base added after divergence when the checkout is the PR merge (PR \#22 review P1)
ok 47 - CLI selects modes the base added after divergence when the checkout is the PR merge (PR \#22 review P1)
  ---
  duration_ms: 199.45925
  type: 'test'
  ...
# Subtest: CLI reads the merge checkout's source when the base adds a browser tag after the fork (PR \#22 review P1)
ok 48 - CLI reads the merge checkout's source when the base adds a browser tag after the fork (PR \#22 review P1)
  ---
  duration_ms: 190.75925
  type: 'test'
  ...
# Subtest: CLI explicit head and stdin include tags outside the checkout and uncommitted tag removals
ok 49 - CLI explicit head and stdin include tags outside the checkout and uncommitted tag removals
  ---
  duration_ms: 181.015042
  type: 'test'
  ...
# Subtest: compound/legacy tags and unknown source are conservative; known untagged source stays backend-only
ok 50 - compound/legacy tags and unknown source are conservative; known untagged source stays backend-only
  ---
  duration_ms: 3.672
  type: 'test'
  ...
# Subtest: explicit-head CLI derives tagged runner modes from that head's real registry
ok 51 - explicit-head CLI derives tagged runner modes from that head's real registry
  ---
  duration_ms: 158.900583
  type: 'test'
  ...
# Subtest: real Git CLI preserves legacy selection: quotePath=true, "架构.md"
ok 52 - real Git CLI preserves legacy selection: quotePath=true, "架构.md"
  ---
  duration_ms: 132.34225
  type: 'test'
  ...
# Subtest: real Git CLI preserves legacy selection: quotePath=true, "internal/示例.go"
ok 53 - real Git CLI preserves legacy selection: quotePath=true, "internal/示例.go"
  ---
  duration_ms: 146.290041
  type: 'test'
  ...
# Subtest: real Git CLI preserves legacy selection: quotePath=true, "tests/foundation/plain\\tname_test.go"
ok 54 - real Git CLI preserves legacy selection: quotePath=true, "tests/foundation/plain\\tname_test.go"
  ---
  duration_ms: 140.107625
  type: 'test'
  ...
# Subtest: real Git CLI preserves legacy selection: quotePath=true, " deploy/scripts/synthetic-smoke.sh"
ok 55 - real Git CLI preserves legacy selection: quotePath=true, " deploy/scripts/synthetic-smoke.sh"
  ---
  duration_ms: 134.663083
  type: 'test'
  ...
# Subtest: real Git CLI preserves legacy selection: quotePath=false, "架构.md"
ok 56 - real Git CLI preserves legacy selection: quotePath=false, "架构.md"
  ---
  duration_ms: 129.637916
  type: 'test'
  ...
# Subtest: real Git CLI preserves legacy selection: quotePath=false, "internal/示例.go"
ok 57 - real Git CLI preserves legacy selection: quotePath=false, "internal/示例.go"
  ---
  duration_ms: 132.227917
  type: 'test'
  ...
# Subtest: real Git CLI preserves legacy selection: quotePath=false, "tests/foundation/plain\\tname_test.go"
ok 58 - real Git CLI preserves legacy selection: quotePath=false, "tests/foundation/plain\\tname_test.go"
  ---
  duration_ms: 144.59775
  type: 'test'
  ...
# Subtest: real Git CLI preserves legacy selection: quotePath=false, " deploy/scripts/synthetic-smoke.sh"
ok 59 - real Git CLI preserves legacy selection: quotePath=false, " deploy/scripts/synthetic-smoke.sh"
  ---
  duration_ms: 133.8995
  type: 'test'
  ...
# Subtest: stdin unions legacy trimming without trimming the source lookup path
ok 60 - stdin unions legacy trimming without trimming the source lookup path
  ---
  duration_ms: 78.532958
  type: 'test'
  ...
1..60
# tests 60
# suites 0
# pass 57
# fail 3
# cancelled 0
# skipped 0
# todo 0
# duration_ms 4084.600625
