✔ /products/{uuid} redirects permanently to the zh-TW product page (92.860708ms)
✔ non-uuid ids are 404, never redirected (1.014208ms)
✔ AT1: the locale redirect preserves the ad-click query without allowing a redirect target (0.144667ms)
✔ R10: standalone signed signals survive a missing or expired seven-day touch (18.501083ms)
✔ R10: standalone signals reject expiry, bad signature, duplicates and another host (0.236666ms)
✔ AT1 R5: browser identity survives expired touch and rolls for ninety days (0.16425ms)
✔ AT1 R5: missing ad parameters create no cookies; fbclid alone creates no touch (0.185458ms)
✔ AT1 R5: lc_ad alone updates attribution and does not replace fbc (0.162167ms)
✔ AT1: host-only first-party cookies contain no PII and read back exactly (0.264375ms)
✔ AT1: a later valid click replaces the draft but preserves the browser identifier (3.141917ms)
✔ R10: only a different fbclid replaces fbc and its first-seen timestamp (1.40525ms)
✔ AT1: malformed and ambiguous links do not overwrite a valid prior touch (3.179125ms)
✔ AT1: host and key binding reject copied cookies (0.589333ms)
✔ AT1: duplicates and tampering invalidate the entire envelope (0.682291ms)
✔ AT1: exactly seven days is valid, the next millisecond and future clicks are not (0.254833ms)
✔ transfer view: closed shape and state rules mirror Go validTransferView (0.723542ms)
✔ proof body and result: five digits, positive minor amount, ISO instant (0.178208ms)
✔ minorFromText: major units with at most two decimals, never a float surprise (0.092125ms)
✔ buyer email mirror: one plain address, 254 characters at most (0.0975ms)
✔ countdown: whole hours and minutes, never negative (0.333834ms)
✔ copy: three locales carry every key and every refusal code (0.181208ms)
✔ options: a home row lists modes only with bank_transfer and then needs its window (0.246459ms)
✔ checkoutInput: a home bank_transfer body, the optional trimmed email, and every refusal before any request (0.378084ms)
✔ order: AWAITING_TRANSFER is a valid commercial state without a hold time (0.179875ms)
✔ BFF: exact transfer routes, keyed proof PUT, strict body, validated answers, no generic proxy (67.471208ms)
✔ BFF: transfer refusal codes pass through as definite 422; checkout accepts bank_transfer and a valid email only (11.448292ms)
✔ D06 order heading follows a settled transfer: never 'waiting for transfer' above a confirmed or expired one (0.212292ms)
✔ uncertain prepare blocks all mutations; changed cookie context resolves journal (30.84675ms)
✔ fully parsed local denial clears only its own pending operation (5.060875ms)
✔ malformed journal, unavailable lock and stale context fail before writes (12.9205ms)
✔ BPT05 exact handoff permits absent body/key, one fetch, no form persistence (13.564083ms)
✔ BPT05 wrong handoff form and ordinary writes fail before any fetch (0.493584ms)
✔ BPT05 unresolved cookie journal blocks handoff; lost response is one fetch without persistence (0.142416ms)
✔ SU02 refresh permits absent body/key, one fetch, no persistence (0.159083ms)
✔ SU02 refresh rejects a body, a key or a malformed path before any fetch (0.135083ms)
✔ SU02 cancel permits absent body/key, one fetch, no persistence (0.110125ms)
✔ SU02 cancel rejects a body, a key or a malformed path before any fetch (0.112625ms)
✔ BPT01 exact private path, headers, body and three-locale one-fetch transport (53.7955ms)
✔ BPT02 payment routes reject untrusted path, context, headers, key and body before fetch (25.830291ms)
✔ BPT03 hostile upstream success is sanitized, never returned as payment data (5.920959ms)
✔ BPT04 every handoff failure is nonretryable, including pre-route and transport loss (4.743625ms)
✔ SU02 five routes: exact upstream path, method, key, body, one fetch each (2.534542ms)
✔ SU02 refresh and cancel are keyless and pass every CSRF/context denial before fetch (4.123875ms)
✔ SU02 every handoff/refresh/cancel failure is nonretryable and sanitized (47.149542ms)
✔ SU02 hostile Stripe bodies become the sanitized 503; PAYUNi and Stripe bodies stay byte-identical (20.785ms)
✔ SU02 prepare accepts only the two known method codes (0.555625ms)
✔ disabled and invalid configuration fail closed before private fetch (17.932792ms)
✔ private authority, cookie lifecycle and strict local denial (34.37075ms)
✔ bad host, cookie, query and method never reach private API (5.786417ms)
✔ stalled inbound POST body is canceled at its deadline without a cookie or private call (1.086459ms)
✔ R10: Begin forwards independently signed signals; browser attribution and forwarded hosts are not authority (8.052792ms)
✔ CVS BFF: exact routes, keyed open/store, keyless verify, validated answers, no generic proxy (25.526916ms)
✔ CVS BFF: contract refusal codes pass through; pay_at_pickup_limit is a definite (non-retryable) 429 (36.237584ms)
✔ fragment grammar accepts only one canonical token (0.382791ms)
✔ claim projections are closed (0.224ms)
✔ claim token rides only its header on B1/B2 and is never echoed (52.166458ms)
✔ CVS01 map form: only the two ECPay e-map actions, exact fields, top-level-safe values (3.989083ms)
✔ CVS02 return path allowlist excludes /claim and anything but the checkout or product page (0.367292ms)
✔ CVS03 selection projection: VERIFIED<=>pickup, REJECTED<=>reject_code, absent keys read as null (2.935ms)
✔ CVS04 buyer-entered store answer and request body (0.393709ms)
✔ CVS05 store code table (§16.1) keeps leading zeros and per-chain lengths (0.157375ms)
✔ CVS06 recipient mirror: real-name width 4..10 (CJK=2), no digits/symbols/emoji; 09 mobile (0.970875ms)
✔ CVS07 checkout draft: name, phone and mode only; read once; corrupt/foreign shapes are dropped (0.291417ms)
✔ CVS08 return URL: only ?cvs_selection=<uuid> is accepted (0.0995ms)
✔ CVS09 buyer order projection and copy keys: nothing but PICKED_UP says picked up (0.126ms)
✔ CVS10 error codes: field mapping, definite refusals, official links are https constants (0.28625ms)
✔ CVS11 client transport: verify is the one new keyless POST; the server refusal code rides BuyerClientError.detail (42.908916ms)
✔ every locale x page has a title, an updated line and at least one section (0.640791ms)
✔ locales share the section count and per-section body count of every page (1.030542ms)
✔ final text is only the owner-confirmed company facts (CR 81215167 name + registered address); nothing else is final (0.432625ms)
✔ footer has 7 unique hrefs: 5 policies, anti-fraud guidance and data-deletion, per locale (0.854833ms)
✔ data-deletion path is named in the privacy page of every locale (0.236375ms)
✔ pendingOwnerText lists exactly the rendered markers and is written for the owner (2.028792ms)
✔ a live (claim-origin) price replaces the catalog price and strikes it through (1.800042ms)
✔ without a live price the catalog price and its compare-at are shown unchanged (0.10275ms)
✔ a live price equal to or above the catalog price is shown as set (strike hidden by the UI guard) (0.056209ms)
✔ a live price strikes the catalog price, never the variant sale price (0.050833ms)
✔ order ref: 12 hex (dashes or spaces, any case) or a full id (0.4585ms)
✔ contact: one email or a phone of 6..20 digits (0.149ms)
✔ body is exactly {order_ref, contact}; the answer is exactly {order_id} (0.123334ms)
✔ BFF lookup: no cookie needed, fresh token goes upstream, cookie only on 200 and it carries that same token (81.449625ms)
✔ BFF lookup: strict local denial before any private fetch (1.405167ms)
✔ copy: three locales carry every key (0.635542ms)
✔ MS4 srcset descriptors use actual decoded widths and deduplicate small renditions (0.382625ms)
✔ MS1 product rendition allowlist preserves trusted Host and never forwards buyer cookies (80.586625ms)
✔ MS2 invalid, duplicate, extra, encoded widths and non-product variants fail before fetch (2.757666ms)
✔ MS3 old-image fallback is never promoted to immutable; committed variants are cacheable (6.666583ms)
✔ TWD whole amounts show no decimals in every locale and at every magnitude (line, subtotal, total, zero) (9.055542ms)
✔ cents appear only when there are cents, then always as two digits; the minor-unit arithmetic is untouched (0.175791ms)
✔ digits come from the currency: JPY none, USD two when there are cents (0.695833ms)
✔ one formatter: no component, page or lib builds a currency Intl.NumberFormat outside lib/money.ts (27.407292ms)
✔ fragment: exactly #o=<order id>&t=<43-char token>; anything else is null (1.827458ms)
✔ body is exactly {order_id, token, proof}; the answer is exactly the order the link named (0.364875ms)
✔ BFF link: no cookie needed, fresh token upstream, cookie only on a 200 naming the same order, link token never echoed (41.307375ms)
✔ BFF link: strict local denial before any private fetch (7.356834ms)
✔ copy: three locales, one refusal text, a retry and a lookup path (0.405208ms)
✔ BPU01 fresh payment writes exact metadata before prepare, one bodyless Take, no persistent form (23.54425ms)
✔ BPU01 lost prepare response replays original key/body only on explicit next click (2.310167ms)
✔ BPU01 lost handoff is permanently GET-only, even after a second click (0.815917ms)
✔ BPU01 storage, amount, scope and child/screen fences reject before irreversible writes (0.740167ms)
✔ BPU01 document/child loss after prepare but before Take leaves exact replay marker (0.337458ms)
✔ BPU01 malformed server handoff never submits and Take remains nonretryable (0.767ms)
✔ BPU01 marker replacement before Take and after Take blocks release/form reuse (1.214292ms)
✔ BPU01 context replacement after prepare and after Take closes destination without form (3.66275ms)
✔ BPU01 synchronous destination refuses invalid locale before opening a window (0.634708ms)
✔ SU03 fresh Stripe pay: marker before prepare, one prepare, one handoff, navigate, URL never stored (2.910125ms)
✔ SU03 marker replay: lost prepare response replays key/body, no uncertain on PENDING view with leftover marker (1.34775ms)
✔ SU03 cross-device Continue needs no marker and never prepares (0.3975ms)
✔ SU03 marker/view matrix: PAYUNi marker on Stripe view and Stripe marker on PAYUNi view send nothing (7.082542ms)
✔ SU03 any other view renders without a POST (2.098291ms)
✔ SU03 CREATING: waits on the schedule without the lock, then hands off once when READY (19.821958ms)
✔ SU03 CREATING budget: 10 reads over 30 s, then the blank child is closed, no POST, no throw (125.661458ms)
✔ SU03 cancel_requested seen on the re-GET aborts before the handoff POST (1.088417ms)
✔ SU03 handoff outcomes: CREATING closes child, CLOSED/UNAVAILABLE/error/malformed reject; one POST each, never retried (10.425291ms)
✔ SU03 Stripe prepare errors, amount/currency mismatch and popup loss stop before any handoff (14.276375ms)
✔ SU03 two clicks make two handoff POSTs only because there were two clicks; sequential, none from reads (2.001167ms)
✔ SU03 navigate: validates again, needs an owned blank child, sets used before replace, no URL in errors (0.440083ms)
✔ SU03 refresh signal: keyless single POST, validated, throttled 1/10 s and 30 per page life, cancel never throttled (31.552375ms)
✔ SU03 signal failures are single-shot and sanitized: HTTP error, malformed body, wrong order (0.368041ms)
✔ private quote/option authority fields are required; only exact MANUAL home can checkout (3.963416ms)
✔ continue shopping advances only ordered version, clears hint, keeps SQL history authoritative (27.114708ms)
✔ lost next-cart response retries identical key/body and preserves a newer cart (1.031125ms)
✔ continuation never overwrites an already advanced cart (0.474916ms)
✔ unknown checkout blocks continuation without any business request (0.288708ms)
✔ two queued continuation clicks mutate once; stale order ID cannot clear another order (6.4865ms)
✔ CAS conflict resolves only after a newer cart is read (1.404541ms)
✔ locator removal failure retains next-cart journal and recovery survives missing locator (1.806167ms)
✔ order history summary rejects PII/unknown fields and malformed scope IDs (0.347792ms)
✔ native address validation mirrors printable Unicode, limits and phone; journal forbids PII (2.174166ms)
✔ address lost reply replays exact in-memory intent, then confirms current head (0.783375ms)
✔ address reload requires explicit new intent and exact observed CAS; stale head never auto-bumps (2.401208ms)
✔ old address receipt cannot confirm another tab's newer current head (0.611708ms)
✔ a late address CAS winner requires another explicit confirmation, not an automatic version bump (2.407667ms)
✔ checkout lost reply, queued duplicate and current GET reuse one key and one order (1.80975ms)
✔ uncertain checkout retains original journal across later 401/403/404/5xx and malformed success (1.419084ms)
✔ only a fresh definitive denial clears checkout; no order locator is invented (0.393958ms)
✔ locator storage failure after commit retains same key; reload GET failure keeps locator (1.027291ms)
✔ locator persisted but journal removal failed resumes pending receipt, not unrelated pointer (0.594625ms)
✔ unavailable storage, invalid locator and late changed context fail closed (0.291208ms)
✔ order locator readback mismatch and no-op journal removal both retain checkout recovery (0.4215ms)
✔ BPT03 exact valid projection and Go nanosecond UTC timestamps (4.853375ms)
✔ BPT03 view rejects private fields, inconsistent state and malformed names (0.183209ms)
✔ BPT03 prepared receipt enforces exact original credit-card amount (0.069709ms)
✔ BPT03 hosted form and replay are exact, bounded and action-allowlisted (1.185125ms)
✔ SU01 Stripe views: fresh, both methods, attempt states, PAYUNi unchanged (0.171792ms)
✔ SU01 Stripe view negatives (0.133958ms)
✔ SU01 prepared amounts follow the corrected per-currency table (0.110625ms)
✔ SU01 Stripe handoff union and every redirect_url negative (0.244ms)
✔ SU01 payment signal is exactly {order_id, scheduled:boolean} (0.094334ms)
✔ RUI01 refund summary: refunded states, pending money, absent ≡ null (0.145125ms)
✔ RUI01 refund summary negatives (0.12475ms)
✔ BPU03 neutral GET and POST return ignore every callback field and cookie (15.0485ms)
✔ primary origin: exact path/query, same host, and no URL-controlled destination (3.733292ms)
✔ GET and HEAD use trusted Host, private bounded uncached resolver and exact 301 (13.023ms)
✔ no writes redirected; resolution failures fail closed; unknown hosts keep native 404 (0.693542ms)
✔ policy version is the frozen constant, in the customers-core D4 shape (1.028125ms)
✔ route table: exactly the four buyer privacy routes, methods and body kinds (0.922167ms)
✔ body shapes are closed and mirror the frozen Go inputs (no source, no policy_version) (0.207375ms)
✔ GET privacy validator: closed shape, erased owner holds no consent (0.262875ms)
✔ consent result and erasure summary validators (0.444625ms)
✔ buyer export envelope never carries customer_id (0.135375ms)
✔ failure classification: 410 and erased are the erased state (0.106541ms)
✔ copy: every locale has the same keys, the ads box discloses that sent events cannot be recalled (0.200292ms)
✔ PRO-S1 code mirror: any case and spaces normalise; impossible codes never become a request (0.432167ms)
✔ PRO-S2 promotion object: closed keys, kind/value pairing (0.171791ms)
✔ PRO-S3 quote validator: promotion is optional but never malformed; the discount stays the server's own number (0.261334ms)
✔ PRO-S4 journal grammar: a quote write may carry one canonical promo_code, nothing else (15.02175ms)
✔ PRO-S5 copy: three locales cover every refusal code and the same keys (0.966875ms)
✔ PRO-S6 BFF quote route: promo_code relayed untouched when canonical, refused before the private API otherwise (62.883375ms)
✔ PRO-S7 BFF: every promo_* refusal is a definite, non-retryable 422 with its own code (4.3925ms)
✔ demonstration disclosure is explicit and local-only (0.439ms)
✔ cart selection preserves unrelated SKUs and the observed CAS version (5.6405ms)
✔ minor amounts are bounded before multiplication, including zero (0.089041ms)
✔ delivery identity includes country for one market and method (0.065417ms)
✔ journal is bound to context and rejects PII/unknown fields (0.224583ms)
✔ lost response replays exact key/body, then clears only after parsed receipt (16.436625ms)
✔ RUI02 buyer order admits MERCHANT_SHIPPED only with a SHIPPED head; absent shipment ≡ null (0.794792ms)
✔ RUI02 shipment shape negatives (incl. unsafe links) (0.265542ms)
✔ RUI02 history summary admits MERCHANT_SHIPPED (a shipped order must not break the list) (0.077333ms)
✔ CVSP01 options: CVS rows carry pickup_selection/payment_modes; unavailable rows are a separate shape (0.440834ms)
✔ CVSP02 CVS destination write: TW only, pickup_id required, empty home address; home unchanged (1.924417ms)
✔ CVSP03 checkoutInput: payment_mode only for CVS rows and only a mode the row offers (0.3175ms)
✔ COD confirmation includes expected fee, enforces collect cap and validates immutable order money (0.234375ms)
✔ CVSP04 buyer order: pay_at_pickup <=> collection_state; cvs_shipment only on a matching CVS destination (0.188875ms)
✔ CVSP05 journal accepts a CVS destination marker and a checkout body with payment_mode, nothing else (0.171667ms)
✔ design: garbage and hostile documents collapse to the safe default shape (1.092375ms)
✔ design: links, preview token propagation, nav resolution (0.125083ms)
✔ design: any merchant accent yields readable button text and link colour (WCAG AA) (0.238209ms)
✔ variants: resolution, disabled out-of-stock combinations, initial choice, price bounds (0.151916ms)
✔ catalog-v2 parsers accept the frozen shapes and refuse drift (0.355459ms)
✔ free-delivery progress words the hint only when a threshold exists (0.068792ms)
✔ list query: only whitelisted, canonical values survive (0.217875ms)
✔ seo: JSON-LD cannot break out of its script tag; offers reflect stock and price range (19.353959ms)
✔ seo: sitemap escapes and carries hreflang; robots refuses everything for a closed host (0.182791ms)
✔ money: whole amounts drop cents, minor digits come from the currency, filters round-trip (0.372083ms)
✔ cart line write: replaces one line, keeps the others, 0 removes, CAS version is the one shown (2.422667ms)
✔ cart problems map to buyer-facing classes without leaking transport detail (0.090583ms)
✔ checkout options accept the optional free-shipping threshold only as a positive integer or null (0.173917ms)
✔ no-image placeholder copy: exactly the locale label a photo-less card or gallery renders (0.045459ms)
✔ G3: same-series cards exclude the current product and never invent absent draft/foreign products (1.264083ms)
✔ G5: safety guidance exists in three languages without changing the five merchant policy approval boundaries (0.917083ms)
✔ G4: category chips omit empty collections; hidden collections absent from the public API stay absent (0.063625ms)
✔ dictionaries have exact parity and non-empty values (0.6255ms)
✔ locale precedence and language quality mapping (1.397792ms)
✔ localized paths preserve deep links and reject dangerous input (0.466291ms)
✔ path locale only matches a canonical first segment (0.064833ms)
✔ the four constructs render (0.661542ms)
✔ XSS payloads stay inert text (0.510334ms)
✔ fuzz: any string over a hostile alphabet renders only whitelisted tags (8.068375ms)
✔ validator mirrors the Go rules (0.224292ms)
✔ SDN1 allowlist: exactly the contract routes, per method (0.907791ms)
✔ SDN1 allowlist: traversal, case, suffix and prefix tricks never match (0.599833ms)
✔ SDN1 request shape: no query string anywhere, reads carry no body, key, length or transfer-encoding (20.024625ms)
✔ SDN1 cap: 260 KiB = Go's 256 KiB document + 4 KiB envelope, and a body of exactly the cap is still below it (0.059375ms)
✔ SDN2 renderer: every XSS payload comes out as whitelisted tags and escaped text only (1.058875ms)
✔ SDN2 renderer: escape-first means the merchant's text never becomes markup (0.177583ms)
✔ SDN2 renderer: fuzz (seeded) never produces a tag outside the whitelist (14.936416ms)
✔ SDN2 client validator rejects what the server rejects (HTML, non-https links, `<` anywhere) (0.221292ms)
✔ cleanForSave turns cleared fields into null but keeps an empty body (0.407375ms)
✔ localIssues names each missing mandatory value by server path (0.516958ms)
✔ moved swaps neighbours and ignores out-of-range moves (0.067917ms)
✔ parsers accept the exact Go shapes and refuse extra or missing keys (0.362125ms)
✔ BFF allowlist covers exactly the design resources (0.214167ms)
✔ validDesignRequest refuses queries and bodies on reads, ignores other paths (19.303709ms)
✔ designDetails forwards only a bounded {path, reason} pair (0.162875ms)
✔ accepts exactly the three locale invite paths with a 20-200 char token (0.415958ms)
✔ rejects anything that is not an exact same-origin relative invite path (0.091625ms)
✔ rejects percent-encoded variants of the exact shape (0.051084ms)
✔ the token is an opaque invite token shape, never a URL (0.046292ms)
✔ fragment carrier: round-trips the exact invite path, is never a query string, and rejects hostile fragments (0.170709ms)
✔ dashboard: accepts the frozen shape, rejects drift (3.06275ms)
✔ import result: strict keys, closed error codes, committed never carries errors (0.656875ms)
✔ csv file guard mirrors the Go bounds (1.017208ms)
✔ manual options: a COD home row parses with its offer (D01: the page used to refuse the whole list) (0.869ms)
✔ manual options: only bank_transfer / pay_at_pickup / cash_on_delivery, key must equal market|country|code (0.137292ms)
✔ manual result: link is https with the order id and a 43-char capability in the fragment only (0.250375ms)
✔ draft: first problem, and the body has no price-like field at all (0.453625ms)
✔ BFF grammar: exactly the seven tools resources (0.080125ms)
✔ regenerate body/result: exactly {order_id, locale} and a fresh https link naming that order (0.135ms)
✔ copy parity: every locale has every key, import rules and error codes (0.40625ms)
✔ callback redirect target is always a same-origin /<locale>/settings path whatever the cookies, store, code or error say (4.335292ms)
✔ the binding cookie: exactly one canonical store uuid, path-scoped to the callback, HttpOnly, Lax, 10 minutes, Secure (0.111333ms)
✔ callback query: exactly one code and one state within charset/length bounds; Meta's error=… and repeats are not forwarded (0.649542ms)
✔ the dialog URL the BFF hands the browser is https://www.facebook.com only (0.12675ms)
✔ callback error mapping only ever yields fixed codes, never an upstream message (0.135583ms)
✔ selected Page qualifies only a bare Facebook id, never rewrites another Page or external URL (0.592875ms)
✔ status: not connected, connected with and without Instagram, and every deviation throws (1.26425ms)
✔ pick state: closed shape, optional Instagram keys come as a pair, id must match (0.237167ms)
✔ route grammar: only status/states/pick/disconnect; start and callback are dedicated routes; no query; reads carry no body or key (22.791375ms)
✔ connect cookie, body and callback redirect never carry code/state and only fixed codes (0.270167ms)
✔ copy: three locales have the same keys and every Go error code has a message (0.090667ms)
✔ D02 TWD input: whole dollars only, x100 on the wire (11.2695ms)
✔ D02 TWD edit text: whole dollars have no decimals; a legacy amount with cents is never shown as another price (1.662042ms)
✔ D02 display: NT$ without decimals in every language, cents only when there are cents (8.895375ms)
✔ D02 live-price input (Studio claims): TWD whole dollars, other currencies their decimals (0.797333ms)
✔ D02 discount code amounts: TWD whole dollars, a decimal is refused before it is sent (0.972708ms)
✔ D02 no admin copy or component says 'minor units' to the merchant (49.3675ms)
✔ M06 time: Asia/Taipei everywhere, labelled, never UTC (9.183458ms)
✔ settings answer: exactly one boolean key (0.713875ms)
✔ PUT body is the frozen single key (0.062375ms)
✔ BFF grammar: GET read, PUT keyed command, nothing else (0.199833ms)
✔ copy: three locales, same keys, no empty text (0.11925ms)
✔ PRM01 parse: exact keys, kind/value pairing and ranges; duplicates and unknown keys are refused (1.301958ms)
✔ PRM02 Taipei wall time: +08:00 on the wire, instant shown back in Taipei, impossible dates refused (10.897666ms)
✔ PRM03 create body: normalised code, major units to minor units, optional fields null, whole body validated (15.075292ms)
✔ PRM04 update + toggle: version CAS key, form round trip, pause keeps every other field (2.022541ms)
✔ PRM05 BFF grammar: exactly list, create and update; nothing generic (0.393792ms)
✔ PRM06 copy: three locales carry the same keys and every refusal code the Go routes can answer (0.470584ms)
✔ G-UI3/G-UI5 architecture constraints pass with shrinking legacy exceptions (430.524459ms)
✔ G-UI3/G-UI5 negatives: new formatter, component fetch, >800 lines and wider allowance fail (0.377541ms)
✔ G-UI1 Next pages and route registry are bidirectional, unique, typed, documented (1.829917ms)
✔ G-UI1 copy key parity: no missing or extra key in any locale (0.090708ms)
✔ G-UI2 staff without catalog:read cannot see products/inventory or open a product URL (0.1965ms)
✔ G-UI2 every route permission is a permission Go knows, and /orders/new needs inventory:reserve (160.399042ms)
✔ G-UI1 dynamic and public routes match, details never appear as navigation (0.319458ms)
✔ created address is a strict HTTPS origin matching the assigned handle (1.178167ms)
✔ DNS instructions must name the requested origin and a bare hostname target (0.529959ms)
✔ domain kind is authoritative and closed, not inferred from host or token (0.374709ms)
✔ apex DNS retains every concrete IPv4/IPv6 address and rejects malformed values (1.409125ms)
✔ pending domain journal preserves exact action/key/target; legacy or corrupt markers never replay (1.281167ms)
✔ browser-origin gate: every refusal happens before Go is called, for every action (12.955ms)
✔ only POST exists on the team routes (0.877334ms)
✔ unknown action is a local 404 and never reaches Go (0.721417ms)
✔ strict request grammar: wrong keys, types, ids, roles, locales and token shapes are 422 locally (4.337334ms)
✔ what reaches Go: BFF key, bearer from the cookie, no Cookie/Origin, body unchanged, exactly one call per request (32.23825ms)
✔ Go failures are rebuilt locally from allow-listed codes, never retried, and never echo the token (22.61825ms)
✔ team answer: accepts the frozen shape, null role and OIDC member without email (0.753875ms)
✔ team answer: unknown key, unknown role, bad id, bad mail state are rejected (0.728167ms)
✔ invite and accept answers are strict (0.615208ms)
✔ request grammar: every action has an exact key set and rejects junk values (0.289542ms)
✔ copy: three locales carry the same keys and a label for every role (0.436917ms)
✔ role-aware navigation: hides entries the member's permissions cannot use; unknown shows all; Team is owner-only (0.489792ms)
✔ positive control: a complete, valid configuration raises no META_LOGIN finding (1110.751208ms)
✔ feature off (COMMERCE_META_LOGIN_CONFIG_ID empty): no rule applies even with the other keys empty (248.99225ms)
✔ P06: the Page route needs the webhook receiver (340.138583ms)
✔ P06: sessions come from identity (330.19575ms)
✔ P06: without the claims profile nobody sends the private replies (a WARN, not a FAIL) (319.640458ms)
✔ P08: COMMERCE_META_LOGIN_CONFIG_ID must be numeric ("abc") (295.256584ms)
✔ P08: COMMERCE_META_LOGIN_CONFIG_ID must be numeric ("12 34") (300.307583ms)
✔ P08: COMMERCE_META_LOGIN_CONFIG_ID must be numeric ("111111111111") (392.142333ms)
✔ P08: COMMERCE_META_LOGIN_CONFIG_ID must be numeric ("0x10") (250.203042ms)
✔ P08: COMMERCE_META_LOGIN_CONFIG_ID must be numeric ("-1") (240.379125ms)
✔ P08: COMMERCE_META_LOGIN_REDIRECT_URI must be exactly https://<LC_ADMIN_HOST>/api/meta/callback (wrong host) (192.398917ms)
✔ P08: COMMERCE_META_LOGIN_REDIRECT_URI must be exactly https://<LC_ADMIN_HOST>/api/meta/callback (http scheme) (173.889833ms)
✔ P08: COMMERCE_META_LOGIN_REDIRECT_URI must be exactly https://<LC_ADMIN_HOST>/api/meta/callback (the ads callback path) (162.512208ms)
✔ P08: COMMERCE_META_LOGIN_REDIRECT_URI must be exactly https://<LC_ADMIN_HOST>/api/meta/callback (trailing slash) (170.798125ms)
✔ P08: COMMERCE_META_LOGIN_REDIRECT_URI must be exactly https://<LC_ADMIN_HOST>/api/meta/callback (query string) (175.853125ms)
✔ P08: COMMERCE_META_LOGIN_REDIRECT_URI must be exactly https://<LC_ADMIN_HOST>/api/meta/callback (empty) (169.76075ms)
✔ P08: COMMERCE_META_LOGIN_GRAPH_VERSION grammar vNN.N ("26.0") (183.09175ms)
✔ P08: COMMERCE_META_LOGIN_GRAPH_VERSION grammar vNN.N ("v26") (189.694625ms)
✔ P08: COMMERCE_META_LOGIN_GRAPH_VERSION grammar vNN.N ("v26.0.1") (160.12175ms)
✔ P08: COMMERCE_META_LOGIN_GRAPH_VERSION grammar vNN.N ("latest") (142.177583ms)
✔ P08: COMMERCE_META_LOGIN_GRAPH_VERSION grammar vNN.N ("") (149.199125ms)
✔ P08: COMMERCE_META_LOGIN_GRAPH_VERSION grammar vNN.N ("v1000.0") (145.238959ms)
✔ P08: COMMERCE_META_LOGIN_GRAPH_VERSION accepts v26.0 (139.198ms)
✔ P08: COMMERCE_META_LOGIN_GRAPH_VERSION accepts v22.0 (155.506083ms)
✔ P08: COMMERCE_META_LOGIN_GRAPH_VERSION accepts v99.9 (140.02375ms)
✔ destructive / irreversible / sign-out classification (owner list, en + zh) (2.55775ms)
✔ alike controls (rows with ids / numbers) share one class key (3.264375ms)
✔ known defects classify, never silence: stale entries are reported (1.256167ms)
✔ the markdown ledger has one row per interaction and names the verdict (0.47325ms)
✔ protocolHrefOK accepts well-formed tel:/mailto: and rejects malformed ones (0.285333ms)
ℹ tests 322
ℹ suites 0
ℹ pass 322
ℹ fail 0
ℹ cancelled 0
ℹ skipped 0
ℹ todo 0
ℹ duration_ms 7220.403875
✔ legacy display sentinels preserve a list row without admitting arbitrary or private data (1.988333ms)
✔ orders-v2 accepts bounded filters and Taipei inclusive dates; rejects ambiguity (0.423833ms)
✔ orders-v2 rejects client count approximations, unbounded or extra response data (0.146666ms)
✔ all three locales label every task queue, payment and delivery mode (0.299084ms)
ℹ tests 4
ℹ suites 0
ℹ pass 4
ℹ fail 0
ℹ cancelled 0
ℹ skipped 0
ℹ todo 0
ℹ duration_ms 71.711958
✔ numeric store IDs have no suggestion BFF or browser client (0.494583ms)
ℹ tests 1
ℹ suites 0
ℹ pass 1
ℹ fail 0
ℹ cancelled 0
ℹ skipped 0
ℹ todo 0
ℹ duration_ms 60.704459
✔ PS review: actual Host matching normalizes case, port and a terminal DNS dot, never forwarded authority (0.474917ms)
✔ PS review: all privacy/terms disclose actual Messenger and Instagram processing; deletion uses exact UI labels (0.096167ms)
✔ PS1 legal identity is one untranslated source (0.044417ms)
✔ PS1 contact and hosts come only from configuration; production fails closed (0.291375ms)
✔ PS2 public routes default to zh-TW, restrict page/locale, and never include admin (0.376542ms)
✔ PS4 optional Meta verification value never has a fake default (0.051208ms)
✔ PS1 every locale uses the same product name in auth page titles (0.048291ms)
✔ PS1 public page copy has three complete locales, no invented operator identity or contact (1.6425ms)
✔ PS1 production build validates config; public data is not bundled through NEXT_PUBLIC (0.214667ms)
✔ PS review: admin image installs the manifests for its workspace dependencies before building (0.621208ms)
ℹ tests 10
ℹ suites 0
ℹ pass 10
ℹ fail 0
ℹ cancelled 0
ℹ skipped 0
ℹ todo 0
ℹ duration_ms 68.504417
✔ READY is the only acknowledgement; missing/forged operation/state remains unknown (0.7105ms)
✔ unknown journal retains exact key/boundary and is scoped to store+session; malformed state fails closed (0.211083ms)
✔ actual POST transport uses CSRF and session fence; 403 independent of response text (16.735292ms)
✔ R10 ROAS has exactly two decimals in en (9.037208ms)
✔ R10 unknown ROAS is never fabricated as zero in en (0.070416ms)
✔ R10 ROAS has exactly two decimals in zh-TW (0.153375ms)
✔ R10 unknown ROAS is never fabricated as zero in zh-TW (0.034166ms)
✔ R10 ROAS has exactly two decimals in zh-CN (0.123708ms)
✔ R10 unknown ROAS is never fabricated as zero in zh-CN (0.031ms)
✔ R11 timeline distinguishes local unknown spend from explicit Meta zero in en (16.269792ms)
✔ R11 timeline distinguishes local unknown spend from explicit Meta zero in zh-TW (2.459ms)
✔ R11 timeline distinguishes local unknown spend from explicit Meta zero in zh-CN (2.37325ms)
✔ R11 I12 nullable Meta evidence survives without becoming zero (0.1565ms)
✔ R11 actual panel rendering preserves unknowns and reconnect route in en (12.002292ms)
✔ R11 actual panel rendering preserves unknowns and reconnect route in zh-TW (10.383875ms)
✔ R11 actual panel rendering preserves unknowns and reconnect route in zh-CN (8.952333ms)
✔ D1, D6, R7: exact amounts and sources remain independent, account days stay labelled (0.171375ms)
✔ R8: null stays unknown and unauthorised / insufficient remain different states (0.167542ms)
✔ I12 forged / missing frozen fields never silently become zeros (0.797917ms)
✔ only whitelisted aggregates survive: extra identifiers and HTML are never interpreted (0.076875ms)
✔ attribution is a read-only BFF resource with exact bounded query grammar (0.285333ms)
✔ audience-read is exactly the new local intention POST and never a data GET or queried write (0.234542ms)
✔ route fails closed without ads:read and is not a duplicate navigation entry; locale keys match (0.088125ms)
ℹ tests 23
ℹ suites 0
ℹ pass 23
ℹ fail 0
ℹ cancelled 0
ℹ skipped 0
ℹ todo 0
ℹ duration_ms 303.013125
✔ PE13 Cartesian matrix is local, preserves edits and deduplicates values (0.557541ms)
✔ PE13 bulk quantity skips negative rows without modifying them (0.11175ms)
✔ PE12 untracked document uses whole currency and per-order cap, never quantity (7.862666ms)
✔ PE14 missing readback is not guessed or silently cleared by full replacement (0.055833ms)
✔ bulk status accepts explicit per-item results, never empty or duplicated confirmations (0.177084ms)
✔ matrix refuses over 100 SKUs before expansion (0.073791ms)
✔ PE14 new edit SKU carries its own shipping and clears no existing fields (8.87825ms)
✔ PE14 patch changes only price and preserves unmentioned fields (0.193541ms)
✔ PE14 on_hand is not available, zero target is transmitted, ambiguous warehouse refuses (0.291292ms)
✔ PE14 explicit clears and shipping remain per SKU on an active row (0.12425ms)
✔ PE14 archive supersedes every other edit on that SKU (b77eeb11) (0.128125ms)
✔ PE14 no-op has no command fields and changed axes explicitly archive omitted variants (0.093792ms)
ℹ tests 12
ℹ suites 0
ℹ pass 12
ℹ fail 0
ℹ cancelled 0
ℹ skipped 0
ℹ todo 0
ℹ duration_ms 82.344708
(node:58967) ExperimentalWarning: Transform Types is an experimental feature and might change at any time
(Use `node --trace-warnings ...` to show where the warning was created)
✔ UNKNOWN retry client authorization loss requires reconciliation, not a fresh command (3.131541ms)
✔ UNKNOWN retry 401 authorization loss requires reconciliation, not a fresh command (8.552917ms)
✔ UNKNOWN retry 403 authorization loss requires reconciliation, not a fresh command (0.559458ms)
✔ a conclusive command rejection stays distinct from authorization loss (0.695583ms)
ℹ tests 4
ℹ suites 0
ℹ pass 4
ℹ fail 0
ℹ cancelled 0
ℹ skipped 0
ℹ todo 0
ℹ duration_ms 109.328958
NOT_RUN: tests/media/r04-input-runner.test.mjs (COMMERCE_R04_LIVEKIT_BINARY unset)
