=== RUN   TestLiveConsoleLCN02IGFactsBridgeGraphBranch
--- PASS: TestLiveConsoleLCN02IGFactsBridgeGraphBranch (9.90s)
=== RUN   TestLiveConsoleLCN02IGFactsFallbackAndUnavailable
--- PASS: TestLiveConsoleLCN02IGFactsFallbackAndUnavailable (16.40s)
=== RUN   TestLiveConsoleLCN01LeaseAndTokenFence
--- PASS: TestLiveConsoleLCN01LeaseAndTokenFence (0.44s)
=== RUN   TestLiveConsoleLCN01CapsAndNoPoll
--- PASS: TestLiveConsoleLCN01CapsAndNoPoll (0.25s)
=== RUN   TestLiveConsoleLCN01BufferCapAgeAndCursor
=== RUN   TestLiveConsoleLCN01BufferCapAgeAndCursor/ring-cap
=== RUN   TestLiveConsoleLCN01BufferCapAgeAndCursor/age-out
=== RUN   TestLiveConsoleLCN01BufferCapAgeAndCursor/idle-drop-reset
=== RUN   TestLiveConsoleLCN01BufferCapAgeAndCursor/cursor-tamper-and-paging-next
--- PASS: TestLiveConsoleLCN01BufferCapAgeAndCursor (6.34s)
    --- PASS: TestLiveConsoleLCN01BufferCapAgeAndCursor/ring-cap (0.17s)
    --- PASS: TestLiveConsoleLCN01BufferCapAgeAndCursor/age-out (0.18s)
    --- PASS: TestLiveConsoleLCN01BufferCapAgeAndCursor/idle-drop-reset (3.71s)
    --- PASS: TestLiveConsoleLCN01BufferCapAgeAndCursor/cursor-tamper-and-paging-next (2.29s)
=== RUN   TestLiveConsoleLCN02BridgeStatusesAndFacts
--- PASS: TestLiveConsoleLCN02BridgeStatusesAndFacts (2.28s)
=== RUN   TestLiveConsoleLCN04NoCommentTextPersisted
--- PASS: TestLiveConsoleLCN04NoCommentTextPersisted (0.51s)
=== RUN   TestLiveConsoleLCN05PrintAndMarks
--- PASS: TestLiveConsoleLCN05PrintAndMarks (0.20s)
=== RUN   TestLiveConsoleLCN01DeletionEviction
--- PASS: TestLiveConsoleLCN01DeletionEviction (2.29s)
PASS
ok  	livecommerce/tests/foundation	40.697s
test-focused: top-level PASS=9 FAIL=0 SKIP=0 exit=0
