✔ /products/{uuid} redirects permanently to the zh-TW product page (30.070083ms)
✔ non-uuid ids are 404, never redirected (5.527084ms)
✔ AT1: the locale redirect preserves the ad-click query without allowing a redirect target (0.823125ms)
✔ R10: standalone signed signals survive a missing or expired seven-day touch (14.39725ms)
✔ R10: standalone signals reject expiry, bad signature, duplicates and another host (1.444167ms)
✔ AT1 R5: browser identity survives expired touch and rolls for ninety days (0.996041ms)
✔ AT1 R5: missing ad parameters create no cookies; fbclid alone creates no touch (0.621125ms)
✔ AT1 R5: lc_ad alone updates attribution and does not replace fbc (0.201ms)
✔ AT1: host-only first-party cookies contain no PII and read back exactly (0.265209ms)
✔ AT1: a later valid click replaces the draft but preserves the browser identifier (0.116416ms)
✔ R10: only a different fbclid replaces fbc and its first-seen timestamp (0.180166ms)
✔ AT1: malformed and ambiguous links do not overwrite a valid prior touch (0.281166ms)
✔ AT1: host and key binding reject copied cookies (2.064125ms)
✔ AT1: duplicates and tampering invalidate the entire envelope (0.511125ms)
✔ AT1: exactly seven days is valid, the next millisecond and future clicks are not (0.559584ms)
✔ catalog list query limits equal the Go v2 parser (internal/buyerhttp/catalogv2.go) (12.859166ms)
✔ collection list cap equals Go maxCollectionsPerStore (5.668584ms)
✔ design caps equal internal/design/schema.go (nav, sections, pages) (6.500583ms)
✔ CVS buyer-entered store bounds and return path equal Go (internal/checkout/cvs.go, migration 0093) (7.800708ms)
✔ transfer view: closed shape and state rules mirror Go validTransferView (1.702542ms)
✔ proof body and result: five digits, positive minor amount, ISO instant (0.528459ms)
✔ minorFromText: major units with at most two decimals, never a float surprise (31.247917ms)
✔ buyer email mirror: one plain address, 254 characters at most (0.215666ms)
✔ countdown: whole hours and minutes, never negative (18.791083ms)
✔ copy: three locales carry every key and every refusal code (0.245208ms)
✔ options: a home row lists modes only with bank_transfer and then needs its window (7.69525ms)
✔ checkoutInput: a home bank_transfer body, the optional trimmed email, and every refusal before any request (11.079333ms)
✔ order: AWAITING_TRANSFER is a valid commercial state without a hold time (0.79675ms)
✔ BFF: exact transfer routes, keyed proof PUT, strict body, validated answers, no generic proxy (92.451625ms)
✔ BFF: transfer refusal codes pass through as definite 422; checkout accepts bank_transfer and a valid email only (54.357916ms)
✔ D06 order heading follows a settled transfer: never 'waiting for transfer' above a confirmed or expired one (0.15375ms)
✔ uncertain prepare blocks all mutations; changed cookie context resolves journal (182.726083ms)
✔ fully parsed local denial clears only its own pending operation (0.938417ms)
✔ malformed journal, unavailable lock and stale context fail before writes (1.692208ms)
✔ BPT05 exact handoff permits absent body/key, one fetch, no form persistence (26.250417ms)
✔ BPT05 wrong handoff form and ordinary writes fail before any fetch (0.543875ms)
✔ BPT05 unresolved cookie journal blocks handoff; lost response is one fetch without persistence (0.16125ms)
✔ SU02 refresh permits absent body/key, one fetch, no persistence (0.788167ms)
✔ SU02 refresh rejects a body, a key or a malformed path before any fetch (0.500542ms)
✔ SU02 cancel permits absent body/key, one fetch, no persistence (0.454083ms)
✔ SU02 cancel rejects a body, a key or a malformed path before any fetch (0.477042ms)
✔ BPT01 exact private path, headers, body and three-locale one-fetch transport (220.082375ms)
✔ BPT02 payment routes reject untrusted path, context, headers, key and body before fetch (16.26ms)
✔ BPT03 hostile upstream success is sanitized, never returned as payment data (9.598667ms)
✔ BPT04 every handoff failure is nonretryable, including pre-route and transport loss (1.487708ms)
✔ SU02 five routes: exact upstream path, method, key, body, one fetch each (78.704708ms)
✔ SU02 refresh and cancel are keyless and pass every CSRF/context denial before fetch (49.660375ms)
✔ SU02 every handoff/refresh/cancel failure is nonretryable and sanitized (10.347666ms)
✔ SU02 hostile Stripe bodies become the sanitized 503; PAYUNi and Stripe bodies stay byte-identical (48.008208ms)
✔ SU02 prepare accepts only the two known method codes (0.846417ms)
✔ disabled and invalid configuration fail closed before private fetch (90.285792ms)
✔ private authority, cookie lifecycle and strict local denial (59.679625ms)
✔ bad host, cookie, query and method never reach private API (7.074333ms)
✔ stalled inbound POST body is canceled at its deadline without a cookie or private call (2.218333ms)
✔ R10: Begin forwards independently signed signals; browser attribution and forwarded hosts are not authority (9.804667ms)
✔ CVS BFF: exact routes, keyed open/store, keyless verify, validated answers, no generic proxy (59.1185ms)
✔ CVS BFF: contract refusal codes pass through; pay_at_pickup_limit is a definite (non-retryable) 429 (72.164084ms)
✔ fragment grammar accepts only one canonical token (2.013584ms)
✔ claim projections are closed (1.319ms)
✔ claim token rides only its header on B1/B2 and is never echoed (118.980791ms)
✔ claim-priced cart edits send only SKU and quantity, keeping server price authority (49.583625ms)
✔ direct-checkout sold-out projection is mandatory, boolean and closed (0.846334ms)
✔ claim redeem shares the purchase lock, guards recovery and never persists the token (5.468541ms)
✔ ClaimLink removal projects live-priced survivors on ready and conflict pages (94.776041ms)
✔ ClaimLink revisit checks out applied A while pending B is sold out or unavailable (11.068041ms)
✔ ClaimLink refreshes a nothing result after a second tab applied the claim (6.871334ms)
✔ ClaimLink does not navigate when a buyable claim target is absent or has changed quantity (4.850084ms)
✔ ClaimLink optional prior-order notice tolerates unreadable storage without bypassing recovery (13.072875ms)
✔ CVS01 map form: only the two ECPay e-map actions, exact fields, top-level-safe values (11.078583ms)
✔ CVS02 return path allowlist excludes /claim and anything but the checkout or product page (0.463542ms)
✔ CVS03 selection projection: VERIFIED<=>pickup, REJECTED<=>reject_code, absent keys read as null (0.946292ms)
✔ CVS04 buyer-entered store answer and request body (0.742833ms)
✔ CVS05 store code table (§16.1) keeps leading zeros and per-chain lengths (0.463292ms)
✔ CVS06 recipient mirror: real-name width 4..10 (CJK=2), no digits/symbols/emoji; 09 mobile (4.058834ms)
✔ CVS07 checkout draft: name, phone and mode only; read once; corrupt/foreign shapes are dropped (0.430291ms)
✔ CVS08 return URL: only ?cvs_selection=<uuid> is accepted (0.333375ms)
✔ CVS09 buyer order projection and copy keys: nothing but PICKED_UP says picked up (0.367792ms)
✔ CVS10 error codes: field mapping, definite refusals, official links are https constants (0.560833ms)
✔ CVS11 client transport: verify is the one new keyless POST; the server refusal code rides BuyerClientError.detail (49.10475ms)
✔ every locale x page has a title, an updated line and at least one section (0.646375ms)
✔ locales share the section count and per-section body count of every page (2.230125ms)
✔ final text is only the owner-confirmed company facts (CR 81215167 name + registered address); nothing else is final (0.956083ms)
✔ a legal page is published only when every text on it is final; buyers see no link to an unpublished one (1.298875ms)
✔ data-deletion path is named in the privacy page of every locale (1.83125ms)
✔ pendingOwnerText lists exactly the texts that keep a page unpublished and is written for the owner (1.072666ms)
✔ a live (claim-origin) price replaces the catalog price and strikes it through (1.354916ms)
✔ without a live price the catalog price and its compare-at are shown unchanged (0.115709ms)
✔ a live price equal to or above the catalog price is shown as set (strike hidden by the UI guard) (0.060958ms)
✔ a live price strikes the catalog price, never the variant sale price (0.051708ms)
✔ order ref: 12 hex (dashes or spaces, any case) or a full id (21.241625ms)
✔ contact: one email or a phone of 6..20 digits (0.565541ms)
✔ body is exactly {order_ref, contact}; the answer is exactly {order_id} (2.234166ms)
✔ BFF lookup: no cookie needed, fresh token goes upstream, cookie only on 200 and it carries that same token (126.906083ms)
✔ BFF lookup: strict local denial before any private fetch (54.6665ms)
✔ copy: three locales carry every key (21.103166ms)
✔ MS4 srcset descriptors use actual decoded widths and deduplicate small renditions (0.906417ms)
✔ MS1 product rendition allowlist preserves trusted Host and never forwards buyer cookies (57.912583ms)
✔ MS2 invalid, duplicate, extra, encoded widths and non-product variants fail before fetch (4.325375ms)
✔ MS3 old-image fallback is never promoted to immutable; committed variants are cacheable (27.0155ms)
✔ TWD whole amounts show no decimals in every locale and at every magnitude (line, subtotal, total, zero) (14.142084ms)
✔ cents appear only when there are cents, then always as two digits; the minor-unit arithmetic is untouched (0.225584ms)
✔ digits come from the currency: JPY none, USD two when there are cents (1.078666ms)
✔ one formatter: no component, page or lib builds a currency Intl.NumberFormat outside lib/money.ts (27.021916ms)
✔ fragment: exactly #o=<order id>&t=<43-char token>; anything else is null (0.791708ms)
✔ body is exactly {order_id, token, proof}; the answer is exactly the order the link named (0.159958ms)
✔ BFF link: no cookie needed, fresh token upstream, cookie only on a 200 naming the same order, link token never echoed (184.461375ms)
✔ BFF link: strict local denial before any private fetch (33.724541ms)
✔ copy: three locales, one refusal text, a retry and a lookup path (0.126666ms)
✔ BPU01 fresh payment writes exact metadata before prepare, one bodyless Take, no persistent form (130.967166ms)
✔ BPU01 lost prepare response replays original key/body only on explicit next click (7.327667ms)
✔ BPU01 lost handoff is permanently GET-only, even after a second click (22.126375ms)
✔ BPU01 storage, amount, scope and child/screen fences reject before irreversible writes (24.070667ms)
✔ BPU01 document/child loss after prepare but before Take leaves exact replay marker (3.003333ms)
✔ BPU01 malformed server handoff never submits and Take remains nonretryable (4.298958ms)
✔ BPU01 marker replacement before Take and after Take blocks release/form reuse (10.475667ms)
✔ BPU01 context replacement after prepare and after Take closes destination without form (11.203ms)
✔ BPU01 synchronous destination refuses invalid locale before opening a window (0.240417ms)
✔ SU03 fresh Stripe pay: marker before prepare, one prepare, one handoff, navigate, URL never stored (5.817125ms)
✔ SU03 marker replay: lost prepare response replays key/body, no uncertain on PENDING view with leftover marker (1.61525ms)
✔ SU03 cross-device Continue needs no marker and never prepares (3.986375ms)
✔ SU03 marker/view matrix: PAYUNi marker on Stripe view and Stripe marker on PAYUNi view send nothing (8.842458ms)
✔ SU03 any other view renders without a POST (4.204917ms)
✔ SU03 CREATING: waits on the schedule without the lock, then hands off once when READY (115.394833ms)
✔ SU03 CREATING budget: 10 reads over 30 s, then the blank child is closed, no POST, no throw (121.712125ms)
✔ SU03 cancel_requested seen on the re-GET aborts before the handoff POST (0.866625ms)
✔ SU03 handoff outcomes: CREATING closes child, CLOSED/UNAVAILABLE/error/malformed reject; one POST each, never retried (2.638917ms)
✔ SU03 Stripe prepare errors, amount/currency mismatch and popup loss stop before any handoff (11.744792ms)
✔ SU03 two clicks make two handoff POSTs only because there were two clicks; sequential, none from reads (1.846833ms)
✔ SU03 navigate: validates again, needs an owned blank child, sets used before replace, no URL in errors (9.990292ms)
✔ SU03 refresh signal: keyless single POST, validated, throttled 1/10 s and 30 per page life, cancel never throttled (39.00775ms)
✔ SU03 signal failures are single-shot and sanitized: HTTP error, malformed body, wrong order (14.204084ms)
✔ private quote/option authority fields are required; only exact MANUAL home can checkout (3.148666ms)
✔ continue shopping advances only ordered version, clears hint, keeps SQL history authoritative (200.102375ms)
✔ lost next-cart response retries identical key/body and preserves a newer cart (1.009125ms)
✔ continuation never overwrites an already advanced cart (0.400083ms)
✔ unknown checkout blocks continuation without any business request (0.263875ms)
✔ two queued continuation clicks mutate once; stale order ID cannot clear another order (0.787333ms)
✔ CAS conflict resolves only after a newer cart is read (0.976167ms)
✔ locator removal failure retains next-cart journal and recovery survives missing locator (0.597542ms)
✔ order history summary rejects PII/unknown fields and malformed scope IDs (0.097375ms)
✔ native address validation mirrors printable Unicode, limits and phone; journal forbids PII (1.873166ms)
✔ address lost reply replays exact in-memory intent, then confirms current head (12.302875ms)
✔ address reload requires explicit new intent and exact observed CAS; stale head never auto-bumps (4.767458ms)
✔ old address receipt cannot confirm another tab's newer current head (0.243542ms)
✔ a late address CAS winner requires another explicit confirmation, not an automatic version bump (3.888833ms)
✔ checkout lost reply, queued duplicate and current GET reuse one key and one order (0.922625ms)
✔ uncertain checkout retains original journal across later 401/403/404/5xx and malformed success (0.704958ms)
✔ only a fresh definitive denial clears checkout; no order locator is invented (0.17925ms)
✔ locator storage failure after commit retains same key; reload GET failure keeps locator (0.520625ms)
✔ locator persisted but journal removal failed resumes pending receipt, not unrelated pointer (0.499333ms)
✔ unavailable storage, invalid locator and late changed context fail closed (0.209208ms)
✔ order locator readback mismatch and no-op journal removal both retain checkout recovery (0.35925ms)
✔ direct claim continuation refuses a newer ordered cart inside the purchase lock (0.280458ms)
✔ direct claim continuation keeps next-cart recovery after a conflicting clear (0.209042ms)
✔ collector projection: admitted for derived connections, absent/null for primary (1.322708ms)
✔ collector rejects identifiers, extra keys and malformed text (0.463875ms)
✔ disclosure renders the contract §5 line with all three slots substituted (0.22475ms)
✔ the disclosure line exists exactly when the hosted view returns a collector (0.115959ms)
✔ a shop or collector name with a replacement pattern is shown literally (0.081416ms)
✔ OrderPayment renders the disclosure with the view, above every pay button, through the helper only (1.052125ms)
✔ BPT03 exact valid projection and Go nanosecond UTC timestamps (5.466583ms)
✔ BPT03 view rejects private fields, inconsistent state and malformed names (0.187625ms)
✔ BPT03 prepared receipt enforces exact original credit-card amount (0.069041ms)
✔ BPT03 hosted form and replay are exact, bounded and action-allowlisted (2.777333ms)
✔ SU01 Stripe views: fresh, both methods, attempt states, PAYUNi unchanged (0.545541ms)
✔ SU01 Stripe view negatives (0.411916ms)
✔ SU01 prepared amounts follow the corrected per-currency table (0.452958ms)
✔ SU01 Stripe handoff union and every redirect_url negative (0.84925ms)
✔ SU01 payment signal is exactly {order_id, scheduled:boolean} (0.2845ms)
✔ RUI01 refund summary: refunded states, pending money, absent ≡ null (2.380791ms)
✔ RUI01 refund summary negatives (0.235291ms)
✔ BPU03 neutral GET and POST return ignore every callback field and cookie (21.958958ms)
✔ primary origin: exact path/query, same host, and no URL-controlled destination (8.363625ms)
✔ GET and HEAD use trusted Host, private bounded uncached resolver and exact 301 (90.029166ms)
✔ no writes redirected; resolution failures fail closed; unknown hosts keep native 404 (12.087458ms)
✔ policy version is the frozen constant, in the customers-core D4 shape (1.23375ms)
✔ route table: exactly the four buyer privacy routes, methods and body kinds (0.516208ms)
✔ body shapes are closed and mirror the frozen Go inputs (no source, no policy_version) (0.366625ms)
✔ GET privacy validator: closed shape, erased owner holds no consent (0.523958ms)
✔ consent result and erasure summary validators (0.419833ms)
✔ buyer export envelope never carries customer_id (1.093916ms)
✔ failure classification: 410 and erased are the erased state (0.241833ms)
✔ copy: every locale has the same keys, the ads box discloses that sent events cannot be recalled (0.356375ms)
✔ selected option photo uses a main display slot without adding a fifth main image (0.782875ms)
✔ use-cover selection and a main-thumbnail selection restore the original main gallery (0.150791ms)
✔ cart thumbnail uses variant then catalog image_id, including when main images are absent (0.088041ms)
✔ migrated four-main/five-detail images stay separate when the option photo changes (0.112167ms)
✔ real cart-detail composition uses server SKU image_id (v2 detail available) (118.108875ms)
✔ real cart-detail composition uses server SKU image_id (v2 detail unavailable) (0.60225ms)
✔ parity: frontend caps equal the Go constants (1.306625ms)
✔ detail parser: 4 main + 20 detail + option-value images are accepted and mapped (0.722375ms)
✔ detail parser: 5 main, 21 detail, bad ids and over-cap option images are refused (0.155084ms)
✔ detail parser: a backend before product-media-v2 (no new keys) still parses with empty defaults (0.319917ms)
✔ v1 catalog row: images are main-only (<= 4) and image_id is a uuid or null (0.775917ms)
✔ PRO-S1 code mirror: any case and spaces normalise; impossible codes never become a request (2.737167ms)
✔ PRO-S2 promotion object: closed keys, kind/value pairing (0.803416ms)
✔ PRO-S3 quote validator: promotion is optional but never malformed; the discount stays the server's own number (9.011792ms)
✔ PRO-S4 journal grammar: a quote write may carry one canonical promo_code, nothing else (0.895667ms)
✔ PRO-S5 copy: three locales cover every refusal code and the same keys (1.063459ms)
✔ PRO-S6 BFF quote route: promo_code relayed untouched when canonical, refused before the private API otherwise (165.067833ms)
✔ PRO-S7 BFF: every promo_* refusal is a definite, non-retryable 422 with its own code (15.281709ms)
✔ demonstration disclosure is explicit and local-only (0.49275ms)
✔ cart selection preserves unrelated SKUs and the observed CAS version (5.48375ms)
✔ minor amounts are bounded before multiplication, including zero (0.076042ms)
✔ delivery identity includes country for one market and method (0.059042ms)
✔ journal is bound to context and rejects PII/unknown fields (0.218208ms)
✔ lost response replays exact key/body, then clears only after parsed receipt (210.442042ms)
✔ RUI02 buyer order admits MERCHANT_SHIPPED only with a SHIPPED head; absent shipment ≡ null (0.517167ms)
✔ RUI02 shipment shape negatives (incl. unsafe links) (0.279291ms)
✔ RUI02 history summary admits MERCHANT_SHIPPED (a shipped order must not break the list) (0.168208ms)
✔ CVSP01 options: CVS rows carry pickup_selection/payment_modes; unavailable rows are a separate shape (0.41075ms)
✔ CVSP02 CVS destination write: TW only, pickup_id required, empty home address; home unchanged (2.761959ms)
✔ CVSP03 checkoutInput: payment_mode only for CVS rows and only a mode the row offers (0.379167ms)
✔ COD confirmation includes expected fee, enforces collect cap and validates immutable order money (0.293ms)
✔ CVSP04 buyer order: pay_at_pickup <=> collection_state; cvs_shipment only on a matching CVS destination (0.217292ms)
✔ CVSP05 journal accepts a CVS destination marker and a checkout body with payment_mode, nothing else (0.585833ms)
✔ validProduct accepts up to the Go photo cap and rejects one more (1.743834ms)
✔ design: garbage and hostile documents collapse to the safe default shape (4.287ms)
✔ design: links, preview token propagation, nav resolution (0.625916ms)
✔ design: any merchant accent yields readable button text and link colour (WCAG AA) (1.319541ms)
✔ variants: resolution, disabled out-of-stock combinations, initial choice, price bounds (0.368792ms)
✔ catalog-v2 parsers accept the frozen shapes and refuse drift (0.587625ms)
✔ free-delivery progress words the hint only when a threshold exists (0.665541ms)
✔ list query: only whitelisted, canonical values survive (1.676958ms)
✔ seo: JSON-LD cannot break out of its script tag; offers reflect stock and price range (9.994333ms)
✔ seo: sitemap escapes and carries hreflang; robots refuses everything for a closed host (0.511ms)
✔ money: whole amounts drop cents, minor digits come from the currency, filters round-trip (87.983333ms)
✔ cart line write: replaces one line, keeps the others, 0 removes, CAS version is the one shown (24.711166ms)
✔ cart problems map to buyer-facing classes without leaking transport detail (0.122083ms)
✔ checkout options accept the optional free-shipping threshold only as a positive integer or null (0.393166ms)
✔ no-image placeholder copy: exactly the locale label a photo-less card or gallery renders (0.059ms)
✔ storefront image caps equal the Go catalog caps (internal/catalog MaxMainImages, MaxDetailImages) (59.483209ms)
✔ design text limits count code points like Go, never splitting a surrogate pair (0.392875ms)
✔ G3: same-series cards exclude the current product and never invent absent draft/foreign products (4.6785ms)
✔ G5: safety guidance exists in three languages without changing the five merchant policy approval boundaries (1.070833ms)
✔ G4: category chips omit empty collections; hidden collections absent from the public API stay absent (0.395041ms)
✔ OrderHistory renders server order instant in Taipei (7.081584ms)
✔ ClaimLink renders claim expiry in Taipei (2.371167ms)
✔ BankTransfer renders deadline and proof instant in Taipei (3.705458ms)
✔ BankTransfer proof echo labels store time in en (2.812583ms)
✔ BankTransfer proof echo labels store time in zh-TW (12.869333ms)
✔ BankTransfer proof echo labels store time in zh-CN (2.861042ms)
✔ ShopFooter uses Taipei year across UTC year boundary (2.200292ms)
✔ dictionaries have exact parity and non-empty values (0.741333ms)
✔ locale precedence and language quality mapping (4.414541ms)
✔ localized paths preserve deep links and reject dangerous input (1.425875ms)
✔ path locale only matches a canonical first segment (0.195ms)
✔ the four constructs render (1.851ms)
✔ XSS payloads stay inert text (0.506917ms)
✔ fuzz: any string over a hostile alphabet renders only whitelisted tags (15.128584ms)
✔ validator mirrors the Go rules (0.482125ms)
✔ SDN1 allowlist: exactly the contract routes, per method (0.598958ms)
✔ SDN1 allowlist: traversal, case, suffix and prefix tricks never match (0.257375ms)
✔ SDN1 request shape: no query string anywhere, reads carry no body, key, length or transfer-encoding (105.967042ms)
✔ SDN1 cap: 260 KiB = Go's 256 KiB document + 4 KiB envelope, and a body of exactly the cap is still below it (0.059208ms)
✔ SDN2 renderer: every XSS payload comes out as whitelisted tags and escaped text only (0.904166ms)
✔ SDN2 renderer: escape-first means the merchant's text never becomes markup (0.122041ms)
✔ SDN2 renderer: fuzz (seeded) never produces a tag outside the whitelist (19.174334ms)
✔ SDN2 client validator rejects what the server rejects (HTML, non-https links, `<` anywhere) (0.231083ms)
✔ cleanForSave turns cleared fields into null but keeps an empty body (1.275458ms)
✔ localIssues names each missing mandatory value by server path (0.947875ms)
✔ moved swaps neighbours and ignores out-of-range moves (0.10025ms)
✔ parsers accept the exact Go shapes and refuse extra or missing keys (2.078208ms)
✔ BFF allowlist covers exactly the design resources (0.7545ms)
✔ validDesignRequest refuses queries and bodies on reads, ignores other paths (147.187042ms)
✔ designDetails forwards only a bounded {path, reason} pair (0.178458ms)
✔ accepts exactly the three locale invite paths with a 20-200 char token (0.420958ms)
✔ rejects anything that is not an exact same-origin relative invite path (0.256459ms)
✔ rejects percent-encoded variants of the exact shape (0.139792ms)
✔ the token is an opaque invite token shape, never a URL (0.15625ms)
✔ fragment carrier: round-trips the exact invite path, is never a query string, and rejects hostile fragments (0.859541ms)
✔ dashboard: accepts the frozen shape, rejects drift (31.11875ms)
✔ import result: strict keys, closed error codes, committed never carries errors (0.310083ms)
✔ csv file guard mirrors the Go bounds (0.075542ms)
✔ manual options: a COD home row parses with its offer (D01: the page used to refuse the whole list) (1.294291ms)
✔ manual options: only bank_transfer / pay_at_pickup / cash_on_delivery, key must equal market|country|code (0.236459ms)
✔ manual result: link is https with the order id and a 43-char capability in the fragment only (0.506792ms)
✔ draft: first problem, and the body has no price-like field at all (3.262ms)
✔ BFF grammar: exactly the seven tools resources (0.580709ms)
✔ regenerate body/result: exactly {order_id, locale} and a fresh https link naming that order (1.407542ms)
✔ copy parity: every locale has every key, import rules and error codes (1.182958ms)
✔ callback redirect target is always a same-origin /<locale>/settings path whatever the cookies, store, code or error say (33.445958ms)
✔ the binding cookie: exactly one canonical store uuid, path-scoped to the callback, HttpOnly, Lax, 10 minutes, Secure (0.191708ms)
✔ callback query: exactly one code and one state within charset/length bounds; Meta's error=… and repeats are not forwarded (0.615209ms)
✔ the dialog URL the BFF hands the browser is https://www.facebook.com only (0.12625ms)
✔ callback error mapping only ever yields fixed codes, never an upstream message (0.117541ms)
✔ selected Page qualifies only a bare Facebook id, never rewrites another Page or external URL (0.726333ms)
✔ status: not connected, connected with and without Instagram, and every deviation throws (2.8775ms)
✔ pick state: closed shape, optional Instagram keys come as a pair, id must match (0.315208ms)
✔ route grammar: only status/states/pick/disconnect; start and callback are dedicated routes; no query; reads carry no body or key (34.312208ms)
✔ connect cookie, body and callback redirect never carry code/state and only fixed codes (4.399333ms)
✔ copy: three locales have the same keys and every Go error code has a message (0.939667ms)
✔ review-required remains restricted; evidence does not promote state (1.082375ms)
✔ legacy omission remains unidentified, independent of array order (0.873666ms)
✔ closed shapes reject unknown state/provider/evidence, leaked fields and inconsistent severity (0.784542ms)
✔ duplicate capabilities/pages and unbounded arrays cannot become trusted state (0.195083ms)
✔ worst Page determines advice, no raw upstream reason reaches copy (0.142ms)
✔ recheck receipt means scheduled; timestamps and closed keys are checked (0.113958ms)
✔ exact keyless route grammar rejects query/key/body confusion (21.337917ms)
✔ recheck takes exactly page_id and no caller-provided scope (0.167625ms)
✔ blocking advice comes from the blocking capability, not a secondary public-reply warning (0.14475ms)
✔ clean health browser mode prepares admin standalone before starting its fixture (11.184417ms)
✔ en: expired connection retains its full refusal inside a wrapping badge (15.464708ms)
✔ zh-TW: expired connection retains its full refusal inside a wrapping badge (5.032625ms)
✔ zh-CN: expired connection retains its full refusal inside a wrapping badge (0.860458ms)
✔ actual B1 snapshot state remains ok even when a fixture expected review_required (0.084459ms)
✔ D02 TWD input: whole dollars only, x100 on the wire (9.366625ms)
✔ D02 TWD edit text: whole dollars have no decimals; a legacy amount with cents is never shown as another price (0.243667ms)
✔ D02 display: NT$ without decimals in every language, cents only when there are cents (1.158542ms)
✔ D02 live-price input (Studio claims): TWD whole dollars, other currencies their decimals (22.316042ms)
✔ D02 discount code amounts: TWD whole dollars, a decimal is refused before it is sent (0.48625ms)
✔ D02 no admin copy or component says 'minor units' to the merchant (87.795042ms)
✔ M06 time: Asia/Taipei everywhere, labelled, never UTC (12.571083ms)
✔ settings answer: exactly one boolean key (2.013833ms)
✔ PUT body is the frozen single key (0.255ms)
✔ BFF grammar: GET read, PUT keyed command, nothing else (1.316792ms)
✔ copy: three locales, same keys, no empty text (0.80325ms)
✔ PRM01 parse: exact keys, kind/value pairing and ranges; duplicates and unknown keys are refused (5.67575ms)
✔ PRM02 Taipei wall time: +08:00 on the wire, instant shown back in Taipei, impossible dates refused (79.164333ms)
✔ PRM03 create body: normalised code, major units to minor units, optional fields null, whole body validated (7.38275ms)
✔ PRM04 update + toggle: version CAS key, form round trip, pause keeps every other field (8.317583ms)
✔ PRM05 BFF grammar: exactly list, create and update; nothing generic (0.194708ms)
✔ PRM06 copy: three locales carry the same keys and every refusal code the Go routes can answer (0.12775ms)
✔ G-UI3/G-UI5 architecture constraints pass with shrinking legacy exceptions (1023.446292ms)
✔ G-UI3/G-UI5 negatives: new formatter, component fetch, >800 lines and wider allowance fail (0.676833ms)
✔ Readiness jump controls expose the actual active section, not a click flag (1.485167ms)
✔ Integrator P2: legal CN comment ordering and a distinct three-image recommendation (0.243584ms)
✔ ADM04 and ADM06 explain unavailable SKUs and keep collection vocabulary consistent (0.38675ms)
✔ ADM06 create/detail titles share the route vocabulary without adding a phantom Next page (0.34525ms)
✔ G-UI1 Next pages and route registry are bidirectional, unique, typed, documented (1.426458ms)
✔ G-UI1 copy key parity: no missing or extra key in any locale (0.084542ms)
✔ G-UI2 staff without catalog:read cannot see products/inventory or open a product URL (0.13775ms)
✔ G-UI2 every route permission is a permission Go knows, and /orders/new needs inventory:reserve (46.252541ms)
✔ G-UI1 dynamic and public routes match, details never appear as navigation (0.7625ms)
✔ W6-U2 ledger is a settings in-page route, preserving existing navigation (0.362125ms)
✔ Every browser spec clicks nav-orders: the orders group stays a singleton, so returns/new/print routes are nav: false (0.626709ms)
✔ created address is a strict HTTPS origin matching the assigned handle (0.522667ms)
✔ DNS instructions must name the requested origin and a bare hostname target (0.904667ms)
✔ domain kind is authoritative and closed, not inferred from host or token (0.162625ms)
✔ apex DNS retains every concrete IPv4/IPv6 address and rejects malformed values (1.149208ms)
✔ pending domain journal preserves exact action/key/target; legacy or corrupt markers never replay (0.439167ms)
✔ browser-origin gate: every refusal happens before Go is called, for every action (32.621292ms)
✔ only POST exists on the team routes (5.439375ms)
✔ unknown action is a local 404 and never reaches Go (10.420917ms)
✔ strict request grammar: wrong keys, types, ids, roles, locales and token shapes are 422 locally (13.062291ms)
✔ what reaches Go: BFF key, bearer from the cookie, no Cookie/Origin, body unchanged, exactly one call per request (47.054ms)
✔ Go failures are rebuilt locally from allow-listed codes, never retried, and never echo the token (463.175625ms)
✔ team answer: accepts the frozen shape, null role and OIDC member without email (1.946708ms)
✔ team answer: unknown key, unknown role, bad id, bad mail state are rejected (0.407375ms)
✔ invite and accept answers are strict (0.393709ms)
✔ request grammar: every action has an exact key set and rejects junk values (0.46825ms)
✔ copy: three locales carry the same keys and a label for every role (0.978375ms)
✔ role-aware navigation: hides entries the member's permissions cannot use; unknown shows all; Team is owner-only (0.494167ms)
✔ P02 settlements directory rejects missing/link/owner/group/mode with a valid control (568.516042ms)
✔ preflight health permission grammars and API/worker consistency fail closed (4697.844708ms)
✔ merchant alert flag is explicit 0|1 and independently requires SMTP (3995.567333ms)
✔ shared loader makes API/worker LIVE pair file-only before Compose interpolation (423.923625ms)
✔ export bind accepts omitted JSON false but rejects unsafe source/config mutations (1.251291ms)
✔ sanctioned operator allowlist and fail-closed gates (fake docker, no network) (2301.366625ms)
✔ platform operator custody, export mount and binary are wired (180.574167ms)
✔ actual export bind refuses a missing directory; enabling auto-create is detected (430.96575ms)
✔ R3 preflight rejects cancelled PAYUNi, validates Page app and keeps LIVE pair mandatory (1024.226834ms)
✔ R3 smoke exercises exact denied probes, accepts 404 only for disabled mounts (101.10325ms)
✔ positive control: a complete, valid configuration raises no META_LOGIN finding (1663.901917ms)
✔ feature off (COMMERCE_META_LOGIN_CONFIG_ID empty): no rule applies even with the other keys empty (471.341667ms)
✔ P06: the Page route needs the webhook receiver (313.79575ms)
✔ P06: sessions come from identity (374.933917ms)
✔ P06: without the claims profile nobody sends the private replies (a WARN, not a FAIL) (559.59075ms)
✔ P08: COMMERCE_META_LOGIN_CONFIG_ID must be numeric ("abc") (378.174166ms)
✔ P08: COMMERCE_META_LOGIN_CONFIG_ID must be numeric ("12 34") (351.649791ms)
✔ P08: COMMERCE_META_LOGIN_CONFIG_ID must be numeric ("111111111111") (395.55375ms)
✔ P08: COMMERCE_META_LOGIN_CONFIG_ID must be numeric ("0x10") (655.000542ms)
✔ P08: COMMERCE_META_LOGIN_CONFIG_ID must be numeric ("-1") (668.66875ms)
✔ P08: COMMERCE_META_LOGIN_REDIRECT_URI must be exactly https://<LC_ADMIN_HOST>/api/meta/callback (wrong host) (883.705459ms)
✔ P08: COMMERCE_META_LOGIN_REDIRECT_URI must be exactly https://<LC_ADMIN_HOST>/api/meta/callback (http scheme) (655.508792ms)
✔ P08: COMMERCE_META_LOGIN_REDIRECT_URI must be exactly https://<LC_ADMIN_HOST>/api/meta/callback (the ads callback path) (412.34975ms)
✔ P08: COMMERCE_META_LOGIN_REDIRECT_URI must be exactly https://<LC_ADMIN_HOST>/api/meta/callback (trailing slash) (487.373375ms)
✔ P08: COMMERCE_META_LOGIN_REDIRECT_URI must be exactly https://<LC_ADMIN_HOST>/api/meta/callback (query string) (345.597583ms)
✔ P08: COMMERCE_META_LOGIN_REDIRECT_URI must be exactly https://<LC_ADMIN_HOST>/api/meta/callback (empty) (259.000541ms)
✔ P08: COMMERCE_META_LOGIN_GRAPH_VERSION grammar vNN.N ("26.0") (250.701458ms)
✔ P08: COMMERCE_META_LOGIN_GRAPH_VERSION grammar vNN.N ("v26") (196.424875ms)
✔ P08: COMMERCE_META_LOGIN_GRAPH_VERSION grammar vNN.N ("v26.0.1") (209.835333ms)
✔ P08: COMMERCE_META_LOGIN_GRAPH_VERSION grammar vNN.N ("latest") (265.380792ms)
✔ P08: COMMERCE_META_LOGIN_GRAPH_VERSION grammar vNN.N ("") (415.381917ms)
✔ P08: COMMERCE_META_LOGIN_GRAPH_VERSION grammar vNN.N ("v1000.0") (321.530625ms)
✔ P08: COMMERCE_META_LOGIN_GRAPH_VERSION accepts v26.0 (202.834417ms)
✔ P08: COMMERCE_META_LOGIN_GRAPH_VERSION accepts v22.0 (243.0575ms)
✔ P08: COMMERCE_META_LOGIN_GRAPH_VERSION accepts v99.9 (210.729833ms)
✔ production without any alert channel is a FAIL (nobody would hear the next outage) (1609.994208ms)
✔ outside production the same gap is only a WARN (470.628292ms)
✔ a webhook alone satisfies the rule (316.996917ms)
✔ an e-mail target with a complete relay (host, username, secret) satisfies the rule (379.793917ms)
✔ an e-mail target without the relay secret cannot be sent: FAIL in production, WARN elsewhere (934.762792ms)
✔ the example's CHANGE_ME_SENDER placeholder is not a relay: the e-mail target cannot be sent (348.555042ms)
✔ LC_ALERT_EMAIL must be one plain address ("not-an-address") (394.36525ms)
✔ LC_ALERT_EMAIL must be one plain address ("two@fake.invalid,three@fake.invalid") (619.085875ms)
✔ LC_ALERT_EMAIL must be one plain address ("a b@fake.invalid") (721.235666ms)
✔ LC_ALERT_EMAIL must be one plain address ("<owner@fake.invalid>") (692.226459ms)
✔ LC_ALERT_EMAIL must be one plain address ("owner@fake") (856.914208ms)
✔ storefront cart-line removal is reversible: clicked for real, not guarded (1.997875ms)
✔ destructive / irreversible / sign-out classification (owner list, en + zh) (1.530334ms)
✔ alike controls (rows with ids / numbers) share one class key (0.676833ms)
✔ known defects classify, never silence: stale entries are reported (0.794583ms)
✔ the markdown ledger has one row per interaction and names the verdict (0.699875ms)
✔ protocolHrefOK accepts well-formed tel:/mailto: and rejects malformed ones (0.576292ms)
✔ J1 waits for enabled media and clicks a real chooser; the uploaded cover is bound to the main section (1093.9705ms)
✔ J1 cannot credit a detail-image receipt as the main cover (1.736416ms)
✔ J1 refuses a failed cover upload rather than continuing to activate (0.336916ms)
✔ thresholds are the named constants of the brief (1.150583ms)
✔ R1: document wider than the viewport, and the outermost element past the edge (0.221375ms)
✔ R2: label tops, control tops and control heights of one visual row (0.460958ms)
✔ R2: what is one row and what is not (0.135958ms)
✔ R2: a button beside a field has to line up with its control (0.145208ms)
✔ R3: a row made tall by stacked controls, a control wider than its cell (0.380125ms)
✔ R3: a matrix whose EVERY row is doubled by a stacked stock cell (the median cannot see it) (0.429958ms)
✔ R4: small text, helper text apart, icons and duplicates excepted (3.076958ms)
✔ R5: tap targets on the 390 viewport only (2.159708ms)
✔ R6: interactive elements and text boxes that overlap (0.292167ms)
✔ R7: text clipped inside a control or label (either side), and select values that do not fit (0.749ms)
✔ R8: the same visible label twice in one list (0.597084ms)
✔ evaluate() tags severity, selectRecords() keeps distinct groups first and counts every instance (0.70925ms)
✔ R9: text and controls flush to the screen edge at 390 (0.253583ms)
✔ R6/R9 judge the visible (ancestor-clipped) rectangle, not the raw one (integrator ruling 2026-10-05) (0.186208ms)
✔ R10: a fixed or sticky bar covering main content after scrolling (0.363292ms)
✔ R11: controls narrower than a usable width (0.200583ms)
ℹ tests 425
ℹ suites 0
ℹ pass 425
ℹ fail 0
ℹ cancelled 0
ℹ skipped 0
ℹ todo 0
ℹ duration_ms 15444.828208
✔ closed projections reject secret-shaped extras, invalid enums, IDs and contradictory capabilities (0.731334ms)
✔ detail accepts only bounded events and keeps actual server action flags (0.375833ms)
✔ BFF exact routes and request grammar forbid keys/body on reads, filters on detail and arbitrary writes (10.98125ms)
✔ copy parity, safe object navigation and UNKNOWN/protective reasons (0.162708ms)
✔ read-only store capability never exposes a command even if the state allows one (0.060583ms)
✔ duplicate escaped keys cannot bypass the exact command grammar (0.047708ms)
✔ query backoff affects only its operation and expires without another action (0.049541ms)
✔ merchant reason text translates ledger events and conceals unknown or prototype codes (0.1015ms)
✔ ledger read navigation requires effective integration:read permission regardless of role (0.075958ms)
ℹ tests 9
ℹ suites 0
ℹ pass 9
ℹ fail 0
ℹ cancelled 0
ℹ skipped 0
ℹ todo 0
ℹ duration_ms 89.748333
✔ OrderHistory renders server order instant in Taipei (39.892417ms)
✔ ClaimLink renders claim expiry in Taipei (3.53375ms)
✔ BankTransfer renders deadline and proof instant in Taipei (2.733583ms)
✔ BankTransfer proof echo labels store time in en (2.094458ms)
✔ BankTransfer proof echo labels store time in zh-TW (2.564291ms)
✔ BankTransfer proof echo labels store time in zh-CN (2.025084ms)
✔ ShopFooter uses Taipei year across UTC year boundary (2.600291ms)
✔ Meta rejection wording is preserved as bounded Unicode text, never translated (1.200916ms)
✔ frozen error codes: model list equals the frozen list, each is read from both error shapes (0.5625ms)
✔ copy: every code, status, op state and connect error has text in all three locales (0.338292ms)
✔ copy never calls a budget a hard stop and never offers resume (0.266292ms)
✔ draft: every §5.1 status parses; unknown status/template/op state is an error, never guessed (0.38925ms)
✔ draft: optional fields, remote ids and the Ads Manager link (0.178292ms)
✔ action hints: pause whenever a remote id exists and not ENDED; a paused draft is only ever copied (X7) (0.216ms)
✔ money: whole units to minor with integer math; TWD must be whole (13.342458ms)
✔ Taipei schedule: wall inputs and draft projections ignore the viewer zone (5.116292ms)
✔ Taipei schedule: invalid calendar days are rejected and all copy names UTC+8 (0.30175ms)
✔ draft input: exact 11-key body and every local rule (4.114167ms)
✔ draft form round trip and X7 copy (blank schedule, no id, no revision) (0.271416ms)
✔ settings parser: environment enum, connections, identities, capi (0.387708ms)
✔ connect state parser: pick list kinds and id match (0.116333ms)
✔ report: three separate blocks, orders may be null, no combined figure (0.272292ms)
✔ default report window is the Asia/Taipei store day whatever the viewer's zone is (Taipei midnight boundary) (4.17ms)
✔ capi body and validation (0.173042ms)
✔ W6-06B unbind response: exact keys, account, UUIDs and outcome semantics (0.229917ms)
✔ W6-06B in-flight details preserve bounded items and total, reject unknown shapes (0.221625ms)
✔ W6-06B catalog feed has exact public URL/domain pairs or published-store empty (0.188625ms)
✔ W6-06B copy preserves unbind boundaries and feed recovery in three locales (0.078833ms)
✔ W6-06B feed selection follows origin order, not full feed URL order (0.091667ms)
✔ customer list accepts the frozen row and rejects unknown keys, dup ids, bad cursor, oversize (4.7035ms)
✔ customer row invariants: nulls for bundle-only/erased, counts, money, consents (0.269083ms)
✔ customer detail: bounded lists, order summaries reuse the orders parser, id must match (1.654375ms)
✔ erasure summary is four counts only (0.08825ms)
✔ finance summary: net = captured - refunded (I05), totals carry an empty day, sandbox flag (0.296583ms)
✔ financeDay is the UTC+8 day (0.056209ms)
✔ finance defaults keep Taipei dates across midnight, leap day and year end (0.071125ms)
✔ tags and notes are parsed strictly (W6-01B) (0.518208ms)
✔ TSX seam refuses an unlisted import (5.020375ms)
✔ Ads merchant timestamp uses Taipei at the year boundary (13.261167ms)
✔ Design version published_at cell uses Taipei at the year boundary (3.637666ms)
✔ ManualOrder bank-transfer expiry uses Taipei at the year boundary (2.902166ms)
ℹ tests 41
ℹ suites 0
ℹ pass 41
ℹ fail 0
ℹ cancelled 0
ℹ skipped 0
ℹ todo 0
ℹ duration_ms 275.791583
✔ OrderHistory renders server order instant in Taipei (6.67825ms)
✔ ClaimLink renders claim expiry in Taipei (2.1295ms)
✔ BankTransfer renders deadline and proof instant in Taipei (2.136667ms)
✔ BankTransfer proof echo labels store time in en (1.969ms)
✔ BankTransfer proof echo labels store time in zh-TW (1.878417ms)
✔ BankTransfer proof echo labels store time in zh-CN (1.741041ms)
✔ ShopFooter uses Taipei year across UTC year boundary (2.257458ms)
✔ Meta rejection wording is preserved as bounded Unicode text, never translated (1.501083ms)
✔ frozen error codes: model list equals the frozen list, each is read from both error shapes (0.363667ms)
✔ copy: every code, status, op state and connect error has text in all three locales (0.257125ms)
✔ copy never calls a budget a hard stop and never offers resume (0.237292ms)
✔ draft: every §5.1 status parses; unknown status/template/op state is an error, never guessed (0.349041ms)
✔ draft: optional fields, remote ids and the Ads Manager link (0.169125ms)
✔ action hints: pause whenever a remote id exists and not ENDED; a paused draft is only ever copied (X7) (0.1915ms)
✔ money: whole units to minor with integer math; TWD must be whole (8.079667ms)
✔ Taipei schedule: wall inputs and draft projections ignore the viewer zone (4.471666ms)
✔ Taipei schedule: invalid calendar days are rejected and all copy names UTC+8 (0.276125ms)
✔ draft input: exact 11-key body and every local rule (3.0515ms)
✔ draft form round trip and X7 copy (blank schedule, no id, no revision) (0.201208ms)
✔ settings parser: environment enum, connections, identities, capi (0.33575ms)
✔ connect state parser: pick list kinds and id match (0.113334ms)
✔ report: three separate blocks, orders may be null, no combined figure (0.238875ms)
✔ default report window is the Asia/Taipei store day whatever the viewer's zone is (Taipei midnight boundary) (3.028542ms)
✔ capi body and validation (0.139291ms)
✔ W6-06B unbind response: exact keys, account, UUIDs and outcome semantics (0.232958ms)
✔ W6-06B in-flight details preserve bounded items and total, reject unknown shapes (0.196125ms)
✔ W6-06B catalog feed has exact public URL/domain pairs or published-store empty (0.177292ms)
✔ W6-06B copy preserves unbind boundaries and feed recovery in three locales (0.342167ms)
✔ W6-06B feed selection follows origin order, not full feed URL order (0.065416ms)
✔ customer list accepts the frozen row and rejects unknown keys, dup ids, bad cursor, oversize (1.80975ms)
✔ customer row invariants: nulls for bundle-only/erased, counts, money, consents (0.213458ms)
✔ customer detail: bounded lists, order summaries reuse the orders parser, id must match (1.204417ms)
✔ erasure summary is four counts only (0.072417ms)
✔ finance summary: net = captured - refunded (I05), totals carry an empty day, sandbox flag (0.249333ms)
✔ financeDay is the UTC+8 day (0.050291ms)
✔ finance defaults keep Taipei dates across midnight, leap day and year end (0.070125ms)
✔ tags and notes are parsed strictly (W6-01B) (0.477792ms)
✔ TSX seam refuses an unlisted import (3.612333ms)
✔ Ads merchant timestamp uses Taipei at the year boundary (12.953708ms)
✔ Design version published_at cell uses Taipei at the year boundary (2.336041ms)
✔ ManualOrder bank-transfer expiry uses Taipei at the year boundary (2.809458ms)
ℹ tests 41
ℹ suites 0
ℹ pass 41
ℹ fail 0
ℹ cancelled 0
ℹ skipped 0
ℹ todo 0
ℹ duration_ms 122.959334
✔ legacy display sentinels preserve a list row without admitting arbitrary or private data (1.615333ms)
✔ orders-v2 accepts bounded filters and Taipei inclusive dates; rejects ambiguity (0.459084ms)
✔ orders-v2 rejects client count approximations, unbounded or extra response data (0.153ms)
✔ all three locales label every task queue, payment and delivery mode (0.313375ms)
ℹ tests 4
ℹ suites 0
ℹ pass 4
ℹ fail 0
ℹ cancelled 0
ℹ skipped 0
ℹ todo 0
ℹ duration_ms 78.849375
✔ numeric store IDs have no suggestion BFF or browser client (1.757958ms)
ℹ tests 1
ℹ suites 0
ℹ pass 1
ℹ fail 0
ℹ cancelled 0
ℹ skipped 0
ℹ todo 0
ℹ duration_ms 64.902875
✔ ADM10 operator sentence is localized while product and company facts stay authoritative (0.373791ms)
✔ PS review: actual Host matching normalizes case, port and a terminal DNS dot, never forwarded authority (0.218667ms)
✔ PS review: privacy/terms retain Messenger and Instagram purpose disclosure; deletion uses exact UI labels (0.098083ms)
✔ P2-N1 zh-TW/privacy: current comments and private reply, conditional inbound messages (0.071375ms)
✔ P2-N1 zh-TW/terms: current comments and private reply, conditional inbound messages (0.038167ms)
✔ P2-N1 zh-CN/privacy: current comments and private reply, conditional inbound messages (0.030833ms)
✔ P2-N1 zh-CN/terms: current comments and private reply, conditional inbound messages (0.042584ms)
✔ P2-N1 en/privacy: current comments and private reply, conditional inbound messages (0.041792ms)
✔ P2-N1 en/terms: current comments and private reply, conditional inbound messages (0.038625ms)
✔ PS1 legal identity is one untranslated source (0.074917ms)
✔ PS1 contact and hosts come only from configuration; production fails closed (0.317458ms)
✔ PS2 public routes default to zh-TW, restrict page/locale, and never include admin (0.369583ms)
✔ PS4 optional Meta verification value never has a fake default (0.046416ms)
✔ PS1 every locale uses the same product name in auth page titles (0.041666ms)
✔ PS1 public page copy has three complete locales, no invented operator identity or contact (0.183042ms)
✔ PS1 production build validates config; public data is not bundled through NEXT_PUBLIC (0.883875ms)
✔ PS review: admin image installs the manifests for its workspace dependencies before building (0.395667ms)
ℹ tests 17
ℹ suites 0
ℹ pass 17
ℹ fail 0
ℹ cancelled 0
ℹ skipped 0
ℹ todo 0
ℹ duration_ms 77.209584
✔ R11 SQL's exact receipt states are accepted; missing/forged operation/state remains unknown (0.748ms)
✔ R11 durable receipt journal validates phase against exact operation state (0.328959ms)
✔ R11 actual read control distinguishes replay/inflight/unknown/failure in en (3.888958ms)
✔ R11 actual read control distinguishes replay/inflight/unknown/failure in zh-TW (0.664458ms)
✔ R11 actual read control distinguishes replay/inflight/unknown/failure in zh-CN (0.540625ms)
✔ unknown journal retains exact key/boundary and is scoped to store+session; malformed state fails closed (0.125542ms)
✔ R12 read hook keeps network UNKNOWN on one key and explicitly refreshes acknowledged UNKNOWN (13.093042ms)
✔ actual POST transport uses CSRF and session fence; 403 independent of response text (17.944041ms)
✔ R10 ROAS has exactly two decimals in en (10.707209ms)
✔ R10 unknown ROAS is never fabricated as zero in en (0.0725ms)
✔ R10 ROAS has exactly two decimals in zh-TW (0.152958ms)
✔ R10 unknown ROAS is never fabricated as zero in zh-TW (0.034916ms)
✔ R10 ROAS has exactly two decimals in zh-CN (0.1195ms)
✔ R10 unknown ROAS is never fabricated as zero in zh-CN (0.027208ms)
✔ shared presentation preserves registry title and one empty buyer message in en (29.673583ms)
✔ R11 large linked-draft list is complete but collapsed in en (3.586917ms)
✔ shared presentation preserves registry title and one empty buyer message in zh-TW (6.154625ms)
✔ R11 large linked-draft list is complete but collapsed in zh-TW (3.863875ms)
✔ shared presentation preserves registry title and one empty buyer message in zh-CN (6.397208ms)
✔ R11 large linked-draft list is complete but collapsed in zh-CN (2.611459ms)
✔ R11 timeline distinguishes local unknown spend from explicit Meta zero in en (3.11125ms)
✔ R11 timeline distinguishes local unknown spend from explicit Meta zero in zh-TW (5.4975ms)
✔ R11 timeline distinguishes local unknown spend from explicit Meta zero in zh-CN (2.121541ms)
✔ R11 I12 nullable Meta evidence survives without becoming zero (0.253292ms)
✔ R11 actual panel rendering preserves unknowns and reconnect route in en (11.038167ms)
✔ R11 actual panel rendering preserves unknowns and reconnect route in zh-TW (11.920625ms)
✔ R11 actual panel rendering preserves unknowns and reconnect route in zh-CN (13.249542ms)
✔ D1, D6, R7: exact amounts and sources remain independent, account days stay labelled (0.203375ms)
✔ R12: null stays unknown and unread / unauthorised / insufficient remain different states (0.221459ms)
✔ R12 granted but unread audience offers a read, never reconnect in en (1.699667ms)
✔ R12 granted but unread audience offers a read, never reconnect in zh-TW (1.894167ms)
✔ R12 granted but unread audience offers a read, never reconnect in zh-CN (2.5105ms)
✔ I12 forged / missing frozen fields never silently become zeros (2.591ms)
✔ only whitelisted aggregates survive: extra identifiers and HTML are never interpreted (0.324208ms)
✔ attribution is a read-only BFF resource with exact bounded query grammar (1.008334ms)
✔ audience-read is exactly the new local intention POST and never a data GET or queried write (0.362542ms)
✔ route fails closed without ads:read and is not a duplicate navigation entry; locale keys match (0.141583ms)
ℹ tests 37
ℹ suites 0
ℹ pass 37
ℹ fail 0
ℹ cancelled 0
ℹ skipped 0
ℹ todo 0
ℹ duration_ms 476.703833
✔ card-payments copy: identical key sets in all three locales (3.722125ms)
✔ merchant terms are quoted verbatim (contract §5) in the enable dialog (1.898667ms)
✔ ruling-fixed strings: platform not OPEN and BLOCKED note (0.293542ms)
✔ error map covers every frozen refusal code from migrations/0137 (0.293167ms)
✔ no Stripe account id, key or approval id shape appears in any copy string (0.775875ms)
✔ storefront collector disclosure matches contract §5 templates in three languages (0.342541ms)
✔ the merchant terms in the dialog are the contract §5 sentence, extracted from the contract (0.438334ms)
✔ the storefront templates are the contract §5 lines, extracted from the contract (0.542709ms)
✔ settlement copy: deduction columns are labelled as deductions in every language, with a legend and the net formula (1.113459ms)
✔ there is no separate 'not on the allowlist' message: it reads as not open (review P1-2) (0.176542ms)
✔ card summary accepts the frozen shape incl. all-null platform NONE (0.848167ms)
✔ card summary rejects unknown keys, bad enums, bad money, bad version (0.291709ms)
✔ card result is exactly {state, version, max_minor, currency, descriptor_preview} (0.097375ms)
✔ descriptor suffix rule: charset, 2..10 chars, must contain a letter (0.127667ms)
✔ the suffix length rule is the charset rule's 10; the 22-character descriptor total stays the server's (SANDBOX L=10, LIVE PrefixLength) (0.0575ms)
✔ descriptor preview mirrors the contract projection (base + '* ' + suffix) (0.063958ms)
✔ settlement list accepts statements without payout/lines keys (omitempty) (0.398ms)
✔ settlement detail carries lines whose count and sums match the totals (0.335792ms)
✔ settlement parsers reject malformed reads (1.063792ms)
✔ fees, refunds and disputes are signed exactly as the ledger stores them (0.165292ms)
✔ a returned fee is a positive line fee; the detail's lines must add up to the statement totals (0.771834ms)
✔ closed_at/paid_at accept the offsets PostgreSQL emits as well as Z (0.113292ms)
✔ a payout reference shaped like a Stripe key or account id is never displayed (0.106792ms)
✔ platform not OPEN: 'not open yet' and no enable control, for every non-OPEN state; the platform badge still tells why (0.386667ms)
✔ allowlisted + OPEN: enable from NONE/DISABLED, disable from ENABLED (0.057333ms)
✔ not allowlisted on an OPEN platform reads exactly like not open: the same message, no 'platform open' badge, no enable (review P1-2) (0.07725ms)
✔ BLOCKED: the suspended note, disable only, never enable (whatever the platform says) (0.056958ms)
✔ without billing:manage nothing can be changed, but the state is still readable (0.041292ms)
✔ enable carries the platform's current terms, the suffix and the version read; NONE starts at 0 (0.053708ms)
✔ disable never sends a suffix and quotes the terms the store accepted (the platform's may have moved on) (0.034166ms)
✔ a retained suffix is recovered from the final preview so a re-enable can keep it (0.045875ms)
✔ the period label shows the last day inside the (exclusive-end) week (0.914958ms)
✔ payout state: paid, pending only when money is due, none when the week nets to zero or less (0.054542ms)
✔ card-payments and settlements are nav:false routes, so no group loses or gains a nav button (0.14625ms)
✔ settlements need billing:manage, the card page integration:read; the owner opens both (0.119666ms)
✔ statement cells: a dispute reversal and a returned fee read as credits (+) and every deduction as -, and the columns add up to the server's net (12.049625ms)
✔ the detail parser requires the lines of a statement that has lines; a quiet week (line_count 0) may omit them (0.162417ms)
✔ route table: exactly the four resources, nothing generic (0.464666ms)
✔ query grammar: card and settlement-detail are exact; settlements takes before/limit only (0.597125ms)
✔ request fence: keyless PUT (CAS), bodyless GETs, no transfer-encoding (27.97275ms)
✔ PUT body is the exact frozen shape {enabled, terms_version, descriptor_suffix, expected_version} (0.487208ms)
✔ the BFF route wires the card grammar: keyless CAS PUT, exact body, no-store, auth required (1.27575ms)
✔ the real card summary parses and drives the display state machine (6.357167ms)
✔ the real statement list parses: newest first, no lines, three payout states (0.904709ms)
✔ every real detail parses with its lines and the lines add up to the statement (1.1595ms)
✔ an empty ledger parses to no statements (0.343583ms)
✔ no account id, key or approval shape is in any real body (4.5825ms)
✔ the real statements display literally as signed contributions that add up to the server's net (19.190667ms)
ℹ tests 48
ℹ suites 0
ℹ pass 48
ℹ fail 0
ℹ cancelled 0
ℹ skipped 0
ℹ todo 0
ℹ duration_ms 156.580834
✔ option/slug/SKU caps equal internal/catalog (options.go, catalog.go) (16.466375ms)
✔ text caps equal the Go validators (name 120, description 8000, SEO 70/160, collection title 80) (2.323ms)
✔ photo caps equal Go (MaxMainImages, MaxDetailImages, MaxImageBytes) and the SKU code pattern (2.273542ms)
✔ PE13 Cartesian matrix is local, preserves edits and deduplicates values (0.755334ms)
✔ PE13 bulk quantity skips negative rows without modifying them (0.157083ms)
✔ PE12 untracked document uses whole currency and per-order cap, never quantity (14.356ms)
✔ PE14 missing readback is not guessed or silently cleared by full replacement (0.063917ms)
✔ bulk status accepts explicit per-item results, never empty or duplicated confirmations (0.401875ms)
✔ matrix refuses over 100 SKUs before expansion (0.285708ms)
✔ parity: admin caps equal the Go constants (5.181875ms)
✔ image list: 4 main + 20 detail + 2 sku in role order is accepted (3.895167ms)
✔ image list: 5 main, 21 detail, wrong role order, gaps and extra keys are refused (0.641375ms)
✔ single image: role is required and its position is bounded by the role cap (0.306417ms)
✔ option text limits count Go runes rather than UTF-16 units (1.879458ms)
✔ PE14 new edit SKU carries its own shipping and clears no existing fields (19.020458ms)
✔ PE14 patch changes only price and preserves unmentioned fields (0.203792ms)
✔ PE14 on_hand is not available, zero target is transmitted, ambiguous warehouse refuses (0.290875ms)
✔ PE14 explicit clears and shipping remain per SKU on an active row (0.124875ms)
✔ PE14 archive supersedes every other edit on that SKU (b77eeb11) (0.148375ms)
✔ PE14 no-op has no command fields and changed axes explicitly archive omitted variants (0.102583ms)
ℹ tests 20
ℹ suites 0
ℹ pass 20
ℹ fail 0
ℹ cancelled 0
ℹ skipped 0
ℹ todo 0
ℹ duration_ms 139.36475
(node:77254) ExperimentalWarning: Transform Types is an experimental feature and might change at any time
(Use `node --trace-warnings ...` to show where the warning was created)
✔ UNKNOWN retry client authorization loss requires reconciliation, not a fresh command (3.885375ms)
✔ UNKNOWN retry 401 authorization loss requires reconciliation, not a fresh command (17.070458ms)
✔ UNKNOWN retry 403 authorization loss requires reconciliation, not a fresh command (0.767584ms)
✔ a conclusive command rejection stays distinct from authorization loss (0.961708ms)
ℹ tests 4
ℹ suites 0
ℹ pass 4
ℹ fail 0
ℹ cancelled 0
ℹ skipped 0
ℹ todo 0
ℹ duration_ms 147.5905
NOT_RUN: tests/media/r04-input-runner.test.mjs (COMMERCE_R04_LIVEKIT_BINARY unset)
✔ main/detail/sku caps use the existing frozen image contract (0.71325ms)
✔ phone and tall dimensions fit2000 without enlarging small assets (0.155916ms)
✔ upload query requires one exact role and sku value; reads/actions carry no query (0.411875ms)
✔ role transport encodes current option values and refuses invalid identities (0.186125ms)
✔ effective image axis follows current options, then falls back to first (0.069042ms)
✔ detail and option photos cannot satisfy the main-photo recommendation (0.06475ms)
✔ PM-U copy has matching keys in ja and all currently routed locales (0.150209ms)
✔ real-upload mode builds both Next applications on a clean CI checkout (9.191334ms)
✔ upload recovery journal survives a new session while remaining product/store scoped (0.123292ms)
✔ an option upload receipt requires its captured axis, value and image id on canonical readback (0.1225ms)
✔ failed durable recovery storage cannot authorize a media write (0.098291ms)
✔ an active product needs a main image after canonical media is known; repair paths stay possible (0.066708ms)
✔ empty media sections render a readable localized placeholder until photos are present (5.187292ms)
✔ real-upload mode never exits through the storefront MOCK shortcut (11.100167ms)
✔ a valid active zero-main product keeps an inline repair hint rather than a page error (4.470583ms)
✔ a new product issues the image-axis stage only for a chosen axis (0.846625ms)
ℹ tests 16
ℹ suites 0
ℹ pass 16
ℹ fail 0
ℹ cancelled 0
ℹ skipped 0
ℹ todo 0
ℹ duration_ms 366.001625
(node:77298) ExperimentalWarning: Transform Types is an experimental feature and might change at any time
(Use `node --trace-warnings ...` to show where the warning was created)
✔ a fitting PNG keeps the exact original File, bytes and alpha-capable format (1.015792ms)
✔ a JPEG exactly at both limits remains original, not a lossy re-encode (0.502958ms)
✔ an oversized phone JPEG is encoded below the cap after oriented scaling (0.68275ms)
✔ a large transparent PNG stays alpha-capable and is never painted with an opaque matte (0.836375ms)
ℹ tests 4
ℹ suites 0
ℹ pass 4
ℹ fail 0
ℹ cancelled 0
ℹ skipped 0
ℹ todo 0
ℹ duration_ms 101.63425
✔ HTTPS picklist fixture carries Secure session cookies automatically while preserving CSRF refusals (124.043792ms)
✔ batch controls stay compact until an order selection or live-session scope exists (0.167833ms)
✔ selection has XOR bodies, canonical unique IDs and separate 500/100 limits (0.369542ms)
✔ cross-page selection retains existing rows, deduplicates and refuses overflow atomically (0.739083ms)
✔ pick projection rejects PII/extra keys, invalid quantities and unmatched order identities (0.616666ms)
✔ batch replies bind one-for-one to confirmed orders and preserve uncertainty code (0.138625ms)
✔ pick/export POSTs reject keys and all query variants except one exact template (1.922625ms)
✔ CSV filename binds to selected template and store; no path/header injection (0.196708ms)
✔ MOCK browser fixture list matches the incumbent closed order parser (11.221542ms)
✔ recovery never clears an unknown or missing current attempt (0.449ms)
✔ recovery and order-detail MOCK fixtures satisfy real read parsers (8.302292ms)
✔ order selection can read its session fence during SSR without browser globals (1.03375ms)
✔ MOU keeps native headed checks runnable on a Linux CI worker without DISPLAY (13.633292ms)
ℹ tests 13
ℹ suites 0
ℹ pass 13
ℹ fail 0
ℹ cancelled 0
ℹ skipped 0
ℹ todo 0
ℹ duration_ms 401.590208
✔ parseShard: i/N, empty means unsharded, anything malformed throws (0.753083ms)
✔ assignShards: deterministic, every key owned once, near-balanced (LPT bound) (1.023917ms)
✔ planClick: for every N the shards partition the whole universe (every registry route x variant, storefront walk, journey) (1.355334ms)
✔ planClick at N=10 keeps every shard within ~1.3x of the mean planned cost (0.122583ms)
✔ aggregate click: honest shards pass for several N (2.331166ms)
✔ aggregate click: a missing shard, a dropped page row, a lost journey, a failing row, a stale known defect and a missing platform marker are each a failure (3.047459ms)
✔ aggregate click: a route added to the registry after the shards ran cannot pass (the registry is re-read) (0.380625ms)
✔ aggregate visual: honest shards pass; a missing shard, a missing shot, a blocking verdict and a registry route outside the universe each fail (4.717708ms)
ℹ tests 8
ℹ suites 0
ℹ pass 8
ℹ fail 0
ℹ cancelled 0
ℹ skipped 0
ℹ todo 0
ℹ duration_ms 84.912042
ci-plan: 10 job(s); click-sweep x10 (aggregate)
  --browser-click-sweep@1/10  -> artifact gate-browser-click-sweep_1_10
  --browser-click-sweep@2/10  -> artifact gate-browser-click-sweep_2_10
  --browser-click-sweep@3/10  -> artifact gate-browser-click-sweep_3_10
  --browser-click-sweep@4/10  -> artifact gate-browser-click-sweep_4_10
  --browser-click-sweep@5/10  -> artifact gate-browser-click-sweep_5_10
  --browser-click-sweep@6/10  -> artifact gate-browser-click-sweep_6_10
  --browser-click-sweep@7/10  -> artifact gate-browser-click-sweep_7_10
  --browser-click-sweep@8/10  -> artifact gate-browser-click-sweep_8_10
  --browser-click-sweep@9/10  -> artifact gate-browser-click-sweep_9_10
  --browser-click-sweep@10/10  -> artifact gate-browser-click-sweep_10_10
✔ the full sweep and the full visual lint fan out into every shard and ask for the aggregate (0.979792ms)
✔ foundation-shards = the unit shard + every plan group; the serial `foundation` mode is untouched (0.761708ms)
✔ an explicit shard re-run (or a partial list) never claims the whole-run aggregate (0.096042ms)
✔ duplicates collapse, artifact names are safe and unique, bad input is refused (0.304667ms)
✔ main writes matrix / sweep_n / visual_n to GITHUB_OUTPUT (1.644125ms)
✔ parser: only compiled, correctly-shaped Test functions of untagged _test.go files (1.392416ms)
✔ the real plan: every top-level test of tests/foundation runs in exactly one group (602.054125ms)
✔ a new test (in no list) still runs, exactly once, in the catch-all group; the same name with no catch-all is red (886.123666ms)
✔ a test listed in two groups is red; drift beyond the limit is red (962.891ms)
✔ regexes: anchored explicit lists; the catch-all skips exactly everyone else's tests (2.037625ms)
✔ pack: deterministic, balanced to within the longest test, every name once (12.518209ms)
✔ parseDurations: top-level lines only (1.29975ms)
ℹ tests 12
ℹ suites 0
ℹ pass 12
ℹ fail 0
ℹ cancelled 0
ℹ skipped 0
ℹ todo 0
ℹ duration_ms 2546.236375
