✖ platform operator custody, export mount and binary are wired (1673.533917ms)
ℹ tests 1
ℹ suites 0
ℹ pass 0
ℹ fail 1
ℹ cancelled 0
ℹ skipped 0
ℹ todo 0
ℹ duration_ms 1736.389083

✖ failing tests:

test at tests/deploy/deploy-prep-r3.test.mjs:106:1
✖ platform operator custody, export mount and binary are wired (1673.533917ms)
  AssertionError [ERR_ASSERTION]: Expected values to be strictly equal:
  + actual - expected
  
  + undefined
  - false
  
      at file:///Volumes/data/live_commerce_architecture_v1/.worktrees/deploy-prep-r3/tests/deploy/deploy-prep-r3.test.mjs:122:10
      at fixture (file:///Volumes/data/live_commerce_architecture_v1/.worktrees/deploy-prep-r3/tests/deploy/deploy-prep-r3.test.mjs:25:12)
      at TestContext.<anonymous> (file:///Volumes/data/live_commerce_architecture_v1/.worktrees/deploy-prep-r3/tests/deploy/deploy-prep-r3.test.mjs:106:76)
      at Test.runInAsyncScope (node:async_hooks:227:14)
      at Test.run (node:internal/test_runner/test:1201:25)
      at Test.start (node:internal/test_runner/test:1096:17)
      at startSubtestAfterBootstrap (node:internal/test_runner/harness:385:17) {
    generatedMessage: true,
    code: 'ERR_ASSERTION',
    actual: undefined,
    expected: false,
    operator: 'strictEqual',
    diff: 'simple'
  }
