✔ OrderHistory renders server order instant in Taipei (9.266375ms)
✔ ClaimLink renders claim expiry in Taipei (2.448875ms)
✔ BankTransfer renders deadline and proof instant in Taipei (1.809ms)
✔ ShopFooter uses Taipei year across UTC year boundary (1.977958ms)
✔ Meta rejection wording is preserved as bounded Unicode text, never translated (1.706333ms)
✔ frozen error codes: model list equals the frozen list, each is read from both error shapes (0.377375ms)
✔ copy: every code, status, op state and connect error has text in all three locales (0.254ms)
✔ copy never calls a budget a hard stop and never offers resume (0.236208ms)
✔ draft: every §5.1 status parses; unknown status/template/op state is an error, never guessed (0.371625ms)
✔ draft: optional fields, remote ids and the Ads Manager link (0.195417ms)
✔ action hints: pause whenever a remote id exists and not ENDED; a paused draft is only ever copied (X7) (0.8945ms)
✔ money: whole units to minor with integer math; TWD must be whole (9.997ms)
✔ Taipei schedule: wall inputs and draft projections ignore the viewer zone (3.772208ms)
✔ Taipei schedule: invalid calendar days are rejected and all copy names UTC+8 (0.294583ms)
✔ draft input: exact 11-key body and every local rule (3.394792ms)
✔ draft form round trip and X7 copy (blank schedule, no id, no revision) (0.211875ms)
✔ settings parser: environment enum, connections, identities, capi (0.348417ms)
✔ connect state parser: pick list kinds and id match (0.112667ms)
✔ report: three separate blocks, orders may be null, no combined figure (0.248625ms)
✔ default report window is the Asia/Taipei store day whatever the viewer's zone is (Taipei midnight boundary) (3.016708ms)
✔ capi body and validation (0.133208ms)
✔ W6-06B unbind response: exact keys, account, UUIDs and outcome semantics (0.191125ms)
✔ W6-06B in-flight details preserve bounded items and total, reject unknown shapes (0.166416ms)
✔ W6-06B catalog feed has exact public URL/domain pairs or published-store empty (0.168417ms)
✔ W6-06B copy preserves unbind boundaries and feed recovery in three locales (0.108416ms)
✔ W6-06B feed selection follows origin order, not full feed URL order (0.136084ms)
✔ customer list accepts the frozen row and rejects unknown keys, dup ids, bad cursor, oversize (2.160125ms)
✔ customer row invariants: nulls for bundle-only/erased, counts, money, consents (0.275209ms)
✔ customer detail: bounded lists, order summaries reuse the orders parser, id must match (1.898292ms)
✔ erasure summary is four counts only (0.086709ms)
✔ finance summary: net = captured - refunded (I05), totals carry an empty day, sandbox flag (1.077ms)
✔ financeDay is the UTC+8 day (0.195167ms)
✔ finance defaults keep Taipei dates across midnight, leap day and year end (0.120458ms)
✔ tags and notes are parsed strictly (W6-01B) (1.225459ms)
✔ Ads merchant timestamp uses Taipei at the year boundary (13.277792ms)
✔ Design version published_at cell uses Taipei at the year boundary (3.774583ms)
✔ ManualOrder bank-transfer expiry uses Taipei at the year boundary (3.426333ms)
ℹ tests 37
ℹ suites 0
ℹ pass 37
ℹ fail 0
ℹ cancelled 0
ℹ skipped 0
ℹ todo 0
ℹ duration_ms 127.708167
