✔ R11 SQL's exact receipt states are accepted; missing/forged operation/state remains unknown (0.837333ms)
✔ R11 durable receipt journal validates phase against exact operation state (0.364958ms)
✔ R11 actual read control distinguishes replay/inflight/unknown/failure in en (4.224292ms)
✔ R11 actual read control distinguishes replay/inflight/unknown/failure in zh-TW (1.182959ms)
✔ R11 actual read control distinguishes replay/inflight/unknown/failure in zh-CN (0.512792ms)
✔ unknown journal retains exact key/boundary and is scoped to store+session; malformed state fails closed (0.156ms)
✔ R12 read hook keeps network UNKNOWN on one key and explicitly refreshes acknowledged UNKNOWN (16.942416ms)
✔ actual POST transport uses CSRF and session fence; 403 independent of response text (19.277583ms)
✔ shared presentation preserves registry title and one empty buyer message in en (29.921708ms)
✔ R11 large linked-draft list is complete but collapsed in en (5.445042ms)
✔ shared presentation preserves registry title and one empty buyer message in zh-TW (6.339916ms)
✔ R11 large linked-draft list is complete but collapsed in zh-TW (2.979583ms)
✔ shared presentation preserves registry title and one empty buyer message in zh-CN (6.623375ms)
✔ R11 large linked-draft list is complete but collapsed in zh-CN (2.656083ms)
✔ R11 timeline distinguishes local unknown spend from explicit Meta zero in en (3.250833ms)
✔ R11 timeline distinguishes local unknown spend from explicit Meta zero in zh-TW (2.142083ms)
✔ R11 timeline distinguishes local unknown spend from explicit Meta zero in zh-CN (3.506209ms)
✔ R11 I12 nullable Meta evidence survives without becoming zero (0.292834ms)
✔ R11 actual panel rendering preserves unknowns and reconnect route in en (13.168833ms)
✔ R11 actual panel rendering preserves unknowns and reconnect route in zh-TW (13.636916ms)
✔ R11 actual panel rendering preserves unknowns and reconnect route in zh-CN (14.781875ms)
✔ D1, D6, R7: exact amounts and sources remain independent, account days stay labelled (0.223208ms)
✔ R12: null stays unknown and unread / unauthorised / insufficient remain different states (0.236625ms)
✔ R12 granted but unread audience offers a read, never reconnect in en (1.809958ms)
✔ R12 granted but unread audience offers a read, never reconnect in zh-TW (1.673333ms)
✔ R12 granted but unread audience offers a read, never reconnect in zh-CN (1.605125ms)
✔ I12 forged / missing frozen fields never silently become zeros (0.93475ms)
✔ only whitelisted aggregates survive: extra identifiers and HTML are never interpreted (0.064375ms)
✔ attribution is a read-only BFF resource with exact bounded query grammar (0.312792ms)
✔ audience-read is exactly the new local intention POST and never a data GET or queried write (0.234042ms)
✔ route fails closed without ads:read and is not a duplicate navigation entry; locale keys match (0.10325ms)
ℹ tests 31
ℹ suites 0
ℹ pass 31
ℹ fail 0
ℹ cancelled 0
ℹ skipped 0
ℹ todo 0
ℹ duration_ms 558.883625

> live-commerce-workspace@ build:storefront /Volumes/data/live_commerce_architecture_v1/.worktrees/admin-visual
> pnpm --filter @live-commerce/storefront build


> @live-commerce/storefront@ build /Volumes/data/live_commerce_architecture_v1/.worktrees/admin-visual/apps/storefront
> next build

▲ Next.js 16.3.5 (Turbopack)
✓ Running next.config.ts took 16ms

  Creating an optimized production build ...
✓ Compiled successfully in 1007ms
  Running TypeScript ...
  Finished TypeScript in 304ms ...
  Collecting page data using 9 workers ...
  Generating static pages using 9 workers (0/2) ...
✓ Generating static pages using 9 workers (2/2) in 74ms
  Finalizing page optimization ...

Route (app)
┌ ƒ /
├ ○ /_not-found
├ ƒ /[locale]
├ ƒ /[locale]/cart
├ ƒ /[locale]/checkout
├ ƒ /[locale]/claim
├ ƒ /[locale]/collections
├ ƒ /[locale]/collections/[slug]
├ ƒ /[locale]/data-deletion
├ ƒ /[locale]/legal/[slug]
├ ƒ /[locale]/legal/anti-fraud
├ ƒ /[locale]/order-link
├ ƒ /[locale]/orders/[orderID]
├ ƒ /[locale]/orders/lookup
├ ƒ /[locale]/pages/[slug]
├ ƒ /[locale]/privacy
├ ƒ /[locale]/products
├ ƒ /[locale]/products/[slug]
├ ƒ /[locale]/search
├ ƒ /api/buyer/[...path]
├ ƒ /api/shop/product/[key]
├ ƒ /api/shop/products
├ ƒ /feeds/meta.csv
├ ƒ /media/c/[collectionID]/[imageID]
├ ƒ /media/p/[productID]/[imageID]
├ ƒ /media/s/[imageID]
├ ƒ /payment/return
├ ƒ /products/[productID]
├ ƒ /robots.txt
└ ƒ /sitemap.xml


ƒ Proxy (Middleware)

○  (Static)   prerendered as static content
ƒ  (Dynamic)  server-rendered on demand


> live-commerce-workspace@ build:admin /Volumes/data/live_commerce_architecture_v1/.worktrees/admin-visual
> pnpm --filter @live-commerce/admin build


> @live-commerce/admin@ build /Volumes/data/live_commerce_architecture_v1/.worktrees/admin-visual/apps/admin
> next build && node ../../scripts/dev/package-admin.mjs

▲ Next.js 16.3.5 (Turbopack)
✓ Running next.config.ts took 29ms

  Creating an optimized production build ...
✓ Compiled successfully in 1250ms
  Running TypeScript ...
  Finished TypeScript in 288ms ...
  Collecting page data using 9 workers ...
  Generating static pages using 9 workers (0/15) ...
  Generating static pages using 9 workers (3/15) 
  Generating static pages using 9 workers (7/15) 
  Generating static pages using 9 workers (11/15) 
✓ Generating static pages using 9 workers (15/15) in 118ms
  Finalizing page optimization ...

Route (app)
┌ ○ /_not-found
├ ƒ /[locale]
├ ƒ /[locale]/ads
├ ƒ /[locale]/ads/attribution
├ ƒ /[locale]/billing
├ ƒ /[locale]/collections
├ ƒ /[locale]/customers
├ ƒ /[locale]/customers/[customer]
├ ƒ /[locale]/design
├ ƒ /[locale]/finance
├ ƒ /[locale]/inventory
├ ƒ /[locale]/invite/[token]
├ ƒ /[locale]/orders
├ ƒ /[locale]/orders/cvs-print
├ ƒ /[locale]/orders/new
├ ƒ /[locale]/products
├ ƒ /[locale]/products/[product]
├ ƒ /[locale]/products/import
├ ƒ /[locale]/promotions
├ ƒ /[locale]/reset
├ ƒ /[locale]/settings
├ ƒ /[locale]/signup
├ ƒ /[locale]/studio
├ ƒ /[locale]/studio/claims
├ ƒ /[locale]/team
├ ƒ /api/ads/meta/callback
├ ƒ /api/ads/meta/connect
├ ƒ /api/auth/callback
├ ƒ /api/auth/login
├ ƒ /api/auth/logout
├ ƒ /api/auth/password/login
├ ƒ /api/auth/password/reset
├ ƒ /api/auth/password/signup
├ ƒ /api/auth/password/verify
├ ƒ /api/meta/callback
├ ƒ /api/meta/connect
├ ƒ /api/onboarding/initial-store
├ ƒ /api/stores
├ ƒ /api/stores/[store]/[...resource]
├ ƒ /api/stores/[store]/tools/[...resource]
├ ƒ /api/team/[action]
├ ƒ /site/[locale]/[page]
├ ƒ /site/robots.txt
└ ƒ /site/sitemap.xml


ƒ Proxy (Middleware)

○  (Static)   prerendered as static content
ƒ  (Dynamic)  server-rendered on demand

Packaged standalone admin server and static assets.
=== RUN   TestBrowserAdsAttributionReport
--- PASS: TestBrowserAdsAttributionReport (85.13s)
=== RUN   TestBrowserAdsAttributionCheckout
--- PASS: TestBrowserAdsAttributionCheckout (31.95s)
PASS
ok  	livecommerce/tests/foundation	118.763s
PASS: AT5/AT9 real-click storefront and authenticated report against isolated PG/Go and production Next builds; Meta=MOCK only; no live/sandbox acceptance.
