
> live-commerce-workspace@ build:storefront /Volumes/data/live_commerce_architecture_v1/.worktrees/admin-visual
> pnpm --filter @live-commerce/storefront build


> @live-commerce/storefront@ build /Volumes/data/live_commerce_architecture_v1/.worktrees/admin-visual/apps/storefront
> next build

▲ Next.js 16.3.5 (Turbopack)
✓ Running next.config.ts took 132ms

  Creating an optimized production build ...
✓ Compiled successfully in 1069ms
  Running TypeScript ...
  Finished TypeScript in 297ms ...
  Collecting page data using 9 workers ...
  Generating static pages using 9 workers (0/2) ...
✓ Generating static pages using 9 workers (2/2) in 49ms
  Finalizing page optimization ...

Route (app)
┌ ƒ /
├ ○ /_not-found
├ ƒ /[locale]
├ ƒ /[locale]/cart
├ ƒ /[locale]/checkout
├ ƒ /[locale]/claim
├ ƒ /[locale]/collections
├ ƒ /[locale]/collections/[slug]
├ ƒ /[locale]/data-deletion
├ ƒ /[locale]/legal/[slug]
├ ƒ /[locale]/legal/anti-fraud
├ ƒ /[locale]/order-link
├ ƒ /[locale]/orders/[orderID]
├ ƒ /[locale]/orders/lookup
├ ƒ /[locale]/pages/[slug]
├ ƒ /[locale]/privacy
├ ƒ /[locale]/products
├ ƒ /[locale]/products/[slug]
├ ƒ /[locale]/search
├ ƒ /api/buyer/[...path]
├ ƒ /api/shop/product/[key]
├ ƒ /api/shop/products
├ ƒ /feeds/meta.csv
├ ƒ /media/c/[collectionID]/[imageID]
├ ƒ /media/p/[productID]/[imageID]
├ ƒ /media/s/[imageID]
├ ƒ /payment/return
├ ƒ /products/[productID]
├ ƒ /robots.txt
└ ƒ /sitemap.xml


ƒ Proxy (Middleware)

○  (Static)   prerendered as static content
ƒ  (Dynamic)  server-rendered on demand


> live-commerce-workspace@ build:admin /Volumes/data/live_commerce_architecture_v1/.worktrees/admin-visual
> pnpm --filter @live-commerce/admin build


> @live-commerce/admin@ build /Volumes/data/live_commerce_architecture_v1/.worktrees/admin-visual/apps/admin
> next build && node ../../scripts/dev/package-admin.mjs

▲ Next.js 16.3.5 (Turbopack)
✓ Running next.config.ts took 30ms

  Creating an optimized production build ...
✓ Compiled successfully in 1333ms
  Running TypeScript ...
  Finished TypeScript in 346ms ...
  Collecting page data using 9 workers ...
  Generating static pages using 9 workers (0/15) ...
  Generating static pages using 9 workers (3/15) 
  Generating static pages using 9 workers (7/15) 
  Generating static pages using 9 workers (11/15) 
✓ Generating static pages using 9 workers (15/15) in 115ms
  Finalizing page optimization ...

Route (app)
┌ ○ /_not-found
├ ƒ /[locale]
├ ƒ /[locale]/ads
├ ƒ /[locale]/ads/attribution
├ ƒ /[locale]/billing
├ ƒ /[locale]/collections
├ ƒ /[locale]/customers
├ ƒ /[locale]/customers/[customer]
├ ƒ /[locale]/design
├ ƒ /[locale]/finance
├ ƒ /[locale]/inventory
├ ƒ /[locale]/invite/[token]
├ ƒ /[locale]/orders
├ ƒ /[locale]/orders/cvs-print
├ ƒ /[locale]/orders/new
├ ƒ /[locale]/products
├ ƒ /[locale]/products/[product]
├ ƒ /[locale]/products/import
├ ƒ /[locale]/promotions
├ ƒ /[locale]/reset
├ ƒ /[locale]/settings
├ ƒ /[locale]/signup
├ ƒ /[locale]/studio
├ ƒ /[locale]/studio/claims
├ ƒ /[locale]/team
├ ƒ /api/ads/meta/callback
├ ƒ /api/ads/meta/connect
├ ƒ /api/auth/callback
├ ƒ /api/auth/login
├ ƒ /api/auth/logout
├ ƒ /api/auth/password/login
├ ƒ /api/auth/password/reset
├ ƒ /api/auth/password/signup
├ ƒ /api/auth/password/verify
├ ƒ /api/meta/callback
├ ƒ /api/meta/connect
├ ƒ /api/onboarding/initial-store
├ ƒ /api/stores
├ ƒ /api/stores/[store]/[...resource]
├ ƒ /api/stores/[store]/tools/[...resource]
├ ƒ /api/team/[action]
├ ƒ /site/[locale]/[page]
├ ƒ /site/robots.txt
└ ƒ /site/sitemap.xml


ƒ Proxy (Middleware)

○  (Static)   prerendered as static content
ƒ  (Dynamic)  server-rendered on demand

Packaged standalone admin server and static assets.
=== RUN   TestBrowserPromotions
    browser_promotions_test.go:231: BROWSER (MOCK IdP, bank_transfer) promotions gate passed: 4 cells (zh-TW/en x desktop/390px), 32 cases, DB readback exact; evidence=/Volumes/data/live_commerce_architecture_v1/.worktrees/admin-visual/output/playwright/promotions/20261005T111759.239411000
--- PASS: TestBrowserPromotions (22.47s)
PASS
ok  	livecommerce/tests/foundation	24.142s
PASS: promotions browser gate (BROWSER, MOCK IdP): the merchant creates a 10% code with a minimum spend in /promotions, an anonymous buyer adds 2 products in the new storefront, applies the code at checkout, sees the discount and places a bank_transfer order, the merchant order view and finance show the discounted amounts; invalid and below-minimum codes show their messages; zh-TW + en, desktop + 390px; PG readback of codes/orders/redemptions; Stripe SANDBOX and WebKit are NOT_RUN here.
