--- PASS: TestRemovePayuniNotifyRM01Schema (4.84s)
--- PASS: TestRemovePayuniNotifyRM02SeededDataBlocks (2.98s)
--- PASS: TestPlatformOperatorOP08SchemaAndExecuteMatrix (1.61s)
--- PASS: TestPlatformOperatorOP08LoginsRefusedAndOperatorRuns (0.46s)
--- PASS: TestPlatformOperatorOP04bStripeRecordsForSuspendedStore (5.56s)
--- PASS: TestPlatformOperatorOP04bMoneyDefinersDoNotReadSuspensionFlags (0.03s)
--- PASS: TestPlatformOperatorOP09CLIProcess (2.74s)
--- PASS: TestPlatformSettlement (14.29s)
--- PASS: TestPlatformStripePF01Schema (3.98s)
--- PASS: TestR2IntegrationUpgradeFromReleaseHead (5.78s)
--- PASS: TestPlatformSettlementPF15Resolve (16.24s)
--- PASS: TestStripeAuthorityIngressMatrix (20.60s)
--- PASS: TestStripeAuthorityRegistrarMatrix (11.37s)
--- PASS: TestStripeAuthorityLegacyPoolsRejectStripeRoles (2.00s)
--- PASS: TestStripeAuthorityIngressPositive (0.49s)
--- PASS: TestStripeAuthorityRegistrarPositive (0.34s)
--- PASS: TestStripeAuthorityPlatformPolicies (0.01s)
--- PASS: TestStripeSL02Schema (10.28s)
--- PASS: TestStripeRF12Guards (12.85s)
--- PASS: TestStripeRF03Schema (16.87s)
ok  	livecommerce/tests/foundation	135.193s
test-focused: top-level PASS=20 FAIL=0 SKIP=0 exit=0
EXIT=0
