✖ PR18 command refresh keeps epoch evidence while cursorless initial=0 (36.573083ms)
✖ PR18 command refresh keeps epoch evidence while cursorless initial=1 (6.803125ms)
✖ PR18 protected null history reserves capacity and never becomes numeric on overlap (4.753334ms)
ℹ tests 3
ℹ suites 0
ℹ pass 0
ℹ fail 3
ℹ cancelled 0
ℹ skipped 0
ℹ todo 0
ℹ duration_ms 1301.176167

✖ failing tests:

test at tests/admin/comment-stream-hooks.test.ts:458:28
✖ PR18 command refresh keeps epoch evidence while cursorless initial=0 (36.573083ms)
  AssertionError [ERR_ASSERTION]: Expected values to be strictly deep-equal:
  + actual - expected
  
    [
  +   '123_456',
      '999'
    ]
  
      at TestContext.<anonymous> (file:///Volumes/data/live_commerce_architecture_v1/.worktrees/lc-u2a-comment-stream/tests/admin/comment-stream-hooks.test.ts:463:10)
      at async Test.run (node:internal/test_runner/test:1208:7)
      at async startSubtestAfterBootstrap (node:internal/test_runner/harness:385:3) {
    generatedMessage: true,
    code: 'ERR_ASSERTION',
    actual: [ '123_456', '999' ],
    expected: [ '999' ],
    operator: 'deepStrictEqual',
    diff: 'simple'
  }

test at tests/admin/comment-stream-hooks.test.ts:458:28
✖ PR18 command refresh keeps epoch evidence while cursorless initial=1 (6.803125ms)
  AssertionError [ERR_ASSERTION]: Expected values to be strictly deep-equal:
  + actual - expected
  
    [
  +   '123_456',
      '999'
    ]
  
      at TestContext.<anonymous> (file:///Volumes/data/live_commerce_architecture_v1/.worktrees/lc-u2a-comment-stream/tests/admin/comment-stream-hooks.test.ts:463:10)
      at async Test.run (node:internal/test_runner/test:1208:7)
      at async Test.processPendingSubtests (node:internal/test_runner/test:831:7) {
    generatedMessage: true,
    code: 'ERR_ASSERTION',
    actual: [ '123_456', '999' ],
    expected: [ '999' ],
    operator: 'deepStrictEqual',
    diff: 'simple'
  }

test at tests/admin/comment-stream.test.ts:50:1
✖ PR18 protected null history reserves capacity and never becomes numeric on overlap (4.753334ms)
  AssertionError [ERR_ASSERTION]: Expected values to be strictly equal:
  
  950 !== 975
  
      at TestContext.<anonymous> (file:///Volumes/data/live_commerce_architecture_v1/.worktrees/lc-u2a-comment-stream/tests/admin/comment-stream.test.ts:56:49)
      at Test.runInAsyncScope (node:async_hooks:227:14)
      at Test.run (node:internal/test_runner/test:1201:25)
      at Test.start (node:internal/test_runner/test:1096:17)
      at startSubtestAfterBootstrap (node:internal/test_runner/harness:385:17) {
    generatedMessage: true,
    code: 'ERR_ASSERTION',
    actual: 950,
    expected: 975,
    operator: 'strictEqual',
    diff: 'simple'
  }
