✖ PR18 final expired older cursor keeps live buffer selection and polling (65.352375ms)
node:internal/modules/run_main:107
    triggerUncaughtException(
    ^

file:///Volumes/data/live_commerce_architecture_v1/.worktrees/lc-u2a-comment-stream/apps/admin/src/features/live/comment-receipt.ts:9
  constructor(
    private storage: StoragePort,
            ^^^^^^^^^^^^^^^^^^^^
    store: string,

SyntaxError [ERR_UNSUPPORTED_TYPESCRIPT_SYNTAX]: TypeScript parameter property is not supported in strip-only mode
    at parseTypeScript (node:internal/modules/typescript:68:40)
    at processTypeScriptCode (node:internal/modules/typescript:146:42)
    at stripTypeScriptModuleTypes (node:internal/modules/typescript:209:22)
    at ModuleLoader.<anonymous> (node:internal/modules/esm/translators:641:29)
    at #translate (node:internal/modules/esm/loader:451:20)
    at afterLoad (node:internal/modules/esm/loader:507:29)
    at ModuleLoader.loadAndTranslate (node:internal/modules/esm/loader:512:12)
    at #getOrCreateModuleJobAfterResolve (node:internal/modules/esm/loader:555:36)
    at afterResolve (node:internal/modules/esm/loader:603:52)
    at ModuleLoader.getOrCreateModuleJob (node:internal/modules/esm/loader:609:12) {
  code: 'ERR_UNSUPPORTED_TYPESCRIPT_SYNTAX'
}

Node.js v24.15.0
✖ tests/admin/comment-stream.test.ts (149.148792ms)
ℹ tests 2
ℹ suites 0
ℹ pass 0
ℹ fail 2
ℹ cancelled 0
ℹ skipped 0
ℹ todo 0
ℹ duration_ms 514.552833

✖ failing tests:

test at tests/admin/comment-stream-hooks.test.ts:386:1
✖ PR18 final expired older cursor keeps live buffer selection and polling (65.352375ms)
  AssertionError [ERR_ASSERTION]: Expected values to be strictly deep-equal:
  + actual - expected
  
  + []
  - [
  -   '123_456'
  - ]
  
      at TestContext.<anonymous> (file:///Volumes/data/live_commerce_architecture_v1/.worktrees/lc-u2a-comment-stream/tests/admin/comment-stream-hooks.test.ts:398:10)
      at async Test.run (node:internal/test_runner/test:1208:7)
      at async startSubtestAfterBootstrap (node:internal/test_runner/harness:385:3) {
    generatedMessage: true,
    code: 'ERR_ASSERTION',
    actual: [],
    expected: [ '123_456' ],
    operator: 'deepStrictEqual',
    diff: 'simple'
  }

test at tests/admin/comment-stream.test.ts:1:1
✖ tests/admin/comment-stream.test.ts (149.148792ms)
  'test failed'
