✖ PR18 seq coverage keeps older arrival with newer time and out-of-range rows (2.981291ms)
✖ PR18 seq coverage removes a missing numeric row despite its older created_at (0.225542ms)
✖ PR18 seq coverage never absence-deletes null history (0.172459ms)
✖ PR18 seq coverage treats epoch0 as an initialized cursor (0.083334ms)
ℹ tests 4
ℹ suites 0
ℹ pass 0
ℹ fail 4
ℹ cancelled 0
ℹ skipped 0
ℹ todo 0
ℹ duration_ms 86.911041

✖ failing tests:

test at tests/admin/comment-stream.test.ts:25:1
✖ PR18 seq coverage keeps older arrival with newer time and out-of-range rows (2.981291ms)
  AssertionError [ERR_ASSERTION]: The expression evaluated to a falsy value:
  
    assert.ok(refs.includes("1"))
  
      at TestContext.<anonymous> (file:///Volumes/data/live_commerce_architecture_v1/.worktrees/lc-u2a-comment-stream/tests/admin/comment-stream.test.ts:30:10)
      at Test.runInAsyncScope (node:async_hooks:227:14)
      at Test.run (node:internal/test_runner/test:1201:25)
      at Test.start (node:internal/test_runner/test:1096:17)
      at startSubtestAfterBootstrap (node:internal/test_runner/harness:385:17) {
    generatedMessage: true,
    code: 'ERR_ASSERTION',
    actual: false,
    expected: true,
    operator: '==',
    diff: 'simple'
  }

test at tests/admin/comment-stream.test.ts:34:1
✖ PR18 seq coverage removes a missing numeric row despite its older created_at (0.225542ms)
  AssertionError [ERR_ASSERTION]: Expected values to be strictly equal:
  
  true !== false
  
      at TestContext.<anonymous> (file:///Volumes/data/live_commerce_architecture_v1/.worktrees/lc-u2a-comment-stream/tests/admin/comment-stream.test.ts:37:10)
      at Test.runInAsyncScope (node:async_hooks:227:14)
      at Test.run (node:internal/test_runner/test:1201:25)
      at Test.processPendingSubtests (node:internal/test_runner/test:831:18)
      at Test.postRun (node:internal/test_runner/test:1330:19)
      at Test.run (node:internal/test_runner/test:1258:12)
      at async startSubtestAfterBootstrap (node:internal/test_runner/harness:385:3) {
    generatedMessage: true,
    code: 'ERR_ASSERTION',
    actual: true,
    expected: false,
    operator: 'strictEqual',
    diff: 'simple'
  }

test at tests/admin/comment-stream.test.ts:39:1
✖ PR18 seq coverage never absence-deletes null history (0.172459ms)
  AssertionError [ERR_ASSERTION]: The expression evaluated to a falsy value:
  
    assert.ok(applyCommentPage(old,deletionPage([live]),false,true).items.some(r=>r.ref===history.ref))
  
      at TestContext.<anonymous> (file:///Volumes/data/live_commerce_architecture_v1/.worktrees/lc-u2a-comment-stream/tests/admin/comment-stream.test.ts:43:10)
      at Test.runInAsyncScope (node:async_hooks:227:14)
      at Test.run (node:internal/test_runner/test:1201:25)
      at Test.processPendingSubtests (node:internal/test_runner/test:831:18)
      at Test.postRun (node:internal/test_runner/test:1330:19)
      at Test.run (node:internal/test_runner/test:1258:12)
      at async Test.processPendingSubtests (node:internal/test_runner/test:831:7) {
    generatedMessage: true,
    code: 'ERR_ASSERTION',
    actual: false,
    expected: true,
    operator: '==',
    diff: 'simple'
  }

test at tests/admin/comment-stream.test.ts:45:1
✖ PR18 seq coverage treats epoch0 as an initialized cursor (0.083334ms)
  AssertionError [ERR_ASSERTION]: Expected values to be strictly equal:
  
  false !== true
  
      at TestContext.<anonymous> (file:///Volumes/data/live_commerce_architecture_v1/.worktrees/lc-u2a-comment-stream/tests/admin/comment-stream.test.ts:48:10)
      at Test.runInAsyncScope (node:async_hooks:227:14)
      at Test.run (node:internal/test_runner/test:1201:25)
      at Test.processPendingSubtests (node:internal/test_runner/test:831:18)
      at Test.postRun (node:internal/test_runner/test:1330:19)
      at Test.run (node:internal/test_runner/test:1258:12)
      at async Test.processPendingSubtests (node:internal/test_runner/test:831:7) {
    generatedMessage: true,
    code: 'ERR_ASSERTION',
    actual: false,
    expected: true,
    operator: 'strictEqual',
    diff: 'simple'
  }
