=== RUN   TestOperationsQueueProofThenRetryNeverDoublesEffect
--- PASS: TestOperationsQueueProofThenRetryNeverDoublesEffect (5.53s)
=== RUN   TestOperationsQueueAppliedEffectIsNeverRetried
--- PASS: TestOperationsQueueAppliedEffectIsNeverRetried (3.34s)
=== RUN   TestOperationsQueueConcurrentActionsYieldOneEffect
--- PASS: TestOperationsQueueConcurrentActionsYieldOneEffect (0.25s)
=== RUN   TestOperationsQueueCancelRacesDispatchClaim
--- PASS: TestOperationsQueueCancelRacesDispatchClaim (0.12s)
=== RUN   TestOperationsQueueListIsStoreScopedAndFiltered
--- PASS: TestOperationsQueueListIsStoreScopedAndFiltered (0.14s)
=== RUN   TestOperationsQueuePaging
--- PASS: TestOperationsQueuePaging (0.10s)
=== RUN   TestOperationsQueueDTOHasExactKeysAndNoSecrets
--- PASS: TestOperationsQueueDTOHasExactKeysAndNoSecrets (0.05s)
=== RUN   TestOperationsQueueObjectMapping
--- PASS: TestOperationsQueueObjectMapping (0.13s)
=== RUN   TestOperationsQueueCancelRules
--- PASS: TestOperationsQueueCancelRules (0.20s)
=== RUN   TestOperationsQueueQueryRules
--- PASS: TestOperationsQueueQueryRules (0.24s)
=== RUN   TestOperationsQueueAdsLaneIsReadAndCancelOnly
--- PASS: TestOperationsQueueAdsLaneIsReadAndCancelOnly (0.15s)
=== RUN   TestOperationsQueueProtectiveOperationsCannotBeCancelled
--- PASS: TestOperationsQueueProtectiveOperationsCannotBeCancelled (0.34s)
=== RUN   TestOperationsQueueQueryHardCap
    operations_queue_test.go:463: 6th query: 409 {"code":"query_too_soon","message":"A status check was already requested in the last minute.","request_id":"aeae93c2a86803c5d6666263c79886ce","retryable":false,"details":{}}
        , want 429 query_limit (the cap wins over the 60 s spacing)
--- FAIL: TestOperationsQueueQueryHardCap (0.06s)
=== RUN   TestOperationsQueueSQLDTOHasExactKeys
--- PASS: TestOperationsQueueSQLDTOHasExactKeys (0.05s)
=== RUN   TestOperationsQueueRetryRules
--- PASS: TestOperationsQueueRetryRules (0.35s)
=== RUN   TestOperationsQueueSQLFences
--- PASS: TestOperationsQueueSQLFences (0.08s)
FAIL
FAIL	livecommerce/tests/foundation	11.870s
FAIL
test-focused: top-level PASS=15 FAIL=1 SKIP=0 exit=1
