Merge made by the 'ort' strategy.
 .github/workflows/deploy-smoke.yml                 |   10 +-
 .github/workflows/foundation.yml                   |    7 +-
 .github/workflows/gates.yml                        |   45 +-
 docs/delivery/GATES.md                             |   12 +
 docs/engineering/dependency-map.md                 |    8 +
 internal/platform/platform.go                      |   50 +-
 internal/platform/scope_recheck_test.go            |   26 +
 output/ci-contract-drift/DELIVERY.md               |  115 +
 output/ci-contract-drift/evidence.json             |  206 +
 .../ci-contract-drift/review-round1-evidence.json  |  347 +
 .../review-round1/bff-delete-red.json              |   63 +
 .../review-round1/bff-delete-restored-green.json   |    1 +
 .../review-round1/decorator-proof-green.log        |   34 +
 .../review-round1/decorator-proof-red.log          |   13 +
 .../ci-contract-drift/review-round1/go-final.log   |  119 +
 .../review-round1/go-final.status.json             |   25 +
 .../review-round1/hunk-spoof-red.json              |   37 +
 .../review-round1/hunk-spoof-restored-green.json   |    1 +
 .../review-round1/methodless-red.json              |   28 +
 .../review-round1/methodless-restored-green.json   |    1 +
 .../review-round1/node-final.status.json           |   20 +
 .../review-round1/parent-extra-green-final.log     |   14 +
 .../ci-contract-drift/review-round1/parent-red.log |   22 +
 .../review-round1/real-mutations.json              |  145 +
 .../ci-contract-drift/review-round1/red-alias.log  |   14 +
 .../ci-contract-drift/review-round1/red-colon.log  |    7 +
 .../review-round1/red-methodless.log               |    7 +
 .../ci-contract-drift/review-round1/red-suffix.log |    7 +
 .../review-round1/static-final.status.json         |   21 +
 .../review-round1/tsc-final.status.json            |   26 +
 .../ci-contract-drift/review-round1b-evidence.json |  488 ++
 .../before-import-fix-real-alias-mutations.json    |   28 +
 .../review-round1b/bff-transport-sinks-red.log     |   84 +
 .../review-round1b/config-reference-red.log        |   11 +
 .../review-round1b/deletion-identity-red.log       |    8 +
 .../review-round1b/followup-c4-red.log             |   59 +
 .../review-round1b/global-namespace-red.log        |   10 +
 .../review-round1b/go-round1b-final.log            |  277 +
 .../review-round1b/go-round1b-final.status.json    |   25 +
 .../review-round1b/go-unknown-tail-red.log         |   31 +
 .../review-round1b/modes-list.txt                  |   83 +
 .../review-round1b/node-round1b-final.status.json  |   20 +
 .../review-round1b/node-round1b-final.summary.log  |  171 +
 .../review-round1b/origin-object-red.log           |    6 +
 .../ci-contract-drift/review-round1b/pr-modes.json |    1 +
 .../review-round1b/raw-diff-and-deletion-red.log   |   50 +
 .../review-round1b/real-alias-mutations.json       |  266 +
 .../review-round1b/red-log-index.json              |   67 +
 .../static-round1b-final.status.json               |   21 +
 .../static-round1b-final.summary.log               |   96 +
 .../review-round1b/tsc-round1b-final.log           |    0
 .../review-round1b/tsc-round1b-final.status.json   |   26 +
 .../review-round1b/type-value-dual-red.log         |    6 +
 output/scope-revoke-404/DELIVERY.md                |  162 +
 output/scope-revoke-404/browser-live-console-1.log |  102 +
 output/scope-revoke-404/browser-live-console-2.log |  102 +
 output/scope-revoke-404/r1-focused.log             |  530 ++
 output/scope-revoke-404/r1-green-platform-vet.log  |   13 +
 .../scope-revoke-404/r1-green-support-revoke.log   |    5 +
 .../scope-revoke-404/r1-mutation-red-recheck.log   |    7 +
 output/scope-revoke-404/r1-red-support-revoke.log  |    7 +
 output/scope-revoke-404/red-integrator.log         |    7 +
 scripts/dev/check-gates.sh                         |    7 +-
 scripts/dev/contractdrift/baseline.json            | 6835 ++++++++++++++++++++
 scripts/dev/contractdrift/bff.go                   |  484 ++
 scripts/dev/contractdrift/bff_adapters.go          |  492 ++
 scripts/dev/contractdrift/bff_buyer.go             |  377 ++
 scripts/dev/contractdrift/bff_graph.go             |  509 ++
 scripts/dev/contractdrift/bff_regex.go             |   94 +
 .../dev/contractdrift/bff_review_r1b_cli_test.go   |  411 ++
 scripts/dev/contractdrift/bff_sinks.go             |  250 +
 scripts/dev/contractdrift/bff_test.go              |  303 +
 scripts/dev/contractdrift/bff_ts.go                |  416 ++
 scripts/dev/contractdrift/bff_values.go            |  267 +
 scripts/dev/contractdrift/contracts.go             |  197 +
 scripts/dev/contractdrift/git.go                   |  247 +
 scripts/dev/contractdrift/go_eval.go               |  319 +
 scripts/dev/contractdrift/go_extract.go            |  330 +
 scripts/dev/contractdrift/go_extract_test.go       |  437 ++
 scripts/dev/contractdrift/go_fallback.go           |  255 +
 scripts/dev/contractdrift/go_opaque.go             |  196 +
 scripts/dev/contractdrift/go_review_cli_test.go    |  216 +
 .../dev/contractdrift/go_review_r1b_cli_test.go    |   70 +
 scripts/dev/contractdrift/go_walk.go               |  454 ++
 scripts/dev/contractdrift/main.go                  |  237 +
 scripts/dev/contractdrift/main_test.go             |  150 +
 scripts/dev/contractdrift/ratchet.go               |  246 +
 scripts/dev/contractdrift/ratchet_test.go          |  283 +
 .../review_global_namespace_cli_test.go            |   43 +
 .../contractdrift/review_r1b_ratchet_cli_test.go   |  138 +
 .../dev/contractdrift/review_ratchet_cli_test.go   |  182 +
 scripts/dev/contractdrift/snapshot.go              |   99 +
 .../app/api/stores/[store]/[...resource]/route.ts  |    7 +
 .../testdata/aligned/contracts/test-openapi.json   |    8 +
 .../testdata/aligned/contracts/test.md             |    2 +
 .../testdata/aligned/internal/httpapi/routes.go    |   16 +
 .../app/api/stores/[store]/[...resource]/route.ts  |    7 +
 .../testdata/drift/contracts/test-openapi.json     |   14 +
 .../contractdrift/testdata/drift/contracts/test.md |    2 +
 .../testdata/drift/internal/httpapi/routes.go      |   17 +
 .../app/api/stores/[store]/[...resource]/route.ts  |    7 +
 .../unresolved/contracts/test-openapi.json         |    8 +
 .../testdata/unresolved/contracts/test.md          |    2 +
 .../testdata/unresolved/internal/httpapi/routes.go |   16 +
 scripts/dev/contractdrift/types.go                 |   54 +
 tests/foundation/scope_revoke_race_test.go         |  126 +
 106 files changed, 19006 insertions(+), 24 deletions(-)
 create mode 100644 internal/platform/scope_recheck_test.go
 create mode 100644 output/ci-contract-drift/DELIVERY.md
 create mode 100644 output/ci-contract-drift/evidence.json
 create mode 100644 output/ci-contract-drift/review-round1-evidence.json
 create mode 100644 output/ci-contract-drift/review-round1/bff-delete-red.json
 create mode 100644 output/ci-contract-drift/review-round1/bff-delete-restored-green.json
 create mode 100644 output/ci-contract-drift/review-round1/decorator-proof-green.log
 create mode 100644 output/ci-contract-drift/review-round1/decorator-proof-red.log
 create mode 100644 output/ci-contract-drift/review-round1/go-final.log
 create mode 100644 output/ci-contract-drift/review-round1/go-final.status.json
 create mode 100644 output/ci-contract-drift/review-round1/hunk-spoof-red.json
 create mode 100644 output/ci-contract-drift/review-round1/hunk-spoof-restored-green.json
 create mode 100644 output/ci-contract-drift/review-round1/methodless-red.json
 create mode 100644 output/ci-contract-drift/review-round1/methodless-restored-green.json
 create mode 100644 output/ci-contract-drift/review-round1/node-final.status.json
 create mode 100644 output/ci-contract-drift/review-round1/parent-extra-green-final.log
 create mode 100644 output/ci-contract-drift/review-round1/parent-red.log
 create mode 100644 output/ci-contract-drift/review-round1/real-mutations.json
 create mode 100644 output/ci-contract-drift/review-round1/red-alias.log
 create mode 100644 output/ci-contract-drift/review-round1/red-colon.log
 create mode 100644 output/ci-contract-drift/review-round1/red-methodless.log
 create mode 100644 output/ci-contract-drift/review-round1/red-suffix.log
 create mode 100644 output/ci-contract-drift/review-round1/static-final.status.json
 create mode 100644 output/ci-contract-drift/review-round1/tsc-final.status.json
 create mode 100644 output/ci-contract-drift/review-round1b-evidence.json
 create mode 100644 output/ci-contract-drift/review-round1b/before-import-fix-real-alias-mutations.json
 create mode 100644 output/ci-contract-drift/review-round1b/bff-transport-sinks-red.log
 create mode 100644 output/ci-contract-drift/review-round1b/config-reference-red.log
 create mode 100644 output/ci-contract-drift/review-round1b/deletion-identity-red.log
 create mode 100644 output/ci-contract-drift/review-round1b/followup-c4-red.log
 create mode 100644 output/ci-contract-drift/review-round1b/global-namespace-red.log
 create mode 100644 output/ci-contract-drift/review-round1b/go-round1b-final.log
 create mode 100644 output/ci-contract-drift/review-round1b/go-round1b-final.status.json
 create mode 100644 output/ci-contract-drift/review-round1b/go-unknown-tail-red.log
 create mode 100644 output/ci-contract-drift/review-round1b/modes-list.txt
 create mode 100644 output/ci-contract-drift/review-round1b/node-round1b-final.status.json
 create mode 100644 output/ci-contract-drift/review-round1b/node-round1b-final.summary.log
 create mode 100644 output/ci-contract-drift/review-round1b/origin-object-red.log
 create mode 100644 output/ci-contract-drift/review-round1b/pr-modes.json
 create mode 100644 output/ci-contract-drift/review-round1b/raw-diff-and-deletion-red.log
 create mode 100644 output/ci-contract-drift/review-round1b/real-alias-mutations.json
 create mode 100644 output/ci-contract-drift/review-round1b/red-log-index.json
 create mode 100644 output/ci-contract-drift/review-round1b/static-round1b-final.status.json
 create mode 100644 output/ci-contract-drift/review-round1b/static-round1b-final.summary.log
 create mode 100644 output/ci-contract-drift/review-round1b/tsc-round1b-final.log
 create mode 100644 output/ci-contract-drift/review-round1b/tsc-round1b-final.status.json
 create mode 100644 output/ci-contract-drift/review-round1b/type-value-dual-red.log
 create mode 100644 output/scope-revoke-404/DELIVERY.md
 create mode 100644 output/scope-revoke-404/browser-live-console-1.log
 create mode 100644 output/scope-revoke-404/browser-live-console-2.log
 create mode 100644 output/scope-revoke-404/r1-focused.log
 create mode 100644 output/scope-revoke-404/r1-green-platform-vet.log
 create mode 100644 output/scope-revoke-404/r1-green-support-revoke.log
 create mode 100644 output/scope-revoke-404/r1-mutation-red-recheck.log
 create mode 100644 output/scope-revoke-404/r1-red-support-revoke.log
 create mode 100644 output/scope-revoke-404/red-integrator.log
 create mode 100644 scripts/dev/contractdrift/baseline.json
 create mode 100644 scripts/dev/contractdrift/bff.go
 create mode 100644 scripts/dev/contractdrift/bff_adapters.go
 create mode 100644 scripts/dev/contractdrift/bff_buyer.go
 create mode 100644 scripts/dev/contractdrift/bff_graph.go
 create mode 100644 scripts/dev/contractdrift/bff_regex.go
 create mode 100644 scripts/dev/contractdrift/bff_review_r1b_cli_test.go
 create mode 100644 scripts/dev/contractdrift/bff_sinks.go
 create mode 100644 scripts/dev/contractdrift/bff_test.go
 create mode 100644 scripts/dev/contractdrift/bff_ts.go
 create mode 100644 scripts/dev/contractdrift/bff_values.go
 create mode 100644 scripts/dev/contractdrift/contracts.go
 create mode 100644 scripts/dev/contractdrift/git.go
 create mode 100644 scripts/dev/contractdrift/go_eval.go
 create mode 100644 scripts/dev/contractdrift/go_extract.go
 create mode 100644 scripts/dev/contractdrift/go_extract_test.go
 create mode 100644 scripts/dev/contractdrift/go_fallback.go
 create mode 100644 scripts/dev/contractdrift/go_opaque.go
 create mode 100644 scripts/dev/contractdrift/go_review_cli_test.go
 create mode 100644 scripts/dev/contractdrift/go_review_r1b_cli_test.go
 create mode 100644 scripts/dev/contractdrift/go_walk.go
 create mode 100644 scripts/dev/contractdrift/main.go
 create mode 100644 scripts/dev/contractdrift/main_test.go
 create mode 100644 scripts/dev/contractdrift/ratchet.go
 create mode 100644 scripts/dev/contractdrift/ratchet_test.go
 create mode 100644 scripts/dev/contractdrift/review_global_namespace_cli_test.go
 create mode 100644 scripts/dev/contractdrift/review_r1b_ratchet_cli_test.go
 create mode 100644 scripts/dev/contractdrift/review_ratchet_cli_test.go
 create mode 100644 scripts/dev/contractdrift/snapshot.go
 create mode 100644 scripts/dev/contractdrift/testdata/aligned/apps/admin/app/api/stores/[store]/[...resource]/route.ts
 create mode 100644 scripts/dev/contractdrift/testdata/aligned/contracts/test-openapi.json
 create mode 100644 scripts/dev/contractdrift/testdata/aligned/contracts/test.md
 create mode 100644 scripts/dev/contractdrift/testdata/aligned/internal/httpapi/routes.go
 create mode 100644 scripts/dev/contractdrift/testdata/drift/apps/admin/app/api/stores/[store]/[...resource]/route.ts
 create mode 100644 scripts/dev/contractdrift/testdata/drift/contracts/test-openapi.json
 create mode 100644 scripts/dev/contractdrift/testdata/drift/contracts/test.md
 create mode 100644 scripts/dev/contractdrift/testdata/drift/internal/httpapi/routes.go
 create mode 100644 scripts/dev/contractdrift/testdata/unresolved/apps/admin/app/api/stores/[store]/[...resource]/route.ts
 create mode 100644 scripts/dev/contractdrift/testdata/unresolved/contracts/test-openapi.json
 create mode 100644 scripts/dev/contractdrift/testdata/unresolved/contracts/test.md
 create mode 100644 scripts/dev/contractdrift/testdata/unresolved/internal/httpapi/routes.go
 create mode 100644 scripts/dev/contractdrift/types.go
 create mode 100644 tests/foundation/scope_revoke_race_test.go
