✔ destructive / irreversible / sign-out classification (owner list, en + zh) (3.155833ms)
✔ alike controls (rows with ids / numbers) share one class key (1.409042ms)
✔ known defects classify, never silence: stale entries are reported (2.177792ms)
✔ the markdown ledger has one row per interaction and names the verdict (0.658541ms)
✔ protocolHrefOK accepts well-formed tel:/mailto: and rejects malformed ones (0.839ms)
ℹ tests 5
ℹ suites 0
ℹ pass 5
ℹ fail 0
ℹ cancelled 0
ℹ skipped 0
ℹ todo 0
ℹ duration_ms 101.958

> live-commerce-workspace@ build:storefront /Volumes/data/live_commerce_architecture_v1/.worktrees/product-editor-visual
> pnpm --filter @live-commerce/storefront build


> @live-commerce/storefront@ build /Volumes/data/live_commerce_architecture_v1/.worktrees/product-editor-visual/apps/storefront
> next build

▲ Next.js 16.3.5 (Turbopack)
✓ Running next.config.ts took 164ms

  Creating an optimized production build ...
✓ Compiled successfully in 869ms
  Running TypeScript ...
  Finished TypeScript in 438ms ...
  Collecting page data using 9 workers ...
  Generating static pages using 9 workers (0/2) ...
✓ Generating static pages using 9 workers (2/2) in 48ms
  Finalizing page optimization ...

Route (app)
┌ ƒ /
├ ○ /_not-found
├ ƒ /[locale]
├ ƒ /[locale]/cart
├ ƒ /[locale]/checkout
├ ƒ /[locale]/claim
├ ƒ /[locale]/collections
├ ƒ /[locale]/collections/[slug]
├ ƒ /[locale]/data-deletion
├ ƒ /[locale]/legal/[slug]
├ ƒ /[locale]/legal/anti-fraud
├ ƒ /[locale]/order-link
├ ƒ /[locale]/orders/[orderID]
├ ƒ /[locale]/orders/lookup
├ ƒ /[locale]/pages/[slug]
├ ƒ /[locale]/privacy
├ ƒ /[locale]/products
├ ƒ /[locale]/products/[slug]
├ ƒ /[locale]/search
├ ƒ /api/buyer/[...path]
├ ƒ /api/shop/product/[key]
├ ƒ /api/shop/products
├ ƒ /feeds/meta.csv
├ ƒ /media/c/[collectionID]/[imageID]
├ ƒ /media/p/[productID]/[imageID]
├ ƒ /media/s/[imageID]
├ ƒ /payment/return
├ ƒ /products/[productID]
├ ƒ /robots.txt
└ ƒ /sitemap.xml


ƒ Proxy (Middleware)

○  (Static)   prerendered as static content
ƒ  (Dynamic)  server-rendered on demand


> live-commerce-workspace@ build:admin /Volumes/data/live_commerce_architecture_v1/.worktrees/product-editor-visual
> pnpm --filter @live-commerce/admin build


> @live-commerce/admin@ build /Volumes/data/live_commerce_architecture_v1/.worktrees/product-editor-visual/apps/admin
> next build && node ../../scripts/dev/package-admin.mjs

▲ Next.js 16.3.5 (Turbopack)
✓ Running next.config.ts took 23ms

  Creating an optimized production build ...
✓ Compiled successfully in 1058ms
  Running TypeScript ...
  Finished TypeScript in 222ms ...
  Collecting page data using 9 workers ...
  Generating static pages using 9 workers (0/15) ...
  Generating static pages using 9 workers (3/15) 
  Generating static pages using 9 workers (7/15) 
  Generating static pages using 9 workers (11/15) 
✓ Generating static pages using 9 workers (15/15) in 131ms
  Finalizing page optimization ...

Route (app)
┌ ○ /_not-found
├ ƒ /[locale]
├ ƒ /[locale]/ads
├ ƒ /[locale]/ads/attribution
├ ƒ /[locale]/billing
├ ƒ /[locale]/collections
├ ƒ /[locale]/customers
├ ƒ /[locale]/customers/[customer]
├ ƒ /[locale]/design
├ ƒ /[locale]/finance
├ ƒ /[locale]/inventory
├ ƒ /[locale]/invite/[token]
├ ƒ /[locale]/orders
├ ƒ /[locale]/orders/cvs-print
├ ƒ /[locale]/orders/new
├ ƒ /[locale]/products
├ ƒ /[locale]/products/[product]
├ ƒ /[locale]/products/import
├ ƒ /[locale]/promotions
├ ƒ /[locale]/reset
├ ƒ /[locale]/settings
├ ƒ /[locale]/signup
├ ƒ /[locale]/studio
├ ƒ /[locale]/studio/claims
├ ƒ /[locale]/team
├ ƒ /api/ads/meta/callback
├ ƒ /api/ads/meta/connect
├ ƒ /api/auth/callback
├ ƒ /api/auth/login
├ ƒ /api/auth/logout
├ ƒ /api/auth/password/login
├ ƒ /api/auth/password/reset
├ ƒ /api/auth/password/signup
├ ƒ /api/auth/password/verify
├ ƒ /api/meta/callback
├ ƒ /api/meta/connect
├ ƒ /api/onboarding/initial-store
├ ƒ /api/stores
├ ƒ /api/stores/[store]/[...resource]
├ ƒ /api/stores/[store]/tools/[...resource]
├ ƒ /api/team/[action]
├ ƒ /site/[locale]/[page]
├ ƒ /site/robots.txt
└ ƒ /site/sitemap.xml


ƒ Proxy (Middleware)

○  (Static)   prerendered as static content
ƒ  (Dynamic)  server-rendered on demand

Packaged standalone admin server and static assets.
=== RUN   TestBrowserClickSweep
    browser_click_sweep_test.go:475: click sweep FAILED (exit: exit status 1); the ledger and the failing controls are in /Volumes/data/live_commerce_architecture_v1/.worktrees/product-editor-visual/output/ui-click-sweep (ledger.md, DEFECTS in the runner log /Volumes/data/live_commerce_architecture_v1/.worktrees/product-editor-visual/output/playwright/click-sweep/20261005T045512.358592000/click-sweep.mjs.log)
--- FAIL: TestBrowserClickSweep (146.01s)
FAIL
FAIL	livecommerce/tests/foundation	146.684s
FAIL

EXIT_CODE=1
