
> live-commerce-workspace@ build:admin /Volumes/data/live_commerce_architecture_v1/.worktrees/store-domains-ui
> pnpm --filter @live-commerce/admin build


> @live-commerce/admin@ build /Volumes/data/live_commerce_architecture_v1/.worktrees/store-domains-ui/apps/admin
> next build && node ../../scripts/dev/package-admin.mjs

▲ Next.js 16.3.5 (Turbopack)
✓ Running next.config.ts took 153ms

  Creating an optimized production build ...
✓ Compiled successfully in 1132ms
  Running TypeScript ...
  Finished TypeScript in 254ms ...
  Collecting page data using 9 workers ...
  Generating static pages using 9 workers (0/16) ...
  Generating static pages using 9 workers (4/16)
  Generating static pages using 9 workers (8/16)
  Generating static pages using 9 workers (12/16)
✓ Generating static pages using 9 workers (16/16) in 78ms
  Finalizing page optimization ...

Route (app)
┌ ○ /_not-found
├ ƒ /[locale]
├ ƒ /[locale]/ads
├ ƒ /[locale]/billing
├ ƒ /[locale]/collections
├ ƒ /[locale]/customers
├ ƒ /[locale]/customers/[customer]
├ ƒ /[locale]/design
├ ƒ /[locale]/finance
├ ƒ /[locale]/inventory
├ ƒ /[locale]/invite/[token]
├ ƒ /[locale]/orders
├ ƒ /[locale]/orders/cvs-print
├ ƒ /[locale]/orders/new
├ ƒ /[locale]/products
├ ƒ /[locale]/products/[product]
├ ƒ /[locale]/products/import
├ ƒ /[locale]/promotions
├ ƒ /[locale]/reset
├ ƒ /[locale]/settings
├ ƒ /[locale]/signup
├ ƒ /[locale]/studio
├ ƒ /[locale]/studio/claims
├ ƒ /[locale]/team
├ ƒ /api/ads/meta/callback
├ ƒ /api/ads/meta/connect
├ ƒ /api/auth/callback
├ ƒ /api/auth/login
├ ƒ /api/auth/logout
├ ƒ /api/auth/password/login
├ ƒ /api/auth/password/reset
├ ƒ /api/auth/password/signup
├ ƒ /api/auth/password/verify
├ ƒ /api/meta/callback
├ ƒ /api/meta/connect
├ ƒ /api/onboarding/handle-suggest
├ ƒ /api/onboarding/initial-store
├ ƒ /api/stores
├ ƒ /api/stores/[store]/[...resource]
├ ƒ /api/stores/[store]/tools/[...resource]
└ ƒ /api/team/[action]


ƒ Proxy (Middleware)

○  (Static)   prerendered as static content
ƒ  (Dynamic)  server-rendered on demand

Packaged standalone admin server and static assets.
=== RUN   TestMerchantAccountAPIProcessRestart
    account_process_test.go:235: PASS: actual API PIDs 76505 -> 76506, same isolated PG and key config; evidence=/Volumes/data/live_commerce_architecture_v1/.worktrees/store-domains-ui/output/playwright/account-process-20261002T111736.799622000
--- PASS: TestMerchantAccountAPIProcessRestart (6.16s)
=== RUN   TestBrowserIdentityRealChain
    browser_identity_chain_test.go:143: Go transport POST /v1/identity/login/start -> 200
    browser_identity_chain_test.go:143: Go transport POST /v1/identity/login/complete -> 200
    browser_identity_chain_test.go:143: Go transport GET /v1/admin/stores -> 200
    browser_identity_chain_test.go:143: Go transport GET /v1/admin/stores -> 200
    browser_identity_chain_test.go:143: Go transport POST /v1/identity/initial-store -> 200
    browser_identity_chain_test.go:143: Go transport POST /v1/identity/initial-store -> 200
    browser_identity_chain_test.go:143: Go transport POST /v1/identity/initial-store -> 409
    browser_identity_chain_test.go:143: Go transport GET /v1/admin/stores -> 200
    browser_identity_chain_test.go:143: Go transport GET /v1/admin/stores -> 200
    browser_identity_chain_test.go:143: Go transport GET /v1/admin/stores -> 200
    browser_identity_chain_test.go:143: Go transport GET /v1/admin/stores -> 200
    browser_identity_chain_test.go:143: Go transport GET /v1/admin/stores -> 200
    browser_identity_chain_test.go:143: Go transport GET /v1/admin/stores -> 200
    browser_identity_chain_test.go:143: Go transport GET /v1/admin/stores -> 200
    browser_identity_chain_test.go:143: Go transport GET /v1/admin/stores -> 200
    browser_identity_chain_test.go:143: Go transport GET /v1/admin/stores/e940b910-2ecd-4bbe-9db6-365510fc5205/warehouses -> 200
    browser_identity_chain_test.go:143: Go transport GET /v1/admin/stores/e940b910-2ecd-4bbe-9db6-365510fc5205/billing/standing -> 200
    browser_identity_chain_test.go:143: Go transport GET /v1/admin/stores -> 200
    browser_identity_chain_test.go:143: Go transport GET /v1/admin/stores/e940b910-2ecd-4bbe-9db6-365510fc5205/catalog-ledger -> 200
    browser_identity_chain_test.go:143: Go transport GET /v1/admin/stores -> 200
    browser_identity_chain_test.go:143: Go transport GET /v1/admin/stores/e940b910-2ecd-4bbe-9db6-365510fc5205/warehouses -> 200
    browser_identity_chain_test.go:143: Go transport GET /v1/admin/stores/e940b910-2ecd-4bbe-9db6-365510fc5205/dashboard -> 200
    browser_identity_chain_test.go:143: Go transport GET /v1/admin/stores -> 200
    browser_identity_chain_test.go:143: Go transport GET /v1/admin/stores -> 200
    browser_identity_chain_test.go:143: Go transport GET /v1/admin/stores/e940b910-2ecd-4bbe-9db6-365510fc5205/provider-accounts -> 200
    browser_identity_chain_test.go:143: Go transport GET /v1/admin/stores -> 200
    browser_identity_chain_test.go:143: Go transport GET /v1/admin/stores -> 200
    browser_identity_chain_test.go:143: Go transport POST /v1/admin/stores/e940b910-2ecd-4bbe-9db6-365510fc5205/provider-accounts -> 200
    browser_identity_chain_test.go:143: Go transport GET /v1/admin/stores -> 200
    browser_identity_chain_test.go:143: Go transport POST /v1/admin/stores/e940b910-2ecd-4bbe-9db6-365510fc5205/provider-accounts -> 200
    browser_identity_chain_test.go:143: Go transport GET /v1/admin/stores -> 200
    browser_identity_chain_test.go:143: Go transport POST /v1/admin/stores/e940b910-2ecd-4bbe-9db6-365510fc5205/provider-accounts -> 409
    browser_identity_chain_test.go:143: Go transport GET /v1/admin/stores -> 200
    browser_identity_chain_test.go:143: Go transport GET /v1/admin/stores/e940b910-2ecd-4bbe-9db6-365510fc5205/provider-accounts/d5092743-643a-4265-9475-a5f6b731d604 -> 200
    browser_identity_chain_test.go:143: Go transport GET /v1/admin/stores -> 200
    browser_identity_chain_test.go:143: Go transport POST /v1/admin/stores/e940b910-2ecd-4bbe-9db6-365510fc5205/provider-accounts/d5092743-643a-4265-9475-a5f6b731d604/rotate -> 200
    browser_identity_chain_test.go:143: Go transport GET /v1/admin/stores -> 200
    browser_identity_chain_test.go:143: Go transport POST /v1/admin/stores/e940b910-2ecd-4bbe-9db6-365510fc5205/provider-accounts/d5092743-643a-4265-9475-a5f6b731d604/rotate -> 200
    browser_identity_chain_test.go:143: Go transport GET /v1/admin/stores -> 200
    browser_identity_chain_test.go:143: Go transport POST /v1/admin/stores/e940b910-2ecd-4bbe-9db6-365510fc5205/provider-accounts/d5092743-643a-4265-9475-a5f6b731d604/rotate -> 409
    browser_identity_chain_test.go:143: Go transport GET /v1/admin/stores -> 200
    browser_identity_chain_test.go:143: Go transport GET /v1/admin/stores/e940b910-2ecd-4bbe-9db6-365510fc5205/provider-accounts -> 200
    browser_identity_chain_test.go:143: Go transport GET /v1/admin/stores -> 200
    browser_identity_chain_test.go:143: Go transport GET /v1/admin/stores/e940b910-2ecd-4bbe-9db6-365510fc5205/provider-accounts -> 422
    browser_identity_chain_test.go:143: Go transport GET /v1/admin/stores -> 200
    browser_identity_chain_test.go:143: Go transport GET /v1/admin/stores -> 200
    browser_identity_chain_test.go:143: Go transport POST /v1/admin/stores/e940b910-2ecd-4bbe-9db6-365510fc5205/provider-accounts -> 200
    browser_identity_chain_test.go:143: Go transport GET /v1/admin/stores -> 200
    browser_identity_chain_test.go:143: Go transport PUT /v1/admin/stores/e940b910-2ecd-4bbe-9db6-365510fc5205/markets/99999999-9999-4999-8999-999999999999/countries/TW/payment-methods/payuni_credit -> 200
    browser_identity_chain_test.go:143: Go transport GET /v1/admin/stores -> 200
    browser_identity_chain_test.go:143: Go transport GET /v1/admin/stores/e940b910-2ecd-4bbe-9db6-365510fc5205/markets/99999999-9999-4999-8999-999999999999/countries/TW/payment-methods/payuni_credit -> 200
    browser_identity_chain_test.go:143: Go transport GET /v1/admin/stores -> 200
    browser_identity_chain_test.go:143: Go transport PUT /v1/admin/stores/e940b910-2ecd-4bbe-9db6-365510fc5205/markets/99999999-9999-4999-8999-999999999999/countries/TW/payment-methods/payuni_credit -> 200
    browser_identity_chain_test.go:143: Go transport GET /v1/admin/stores -> 200
    browser_identity_chain_test.go:143: Go transport POST /v1/admin/stores/e940b910-2ecd-4bbe-9db6-365510fc5205/markets/99999999-9999-4999-8999-999999999999/countries/TW/payment-methods/payuni_credit/inspect -> 200
    browser_identity_chain_test.go:143: Go transport GET /v1/admin/stores -> 200
    browser_identity_chain_test.go:143: Go transport POST /v1/admin/stores/e940b910-2ecd-4bbe-9db6-365510fc5205/markets/99999999-9999-4999-8999-999999999999/countries/TW/payment-methods/payuni_credit/inspect -> 200
    browser_identity_chain_test.go:143: Go transport GET /v1/admin/stores -> 200
    browser_identity_chain_test.go:143: Go transport GET /v1/admin/stores -> 200
    browser_identity_chain_test.go:143: Go transport PUT /v1/admin/stores/e940b910-2ecd-4bbe-9db6-365510fc5205/markets/99999999-9999-4999-8999-999999999999/countries/TW/payment-methods/payuni_credit -> 200
    browser_identity_chain_test.go:143: Go transport GET /v1/admin/stores -> 200
    browser_identity_chain_test.go:143: Go transport GET /v1/admin/stores/e940b910-2ecd-4bbe-9db6-365510fc5205/markets/99999999-9999-4999-8999-999999999999/countries/TW/payment-methods/payuni_credit -> 200
    browser_identity_chain_test.go:143: Go transport GET /v1/admin/stores -> 200
    browser_identity_chain_test.go:143: Go transport PUT /v1/admin/stores/e940b910-2ecd-4bbe-9db6-365510fc5205/markets/99999999-9999-4999-8999-999999999999/countries/TW/payment-methods/payuni_credit -> 409
    browser_identity_chain_test.go:143: Go transport GET /v1/admin/stores -> 200
    browser_identity_chain_test.go:143: Go transport POST /v1/admin/stores/e940b910-2ecd-4bbe-9db6-365510fc5205/provider-accounts -> 200
    browser_identity_chain_test.go:143: Go transport GET /v1/admin/stores -> 200
    browser_identity_chain_test.go:143: Go transport POST /v1/admin/stores/e940b910-2ecd-4bbe-9db6-365510fc5205/provider-accounts -> 200
    browser_identity_chain_test.go:143: Go transport GET /v1/admin/stores -> 200
    browser_identity_chain_test.go:143: Go transport POST /v1/admin/stores/e940b910-2ecd-4bbe-9db6-365510fc5205/provider-accounts -> 200
    browser_identity_chain_test.go:143: Go transport GET /v1/admin/stores -> 200
    browser_identity_chain_test.go:143: Go transport POST /v1/admin/stores/e940b910-2ecd-4bbe-9db6-365510fc5205/provider-accounts -> 200
    browser_identity_chain_test.go:143: Go transport GET /v1/admin/stores -> 200
    browser_identity_chain_test.go:143: Go transport POST /v1/admin/stores/e940b910-2ecd-4bbe-9db6-365510fc5205/provider-accounts -> 200
    browser_identity_chain_test.go:143: Go transport GET /v1/admin/stores -> 200
    browser_identity_chain_test.go:143: Go transport POST /v1/admin/stores/e940b910-2ecd-4bbe-9db6-365510fc5205/provider-accounts -> 200
    browser_identity_chain_test.go:143: Go transport GET /v1/admin/stores -> 200
    browser_identity_chain_test.go:143: Go transport POST /v1/admin/stores/e940b910-2ecd-4bbe-9db6-365510fc5205/provider-accounts -> 200
    browser_identity_chain_test.go:143: Go transport GET /v1/admin/stores -> 200
    browser_identity_chain_test.go:143: Go transport POST /v1/admin/stores/e940b910-2ecd-4bbe-9db6-365510fc5205/provider-accounts -> 200
    browser_identity_chain_test.go:143: Go transport GET /v1/admin/stores -> 200
    browser_identity_chain_test.go:143: Go transport POST /v1/admin/stores/e940b910-2ecd-4bbe-9db6-365510fc5205/provider-accounts -> 200
    browser_identity_chain_test.go:143: Go transport GET /v1/admin/stores -> 200
    browser_identity_chain_test.go:143: Go transport POST /v1/admin/stores/e940b910-2ecd-4bbe-9db6-365510fc5205/provider-accounts -> 200
    browser_identity_chain_test.go:143: Go transport GET /v1/admin/stores -> 200
    browser_identity_chain_test.go:143: Go transport POST /v1/admin/stores/e940b910-2ecd-4bbe-9db6-365510fc5205/provider-accounts -> 200
    browser_identity_chain_test.go:143: Go transport GET /v1/admin/stores -> 200
    browser_identity_chain_test.go:143: Go transport POST /v1/admin/stores/e940b910-2ecd-4bbe-9db6-365510fc5205/provider-accounts -> 200
    browser_identity_chain_test.go:143: Go transport GET /v1/admin/stores -> 200
    browser_identity_chain_test.go:143: Go transport POST /v1/admin/stores/e940b910-2ecd-4bbe-9db6-365510fc5205/provider-accounts -> 200
    browser_identity_chain_test.go:143: Go transport GET /v1/admin/stores -> 200
    browser_identity_chain_test.go:143: Go transport POST /v1/admin/stores/e940b910-2ecd-4bbe-9db6-365510fc5205/provider-accounts -> 200
    browser_identity_chain_test.go:143: Go transport GET /v1/admin/stores -> 200
    browser_identity_chain_test.go:143: Go transport POST /v1/admin/stores/e940b910-2ecd-4bbe-9db6-365510fc5205/provider-accounts -> 200
    browser_identity_chain_test.go:143: Go transport GET /v1/admin/stores -> 200
    browser_identity_chain_test.go:143: Go transport POST /v1/admin/stores/e940b910-2ecd-4bbe-9db6-365510fc5205/provider-accounts -> 200
    browser_identity_chain_test.go:143: Go transport GET /v1/admin/stores -> 200
    browser_identity_chain_test.go:143: Go transport POST /v1/admin/stores/e940b910-2ecd-4bbe-9db6-365510fc5205/provider-accounts -> 200
    browser_identity_chain_test.go:143: Go transport GET /v1/admin/stores -> 200
    browser_identity_chain_test.go:143: Go transport POST /v1/admin/stores/e940b910-2ecd-4bbe-9db6-365510fc5205/provider-accounts -> 200
    browser_identity_chain_test.go:143: Go transport GET /v1/admin/stores -> 200
    browser_identity_chain_test.go:143: Go transport POST /v1/admin/stores/e940b910-2ecd-4bbe-9db6-365510fc5205/provider-accounts -> 200
    browser_identity_chain_test.go:143: Go transport GET /v1/admin/stores -> 200
    browser_identity_chain_test.go:143: Go transport POST /v1/admin/stores/e940b910-2ecd-4bbe-9db6-365510fc5205/provider-accounts -> 200
    browser_identity_chain_test.go:143: Go transport GET /v1/admin/stores -> 200
    browser_identity_chain_test.go:143: Go transport POST /v1/admin/stores/e940b910-2ecd-4bbe-9db6-365510fc5205/provider-accounts -> 200
    browser_identity_chain_test.go:143: Go transport GET /v1/admin/stores -> 200
    browser_identity_chain_test.go:143: Go transport POST /v1/admin/stores/e940b910-2ecd-4bbe-9db6-365510fc5205/provider-accounts -> 200
    browser_identity_chain_test.go:143: Go transport GET /v1/admin/stores -> 200
    browser_identity_chain_test.go:143: Go transport POST /v1/admin/stores/e940b910-2ecd-4bbe-9db6-365510fc5205/provider-accounts -> 200
    browser_identity_chain_test.go:143: Go transport GET /v1/admin/stores -> 200
    browser_identity_chain_test.go:143: Go transport POST /v1/admin/stores/e940b910-2ecd-4bbe-9db6-365510fc5205/provider-accounts -> 200
    browser_identity_chain_test.go:143: Go transport GET /v1/admin/stores -> 200
    browser_identity_chain_test.go:143: Go transport POST /v1/admin/stores/e940b910-2ecd-4bbe-9db6-365510fc5205/provider-accounts -> 200
    browser_identity_chain_test.go:143: Go transport GET /v1/admin/stores -> 200
    browser_identity_chain_test.go:143: Go transport POST /v1/admin/stores/e940b910-2ecd-4bbe-9db6-365510fc5205/provider-accounts -> 200
    browser_identity_chain_test.go:143: Go transport GET /v1/admin/stores -> 200
    browser_identity_chain_test.go:143: Go transport POST /v1/admin/stores/e940b910-2ecd-4bbe-9db6-365510fc5205/provider-accounts -> 200
    browser_identity_chain_test.go:143: Go transport GET /v1/admin/stores -> 200
    browser_identity_chain_test.go:143: Go transport POST /v1/admin/stores/e940b910-2ecd-4bbe-9db6-365510fc5205/provider-accounts -> 200
    browser_identity_chain_test.go:143: Go transport GET /v1/admin/stores -> 200
    browser_identity_chain_test.go:143: Go transport POST /v1/admin/stores/e940b910-2ecd-4bbe-9db6-365510fc5205/provider-accounts -> 200
    browser_identity_chain_test.go:143: Go transport GET /v1/admin/stores -> 200
    browser_identity_chain_test.go:143: Go transport POST /v1/admin/stores/e940b910-2ecd-4bbe-9db6-365510fc5205/provider-accounts -> 200
    browser_identity_chain_test.go:143: Go transport GET /v1/admin/stores -> 200
    browser_identity_chain_test.go:143: Go transport POST /v1/admin/stores/e940b910-2ecd-4bbe-9db6-365510fc5205/provider-accounts -> 200
    browser_identity_chain_test.go:143: Go transport GET /v1/admin/stores -> 200
    browser_identity_chain_test.go:143: Go transport POST /v1/admin/stores/e940b910-2ecd-4bbe-9db6-365510fc5205/provider-accounts -> 200
    browser_identity_chain_test.go:143: Go transport GET /v1/admin/stores -> 200
    browser_identity_chain_test.go:143: Go transport POST /v1/admin/stores/e940b910-2ecd-4bbe-9db6-365510fc5205/provider-accounts -> 200
    browser_identity_chain_test.go:143: Go transport GET /v1/admin/stores -> 200
    browser_identity_chain_test.go:143: Go transport POST /v1/admin/stores/e940b910-2ecd-4bbe-9db6-365510fc5205/provider-accounts -> 200
    browser_identity_chain_test.go:143: Go transport GET /v1/admin/stores -> 200
    browser_identity_chain_test.go:143: Go transport POST /v1/admin/stores/e940b910-2ecd-4bbe-9db6-365510fc5205/provider-accounts -> 200
    browser_identity_chain_test.go:143: Go transport GET /v1/admin/stores -> 200
    browser_identity_chain_test.go:143: Go transport POST /v1/admin/stores/e940b910-2ecd-4bbe-9db6-365510fc5205/provider-accounts -> 200
    browser_identity_chain_test.go:143: Go transport GET /v1/admin/stores -> 200
    browser_identity_chain_test.go:143: Go transport POST /v1/admin/stores/e940b910-2ecd-4bbe-9db6-365510fc5205/provider-accounts -> 200
    browser_identity_chain_test.go:143: Go transport GET /v1/admin/stores -> 200
    browser_identity_chain_test.go:143: Go transport POST /v1/admin/stores/e940b910-2ecd-4bbe-9db6-365510fc5205/provider-accounts -> 200
    browser_identity_chain_test.go:143: Go transport GET /v1/admin/stores -> 200
    browser_identity_chain_test.go:143: Go transport POST /v1/admin/stores/e940b910-2ecd-4bbe-9db6-365510fc5205/provider-accounts -> 200
    browser_identity_chain_test.go:143: Go transport GET /v1/admin/stores -> 200
    browser_identity_chain_test.go:143: Go transport POST /v1/admin/stores/e940b910-2ecd-4bbe-9db6-365510fc5205/provider-accounts -> 200
    browser_identity_chain_test.go:143: Go transport GET /v1/admin/stores -> 200
    browser_identity_chain_test.go:143: Go transport POST /v1/admin/stores/e940b910-2ecd-4bbe-9db6-365510fc5205/provider-accounts -> 200
    browser_identity_chain_test.go:143: Go transport GET /v1/admin/stores -> 200
    browser_identity_chain_test.go:143: Go transport POST /v1/admin/stores/e940b910-2ecd-4bbe-9db6-365510fc5205/provider-accounts -> 200
    browser_identity_chain_test.go:143: Go transport GET /v1/admin/stores -> 200
    browser_identity_chain_test.go:143: Go transport POST /v1/admin/stores/e940b910-2ecd-4bbe-9db6-365510fc5205/provider-accounts -> 200
    browser_identity_chain_test.go:143: Go transport GET /v1/admin/stores -> 200
    browser_identity_chain_test.go:143: Go transport POST /v1/admin/stores/e940b910-2ecd-4bbe-9db6-365510fc5205/provider-accounts -> 200
    browser_identity_chain_test.go:143: Go transport GET /v1/admin/stores -> 200
    browser_identity_chain_test.go:143: Go transport POST /v1/admin/stores/e940b910-2ecd-4bbe-9db6-365510fc5205/provider-accounts -> 200
    browser_identity_chain_test.go:143: Go transport GET /v1/admin/stores -> 200
    browser_identity_chain_test.go:143: Go transport POST /v1/admin/stores/e940b910-2ecd-4bbe-9db6-365510fc5205/provider-accounts -> 200
    browser_identity_chain_test.go:143: Go transport GET /v1/admin/stores -> 200
    browser_identity_chain_test.go:143: Go transport POST /v1/admin/stores/e940b910-2ecd-4bbe-9db6-365510fc5205/provider-accounts -> 200
    browser_identity_chain_test.go:143: Go transport GET /v1/admin/stores -> 200
    browser_identity_chain_test.go:143: Go transport POST /v1/admin/stores/e940b910-2ecd-4bbe-9db6-365510fc5205/provider-accounts -> 200
    browser_identity_chain_test.go:143: Go transport GET /v1/admin/stores -> 200
    browser_identity_chain_test.go:143: Go transport POST /v1/admin/stores/e940b910-2ecd-4bbe-9db6-365510fc5205/provider-accounts -> 200
    browser_identity_chain_test.go:143: Go transport GET /v1/admin/stores -> 200
    browser_identity_chain_test.go:143: Go transport POST /v1/admin/stores/e940b910-2ecd-4bbe-9db6-365510fc5205/provider-accounts -> 200
    browser_identity_chain_test.go:143: Go transport GET /v1/admin/stores -> 200
    browser_identity_chain_test.go:143: Go transport POST /v1/admin/stores/e940b910-2ecd-4bbe-9db6-365510fc5205/provider-accounts -> 200
    browser_identity_chain_test.go:143: Go transport GET /v1/admin/stores -> 200
    browser_identity_chain_test.go:143: Go transport POST /v1/admin/stores/e940b910-2ecd-4bbe-9db6-365510fc5205/provider-accounts -> 200
    browser_identity_chain_test.go:143: Go transport GET /v1/admin/stores -> 200
    browser_identity_chain_test.go:143: Go transport POST /v1/admin/stores/e940b910-2ecd-4bbe-9db6-365510fc5205/provider-accounts -> 200
    browser_identity_chain_test.go:143: Go transport GET /v1/admin/stores -> 200
    browser_identity_chain_test.go:143: Go transport POST /v1/admin/stores/e940b910-2ecd-4bbe-9db6-365510fc5205/provider-accounts -> 429
    browser_identity_chain_test.go:143: Go transport GET /v1/admin/stores -> 200
    browser_identity_chain_test.go:143: Go transport GET /v1/admin/stores/e940b910-2ecd-4bbe-9db6-365510fc5205/provider-accounts/d5092743-643a-4265-9475-a5f6b731d604 -> 200
    browser_identity_chain_test.go:143: Go transport POST /v1/identity/logout -> 204
    browser_identity_chain_test.go:143: Go transport GET /v1/admin/stores -> 401
    browser_identity_chain_test.go:43: PASS: browser -> Next -> Go -> real PG, signed MOCK IdP; evidence=/Volumes/data/live_commerce_architecture_v1/.worktrees/store-domains-ui/output/playwright/identity-real-20261002T111742.006464000
--- PASS: TestBrowserIdentityRealChain (5.08s)
=== RUN   TestBrowserSettingsWizardRealChain
    browser_identity_chain_test.go:143: Go transport POST /v1/identity/login/start -> 200
    browser_identity_chain_test.go:143: Go transport POST /v1/identity/login/complete -> 200
    browser_identity_chain_test.go:143: Go transport GET /v1/admin/stores -> 200
    browser_identity_chain_test.go:143: Go transport POST /v1/identity/initial-store -> 200
    browser_identity_chain_test.go:143: Go transport GET /v1/admin/stores -> 200
    browser_identity_chain_test.go:143: Go transport GET /v1/admin/stores -> 200
    browser_identity_chain_test.go:143: Go transport GET /v1/admin/stores -> 200
    browser_identity_chain_test.go:143: Go transport GET /v1/admin/stores -> 200
    browser_identity_chain_test.go:143: Go transport GET /v1/admin/stores -> 200
    browser_identity_chain_test.go:143: Go transport GET /v1/admin/stores -> 200
    browser_identity_chain_test.go:143: Go transport GET /v1/admin/stores -> 200
    browser_identity_chain_test.go:143: Go transport GET /v1/admin/stores/3d847f58-a5cf-49c3-89a0-c376a4659969/billing/standing -> 200
    browser_identity_chain_test.go:143: Go transport GET /v1/admin/stores/3d847f58-a5cf-49c3-89a0-c376a4659969/dashboard -> 200
    browser_identity_chain_test.go:143: Go transport GET /v1/admin/stores -> 200
    browser_identity_chain_test.go:143: Go transport GET /v1/admin/stores -> 200
    browser_identity_chain_test.go:143: Go transport GET /v1/admin/stores/3d847f58-a5cf-49c3-89a0-c376a4659969/storefront -> 200
    browser_identity_chain_test.go:143: Go transport GET /v1/admin/stores -> 200
    browser_identity_chain_test.go:143: Go transport GET /v1/admin/stores -> 200
    browser_identity_chain_test.go:143: Go transport GET /v1/admin/stores -> 200
    browser_identity_chain_test.go:143: Go transport GET /v1/admin/stores -> 200
    browser_identity_chain_test.go:143: Go transport GET /v1/admin/stores/3d847f58-a5cf-49c3-89a0-c376a4659969/meta-connect/status -> 404
    browser_identity_chain_test.go:143: Go transport GET /v1/admin/stores/3d847f58-a5cf-49c3-89a0-c376a4659969/storefront/domains -> 200
    browser_identity_chain_test.go:143: Go transport GET /v1/admin/stores -> 200
    browser_identity_chain_test.go:143: Go transport GET /v1/admin/stores -> 200
    browser_identity_chain_test.go:143: Go transport GET /v1/admin/stores/3d847f58-a5cf-49c3-89a0-c376a4659969/markets -> 200
    browser_identity_chain_test.go:143: Go transport GET /v1/admin/stores/3d847f58-a5cf-49c3-89a0-c376a4659969/billing/standing -> 200
    browser_identity_chain_test.go:143: Go transport GET /v1/admin/stores/3d847f58-a5cf-49c3-89a0-c376a4659969/provider-accounts -> 200
    browser_identity_chain_test.go:143: Go transport GET /v1/admin/stores -> 200
    browser_identity_chain_test.go:143: Go transport POST /v1/admin/stores/3d847f58-a5cf-49c3-89a0-c376a4659969/provider-accounts -> 200
    browser_identity_chain_test.go:143: Go transport GET /v1/admin/stores -> 200
    browser_identity_chain_test.go:143: Go transport GET /v1/admin/stores -> 200
    browser_identity_chain_test.go:143: Go transport GET /v1/admin/stores -> 200
    browser_identity_chain_test.go:143: Go transport GET /v1/admin/stores -> 200
    browser_identity_chain_test.go:143: Go transport GET /v1/admin/stores -> 200
    browser_identity_chain_test.go:143: Go transport GET /v1/admin/stores -> 200
    browser_identity_chain_test.go:143: Go transport GET /v1/admin/stores -> 200
    browser_identity_chain_test.go:143: Go transport GET /v1/admin/stores/3d847f58-a5cf-49c3-89a0-c376a4659969/storefront -> 200
    browser_identity_chain_test.go:143: Go transport GET /v1/admin/stores -> 200
    browser_identity_chain_test.go:143: Go transport GET /v1/admin/stores/3d847f58-a5cf-49c3-89a0-c376a4659969/meta-connect/status -> 404
    browser_identity_chain_test.go:143: Go transport GET /v1/admin/stores -> 200
    browser_identity_chain_test.go:143: Go transport GET /v1/admin/stores/3d847f58-a5cf-49c3-89a0-c376a4659969/markets -> 200
    browser_identity_chain_test.go:143: Go transport GET /v1/admin/stores/3d847f58-a5cf-49c3-89a0-c376a4659969/storefront/domains -> 200
    browser_identity_chain_test.go:143: Go transport GET /v1/admin/stores/3d847f58-a5cf-49c3-89a0-c376a4659969/billing/standing -> 200
    browser_identity_chain_test.go:143: Go transport GET /v1/admin/stores/3d847f58-a5cf-49c3-89a0-c376a4659969/provider-accounts -> 200
    browser_identity_chain_test.go:143: Go transport GET /v1/admin/stores -> 200
    browser_identity_chain_test.go:143: Go transport POST /v1/admin/stores/3d847f58-a5cf-49c3-89a0-c376a4659969/provider-accounts -> 409
    browser_identity_chain_test.go:143: Go transport GET /v1/admin/stores -> 200
    browser_identity_chain_test.go:143: Go transport POST /v1/admin/stores/3d847f58-a5cf-49c3-89a0-c376a4659969/provider-accounts -> 200
    browser_identity_chain_test.go:143: Go transport GET /v1/admin/stores -> 200
    browser_identity_chain_test.go:143: Go transport POST /v1/admin/stores/3d847f58-a5cf-49c3-89a0-c376a4659969/markets -> 200
    browser_identity_chain_test.go:143: Go transport GET /v1/admin/stores -> 200
    browser_identity_chain_test.go:143: Go transport GET /v1/admin/stores -> 200
    browser_identity_chain_test.go:143: Go transport GET /v1/admin/stores/3d847f58-a5cf-49c3-89a0-c376a4659969/markets/5c443508-9f30-48de-a253-8c045f5cf2e7/countries/TW/payment-methods -> 200
    browser_identity_chain_test.go:143: Go transport GET /v1/admin/stores/3d847f58-a5cf-49c3-89a0-c376a4659969/markets/5c443508-9f30-48de-a253-8c045f5cf2e7/countries/TW/delivery-services -> 200
    browser_identity_chain_test.go:143: Go transport GET /v1/admin/stores -> 200
    browser_identity_chain_test.go:143: Go transport PUT /v1/admin/stores/3d847f58-a5cf-49c3-89a0-c376a4659969/markets/5c443508-9f30-48de-a253-8c045f5cf2e7/countries/TW/payment-methods/payuni_credit -> 200
    browser_identity_chain_test.go:143: Go transport GET /v1/admin/stores -> 200
    browser_identity_chain_test.go:143: Go transport PUT /v1/admin/stores/3d847f58-a5cf-49c3-89a0-c376a4659969/markets/5c443508-9f30-48de-a253-8c045f5cf2e7/countries/TW/payment-methods/payuni_credit -> 200
    browser_identity_chain_test.go:143: Go transport GET /v1/admin/stores -> 200
    browser_identity_chain_test.go:143: Go transport GET /v1/admin/stores -> 200
    browser_identity_chain_test.go:143: Go transport POST /v1/admin/stores/3d847f58-a5cf-49c3-89a0-c376a4659969/markets/5c443508-9f30-48de-a253-8c045f5cf2e7/countries/TW/payment-methods/payuni_credit/inspect -> 200
    browser_identity_chain_test.go:143: Go transport GET /v1/admin/stores -> 200
    browser_identity_chain_test.go:143: Go transport GET /v1/admin/stores -> 200
    browser_identity_chain_test.go:143: Go transport GET /v1/admin/stores -> 200
    browser_identity_chain_test.go:143: Go transport GET /v1/admin/stores -> 200
    browser_identity_chain_test.go:143: Go transport GET /v1/admin/stores -> 200
    browser_identity_chain_test.go:143: Go transport GET /v1/admin/stores/3d847f58-a5cf-49c3-89a0-c376a4659969/meta-connect/status -> 404
    browser_identity_chain_test.go:143: Go transport GET /v1/admin/stores -> 200
    browser_identity_chain_test.go:143: Go transport GET /v1/admin/stores -> 200
    browser_identity_chain_test.go:143: Go transport GET /v1/admin/stores -> 200
    browser_identity_chain_test.go:143: Go transport GET /v1/admin/stores/3d847f58-a5cf-49c3-89a0-c376a4659969/storefront -> 200
    browser_identity_chain_test.go:143: Go transport GET /v1/admin/stores/3d847f58-a5cf-49c3-89a0-c376a4659969/storefront/domains -> 200
    browser_identity_chain_test.go:143: Go transport GET /v1/admin/stores -> 200
    browser_identity_chain_test.go:143: Go transport GET /v1/admin/stores -> 200
    browser_identity_chain_test.go:143: Go transport GET /v1/admin/stores/3d847f58-a5cf-49c3-89a0-c376a4659969/markets/5c443508-9f30-48de-a253-8c045f5cf2e7/countries/TW/payment-methods -> 200
    browser_identity_chain_test.go:143: Go transport GET /v1/admin/stores/3d847f58-a5cf-49c3-89a0-c376a4659969/markets/5c443508-9f30-48de-a253-8c045f5cf2e7/countries/TW/delivery-services -> 200
    browser_identity_chain_test.go:143: Go transport GET /v1/admin/stores/3d847f58-a5cf-49c3-89a0-c376a4659969/billing/standing -> 200
    browser_identity_chain_test.go:143: Go transport GET /v1/admin/stores -> 200
    browser_identity_chain_test.go:143: Go transport GET /v1/admin/stores/3d847f58-a5cf-49c3-89a0-c376a4659969/provider-accounts/306c89bd-70aa-4dc2-a35a-950cdbf757e3 -> 200
    browser_identity_chain_test.go:143: Go transport GET /v1/admin/stores/3d847f58-a5cf-49c3-89a0-c376a4659969/markets -> 200
    browser_identity_chain_test.go:143: Go transport GET /v1/admin/stores/3d847f58-a5cf-49c3-89a0-c376a4659969/provider-accounts -> 200
    browser_identity_chain_test.go:143: Go transport GET /v1/admin/stores -> 200
    browser_identity_chain_test.go:143: Go transport GET /v1/admin/stores/3d847f58-a5cf-49c3-89a0-c376a4659969/markets -> 200
    browser_identity_chain_test.go:143: Go transport GET /v1/admin/stores -> 200
    browser_identity_chain_test.go:143: Go transport GET /v1/admin/stores/3d847f58-a5cf-49c3-89a0-c376a4659969/markets/5c443508-9f30-48de-a253-8c045f5cf2e7/countries/TW/payment-methods/payuni_credit -> 200
    browser_identity_chain_test.go:143: Go transport GET /v1/admin/stores -> 200
    browser_identity_chain_test.go:143: Go transport POST /v1/admin/stores/3d847f58-a5cf-49c3-89a0-c376a4659969/provider-accounts -> 200
    browser_identity_chain_test.go:143: Go transport GET /v1/admin/stores -> 200
    browser_identity_chain_test.go:143: Go transport GET /v1/admin/stores/3d847f58-a5cf-49c3-89a0-c376a4659969/provider-accounts -> 200
    browser_identity_chain_test.go:143: Go transport GET /v1/admin/stores -> 200
    browser_identity_chain_test.go:143: Go transport PUT /v1/admin/stores/3d847f58-a5cf-49c3-89a0-c376a4659969/markets/5c443508-9f30-48de-a253-8c045f5cf2e7/countries/TW/payment-methods/payuni_credit -> 200
    browser_identity_chain_test.go:143: Go transport GET /v1/admin/stores -> 200
    browser_identity_chain_test.go:143: Go transport GET /v1/admin/stores -> 200
    browser_identity_chain_test.go:143: Go transport GET /v1/admin/stores -> 200
    browser_identity_chain_test.go:143: Go transport GET /v1/admin/stores -> 200
    browser_identity_chain_test.go:143: Go transport GET /v1/admin/stores -> 200
    browser_identity_chain_test.go:143: Go transport GET /v1/admin/stores -> 200
    browser_identity_chain_test.go:143: Go transport GET /v1/admin/stores -> 200
    browser_identity_chain_test.go:143: Go transport GET /v1/admin/stores/3d847f58-a5cf-49c3-89a0-c376a4659969/meta-connect/status -> 404
    browser_identity_chain_test.go:143: Go transport GET /v1/admin/stores -> 200
    browser_identity_chain_test.go:143: Go transport GET /v1/admin/stores/3d847f58-a5cf-49c3-89a0-c376a4659969/storefront -> 200
    browser_identity_chain_test.go:143: Go transport GET /v1/admin/stores/3d847f58-a5cf-49c3-89a0-c376a4659969/storefront/domains -> 200
    browser_identity_chain_test.go:143: Go transport GET /v1/admin/stores/3d847f58-a5cf-49c3-89a0-c376a4659969/markets -> 200
    browser_identity_chain_test.go:143: Go transport GET /v1/admin/stores -> 200
    browser_identity_chain_test.go:143: Go transport GET /v1/admin/stores -> 200
    browser_identity_chain_test.go:143: Go transport GET /v1/admin/stores -> 200
    browser_identity_chain_test.go:143: Go transport GET /v1/admin/stores/3d847f58-a5cf-49c3-89a0-c376a4659969/markets/5c443508-9f30-48de-a253-8c045f5cf2e7/countries/TW/payment-methods -> 200
    browser_identity_chain_test.go:143: Go transport GET /v1/admin/stores/3d847f58-a5cf-49c3-89a0-c376a4659969/billing/standing -> 200
    browser_identity_chain_test.go:143: Go transport GET /v1/admin/stores/3d847f58-a5cf-49c3-89a0-c376a4659969/provider-accounts -> 200
    browser_identity_chain_test.go:143: Go transport GET /v1/admin/stores/3d847f58-a5cf-49c3-89a0-c376a4659969/markets/5c443508-9f30-48de-a253-8c045f5cf2e7/countries/TW/delivery-services -> 200
    browser_identity_chain_test.go:143: Go transport GET /v1/admin/stores -> 200
    browser_identity_chain_test.go:143: Go transport GET /v1/admin/stores -> 200
    browser_identity_chain_test.go:143: Go transport GET /v1/admin/stores -> 200
    browser_identity_chain_test.go:143: Go transport GET /v1/admin/stores -> 200
    browser_identity_chain_test.go:143: Go transport GET /v1/admin/stores -> 200
    browser_identity_chain_test.go:143: Go transport GET /v1/admin/stores -> 200
    browser_identity_chain_test.go:143: Go transport GET /v1/admin/stores -> 200
    browser_identity_chain_test.go:143: Go transport GET /v1/admin/stores/3d847f58-a5cf-49c3-89a0-c376a4659969/meta-connect/status -> 404
    browser_identity_chain_test.go:143: Go transport GET /v1/admin/stores/3d847f58-a5cf-49c3-89a0-c376a4659969/storefront -> 200
    browser_identity_chain_test.go:143: Go transport GET /v1/admin/stores -> 200
    browser_identity_chain_test.go:143: Go transport GET /v1/admin/stores -> 200
    browser_identity_chain_test.go:143: Go transport GET /v1/admin/stores/3d847f58-a5cf-49c3-89a0-c376a4659969/storefront/domains -> 200
    browser_identity_chain_test.go:143: Go transport GET /v1/admin/stores -> 200
    browser_identity_chain_test.go:143: Go transport GET /v1/admin/stores/3d847f58-a5cf-49c3-89a0-c376a4659969/markets -> 200
    browser_identity_chain_test.go:143: Go transport GET /v1/admin/stores -> 200
    browser_identity_chain_test.go:143: Go transport GET /v1/admin/stores/3d847f58-a5cf-49c3-89a0-c376a4659969/provider-accounts -> 200
    browser_identity_chain_test.go:143: Go transport GET /v1/admin/stores/3d847f58-a5cf-49c3-89a0-c376a4659969/billing/standing -> 200
    browser_identity_chain_test.go:143: Go transport GET /v1/admin/stores/3d847f58-a5cf-49c3-89a0-c376a4659969/markets/5c443508-9f30-48de-a253-8c045f5cf2e7/countries/TW/delivery-services -> 200
    browser_identity_chain_test.go:143: Go transport GET /v1/admin/stores/3d847f58-a5cf-49c3-89a0-c376a4659969/markets/5c443508-9f30-48de-a253-8c045f5cf2e7/countries/TW/payment-methods -> 200
    browser_identity_chain_test.go:143: Go transport GET /v1/admin/stores -> 200
    browser_identity_chain_test.go:143: Go transport GET /v1/admin/stores -> 200
    browser_identity_chain_test.go:143: Go transport GET /v1/admin/stores -> 200
    browser_identity_chain_test.go:143: Go transport GET /v1/admin/stores -> 200
    browser_identity_chain_test.go:143: Go transport GET /v1/admin/stores -> 200
    browser_identity_chain_test.go:143: Go transport GET /v1/admin/stores -> 200
    browser_identity_chain_test.go:143: Go transport GET /v1/admin/stores -> 200
    browser_identity_chain_test.go:143: Go transport GET /v1/admin/stores/3d847f58-a5cf-49c3-89a0-c376a4659969/meta-connect/status -> 404
    browser_identity_chain_test.go:143: Go transport GET /v1/admin/stores/3d847f58-a5cf-49c3-89a0-c376a4659969/storefront/domains -> 200
    browser_identity_chain_test.go:143: Go transport GET /v1/admin/stores -> 200
    browser_identity_chain_test.go:143: Go transport GET /v1/admin/stores/3d847f58-a5cf-49c3-89a0-c376a4659969/storefront -> 200
    browser_identity_chain_test.go:143: Go transport GET /v1/admin/stores/3d847f58-a5cf-49c3-89a0-c376a4659969/markets -> 200
    browser_identity_chain_test.go:143: Go transport GET /v1/admin/stores -> 200
    browser_identity_chain_test.go:143: Go transport GET /v1/admin/stores -> 200
    browser_identity_chain_test.go:143: Go transport GET /v1/admin/stores/3d847f58-a5cf-49c3-89a0-c376a4659969/markets/5c443508-9f30-48de-a253-8c045f5cf2e7/countries/TW/payment-methods -> 200
    browser_identity_chain_test.go:143: Go transport GET /v1/admin/stores -> 200
    browser_identity_chain_test.go:143: Go transport GET /v1/admin/stores/3d847f58-a5cf-49c3-89a0-c376a4659969/billing/standing -> 200
    browser_identity_chain_test.go:143: Go transport GET /v1/admin/stores/3d847f58-a5cf-49c3-89a0-c376a4659969/provider-accounts -> 200
    browser_identity_chain_test.go:143: Go transport GET /v1/admin/stores/3d847f58-a5cf-49c3-89a0-c376a4659969/markets/5c443508-9f30-48de-a253-8c045f5cf2e7/countries/TW/delivery-services -> 200
    browser_identity_chain_test.go:143: Go transport GET /v1/admin/stores -> 200
    browser_identity_chain_test.go:143: Go transport GET /v1/admin/stores -> 200
    browser_identity_chain_test.go:143: Go transport GET /v1/admin/stores/3d847f58-a5cf-49c3-89a0-c376a4659969/markets -> 200
    browser_identity_chain_test.go:143: Go transport GET /v1/admin/stores/3d847f58-a5cf-49c3-89a0-c376a4659969/provider-accounts -> 200
    browser_identity_chain_test.go:143: Go transport GET /v1/admin/stores -> 200
    browser_identity_chain_test.go:143: Go transport GET /v1/admin/stores -> 200
    browser_identity_chain_test.go:143: Go transport GET /v1/admin/stores/3d847f58-a5cf-49c3-89a0-c376a4659969/markets/5c443508-9f30-48de-a253-8c045f5cf2e7/countries/TW/payment-methods -> 200
    browser_identity_chain_test.go:143: Go transport GET /v1/admin/stores/3d847f58-a5cf-49c3-89a0-c376a4659969/markets/5c443508-9f30-48de-a253-8c045f5cf2e7/countries/TW/delivery-services -> 200
    browser_identity_chain_test.go:143: Go transport GET /v1/admin/stores -> 200
    browser_identity_chain_test.go:143: Go transport GET /v1/admin/stores -> 200
    browser_identity_chain_test.go:143: Go transport GET /v1/admin/stores -> 200
    browser_identity_chain_test.go:143: Go transport GET /v1/admin/stores -> 200
    browser_identity_chain_test.go:143: Go transport GET /v1/admin/stores -> 200
    browser_identity_chain_test.go:143: Go transport GET /v1/admin/stores -> 200
    browser_identity_chain_test.go:143: Go transport GET /v1/admin/stores/3d847f58-a5cf-49c3-89a0-c376a4659969/meta-connect/status -> 404
    browser_identity_chain_test.go:143: Go transport GET /v1/admin/stores -> 200
    browser_identity_chain_test.go:143: Go transport GET /v1/admin/stores -> 200
    browser_identity_chain_test.go:143: Go transport GET /v1/admin/stores/3d847f58-a5cf-49c3-89a0-c376a4659969/storefront/domains -> 200
    browser_identity_chain_test.go:143: Go transport GET /v1/admin/stores/3d847f58-a5cf-49c3-89a0-c376a4659969/storefront -> 200
    browser_identity_chain_test.go:143: Go transport GET /v1/admin/stores -> 200
    browser_identity_chain_test.go:143: Go transport GET /v1/admin/stores/3d847f58-a5cf-49c3-89a0-c376a4659969/provider-accounts -> 200
    browser_identity_chain_test.go:143: Go transport GET /v1/admin/stores/3d847f58-a5cf-49c3-89a0-c376a4659969/markets -> 200
    browser_identity_chain_test.go:143: Go transport GET /v1/admin/stores/3d847f58-a5cf-49c3-89a0-c376a4659969/billing/standing -> 200
    browser_identity_chain_test.go:143: Go transport GET /v1/admin/stores -> 200
    browser_identity_chain_test.go:143: Go transport GET /v1/admin/stores -> 200
    browser_identity_chain_test.go:143: Go transport GET /v1/admin/stores/3d847f58-a5cf-49c3-89a0-c376a4659969/markets/5c443508-9f30-48de-a253-8c045f5cf2e7/countries/TW/delivery-services -> 200
    browser_identity_chain_test.go:143: Go transport GET /v1/admin/stores/3d847f58-a5cf-49c3-89a0-c376a4659969/markets/5c443508-9f30-48de-a253-8c045f5cf2e7/countries/TW/payment-methods -> 200
    browser_identity_chain_test.go:143: Go transport GET /v1/admin/stores -> 200
    browser_identity_chain_test.go:143: Go transport GET /v1/admin/stores -> 200
    browser_identity_chain_test.go:143: Go transport GET /v1/admin/stores/3d847f58-a5cf-49c3-89a0-c376a4659969/markets/5c443508-9f30-48de-a253-8c045f5cf2e7/countries/TW/payment-methods -> 200
    browser_identity_chain_test.go:143: Go transport GET /v1/admin/stores/3d847f58-a5cf-49c3-89a0-c376a4659969/markets/5c443508-9f30-48de-a253-8c045f5cf2e7/countries/TW/delivery-services -> 200
    browser_identity_chain_test.go:143: Go transport GET /v1/admin/stores -> 200
    browser_identity_chain_test.go:143: Go transport GET /v1/admin/stores -> 200
    browser_identity_chain_test.go:143: Go transport GET /v1/admin/stores/3d847f58-a5cf-49c3-89a0-c376a4659969/logistics/ecpay -> 404
    browser_identity_chain_test.go:143: Go transport GET /v1/admin/stores/3d847f58-a5cf-49c3-89a0-c376a4659969/logistics/cvs-settings -> 404
    browser_identity_chain_test.go:143: Go transport GET /v1/admin/stores -> 200
    browser_identity_chain_test.go:143: Go transport GET /v1/admin/stores -> 200
    browser_identity_chain_test.go:143: Go transport GET /v1/admin/stores/3d847f58-a5cf-49c3-89a0-c376a4659969/notification-settings -> 200
    browser_identity_chain_test.go:143: Go transport GET /v1/admin/stores/3d847f58-a5cf-49c3-89a0-c376a4659969/bank-transfer-settings -> 200
    browser_identity_chain_test.go:143: Go transport GET /v1/admin/stores -> 200
    browser_identity_chain_test.go:143: Go transport GET /v1/admin/stores/3d847f58-a5cf-49c3-89a0-c376a4659969/logistics/ecpay -> 404
    browser_identity_chain_test.go:143: Go transport GET /v1/admin/stores -> 200
    browser_identity_chain_test.go:143: Go transport GET /v1/admin/stores -> 200
    browser_identity_chain_test.go:143: Go transport GET /v1/admin/stores/3d847f58-a5cf-49c3-89a0-c376a4659969/markets/5c443508-9f30-48de-a253-8c045f5cf2e7/countries/TW/delivery-services/home -> 404
    browser_identity_chain_test.go:143: Go transport GET /v1/admin/stores/3d847f58-a5cf-49c3-89a0-c376a4659969/markets/5c443508-9f30-48de-a253-8c045f5cf2e7/countries/TW/delivery-services/home/policy -> 404
    browser_identity_chain_test.go:143: Go transport GET /v1/admin/stores -> 200
    browser_identity_chain_test.go:143: Go transport PUT /v1/admin/stores/3d847f58-a5cf-49c3-89a0-c376a4659969/markets/5c443508-9f30-48de-a253-8c045f5cf2e7/countries/TW/delivery-services/home/policy -> 200
    browser_identity_chain_test.go:143: Go transport GET /v1/admin/stores -> 200
    browser_identity_chain_test.go:143: Go transport PUT /v1/admin/stores/3d847f58-a5cf-49c3-89a0-c376a4659969/markets/5c443508-9f30-48de-a253-8c045f5cf2e7/countries/TW/delivery-services/home -> 200
    browser_identity_chain_test.go:143: Go transport GET /v1/admin/stores -> 200
    browser_identity_chain_test.go:143: Go transport GET /v1/admin/stores -> 200
    browser_identity_chain_test.go:143: Go transport GET /v1/admin/stores -> 200
    browser_identity_chain_test.go:143: Go transport GET /v1/admin/stores -> 200
    browser_identity_chain_test.go:143: Go transport GET /v1/admin/stores -> 200
    browser_identity_chain_test.go:143: Go transport GET /v1/admin/stores -> 200
    browser_identity_chain_test.go:143: Go transport GET /v1/admin/stores -> 200
    browser_identity_chain_test.go:143: Go transport GET /v1/admin/stores/3d847f58-a5cf-49c3-89a0-c376a4659969/meta-connect/status -> 404
    browser_identity_chain_test.go:143: Go transport GET /v1/admin/stores -> 200
    browser_identity_chain_test.go:143: Go transport GET /v1/admin/stores/3d847f58-a5cf-49c3-89a0-c376a4659969/storefront/domains -> 200
    browser_identity_chain_test.go:143: Go transport GET /v1/admin/stores/3d847f58-a5cf-49c3-89a0-c376a4659969/storefront -> 200
    browser_identity_chain_test.go:143: Go transport GET /v1/admin/stores -> 200
    browser_identity_chain_test.go:143: Go transport GET /v1/admin/stores -> 200
    browser_identity_chain_test.go:143: Go transport GET /v1/admin/stores -> 200
    browser_identity_chain_test.go:143: Go transport GET /v1/admin/stores -> 200
    browser_identity_chain_test.go:143: Go transport GET /v1/admin/stores/3d847f58-a5cf-49c3-89a0-c376a4659969/markets -> 200
    browser_identity_chain_test.go:143: Go transport GET /v1/admin/stores/3d847f58-a5cf-49c3-89a0-c376a4659969/markets/5c443508-9f30-48de-a253-8c045f5cf2e7/countries/TW/delivery-services -> 200
    browser_identity_chain_test.go:143: Go transport GET /v1/admin/stores/3d847f58-a5cf-49c3-89a0-c376a4659969/markets/5c443508-9f30-48de-a253-8c045f5cf2e7/countries/TW/delivery-services/home/policy -> 200
    browser_identity_chain_test.go:143: Go transport GET /v1/admin/stores/3d847f58-a5cf-49c3-89a0-c376a4659969/markets/5c443508-9f30-48de-a253-8c045f5cf2e7/countries/TW/payment-methods -> 200
    browser_identity_chain_test.go:143: Go transport GET /v1/admin/stores -> 200
    browser_identity_chain_test.go:143: Go transport GET /v1/admin/stores/3d847f58-a5cf-49c3-89a0-c376a4659969/markets/5c443508-9f30-48de-a253-8c045f5cf2e7/countries/TW/delivery-services/home -> 200
    browser_identity_chain_test.go:143: Go transport GET /v1/admin/stores -> 200
    browser_identity_chain_test.go:143: Go transport GET /v1/admin/stores/3d847f58-a5cf-49c3-89a0-c376a4659969/billing/standing -> 200
    browser_identity_chain_test.go:143: Go transport GET /v1/admin/stores/3d847f58-a5cf-49c3-89a0-c376a4659969/provider-accounts/8b62149d-0079-46c9-b737-a11cf3914236 -> 200
    browser_identity_chain_test.go:143: Go transport GET /v1/admin/stores/3d847f58-a5cf-49c3-89a0-c376a4659969/provider-accounts -> 200
    browser_identity_chain_test.go:143: Go transport GET /v1/admin/stores -> 200
    browser_identity_chain_test.go:143: Go transport GET /v1/admin/stores/3d847f58-a5cf-49c3-89a0-c376a4659969/logistics/ecpay -> 404
    browser_identity_chain_test.go:143: Go transport POST /v1/identity/logout -> 204
    browser_identity_chain_test.go:47: PASS: browser -> Next -> Go -> real PG, signed MOCK IdP; evidence=/Volumes/data/live_commerce_architecture_v1/.worktrees/store-domains-ui/output/playwright/settings-real-20261002T111747.098772000
--- PASS: TestBrowserSettingsWizardRealChain (6.26s)
PASS
ok  	livecommerce/tests/foundation	19.198s
PASS: isolated PG + signed MOCK IdP browser chain; fixture removed at exit.
