
> live-commerce-workspace@ build:admin /Volumes/data/live_commerce_architecture_v1/.worktrees/store-domains-ui
> pnpm --filter @live-commerce/admin build


> @live-commerce/admin@ build /Volumes/data/live_commerce_architecture_v1/.worktrees/store-domains-ui/apps/admin
> next build && node ../../scripts/dev/package-admin.mjs

▲ Next.js 16.3.5 (Turbopack)
✓ Running next.config.ts took 130ms

  Creating an optimized production build ...
✓ Compiled successfully in 1219ms
  Running TypeScript ...
  Finished TypeScript in 345ms ...
  Collecting page data using 9 workers ...
  Generating static pages using 9 workers (0/16) ...
  Generating static pages using 9 workers (4/16)
  Generating static pages using 9 workers (8/16)
  Generating static pages using 9 workers (12/16)
✓ Generating static pages using 9 workers (16/16) in 70ms
  Finalizing page optimization ...

Route (app)
┌ ○ /_not-found
├ ƒ /[locale]
├ ƒ /[locale]/ads
├ ƒ /[locale]/billing
├ ƒ /[locale]/collections
├ ƒ /[locale]/customers
├ ƒ /[locale]/customers/[customer]
├ ƒ /[locale]/design
├ ƒ /[locale]/finance
├ ƒ /[locale]/inventory
├ ƒ /[locale]/invite/[token]
├ ƒ /[locale]/orders
├ ƒ /[locale]/orders/cvs-print
├ ƒ /[locale]/orders/new
├ ƒ /[locale]/products
├ ƒ /[locale]/products/[product]
├ ƒ /[locale]/products/import
├ ƒ /[locale]/promotions
├ ƒ /[locale]/reset
├ ƒ /[locale]/settings
├ ƒ /[locale]/signup
├ ƒ /[locale]/studio
├ ƒ /[locale]/studio/claims
├ ƒ /[locale]/team
├ ƒ /api/ads/meta/callback
├ ƒ /api/ads/meta/connect
├ ƒ /api/auth/callback
├ ƒ /api/auth/login
├ ƒ /api/auth/logout
├ ƒ /api/auth/password/login
├ ƒ /api/auth/password/reset
├ ƒ /api/auth/password/signup
├ ƒ /api/auth/password/verify
├ ƒ /api/meta/callback
├ ƒ /api/meta/connect
├ ƒ /api/onboarding/handle-suggest
├ ƒ /api/onboarding/initial-store
├ ƒ /api/stores
├ ƒ /api/stores/[store]/[...resource]
├ ƒ /api/stores/[store]/tools/[...resource]
└ ƒ /api/team/[action]


ƒ Proxy (Middleware)

○  (Static)   prerendered as static content
ƒ  (Dynamic)  server-rendered on demand

Packaged standalone admin server and static assets.
=== RUN   TestMerchantAccountAPIProcessRestart
    account_process_test.go:235: PASS: actual API PIDs 83440 -> 83441, same isolated PG and key config; evidence=/Volumes/data/live_commerce_architecture_v1/.worktrees/store-domains-ui/output/playwright/account-process-20261002T113825.137804000
--- PASS: TestMerchantAccountAPIProcessRestart (10.11s)
=== RUN   TestBrowserIdentityRealChain
    browser_identity_chain_test.go:143: Go transport POST /v1/identity/login/start -> 200
    browser_identity_chain_test.go:143: Go transport POST /v1/identity/login/complete -> 200
    browser_identity_chain_test.go:143: Go transport GET /v1/admin/stores -> 200
    browser_identity_chain_test.go:143: Go transport GET /v1/admin/stores -> 200
    browser_identity_chain_test.go:143: Go transport POST /v1/identity/initial-store -> 200
    browser_identity_chain_test.go:143: Go transport POST /v1/identity/initial-store -> 200
    browser_identity_chain_test.go:143: Go transport POST /v1/identity/initial-store -> 409
    browser_identity_chain_test.go:143: Go transport GET /v1/admin/stores -> 200
    browser_identity_chain_test.go:143: Go transport GET /v1/admin/stores -> 200
    browser_identity_chain_test.go:143: Go transport GET /v1/admin/stores -> 200
    browser_identity_chain_test.go:143: Go transport GET /v1/admin/stores -> 200
    browser_identity_chain_test.go:143: Go transport GET /v1/admin/stores -> 200
    browser_identity_chain_test.go:143: Go transport GET /v1/admin/stores -> 200
    browser_identity_chain_test.go:143: Go transport GET /v1/admin/stores -> 200
    browser_identity_chain_test.go:143: Go transport GET /v1/admin/stores -> 200
    browser_identity_chain_test.go:143: Go transport GET /v1/admin/stores/b17e42e7-9808-4281-8774-f8a0f15947a4/warehouses -> 200
    browser_identity_chain_test.go:143: Go transport GET /v1/admin/stores -> 200
    browser_identity_chain_test.go:143: Go transport GET /v1/admin/stores/b17e42e7-9808-4281-8774-f8a0f15947a4/billing/standing -> 200
    browser_identity_chain_test.go:143: Go transport GET /v1/admin/stores/b17e42e7-9808-4281-8774-f8a0f15947a4/catalog-ledger -> 200
    browser_identity_chain_test.go:143: Go transport GET /v1/admin/stores -> 200
    browser_identity_chain_test.go:143: Go transport GET /v1/admin/stores/b17e42e7-9808-4281-8774-f8a0f15947a4/warehouses -> 200
    browser_identity_chain_test.go:143: Go transport GET /v1/admin/stores -> 200
    browser_identity_chain_test.go:143: Go transport GET /v1/admin/stores -> 200
    browser_identity_chain_test.go:143: Go transport GET /v1/admin/stores/b17e42e7-9808-4281-8774-f8a0f15947a4/dashboard -> 200
    browser_identity_chain_test.go:143: Go transport GET /v1/admin/stores/b17e42e7-9808-4281-8774-f8a0f15947a4/provider-accounts -> 200
    browser_identity_chain_test.go:143: Go transport GET /v1/admin/stores -> 200
    browser_identity_chain_test.go:143: Go transport GET /v1/admin/stores -> 200
    browser_identity_chain_test.go:143: Go transport POST /v1/admin/stores/b17e42e7-9808-4281-8774-f8a0f15947a4/provider-accounts -> 200
    browser_identity_chain_test.go:143: Go transport GET /v1/admin/stores -> 200
    browser_identity_chain_test.go:143: Go transport POST /v1/admin/stores/b17e42e7-9808-4281-8774-f8a0f15947a4/provider-accounts -> 200
    browser_identity_chain_test.go:143: Go transport GET /v1/admin/stores -> 200
    browser_identity_chain_test.go:143: Go transport POST /v1/admin/stores/b17e42e7-9808-4281-8774-f8a0f15947a4/provider-accounts -> 409
    browser_identity_chain_test.go:143: Go transport GET /v1/admin/stores -> 200
    browser_identity_chain_test.go:143: Go transport GET /v1/admin/stores/b17e42e7-9808-4281-8774-f8a0f15947a4/provider-accounts/ec817e63-9cc9-4b16-a425-f943d94501ac -> 200
    browser_identity_chain_test.go:143: Go transport GET /v1/admin/stores -> 200
    browser_identity_chain_test.go:143: Go transport POST /v1/admin/stores/b17e42e7-9808-4281-8774-f8a0f15947a4/provider-accounts/ec817e63-9cc9-4b16-a425-f943d94501ac/rotate -> 200
    browser_identity_chain_test.go:143: Go transport GET /v1/admin/stores -> 200
    browser_identity_chain_test.go:143: Go transport POST /v1/admin/stores/b17e42e7-9808-4281-8774-f8a0f15947a4/provider-accounts/ec817e63-9cc9-4b16-a425-f943d94501ac/rotate -> 200
    browser_identity_chain_test.go:143: Go transport GET /v1/admin/stores -> 200
    browser_identity_chain_test.go:143: Go transport POST /v1/admin/stores/b17e42e7-9808-4281-8774-f8a0f15947a4/provider-accounts/ec817e63-9cc9-4b16-a425-f943d94501ac/rotate -> 409
    browser_identity_chain_test.go:143: Go transport GET /v1/admin/stores -> 200
    browser_identity_chain_test.go:143: Go transport GET /v1/admin/stores/b17e42e7-9808-4281-8774-f8a0f15947a4/provider-accounts -> 200
    browser_identity_chain_test.go:143: Go transport GET /v1/admin/stores -> 200
    browser_identity_chain_test.go:143: Go transport GET /v1/admin/stores/b17e42e7-9808-4281-8774-f8a0f15947a4/provider-accounts -> 422
    browser_identity_chain_test.go:143: Go transport GET /v1/admin/stores -> 200
    browser_identity_chain_test.go:143: Go transport GET /v1/admin/stores -> 200
    browser_identity_chain_test.go:143: Go transport POST /v1/admin/stores/b17e42e7-9808-4281-8774-f8a0f15947a4/provider-accounts -> 200
    browser_identity_chain_test.go:143: Go transport GET /v1/admin/stores -> 200
    browser_identity_chain_test.go:143: Go transport PUT /v1/admin/stores/b17e42e7-9808-4281-8774-f8a0f15947a4/markets/99999999-9999-4999-8999-999999999999/countries/TW/payment-methods/payuni_credit -> 200
    browser_identity_chain_test.go:143: Go transport GET /v1/admin/stores -> 200
    browser_identity_chain_test.go:143: Go transport GET /v1/admin/stores/b17e42e7-9808-4281-8774-f8a0f15947a4/markets/99999999-9999-4999-8999-999999999999/countries/TW/payment-methods/payuni_credit -> 200
    browser_identity_chain_test.go:143: Go transport GET /v1/admin/stores -> 200
    browser_identity_chain_test.go:143: Go transport PUT /v1/admin/stores/b17e42e7-9808-4281-8774-f8a0f15947a4/markets/99999999-9999-4999-8999-999999999999/countries/TW/payment-methods/payuni_credit -> 200
    browser_identity_chain_test.go:143: Go transport GET /v1/admin/stores -> 200
    browser_identity_chain_test.go:143: Go transport POST /v1/admin/stores/b17e42e7-9808-4281-8774-f8a0f15947a4/markets/99999999-9999-4999-8999-999999999999/countries/TW/payment-methods/payuni_credit/inspect -> 200
    browser_identity_chain_test.go:143: Go transport GET /v1/admin/stores -> 200
    browser_identity_chain_test.go:143: Go transport POST /v1/admin/stores/b17e42e7-9808-4281-8774-f8a0f15947a4/markets/99999999-9999-4999-8999-999999999999/countries/TW/payment-methods/payuni_credit/inspect -> 200
    browser_identity_chain_test.go:143: Go transport GET /v1/admin/stores -> 200
    browser_identity_chain_test.go:143: Go transport GET /v1/admin/stores -> 200
    browser_identity_chain_test.go:143: Go transport PUT /v1/admin/stores/b17e42e7-9808-4281-8774-f8a0f15947a4/markets/99999999-9999-4999-8999-999999999999/countries/TW/payment-methods/payuni_credit -> 200
    browser_identity_chain_test.go:143: Go transport GET /v1/admin/stores -> 200
    browser_identity_chain_test.go:143: Go transport GET /v1/admin/stores/b17e42e7-9808-4281-8774-f8a0f15947a4/markets/99999999-9999-4999-8999-999999999999/countries/TW/payment-methods/payuni_credit -> 200
    browser_identity_chain_test.go:143: Go transport GET /v1/admin/stores -> 200
    browser_identity_chain_test.go:143: Go transport PUT /v1/admin/stores/b17e42e7-9808-4281-8774-f8a0f15947a4/markets/99999999-9999-4999-8999-999999999999/countries/TW/payment-methods/payuni_credit -> 409
    browser_identity_chain_test.go:143: Go transport GET /v1/admin/stores -> 200
    browser_identity_chain_test.go:143: Go transport POST /v1/admin/stores/b17e42e7-9808-4281-8774-f8a0f15947a4/provider-accounts -> 200
    browser_identity_chain_test.go:143: Go transport GET /v1/admin/stores -> 200
    browser_identity_chain_test.go:143: Go transport POST /v1/admin/stores/b17e42e7-9808-4281-8774-f8a0f15947a4/provider-accounts -> 200
    browser_identity_chain_test.go:143: Go transport GET /v1/admin/stores -> 200
    browser_identity_chain_test.go:143: Go transport POST /v1/admin/stores/b17e42e7-9808-4281-8774-f8a0f15947a4/provider-accounts -> 200
    browser_identity_chain_test.go:143: Go transport GET /v1/admin/stores -> 200
    browser_identity_chain_test.go:143: Go transport POST /v1/admin/stores/b17e42e7-9808-4281-8774-f8a0f15947a4/provider-accounts -> 200
    browser_identity_chain_test.go:143: Go transport GET /v1/admin/stores -> 200
    browser_identity_chain_test.go:143: Go transport POST /v1/admin/stores/b17e42e7-9808-4281-8774-f8a0f15947a4/provider-accounts -> 200
    browser_identity_chain_test.go:143: Go transport GET /v1/admin/stores -> 200
    browser_identity_chain_test.go:143: Go transport POST /v1/admin/stores/b17e42e7-9808-4281-8774-f8a0f15947a4/provider-accounts -> 200
    browser_identity_chain_test.go:143: Go transport GET /v1/admin/stores -> 200
    browser_identity_chain_test.go:143: Go transport POST /v1/admin/stores/b17e42e7-9808-4281-8774-f8a0f15947a4/provider-accounts -> 200
    browser_identity_chain_test.go:143: Go transport GET /v1/admin/stores -> 200
    browser_identity_chain_test.go:143: Go transport POST /v1/admin/stores/b17e42e7-9808-4281-8774-f8a0f15947a4/provider-accounts -> 200
    browser_identity_chain_test.go:143: Go transport GET /v1/admin/stores -> 200
    browser_identity_chain_test.go:143: Go transport POST /v1/admin/stores/b17e42e7-9808-4281-8774-f8a0f15947a4/provider-accounts -> 200
    browser_identity_chain_test.go:143: Go transport GET /v1/admin/stores -> 200
    browser_identity_chain_test.go:143: Go transport POST /v1/admin/stores/b17e42e7-9808-4281-8774-f8a0f15947a4/provider-accounts -> 200
    browser_identity_chain_test.go:143: Go transport GET /v1/admin/stores -> 200
    browser_identity_chain_test.go:143: Go transport POST /v1/admin/stores/b17e42e7-9808-4281-8774-f8a0f15947a4/provider-accounts -> 200
    browser_identity_chain_test.go:143: Go transport GET /v1/admin/stores -> 200
    browser_identity_chain_test.go:143: Go transport POST /v1/admin/stores/b17e42e7-9808-4281-8774-f8a0f15947a4/provider-accounts -> 200
    browser_identity_chain_test.go:143: Go transport GET /v1/admin/stores -> 200
    browser_identity_chain_test.go:143: Go transport POST /v1/admin/stores/b17e42e7-9808-4281-8774-f8a0f15947a4/provider-accounts -> 200
    browser_identity_chain_test.go:143: Go transport GET /v1/admin/stores -> 200
    browser_identity_chain_test.go:143: Go transport POST /v1/admin/stores/b17e42e7-9808-4281-8774-f8a0f15947a4/provider-accounts -> 200
    browser_identity_chain_test.go:143: Go transport GET /v1/admin/stores -> 200
    browser_identity_chain_test.go:143: Go transport POST /v1/admin/stores/b17e42e7-9808-4281-8774-f8a0f15947a4/provider-accounts -> 200
    browser_identity_chain_test.go:143: Go transport GET /v1/admin/stores -> 200
    browser_identity_chain_test.go:143: Go transport POST /v1/admin/stores/b17e42e7-9808-4281-8774-f8a0f15947a4/provider-accounts -> 200
    browser_identity_chain_test.go:143: Go transport GET /v1/admin/stores -> 200
    browser_identity_chain_test.go:143: Go transport POST /v1/admin/stores/b17e42e7-9808-4281-8774-f8a0f15947a4/provider-accounts -> 200
    browser_identity_chain_test.go:143: Go transport GET /v1/admin/stores -> 200
    browser_identity_chain_test.go:143: Go transport POST /v1/admin/stores/b17e42e7-9808-4281-8774-f8a0f15947a4/provider-accounts -> 200
    browser_identity_chain_test.go:143: Go transport GET /v1/admin/stores -> 200
    browser_identity_chain_test.go:143: Go transport POST /v1/admin/stores/b17e42e7-9808-4281-8774-f8a0f15947a4/provider-accounts -> 200
    browser_identity_chain_test.go:143: Go transport GET /v1/admin/stores -> 200
    browser_identity_chain_test.go:143: Go transport POST /v1/admin/stores/b17e42e7-9808-4281-8774-f8a0f15947a4/provider-accounts -> 200
    browser_identity_chain_test.go:143: Go transport GET /v1/admin/stores -> 200
    browser_identity_chain_test.go:143: Go transport POST /v1/admin/stores/b17e42e7-9808-4281-8774-f8a0f15947a4/provider-accounts -> 200
    browser_identity_chain_test.go:143: Go transport GET /v1/admin/stores -> 200
    browser_identity_chain_test.go:143: Go transport POST /v1/admin/stores/b17e42e7-9808-4281-8774-f8a0f15947a4/provider-accounts -> 200
    browser_identity_chain_test.go:143: Go transport GET /v1/admin/stores -> 200
    browser_identity_chain_test.go:143: Go transport POST /v1/admin/stores/b17e42e7-9808-4281-8774-f8a0f15947a4/provider-accounts -> 200
    browser_identity_chain_test.go:143: Go transport GET /v1/admin/stores -> 200
    browser_identity_chain_test.go:143: Go transport POST /v1/admin/stores/b17e42e7-9808-4281-8774-f8a0f15947a4/provider-accounts -> 200
    browser_identity_chain_test.go:143: Go transport GET /v1/admin/stores -> 200
    browser_identity_chain_test.go:143: Go transport POST /v1/admin/stores/b17e42e7-9808-4281-8774-f8a0f15947a4/provider-accounts -> 200
    browser_identity_chain_test.go:143: Go transport GET /v1/admin/stores -> 200
    browser_identity_chain_test.go:143: Go transport POST /v1/admin/stores/b17e42e7-9808-4281-8774-f8a0f15947a4/provider-accounts -> 200
    browser_identity_chain_test.go:143: Go transport GET /v1/admin/stores -> 200
    browser_identity_chain_test.go:143: Go transport POST /v1/admin/stores/b17e42e7-9808-4281-8774-f8a0f15947a4/provider-accounts -> 200
    browser_identity_chain_test.go:143: Go transport GET /v1/admin/stores -> 200
    browser_identity_chain_test.go:143: Go transport POST /v1/admin/stores/b17e42e7-9808-4281-8774-f8a0f15947a4/provider-accounts -> 200
    browser_identity_chain_test.go:143: Go transport GET /v1/admin/stores -> 200
    browser_identity_chain_test.go:143: Go transport POST /v1/admin/stores/b17e42e7-9808-4281-8774-f8a0f15947a4/provider-accounts -> 200
    browser_identity_chain_test.go:143: Go transport GET /v1/admin/stores -> 200
    browser_identity_chain_test.go:143: Go transport POST /v1/admin/stores/b17e42e7-9808-4281-8774-f8a0f15947a4/provider-accounts -> 200
    browser_identity_chain_test.go:143: Go transport GET /v1/admin/stores -> 200
    browser_identity_chain_test.go:143: Go transport POST /v1/admin/stores/b17e42e7-9808-4281-8774-f8a0f15947a4/provider-accounts -> 200
    browser_identity_chain_test.go:143: Go transport GET /v1/admin/stores -> 200
    browser_identity_chain_test.go:143: Go transport POST /v1/admin/stores/b17e42e7-9808-4281-8774-f8a0f15947a4/provider-accounts -> 200
    browser_identity_chain_test.go:143: Go transport GET /v1/admin/stores -> 200
    browser_identity_chain_test.go:143: Go transport POST /v1/admin/stores/b17e42e7-9808-4281-8774-f8a0f15947a4/provider-accounts -> 200
    browser_identity_chain_test.go:143: Go transport GET /v1/admin/stores -> 200
    browser_identity_chain_test.go:143: Go transport POST /v1/admin/stores/b17e42e7-9808-4281-8774-f8a0f15947a4/provider-accounts -> 200
    browser_identity_chain_test.go:143: Go transport GET /v1/admin/stores -> 200
    browser_identity_chain_test.go:143: Go transport POST /v1/admin/stores/b17e42e7-9808-4281-8774-f8a0f15947a4/provider-accounts -> 200
    browser_identity_chain_test.go:143: Go transport GET /v1/admin/stores -> 200
    browser_identity_chain_test.go:143: Go transport POST /v1/admin/stores/b17e42e7-9808-4281-8774-f8a0f15947a4/provider-accounts -> 200
    browser_identity_chain_test.go:143: Go transport GET /v1/admin/stores -> 200
    browser_identity_chain_test.go:143: Go transport POST /v1/admin/stores/b17e42e7-9808-4281-8774-f8a0f15947a4/provider-accounts -> 200
    browser_identity_chain_test.go:143: Go transport GET /v1/admin/stores -> 200
    browser_identity_chain_test.go:143: Go transport POST /v1/admin/stores/b17e42e7-9808-4281-8774-f8a0f15947a4/provider-accounts -> 200
    browser_identity_chain_test.go:143: Go transport GET /v1/admin/stores -> 200
    browser_identity_chain_test.go:143: Go transport POST /v1/admin/stores/b17e42e7-9808-4281-8774-f8a0f15947a4/provider-accounts -> 200
    browser_identity_chain_test.go:143: Go transport GET /v1/admin/stores -> 200
    browser_identity_chain_test.go:143: Go transport POST /v1/admin/stores/b17e42e7-9808-4281-8774-f8a0f15947a4/provider-accounts -> 200
    browser_identity_chain_test.go:143: Go transport GET /v1/admin/stores -> 200
    browser_identity_chain_test.go:143: Go transport POST /v1/admin/stores/b17e42e7-9808-4281-8774-f8a0f15947a4/provider-accounts -> 200
    browser_identity_chain_test.go:143: Go transport GET /v1/admin/stores -> 200
    browser_identity_chain_test.go:143: Go transport POST /v1/admin/stores/b17e42e7-9808-4281-8774-f8a0f15947a4/provider-accounts -> 200
    browser_identity_chain_test.go:143: Go transport GET /v1/admin/stores -> 200
    browser_identity_chain_test.go:143: Go transport POST /v1/admin/stores/b17e42e7-9808-4281-8774-f8a0f15947a4/provider-accounts -> 200
    browser_identity_chain_test.go:143: Go transport GET /v1/admin/stores -> 200
    browser_identity_chain_test.go:143: Go transport POST /v1/admin/stores/b17e42e7-9808-4281-8774-f8a0f15947a4/provider-accounts -> 200
    browser_identity_chain_test.go:143: Go transport GET /v1/admin/stores -> 200
    browser_identity_chain_test.go:143: Go transport POST /v1/admin/stores/b17e42e7-9808-4281-8774-f8a0f15947a4/provider-accounts -> 200
    browser_identity_chain_test.go:143: Go transport GET /v1/admin/stores -> 200
    browser_identity_chain_test.go:143: Go transport POST /v1/admin/stores/b17e42e7-9808-4281-8774-f8a0f15947a4/provider-accounts -> 200
    browser_identity_chain_test.go:143: Go transport GET /v1/admin/stores -> 200
    browser_identity_chain_test.go:143: Go transport POST /v1/admin/stores/b17e42e7-9808-4281-8774-f8a0f15947a4/provider-accounts -> 200
    browser_identity_chain_test.go:143: Go transport GET /v1/admin/stores -> 200
    browser_identity_chain_test.go:143: Go transport POST /v1/admin/stores/b17e42e7-9808-4281-8774-f8a0f15947a4/provider-accounts -> 200
    browser_identity_chain_test.go:143: Go transport GET /v1/admin/stores -> 200
    browser_identity_chain_test.go:143: Go transport POST /v1/admin/stores/b17e42e7-9808-4281-8774-f8a0f15947a4/provider-accounts -> 200
    browser_identity_chain_test.go:143: Go transport GET /v1/admin/stores -> 200
    browser_identity_chain_test.go:143: Go transport POST /v1/admin/stores/b17e42e7-9808-4281-8774-f8a0f15947a4/provider-accounts -> 200
    browser_identity_chain_test.go:143: Go transport GET /v1/admin/stores -> 200
    browser_identity_chain_test.go:143: Go transport POST /v1/admin/stores/b17e42e7-9808-4281-8774-f8a0f15947a4/provider-accounts -> 200
    browser_identity_chain_test.go:143: Go transport GET /v1/admin/stores -> 200
    browser_identity_chain_test.go:143: Go transport POST /v1/admin/stores/b17e42e7-9808-4281-8774-f8a0f15947a4/provider-accounts -> 200
    browser_identity_chain_test.go:143: Go transport GET /v1/admin/stores -> 200
    browser_identity_chain_test.go:143: Go transport POST /v1/admin/stores/b17e42e7-9808-4281-8774-f8a0f15947a4/provider-accounts -> 200
    browser_identity_chain_test.go:143: Go transport GET /v1/admin/stores -> 200
    browser_identity_chain_test.go:143: Go transport POST /v1/admin/stores/b17e42e7-9808-4281-8774-f8a0f15947a4/provider-accounts -> 429
    browser_identity_chain_test.go:143: Go transport GET /v1/admin/stores -> 200
    browser_identity_chain_test.go:143: Go transport GET /v1/admin/stores/b17e42e7-9808-4281-8774-f8a0f15947a4/provider-accounts/ec817e63-9cc9-4b16-a425-f943d94501ac -> 200
    browser_identity_chain_test.go:143: Go transport POST /v1/identity/logout -> 204
    browser_identity_chain_test.go:143: Go transport GET /v1/admin/stores -> 401
    browser_identity_chain_test.go:43: PASS: browser -> Next -> Go -> real PG, signed MOCK IdP; evidence=/Volumes/data/live_commerce_architecture_v1/.worktrees/store-domains-ui/output/playwright/identity-real-20261002T113833.860537000
--- PASS: TestBrowserIdentityRealChain (4.05s)
=== RUN   TestBrowserSettingsWizardRealChain
    browser_identity_chain_test.go:143: Go transport POST /v1/identity/login/start -> 200
    browser_identity_chain_test.go:143: Go transport POST /v1/identity/login/complete -> 200
    browser_identity_chain_test.go:143: Go transport GET /v1/admin/stores -> 200
    browser_identity_chain_test.go:143: Go transport POST /v1/identity/initial-store -> 200
    browser_identity_chain_test.go:143: Go transport GET /v1/admin/stores -> 200
    browser_identity_chain_test.go:143: Go transport GET /v1/admin/stores -> 200
    browser_identity_chain_test.go:143: Go transport GET /v1/admin/stores -> 200
    browser_identity_chain_test.go:143: Go transport GET /v1/admin/stores -> 200
    browser_identity_chain_test.go:143: Go transport GET /v1/admin/stores -> 200
    browser_identity_chain_test.go:143: Go transport GET /v1/admin/stores -> 200
    browser_identity_chain_test.go:143: Go transport GET /v1/admin/stores/1a572c46-92e9-4c8f-aa0d-afda82fee7a4/billing/standing -> 200
    browser_identity_chain_test.go:143: Go transport GET /v1/admin/stores -> 200
    browser_identity_chain_test.go:143: Go transport GET /v1/admin/stores/1a572c46-92e9-4c8f-aa0d-afda82fee7a4/dashboard -> 200
    browser_identity_chain_test.go:143: Go transport GET /v1/admin/stores -> 200
    browser_identity_chain_test.go:143: Go transport GET /v1/admin/stores -> 200
    browser_identity_chain_test.go:143: Go transport GET /v1/admin/stores -> 200
    browser_identity_chain_test.go:143: Go transport GET /v1/admin/stores -> 200
    browser_identity_chain_test.go:143: Go transport GET /v1/admin/stores -> 200
    browser_identity_chain_test.go:143: Go transport GET /v1/admin/stores -> 200
    browser_identity_chain_test.go:143: Go transport GET /v1/admin/stores -> 200
    browser_identity_chain_test.go:143: Go transport GET /v1/admin/stores/1a572c46-92e9-4c8f-aa0d-afda82fee7a4/meta-connect/status -> 404
    browser_identity_chain_test.go:143: Go transport GET /v1/admin/stores/1a572c46-92e9-4c8f-aa0d-afda82fee7a4/storefront/domains -> 200
    browser_identity_chain_test.go:143: Go transport GET /v1/admin/stores -> 200
    browser_identity_chain_test.go:143: Go transport GET /v1/admin/stores/1a572c46-92e9-4c8f-aa0d-afda82fee7a4/provider-accounts -> 200
    browser_identity_chain_test.go:143: Go transport GET /v1/admin/stores/1a572c46-92e9-4c8f-aa0d-afda82fee7a4/markets -> 200
    browser_identity_chain_test.go:143: Go transport GET /v1/admin/stores/1a572c46-92e9-4c8f-aa0d-afda82fee7a4/billing/standing -> 200
    browser_identity_chain_test.go:143: Go transport GET /v1/admin/stores/1a572c46-92e9-4c8f-aa0d-afda82fee7a4/storefront -> 200
    browser_identity_chain_test.go:143: Go transport GET /v1/admin/stores -> 200
    browser_identity_chain_test.go:143: Go transport POST /v1/admin/stores/1a572c46-92e9-4c8f-aa0d-afda82fee7a4/provider-accounts -> 200
    browser_identity_chain_test.go:143: Go transport GET /v1/admin/stores -> 200
    browser_identity_chain_test.go:143: Go transport GET /v1/admin/stores -> 200
    browser_identity_chain_test.go:143: Go transport GET /v1/admin/stores -> 200
    browser_identity_chain_test.go:143: Go transport GET /v1/admin/stores -> 200
    browser_identity_chain_test.go:143: Go transport GET /v1/admin/stores -> 200
    browser_identity_chain_test.go:143: Go transport GET /v1/admin/stores -> 200
    browser_identity_chain_test.go:143: Go transport GET /v1/admin/stores -> 200
    browser_identity_chain_test.go:143: Go transport GET /v1/admin/stores/1a572c46-92e9-4c8f-aa0d-afda82fee7a4/storefront -> 200
    browser_identity_chain_test.go:143: Go transport GET /v1/admin/stores/1a572c46-92e9-4c8f-aa0d-afda82fee7a4/storefront/domains -> 200
    browser_identity_chain_test.go:143: Go transport GET /v1/admin/stores/1a572c46-92e9-4c8f-aa0d-afda82fee7a4/meta-connect/status -> 404
    browser_identity_chain_test.go:143: Go transport GET /v1/admin/stores -> 200
    browser_identity_chain_test.go:143: Go transport GET /v1/admin/stores -> 200
    browser_identity_chain_test.go:143: Go transport GET /v1/admin/stores/1a572c46-92e9-4c8f-aa0d-afda82fee7a4/markets -> 200
    browser_identity_chain_test.go:143: Go transport GET /v1/admin/stores/1a572c46-92e9-4c8f-aa0d-afda82fee7a4/billing/standing -> 200
    browser_identity_chain_test.go:143: Go transport GET /v1/admin/stores/1a572c46-92e9-4c8f-aa0d-afda82fee7a4/provider-accounts -> 200
    browser_identity_chain_test.go:143: Go transport GET /v1/admin/stores -> 200
    browser_identity_chain_test.go:143: Go transport POST /v1/admin/stores/1a572c46-92e9-4c8f-aa0d-afda82fee7a4/provider-accounts -> 409
    browser_identity_chain_test.go:143: Go transport GET /v1/admin/stores -> 200
    browser_identity_chain_test.go:143: Go transport POST /v1/admin/stores/1a572c46-92e9-4c8f-aa0d-afda82fee7a4/provider-accounts -> 200
    browser_identity_chain_test.go:143: Go transport GET /v1/admin/stores -> 200
    browser_identity_chain_test.go:143: Go transport POST /v1/admin/stores/1a572c46-92e9-4c8f-aa0d-afda82fee7a4/markets -> 200
    browser_identity_chain_test.go:143: Go transport GET /v1/admin/stores -> 200
    browser_identity_chain_test.go:143: Go transport GET /v1/admin/stores -> 200
    browser_identity_chain_test.go:143: Go transport GET /v1/admin/stores/1a572c46-92e9-4c8f-aa0d-afda82fee7a4/markets/5850eaea-d319-4aee-a38f-7ef7ac6d372c/countries/TW/payment-methods -> 200
    browser_identity_chain_test.go:143: Go transport GET /v1/admin/stores/1a572c46-92e9-4c8f-aa0d-afda82fee7a4/markets/5850eaea-d319-4aee-a38f-7ef7ac6d372c/countries/TW/delivery-services -> 200
    browser_identity_chain_test.go:143: Go transport GET /v1/admin/stores -> 200
    browser_identity_chain_test.go:143: Go transport PUT /v1/admin/stores/1a572c46-92e9-4c8f-aa0d-afda82fee7a4/markets/5850eaea-d319-4aee-a38f-7ef7ac6d372c/countries/TW/payment-methods/payuni_credit -> 200
    browser_identity_chain_test.go:143: Go transport GET /v1/admin/stores -> 200
    browser_identity_chain_test.go:143: Go transport PUT /v1/admin/stores/1a572c46-92e9-4c8f-aa0d-afda82fee7a4/markets/5850eaea-d319-4aee-a38f-7ef7ac6d372c/countries/TW/payment-methods/payuni_credit -> 200
    browser_identity_chain_test.go:143: Go transport GET /v1/admin/stores -> 200
    browser_identity_chain_test.go:143: Go transport GET /v1/admin/stores -> 200
    browser_identity_chain_test.go:143: Go transport POST /v1/admin/stores/1a572c46-92e9-4c8f-aa0d-afda82fee7a4/markets/5850eaea-d319-4aee-a38f-7ef7ac6d372c/countries/TW/payment-methods/payuni_credit/inspect -> 200
    browser_identity_chain_test.go:143: Go transport GET /v1/admin/stores -> 200
    browser_identity_chain_test.go:143: Go transport GET /v1/admin/stores -> 200
    browser_identity_chain_test.go:143: Go transport GET /v1/admin/stores -> 200
    browser_identity_chain_test.go:143: Go transport GET /v1/admin/stores -> 200
    browser_identity_chain_test.go:143: Go transport GET /v1/admin/stores -> 200
    browser_identity_chain_test.go:143: Go transport GET /v1/admin/stores -> 200
    browser_identity_chain_test.go:143: Go transport GET /v1/admin/stores/1a572c46-92e9-4c8f-aa0d-afda82fee7a4/meta-connect/status -> 404
    browser_identity_chain_test.go:143: Go transport GET /v1/admin/stores/1a572c46-92e9-4c8f-aa0d-afda82fee7a4/storefront -> 200
    browser_identity_chain_test.go:143: Go transport GET /v1/admin/stores/1a572c46-92e9-4c8f-aa0d-afda82fee7a4/storefront/domains -> 200
    browser_identity_chain_test.go:143: Go transport GET /v1/admin/stores -> 200
    browser_identity_chain_test.go:143: Go transport GET /v1/admin/stores -> 200
    browser_identity_chain_test.go:143: Go transport GET /v1/admin/stores -> 200
    browser_identity_chain_test.go:143: Go transport GET /v1/admin/stores -> 200
    browser_identity_chain_test.go:143: Go transport GET /v1/admin/stores/1a572c46-92e9-4c8f-aa0d-afda82fee7a4/markets -> 200
    browser_identity_chain_test.go:143: Go transport GET /v1/admin/stores/1a572c46-92e9-4c8f-aa0d-afda82fee7a4/billing/standing -> 200
    browser_identity_chain_test.go:143: Go transport GET /v1/admin/stores/1a572c46-92e9-4c8f-aa0d-afda82fee7a4/provider-accounts -> 200
    browser_identity_chain_test.go:143: Go transport GET /v1/admin/stores/1a572c46-92e9-4c8f-aa0d-afda82fee7a4/markets/5850eaea-d319-4aee-a38f-7ef7ac6d372c/countries/TW/payment-methods -> 200
    browser_identity_chain_test.go:143: Go transport GET /v1/admin/stores/1a572c46-92e9-4c8f-aa0d-afda82fee7a4/markets/5850eaea-d319-4aee-a38f-7ef7ac6d372c/countries/TW/delivery-services -> 200
    browser_identity_chain_test.go:143: Go transport GET /v1/admin/stores -> 200
    browser_identity_chain_test.go:143: Go transport GET /v1/admin/stores/1a572c46-92e9-4c8f-aa0d-afda82fee7a4/markets -> 200
    browser_identity_chain_test.go:143: Go transport GET /v1/admin/stores -> 200
    browser_identity_chain_test.go:143: Go transport GET /v1/admin/stores/1a572c46-92e9-4c8f-aa0d-afda82fee7a4/markets/5850eaea-d319-4aee-a38f-7ef7ac6d372c/countries/TW/payment-methods/payuni_credit -> 200
    browser_identity_chain_test.go:143: Go transport GET /v1/admin/stores -> 200
    browser_identity_chain_test.go:143: Go transport POST /v1/admin/stores/1a572c46-92e9-4c8f-aa0d-afda82fee7a4/provider-accounts -> 200
    browser_identity_chain_test.go:143: Go transport GET /v1/admin/stores -> 200
    browser_identity_chain_test.go:143: Go transport GET /v1/admin/stores/1a572c46-92e9-4c8f-aa0d-afda82fee7a4/provider-accounts -> 200
    browser_identity_chain_test.go:143: Go transport GET /v1/admin/stores -> 200
    browser_identity_chain_test.go:143: Go transport PUT /v1/admin/stores/1a572c46-92e9-4c8f-aa0d-afda82fee7a4/markets/5850eaea-d319-4aee-a38f-7ef7ac6d372c/countries/TW/payment-methods/payuni_credit -> 200
    browser_identity_chain_test.go:143: Go transport GET /v1/admin/stores -> 200
    browser_identity_chain_test.go:143: Go transport GET /v1/admin/stores -> 200
    browser_identity_chain_test.go:143: Go transport GET /v1/admin/stores -> 200
    browser_identity_chain_test.go:143: Go transport GET /v1/admin/stores -> 200
    browser_identity_chain_test.go:143: Go transport GET /v1/admin/stores -> 200
    browser_identity_chain_test.go:143: Go transport GET /v1/admin/stores -> 200
    browser_identity_chain_test.go:143: Go transport GET /v1/admin/stores -> 200
    browser_identity_chain_test.go:143: Go transport GET /v1/admin/stores/1a572c46-92e9-4c8f-aa0d-afda82fee7a4/meta-connect/status -> 404
    browser_identity_chain_test.go:143: Go transport GET /v1/admin/stores/1a572c46-92e9-4c8f-aa0d-afda82fee7a4/storefront/domains -> 200
    browser_identity_chain_test.go:143: Go transport GET /v1/admin/stores -> 200
    browser_identity_chain_test.go:143: Go transport GET /v1/admin/stores/1a572c46-92e9-4c8f-aa0d-afda82fee7a4/storefront -> 200
    browser_identity_chain_test.go:143: Go transport GET /v1/admin/stores/1a572c46-92e9-4c8f-aa0d-afda82fee7a4/markets -> 200
    browser_identity_chain_test.go:143: Go transport GET /v1/admin/stores -> 200
    browser_identity_chain_test.go:143: Go transport GET /v1/admin/stores -> 200
    browser_identity_chain_test.go:143: Go transport GET /v1/admin/stores -> 200
    browser_identity_chain_test.go:143: Go transport GET /v1/admin/stores/1a572c46-92e9-4c8f-aa0d-afda82fee7a4/markets/5850eaea-d319-4aee-a38f-7ef7ac6d372c/countries/TW/payment-methods -> 200
    browser_identity_chain_test.go:143: Go transport GET /v1/admin/stores/1a572c46-92e9-4c8f-aa0d-afda82fee7a4/provider-accounts -> 200
    browser_identity_chain_test.go:143: Go transport GET /v1/admin/stores/1a572c46-92e9-4c8f-aa0d-afda82fee7a4/billing/standing -> 200
    browser_identity_chain_test.go:143: Go transport GET /v1/admin/stores/1a572c46-92e9-4c8f-aa0d-afda82fee7a4/markets/5850eaea-d319-4aee-a38f-7ef7ac6d372c/countries/TW/delivery-services -> 200
    browser_identity_chain_test.go:143: Go transport GET /v1/admin/stores -> 200
    browser_identity_chain_test.go:143: Go transport GET /v1/admin/stores -> 200
    browser_identity_chain_test.go:143: Go transport GET /v1/admin/stores -> 200
    browser_identity_chain_test.go:143: Go transport GET /v1/admin/stores -> 200
    browser_identity_chain_test.go:143: Go transport GET /v1/admin/stores -> 200
    browser_identity_chain_test.go:143: Go transport GET /v1/admin/stores -> 200
    browser_identity_chain_test.go:143: Go transport GET /v1/admin/stores -> 200
    browser_identity_chain_test.go:143: Go transport GET /v1/admin/stores/1a572c46-92e9-4c8f-aa0d-afda82fee7a4/meta-connect/status -> 404
    browser_identity_chain_test.go:143: Go transport GET /v1/admin/stores/1a572c46-92e9-4c8f-aa0d-afda82fee7a4/storefront -> 200
    browser_identity_chain_test.go:143: Go transport GET /v1/admin/stores -> 200
    browser_identity_chain_test.go:143: Go transport GET /v1/admin/stores/1a572c46-92e9-4c8f-aa0d-afda82fee7a4/storefront/domains -> 200
    browser_identity_chain_test.go:143: Go transport GET /v1/admin/stores/1a572c46-92e9-4c8f-aa0d-afda82fee7a4/markets -> 200
    browser_identity_chain_test.go:143: Go transport GET /v1/admin/stores -> 200
    browser_identity_chain_test.go:143: Go transport GET /v1/admin/stores -> 200
    browser_identity_chain_test.go:143: Go transport GET /v1/admin/stores -> 200
    browser_identity_chain_test.go:143: Go transport GET /v1/admin/stores/1a572c46-92e9-4c8f-aa0d-afda82fee7a4/markets/5850eaea-d319-4aee-a38f-7ef7ac6d372c/countries/TW/payment-methods -> 200
    browser_identity_chain_test.go:143: Go transport GET /v1/admin/stores/1a572c46-92e9-4c8f-aa0d-afda82fee7a4/billing/standing -> 200
    browser_identity_chain_test.go:143: Go transport GET /v1/admin/stores/1a572c46-92e9-4c8f-aa0d-afda82fee7a4/provider-accounts -> 200
    browser_identity_chain_test.go:143: Go transport GET /v1/admin/stores/1a572c46-92e9-4c8f-aa0d-afda82fee7a4/markets/5850eaea-d319-4aee-a38f-7ef7ac6d372c/countries/TW/delivery-services -> 200
    browser_identity_chain_test.go:143: Go transport GET /v1/admin/stores -> 200
    browser_identity_chain_test.go:143: Go transport GET /v1/admin/stores -> 200
    browser_identity_chain_test.go:143: Go transport GET /v1/admin/stores -> 200
    browser_identity_chain_test.go:143: Go transport GET /v1/admin/stores -> 200
    browser_identity_chain_test.go:143: Go transport GET /v1/admin/stores -> 200
    browser_identity_chain_test.go:143: Go transport GET /v1/admin/stores -> 200
    browser_identity_chain_test.go:143: Go transport GET /v1/admin/stores -> 200
    browser_identity_chain_test.go:143: Go transport GET /v1/admin/stores/1a572c46-92e9-4c8f-aa0d-afda82fee7a4/meta-connect/status -> 404
    browser_identity_chain_test.go:143: Go transport GET /v1/admin/stores -> 200
    browser_identity_chain_test.go:143: Go transport GET /v1/admin/stores/1a572c46-92e9-4c8f-aa0d-afda82fee7a4/storefront -> 200
    browser_identity_chain_test.go:143: Go transport GET /v1/admin/stores/1a572c46-92e9-4c8f-aa0d-afda82fee7a4/storefront/domains -> 200
    browser_identity_chain_test.go:143: Go transport GET /v1/admin/stores -> 200
    browser_identity_chain_test.go:143: Go transport GET /v1/admin/stores/1a572c46-92e9-4c8f-aa0d-afda82fee7a4/markets -> 200
    browser_identity_chain_test.go:143: Go transport GET /v1/admin/stores -> 200
    browser_identity_chain_test.go:143: Go transport GET /v1/admin/stores -> 200
    browser_identity_chain_test.go:143: Go transport GET /v1/admin/stores/1a572c46-92e9-4c8f-aa0d-afda82fee7a4/provider-accounts -> 200
    browser_identity_chain_test.go:143: Go transport GET /v1/admin/stores/1a572c46-92e9-4c8f-aa0d-afda82fee7a4/markets/5850eaea-d319-4aee-a38f-7ef7ac6d372c/countries/TW/payment-methods -> 200
    browser_identity_chain_test.go:143: Go transport GET /v1/admin/stores/1a572c46-92e9-4c8f-aa0d-afda82fee7a4/billing/standing -> 200
    browser_identity_chain_test.go:143: Go transport GET /v1/admin/stores/1a572c46-92e9-4c8f-aa0d-afda82fee7a4/markets/5850eaea-d319-4aee-a38f-7ef7ac6d372c/countries/TW/delivery-services -> 200
    browser_identity_chain_test.go:143: Go transport GET /v1/admin/stores -> 200
    browser_identity_chain_test.go:143: Go transport GET /v1/admin/stores -> 200
    browser_identity_chain_test.go:143: Go transport GET /v1/admin/stores/1a572c46-92e9-4c8f-aa0d-afda82fee7a4/markets -> 200
    browser_identity_chain_test.go:143: Go transport GET /v1/admin/stores/1a572c46-92e9-4c8f-aa0d-afda82fee7a4/provider-accounts -> 200
    browser_identity_chain_test.go:143: Go transport GET /v1/admin/stores -> 200
    browser_identity_chain_test.go:143: Go transport GET /v1/admin/stores -> 200
    browser_identity_chain_test.go:143: Go transport GET /v1/admin/stores/1a572c46-92e9-4c8f-aa0d-afda82fee7a4/markets/5850eaea-d319-4aee-a38f-7ef7ac6d372c/countries/TW/payment-methods -> 200
    browser_identity_chain_test.go:143: Go transport GET /v1/admin/stores/1a572c46-92e9-4c8f-aa0d-afda82fee7a4/markets/5850eaea-d319-4aee-a38f-7ef7ac6d372c/countries/TW/delivery-services -> 200
    browser_identity_chain_test.go:143: Go transport GET /v1/admin/stores -> 200
    browser_identity_chain_test.go:143: Go transport GET /v1/admin/stores -> 200
    browser_identity_chain_test.go:143: Go transport GET /v1/admin/stores -> 200
    browser_identity_chain_test.go:143: Go transport GET /v1/admin/stores -> 200
    browser_identity_chain_test.go:143: Go transport GET /v1/admin/stores -> 200
    browser_identity_chain_test.go:143: Go transport GET /v1/admin/stores -> 200
    browser_identity_chain_test.go:143: Go transport GET /v1/admin/stores/1a572c46-92e9-4c8f-aa0d-afda82fee7a4/meta-connect/status -> 404
    browser_identity_chain_test.go:143: Go transport GET /v1/admin/stores -> 200
    browser_identity_chain_test.go:143: Go transport GET /v1/admin/stores -> 200
    browser_identity_chain_test.go:143: Go transport GET /v1/admin/stores/1a572c46-92e9-4c8f-aa0d-afda82fee7a4/storefront -> 200
    browser_identity_chain_test.go:143: Go transport GET /v1/admin/stores/1a572c46-92e9-4c8f-aa0d-afda82fee7a4/storefront/domains -> 200
    browser_identity_chain_test.go:143: Go transport GET /v1/admin/stores -> 200
    browser_identity_chain_test.go:143: Go transport GET /v1/admin/stores/1a572c46-92e9-4c8f-aa0d-afda82fee7a4/markets -> 200
    browser_identity_chain_test.go:143: Go transport GET /v1/admin/stores/1a572c46-92e9-4c8f-aa0d-afda82fee7a4/provider-accounts -> 200
    browser_identity_chain_test.go:143: Go transport GET /v1/admin/stores/1a572c46-92e9-4c8f-aa0d-afda82fee7a4/billing/standing -> 200
    browser_identity_chain_test.go:143: Go transport GET /v1/admin/stores -> 200
    browser_identity_chain_test.go:143: Go transport GET /v1/admin/stores -> 200
    browser_identity_chain_test.go:143: Go transport GET /v1/admin/stores/1a572c46-92e9-4c8f-aa0d-afda82fee7a4/markets/5850eaea-d319-4aee-a38f-7ef7ac6d372c/countries/TW/payment-methods -> 200
    browser_identity_chain_test.go:143: Go transport GET /v1/admin/stores/1a572c46-92e9-4c8f-aa0d-afda82fee7a4/markets/5850eaea-d319-4aee-a38f-7ef7ac6d372c/countries/TW/delivery-services -> 200
    browser_identity_chain_test.go:143: Go transport GET /v1/admin/stores -> 200
    browser_identity_chain_test.go:143: Go transport GET /v1/admin/stores -> 200
    browser_identity_chain_test.go:143: Go transport GET /v1/admin/stores/1a572c46-92e9-4c8f-aa0d-afda82fee7a4/markets/5850eaea-d319-4aee-a38f-7ef7ac6d372c/countries/TW/payment-methods -> 200
    browser_identity_chain_test.go:143: Go transport GET /v1/admin/stores/1a572c46-92e9-4c8f-aa0d-afda82fee7a4/markets/5850eaea-d319-4aee-a38f-7ef7ac6d372c/countries/TW/delivery-services -> 200
    browser_identity_chain_test.go:143: Go transport GET /v1/admin/stores -> 200
    browser_identity_chain_test.go:143: Go transport GET /v1/admin/stores -> 200
    browser_identity_chain_test.go:143: Go transport GET /v1/admin/stores/1a572c46-92e9-4c8f-aa0d-afda82fee7a4/logistics/ecpay -> 404
    browser_identity_chain_test.go:143: Go transport GET /v1/admin/stores -> 200
    browser_identity_chain_test.go:143: Go transport GET /v1/admin/stores/1a572c46-92e9-4c8f-aa0d-afda82fee7a4/logistics/cvs-settings -> 404
    browser_identity_chain_test.go:143: Go transport GET /v1/admin/stores -> 200
    browser_identity_chain_test.go:143: Go transport GET /v1/admin/stores/1a572c46-92e9-4c8f-aa0d-afda82fee7a4/bank-transfer-settings -> 200
    browser_identity_chain_test.go:143: Go transport GET /v1/admin/stores/1a572c46-92e9-4c8f-aa0d-afda82fee7a4/notification-settings -> 200
    browser_identity_chain_test.go:143: Go transport GET /v1/admin/stores -> 200
    browser_identity_chain_test.go:143: Go transport GET /v1/admin/stores/1a572c46-92e9-4c8f-aa0d-afda82fee7a4/logistics/ecpay -> 404
    browser_identity_chain_test.go:143: Go transport GET /v1/admin/stores -> 200
    browser_identity_chain_test.go:143: Go transport GET /v1/admin/stores -> 200
    browser_identity_chain_test.go:143: Go transport GET /v1/admin/stores/1a572c46-92e9-4c8f-aa0d-afda82fee7a4/markets/5850eaea-d319-4aee-a38f-7ef7ac6d372c/countries/TW/delivery-services/home -> 404
    browser_identity_chain_test.go:143: Go transport GET /v1/admin/stores/1a572c46-92e9-4c8f-aa0d-afda82fee7a4/markets/5850eaea-d319-4aee-a38f-7ef7ac6d372c/countries/TW/delivery-services/home/policy -> 404
    browser_identity_chain_test.go:143: Go transport GET /v1/admin/stores -> 200
    browser_identity_chain_test.go:143: Go transport PUT /v1/admin/stores/1a572c46-92e9-4c8f-aa0d-afda82fee7a4/markets/5850eaea-d319-4aee-a38f-7ef7ac6d372c/countries/TW/delivery-services/home/policy -> 200
    browser_identity_chain_test.go:143: Go transport GET /v1/admin/stores -> 200
    browser_identity_chain_test.go:143: Go transport PUT /v1/admin/stores/1a572c46-92e9-4c8f-aa0d-afda82fee7a4/markets/5850eaea-d319-4aee-a38f-7ef7ac6d372c/countries/TW/delivery-services/home -> 200
    browser_identity_chain_test.go:143: Go transport GET /v1/admin/stores -> 200
    browser_identity_chain_test.go:143: Go transport GET /v1/admin/stores -> 200
    browser_identity_chain_test.go:143: Go transport GET /v1/admin/stores -> 200
    browser_identity_chain_test.go:143: Go transport GET /v1/admin/stores -> 200
    browser_identity_chain_test.go:143: Go transport GET /v1/admin/stores -> 200
    browser_identity_chain_test.go:143: Go transport GET /v1/admin/stores -> 200
    browser_identity_chain_test.go:143: Go transport GET /v1/admin/stores -> 200
    browser_identity_chain_test.go:143: Go transport GET /v1/admin/stores/1a572c46-92e9-4c8f-aa0d-afda82fee7a4/meta-connect/status -> 404
    browser_identity_chain_test.go:143: Go transport GET /v1/admin/stores -> 200
    browser_identity_chain_test.go:143: Go transport GET /v1/admin/stores/1a572c46-92e9-4c8f-aa0d-afda82fee7a4/storefront -> 200
    browser_identity_chain_test.go:143: Go transport GET /v1/admin/stores/1a572c46-92e9-4c8f-aa0d-afda82fee7a4/storefront/domains -> 200
    browser_identity_chain_test.go:143: Go transport GET /v1/admin/stores -> 200
    browser_identity_chain_test.go:143: Go transport GET /v1/admin/stores -> 200
    browser_identity_chain_test.go:143: Go transport GET /v1/admin/stores -> 200
    browser_identity_chain_test.go:143: Go transport GET /v1/admin/stores/1a572c46-92e9-4c8f-aa0d-afda82fee7a4/markets -> 200
    browser_identity_chain_test.go:143: Go transport GET /v1/admin/stores/1a572c46-92e9-4c8f-aa0d-afda82fee7a4/markets/5850eaea-d319-4aee-a38f-7ef7ac6d372c/countries/TW/payment-methods -> 200
    browser_identity_chain_test.go:143: Go transport GET /v1/admin/stores/1a572c46-92e9-4c8f-aa0d-afda82fee7a4/provider-accounts -> 200
    browser_identity_chain_test.go:143: Go transport GET /v1/admin/stores -> 200
    browser_identity_chain_test.go:143: Go transport GET /v1/admin/stores/1a572c46-92e9-4c8f-aa0d-afda82fee7a4/markets/5850eaea-d319-4aee-a38f-7ef7ac6d372c/countries/TW/delivery-services/home/policy -> 200
    browser_identity_chain_test.go:143: Go transport GET /v1/admin/stores/1a572c46-92e9-4c8f-aa0d-afda82fee7a4/markets/5850eaea-d319-4aee-a38f-7ef7ac6d372c/countries/TW/delivery-services -> 200
    browser_identity_chain_test.go:143: Go transport GET /v1/admin/stores/1a572c46-92e9-4c8f-aa0d-afda82fee7a4/billing/standing -> 200
    browser_identity_chain_test.go:143: Go transport GET /v1/admin/stores -> 200
    browser_identity_chain_test.go:143: Go transport GET /v1/admin/stores/1a572c46-92e9-4c8f-aa0d-afda82fee7a4/markets/5850eaea-d319-4aee-a38f-7ef7ac6d372c/countries/TW/delivery-services/home -> 200
    browser_identity_chain_test.go:143: Go transport GET /v1/admin/stores -> 200
    browser_identity_chain_test.go:143: Go transport GET /v1/admin/stores/1a572c46-92e9-4c8f-aa0d-afda82fee7a4/logistics/ecpay -> 404
    browser_identity_chain_test.go:143: Go transport POST /v1/identity/logout -> 204
    browser_identity_chain_test.go:47: PASS: browser -> Next -> Go -> real PG, signed MOCK IdP; evidence=/Volumes/data/live_commerce_architecture_v1/.worktrees/store-domains-ui/output/playwright/settings-real-20261002T113837.998541000
--- PASS: TestBrowserSettingsWizardRealChain (5.38s)
PASS
ok  	livecommerce/tests/foundation	21.817s
PASS: isolated PG + signed MOCK IdP browser chain; fixture removed at exit.
