✔ /products/{uuid} redirects permanently to the zh-TW product page (53.765708ms)
✔ non-uuid ids are 404, never redirected (1.078ms)
✔ transfer view: closed shape and state rules mirror Go validTransferView (0.8025ms)
✔ proof body and result: five digits, positive minor amount, ISO instant (0.194666ms)
✔ minorFromText: major units with at most two decimals, never a float surprise (0.099834ms)
✔ buyer email mirror: one plain address, 254 characters at most (0.101458ms)
✔ countdown: whole hours and minutes, never negative (0.554208ms)
✔ copy: three locales carry every key and every refusal code (0.193542ms)
✔ options: a home row lists modes only with bank_transfer and then needs its window (0.228917ms)
✔ checkoutInput: a home bank_transfer body, the optional trimmed email, and every refusal before any request (3.140708ms)
✔ order: AWAITING_TRANSFER is a valid commercial state without a hold time (0.974666ms)
✔ BFF: exact transfer routes, keyed proof PUT, strict body, validated answers, no generic proxy (162.639542ms)
✔ BFF: transfer refusal codes pass through as definite 422; checkout accepts bank_transfer and a valid email only (1.888708ms)
✔ uncertain prepare blocks all mutations; changed cookie context resolves journal (35.732542ms)
✔ fully parsed local denial clears only its own pending operation (1.869458ms)
✔ malformed journal, unavailable lock and stale context fail before writes (2.907041ms)
✔ BPT05 exact handoff permits absent body/key, one fetch, no form persistence (94.178291ms)
✔ BPT05 wrong handoff form and ordinary writes fail before any fetch (2.593542ms)
✔ BPT05 unresolved cookie journal blocks handoff; lost response is one fetch without persistence (0.184959ms)
✔ SU02 refresh permits absent body/key, one fetch, no persistence (0.201041ms)
✔ SU02 refresh rejects a body, a key or a malformed path before any fetch (0.151042ms)
✔ SU02 cancel permits absent body/key, one fetch, no persistence (0.115375ms)
✔ SU02 cancel rejects a body, a key or a malformed path before any fetch (0.097792ms)
✔ BPT01 exact private path, headers, body and three-locale one-fetch transport (139.130875ms)
✔ BPT02 payment routes reject untrusted path, context, headers, key and body before fetch (6.158917ms)
✔ BPT03 hostile upstream success is sanitized, never returned as payment data (8.800667ms)
✔ BPT04 every handoff failure is nonretryable, including pre-route and transport loss (1.198041ms)
✔ SU02 five routes: exact upstream path, method, key, body, one fetch each (18.601375ms)
✔ SU02 refresh and cancel are keyless and pass every CSRF/context denial before fetch (1.634083ms)
✔ SU02 every handoff/refresh/cancel failure is nonretryable and sanitized (20.18075ms)
✔ SU02 hostile Stripe bodies become the sanitized 503; PAYUNi and Stripe bodies stay byte-identical (34.022792ms)
✔ SU02 prepare accepts only the two known method codes (0.554917ms)
✔ disabled and invalid configuration fail closed before private fetch (118.270666ms)
✔ private authority, cookie lifecycle and strict local denial (15.115917ms)
✔ bad host, cookie, query and method never reach private API (2.80775ms)
✔ stalled inbound POST body is canceled at its deadline without a cookie or private call (1.8155ms)
✔ CVS BFF: exact routes, keyed open/store, keyless verify, validated answers, no generic proxy (75.254ms)
✔ CVS BFF: contract refusal codes pass through; pay_at_pickup_limit is a definite (non-retryable) 429 (1.814959ms)
✔ fragment grammar accepts only one canonical token (1.032334ms)
✔ claim projections are closed (0.72175ms)
✔ claim token rides only its header on B1/B2 and is never echoed (45.94325ms)
✔ CVS01 map form: only the two ECPay e-map actions, exact fields, top-level-safe values (5.347042ms)
✔ CVS02 return path allowlist excludes /claim and anything but the checkout or product page (0.152125ms)
✔ CVS03 selection projection: VERIFIED<=>pickup, REJECTED<=>reject_code, absent keys read as null (0.4725ms)
✔ CVS04 buyer-entered store answer and request body (2.717708ms)
✔ CVS05 store code table (§16.1) keeps leading zeros and per-chain lengths (0.781042ms)
✔ CVS06 recipient mirror: real-name width 4..10 (CJK=2), no digits/symbols/emoji; 09 mobile (1.802208ms)
✔ CVS07 checkout draft: name, phone and mode only; read once; corrupt/foreign shapes are dropped (0.2435ms)
✔ CVS08 return URL: only ?cvs_selection=<uuid> is accepted (0.106834ms)
✔ CVS09 buyer order projection and copy keys: nothing but PICKED_UP says picked up (0.134375ms)
✔ CVS10 error codes: field mapping, definite refusals, official links are https constants (0.229833ms)
✔ CVS11 client transport: verify is the one new keyless POST; the server refusal code rides BuyerClientError.detail (67.663375ms)
✔ every locale x page has a title, an updated line and at least one section (11.248791ms)
✔ locales share the section count and per-section body count of every page (10.619125ms)
✔ final text is only the owner-confirmed company facts (CR 81215167 name + registered address); nothing else is final (0.748291ms)
✔ footer has 6 unique hrefs: 5 legal slugs plus data-deletion, per locale (9.632375ms)
✔ data-deletion path is named in the privacy page of every locale (0.13275ms)
✔ pendingOwnerText lists exactly the rendered markers and is written for the owner (1.236875ms)
✔ a live (claim-origin) price replaces the catalog price and strikes it through (5.698209ms)
✔ without a live price the catalog price and its compare-at are shown unchanged (0.137916ms)
✔ a live price equal to or above the catalog price is shown as set (strike hidden by the UI guard) (0.05975ms)
✔ a live price strikes the catalog price, never the variant sale price (0.048208ms)
✔ order ref: 12 hex (dashes or spaces, any case) or a full id (3.093542ms)
✔ contact: one email or a phone of 6..20 digits (11.335292ms)
✔ body is exactly {order_ref, contact}; the answer is exactly {order_id} (0.264542ms)
✔ BFF lookup: no cookie needed, fresh token goes upstream, cookie only on 200 and it carries that same token (35.181333ms)
✔ BFF lookup: strict local denial before any private fetch (9.0295ms)
✔ copy: three locales carry every key (0.213334ms)
✔ TWD whole amounts show no decimals in every locale and at every magnitude (line, subtotal, total, zero) (9.990125ms)
✔ cents appear only when there are cents, then always as two digits; the minor-unit arithmetic is untouched (0.201917ms)
✔ digits come from the currency: JPY none, USD two when there are cents (0.110334ms)
✔ one formatter: no component, page or lib builds a currency Intl.NumberFormat outside lib/money.ts (119.68825ms)
✔ fragment: exactly #o=<order id>&t=<43-char token>; anything else is null (1.855125ms)
✔ body is exactly {order_id, token, proof}; the answer is exactly the order the link named (0.337875ms)
✔ BFF link: no cookie needed, fresh token upstream, cookie only on a 200 naming the same order, link token never echoed (43.347875ms)
✔ BFF link: strict local denial before any private fetch (5.38675ms)
✔ copy: three locales, one refusal text, a retry and a lookup path (0.355208ms)
✔ BPU01 fresh payment writes exact metadata before prepare, one bodyless Take, no persistent form (57.131875ms)
✔ BPU01 lost prepare response replays original key/body only on explicit next click (7.666166ms)
✔ BPU01 lost handoff is permanently GET-only, even after a second click (0.828333ms)
✔ BPU01 storage, amount, scope and child/screen fences reject before irreversible writes (0.886459ms)
✔ BPU01 document/child loss after prepare but before Take leaves exact replay marker (2.550125ms)
✔ BPU01 malformed server handoff never submits and Take remains nonretryable (1.09525ms)
✔ BPU01 marker replacement before Take and after Take blocks release/form reuse (1.113875ms)
✔ BPU01 context replacement after prepare and after Take closes destination without form (10.830625ms)
✔ BPU01 synchronous destination refuses invalid locale before opening a window (0.177709ms)
✔ SU03 fresh Stripe pay: marker before prepare, one prepare, one handoff, navigate, URL never stored (4.085042ms)
✔ SU03 marker replay: lost prepare response replays key/body, no uncertain on PENDING view with leftover marker (31.712583ms)
✔ SU03 cross-device Continue needs no marker and never prepares (2.044625ms)
✔ SU03 marker/view matrix: PAYUNi marker on Stripe view and Stripe marker on PAYUNi view send nothing (19.173167ms)
✔ SU03 any other view renders without a POST (1.031709ms)
✔ SU03 CREATING: waits on the schedule without the lock, then hands off once when READY (16.264042ms)
✔ SU03 CREATING budget: 10 reads over 30 s, then the blank child is closed, no POST, no throw (10.577375ms)
✔ SU03 cancel_requested seen on the re-GET aborts before the handoff POST (0.571416ms)
✔ SU03 handoff outcomes: CREATING closes child, CLOSED/UNAVAILABLE/error/malformed reject; one POST each, never retried (2.590167ms)
✔ SU03 Stripe prepare errors, amount/currency mismatch and popup loss stop before any handoff (1.164083ms)
✔ SU03 two clicks make two handoff POSTs only because there were two clicks; sequential, none from reads (13.316334ms)
✔ SU03 navigate: validates again, needs an owned blank child, sets used before replace, no URL in errors (0.422917ms)
✔ SU03 refresh signal: keyless single POST, validated, throttled 1/10 s and 30 per page life, cancel never throttled (4.672625ms)
✔ SU03 signal failures are single-shot and sanitized: HTTP error, malformed body, wrong order (0.330458ms)
✔ private quote/option authority fields are required; only exact MANUAL home can checkout (2.265834ms)
✔ continue shopping advances only ordered version, clears hint, keeps SQL history authoritative (26.529333ms)
✔ lost next-cart response retries identical key/body and preserves a newer cart (4.843625ms)
✔ continuation never overwrites an already advanced cart (0.43825ms)
✔ unknown checkout blocks continuation without any business request (0.252583ms)
✔ two queued continuation clicks mutate once; stale order ID cannot clear another order (12.735208ms)
✔ CAS conflict resolves only after a newer cart is read (10.13375ms)
✔ locator removal failure retains next-cart journal and recovery survives missing locator (7.017917ms)
✔ order history summary rejects PII/unknown fields and malformed scope IDs (1.79725ms)
✔ native address validation mirrors printable Unicode, limits and phone; journal forbids PII (5.803459ms)
✔ address lost reply replays exact in-memory intent, then confirms current head (2.795292ms)
✔ address reload requires explicit new intent and exact observed CAS; stale head never auto-bumps (5.196833ms)
✔ old address receipt cannot confirm another tab's newer current head (23.722916ms)
✔ a late address CAS winner requires another explicit confirmation, not an automatic version bump (0.63975ms)
✔ checkout lost reply, queued duplicate and current GET reuse one key and one order (8.983625ms)
✔ uncertain checkout retains original journal across later 401/403/404/5xx and malformed success (2.347083ms)
✔ only a fresh definitive denial clears checkout; no order locator is invented (0.237ms)
✔ locator storage failure after commit retains same key; reload GET failure keeps locator (0.502041ms)
✔ locator persisted but journal removal failed resumes pending receipt, not unrelated pointer (0.396709ms)
✔ unavailable storage, invalid locator and late changed context fail closed (0.261375ms)
✔ order locator readback mismatch and no-op journal removal both retain checkout recovery (0.40875ms)
✔ BPT03 exact valid projection and Go nanosecond UTC timestamps (2.749833ms)
✔ BPT03 view rejects private fields, inconsistent state and malformed names (0.208292ms)
✔ BPT03 prepared receipt enforces exact original credit-card amount (0.069416ms)
✔ BPT03 hosted form and replay are exact, bounded and action-allowlisted (0.749459ms)
✔ SU01 Stripe views: fresh, both methods, attempt states, PAYUNi unchanged (0.191ms)
✔ SU01 Stripe view negatives (0.145167ms)
✔ SU01 prepared amounts follow the corrected per-currency table (0.115709ms)
✔ SU01 Stripe handoff union and every redirect_url negative (0.247875ms)
✔ SU01 payment signal is exactly {order_id, scheduled:boolean} (0.099042ms)
✔ RUI01 refund summary: refunded states, pending money, absent ≡ null (0.144292ms)
✔ RUI01 refund summary negatives (0.132083ms)
✔ BPU03 neutral GET and POST return ignore every callback field and cookie (31.733166ms)
✔ primary origin: exact path/query, same host, and no URL-controlled destination (10.704584ms)
✔ GET and HEAD use trusted Host, private bounded uncached resolver and exact 301 (42.394167ms)
✔ no writes redirected; resolution failures fail closed; unknown hosts keep native 404 (4.135959ms)
✔ policy version is the frozen constant, in the customers-core D4 shape (0.395625ms)
✔ route table: exactly the four buyer privacy routes, methods and body kinds (6.608375ms)
✔ body shapes are closed and mirror the frozen Go inputs (no source, no policy_version) (0.311333ms)
✔ GET privacy validator: closed shape, erased owner holds no consent (0.346667ms)
✔ consent result and erasure summary validators (0.932792ms)
✔ buyer export envelope never carries customer_id (0.233709ms)
✔ failure classification: 410 and erased are the erased state (0.209791ms)
✔ copy: every locale has the same keys, the ads box discloses that sent events cannot be recalled (1.524792ms)
✔ PRO-S1 code mirror: any case and spaces normalise; impossible codes never become a request (1.074791ms)
✔ PRO-S2 promotion object: closed keys, kind/value pairing (0.215834ms)
✔ PRO-S3 quote validator: promotion is optional but never malformed; the discount stays the server's own number (0.274292ms)
✔ PRO-S4 journal grammar: a quote write may carry one canonical promo_code, nothing else (0.357ms)
✔ PRO-S5 copy: three locales cover every refusal code and the same keys (0.43775ms)
✔ PRO-S6 BFF quote route: promo_code relayed untouched when canonical, refused before the private API otherwise (27.229125ms)
✔ PRO-S7 BFF: every promo_* refusal is a definite, non-retryable 422 with its own code (12.373083ms)
✔ demonstration disclosure is explicit and local-only (0.461583ms)
✔ cart selection preserves unrelated SKUs and the observed CAS version (6.585125ms)
✔ minor amounts are bounded before multiplication, including zero (0.073292ms)
✔ delivery identity includes country for one market and method (0.055625ms)
✔ journal is bound to context and rejects PII/unknown fields (0.19975ms)
✔ lost response replays exact key/body, then clears only after parsed receipt (42.47525ms)
✔ RUI02 buyer order admits MERCHANT_SHIPPED only with a SHIPPED head; absent shipment ≡ null (1.53625ms)
✔ RUI02 shipment shape negatives (incl. unsafe links) (0.988833ms)
✔ RUI02 history summary admits MERCHANT_SHIPPED (a shipped order must not break the list) (0.502208ms)
✔ CVSP01 options: CVS rows carry pickup_selection/payment_modes; unavailable rows are a separate shape (1.350416ms)
✔ CVSP02 CVS destination write: TW only, pickup_id required, empty home address; home unchanged (3.963375ms)
✔ CVSP03 checkoutInput: payment_mode only for CVS rows and only a mode the row offers (0.331042ms)
✔ CVSP04 buyer order: pay_at_pickup <=> collection_state; cvs_shipment only on a matching CVS destination (0.229083ms)
✔ CVSP05 journal accepts a CVS destination marker and a checkout body with payment_mode, nothing else (0.155167ms)
✔ design: garbage and hostile documents collapse to the safe default shape (2.6625ms)
✔ design: links, preview token propagation, nav resolution (0.4065ms)
✔ design: any merchant accent yields readable button text and link colour (WCAG AA) (0.600625ms)
✔ variants: resolution, disabled out-of-stock combinations, initial choice, price bounds (0.701042ms)
✔ catalog-v2 parsers accept the frozen shapes and refuse drift (0.446834ms)
✔ free-delivery progress words the hint only when a threshold exists (0.0835ms)
✔ list query: only whitelisted, canonical values survive (0.231167ms)
✔ seo: JSON-LD cannot break out of its script tag; offers reflect stock and price range (15.447834ms)
✔ seo: sitemap escapes and carries hreflang; robots refuses everything for a closed host (0.17975ms)
✔ money: whole amounts drop cents, minor digits come from the currency, filters round-trip (0.468583ms)
✔ cart line write: replaces one line, keeps the others, 0 removes, CAS version is the one shown (2.6385ms)
✔ cart problems map to buyer-facing classes without leaking transport detail (0.31025ms)
✔ checkout options accept the optional free-shipping threshold only as a positive integer or null (0.223958ms)
✔ no-image placeholder copy: exactly the locale label a photo-less card or gallery renders (0.057875ms)
✔ dictionaries have exact parity and non-empty values (0.640083ms)
✔ locale precedence and language quality mapping (0.627042ms)
✔ localized paths preserve deep links and reject dangerous input (0.339084ms)
✔ path locale only matches a canonical first segment (0.053ms)
✔ the four constructs render (2.19ms)
✔ XSS payloads stay inert text (1.464667ms)
✔ fuzz: any string over a hostile alphabet renders only whitelisted tags (30.934667ms)
✔ validator mirrors the Go rules (0.231958ms)
✔ SDN1 allowlist: exactly the contract routes, per method (0.528625ms)
✔ SDN1 allowlist: traversal, case, suffix and prefix tricks never match (0.245541ms)
✔ SDN1 request shape: no query string anywhere, reads carry no body, key, length or transfer-encoding (12.877042ms)
✔ SDN1 cap: 260 KiB = Go's 256 KiB document + 4 KiB envelope, and a body of exactly the cap is still below it (0.062625ms)
✔ SDN2 renderer: every XSS payload comes out as whitelisted tags and escaped text only (0.7715ms)
✔ SDN2 renderer: escape-first means the merchant's text never becomes markup (0.100125ms)
✔ SDN2 renderer: fuzz (seeded) never produces a tag outside the whitelist (25.673459ms)
✔ SDN2 client validator rejects what the server rejects (HTML, non-https links, `<` anywhere) (0.240375ms)
✔ cleanForSave turns cleared fields into null but keeps an empty body (0.412ms)
✔ localIssues names each missing mandatory value by server path (0.522292ms)
✔ moved swaps neighbours and ignores out-of-range moves (0.0725ms)
✔ parsers accept the exact Go shapes and refuse extra or missing keys (0.669958ms)
✔ BFF allowlist covers exactly the design resources (0.797958ms)
✔ validDesignRequest refuses queries and bodies on reads, ignores other paths (45.504375ms)
✔ designDetails forwards only a bounded {path, reason} pair (0.656584ms)
✔ accepts exactly the three locale invite paths with a 20-200 char token (0.399334ms)
✔ rejects anything that is not an exact same-origin relative invite path (0.085917ms)
✔ rejects percent-encoded variants of the exact shape (0.054541ms)
✔ the token is an opaque invite token shape, never a URL (0.049833ms)
✔ fragment carrier: round-trips the exact invite path, is never a query string, and rejects hostile fragments (0.179291ms)
✔ dashboard: accepts the frozen shape, rejects drift (8.274083ms)
✔ import result: strict keys, closed error codes, committed never carries errors (0.346ms)
✔ csv file guard mirrors the Go bounds (0.088042ms)
✔ manual options: only bank_transfer / pay_at_pickup, key must equal market|country|code (0.248ms)
✔ manual result: link is https with the order id and a 43-char capability in the fragment only (0.239416ms)
✔ draft: first problem, and the body has no price-like field at all (0.373458ms)
✔ BFF grammar: exactly the seven tools resources (0.080125ms)
✔ regenerate body/result: exactly {order_id, locale} and a fresh https link naming that order (0.11075ms)
✔ copy parity: every locale has every key, import rules and error codes (0.65875ms)
✔ callback redirect target is always a same-origin /<locale>/settings path whatever the cookies, store, code or error say (2.665417ms)
✔ the binding cookie: exactly one canonical store uuid, path-scoped to the callback, HttpOnly, Lax, 10 minutes, Secure (0.128709ms)
✔ callback query: exactly one code and one state within charset/length bounds; Meta's error=… and repeats are not forwarded (1.768667ms)
✔ the dialog URL the BFF hands the browser is https://www.facebook.com only (0.275667ms)
✔ callback error mapping only ever yields fixed codes, never an upstream message (0.46925ms)
✔ status: not connected, connected with and without Instagram, and every deviation throws (0.908375ms)
✔ pick state: closed shape, optional Instagram keys come as a pair, id must match (0.255458ms)
✔ route grammar: only status/states/pick/disconnect; start and callback are dedicated routes; no query; reads carry no body or key (23.262375ms)
✔ connect cookie, body and callback redirect never carry code/state and only fixed codes (0.32025ms)
✔ copy: three locales have the same keys and every Go error code has a message (0.102584ms)
✔ settings answer: exactly one boolean key (1.95ms)
✔ PUT body is the frozen single key (0.300458ms)
✔ BFF grammar: GET read, PUT keyed command, nothing else (0.563ms)
✔ copy: three locales, same keys, no empty text (0.834958ms)
✔ PRM01 parse: exact keys, kind/value pairing and ranges; duplicates and unknown keys are refused (0.823583ms)
✔ PRM02 Taipei wall time: +08:00 on the wire, instant shown back in Taipei, impossible dates refused (36.605375ms)
✔ PRM03 create body: normalised code, major units to minor units, optional fields null, whole body validated (2.503084ms)
✔ PRM04 update + toggle: version CAS key, form round trip, pause keeps every other field (0.391042ms)
✔ PRM05 BFF grammar: exactly list, create and update; nothing generic (0.182208ms)
✔ PRM06 copy: three locales carry the same keys and every refusal code the Go routes can answer (0.12625ms)
✔ handle suggestions explain reserved and format; fail closed on invalid responses (0.912333ms)
✔ created address is a strict HTTPS origin matching the assigned handle (0.29625ms)
✔ DNS instructions must name the requested origin and a bare hostname target (0.95225ms)
✔ domain kind is authoritative and closed, not inferred from host or token (0.670333ms)
✔ apex DNS retains every concrete IPv4/IPv6 address and rejects malformed values (0.463833ms)
✔ pending domain journal preserves exact action/key/target; legacy or corrupt markers never replay (0.289917ms)
✔ browser-origin gate: every refusal happens before Go is called, for every action (15.823458ms)
✔ only POST exists on the team routes (0.650375ms)
✔ unknown action is a local 404 and never reaches Go (0.255208ms)
✔ strict request grammar: wrong keys, types, ids, roles, locales and token shapes are 422 locally (2.110959ms)
✔ what reaches Go: BFF key, bearer from the cookie, no Cookie/Origin, body unchanged, exactly one call per request (25.801875ms)
✔ Go failures are rebuilt locally from allow-listed codes, never retried, and never echo the token (24.668958ms)
✔ team answer: accepts the frozen shape, null role and OIDC member without email (1.412542ms)
✔ team answer: unknown key, unknown role, bad id, bad mail state are rejected (0.310042ms)
✔ invite and accept answers are strict (0.393584ms)
✔ request grammar: every action has an exact key set and rejects junk values (0.230334ms)
✔ copy: three locales carry the same keys and a label for every role (0.397083ms)
✔ role-aware navigation: hides entries the member's permissions cannot use; unknown shows all; Team is owner-only (0.207083ms)
✔ positive control: a complete, valid configuration raises no META_LOGIN finding (1086.418541ms)
✔ feature off (COMMERCE_META_LOGIN_CONFIG_ID empty): no rule applies even with the other keys empty (373.288333ms)
✔ P06: the Page route needs the webhook receiver (209.535333ms)
✔ P06: sessions come from identity (254.495125ms)
✔ P06: without the claims profile nobody sends the private replies (a WARN, not a FAIL) (273.05525ms)
✔ P08: COMMERCE_META_LOGIN_CONFIG_ID must be numeric ("abc") (237.235416ms)
✔ P08: COMMERCE_META_LOGIN_CONFIG_ID must be numeric ("12 34") (247.9595ms)
✔ P08: COMMERCE_META_LOGIN_CONFIG_ID must be numeric ("111111111111") (260.649458ms)
✔ P08: COMMERCE_META_LOGIN_CONFIG_ID must be numeric ("0x10") (274.080959ms)
✔ P08: COMMERCE_META_LOGIN_CONFIG_ID must be numeric ("-1") (277.421041ms)
✔ P08: COMMERCE_META_LOGIN_REDIRECT_URI must be exactly https://<LC_ADMIN_HOST>/api/meta/callback (wrong host) (297.505583ms)
✔ P08: COMMERCE_META_LOGIN_REDIRECT_URI must be exactly https://<LC_ADMIN_HOST>/api/meta/callback (http scheme) (299.488584ms)
✔ P08: COMMERCE_META_LOGIN_REDIRECT_URI must be exactly https://<LC_ADMIN_HOST>/api/meta/callback (the ads callback path) (387.302417ms)
✔ P08: COMMERCE_META_LOGIN_REDIRECT_URI must be exactly https://<LC_ADMIN_HOST>/api/meta/callback (trailing slash) (403.306958ms)
✔ P08: COMMERCE_META_LOGIN_REDIRECT_URI must be exactly https://<LC_ADMIN_HOST>/api/meta/callback (query string) (272.432416ms)
✔ P08: COMMERCE_META_LOGIN_REDIRECT_URI must be exactly https://<LC_ADMIN_HOST>/api/meta/callback (empty) (232.840916ms)
✔ P08: COMMERCE_META_LOGIN_GRAPH_VERSION grammar vNN.N ("26.0") (240.721208ms)
✔ P08: COMMERCE_META_LOGIN_GRAPH_VERSION grammar vNN.N ("v26") (233.385375ms)
✔ P08: COMMERCE_META_LOGIN_GRAPH_VERSION grammar vNN.N ("v26.0.1") (252.958625ms)
✔ P08: COMMERCE_META_LOGIN_GRAPH_VERSION grammar vNN.N ("latest") (306.89925ms)
✔ P08: COMMERCE_META_LOGIN_GRAPH_VERSION grammar vNN.N ("") (209.863417ms)
✔ P08: COMMERCE_META_LOGIN_GRAPH_VERSION grammar vNN.N ("v1000.0") (225.777167ms)
✔ P08: COMMERCE_META_LOGIN_GRAPH_VERSION accepts v26.0 (241.911834ms)
✔ P08: COMMERCE_META_LOGIN_GRAPH_VERSION accepts v22.0 (874.04825ms)
✔ P08: COMMERCE_META_LOGIN_GRAPH_VERSION accepts v99.9 (431.303875ms)
ℹ tests 279
ℹ suites 0
ℹ pass 279
ℹ fail 0
ℹ cancelled 0
ℹ skipped 0
ℹ todo 0
ℹ duration_ms 9504.948833
NOT_RUN: tests/media/r04-input-runner.test.mjs (COMMERCE_R04_LIVEKIT_BINARY unset)
