✔ /products/{uuid} redirects permanently to the zh-TW product page (122.899166ms)
✔ non-uuid ids are 404, never redirected (8.386167ms)
✔ transfer view: closed shape and state rules mirror Go validTransferView (3.012291ms)
✔ proof body and result: five digits, positive minor amount, ISO instant (0.606791ms)
✔ minorFromText: major units with at most two decimals, never a float surprise (0.152042ms)
✔ buyer email mirror: one plain address, 254 characters at most (1.777084ms)
✔ countdown: whole hours and minutes, never negative (1.218542ms)
✔ copy: three locales carry every key and every refusal code (0.603083ms)
✔ options: a home row lists modes only with bank_transfer and then needs its window (1.014667ms)
✔ checkoutInput: a home bank_transfer body, the optional trimmed email, and every refusal before any request (1.649333ms)
✔ order: AWAITING_TRANSFER is a valid commercial state without a hold time (0.716541ms)
✔ BFF: exact transfer routes, keyed proof PUT, strict body, validated answers, no generic proxy (85.4705ms)
✔ BFF: transfer refusal codes pass through as definite 422; checkout accepts bank_transfer and a valid email only (1.711292ms)
✔ uncertain prepare blocks all mutations; changed cookie context resolves journal (91.102208ms)
✔ fully parsed local denial clears only its own pending operation (1.871292ms)
✔ malformed journal, unavailable lock and stale context fail before writes (1.930125ms)
✔ BPT05 exact handoff permits absent body/key, one fetch, no form persistence (72.396583ms)
✔ BPT05 wrong handoff form and ordinary writes fail before any fetch (1.734416ms)
✔ BPT05 unresolved cookie journal blocks handoff; lost response is one fetch without persistence (0.583584ms)
✔ SU02 refresh permits absent body/key, one fetch, no persistence (0.256833ms)
✔ SU02 refresh rejects a body, a key or a malformed path before any fetch (0.169583ms)
✔ SU02 cancel permits absent body/key, one fetch, no persistence (3.881042ms)
✔ SU02 cancel rejects a body, a key or a malformed path before any fetch (0.209208ms)
✔ BPT01 exact private path, headers, body and three-locale one-fetch transport (53.020167ms)
✔ BPT02 payment routes reject untrusted path, context, headers, key and body before fetch (12.128959ms)
✔ BPT03 hostile upstream success is sanitized, never returned as payment data (10.429ms)
✔ BPT04 every handoff failure is nonretryable, including pre-route and transport loss (1.382708ms)
✔ SU02 five routes: exact upstream path, method, key, body, one fetch each (22.268667ms)
✔ SU02 refresh and cancel are keyless and pass every CSRF/context denial before fetch (4.829209ms)
✔ SU02 every handoff/refresh/cancel failure is nonretryable and sanitized (6.961625ms)
✔ SU02 hostile Stripe bodies become the sanitized 503; PAYUNi and Stripe bodies stay byte-identical (5.956625ms)
✔ SU02 prepare accepts only the two known method codes (3.307791ms)
✔ disabled and invalid configuration fail closed before private fetch (19.450834ms)
✔ private authority, cookie lifecycle and strict local denial (29.890167ms)
✔ bad host, cookie, query and method never reach private API (8.082375ms)
✔ stalled inbound POST body is canceled at its deadline without a cookie or private call (0.951125ms)
✔ CVS BFF: exact routes, keyed open/store, keyless verify, validated answers, no generic proxy (15.697ms)
✔ CVS BFF: contract refusal codes pass through; pay_at_pickup_limit is a definite (non-retryable) 429 (6.886958ms)
✔ fragment grammar accepts only one canonical token (3.263ms)
✔ claim projections are closed (0.866583ms)
✔ claim token rides only its header on B1/B2 and is never echoed (52.084917ms)
✔ CVS01 map form: only the two ECPay e-map actions, exact fields, top-level-safe values (1.480125ms)
✔ CVS02 return path allowlist excludes /claim and anything but the checkout or product page (0.388792ms)
✔ CVS03 selection projection: VERIFIED<=>pickup, REJECTED<=>reject_code, absent keys read as null (0.6325ms)
✔ CVS04 buyer-entered store answer and request body (0.688458ms)
✔ CVS05 store code table (§16.1) keeps leading zeros and per-chain lengths (0.250875ms)
✔ CVS06 recipient mirror: real-name width 4..10 (CJK=2), no digits/symbols/emoji; 09 mobile (0.677ms)
✔ CVS07 checkout draft: name, phone and mode only; read once; corrupt/foreign shapes are dropped (1.461583ms)
✔ CVS08 return URL: only ?cvs_selection=<uuid> is accepted (0.149125ms)
✔ CVS09 buyer order projection and copy keys: nothing but PICKED_UP says picked up (0.472166ms)
✔ CVS10 error codes: field mapping, definite refusals, official links are https constants (0.90075ms)
✔ CVS11 client transport: verify is the one new keyless POST; the server refusal code rides BuyerClientError.detail (59.898792ms)
✔ every locale x page has a title, an updated line and at least one section (90.541208ms)
✔ locales share the section count and per-section body count of every page (1.69675ms)
✔ final text is only the owner-confirmed company facts (CR 81215167 name + registered address); nothing else is final (0.882084ms)
✔ footer has 6 unique hrefs: 5 legal slugs plus data-deletion, per locale (1.607416ms)
✔ data-deletion path is named in the privacy page of every locale (0.296709ms)
✔ pendingOwnerText lists exactly the rendered markers and is written for the owner (2.818541ms)
✔ a live (claim-origin) price replaces the catalog price and strikes it through (1.390291ms)
✔ without a live price the catalog price and its compare-at are shown unchanged (0.334292ms)
✔ a live price equal to or above the catalog price is shown as set (strike hidden by the UI guard) (0.195375ms)
✔ a live price strikes the catalog price, never the variant sale price (0.1365ms)
✔ order ref: 12 hex (dashes or spaces, any case) or a full id (1.225041ms)
✔ contact: one email or a phone of 6..20 digits (0.192333ms)
✔ body is exactly {order_ref, contact}; the answer is exactly {order_id} (0.146042ms)
✔ BFF lookup: no cookie needed, fresh token goes upstream, cookie only on 200 and it carries that same token (42.5145ms)
✔ BFF lookup: strict local denial before any private fetch (3.974667ms)
✔ copy: three locales carry every key (0.566125ms)
✔ TWD whole amounts show no decimals in every locale and at every magnitude (line, subtotal, total, zero) (53.408917ms)
✔ cents appear only when there are cents, then always as two digits; the minor-unit arithmetic is untouched (0.656833ms)
✔ digits come from the currency: JPY none, USD two when there are cents (0.483458ms)
✔ one formatter: no component, page or lib builds a currency Intl.NumberFormat outside lib/money.ts (40.62525ms)
✔ fragment: exactly #o=<order id>&t=<43-char token>; anything else is null (1.904ms)
✔ body is exactly {order_id, token, proof}; the answer is exactly the order the link named (0.575ms)
✔ BFF link: no cookie needed, fresh token upstream, cookie only on a 200 naming the same order, link token never echoed (45.795292ms)
✔ BFF link: strict local denial before any private fetch (1.8965ms)
✔ copy: three locales, one refusal text, a retry and a lookup path (0.248917ms)
✔ BPU01 fresh payment writes exact metadata before prepare, one bodyless Take, no persistent form (33.267292ms)
✔ BPU01 lost prepare response replays original key/body only on explicit next click (7.358458ms)
✔ BPU01 lost handoff is permanently GET-only, even after a second click (3.080041ms)
✔ BPU01 storage, amount, scope and child/screen fences reject before irreversible writes (5.424959ms)
✔ BPU01 document/child loss after prepare but before Take leaves exact replay marker (0.341708ms)
✔ BPU01 malformed server handoff never submits and Take remains nonretryable (0.947583ms)
✔ BPU01 marker replacement before Take and after Take blocks release/form reuse (1.517291ms)
✔ BPU01 context replacement after prepare and after Take closes destination without form (0.823041ms)
✔ BPU01 synchronous destination refuses invalid locale before opening a window (0.150667ms)
✔ SU03 fresh Stripe pay: marker before prepare, one prepare, one handoff, navigate, URL never stored (1.081084ms)
✔ SU03 marker replay: lost prepare response replays key/body, no uncertain on PENDING view with leftover marker (7.123417ms)
✔ SU03 cross-device Continue needs no marker and never prepares (0.513375ms)
✔ SU03 marker/view matrix: PAYUNi marker on Stripe view and Stripe marker on PAYUNi view send nothing (5.5995ms)
✔ SU03 any other view renders without a POST (2.239625ms)
✔ SU03 CREATING: waits on the schedule without the lock, then hands off once when READY (23.315083ms)
✔ SU03 CREATING budget: 10 reads over 30 s, then the blank child is closed, no POST, no throw (102.658541ms)
✔ SU03 cancel_requested seen on the re-GET aborts before the handoff POST (1.504833ms)
✔ SU03 handoff outcomes: CREATING closes child, CLOSED/UNAVAILABLE/error/malformed reject; one POST each, never retried (3.384375ms)
✔ SU03 Stripe prepare errors, amount/currency mismatch and popup loss stop before any handoff (7.625625ms)
✔ SU03 two clicks make two handoff POSTs only because there were two clicks; sequential, none from reads (1.334625ms)
✔ SU03 navigate: validates again, needs an owned blank child, sets used before replace, no URL in errors (0.623833ms)
✔ SU03 refresh signal: keyless single POST, validated, throttled 1/10 s and 30 per page life, cancel never throttled (6.865917ms)
✔ SU03 signal failures are single-shot and sanitized: HTTP error, malformed body, wrong order (10.553417ms)
✔ private quote/option authority fields are required; only exact MANUAL home can checkout (3.893959ms)
✔ continue shopping advances only ordered version, clears hint, keeps SQL history authoritative (22.624958ms)
✔ lost next-cart response retries identical key/body and preserves a newer cart (1.00625ms)
✔ continuation never overwrites an already advanced cart (0.438041ms)
✔ unknown checkout blocks continuation without any business request (0.278583ms)
✔ two queued continuation clicks mutate once; stale order ID cannot clear another order (3.943167ms)
✔ CAS conflict resolves only after a newer cart is read (0.859334ms)
✔ locator removal failure retains next-cart journal and recovery survives missing locator (0.55225ms)
✔ order history summary rejects PII/unknown fields and malformed scope IDs (0.089166ms)
✔ native address validation mirrors printable Unicode, limits and phone; journal forbids PII (2.373ms)
✔ address lost reply replays exact in-memory intent, then confirms current head (2.495667ms)
✔ address reload requires explicit new intent and exact observed CAS; stale head never auto-bumps (3.03675ms)
✔ old address receipt cannot confirm another tab's newer current head (1.086ms)
✔ a late address CAS winner requires another explicit confirmation, not an automatic version bump (1.969417ms)
✔ checkout lost reply, queued duplicate and current GET reuse one key and one order (3.756208ms)
✔ uncertain checkout retains original journal across later 401/403/404/5xx and malformed success (0.668ms)
✔ only a fresh definitive denial clears checkout; no order locator is invented (0.152542ms)
✔ locator storage failure after commit retains same key; reload GET failure keeps locator (0.397959ms)
✔ locator persisted but journal removal failed resumes pending receipt, not unrelated pointer (0.37225ms)
✔ unavailable storage, invalid locator and late changed context fail closed (0.21525ms)
✔ order locator readback mismatch and no-op journal removal both retain checkout recovery (0.360459ms)
✔ BPT03 exact valid projection and Go nanosecond UTC timestamps (8.260042ms)
✔ BPT03 view rejects private fields, inconsistent state and malformed names (0.189958ms)
✔ BPT03 prepared receipt enforces exact original credit-card amount (0.072958ms)
✔ BPT03 hosted form and replay are exact, bounded and action-allowlisted (1.309542ms)
✔ SU01 Stripe views: fresh, both methods, attempt states, PAYUNi unchanged (1.032541ms)
✔ SU01 Stripe view negatives (0.418375ms)
✔ SU01 prepared amounts follow the corrected per-currency table (0.339042ms)
✔ SU01 Stripe handoff union and every redirect_url negative (1.368292ms)
✔ SU01 payment signal is exactly {order_id, scheduled:boolean} (0.316625ms)
✔ RUI01 refund summary: refunded states, pending money, absent ≡ null (0.201375ms)
✔ RUI01 refund summary negatives (0.139167ms)
✔ BPU03 neutral GET and POST return ignore every callback field and cookie (17.413792ms)
✔ primary origin: exact path/query, same host, and no URL-controlled destination (9.299834ms)
✔ GET and HEAD use trusted Host, private bounded uncached resolver and exact 301 (17.44475ms)
✔ no writes redirected; resolution failures fail closed; unknown hosts keep native 404 (0.652ms)
✔ policy version is the frozen constant, in the customers-core D4 shape (0.4165ms)
✔ route table: exactly the four buyer privacy routes, methods and body kinds (0.395417ms)
✔ body shapes are closed and mirror the frozen Go inputs (no source, no policy_version) (0.088042ms)
✔ GET privacy validator: closed shape, erased owner holds no consent (0.117917ms)
✔ consent result and erasure summary validators (0.422708ms)
✔ buyer export envelope never carries customer_id (0.093458ms)
✔ failure classification: 410 and erased are the erased state (0.058458ms)
✔ copy: every locale has the same keys, the ads box discloses that sent events cannot be recalled (1.169042ms)
✔ PRO-S1 code mirror: any case and spaces normalise; impossible codes never become a request (0.446834ms)
✔ PRO-S2 promotion object: closed keys, kind/value pairing (0.609333ms)
✔ PRO-S3 quote validator: promotion is optional but never malformed; the discount stays the server's own number (1.183333ms)
✔ PRO-S4 journal grammar: a quote write may carry one canonical promo_code, nothing else (3.757959ms)
✔ PRO-S5 copy: three locales cover every refusal code and the same keys (1.307958ms)
✔ PRO-S6 BFF quote route: promo_code relayed untouched when canonical, refused before the private API otherwise (44.827625ms)
✔ PRO-S7 BFF: every promo_* refusal is a definite, non-retryable 422 with its own code (9.362417ms)
✔ demonstration disclosure is explicit and local-only (1.555041ms)
✔ cart selection preserves unrelated SKUs and the observed CAS version (11.375792ms)
✔ minor amounts are bounded before multiplication, including zero (0.130291ms)
✔ delivery identity includes country for one market and method (0.080917ms)
✔ journal is bound to context and rejects PII/unknown fields (0.250583ms)
✔ lost response replays exact key/body, then clears only after parsed receipt (25.109ms)
✔ RUI02 buyer order admits MERCHANT_SHIPPED only with a SHIPPED head; absent shipment ≡ null (0.43ms)
✔ RUI02 shipment shape negatives (incl. unsafe links) (0.252625ms)
✔ RUI02 history summary admits MERCHANT_SHIPPED (a shipped order must not break the list) (0.075375ms)
✔ CVSP01 options: CVS rows carry pickup_selection/payment_modes; unavailable rows are a separate shape (0.605417ms)
✔ CVSP02 CVS destination write: TW only, pickup_id required, empty home address; home unchanged (2.0895ms)
✔ CVSP03 checkoutInput: payment_mode only for CVS rows and only a mode the row offers (0.897417ms)
✔ CVSP04 buyer order: pay_at_pickup <=> collection_state; cvs_shipment only on a matching CVS destination (0.423125ms)
✔ CVSP05 journal accepts a CVS destination marker and a checkout body with payment_mode, nothing else (0.215416ms)
✔ design: garbage and hostile documents collapse to the safe default shape (1.029583ms)
✔ design: links, preview token propagation, nav resolution (0.126084ms)
✔ design: any merchant accent yields readable button text and link colour (WCAG AA) (0.23125ms)
✔ variants: resolution, disabled out-of-stock combinations, initial choice, price bounds (0.144792ms)
✔ catalog-v2 parsers accept the frozen shapes and refuse drift (0.331417ms)
✔ free-delivery progress words the hint only when a threshold exists (0.069334ms)
✔ list query: only whitelisted, canonical values survive (0.213375ms)
✔ seo: JSON-LD cannot break out of its script tag; offers reflect stock and price range (18.830666ms)
✔ seo: sitemap escapes and carries hreflang; robots refuses everything for a closed host (0.679209ms)
✔ money: whole amounts drop cents, minor digits come from the currency, filters round-trip (1.010958ms)
✔ cart line write: replaces one line, keeps the others, 0 removes, CAS version is the one shown (4.611375ms)
✔ cart problems map to buyer-facing classes without leaking transport detail (0.093083ms)
✔ checkout options accept the optional free-shipping threshold only as a positive integer or null (0.170625ms)
✔ no-image placeholder copy: exactly the locale label a photo-less card or gallery renders (0.051583ms)
✔ dictionaries have exact parity and non-empty values (0.694125ms)
✔ locale precedence and language quality mapping (0.758958ms)
✔ localized paths preserve deep links and reject dangerous input (0.519541ms)
✔ path locale only matches a canonical first segment (0.301ms)
✔ the four constructs render (1.643416ms)
✔ XSS payloads stay inert text (0.616666ms)
✔ fuzz: any string over a hostile alphabet renders only whitelisted tags (23.695917ms)
✔ validator mirrors the Go rules (0.243042ms)
✔ SDN1 allowlist: exactly the contract routes, per method (0.57775ms)
✔ SDN1 allowlist: traversal, case, suffix and prefix tricks never match (0.259667ms)
✔ SDN1 request shape: no query string anywhere, reads carry no body, key, length or transfer-encoding (14.850208ms)
✔ SDN1 cap: 260 KiB = Go's 256 KiB document + 4 KiB envelope, and a body of exactly the cap is still below it (0.061ms)
✔ SDN2 renderer: every XSS payload comes out as whitelisted tags and escaped text only (0.720333ms)
✔ SDN2 renderer: escape-first means the merchant's text never becomes markup (0.096584ms)
✔ SDN2 renderer: fuzz (seeded) never produces a tag outside the whitelist (52.513ms)
✔ SDN2 client validator rejects what the server rejects (HTML, non-https links, `<` anywhere) (0.206459ms)
✔ cleanForSave turns cleared fields into null but keeps an empty body (0.423ms)
✔ localIssues names each missing mandatory value by server path (3.973041ms)
✔ moved swaps neighbours and ignores out-of-range moves (0.259083ms)
✔ parsers accept the exact Go shapes and refuse extra or missing keys (0.519958ms)
✔ BFF allowlist covers exactly the design resources (0.239417ms)
✔ validDesignRequest refuses queries and bodies on reads, ignores other paths (57.87275ms)
✔ designDetails forwards only a bounded {path, reason} pair (0.200667ms)
✔ accepts exactly the three locale invite paths with a 20-200 char token (0.439667ms)
✔ rejects anything that is not an exact same-origin relative invite path (0.081459ms)
✔ rejects percent-encoded variants of the exact shape (0.050833ms)
✔ the token is an opaque invite token shape, never a URL (0.04275ms)
✔ fragment carrier: round-trips the exact invite path, is never a query string, and rejects hostile fragments (0.175791ms)
✔ dashboard: accepts the frozen shape, rejects drift (15.000833ms)
✔ import result: strict keys, closed error codes, committed never carries errors (2.298917ms)
✔ csv file guard mirrors the Go bounds (0.289167ms)
✔ manual options: only bank_transfer / pay_at_pickup, key must equal market|country|code (0.730709ms)
✔ manual result: link is https with the order id and a 43-char capability in the fragment only (0.904541ms)
✔ draft: first problem, and the body has no price-like field at all (0.942833ms)
✔ BFF grammar: exactly the seven tools resources (0.1025ms)
✔ regenerate body/result: exactly {order_id, locale} and a fresh https link naming that order (0.142458ms)
✔ copy parity: every locale has every key, import rules and error codes (0.68475ms)
✔ callback redirect target is always a same-origin /<locale>/settings path whatever the cookies, store, code or error say (1.692583ms)
✔ the binding cookie: exactly one canonical store uuid, path-scoped to the callback, HttpOnly, Lax, 10 minutes, Secure (0.108959ms)
✔ callback query: exactly one code and one state within charset/length bounds; Meta's error=… and repeats are not forwarded (0.647292ms)
✔ the dialog URL the BFF hands the browser is https://www.facebook.com only (0.146583ms)
✔ callback error mapping only ever yields fixed codes, never an upstream message (0.136916ms)
✔ status: not connected, connected with and without Instagram, and every deviation throws (1.041625ms)
✔ pick state: closed shape, optional Instagram keys come as a pair, id must match (0.279417ms)
✔ route grammar: only status/states/pick/disconnect; start and callback are dedicated routes; no query; reads carry no body or key (21.07875ms)
✔ connect cookie, body and callback redirect never carry code/state and only fixed codes (0.511166ms)
✔ copy: three locales have the same keys and every Go error code has a message (1.94775ms)
✔ settings answer: exactly one boolean key (0.70225ms)
✔ PUT body is the frozen single key (0.068333ms)
✔ BFF grammar: GET read, PUT keyed command, nothing else (0.167375ms)
✔ copy: three locales, same keys, no empty text (0.120709ms)
✔ PRM01 parse: exact keys, kind/value pairing and ranges; duplicates and unknown keys are refused (2.887125ms)
✔ PRM02 Taipei wall time: +08:00 on the wire, instant shown back in Taipei, impossible dates refused (19.885667ms)
✔ PRM03 create body: normalised code, major units to minor units, optional fields null, whole body validated (2.852333ms)
✔ PRM04 update + toggle: version CAS key, form round trip, pause keeps every other field (0.349167ms)
✔ PRM05 BFF grammar: exactly list, create and update; nothing generic (0.167292ms)
✔ PRM06 copy: three locales carry the same keys and every refusal code the Go routes can answer (0.121542ms)
✔ handle suggestions explain reserved and format; fail closed on invalid responses (0.745667ms)
✔ created address is a strict HTTPS origin matching the assigned handle (0.143792ms)
✔ DNS instructions must name the requested origin and a bare hostname target (0.290666ms)
✔ domain kind is authoritative and closed, not inferred from host or token (0.12425ms)
✔ apex DNS retains every concrete IPv4/IPv6 address and rejects malformed values (1.841042ms)
✔ pending domain journal preserves exact action/key/target; legacy or corrupt markers never replay (0.856542ms)
✔ browser-origin gate: every refusal happens before Go is called, for every action (11.307291ms)
✔ only POST exists on the team routes (1.382708ms)
✔ unknown action is a local 404 and never reaches Go (0.423042ms)
✔ strict request grammar: wrong keys, types, ids, roles, locales and token shapes are 422 locally (2.999167ms)
✔ what reaches Go: BFF key, bearer from the cookie, no Cookie/Origin, body unchanged, exactly one call per request (26.861708ms)
✔ Go failures are rebuilt locally from allow-listed codes, never retried, and never echo the token (15.789ms)
✔ team answer: accepts the frozen shape, null role and OIDC member without email (1.087541ms)
✔ team answer: unknown key, unknown role, bad id, bad mail state are rejected (0.291417ms)
✔ invite and accept answers are strict (0.390875ms)
✔ request grammar: every action has an exact key set and rejects junk values (0.202791ms)
✔ copy: three locales carry the same keys and a label for every role (0.387875ms)
✔ role-aware navigation: hides entries the member's permissions cannot use; unknown shows all; Team is owner-only (0.199083ms)
✔ positive control: a complete, valid configuration raises no META_LOGIN finding (2586.349125ms)
✔ feature off (COMMERCE_META_LOGIN_CONFIG_ID empty): no rule applies even with the other keys empty (434.957541ms)
✔ P06: the Page route needs the webhook receiver (339.549708ms)
✔ P06: sessions come from identity (198.971416ms)
✔ P06: without the claims profile nobody sends the private replies (a WARN, not a FAIL) (180.403875ms)
✔ P08: COMMERCE_META_LOGIN_CONFIG_ID must be numeric ("abc") (186.411625ms)
✔ P08: COMMERCE_META_LOGIN_CONFIG_ID must be numeric ("12 34") (191.3715ms)
✔ P08: COMMERCE_META_LOGIN_CONFIG_ID must be numeric ("111111111111") (160.244875ms)
✔ P08: COMMERCE_META_LOGIN_CONFIG_ID must be numeric ("0x10") (183.955792ms)
✔ P08: COMMERCE_META_LOGIN_CONFIG_ID must be numeric ("-1") (178.7225ms)
✔ P08: COMMERCE_META_LOGIN_REDIRECT_URI must be exactly https://<LC_ADMIN_HOST>/api/meta/callback (wrong host) (165.779417ms)
✔ P08: COMMERCE_META_LOGIN_REDIRECT_URI must be exactly https://<LC_ADMIN_HOST>/api/meta/callback (http scheme) (184.737ms)
✔ P08: COMMERCE_META_LOGIN_REDIRECT_URI must be exactly https://<LC_ADMIN_HOST>/api/meta/callback (the ads callback path) (262.560584ms)
✔ P08: COMMERCE_META_LOGIN_REDIRECT_URI must be exactly https://<LC_ADMIN_HOST>/api/meta/callback (trailing slash) (241.411ms)
✔ P08: COMMERCE_META_LOGIN_REDIRECT_URI must be exactly https://<LC_ADMIN_HOST>/api/meta/callback (query string) (239.590292ms)
✔ P08: COMMERCE_META_LOGIN_REDIRECT_URI must be exactly https://<LC_ADMIN_HOST>/api/meta/callback (empty) (209.862209ms)
✔ P08: COMMERCE_META_LOGIN_GRAPH_VERSION grammar vNN.N ("26.0") (348.535375ms)
✔ P08: COMMERCE_META_LOGIN_GRAPH_VERSION grammar vNN.N ("v26") (245.37825ms)
✔ P08: COMMERCE_META_LOGIN_GRAPH_VERSION grammar vNN.N ("v26.0.1") (283.562042ms)
✔ P08: COMMERCE_META_LOGIN_GRAPH_VERSION grammar vNN.N ("latest") (199.493917ms)
✔ P08: COMMERCE_META_LOGIN_GRAPH_VERSION grammar vNN.N ("") (211.260375ms)
✔ P08: COMMERCE_META_LOGIN_GRAPH_VERSION grammar vNN.N ("v1000.0") (163.729792ms)
✔ P08: COMMERCE_META_LOGIN_GRAPH_VERSION accepts v26.0 (169.098917ms)
✔ P08: COMMERCE_META_LOGIN_GRAPH_VERSION accepts v22.0 (173.83925ms)
✔ P08: COMMERCE_META_LOGIN_GRAPH_VERSION accepts v99.9 (280.687959ms)
ℹ tests 279
ℹ suites 0
ℹ pass 279
ℹ fail 0
ℹ cancelled 0
ℹ skipped 0
ℹ todo 0
ℹ duration_ms 9035.87225
NOT_RUN: tests/media/r04-input-runner.test.mjs (COMMERCE_R04_LIVEKIT_BINARY unset)
