✖ A2 grammar refuses private/duplicate/ambiguous cursors and keys on reads (9.078666ms)
✔ A3-A5 exact comment ref and bodies; explicit preemption private only (0.357042ms)
✔ A4/A5 preserve frozen refusal codes, never provider/debug text (0.080208ms)
✔ reset invalidates old buffers and cursor before reread; older page cannot advance live cursor (0.37075ms)
✔ filter resources have only authorised opaque ids; backoff is capped and success resets (0.070584ms)
ℹ tests 5
ℹ suites 0
ℹ pass 4
ℹ fail 1
ℹ cancelled 0
ℹ skipped 0
ℹ todo 0
ℹ duration_ms 87.232958

✖ failing tests:

test at tests/admin/comment-stream.test.ts:28:1
✖ A2 grammar refuses private/duplicate/ambiguous cursors and keys on reads (9.078666ms)
  AssertionError [ERR_ASSERTION]: Instagram webhook fallback epoch is zero
  
  false !== true
  
      at TestContext.<anonymous> (file:///Volumes/data/live_commerce_architecture_v1/.worktrees/lc-u2a-comment-stream/tests/admin/comment-stream.test.ts:29:10)
      at Test.runInAsyncScope (node:async_hooks:227:14)
      at Test.run (node:internal/test_runner/test:1201:25)
      at Test.start (node:internal/test_runner/test:1096:17)
      at startSubtestAfterBootstrap (node:internal/test_runner/harness:385:17) {
    generatedMessage: false,
    code: 'ERR_ASSERTION',
    actual: false,
    expected: true,
    operator: 'strictEqual',
    diff: 'simple'
  }
