=== RUN   TestPlatformOperatorOP08SchemaAndExecuteMatrix
--- PASS: TestPlatformOperatorOP08SchemaAndExecuteMatrix (2.59s)
=== RUN   TestPlatformOperatorOP08LoginsRefusedAndOperatorRuns
--- PASS: TestPlatformOperatorOP08LoginsRefusedAndOperatorRuns (0.44s)
=== RUN   TestPlatformOperatorOP10AutoSendQueuedBeforeSuspensionIsBlocked
--- PASS: TestPlatformOperatorOP10AutoSendQueuedBeforeSuspensionIsBlocked (8.58s)
=== RUN   TestPlatformOperatorOP04bStripeRecordsForSuspendedStore
--- PASS: TestPlatformOperatorOP04bStripeRecordsForSuspendedStore (5.79s)
=== RUN   TestPlatformOperatorOP04bMoneyDefinersDoNotReadSuspensionFlags
--- PASS: TestPlatformOperatorOP04bMoneyDefinersDoNotReadSuspensionFlags (0.03s)
=== RUN   TestPlatformOperatorOP01MerchantStopsAndSiblingUnaffected
--- PASS: TestPlatformOperatorOP01MerchantStopsAndSiblingUnaffected (0.28s)
=== RUN   TestPlatformOperatorOP06IdempotentAndInputBoundaries
--- PASS: TestPlatformOperatorOP06IdempotentAndInputBoundaries (0.16s)
=== RUN   TestPlatformOperatorOP07AuditAppendOnly
--- PASS: TestPlatformOperatorOP07AuditAppendOnly (0.17s)
=== RUN   TestPlatformOperatorOP02BuyerSurface
--- PASS: TestPlatformOperatorOP02BuyerSurface (0.37s)
=== RUN   TestPlatformOperatorOP03ClaimRecordedNoReplyPlanned
--- PASS: TestPlatformOperatorOP03ClaimRecordedNoReplyPlanned (7.98s)
=== RUN   TestPlatformOperatorOP03MailNotClaimedForSuspendedStore
    platform_operator_test.go:399: ERROR: permission denied for table merchant_alerts (SQLSTATE 42501)
--- FAIL: TestPlatformOperatorOP03MailNotClaimedForSuspendedStore (0.09s)
=== RUN   TestPlatformOperatorOP09CLIProcess
--- PASS: TestPlatformOperatorOP09CLIProcess (2.69s)
FAIL
FAIL	livecommerce/tests/foundation	29.967s
FAIL
test-focused: top-level PASS=11 FAIL=1 SKIP=0 exit=1
exit=1
