=== RUN   TestMetaConnectGateState
=== RUN   TestMetaConnectGateState/state_is_bound_to_store_AND_principal:_a_keyed_start_replays_only_for_its_own_principal;_the_key_is_another_principal's_conflict
=== RUN   TestMetaConnectGateState/another_merchant_(other_principal_/_other_store_/_other_tenant)_presenting_the_state_is_refused_and_reaches_no_Meta
=== RUN   TestMetaConnectGateState/single_use:_a_replayed_callback_(same_code_and_state)_is_refused_and_never_reaches_Meta_again
=== RUN   TestMetaConnectGateState/concurrent_callbacks_with_one_state:_exactly_one_wins
=== RUN   TestMetaConnectGateState/expiry_(10_minutes):_an_aged_state_is_refused_410_before_Meta
=== RUN   TestMetaConnectGateState/expiry_on_the_pick_leg:_an_aged_state_refuses_the_pick_with_nothing_enabled
=== RUN   TestMetaConnectGateState/no_open-redirect_surface:_the_callback_accepts_exactly_{code,state};_extra_parameters_are_refused_and_nothing_redirects
--- PASS: TestMetaConnectGateState (8.47s)
    --- PASS: TestMetaConnectGateState/state_is_bound_to_store_AND_principal:_a_keyed_start_replays_only_for_its_own_principal;_the_key_is_another_principal's_conflict (0.03s)
    --- PASS: TestMetaConnectGateState/another_merchant_(other_principal_/_other_store_/_other_tenant)_presenting_the_state_is_refused_and_reaches_no_Meta (0.04s)
    --- PASS: TestMetaConnectGateState/single_use:_a_replayed_callback_(same_code_and_state)_is_refused_and_never_reaches_Meta_again (0.02s)
    --- PASS: TestMetaConnectGateState/concurrent_callbacks_with_one_state:_exactly_one_wins (0.03s)
    --- PASS: TestMetaConnectGateState/expiry_(10_minutes):_an_aged_state_is_refused_410_before_Meta (0.01s)
    --- PASS: TestMetaConnectGateState/expiry_on_the_pick_leg:_an_aged_state_refuses_the_pick_with_nothing_enabled (0.03s)
    --- PASS: TestMetaConnectGateState/no_open-redirect_surface:_the_callback_accepts_exactly_{code,state};_extra_parameters_are_refused_and_nothing_redirects (0.01s)
=== RUN   TestMetaConnectGatePermissions
=== RUN   TestMetaConnectGatePermissions/missing_permission_pages_show_list
=== RUN   TestMetaConnectGatePermissions/missing_permission_pages_manage_metadata
=== RUN   TestMetaConnectGatePermissions/missing_permission_pages_read_engagement
=== RUN   TestMetaConnectGatePermissions/missing_permission_pages_messaging
=== RUN   TestMetaConnectGatePermissions/missing_Page_task_MESSAGING
=== RUN   TestMetaConnectGatePermissions/missing_Page_task_MODERATE
=== RUN   TestMetaConnectGatePermissions/Instagram_kept_but_missing_instagram_basic
=== RUN   TestMetaConnectGatePermissions/Instagram_kept_but_missing_instagram_manage_comments
=== RUN   TestMetaConnectGatePermissions/Instagram_kept_but_missing_instagram_manage_messages
=== RUN   TestMetaConnectGatePermissions/control:_with_every_grant_the_same_Page_picks_(the_refusals_above_are_about_the_grant,_not_the_harness)
--- PASS: TestMetaConnectGatePermissions (1.13s)
    --- PASS: TestMetaConnectGatePermissions/missing_permission_pages_show_list (0.05s)
    --- PASS: TestMetaConnectGatePermissions/missing_permission_pages_manage_metadata (0.04s)
    --- PASS: TestMetaConnectGatePermissions/missing_permission_pages_read_engagement (0.04s)
    --- PASS: TestMetaConnectGatePermissions/missing_permission_pages_messaging (0.04s)
    --- PASS: TestMetaConnectGatePermissions/missing_Page_task_MESSAGING (0.04s)
    --- PASS: TestMetaConnectGatePermissions/missing_Page_task_MODERATE (0.04s)
    --- PASS: TestMetaConnectGatePermissions/Instagram_kept_but_missing_instagram_basic (0.04s)
    --- PASS: TestMetaConnectGatePermissions/Instagram_kept_but_missing_instagram_manage_comments (0.05s)
    --- PASS: TestMetaConnectGatePermissions/Instagram_kept_but_missing_instagram_manage_messages (0.07s)
    --- PASS: TestMetaConnectGatePermissions/control:_with_every_grant_the_same_Page_picks_(the_refusals_above_are_about_the_grant,_not_the_harness) (0.11s)
=== RUN   TestMetaConnectGateOwnership
=== RUN   TestMetaConnectGateOwnership/concurrent_double-pick_of_one_Page_by_three_stores:_exactly_one_wins,_the_others_409_page_taken_without_a_leak
=== RUN   TestMetaConnectGateOwnership/one_store_cannot_hold_two_Pages:_concurrent_picks_of_two_Pages_->_one_201,_the_other_refused
    meta_connect_gate_test.go:556: two concurrent Page picks on one store: [201 201]
=== RUN   TestMetaConnectGateOwnership/same_state_picked_twice_concurrently:_one_201,_one_refusal,_one_credential_head
=== RUN   TestMetaConnectGateOwnership/Instagram_present_/_absent:_IG_is_bound_only_when_present_AND_kept;_asking_for_an_absent_IG_is_refused
--- FAIL: TestMetaConnectGateOwnership (0.93s)
    --- PASS: TestMetaConnectGateOwnership/concurrent_double-pick_of_one_Page_by_three_stores:_exactly_one_wins,_the_others_409_page_taken_without_a_leak (0.33s)
    --- FAIL: TestMetaConnectGateOwnership/one_store_cannot_hold_two_Pages:_concurrent_picks_of_two_Pages_->_one_201,_the_other_refused (0.04s)
    --- PASS: TestMetaConnectGateOwnership/same_state_picked_twice_concurrently:_one_201,_one_refusal,_one_credential_head (0.03s)
    --- PASS: TestMetaConnectGateOwnership/Instagram_present_/_absent:_IG_is_bound_only_when_present_AND_kept;_asking_for_an_absent_IG_is_refused (0.09s)
=== RUN   TestMetaConnectGateCustody
=== RUN   TestMetaConnectGateCustody/no_plaintext_token,_code,_state_or_app_secret_in_any_PG_row_of_any_schema
=== RUN   TestMetaConnectGateCustody/the_stored_credential_is_meta-page-token-v2:_32-byte_encapsulated_key,_sealed_per_binding,_the_user_token_is_not_persisted
=== RUN   TestMetaConnectGateCustody/no_plaintext_token_in_any_API_response_(success_and_error_bodies)
=== RUN   TestMetaConnectGateCustody/no_plaintext_token,_code_or_state_in_service_logs_(slog_+_stderr)_during_the_whole_flow
=== RUN   TestMetaConnectGateCustody/no_token_in_any_Meta-bound_URL;_tokens_travel_in_Authorization_or_JSON_body_only
=== RUN   TestMetaConnectGateCustody/a_v2_credential_opens_only_with_the_claims-worker's_private_ring,_only_under_its_exact_scope
=== RUN   TestMetaConnectGateCustody/audit_rows_exist_for_every_step_and_contain_no_secret_(already_covered_by_the_all-tables_scan_above)
--- PASS: TestMetaConnectGateCustody (0.63s)
    --- PASS: TestMetaConnectGateCustody/no_plaintext_token,_code,_state_or_app_secret_in_any_PG_row_of_any_schema (0.28s)
    --- PASS: TestMetaConnectGateCustody/the_stored_credential_is_meta-page-token-v2:_32-byte_encapsulated_key,_sealed_per_binding,_the_user_token_is_not_persisted (0.00s)
    --- PASS: TestMetaConnectGateCustody/no_plaintext_token_in_any_API_response_(success_and_error_bodies) (0.00s)
    --- PASS: TestMetaConnectGateCustody/no_plaintext_token,_code_or_state_in_service_logs_(slog_+_stderr)_during_the_whole_flow (0.00s)
    --- PASS: TestMetaConnectGateCustody/no_token_in_any_Meta-bound_URL;_tokens_travel_in_Authorization_or_JSON_body_only (0.00s)
    --- PASS: TestMetaConnectGateCustody/a_v2_credential_opens_only_with_the_claims-worker's_private_ring,_only_under_its_exact_scope (0.01s)
    --- PASS: TestMetaConnectGateCustody/audit_rows_exist_for_every_step_and_contain_no_secret_(already_covered_by_the_all-tables_scan_above) (0.00s)
=== RUN   TestMetaConnectGateIntake
=== RUN   TestMetaConnectGateIntake/a_worker_WITHOUT_the_private_ring_(what_the_API_process_is)_cannot_send:_denied_before_dispatch,_no_Graph_call
=== RUN   TestMetaConnectGateIntake/claims-worker_(private_ring)_sends_the_private_reply_on_Facebook_comments_and_Instagram_live_comments_(MOCK)
=== RUN   TestMetaConnectGateIntake/a_non-190_Graph_failure_(429,_5xx)_never_flips_the_card;_a_Graph_190_does,_and_only_that
=== RUN   TestMetaConnectGateIntake/reconnect_(rotated_Page_token)_->_active;_the_next_reply_uses_the_NEW_token;_one_binding_per_asset_still
=== RUN   TestMetaConnectGateIntake/disconnect_stops_intake:_a_webhook_comment_afterwards_makes_no_claim,_no_reply_operation_and_no_Graph_call
--- PASS: TestMetaConnectGateIntake (17.37s)
    --- PASS: TestMetaConnectGateIntake/a_worker_WITHOUT_the_private_ring_(what_the_API_process_is)_cannot_send:_denied_before_dispatch,_no_Graph_call (0.31s)
    --- PASS: TestMetaConnectGateIntake/claims-worker_(private_ring)_sends_the_private_reply_on_Facebook_comments_and_Instagram_live_comments_(MOCK) (2.30s)
    --- PASS: TestMetaConnectGateIntake/a_non-190_Graph_failure_(429,_5xx)_never_flips_the_card;_a_Graph_190_does,_and_only_that (6.24s)
    --- PASS: TestMetaConnectGateIntake/reconnect_(rotated_Page_token)_->_active;_the_next_reply_uses_the_NEW_token;_one_binding_per_asset_still (1.01s)
    --- PASS: TestMetaConnectGateIntake/disconnect_stops_intake:_a_webhook_comment_afterwards_makes_no_claim,_no_reply_operation_and_no_Graph_call (0.03s)
=== RUN   TestMetaConnectGateRoles
=== RUN   TestMetaConnectGateRoles/role_owner
=== RUN   TestMetaConnectGateRoles/role_admin
=== RUN   TestMetaConnectGateRoles/role_live_operator
=== RUN   TestMetaConnectGateRoles/role_fulfilment
=== RUN   TestMetaConnectGateRoles/role_viewer
=== RUN   TestMetaConnectGateRoles/no_session:_refused_(401,_or_422_when_body_validation_runs_first)_and_nothing_is_written
--- PASS: TestMetaConnectGateRoles (0.65s)
    --- PASS: TestMetaConnectGateRoles/role_owner (0.05s)
    --- PASS: TestMetaConnectGateRoles/role_admin (0.03s)
    --- PASS: TestMetaConnectGateRoles/role_live_operator (0.02s)
    --- PASS: TestMetaConnectGateRoles/role_fulfilment (0.03s)
    --- PASS: TestMetaConnectGateRoles/role_viewer (0.03s)
    --- PASS: TestMetaConnectGateRoles/no_session:_refused_(401,_or_422_when_body_validation_runs_first)_and_nothing_is_written (0.00s)
=== RUN   TestMetaConnectGateAPICannotOpen
=== RUN   TestMetaConnectGateAPICannotOpen/cmd/api_dependency_closure_contains_no_opener
=== RUN   TestMetaConnectGateAPICannotOpen/cmd/api_sources_never_name_a_private_ring,_the_v1_AES_keyring_or_an_opener
=== RUN   TestMetaConnectGateAPICannotOpen/compose:_api_mounts_the_public_ring_only;_claims-worker_alone_mounts_the_private_ring
=== RUN   TestMetaConnectGateAPICannotOpen/env_examples:_the_api_env_file_carries_no_private-ring_name
=== RUN   TestMetaConnectGateAPICannotOpen/secrets_manifest:_api_is_never_a_consumer_of_the_private_ring
=== RUN   TestMetaConnectGateAPICannotOpen/the_seal-side_package_exposes_no_open_capability
--- PASS: TestMetaConnectGateAPICannotOpen (0.34s)
    --- PASS: TestMetaConnectGateAPICannotOpen/cmd/api_dependency_closure_contains_no_opener (0.28s)
    --- PASS: TestMetaConnectGateAPICannotOpen/cmd/api_sources_never_name_a_private_ring,_the_v1_AES_keyring_or_an_opener (0.05s)
    --- PASS: TestMetaConnectGateAPICannotOpen/compose:_api_mounts_the_public_ring_only;_claims-worker_alone_mounts_the_private_ring (0.01s)
    --- PASS: TestMetaConnectGateAPICannotOpen/env_examples:_the_api_env_file_carries_no_private-ring_name (0.00s)
    --- PASS: TestMetaConnectGateAPICannotOpen/secrets_manifest:_api_is_never_a_consumer_of_the_private_ring (0.00s)
    --- PASS: TestMetaConnectGateAPICannotOpen/the_seal-side_package_exposes_no_open_capability (0.00s)
FAIL
FAIL	livecommerce/tests/foundation	30.453s
FAIL
test-focused: top-level PASS=6 FAIL=1 SKIP=0 exit=1
