✔ /products/{uuid} redirects permanently to the zh-TW product page (90.0575ms)
✔ non-uuid ids are 404, never redirected (3.321542ms)
✔ AT1: the locale redirect preserves the ad-click query without allowing a redirect target (0.181167ms)
✔ R10: standalone signed signals survive a missing or expired seven-day touch (15.745042ms)
✔ R10: standalone signals reject expiry, bad signature, duplicates and another host (0.96975ms)
✔ AT1 R5: browser identity survives expired touch and rolls for ninety days (0.613375ms)
✔ AT1 R5: missing ad parameters create no cookies; fbclid alone creates no touch (1.244708ms)
✔ AT1 R5: lc_ad alone updates attribution and does not replace fbc (0.813708ms)
✔ AT1: host-only first-party cookies contain no PII and read back exactly (0.927458ms)
✔ AT1: a later valid click replaces the draft but preserves the browser identifier (1.020208ms)
✔ R10: only a different fbclid replaces fbc and its first-seen timestamp (0.605208ms)
✔ AT1: malformed and ambiguous links do not overwrite a valid prior touch (1.312125ms)
✔ AT1: host and key binding reject copied cookies (0.981ms)
✔ AT1: duplicates and tampering invalidate the entire envelope (0.704958ms)
✔ AT1: exactly seven days is valid, the next millisecond and future clicks are not (0.753125ms)
✔ catalog list query limits equal the Go v2 parser (internal/buyerhttp/catalogv2.go) (122.457791ms)
✔ collection list cap equals Go maxCollectionsPerStore (2.844584ms)
✔ design caps equal internal/design/schema.go (nav, sections, pages) (1.778125ms)
✔ CVS buyer-entered store bounds and return path equal Go (internal/checkout/cvs.go, migration 0093) (13.331125ms)
✔ transfer view: closed shape and state rules mirror Go validTransferView (2.490625ms)
✔ proof body and result: five digits, positive minor amount, ISO instant (0.810208ms)
✔ minorFromText: major units with at most two decimals, never a float surprise (0.763792ms)
✔ buyer email mirror: one plain address, 254 characters at most (1.016209ms)
✔ countdown: whole hours and minutes, never negative (5.037875ms)
✔ copy: three locales carry every key and every refusal code (4.083583ms)
✔ options: a home row lists modes only with bank_transfer and then needs its window (5.750833ms)
✔ checkoutInput: a home bank_transfer body, the optional trimmed email, and every refusal before any request (3.886708ms)
✔ order: AWAITING_TRANSFER is a valid commercial state without a hold time (3.689042ms)
✔ BFF: exact transfer routes, keyed proof PUT, strict body, validated answers, no generic proxy (418.927584ms)
✔ BFF: transfer refusal codes pass through as definite 422; checkout accepts bank_transfer and a valid email only (124.919459ms)
✔ D06 order heading follows a settled transfer: never 'waiting for transfer' above a confirmed or expired one (0.892833ms)
✔ uncertain prepare blocks all mutations; changed cookie context resolves journal (265.253292ms)
✔ fully parsed local denial clears only its own pending operation (2.037708ms)
✔ malformed journal, unavailable lock and stale context fail before writes (1.598292ms)
✔ BPT05 exact handoff permits absent body/key, one fetch, no form persistence (29.0705ms)
✔ BPT05 wrong handoff form and ordinary writes fail before any fetch (0.661042ms)
✔ BPT05 unresolved cookie journal blocks handoff; lost response is one fetch without persistence (0.477208ms)
✔ SU02 refresh permits absent body/key, one fetch, no persistence (0.34725ms)
✔ SU02 refresh rejects a body, a key or a malformed path before any fetch (0.815834ms)
✔ SU02 cancel permits absent body/key, one fetch, no persistence (0.30475ms)
✔ SU02 cancel rejects a body, a key or a malformed path before any fetch (0.183042ms)
✔ BPT01 exact private path, headers, body and three-locale one-fetch transport (407.189167ms)
✔ BPT02 payment routes reject untrusted path, context, headers, key and body before fetch (275.085667ms)
✔ BPT03 hostile upstream success is sanitized, never returned as payment data (157.592583ms)
✔ BPT04 every handoff failure is nonretryable, including pre-route and transport loss (23.78775ms)
✔ SU02 five routes: exact upstream path, method, key, body, one fetch each (1.20125ms)
✔ SU02 refresh and cancel are keyless and pass every CSRF/context denial before fetch (13.517583ms)
✔ SU02 every handoff/refresh/cancel failure is nonretryable and sanitized (6.195209ms)
✔ SU02 hostile Stripe bodies become the sanitized 503; PAYUNi and Stripe bodies stay byte-identical (123.306792ms)
✔ SU02 prepare accepts only the two known method codes (6.946292ms)
✔ disabled and invalid configuration fail closed before private fetch (289.466333ms)
✔ private authority, cookie lifecycle and strict local denial (213.850625ms)
✔ bad host, cookie, query and method never reach private API (39.425ms)
✔ stalled inbound POST body is canceled at its deadline without a cookie or private call (2.481792ms)
✔ R10: Begin forwards independently signed signals; browser attribution and forwarded hosts are not authority (122.664083ms)
✔ CVS BFF: exact routes, keyed open/store, keyless verify, validated answers, no generic proxy (388.288125ms)
✔ CVS BFF: contract refusal codes pass through; pay_at_pickup_limit is a definite (non-retryable) 429 (135.320208ms)
✔ fragment grammar accepts only one canonical token (1.905459ms)
✔ claim projections are closed (0.88525ms)
✔ claim token rides only its header on B1/B2 and is never echoed (295.001334ms)
✔ claim-priced cart edits send only SKU and quantity, keeping server price authority (8.019375ms)
✔ direct-checkout sold-out projection is mandatory, boolean and closed (0.385208ms)
✔ claim redeem shares the purchase lock, guards recovery and never persists the token (184.893875ms)
✔ ClaimLink removal projects live-priced survivors on ready and conflict pages (292.76475ms)
✔ ClaimLink revisit checks out applied A while pending B is sold out or unavailable (9.634666ms)
✔ ClaimLink refreshes a nothing result after a second tab applied the claim (6.913875ms)
✔ ClaimLink does not navigate when a buyable claim target is absent or has changed quantity (6.167666ms)
✔ ClaimLink optional prior-order notice tolerates unreadable storage without bypassing recovery (14.323417ms)
✔ CVS01 map form: only the two ECPay e-map actions, exact fields, top-level-safe values (4.359333ms)
✔ CVS02 return path allowlist excludes /claim and anything but the checkout or product page (0.413042ms)
✔ CVS03 selection projection: VERIFIED<=>pickup, REJECTED<=>reject_code, absent keys read as null (1.603625ms)
✔ CVS04 buyer-entered store answer and request body (0.538584ms)
✔ CVS05 store code table (§16.1) keeps leading zeros and per-chain lengths (0.194667ms)
✔ CVS06 recipient mirror: real-name width 4..10 (CJK=2), no digits/symbols/emoji; 09 mobile (0.59ms)
✔ CVS07 checkout draft: name, phone and mode only; read once; corrupt/foreign shapes are dropped (0.219166ms)
✔ CVS08 return URL: only ?cvs_selection=<uuid> is accepted (0.187625ms)
✔ CVS09 buyer order projection and copy keys: nothing but PICKED_UP says picked up (0.2435ms)
✔ CVS10 error codes: field mapping, definite refusals, official links are https constants (0.740333ms)
✔ CVS11 client transport: verify is the one new keyless POST; the server refusal code rides BuyerClientError.detail (161.240791ms)
✔ every locale x page has a title, an updated line and at least one section (1.445041ms)
✔ locales share the section count and per-section body count of every page (0.721375ms)
✔ final text is only the owner-confirmed company facts (CR 81215167 name + registered address); nothing else is final (0.707584ms)
✔ a legal page is published only when every text on it is final; buyers see no link to an unpublished one (2.877083ms)
✔ data-deletion path is named in the privacy page of every locale (0.398125ms)
✔ pendingOwnerText lists exactly the texts that keep a page unpublished and is written for the owner (8.861375ms)
✔ a live (claim-origin) price replaces the catalog price and strikes it through (0.773084ms)
✔ without a live price the catalog price and its compare-at are shown unchanged (0.3645ms)
✔ a live price equal to or above the catalog price is shown as set (strike hidden by the UI guard) (0.069958ms)
✔ a live price strikes the catalog price, never the variant sale price (0.316875ms)
✔ order ref: 12 hex (dashes or spaces, any case) or a full id (1.24575ms)
✔ contact: one email or a phone of 6..20 digits (0.449917ms)
✔ body is exactly {order_ref, contact}; the answer is exactly {order_id} (0.529875ms)
✔ BFF lookup: no cookie needed, fresh token goes upstream, cookie only on 200 and it carries that same token (604.600875ms)
✔ BFF lookup: strict local denial before any private fetch (6.557709ms)
✔ copy: three locales carry every key (0.262917ms)
✔ MS4 srcset descriptors use actual decoded widths and deduplicate small renditions (1.332125ms)
✔ MS1 product rendition allowlist preserves trusted Host and never forwards buyer cookies (325.102708ms)
✔ MS2 invalid, duplicate, extra, encoded widths and non-product variants fail before fetch (6.36325ms)
✔ MS3 old-image fallback is never promoted to immutable; committed variants are cacheable (16.749875ms)
✔ TWD whole amounts show no decimals in every locale and at every magnitude (line, subtotal, total, zero) (22.976375ms)
✔ cents appear only when there are cents, then always as two digits; the minor-unit arithmetic is untouched (0.619541ms)
✔ digits come from the currency: JPY none, USD two when there are cents (1.951917ms)
✔ one formatter: no component, page or lib builds a currency Intl.NumberFormat outside lib/money.ts (12.71275ms)
✔ fragment: exactly #o=<order id>&t=<43-char token>; anything else is null (2.23ms)
✔ body is exactly {order_id, token, proof}; the answer is exactly the order the link named (0.181542ms)
✔ BFF link: no cookie needed, fresh token upstream, cookie only on a 200 naming the same order, link token never echoed (75.88775ms)
✔ BFF link: strict local denial before any private fetch (5.615625ms)
✔ copy: three locales, one refusal text, a retry and a lookup path (0.122083ms)
✔ BPU01 fresh payment writes exact metadata before prepare, one bodyless Take, no persistent form (170.281334ms)
✔ BPU01 lost prepare response replays original key/body only on explicit next click (5.653166ms)
✔ BPU01 lost handoff is permanently GET-only, even after a second click (11.643917ms)
✔ BPU01 storage, amount, scope and child/screen fences reject before irreversible writes (2.709375ms)
✔ BPU01 document/child loss after prepare but before Take leaves exact replay marker (0.717667ms)
✔ BPU01 malformed server handoff never submits and Take remains nonretryable (2.811417ms)
✔ BPU01 marker replacement before Take and after Take blocks release/form reuse (2.444042ms)
✔ BPU01 context replacement after prepare and after Take closes destination without form (3.847292ms)
✔ BPU01 synchronous destination refuses invalid locale before opening a window (0.204125ms)
✔ SU03 fresh Stripe pay: marker before prepare, one prepare, one handoff, navigate, URL never stored (2.56975ms)
✔ SU03 marker replay: lost prepare response replays key/body, no uncertain on PENDING view with leftover marker (5.337333ms)
✔ SU03 cross-device Continue needs no marker and never prepares (0.745042ms)
✔ SU03 marker/view matrix: PAYUNi marker on Stripe view and Stripe marker on PAYUNi view send nothing (30.494875ms)
✔ SU03 any other view renders without a POST (188.056542ms)
✔ SU03 CREATING: waits on the schedule without the lock, then hands off once when READY (79.788625ms)
✔ SU03 CREATING budget: 10 reads over 30 s, then the blank child is closed, no POST, no throw (13.297ms)
✔ SU03 cancel_requested seen on the re-GET aborts before the handoff POST (2.523ms)
✔ SU03 handoff outcomes: CREATING closes child, CLOSED/UNAVAILABLE/error/malformed reject; one POST each, never retried (163.34725ms)
✔ SU03 Stripe prepare errors, amount/currency mismatch and popup loss stop before any handoff (1.793125ms)
✔ SU03 two clicks make two handoff POSTs only because there were two clicks; sequential, none from reads (0.825291ms)
✔ SU03 navigate: validates again, needs an owned blank child, sets used before replace, no URL in errors (0.390125ms)
✔ SU03 refresh signal: keyless single POST, validated, throttled 1/10 s and 30 per page life, cancel never throttled (98.452292ms)
✔ SU03 signal failures are single-shot and sanitized: HTTP error, malformed body, wrong order (0.457542ms)
✔ private quote/option authority fields are required; only exact MANUAL home can checkout (17.091709ms)
✔ continue shopping advances only ordered version, clears hint, keeps SQL history authoritative (222.906833ms)
✔ lost next-cart response retries identical key/body and preserves a newer cart (16.025959ms)
✔ continuation never overwrites an already advanced cart (0.436291ms)
✔ unknown checkout blocks continuation without any business request (8.246375ms)
✔ two queued continuation clicks mutate once; stale order ID cannot clear another order (9.858334ms)
✔ CAS conflict resolves only after a newer cart is read (0.99575ms)
✔ locator removal failure retains next-cart journal and recovery survives missing locator (4.96ms)
✔ order history summary rejects PII/unknown fields and malformed scope IDs (43.467083ms)
✔ native address validation mirrors printable Unicode, limits and phone; journal forbids PII (117.466292ms)
✔ address lost reply replays exact in-memory intent, then confirms current head (1.053416ms)
✔ address reload requires explicit new intent and exact observed CAS; stale head never auto-bumps (32.570542ms)
✔ old address receipt cannot confirm another tab's newer current head (14.778042ms)
✔ a late address CAS winner requires another explicit confirmation, not an automatic version bump (24.948708ms)
✔ checkout lost reply, queued duplicate and current GET reuse one key and one order (0.941666ms)
✔ uncertain checkout retains original journal across later 401/403/404/5xx and malformed success (0.645625ms)
✔ only a fresh definitive denial clears checkout; no order locator is invented (0.168958ms)
✔ locator storage failure after commit retains same key; reload GET failure keeps locator (0.368416ms)
✔ locator persisted but journal removal failed resumes pending receipt, not unrelated pointer (0.3475ms)
✔ unavailable storage, invalid locator and late changed context fail closed (0.202459ms)
✔ order locator readback mismatch and no-op journal removal both retain checkout recovery (0.379375ms)
✔ direct claim continuation refuses a newer ordered cart inside the purchase lock (0.3ms)
✔ direct claim continuation keeps next-cart recovery after a conflicting clear (0.200667ms)
✔ collector projection: admitted for derived connections, absent/null for primary (1.409834ms)
✔ collector rejects identifiers, extra keys and malformed text (0.205333ms)
✔ disclosure renders the contract §5 line with all three slots substituted (0.131833ms)
✔ the disclosure line exists exactly when the hosted view returns a collector (0.239458ms)
✔ a shop or collector name with a replacement pattern is shown literally (0.249ms)
✔ OrderPayment renders the disclosure with the view, above every pay button, through the helper only (1.066917ms)
✔ BPT03 exact valid projection and Go nanosecond UTC timestamps (14.916916ms)
✔ BPT03 view rejects private fields, inconsistent state and malformed names (0.598333ms)
✔ BPT03 prepared receipt enforces exact original credit-card amount (1.259292ms)
✔ BPT03 hosted form and replay are exact, bounded and action-allowlisted (0.263959ms)
✔ SU01 Stripe views: fresh, both methods, attempt states, PAYUNi unchanged (0.175125ms)
✔ SU01 Stripe view negatives (0.128666ms)
✔ SU01 prepared amounts follow the corrected per-currency table (0.114708ms)
✔ SU01 Stripe handoff union and every redirect_url negative (0.247125ms)
✔ SU01 payment signal is exactly {order_id, scheduled:boolean} (0.10475ms)
✔ RUI01 refund summary: refunded states, pending money, absent ≡ null (0.244958ms)
✔ RUI01 refund summary negatives (0.146167ms)
✔ BPU03 neutral GET and POST return ignore every callback field and cookie (221.753125ms)
✔ primary origin: exact path/query, same host, and no URL-controlled destination (123.499042ms)
✔ GET and HEAD use trusted Host, private bounded uncached resolver and exact 301 (24.289292ms)
✔ no writes redirected; resolution failures fail closed; unknown hosts keep native 404 (1.158792ms)
✔ policy version is the frozen constant, in the customers-core D4 shape (2.033875ms)
✔ route table: exactly the four buyer privacy routes, methods and body kinds (1.533667ms)
✔ body shapes are closed and mirror the frozen Go inputs (no source, no policy_version) (8.375875ms)
✔ GET privacy validator: closed shape, erased owner holds no consent (34.671458ms)
✔ consent result and erasure summary validators (55.87175ms)
✔ buyer export envelope never carries customer_id (1.373291ms)
✔ failure classification: 410 and erased are the erased state (1.33375ms)
✔ copy: every locale has the same keys, the ads box discloses that sent events cannot be recalled (0.196ms)
✔ selected option photo uses a main display slot without adding a fifth main image (1.442916ms)
✔ use-cover selection and a main-thumbnail selection restore the original main gallery (0.101708ms)
✔ cart thumbnail uses variant then catalog image_id, including when main images are absent (0.093041ms)
✔ migrated four-main/five-detail images stay separate when the option photo changes (0.116333ms)
✔ real cart-detail composition uses server SKU image_id (v2 detail available) (42.301458ms)
✔ real cart-detail composition uses server SKU image_id (v2 detail unavailable) (1.184583ms)
✔ parity: frontend caps equal the Go constants (2.621375ms)
✔ detail parser: 4 main + 20 detail + option-value images are accepted and mapped (2.234333ms)
✔ detail parser: 5 main, 21 detail, bad ids and over-cap option images are refused (0.723792ms)
✔ detail parser: a backend before product-media-v2 (no new keys) still parses with empty defaults (0.162708ms)
✔ v1 catalog row: images are main-only (<= 4) and image_id is a uuid or null (0.283416ms)
✔ PRO-S1 code mirror: any case and spaces normalise; impossible codes never become a request (0.5215ms)
✔ PRO-S2 promotion object: closed keys, kind/value pairing (0.257291ms)
✔ PRO-S3 quote validator: promotion is optional but never malformed; the discount stays the server's own number (1.500959ms)
✔ PRO-S4 journal grammar: a quote write may carry one canonical promo_code, nothing else (0.767625ms)
✔ PRO-S5 copy: three locales cover every refusal code and the same keys (1.088542ms)
✔ PRO-S6 BFF quote route: promo_code relayed untouched when canonical, refused before the private API otherwise (36.708625ms)
✔ PRO-S7 BFF: every promo_* refusal is a definite, non-retryable 422 with its own code (8.543042ms)
✔ demonstration disclosure is explicit and local-only (1.503583ms)
✔ cart selection preserves unrelated SKUs and the observed CAS version (249.895541ms)
✔ minor amounts are bounded before multiplication, including zero (0.097625ms)
✔ delivery identity includes country for one market and method (0.074084ms)
✔ journal is bound to context and rejects PII/unknown fields (0.237166ms)
✔ lost response replays exact key/body, then clears only after parsed receipt (21.966125ms)
✔ RUI02 buyer order admits MERCHANT_SHIPPED only with a SHIPPED head; absent shipment ≡ null (0.511084ms)
✔ RUI02 shipment shape negatives (incl. unsafe links) (0.251166ms)
✔ RUI02 history summary admits MERCHANT_SHIPPED (a shipped order must not break the list) (0.083166ms)
✔ CVSP01 options: CVS rows carry pickup_selection/payment_modes; unavailable rows are a separate shape (0.340417ms)
✔ CVSP02 CVS destination write: TW only, pickup_id required, empty home address; home unchanged (134.391792ms)
✔ CVSP03 checkoutInput: payment_mode only for CVS rows and only a mode the row offers (1.428292ms)
✔ COD confirmation includes expected fee, enforces collect cap and validates immutable order money (1.12425ms)
✔ CVSP04 buyer order: pay_at_pickup <=> collection_state; cvs_shipment only on a matching CVS destination (1.0605ms)
✔ CVSP05 journal accepts a CVS destination marker and a checkout body with payment_mode, nothing else (0.282292ms)
✔ validProduct accepts up to the Go photo cap and rejects one more (0.93425ms)
✔ design: garbage and hostile documents collapse to the safe default shape (5.590083ms)
✔ design: links, preview token propagation, nav resolution (0.188084ms)
✔ design: any merchant accent yields readable button text and link colour (WCAG AA) (0.293333ms)
✔ variants: resolution, disabled out-of-stock combinations, initial choice, price bounds (0.1755ms)
✔ catalog-v2 parsers accept the frozen shapes and refuse drift (0.525667ms)
✔ free-delivery progress words the hint only when a threshold exists (0.068916ms)
✔ list query: only whitelisted, canonical values survive (0.254542ms)
✔ seo: JSON-LD cannot break out of its script tag; offers reflect stock and price range (54.999166ms)
✔ seo: sitemap escapes and carries hreflang; robots refuses everything for a closed host (0.2ms)
✔ money: whole amounts drop cents, minor digits come from the currency, filters round-trip (0.384416ms)
✔ cart line write: replaces one line, keeps the others, 0 removes, CAS version is the one shown (0.979625ms)
✔ cart problems map to buyer-facing classes without leaking transport detail (0.355083ms)
✔ checkout options accept the optional free-shipping threshold only as a positive integer or null (0.434541ms)
✔ no-image placeholder copy: exactly the locale label a photo-less card or gallery renders (0.070333ms)
✔ storefront image caps equal the Go catalog caps (internal/catalog MaxMainImages, MaxDetailImages) (182.52575ms)
✔ design text limits count code points like Go, never splitting a surrogate pair (2.060083ms)
✔ G3: same-series cards exclude the current product and never invent absent draft/foreign products (2.657166ms)
✔ G5: safety guidance exists in three languages without changing the five merchant policy approval boundaries (3.659041ms)
✔ G4: category chips omit empty collections; hidden collections absent from the public API stay absent (0.353042ms)
✔ OrderHistory renders server order instant in Taipei (19.078ms)
✔ ClaimLink renders claim expiry in Taipei (2.792875ms)
✔ BankTransfer renders deadline and proof instant in Taipei (7.778083ms)
✔ BankTransfer proof echo labels store time in en (2.751292ms)
✔ BankTransfer proof echo labels store time in zh-TW (2.186208ms)
✔ BankTransfer proof echo labels store time in zh-CN (2.024083ms)
✔ ShopFooter uses Taipei year across UTC year boundary (16.231084ms)
✔ BankTransfer deadline labels store time in en (6.036125ms)
✔ BankTransfer deadline labels store time in zh-TW (6.215958ms)
✔ BankTransfer deadline labels store time in zh-CN (1.926625ms)
✔ OrderHistory states the Taipei time zone once in en (1.207ms)
✔ OrderHistory states the Taipei time zone once in zh-TW (7.197833ms)
✔ OrderHistory states the Taipei time zone once in zh-CN (1.644709ms)
✔ dictionaries have exact parity and non-empty values (2.410625ms)
✔ locale precedence and language quality mapping (2.27475ms)
✔ localized paths preserve deep links and reject dangerous input (0.430417ms)
✔ path locale only matches a canonical first segment (0.054958ms)
✔ the four constructs render (2.107417ms)
✔ XSS payloads stay inert text (2.717917ms)
✔ fuzz: any string over a hostile alphabet renders only whitelisted tags (274.131208ms)
✔ validator mirrors the Go rules (0.371583ms)
✔ SDN1 allowlist: exactly the contract routes, per method (4.853459ms)
✔ SDN1 allowlist: traversal, case, suffix and prefix tricks never match (0.844208ms)
✔ SDN1 request shape: no query string anywhere, reads carry no body, key, length or transfer-encoding (155.707666ms)
✔ SDN1 cap: 260 KiB = Go's 256 KiB document + 4 KiB envelope, and a body of exactly the cap is still below it (0.078292ms)
✔ SDN2 renderer: every XSS payload comes out as whitelisted tags and escaped text only (0.811542ms)
✔ SDN2 renderer: escape-first means the merchant's text never becomes markup (0.109791ms)
✔ SDN2 renderer: fuzz (seeded) never produces a tag outside the whitelist (134.672958ms)
✔ SDN2 client validator rejects what the server rejects (HTML, non-https links, `<` anywhere) (0.255792ms)
✔ cleanForSave turns cleared fields into null but keeps an empty body (0.446834ms)
✔ localIssues names each missing mandatory value by server path (0.532792ms)
✔ moved swaps neighbours and ignores out-of-range moves (0.067625ms)
✔ parsers accept the exact Go shapes and refuse extra or missing keys (0.363459ms)
✔ BFF allowlist covers exactly the design resources (0.227209ms)
✔ validDesignRequest refuses queries and bodies on reads, ignores other paths (253.86575ms)
✔ designDetails forwards only a bounded {path, reason} pair (0.260709ms)
✔ accepts exactly the three locale invite paths with a 20-200 char token (0.593458ms)
✔ rejects anything that is not an exact same-origin relative invite path (0.095792ms)
✔ rejects percent-encoded variants of the exact shape (0.054417ms)
✔ the token is an opaque invite token shape, never a URL (0.050917ms)
✔ fragment carrier: round-trips the exact invite path, is never a query string, and rejects hostile fragments (0.220875ms)
✔ dashboard: accepts the frozen shape, rejects drift (5.007375ms)
✔ import result: strict keys, closed error codes, committed never carries errors (1.780209ms)
✔ csv file guard mirrors the Go bounds (0.504708ms)
✔ manual options: a COD home row parses with its offer (D01: the page used to refuse the whole list) (4.367916ms)
✔ manual options: only bank_transfer / pay_at_pickup / cash_on_delivery, key must equal market|country|code (0.291042ms)
✔ manual result: link is https with the order id and a 43-char capability in the fragment only (0.327ms)
✔ draft: first problem, and the body has no price-like field at all (0.452625ms)
✔ BFF grammar: exactly the seven tools resources (0.084417ms)
✔ regenerate body/result: exactly {order_id, locale} and a fresh https link naming that order (0.138584ms)
✔ copy parity: every locale has every key, import rules and error codes (1.361916ms)
✔ callback redirect target is always a same-origin /<locale>/settings path whatever the cookies, store, code or error say (4.917625ms)
✔ the binding cookie: exactly one canonical store uuid, path-scoped to the callback, HttpOnly, Lax, 10 minutes, Secure (0.507667ms)
✔ callback query: exactly one code and one state within charset/length bounds; Meta's error=… and repeats are not forwarded (1.4655ms)
✔ the dialog URL the BFF hands the browser is https://www.facebook.com only (0.165459ms)
✔ callback error mapping only ever yields fixed codes, never an upstream message (0.133791ms)
✔ selected Page qualifies only a bare Facebook id, never rewrites another Page or external URL (0.61175ms)
✔ status: not connected, connected with and without Instagram, and every deviation throws (1.585334ms)
✔ pick state: closed shape, optional Instagram keys come as a pair, id must match (0.306542ms)
✔ route grammar: only status/states/pick/disconnect; start and callback are dedicated routes; no query; reads carry no body or key (20.075042ms)
✔ connect cookie, body and callback redirect never carry code/state and only fixed codes (0.319ms)
✔ copy: three locales have the same keys and every Go error code has a message (0.108041ms)
✔ review-required remains restricted; evidence does not promote state (2.980041ms)
✔ legacy omission remains unidentified, independent of array order (0.23225ms)
✔ closed shapes reject unknown state/provider/evidence, leaked fields and inconsistent severity (0.249083ms)
✔ duplicate capabilities/pages and unbounded arrays cannot become trusted state (0.108375ms)
✔ worst Page determines advice, no raw upstream reason reaches copy (0.126042ms)
✔ recheck receipt means scheduled; timestamps and closed keys are checked (0.094709ms)
✔ exact keyless route grammar rejects query/key/body confusion (27.347583ms)
✔ recheck takes exactly page_id and no caller-provided scope (0.145333ms)
✔ blocking advice comes from the blocking capability, not a secondary public-reply warning (0.102042ms)
✔ clean health browser mode prepares admin standalone before starting its fixture (34.566292ms)
✔ en: expired connection retains its full refusal inside a wrapping badge (11.354542ms)
✔ zh-TW: expired connection retains its full refusal inside a wrapping badge (0.849916ms)
✔ zh-CN: expired connection retains its full refusal inside a wrapping badge (0.513292ms)
✔ actual B1 snapshot state remains ok even when a fixture expected review_required (0.113959ms)
✔ D02 TWD input: whole dollars only, x100 on the wire (80.754209ms)
✔ D02 TWD edit text: whole dollars have no decimals; a legacy amount with cents is never shown as another price (0.329625ms)
✔ D02 display: NT$ without decimals in every language, cents only when there are cents (10.671166ms)
✔ D02 live-price input (Studio claims): TWD whole dollars, other currencies their decimals (0.456584ms)
✔ D02 discount code amounts: TWD whole dollars, a decimal is refused before it is sent (0.356708ms)
✔ D02 no admin copy or component says 'minor units' to the merchant (383.422291ms)
✔ M06 time: Asia/Taipei everywhere, labelled, never UTC (159.8305ms)
✔ settings answer: exactly one boolean key (0.972958ms)
✔ PUT body is the frozen single key (0.071292ms)
✔ BFF grammar: GET read, PUT keyed command, nothing else (0.202708ms)
✔ copy: three locales, same keys, no empty text (0.124708ms)
✔ PRM01 parse: exact keys, kind/value pairing and ranges; duplicates and unknown keys are refused (3.080042ms)
✔ PRM02 Taipei wall time: +08:00 on the wire, instant shown back in Taipei, impossible dates refused (13.308916ms)
✔ PRM03 create body: normalised code, major units to minor units, optional fields null, whole body validated (2.439666ms)
✔ PRM04 update + toggle: version CAS key, form round trip, pause keeps every other field (0.440583ms)
✔ PRM05 BFF grammar: exactly list, create and update; nothing generic (0.156625ms)
✔ PRM06 copy: three locales carry the same keys and every refusal code the Go routes can answer (0.114542ms)
✔ G-UI3/G-UI5 architecture constraints pass with shrinking legacy exceptions (1524.645584ms)
✔ G-UI3/G-UI5 negatives: new formatter, component fetch, >800 lines and wider allowance fail (0.502625ms)
✔ Readiness jump controls expose the actual active section, not a click flag (0.577708ms)
✔ Integrator P2: legal CN comment ordering and a distinct three-image recommendation (0.154125ms)
✔ ADM04 and ADM06 explain unavailable SKUs and keep collection vocabulary consistent (0.228ms)
✔ ADM06 create/detail titles share the route vocabulary without adding a phantom Next page (0.313583ms)
✔ G-UI1 Next pages and route registry are bidirectional, unique, typed, documented (1.917583ms)
✔ G-UI1 copy key parity: no missing or extra key in any locale (0.2905ms)
✔ G-UI2 staff without catalog:read cannot see products/inventory or open a product URL (1.007208ms)
✔ G-UI2 every route permission is a permission Go knows, and /orders/new needs inventory:reserve (788.703833ms)
✔ G-UI1 dynamic and public routes match, details never appear as navigation (0.559167ms)
✔ W6-U2 ledger is a settings in-page route, preserving existing navigation (0.208167ms)
✔ Every browser spec clicks nav-orders: the orders group stays a singleton, so returns/new/print routes are nav: false (0.84925ms)
✔ created address is a strict HTTPS origin matching the assigned handle (0.579667ms)
✔ DNS instructions must name the requested origin and a bare hostname target (0.780292ms)
✔ domain kind is authoritative and closed, not inferred from host or token (1.23425ms)
✔ apex DNS retains every concrete IPv4/IPv6 address and rejects malformed values (4.062334ms)
✔ pending domain journal preserves exact action/key/target; legacy or corrupt markers never replay (0.682417ms)
✔ browser-origin gate: every refusal happens before Go is called, for every action (360.864083ms)
✔ only POST exists on the team routes (319.832625ms)
✔ unknown action is a local 404 and never reaches Go (176.753417ms)
✔ strict request grammar: wrong keys, types, ids, roles, locales and token shapes are 422 locally (289.528125ms)
✔ what reaches Go: BFF key, bearer from the cookie, no Cookie/Origin, body unchanged, exactly one call per request (180.617958ms)
✔ Go failures are rebuilt locally from allow-listed codes, never retried, and never echo the token (519.290333ms)
✔ team answer: accepts the frozen shape, null role and OIDC member without email (1.681583ms)
✔ team answer: unknown key, unknown role, bad id, bad mail state are rejected (0.436958ms)
✔ invite and accept answers are strict (0.512584ms)
✔ request grammar: every action has an exact key set and rejects junk values (0.855042ms)
✔ copy: three locales carry the same keys and a label for every role (1.386917ms)
✔ role-aware navigation: hides entries the member's permissions cannot use; unknown shows all; Team is owner-only (0.921083ms)
✔ P02 settlements directory rejects missing/link/owner/group/mode with a valid control (1828.29725ms)
✔ preflight health permission grammars and API/worker consistency fail closed (4737.708917ms)
✔ merchant alert flag is explicit 0|1 and independently requires SMTP (4551.017333ms)
✔ shared loader makes API/worker LIVE pair file-only before Compose interpolation (673.317125ms)
✔ export bind accepts omitted JSON false but rejects unsafe source/config mutations (3.054042ms)
✔ sanctioned operator allowlist and fail-closed gates (fake docker, no network) (2944.262667ms)
✔ platform operator custody, export mount and binary are wired (221.037875ms)
✔ actual export bind refuses a missing directory; enabling auto-create is detected (576.52975ms)
✔ R3 preflight rejects cancelled PAYUNi, validates Page app and keeps LIVE pair mandatory (1289.456334ms)
✔ R3 smoke exercises exact denied probes, accepts 404 only for disabled mounts (117.505166ms)
✔ positive control: a complete, valid configuration raises no META_LOGIN finding (2199.256042ms)
✔ feature off (COMMERCE_META_LOGIN_CONFIG_ID empty): no rule applies even with the other keys empty (617.976ms)
✔ P06: the Page route needs the webhook receiver (573.044375ms)
✔ P06: sessions come from identity (518.7045ms)
✔ P06: without the claims profile nobody sends the private replies (a WARN, not a FAIL) (461.562583ms)
✔ P08: COMMERCE_META_LOGIN_CONFIG_ID must be numeric ("abc") (531.287042ms)
✔ P08: COMMERCE_META_LOGIN_CONFIG_ID must be numeric ("12 34") (514.739667ms)
✔ P08: COMMERCE_META_LOGIN_CONFIG_ID must be numeric ("111111111111") (628.188542ms)
✔ P08: COMMERCE_META_LOGIN_CONFIG_ID must be numeric ("0x10") (521.426292ms)
✔ P08: COMMERCE_META_LOGIN_CONFIG_ID must be numeric ("-1") (532.98575ms)
✔ P08: COMMERCE_META_LOGIN_REDIRECT_URI must be exactly https://<LC_ADMIN_HOST>/api/meta/callback (wrong host) (719.557416ms)
✔ P08: COMMERCE_META_LOGIN_REDIRECT_URI must be exactly https://<LC_ADMIN_HOST>/api/meta/callback (http scheme) (590.819917ms)
✔ P08: COMMERCE_META_LOGIN_REDIRECT_URI must be exactly https://<LC_ADMIN_HOST>/api/meta/callback (the ads callback path) (489.940167ms)
✔ P08: COMMERCE_META_LOGIN_REDIRECT_URI must be exactly https://<LC_ADMIN_HOST>/api/meta/callback (trailing slash) (676.317166ms)
✔ P08: COMMERCE_META_LOGIN_REDIRECT_URI must be exactly https://<LC_ADMIN_HOST>/api/meta/callback (query string) (451.572958ms)
✔ P08: COMMERCE_META_LOGIN_REDIRECT_URI must be exactly https://<LC_ADMIN_HOST>/api/meta/callback (empty) (456.300041ms)
✔ P08: COMMERCE_META_LOGIN_GRAPH_VERSION grammar vNN.N ("26.0") (417.786291ms)
✔ P08: COMMERCE_META_LOGIN_GRAPH_VERSION grammar vNN.N ("v26") (439.372833ms)
✔ P08: COMMERCE_META_LOGIN_GRAPH_VERSION grammar vNN.N ("v26.0.1") (336.2045ms)
✔ P08: COMMERCE_META_LOGIN_GRAPH_VERSION grammar vNN.N ("latest") (345.906542ms)
✔ P08: COMMERCE_META_LOGIN_GRAPH_VERSION grammar vNN.N ("") (388.737958ms)
✔ P08: COMMERCE_META_LOGIN_GRAPH_VERSION grammar vNN.N ("v1000.0") (436.801375ms)
✔ P08: COMMERCE_META_LOGIN_GRAPH_VERSION accepts v26.0 (254.485083ms)
✔ P08: COMMERCE_META_LOGIN_GRAPH_VERSION accepts v22.0 (206.675042ms)
✔ P08: COMMERCE_META_LOGIN_GRAPH_VERSION accepts v99.9 (231.706667ms)
✔ production without any alert channel is a FAIL (nobody would hear the next outage) (2064.212292ms)
✔ outside production the same gap is only a WARN (769.152208ms)
✔ a webhook alone satisfies the rule (528.108334ms)
✔ an e-mail target with a complete relay (host, username, secret) satisfies the rule (457.221334ms)
✔ an e-mail target without the relay secret cannot be sent: FAIL in production, WARN elsewhere (943.47675ms)
✔ the example's CHANGE_ME_SENDER placeholder is not a relay: the e-mail target cannot be sent (461.732375ms)
✔ LC_ALERT_EMAIL must be one plain address ("not-an-address") (710.5365ms)
✔ LC_ALERT_EMAIL must be one plain address ("two@fake.invalid,three@fake.invalid") (715.145ms)
✔ LC_ALERT_EMAIL must be one plain address ("a b@fake.invalid") (757.828041ms)
✔ LC_ALERT_EMAIL must be one plain address ("<owner@fake.invalid>") (582.704959ms)
✔ LC_ALERT_EMAIL must be one plain address ("owner@fake") (506.844625ms)
✔ storefront cart-line removal is reversible: clicked for real, not guarded (2.537167ms)
✔ destructive / irreversible / sign-out classification (owner list, en + zh) (2.076792ms)
✔ alike controls (rows with ids / numbers) share one class key (0.462167ms)
✔ known defects classify, never silence: stale entries are reported (1.510667ms)
✔ the markdown ledger has one row per interaction and names the verdict (0.271833ms)
✔ protocolHrefOK accepts well-formed tel:/mailto: and rejects malformed ones (0.373792ms)
✔ J1 waits for enabled media and clicks a real chooser; the uploaded cover is bound to the main section (1275.667ms)
✔ J1 cannot credit a detail-image receipt as the main cover (0.693375ms)
✔ J1 refuses a failed cover upload rather than continuing to activate (0.22125ms)
✔ thresholds are the named constants of the brief (1.854167ms)
✔ R1: document wider than the viewport, and the outermost element past the edge (0.227209ms)
✔ R2: label tops, control tops and control heights of one visual row (1.142292ms)
✔ R2: what is one row and what is not (0.524125ms)
✔ R2: a button beside a field has to line up with its control (0.756375ms)
✔ R3: a row made tall by stacked controls, a control wider than its cell (0.631292ms)
✔ R3: a matrix whose EVERY row is doubled by a stacked stock cell (the median cannot see it) (20.189917ms)
✔ R4: small text, helper text apart, icons and duplicates excepted (0.806334ms)
✔ R5: tap targets on the 390 viewport only (2.006666ms)
✔ R6: interactive elements and text boxes that overlap (0.65675ms)
✔ R7: text clipped inside a control or label (either side), and select values that do not fit (0.902125ms)
✔ R8: the same visible label twice in one list (0.334417ms)
✔ evaluate() tags severity, selectRecords() keeps distinct groups first and counts every instance (1.188292ms)
✔ R9: text and controls flush to the screen edge at 390 (3.509958ms)
✔ R6/R9 judge the visible (ancestor-clipped) rectangle, not the raw one (integrator ruling 2026-10-05) (0.762417ms)
✔ R10: a fixed or sticky bar covering main content after scrolling (0.7625ms)
✔ R11: controls narrower than a usable width (1.800041ms)
ℹ tests 431
ℹ suites 0
ℹ pass 431
ℹ fail 0
ℹ cancelled 0
ℹ skipped 0
ℹ todo 0
ℹ duration_ms 20922.881083
✔ closed projections reject secret-shaped extras, invalid enums, IDs and contradictory capabilities (0.981708ms)
✔ detail accepts only bounded events and keeps actual server action flags (0.775708ms)
✔ BFF exact routes and request grammar forbid keys/body on reads, filters on detail and arbitrary writes (14.897541ms)
✔ copy parity, safe object navigation and UNKNOWN/protective reasons (0.192459ms)
✔ read-only store capability never exposes a command even if the state allows one (0.064417ms)
✔ duplicate escaped keys cannot bypass the exact command grammar (0.049959ms)
✔ query backoff affects only its operation and expires without another action (0.050791ms)
✔ merchant reason text translates ledger events and conceals unknown or prototype codes (0.130583ms)
✔ ledger read navigation requires effective integration:read permission regardless of role (0.109084ms)
ℹ tests 9
ℹ suites 0
ℹ pass 9
ℹ fail 0
ℹ cancelled 0
ℹ skipped 0
ℹ todo 0
ℹ duration_ms 110.317667
✔ OrderHistory renders server order instant in Taipei (20.243208ms)
✔ ClaimLink renders claim expiry in Taipei (5.733666ms)
✔ BankTransfer renders deadline and proof instant in Taipei (3.301666ms)
✔ BankTransfer proof echo labels store time in en (2.504542ms)
✔ BankTransfer proof echo labels store time in zh-TW (2.843333ms)
✔ BankTransfer proof echo labels store time in zh-CN (2.109708ms)
✔ ShopFooter uses Taipei year across UTC year boundary (4.301458ms)
✔ BankTransfer deadline labels store time in en (2.610084ms)
✔ BankTransfer deadline labels store time in zh-TW (1.943792ms)
✔ BankTransfer deadline labels store time in zh-CN (2.147666ms)
✔ OrderHistory states the Taipei time zone once in en (1.578625ms)
✔ OrderHistory states the Taipei time zone once in zh-TW (1.295291ms)
✔ OrderHistory states the Taipei time zone once in zh-CN (1.366834ms)
✔ Meta rejection wording is preserved as bounded Unicode text, never translated (3.125791ms)
✔ frozen error codes: model list equals the frozen list, each is read from both error shapes (0.638917ms)
✔ copy: every code, status, op state and connect error has text in all three locales (0.658375ms)
✔ copy never calls a budget a hard stop and never offers resume (0.461292ms)
✔ draft: every §5.1 status parses; unknown status/template/op state is an error, never guessed (0.742416ms)
✔ draft: optional fields, remote ids and the Ads Manager link (0.507458ms)
✔ action hints: pause whenever a remote id exists and not ENDED; a paused draft is only ever copied (X7) (0.363417ms)
✔ money: whole units to minor with integer math; TWD must be whole (14.147583ms)
✔ Taipei schedule: wall inputs and draft projections ignore the viewer zone (5.746875ms)
✔ Taipei schedule: invalid calendar days are rejected and all copy names UTC+8 (0.734458ms)
✔ draft input: exact 11-key body and every local rule (8.350542ms)
✔ draft form round trip and X7 copy (blank schedule, no id, no revision) (0.469833ms)
✔ settings parser: environment enum, connections, identities, capi (1.146333ms)
✔ connect state parser: pick list kinds and id match (0.379917ms)
✔ report: three separate blocks, orders may be null, no combined figure (0.550958ms)
✔ default report window is the Asia/Taipei store day whatever the viewer's zone is (Taipei midnight boundary) (6.002292ms)
✔ capi body and validation (0.241583ms)
✔ W6-06B unbind response: exact keys, account, UUIDs and outcome semantics (0.224125ms)
✔ W6-06B in-flight details preserve bounded items and total, reject unknown shapes (0.33225ms)
✔ W6-06B catalog feed has exact public URL/domain pairs or published-store empty (0.229291ms)
✔ W6-06B copy preserves unbind boundaries and feed recovery in three locales (0.476209ms)
✔ W6-06B feed selection follows origin order, not full feed URL order (0.099125ms)
✔ customer list accepts the frozen row and rejects unknown keys, dup ids, bad cursor, oversize (4.774083ms)
✔ customer row invariants: nulls for bundle-only/erased, counts, money, consents (0.984583ms)
✔ customer detail: bounded lists, order summaries reuse the orders parser, id must match (3.535666ms)
✔ erasure summary is four counts only (0.133375ms)
✔ finance summary: net = captured - refunded (I05), totals carry an empty day, sandbox flag (0.369709ms)
✔ financeDay is the UTC+8 day (0.077042ms)
✔ finance defaults keep Taipei dates across midnight, leap day and year end (0.186417ms)
✔ tags and notes are parsed strictly (W6-01B) (0.858125ms)
✔ TSX seam refuses an unlisted import (6.632416ms)
✔ Ads merchant timestamp uses Taipei at the year boundary (15.003458ms)
✔ Design version published_at cell uses Taipei at the year boundary (3.1005ms)
✔ ManualOrder bank-transfer expiry uses Taipei at the year boundary (4.16775ms)
ℹ tests 47
ℹ suites 0
ℹ pass 47
ℹ fail 0
ℹ cancelled 0
ℹ skipped 0
ℹ todo 0
ℹ duration_ms 209.614792
✔ OrderHistory renders server order instant in Taipei (11.445417ms)
✔ ClaimLink renders claim expiry in Taipei (5.565625ms)
✔ BankTransfer renders deadline and proof instant in Taipei (5.918583ms)
✔ BankTransfer proof echo labels store time in en (4.44325ms)
✔ BankTransfer proof echo labels store time in zh-TW (4.109041ms)
✔ BankTransfer proof echo labels store time in zh-CN (3.282417ms)
✔ ShopFooter uses Taipei year across UTC year boundary (3.144417ms)
✔ BankTransfer deadline labels store time in en (2.81825ms)
✔ BankTransfer deadline labels store time in zh-TW (4.413ms)
✔ BankTransfer deadline labels store time in zh-CN (1.90025ms)
✔ OrderHistory states the Taipei time zone once in en (1.512625ms)
✔ OrderHistory states the Taipei time zone once in zh-TW (1.393292ms)
✔ OrderHistory states the Taipei time zone once in zh-CN (1.29375ms)
✔ Meta rejection wording is preserved as bounded Unicode text, never translated (1.744458ms)
✔ frozen error codes: model list equals the frozen list, each is read from both error shapes (0.409334ms)
✔ copy: every code, status, op state and connect error has text in all three locales (0.53425ms)
✔ copy never calls a budget a hard stop and never offers resume (0.753542ms)
✔ draft: every §5.1 status parses; unknown status/template/op state is an error, never guessed (0.685208ms)
✔ draft: optional fields, remote ids and the Ads Manager link (1.157ms)
✔ action hints: pause whenever a remote id exists and not ENDED; a paused draft is only ever copied (X7) (0.300875ms)
✔ money: whole units to minor with integer math; TWD must be whole (22.323417ms)
✔ Taipei schedule: wall inputs and draft projections ignore the viewer zone (6.229042ms)
✔ Taipei schedule: invalid calendar days are rejected and all copy names UTC+8 (0.317917ms)
✔ draft input: exact 11-key body and every local rule (4.686583ms)
✔ draft form round trip and X7 copy (blank schedule, no id, no revision) (0.886667ms)
✔ settings parser: environment enum, connections, identities, capi (0.578333ms)
✔ connect state parser: pick list kinds and id match (0.154208ms)
✔ report: three separate blocks, orders may be null, no combined figure (0.310375ms)
✔ default report window is the Asia/Taipei store day whatever the viewer's zone is (Taipei midnight boundary) (5.474ms)
✔ capi body and validation (0.164334ms)
✔ W6-06B unbind response: exact keys, account, UUIDs and outcome semantics (0.199ms)
✔ W6-06B in-flight details preserve bounded items and total, reject unknown shapes (0.212292ms)
✔ W6-06B catalog feed has exact public URL/domain pairs or published-store empty (0.229542ms)
✔ W6-06B copy preserves unbind boundaries and feed recovery in three locales (0.078292ms)
✔ W6-06B feed selection follows origin order, not full feed URL order (0.070833ms)
✔ customer list accepts the frozen row and rejects unknown keys, dup ids, bad cursor, oversize (3.239083ms)
✔ customer row invariants: nulls for bundle-only/erased, counts, money, consents (0.235291ms)
✔ customer detail: bounded lists, order summaries reuse the orders parser, id must match (1.688917ms)
✔ erasure summary is four counts only (0.096084ms)
✔ finance summary: net = captured - refunded (I05), totals carry an empty day, sandbox flag (0.301708ms)
✔ financeDay is the UTC+8 day (0.389125ms)
✔ finance defaults keep Taipei dates across midnight, leap day and year end (0.479917ms)
✔ tags and notes are parsed strictly (W6-01B) (1.645333ms)
✔ TSX seam refuses an unlisted import (7.734625ms)
✔ Ads merchant timestamp uses Taipei at the year boundary (23.028333ms)
✔ Design version published_at cell uses Taipei at the year boundary (4.474916ms)
✔ ManualOrder bank-transfer expiry uses Taipei at the year boundary (5.665125ms)
ℹ tests 47
ℹ suites 0
ℹ pass 47
ℹ fail 0
ℹ cancelled 0
ℹ skipped 0
ℹ todo 0
ℹ duration_ms 185.174541
✔ legacy display sentinels preserve a list row without admitting arbitrary or private data (2.532333ms)
✔ orders-v2 accepts bounded filters and Taipei inclusive dates; rejects ambiguity (0.977542ms)
✔ orders-v2 rejects client count approximations, unbounded or extra response data (0.168292ms)
✔ all three locales label every task queue, payment and delivery mode (0.339916ms)
ℹ tests 4
ℹ suites 0
ℹ pass 4
ℹ fail 0
ℹ cancelled 0
ℹ skipped 0
ℹ todo 0
ℹ duration_ms 90.642084
✔ numeric store IDs have no suggestion BFF or browser client (1.368833ms)
ℹ tests 1
ℹ suites 0
ℹ pass 1
ℹ fail 0
ℹ cancelled 0
ℹ skipped 0
ℹ todo 0
ℹ duration_ms 78.926
✔ ADM10 operator sentence is localized while product and company facts stay authoritative (0.437083ms)
✔ PS review: actual Host matching normalizes case, port and a terminal DNS dot, never forwarded authority (0.260041ms)
✔ PS review: privacy/terms retain Messenger and Instagram purpose disclosure; deletion uses exact UI labels (0.108458ms)
✔ P2-N1 zh-TW/privacy: current comments and private reply, conditional inbound messages (0.077459ms)
✔ P2-N1 zh-TW/terms: current comments and private reply, conditional inbound messages (0.04525ms)
✔ P2-N1 zh-CN/privacy: current comments and private reply, conditional inbound messages (0.03175ms)
✔ P2-N1 zh-CN/terms: current comments and private reply, conditional inbound messages (0.0435ms)
✔ P2-N1 en/privacy: current comments and private reply, conditional inbound messages (0.041416ms)
✔ P2-N1 en/terms: current comments and private reply, conditional inbound messages (0.041625ms)
✔ PS1 legal identity is one untranslated source (0.083167ms)
✔ PS1 contact and hosts come only from configuration; production fails closed (0.353375ms)
✔ PS2 public routes default to zh-TW, restrict page/locale, and never include admin (0.500625ms)
✔ PS4 optional Meta verification value never has a fake default (0.06975ms)
✔ PS1 every locale uses the same product name in auth page titles (0.043458ms)
✔ PS1 public page copy has three complete locales, no invented operator identity or contact (0.2155ms)
✔ PS1 production build validates config; public data is not bundled through NEXT_PUBLIC (0.945ms)
✔ PS review: admin image installs the manifests for its workspace dependencies before building (0.42775ms)
ℹ tests 17
ℹ suites 0
ℹ pass 17
ℹ fail 0
ℹ cancelled 0
ℹ skipped 0
ℹ todo 0
ℹ duration_ms 91.72025
✔ R11 SQL's exact receipt states are accepted; missing/forged operation/state remains unknown (1.018625ms)
✔ R11 durable receipt journal validates phase against exact operation state (0.374333ms)
✔ R11 actual read control distinguishes replay/inflight/unknown/failure in en (5.393875ms)
✔ R11 actual read control distinguishes replay/inflight/unknown/failure in zh-TW (0.684459ms)
✔ R11 actual read control distinguishes replay/inflight/unknown/failure in zh-CN (0.442167ms)
✔ unknown journal retains exact key/boundary and is scoped to store+session; malformed state fails closed (0.153125ms)
✔ R12 read hook keeps network UNKNOWN on one key and explicitly refreshes acknowledged UNKNOWN (15.962416ms)
✔ actual POST transport uses CSRF and session fence; 403 independent of response text (19.423042ms)
✔ R10 ROAS has exactly two decimals in en (14.663458ms)
✔ R10 unknown ROAS is never fabricated as zero in en (0.133459ms)
✔ R10 ROAS has exactly two decimals in zh-TW (0.261917ms)
✔ R10 unknown ROAS is never fabricated as zero in zh-TW (0.069958ms)
✔ R10 ROAS has exactly two decimals in zh-CN (0.163792ms)
✔ R10 unknown ROAS is never fabricated as zero in zh-CN (0.075083ms)
✔ shared presentation preserves registry title and one empty buyer message in en (27.202458ms)
✔ R11 large linked-draft list is complete but collapsed in en (5.214125ms)
✔ shared presentation preserves registry title and one empty buyer message in zh-TW (6.536042ms)
✔ R11 large linked-draft list is complete but collapsed in zh-TW (2.998167ms)
✔ shared presentation preserves registry title and one empty buyer message in zh-CN (7.537542ms)
✔ R11 large linked-draft list is complete but collapsed in zh-CN (2.8395ms)
✔ R11 timeline distinguishes local unknown spend from explicit Meta zero in en (3.209833ms)
✔ R11 timeline distinguishes local unknown spend from explicit Meta zero in zh-TW (2.198042ms)
✔ R11 timeline distinguishes local unknown spend from explicit Meta zero in zh-CN (3.945083ms)
✔ R11 I12 nullable Meta evidence survives without becoming zero (0.56775ms)
✔ R11 actual panel rendering preserves unknowns and reconnect route in en (12.815625ms)
✔ R11 actual panel rendering preserves unknowns and reconnect route in zh-TW (13.899375ms)
✔ R11 actual panel rendering preserves unknowns and reconnect route in zh-CN (14.402917ms)
✔ D1, D6, R7: exact amounts and sources remain independent, account days stay labelled (0.312875ms)
✔ R12: null stays unknown and unread / unauthorised / insufficient remain different states (0.252458ms)
✔ R12 granted but unread audience offers a read, never reconnect in en (1.853166ms)
✔ R12 granted but unread audience offers a read, never reconnect in zh-TW (1.830625ms)
✔ R12 granted but unread audience offers a read, never reconnect in zh-CN (2.135916ms)
✔ I12 forged / missing frozen fields never silently become zeros (1.047917ms)
✔ only whitelisted aggregates survive: extra identifiers and HTML are never interpreted (0.07425ms)
✔ attribution is a read-only BFF resource with exact bounded query grammar (0.934333ms)
✔ audience-read is exactly the new local intention POST and never a data GET or queried write (0.802833ms)
✔ route fails closed without ads:read and is not a duplicate navigation entry; locale keys match (0.321458ms)
ℹ tests 37
ℹ suites 0
ℹ pass 37
ℹ fail 0
ℹ cancelled 0
ℹ skipped 0
ℹ todo 0
ℹ duration_ms 491.318875
✔ card-payments copy: identical key sets in all three locales (1.121833ms)
✔ merchant terms are quoted verbatim (contract §5) in the enable dialog (0.109708ms)
✔ ruling-fixed strings: platform not OPEN and BLOCKED note (0.048708ms)
✔ error map covers every frozen refusal code from migrations/0137 (0.070875ms)
✔ no Stripe account id, key or approval id shape appears in any copy string (0.330208ms)
✔ storefront collector disclosure matches contract §5 templates in three languages (0.077292ms)
✔ the merchant terms in the dialog are the contract §5 sentence, extracted from the contract (0.108458ms)
✔ the storefront templates are the contract §5 lines, extracted from the contract (0.142833ms)
✔ settlement copy: deduction columns are labelled as deductions in every language, with a legend and the net formula (0.33775ms)
✔ there is no separate 'not on the allowlist' message: it reads as not open (review P1-2) (0.482ms)
✔ card summary accepts the frozen shape incl. all-null platform NONE (0.939125ms)
✔ card summary rejects unknown keys, bad enums, bad money, bad version (0.304708ms)
✔ card result is exactly {state, version, max_minor, currency, descriptor_preview} (0.099084ms)
✔ descriptor suffix rule: charset, 2..10 chars, must contain a letter (0.126125ms)
✔ the suffix length rule is the charset rule's 10; the 22-character descriptor total stays the server's (SANDBOX L=10, LIVE PrefixLength) (0.063667ms)
✔ descriptor preview mirrors the contract projection (base + '* ' + suffix) (0.057834ms)
✔ settlement list accepts statements without payout/lines keys (omitempty) (0.406625ms)
✔ settlement detail carries lines whose count and sums match the totals (1.006958ms)
✔ settlement parsers reject malformed reads (1.271709ms)
✔ fees, refunds and disputes are signed exactly as the ledger stores them (0.242417ms)
✔ a returned fee is a positive line fee; the detail's lines must add up to the statement totals (0.627958ms)
✔ closed_at/paid_at accept the offsets PostgreSQL emits as well as Z (0.129208ms)
✔ a payout reference shaped like a Stripe key or account id is never displayed (0.128875ms)
✔ platform not OPEN: 'not open yet' and no enable control, for every non-OPEN state; the platform badge still tells why (0.441333ms)
✔ allowlisted + OPEN: enable from NONE/DISABLED, disable from ENABLED (0.076666ms)
✔ not allowlisted on an OPEN platform reads exactly like not open: the same message, no 'platform open' badge, no enable (review P1-2) (0.135584ms)
✔ BLOCKED: the suspended note, disable only, never enable (whatever the platform says) (0.071125ms)
✔ without billing:manage nothing can be changed, but the state is still readable (0.050792ms)
✔ enable carries the platform's current terms, the suffix and the version read; NONE starts at 0 (0.065292ms)
✔ disable never sends a suffix and quotes the terms the store accepted (the platform's may have moved on) (0.040666ms)
✔ a retained suffix is recovered from the final preview so a re-enable can keep it (0.039ms)
✔ the period label shows the last day inside the (exclusive-end) week (0.746375ms)
✔ payout state: paid, pending only when money is due, none when the week nets to zero or less (0.040292ms)
✔ card-payments and settlements are nav:false routes, so no group loses or gains a nav button (0.181542ms)
✔ settlements need billing:manage, the card page integration:read; the owner opens both (0.222917ms)
✔ statement cells: a dispute reversal and a returned fee read as credits (+) and every deduction as -, and the columns add up to the server's net (10.265ms)
✔ the detail parser requires the lines of a statement that has lines; a quiet week (line_count 0) may omit them (0.156791ms)
✔ route table: exactly the four resources, nothing generic (2.124417ms)
✔ query grammar: card and settlement-detail are exact; settlements takes before/limit only (0.510334ms)
✔ request fence: keyless PUT (CAS), bodyless GETs, no transfer-encoding (21.761375ms)
✔ PUT body is the exact frozen shape {enabled, terms_version, descriptor_suffix, expected_version} (0.605292ms)
✔ the BFF route wires the card grammar: keyless CAS PUT, exact body, no-store, auth required (1.47075ms)
✔ the real card summary parses and drives the display state machine (2.071375ms)
✔ the real statement list parses: newest first, no lines, three payout states (1.349541ms)
✔ every real detail parses with its lines and the lines add up to the statement (1.438333ms)
✔ an empty ledger parses to no statements (0.51975ms)
✔ no account id, key or approval shape is in any real body (0.596ms)
✔ the real statements display literally as signed contributions that add up to the server's net (15.058333ms)
ℹ tests 48
ℹ suites 0
ℹ pass 48
ℹ fail 0
ℹ cancelled 0
ℹ skipped 0
ℹ todo 0
ℹ duration_ms 148.751625
✔ option/slug/SKU caps equal internal/catalog (options.go, catalog.go) (15.020875ms)
✔ text caps equal the Go validators (name 120, description 8000, SEO 70/160, collection title 80) (2.580958ms)
✔ photo caps equal Go (MaxMainImages, MaxDetailImages, MaxImageBytes) and the SKU code pattern (1.513666ms)
✔ PE13 Cartesian matrix is local, preserves edits and deduplicates values (3.019459ms)
✔ PE13 bulk quantity skips negative rows without modifying them (0.206041ms)
✔ PE12 untracked document uses whole currency and per-order cap, never quantity (10.174167ms)
✔ PE14 missing readback is not guessed or silently cleared by full replacement (0.227875ms)
✔ bulk status accepts explicit per-item results, never empty or duplicated confirmations (0.849083ms)
✔ matrix refuses over 100 SKUs before expansion (0.53525ms)
✔ parity: admin caps equal the Go constants (1.478292ms)
✔ image list: 4 main + 20 detail + 2 sku in role order is accepted (0.320916ms)
✔ image list: 5 main, 21 detail, wrong role order, gaps and extra keys are refused (0.446625ms)
✔ single image: role is required and its position is bounded by the role cap (0.1525ms)
✔ option text limits count Go runes rather than UTF-16 units (2.092917ms)
✔ PE14 new edit SKU carries its own shipping and clears no existing fields (18.99825ms)
✔ PE14 patch changes only price and preserves unmentioned fields (0.597583ms)
✔ PE14 on_hand is not available, zero target is transmitted, ambiguous warehouse refuses (0.486125ms)
✔ PE14 explicit clears and shipping remain per SKU on an active row (0.212625ms)
✔ PE14 archive supersedes every other edit on that SKU (b77eeb11) (0.232917ms)
✔ PE14 no-op has no command fields and changed axes explicitly archive omitted variants (0.107917ms)
ℹ tests 20
ℹ suites 0
ℹ pass 20
ℹ fail 0
ℹ cancelled 0
ℹ skipped 0
ℹ todo 0
ℹ duration_ms 133.487667
(node:87773) ExperimentalWarning: Transform Types is an experimental feature and might change at any time
(Use `node --trace-warnings ...` to show where the warning was created)
✔ UNKNOWN retry client authorization loss requires reconciliation, not a fresh command (4.035833ms)
✔ UNKNOWN retry 401 authorization loss requires reconciliation, not a fresh command (13.713833ms)
✔ UNKNOWN retry 403 authorization loss requires reconciliation, not a fresh command (0.65675ms)
✔ a conclusive command rejection stays distinct from authorization loss (0.81475ms)
ℹ tests 4
ℹ suites 0
ℹ pass 4
ℹ fail 0
ℹ cancelled 0
ℹ skipped 0
ℹ todo 0
ℹ duration_ms 148.594584
NOT_RUN: tests/media/r04-input-runner.test.mjs (COMMERCE_R04_LIVEKIT_BINARY unset)
✔ main/detail/sku caps use the existing frozen image contract (0.780417ms)
✔ phone and tall dimensions fit2000 without enlarging small assets (0.161667ms)
✔ upload query requires one exact role and sku value; reads/actions carry no query (0.409ms)
✔ role transport encodes current option values and refuses invalid identities (0.180416ms)
✔ effective image axis follows current options, then falls back to first (0.088083ms)
✔ detail and option photos cannot satisfy the main-photo recommendation (0.087416ms)
✔ PM-U copy has matching keys in ja and all currently routed locales (0.535458ms)
✔ real-upload mode builds both Next applications on a clean CI checkout (8.734292ms)
✔ upload recovery journal survives a new session while remaining product/store scoped (0.160792ms)
✔ an option upload receipt requires its captured axis, value and image id on canonical readback (0.116167ms)
✔ failed durable recovery storage cannot authorize a media write (0.083083ms)
✔ an active product needs a main image after canonical media is known; repair paths stay possible (0.057583ms)
✔ empty media sections render a readable localized placeholder until photos are present (6.416ms)
✔ real-upload mode never exits through the storefront MOCK shortcut (11.827625ms)
✔ a valid active zero-main product keeps an inline repair hint rather than a page error (4.65925ms)
✔ a new product issues the image-axis stage only for a chosen axis (1.640959ms)
ℹ tests 16
ℹ suites 0
ℹ pass 16
ℹ fail 0
ℹ cancelled 0
ℹ skipped 0
ℹ todo 0
ℹ duration_ms 302.109916
(node:87815) ExperimentalWarning: Transform Types is an experimental feature and might change at any time
(Use `node --trace-warnings ...` to show where the warning was created)
✔ a fitting PNG keeps the exact original File, bytes and alpha-capable format (0.904916ms)
✔ a JPEG exactly at both limits remains original, not a lossy re-encode (0.397166ms)
✔ an oversized phone JPEG is encoded below the cap after oriented scaling (0.605ms)
✔ a large transparent PNG stays alpha-capable and is never painted with an opaque matte (0.49275ms)
ℹ tests 4
ℹ suites 0
ℹ pass 4
ℹ fail 0
ℹ cancelled 0
ℹ skipped 0
ℹ todo 0
ℹ duration_ms 111.490459
✔ HTTPS picklist fixture carries Secure session cookies automatically while preserving CSRF refusals (84.798541ms)
✔ batch controls stay compact until an order selection or live-session scope exists (0.18675ms)
✔ selection has XOR bodies, canonical unique IDs and separate 500/100 limits (0.381667ms)
✔ cross-page selection retains existing rows, deduplicates and refuses overflow atomically (0.702042ms)
✔ pick projection rejects PII/extra keys, invalid quantities and unmatched order identities (0.545917ms)
✔ batch replies bind one-for-one to confirmed orders and preserve uncertainty code (0.12475ms)
✔ pick/export POSTs reject keys and all query variants except one exact template (1.818ms)
✔ CSV filename binds to selected template and store; no path/header injection (0.20075ms)
✔ MOCK browser fixture list matches the incumbent closed order parser (11.171084ms)
✔ recovery never clears an unknown or missing current attempt (0.18425ms)
✔ recovery and order-detail MOCK fixtures satisfy real read parsers (8.647958ms)
✔ order selection can read its session fence during SSR without browser globals (1.046042ms)
✔ MOU keeps native headed checks runnable on a Linux CI worker without DISPLAY (13.54925ms)
ℹ tests 13
ℹ suites 0
ℹ pass 13
ℹ fail 0
ℹ cancelled 0
ℹ skipped 0
ℹ todo 0
ℹ duration_ms 383.634125
✔ parseShard: i/N, empty means unsharded, anything malformed throws (0.985708ms)
✔ assignShards: deterministic, every key owned once, near-balanced (LPT bound) (1.442958ms)
✔ planClick: for every N the shards partition the whole universe (every registry route x variant, storefront walk, journey) (3.927916ms)
✔ planClick at N=10 keeps every shard within ~1.3x of the mean planned cost (0.197792ms)
✔ aggregate click: honest shards pass for several N (5.183959ms)
✔ aggregate click: a missing shard, a dropped page row, a lost journey, a failing row, a stale known defect and a missing platform marker are each a failure (4.580042ms)
✔ aggregate click: a route added to the registry after the shards ran cannot pass (the registry is re-read) (0.488083ms)
✔ aggregate visual: honest shards pass; a missing shard, a missing shot, a blocking verdict and a registry route outside the universe each fail (9.642375ms)
ℹ tests 8
ℹ suites 0
ℹ pass 8
ℹ fail 0
ℹ cancelled 0
ℹ skipped 0
ℹ todo 0
ℹ duration_ms 118.40975
ci-plan: 10 job(s); click-sweep x10 (aggregate)
  --browser-click-sweep@1/10  -> artifact gate-browser-click-sweep_1_10
  --browser-click-sweep@2/10  -> artifact gate-browser-click-sweep_2_10
  --browser-click-sweep@3/10  -> artifact gate-browser-click-sweep_3_10
  --browser-click-sweep@4/10  -> artifact gate-browser-click-sweep_4_10
  --browser-click-sweep@5/10  -> artifact gate-browser-click-sweep_5_10
  --browser-click-sweep@6/10  -> artifact gate-browser-click-sweep_6_10
  --browser-click-sweep@7/10  -> artifact gate-browser-click-sweep_7_10
  --browser-click-sweep@8/10  -> artifact gate-browser-click-sweep_8_10
  --browser-click-sweep@9/10  -> artifact gate-browser-click-sweep_9_10
  --browser-click-sweep@10/10  -> artifact gate-browser-click-sweep_10_10
✔ the full sweep and the full visual lint fan out into every shard and ask for the aggregate (1.991916ms)
✔ foundation-shards = the unit shard + every plan group; the serial `foundation` mode is untouched (1.770833ms)
✔ an explicit shard re-run (or a partial list) never claims the whole-run aggregate (0.460916ms)
✔ duplicates collapse, artifact names are safe and unique, bad input is refused (0.549542ms)
✔ main writes matrix / sweep_n / visual_n to GITHUB_OUTPUT (3.499417ms)
✔ backend-only paths run foundation-shards only (1.441625ms)
✔ node tests of deploy scripts and of the CI planner are backend-only (they cannot change a browser) (0.46525ms)
✔ a UI path adds the whole browser set, including click-sweep and visual-lint (4.486292ms)
✔ docs-only and output-only diffs keep the single required check (foundation-shards) (0.740334ms)
✔ tests/foundation/browser_* is a browser path, other tests/foundation files are not (0.991166ms)
✔ deploy flag: deploy/ and scripts/deploy* only (2.343083ms)
✔ the browser set is release-gate's browser-mode universe minus the documented exclusions (21.105416ms)
✔ parser: only compiled, correctly-shaped Test functions of untagged _test.go files (1.740791ms)
✔ the real plan: every top-level test of tests/foundation runs in exactly one group (938.685208ms)
✔ a new test (in no list) still runs, exactly once, in the catch-all group; the same name with no catch-all is red (1001.007167ms)
✔ a test listed in two groups is red; drift beyond the limit is red (1197.673958ms)
✔ regexes: anchored explicit lists; the catch-all skips exactly everyone else's tests (0.527333ms)
✔ pack: deterministic, balanced to within the longest test, every name once (5.742083ms)
✔ parseDurations: top-level lines only (0.527042ms)
ℹ tests 19
ℹ suites 0
ℹ pass 19
ℹ fail 0
ℹ cancelled 0
ℹ skipped 0
ℹ todo 0
ℹ duration_ms 3258.036792
