✔ /products/{uuid} redirects permanently to the zh-TW product page (253.524209ms)
✔ non-uuid ids are 404, never redirected (2.147625ms)
✔ AT1: the locale redirect preserves the ad-click query without allowing a redirect target (0.405541ms)
✔ R10: standalone signed signals survive a missing or expired seven-day touch (14.641542ms)
✔ R10: standalone signals reject expiry, bad signature, duplicates and another host (1.339208ms)
✔ AT1 R5: browser identity survives expired touch and rolls for ninety days (8.665041ms)
✔ AT1 R5: missing ad parameters create no cookies; fbclid alone creates no touch (5.742875ms)
✔ AT1 R5: lc_ad alone updates attribution and does not replace fbc (0.427667ms)
✔ AT1: host-only first-party cookies contain no PII and read back exactly (1.042666ms)
✔ AT1: a later valid click replaces the draft but preserves the browser identifier (0.418333ms)
✔ R10: only a different fbclid replaces fbc and its first-seen timestamp (0.542041ms)
✔ AT1: malformed and ambiguous links do not overwrite a valid prior touch (0.9675ms)
✔ AT1: host and key binding reject copied cookies (0.323292ms)
✔ AT1: duplicates and tampering invalidate the entire envelope (3.580917ms)
✔ AT1: exactly seven days is valid, the next millisecond and future clicks are not (1.527708ms)
✔ catalog list query limits equal the Go v2 parser (internal/buyerhttp/catalogv2.go) (9.1335ms)
✔ collection list cap equals Go maxCollectionsPerStore (3.249417ms)
✔ design caps equal internal/design/schema.go (nav, sections, pages) (3.54ms)
✔ CVS buyer-entered store bounds and return path equal Go (internal/checkout/cvs.go, migration 0093) (108.470875ms)
✔ transfer view: closed shape and state rules mirror Go validTransferView (4.029708ms)
✔ proof body and result: five digits, positive minor amount, ISO instant (0.713041ms)
✔ minorFromText: major units with at most two decimals, never a float surprise (0.377209ms)
✔ buyer email mirror: one plain address, 254 characters at most (0.407541ms)
✔ countdown: whole hours and minutes, never negative (0.984792ms)
✔ copy: three locales carry every key and every refusal code (1.431292ms)
✔ options: a home row lists modes only with bank_transfer and then needs its window (17.136625ms)
✔ checkoutInput: a home bank_transfer body, the optional trimmed email, and every refusal before any request (9.772667ms)
✔ order: AWAITING_TRANSFER is a valid commercial state without a hold time (2.107917ms)
✔ BFF: exact transfer routes, keyed proof PUT, strict body, validated answers, no generic proxy (174.627166ms)
✔ BFF: transfer refusal codes pass through as definite 422; checkout accepts bank_transfer and a valid email only (13.133833ms)
✔ D06 order heading follows a settled transfer: never 'waiting for transfer' above a confirmed or expired one (0.161333ms)
✔ uncertain prepare blocks all mutations; changed cookie context resolves journal (295.507ms)
✔ fully parsed local denial clears only its own pending operation (6.730125ms)
✔ malformed journal, unavailable lock and stale context fail before writes (3.333084ms)
✔ BPT05 exact handoff permits absent body/key, one fetch, no form persistence (27.337042ms)
✔ BPT05 wrong handoff form and ordinary writes fail before any fetch (1.637375ms)
✔ BPT05 unresolved cookie journal blocks handoff; lost response is one fetch without persistence (160.791709ms)
✔ SU02 refresh permits absent body/key, one fetch, no persistence (10.444708ms)
✔ SU02 refresh rejects a body, a key or a malformed path before any fetch (8.244166ms)
✔ SU02 cancel permits absent body/key, one fetch, no persistence (2.040125ms)
✔ SU02 cancel rejects a body, a key or a malformed path before any fetch (51.622ms)
✔ BPT01 exact private path, headers, body and three-locale one-fetch transport (597.130083ms)
✔ BPT02 payment routes reject untrusted path, context, headers, key and body before fetch (154.448541ms)
✔ BPT03 hostile upstream success is sanitized, never returned as payment data (32.965625ms)
✔ BPT04 every handoff failure is nonretryable, including pre-route and transport loss (35.113542ms)
✔ SU02 five routes: exact upstream path, method, key, body, one fetch each (15.37025ms)
✔ SU02 refresh and cancel are keyless and pass every CSRF/context denial before fetch (120.559333ms)
✔ SU02 every handoff/refresh/cancel failure is nonretryable and sanitized (25.705ms)
✔ SU02 hostile Stripe bodies become the sanitized 503; PAYUNi and Stripe bodies stay byte-identical (15.880166ms)
✔ SU02 prepare accepts only the two known method codes (1.355542ms)
✔ disabled and invalid configuration fail closed before private fetch (34.970334ms)
✔ private authority, cookie lifecycle and strict local denial (327.92625ms)
✔ bad host, cookie, query and method never reach private API (15.734666ms)
✔ stalled inbound POST body is canceled at its deadline without a cookie or private call (2.188166ms)
✔ R10: Begin forwards independently signed signals; browser attribution and forwarded hosts are not authority (6.313083ms)
✔ CVS BFF: exact routes, keyed open/store, keyless verify, validated answers, no generic proxy (301.959042ms)
✔ CVS BFF: contract refusal codes pass through; pay_at_pickup_limit is a definite (non-retryable) 429 (250.086291ms)
✔ fragment grammar accepts only one canonical token (1.631833ms)
✔ claim projections are closed (1.44975ms)
✔ claim token rides only its header on B1/B2 and is never echoed (443.625958ms)
✔ claim-priced cart edits send only SKU and quantity, keeping server price authority (258.961291ms)
✔ direct-checkout sold-out projection is mandatory, boolean and closed (0.410834ms)
✔ claim redeem shares the purchase lock, guards recovery and never persists the token (23.822625ms)
✔ ClaimLink removal projects live-priced survivors on ready and conflict pages (175.307083ms)
✔ ClaimLink revisit checks out applied A while pending B is sold out or unavailable (10.86125ms)
✔ ClaimLink refreshes a nothing result after a second tab applied the claim (6.983542ms)
✔ ClaimLink does not navigate when a buyable claim target is absent or has changed quantity (129.765667ms)
✔ ClaimLink optional prior-order notice tolerates unreadable storage without bypassing recovery (63.9715ms)
✔ CVS01 map form: only the two ECPay e-map actions, exact fields, top-level-safe values (4.066791ms)
✔ CVS02 return path allowlist excludes /claim and anything but the checkout or product page (0.444625ms)
✔ CVS03 selection projection: VERIFIED<=>pickup, REJECTED<=>reject_code, absent keys read as null (2.237291ms)
✔ CVS04 buyer-entered store answer and request body (0.956125ms)
✔ CVS05 store code table (§16.1) keeps leading zeros and per-chain lengths (0.475875ms)
✔ CVS06 recipient mirror: real-name width 4..10 (CJK=2), no digits/symbols/emoji; 09 mobile (1.3655ms)
✔ CVS07 checkout draft: name, phone and mode only; read once; corrupt/foreign shapes are dropped (0.702833ms)
✔ CVS08 return URL: only ?cvs_selection=<uuid> is accepted (0.297167ms)
✔ CVS09 buyer order projection and copy keys: nothing but PICKED_UP says picked up (0.385625ms)
✔ CVS10 error codes: field mapping, definite refusals, official links are https constants (0.574291ms)
✔ CVS11 client transport: verify is the one new keyless POST; the server refusal code rides BuyerClientError.detail (449.136375ms)
✔ every locale x page has a title, an updated line and at least one section (6.651292ms)
✔ locales share the section count and per-section body count of every page (2.737958ms)
✔ final text is only the owner-confirmed company facts (CR 81215167 name + registered address); nothing else is final (0.652791ms)
✔ a legal page is published only when every text on it is final; buyers see no link to an unpublished one (1.5495ms)
✔ data-deletion path is named in the privacy page of every locale (0.339541ms)
✔ pendingOwnerText lists exactly the texts that keep a page unpublished and is written for the owner (9.809375ms)
✔ a live (claim-origin) price replaces the catalog price and strikes it through (4.837666ms)
✔ without a live price the catalog price and its compare-at are shown unchanged (3.158ms)
✔ a live price equal to or above the catalog price is shown as set (strike hidden by the UI guard) (0.185ms)
✔ a live price strikes the catalog price, never the variant sale price (0.157625ms)
✔ order ref: 12 hex (dashes or spaces, any case) or a full id (1.615125ms)
✔ contact: one email or a phone of 6..20 digits (0.998375ms)
✔ body is exactly {order_ref, contact}; the answer is exactly {order_id} (0.683708ms)
✔ BFF lookup: no cookie needed, fresh token goes upstream, cookie only on 200 and it carries that same token (224.227125ms)
✔ BFF lookup: strict local denial before any private fetch (25.071083ms)
✔ copy: three locales carry every key (0.718875ms)
✔ MS4 srcset descriptors use actual decoded widths and deduplicate small renditions (1.015333ms)
✔ MS1 product rendition allowlist preserves trusted Host and never forwards buyer cookies (138.352125ms)
✔ MS2 invalid, duplicate, extra, encoded widths and non-product variants fail before fetch (141.133458ms)
✔ MS3 old-image fallback is never promoted to immutable; committed variants are cacheable (11.156125ms)
✔ TWD whole amounts show no decimals in every locale and at every magnitude (line, subtotal, total, zero) (55.887208ms)
✔ cents appear only when there are cents, then always as two digits; the minor-unit arithmetic is untouched (0.336833ms)
✔ digits come from the currency: JPY none, USD two when there are cents (2.654584ms)
✔ one formatter: no component, page or lib builds a currency Intl.NumberFormat outside lib/money.ts (140.06875ms)
✔ fragment: exactly #o=<order id>&t=<43-char token>; anything else is null (1.853416ms)
✔ body is exactly {order_id, token, proof}; the answer is exactly the order the link named (0.45075ms)
✔ BFF link: no cookie needed, fresh token upstream, cookie only on a 200 naming the same order, link token never echoed (197.337583ms)
✔ BFF link: strict local denial before any private fetch (7.200417ms)
✔ copy: three locales, one refusal text, a retry and a lookup path (0.321917ms)
✔ BPU01 fresh payment writes exact metadata before prepare, one bodyless Take, no persistent form (192.157042ms)
✔ BPU01 lost prepare response replays original key/body only on explicit next click (39.181083ms)
✔ BPU01 lost handoff is permanently GET-only, even after a second click (7.455292ms)
✔ BPU01 storage, amount, scope and child/screen fences reject before irreversible writes (9.162958ms)
✔ BPU01 document/child loss after prepare but before Take leaves exact replay marker (2.993458ms)
✔ BPU01 malformed server handoff never submits and Take remains nonretryable (1.946625ms)
✔ BPU01 marker replacement before Take and after Take blocks release/form reuse (1.376375ms)
✔ BPU01 context replacement after prepare and after Take closes destination without form (3.065416ms)
✔ BPU01 synchronous destination refuses invalid locale before opening a window (0.4905ms)
✔ SU03 fresh Stripe pay: marker before prepare, one prepare, one handoff, navigate, URL never stored (4.91275ms)
✔ SU03 marker replay: lost prepare response replays key/body, no uncertain on PENDING view with leftover marker (4.44175ms)
✔ SU03 cross-device Continue needs no marker and never prepares (0.583791ms)
✔ SU03 marker/view matrix: PAYUNi marker on Stripe view and Stripe marker on PAYUNi view send nothing (3.230375ms)
✔ SU03 any other view renders without a POST (0.818708ms)
✔ SU03 CREATING: waits on the schedule without the lock, then hands off once when READY (10.476541ms)
✔ SU03 CREATING budget: 10 reads over 30 s, then the blank child is closed, no POST, no throw (172.38575ms)
✔ SU03 cancel_requested seen on the re-GET aborts before the handoff POST (29.173167ms)
✔ SU03 handoff outcomes: CREATING closes child, CLOSED/UNAVAILABLE/error/malformed reject; one POST each, never retried (13.079083ms)
✔ SU03 Stripe prepare errors, amount/currency mismatch and popup loss stop before any handoff (92.945666ms)
✔ SU03 two clicks make two handoff POSTs only because there were two clicks; sequential, none from reads (10.0155ms)
✔ SU03 navigate: validates again, needs an owned blank child, sets used before replace, no URL in errors (1.925375ms)
✔ SU03 refresh signal: keyless single POST, validated, throttled 1/10 s and 30 per page life, cancel never throttled (44.362125ms)
✔ SU03 signal failures are single-shot and sanitized: HTTP error, malformed body, wrong order (15.370959ms)
✔ private quote/option authority fields are required; only exact MANUAL home can checkout (3.050416ms)
✔ continue shopping advances only ordered version, clears hint, keeps SQL history authoritative (115.368333ms)
✔ lost next-cart response retries identical key/body and preserves a newer cart (4.85325ms)
✔ continuation never overwrites an already advanced cart (2.05075ms)
✔ unknown checkout blocks continuation without any business request (4.016458ms)
✔ two queued continuation clicks mutate once; stale order ID cannot clear another order (1.067084ms)
✔ CAS conflict resolves only after a newer cart is read (3.155625ms)
✔ locator removal failure retains next-cart journal and recovery survives missing locator (2.595083ms)
✔ order history summary rejects PII/unknown fields and malformed scope IDs (0.187792ms)
✔ native address validation mirrors printable Unicode, limits and phone; journal forbids PII (3.916625ms)
✔ address lost reply replays exact in-memory intent, then confirms current head (97.706334ms)
✔ address reload requires explicit new intent and exact observed CAS; stale head never auto-bumps (3.916667ms)
✔ old address receipt cannot confirm another tab's newer current head (0.230833ms)
✔ a late address CAS winner requires another explicit confirmation, not an automatic version bump (11.913ms)
✔ checkout lost reply, queued duplicate and current GET reuse one key and one order (1.83875ms)
✔ uncertain checkout retains original journal across later 401/403/404/5xx and malformed success (1.189875ms)
✔ only a fresh definitive denial clears checkout; no order locator is invented (0.24475ms)
✔ locator storage failure after commit retains same key; reload GET failure keeps locator (0.849417ms)
✔ locator persisted but journal removal failed resumes pending receipt, not unrelated pointer (0.602416ms)
✔ unavailable storage, invalid locator and late changed context fail closed (0.371166ms)
✔ order locator readback mismatch and no-op journal removal both retain checkout recovery (0.774667ms)
✔ direct claim continuation refuses a newer ordered cart inside the purchase lock (0.339208ms)
✔ direct claim continuation keeps next-cart recovery after a conflicting clear (0.965166ms)
✔ collector projection: admitted for derived connections, absent/null for primary (0.989667ms)
✔ collector rejects identifiers, extra keys and malformed text (0.126084ms)
✔ disclosure renders the contract §5 line with all three slots substituted (0.093208ms)
✔ the disclosure line exists exactly when the hosted view returns a collector (1.03375ms)
✔ a shop or collector name with a replacement pattern is shown literally (2.626208ms)
✔ OrderPayment renders the disclosure with the view, above every pay button, through the helper only (7.668792ms)
✔ BPT03 exact valid projection and Go nanosecond UTC timestamps (3.0305ms)
✔ BPT03 view rejects private fields, inconsistent state and malformed names (0.247583ms)
✔ BPT03 prepared receipt enforces exact original credit-card amount (1.330167ms)
✔ BPT03 hosted form and replay are exact, bounded and action-allowlisted (1.004ms)
✔ SU01 Stripe views: fresh, both methods, attempt states, PAYUNi unchanged (0.603916ms)
✔ SU01 Stripe view negatives (0.517167ms)
✔ SU01 prepared amounts follow the corrected per-currency table (0.49025ms)
✔ SU01 Stripe handoff union and every redirect_url negative (0.868041ms)
✔ SU01 payment signal is exactly {order_id, scheduled:boolean} (0.308375ms)
✔ RUI01 refund summary: refunded states, pending money, absent ≡ null (0.461833ms)
✔ RUI01 refund summary negatives (0.221041ms)
✔ BPU03 neutral GET and POST return ignore every callback field and cookie (74.097291ms)
✔ primary origin: exact path/query, same host, and no URL-controlled destination (81.083583ms)
✔ GET and HEAD use trusted Host, private bounded uncached resolver and exact 301 (152.536791ms)
✔ no writes redirected; resolution failures fail closed; unknown hosts keep native 404 (33.800709ms)
✔ policy version is the frozen constant, in the customers-core D4 shape (1.310375ms)
✔ route table: exactly the four buyer privacy routes, methods and body kinds (2.665ms)
✔ body shapes are closed and mirror the frozen Go inputs (no source, no policy_version) (0.515833ms)
✔ GET privacy validator: closed shape, erased owner holds no consent (0.332541ms)
✔ consent result and erasure summary validators (1.036833ms)
✔ buyer export envelope never carries customer_id (0.353042ms)
✔ failure classification: 410 and erased are the erased state (1.111541ms)
✔ copy: every locale has the same keys, the ads box discloses that sent events cannot be recalled (1.332166ms)
✔ selected option photo uses a main display slot without adding a fifth main image (7.360541ms)
✔ use-cover selection and a main-thumbnail selection restore the original main gallery (0.199625ms)
✔ cart thumbnail uses variant then catalog image_id, including when main images are absent (0.120666ms)
✔ migrated four-main/five-detail images stay separate when the option photo changes (0.52125ms)
✔ real cart-detail composition uses server SKU image_id (v2 detail available) (157.684667ms)
✔ real cart-detail composition uses server SKU image_id (v2 detail unavailable) (0.572416ms)
✔ parity: frontend caps equal the Go constants (3.088875ms)
✔ detail parser: 4 main + 20 detail + option-value images are accepted and mapped (0.731875ms)
✔ detail parser: 5 main, 21 detail, bad ids and over-cap option images are refused (50.779125ms)
✔ detail parser: a backend before product-media-v2 (no new keys) still parses with empty defaults (2.327375ms)
✔ v1 catalog row: images are main-only (<= 4) and image_id is a uuid or null (0.30875ms)
✔ PRO-S1 code mirror: any case and spaces normalise; impossible codes never become a request (0.537708ms)
✔ PRO-S2 promotion object: closed keys, kind/value pairing (0.479792ms)
✔ PRO-S3 quote validator: promotion is optional but never malformed; the discount stays the server's own number (0.374375ms)
✔ PRO-S4 journal grammar: a quote write may carry one canonical promo_code, nothing else (0.358042ms)
✔ PRO-S5 copy: three locales cover every refusal code and the same keys (0.439125ms)
✔ PRO-S6 BFF quote route: promo_code relayed untouched when canonical, refused before the private API otherwise (39.78325ms)
✔ PRO-S7 BFF: every promo_* refusal is a definite, non-retryable 422 with its own code (2.41025ms)
✔ demonstration disclosure is explicit and local-only (0.509541ms)
✔ cart selection preserves unrelated SKUs and the observed CAS version (6.365625ms)
✔ minor amounts are bounded before multiplication, including zero (0.083917ms)
✔ delivery identity includes country for one market and method (0.06075ms)
✔ journal is bound to context and rejects PII/unknown fields (0.216791ms)
✔ lost response replays exact key/body, then clears only after parsed receipt (46.420042ms)
✔ RUI02 buyer order admits MERCHANT_SHIPPED only with a SHIPPED head; absent shipment ≡ null (0.43525ms)
✔ RUI02 shipment shape negatives (incl. unsafe links) (8.743708ms)
✔ RUI02 history summary admits MERCHANT_SHIPPED (a shipped order must not break the list) (0.291875ms)
✔ CVSP01 options: CVS rows carry pickup_selection/payment_modes; unavailable rows are a separate shape (7.84525ms)
✔ CVSP02 CVS destination write: TW only, pickup_id required, empty home address; home unchanged (13.553458ms)
✔ CVSP03 checkoutInput: payment_mode only for CVS rows and only a mode the row offers (0.384ms)
✔ COD confirmation includes expected fee, enforces collect cap and validates immutable order money (0.278208ms)
✔ CVSP04 buyer order: pay_at_pickup <=> collection_state; cvs_shipment only on a matching CVS destination (0.216334ms)
✔ CVSP05 journal accepts a CVS destination marker and a checkout body with payment_mode, nothing else (0.178542ms)
✔ validProduct accepts up to the Go photo cap and rejects one more (2.526959ms)
✔ design: garbage and hostile documents collapse to the safe default shape (1.644333ms)
✔ design: links, preview token propagation, nav resolution (0.137084ms)
✔ design: any merchant accent yields readable button text and link colour (WCAG AA) (0.264833ms)
✔ variants: resolution, disabled out-of-stock combinations, initial choice, price bounds (0.156125ms)
✔ catalog-v2 parsers accept the frozen shapes and refuse drift (1.127833ms)
✔ free-delivery progress words the hint only when a threshold exists (0.383292ms)
✔ list query: only whitelisted, canonical values survive (0.810833ms)
✔ seo: JSON-LD cannot break out of its script tag; offers reflect stock and price range (114.101292ms)
✔ seo: sitemap escapes and carries hreflang; robots refuses everything for a closed host (4.909584ms)
✔ money: whole amounts drop cents, minor digits come from the currency, filters round-trip (5.516542ms)
✔ cart line write: replaces one line, keeps the others, 0 removes, CAS version is the one shown (0.934958ms)
✔ cart problems map to buyer-facing classes without leaking transport detail (0.097083ms)
✔ checkout options accept the optional free-shipping threshold only as a positive integer or null (18.281666ms)
✔ no-image placeholder copy: exactly the locale label a photo-less card or gallery renders (0.479125ms)
✔ storefront image caps equal the Go catalog caps (internal/catalog MaxMainImages, MaxDetailImages) (96.365542ms)
✔ design text limits count code points like Go, never splitting a surrogate pair (2.690417ms)
✔ G3: same-series cards exclude the current product and never invent absent draft/foreign products (0.701667ms)
✔ G5: safety guidance exists in three languages without changing the five merchant policy approval boundaries (165.539791ms)
✔ G4: category chips omit empty collections; hidden collections absent from the public API stay absent (0.115792ms)
✔ OrderHistory renders server order instant in Taipei (283.020583ms)
✔ ClaimLink renders claim expiry in Taipei (4.739375ms)
✔ BankTransfer renders deadline and proof instant in Taipei (3.903625ms)
✔ BankTransfer proof echo labels store time in en (2.002041ms)
✔ BankTransfer proof echo labels store time in zh-TW (15.946458ms)
✔ BankTransfer proof echo labels store time in zh-CN (5.292083ms)
✔ ShopFooter uses Taipei year across UTC year boundary (7.895125ms)
✔ BankTransfer deadline labels store time in en (3.241917ms)
✔ BankTransfer deadline labels store time in zh-TW (3.720792ms)
✔ BankTransfer deadline labels store time in zh-CN (98.461916ms)
✔ OrderHistory states the Taipei time zone once in en (2.568417ms)
✔ OrderHistory states the Taipei time zone once in zh-TW (2.329875ms)
✔ OrderHistory states the Taipei time zone once in zh-CN (12.607417ms)
✔ dictionaries have exact parity and non-empty values (3.016084ms)
✔ locale precedence and language quality mapping (0.786167ms)
✔ localized paths preserve deep links and reject dangerous input (0.384791ms)
✔ path locale only matches a canonical first segment (0.055959ms)
✔ the four constructs render (1.536708ms)
✔ XSS payloads stay inert text (0.5045ms)
✔ fuzz: any string over a hostile alphabet renders only whitelisted tags (12.758041ms)
✔ validator mirrors the Go rules (0.535875ms)
✔ SDN1 allowlist: exactly the contract routes, per method (1.97575ms)
✔ SDN1 allowlist: traversal, case, suffix and prefix tricks never match (0.656208ms)
✔ SDN1 request shape: no query string anywhere, reads carry no body, key, length or transfer-encoding (121.087792ms)
✔ SDN1 cap: 260 KiB = Go's 256 KiB document + 4 KiB envelope, and a body of exactly the cap is still below it (0.064167ms)
✔ SDN2 renderer: every XSS payload comes out as whitelisted tags and escaped text only (0.767959ms)
✔ SDN2 renderer: escape-first means the merchant's text never becomes markup (0.105167ms)
✔ SDN2 renderer: fuzz (seeded) never produces a tag outside the whitelist (40.941542ms)
✔ SDN2 client validator rejects what the server rejects (HTML, non-https links, `<` anywhere) (0.226041ms)
✔ cleanForSave turns cleared fields into null but keeps an empty body (0.555ms)
✔ localIssues names each missing mandatory value by server path (1.521833ms)
✔ moved swaps neighbours and ignores out-of-range moves (0.195958ms)
✔ parsers accept the exact Go shapes and refuse extra or missing keys (1.944458ms)
✔ BFF allowlist covers exactly the design resources (0.558792ms)
✔ validDesignRequest refuses queries and bodies on reads, ignores other paths (191.753458ms)
✔ designDetails forwards only a bounded {path, reason} pair (0.208416ms)
✔ accepts exactly the three locale invite paths with a 20-200 char token (0.460916ms)
✔ rejects anything that is not an exact same-origin relative invite path (0.084125ms)
✔ rejects percent-encoded variants of the exact shape (0.055ms)
✔ the token is an opaque invite token shape, never a URL (0.04875ms)
✔ fragment carrier: round-trips the exact invite path, is never a query string, and rejects hostile fragments (0.189167ms)
✔ dashboard: accepts the frozen shape, rejects drift (5.020792ms)
✔ import result: strict keys, closed error codes, committed never carries errors (1.31225ms)
✔ csv file guard mirrors the Go bounds (0.780916ms)
✔ manual options: a COD home row parses with its offer (D01: the page used to refuse the whole list) (2.649ms)
✔ manual options: only bank_transfer / pay_at_pickup / cash_on_delivery, key must equal market|country|code (1.693833ms)
✔ manual result: link is https with the order id and a 43-char capability in the fragment only (1.491958ms)
✔ draft: first problem, and the body has no price-like field at all (0.513791ms)
✔ BFF grammar: exactly the seven tools resources (0.123708ms)
✔ regenerate body/result: exactly {order_id, locale} and a fresh https link naming that order (0.152542ms)
✔ copy parity: every locale has every key, import rules and error codes (0.494042ms)
✔ callback redirect target is always a same-origin /<locale>/settings path whatever the cookies, store, code or error say (3.363625ms)
✔ the binding cookie: exactly one canonical store uuid, path-scoped to the callback, HttpOnly, Lax, 10 minutes, Secure (0.160083ms)
✔ callback query: exactly one code and one state within charset/length bounds; Meta's error=… and repeats are not forwarded (1.404792ms)
✔ the dialog URL the BFF hands the browser is https://www.facebook.com only (0.704209ms)
✔ callback error mapping only ever yields fixed codes, never an upstream message (0.274041ms)
✔ selected Page qualifies only a bare Facebook id, never rewrites another Page or external URL (0.654875ms)
✔ status: not connected, connected with and without Instagram, and every deviation throws (44.574583ms)
✔ pick state: closed shape, optional Instagram keys come as a pair, id must match (0.378209ms)
✔ route grammar: only status/states/pick/disconnect; start and callback are dedicated routes; no query; reads carry no body or key (37.207125ms)
✔ connect cookie, body and callback redirect never carry code/state and only fixed codes (1.921125ms)
✔ copy: three locales have the same keys and every Go error code has a message (0.155084ms)
✔ review-required remains restricted; evidence does not promote state (1.209125ms)
✔ legacy omission remains unidentified, independent of array order (0.740583ms)
✔ closed shapes reject unknown state/provider/evidence, leaked fields and inconsistent severity (0.531834ms)
✔ duplicate capabilities/pages and unbounded arrays cannot become trusted state (0.129583ms)
✔ worst Page determines advice, no raw upstream reason reaches copy (0.66375ms)
✔ recheck receipt means scheduled; timestamps and closed keys are checked (2.956166ms)
✔ exact keyless route grammar rejects query/key/body confusion (26.784708ms)
✔ recheck takes exactly page_id and no caller-provided scope (0.484666ms)
✔ blocking advice comes from the blocking capability, not a secondary public-reply warning (0.497959ms)
✔ clean health browser mode prepares admin standalone before starting its fixture (10.708ms)
✔ en: expired connection retains its full refusal inside a wrapping badge (8.901709ms)
✔ zh-TW: expired connection retains its full refusal inside a wrapping badge (5.770792ms)
✔ zh-CN: expired connection retains its full refusal inside a wrapping badge (1.165917ms)
✔ actual B1 snapshot state remains ok even when a fixture expected review_required (0.093625ms)
✔ D02 TWD input: whole dollars only, x100 on the wire (34.988667ms)
✔ D02 TWD edit text: whole dollars have no decimals; a legacy amount with cents is never shown as another price (0.389041ms)
✔ D02 display: NT$ without decimals in every language, cents only when there are cents (1.224541ms)
✔ D02 live-price input (Studio claims): TWD whole dollars, other currencies their decimals (0.41925ms)
✔ D02 discount code amounts: TWD whole dollars, a decimal is refused before it is sent (1.591125ms)
✔ D02 no admin copy or component says 'minor units' to the merchant (25.522584ms)
✔ M06 time: Asia/Taipei everywhere, labelled, never UTC (14.556292ms)
✔ settings answer: exactly one boolean key (3.938208ms)
✔ PUT body is the frozen single key (0.093625ms)
✔ BFF grammar: GET read, PUT keyed command, nothing else (0.21225ms)
✔ copy: three locales, same keys, no empty text (0.131375ms)
✔ PRM01 parse: exact keys, kind/value pairing and ranges; duplicates and unknown keys are refused (1.999916ms)
✔ PRM02 Taipei wall time: +08:00 on the wire, instant shown back in Taipei, impossible dates refused (37.093958ms)
✔ PRM03 create body: normalised code, major units to minor units, optional fields null, whole body validated (2.678625ms)
✔ PRM04 update + toggle: version CAS key, form round trip, pause keeps every other field (0.448167ms)
✔ PRM05 BFF grammar: exactly list, create and update; nothing generic (0.177583ms)
✔ PRM06 copy: three locales carry the same keys and every refusal code the Go routes can answer (0.391708ms)
✔ G-UI3/G-UI5 architecture constraints pass with shrinking legacy exceptions (1746.461333ms)
✔ G-UI3/G-UI5 negatives: new formatter, component fetch, >800 lines and wider allowance fail (1.3085ms)
✔ Readiness jump controls expose the actual active section, not a click flag (1.494958ms)
✔ Integrator P2: legal CN comment ordering and a distinct three-image recommendation (0.579916ms)
✔ ADM04 and ADM06 explain unavailable SKUs and keep collection vocabulary consistent (0.684375ms)
✔ ADM06 create/detail titles share the route vocabulary without adding a phantom Next page (0.482166ms)
✔ G-UI1 Next pages and route registry are bidirectional, unique, typed, documented (1.679ms)
✔ G-UI1 copy key parity: no missing or extra key in any locale (0.4105ms)
✔ G-UI2 staff without catalog:read cannot see products/inventory or open a product URL (0.952208ms)
✔ G-UI2 every route permission is a permission Go knows, and /orders/new needs inventory:reserve (240.831959ms)
✔ G-UI1 dynamic and public routes match, details never appear as navigation (0.72125ms)
✔ W6-U2 ledger is a settings in-page route, preserving existing navigation (1.744625ms)
✔ Every browser spec clicks nav-orders: the orders group stays a singleton, so returns/new/print routes are nav: false (0.375125ms)
✔ created address is a strict HTTPS origin matching the assigned handle (0.566208ms)
✔ DNS instructions must name the requested origin and a bare hostname target (1.300291ms)
✔ domain kind is authoritative and closed, not inferred from host or token (0.732291ms)
✔ apex DNS retains every concrete IPv4/IPv6 address and rejects malformed values (1.652166ms)
✔ pending domain journal preserves exact action/key/target; legacy or corrupt markers never replay (0.521375ms)
✔ browser-origin gate: every refusal happens before Go is called, for every action (365.479792ms)
✔ only POST exists on the team routes (5.55225ms)
✔ unknown action is a local 404 and never reaches Go (4.152709ms)
✔ strict request grammar: wrong keys, types, ids, roles, locales and token shapes are 422 locally (164.611084ms)
✔ what reaches Go: BFF key, bearer from the cookie, no Cookie/Origin, body unchanged, exactly one call per request (722.016291ms)
✔ Go failures are rebuilt locally from allow-listed codes, never retried, and never echo the token (208.486416ms)
✔ team answer: accepts the frozen shape, null role and OIDC member without email (0.559959ms)
✔ team answer: unknown key, unknown role, bad id, bad mail state are rejected (0.552209ms)
✔ invite and accept answers are strict (45.485666ms)
✔ request grammar: every action has an exact key set and rejects junk values (0.310958ms)
✔ copy: three locales carry the same keys and a label for every role (3.880333ms)
✔ role-aware navigation: hides entries the member's permissions cannot use; unknown shows all; Team is owner-only (7.512625ms)
✔ P02 settlements directory rejects missing/link/owner/group/mode with a valid control (506.487209ms)
✔ preflight health permission grammars and API/worker consistency fail closed (6684.493041ms)
✔ merchant alert flag is explicit 0|1 and independently requires SMTP (3229.842792ms)
✔ shared loader makes API/worker LIVE pair file-only before Compose interpolation (486.571375ms)
✔ export bind accepts omitted JSON false but rejects unsafe source/config mutations (1.078125ms)
✔ sanctioned operator allowlist and fail-closed gates (fake docker, no network) (2259.19975ms)
✔ platform operator custody, export mount and binary are wired (198.769833ms)
✔ actual export bind refuses a missing directory; enabling auto-create is detected (467.332917ms)
✔ R3 preflight rejects cancelled PAYUNi, validates Page app and keeps LIVE pair mandatory (1160.017042ms)
✔ R3 smoke exercises exact denied probes, accepts 404 only for disabled mounts (111.71575ms)
✔ positive control: a complete, valid configuration raises no META_LOGIN finding (2301.179708ms)
✔ feature off (COMMERCE_META_LOGIN_CONFIG_ID empty): no rule applies even with the other keys empty (470.476084ms)
✔ P06: the Page route needs the webhook receiver (532.256583ms)
✔ P06: sessions come from identity (720.648542ms)
✔ P06: without the claims profile nobody sends the private replies (a WARN, not a FAIL) (516.295625ms)
✔ P08: COMMERCE_META_LOGIN_CONFIG_ID must be numeric ("abc") (805.826917ms)
✔ P08: COMMERCE_META_LOGIN_CONFIG_ID must be numeric ("12 34") (525.598209ms)
✔ P08: COMMERCE_META_LOGIN_CONFIG_ID must be numeric ("111111111111") (659.065709ms)
✔ P08: COMMERCE_META_LOGIN_CONFIG_ID must be numeric ("0x10") (763.76675ms)
✔ P08: COMMERCE_META_LOGIN_CONFIG_ID must be numeric ("-1") (382.539125ms)
✔ P08: COMMERCE_META_LOGIN_REDIRECT_URI must be exactly https://<LC_ADMIN_HOST>/api/meta/callback (wrong host) (461.913459ms)
✔ P08: COMMERCE_META_LOGIN_REDIRECT_URI must be exactly https://<LC_ADMIN_HOST>/api/meta/callback (http scheme) (375.907375ms)
✔ P08: COMMERCE_META_LOGIN_REDIRECT_URI must be exactly https://<LC_ADMIN_HOST>/api/meta/callback (the ads callback path) (433.080459ms)
✔ P08: COMMERCE_META_LOGIN_REDIRECT_URI must be exactly https://<LC_ADMIN_HOST>/api/meta/callback (trailing slash) (332.454375ms)
✔ P08: COMMERCE_META_LOGIN_REDIRECT_URI must be exactly https://<LC_ADMIN_HOST>/api/meta/callback (query string) (330.083625ms)
✔ P08: COMMERCE_META_LOGIN_REDIRECT_URI must be exactly https://<LC_ADMIN_HOST>/api/meta/callback (empty) (332.548458ms)
✔ P08: COMMERCE_META_LOGIN_GRAPH_VERSION grammar vNN.N ("26.0") (345.588958ms)
✔ P08: COMMERCE_META_LOGIN_GRAPH_VERSION grammar vNN.N ("v26") (255.923625ms)
✔ P08: COMMERCE_META_LOGIN_GRAPH_VERSION grammar vNN.N ("v26.0.1") (222.517417ms)
✔ P08: COMMERCE_META_LOGIN_GRAPH_VERSION grammar vNN.N ("latest") (343.246583ms)
✔ P08: COMMERCE_META_LOGIN_GRAPH_VERSION grammar vNN.N ("") (462.894167ms)
✔ P08: COMMERCE_META_LOGIN_GRAPH_VERSION grammar vNN.N ("v1000.0") (211.822541ms)
✔ P08: COMMERCE_META_LOGIN_GRAPH_VERSION accepts v26.0 (214.140959ms)
✔ P08: COMMERCE_META_LOGIN_GRAPH_VERSION accepts v22.0 (214.045833ms)
✔ P08: COMMERCE_META_LOGIN_GRAPH_VERSION accepts v99.9 (203.738708ms)
✔ production without any alert channel is a FAIL (nobody would hear the next outage) (2287.915542ms)
✔ outside production the same gap is only a WARN (481.756625ms)
✔ a webhook alone satisfies the rule (494.729708ms)
✔ an e-mail target with a complete relay (host, username, secret) satisfies the rule (733.498417ms)
✔ an e-mail target without the relay secret cannot be sent: FAIL in production, WARN elsewhere (1315.181584ms)
✔ the example's CHANGE_ME_SENDER placeholder is not a relay: the e-mail target cannot be sent (519.956666ms)
✔ LC_ALERT_EMAIL must be one plain address ("not-an-address") (686.294208ms)
✔ LC_ALERT_EMAIL must be one plain address ("two@fake.invalid,three@fake.invalid") (672.826167ms)
✔ LC_ALERT_EMAIL must be one plain address ("a b@fake.invalid") (463.677542ms)
✔ LC_ALERT_EMAIL must be one plain address ("<owner@fake.invalid>") (446.761042ms)
✔ LC_ALERT_EMAIL must be one plain address ("owner@fake") (453.63875ms)
✔ storefront cart-line removal is reversible: clicked for real, not guarded (1.612041ms)
✔ destructive / irreversible / sign-out classification (owner list, en + zh) (3.2765ms)
✔ alike controls (rows with ids / numbers) share one class key (0.512375ms)
✔ known defects classify, never silence: stale entries are reported (0.627ms)
✔ the markdown ledger has one row per interaction and names the verdict (0.234958ms)
✔ protocolHrefOK accepts well-formed tel:/mailto: and rejects malformed ones (0.172792ms)
✔ J1 waits for enabled media and clicks a real chooser; the uploaded cover is bound to the main section (1677.681416ms)
✔ J1 cannot credit a detail-image receipt as the main cover (1.095125ms)
✔ J1 refuses a failed cover upload rather than continuing to activate (0.257333ms)
✔ thresholds are the named constants of the brief (1.453125ms)
✔ R1: document wider than the viewport, and the outermost element past the edge (0.250167ms)
✔ R2: label tops, control tops and control heights of one visual row (0.469042ms)
✔ R2: what is one row and what is not (0.141042ms)
✔ R2: a button beside a field has to line up with its control (0.148334ms)
✔ R3: a row made tall by stacked controls, a control wider than its cell (0.377416ms)
✔ R3: a matrix whose EVERY row is doubled by a stacked stock cell (the median cannot see it) (0.203834ms)
✔ R4: small text, helper text apart, icons and duplicates excepted (0.103334ms)
✔ R5: tap targets on the 390 viewport only (2.753709ms)
✔ R6: interactive elements and text boxes that overlap (1.127125ms)
✔ R7: text clipped inside a control or label (either side), and select values that do not fit (1.026708ms)
✔ R8: the same visible label twice in one list (4.189834ms)
✔ evaluate() tags severity, selectRecords() keeps distinct groups first and counts every instance (14.427958ms)
✔ R9: text and controls flush to the screen edge at 390 (0.675125ms)
✔ R6/R9 judge the visible (ancestor-clipped) rectangle, not the raw one (integrator ruling 2026-10-05) (0.16ms)
✔ R10: a fixed or sticky bar covering main content after scrolling (0.723375ms)
✔ R11: controls narrower than a usable width (0.199792ms)
ℹ tests 431
ℹ suites 0
ℹ pass 431
ℹ fail 0
ℹ cancelled 0
ℹ skipped 0
ℹ todo 0
ℹ duration_ms 18156.633541
✔ closed projections reject secret-shaped extras, invalid enums, IDs and contradictory capabilities (0.787708ms)
✔ detail accepts only bounded events and keeps actual server action flags (0.395209ms)
✔ BFF exact routes and request grammar forbid keys/body on reads, filters on detail and arbitrary writes (10.432833ms)
✔ copy parity, safe object navigation and UNKNOWN/protective reasons (0.183667ms)
✔ read-only store capability never exposes a command even if the state allows one (0.061708ms)
✔ duplicate escaped keys cannot bypass the exact command grammar (0.047333ms)
✔ query backoff affects only its operation and expires without another action (0.050375ms)
✔ merchant reason text translates ledger events and conceals unknown or prototype codes (0.106917ms)
✔ ledger read navigation requires effective integration:read permission regardless of role (0.074916ms)
ℹ tests 9
ℹ suites 0
ℹ pass 9
ℹ fail 0
ℹ cancelled 0
ℹ skipped 0
ℹ todo 0
ℹ duration_ms 87.389042
✔ OrderHistory renders server order instant in Taipei (35.612375ms)
✔ ClaimLink renders claim expiry in Taipei (3.192416ms)
✔ BankTransfer renders deadline and proof instant in Taipei (2.151792ms)
✔ BankTransfer proof echo labels store time in en (1.602958ms)
✔ BankTransfer proof echo labels store time in zh-TW (2.001208ms)
✔ BankTransfer proof echo labels store time in zh-CN (1.499917ms)
✔ ShopFooter uses Taipei year across UTC year boundary (2.292ms)
✔ BankTransfer deadline labels store time in en (1.970209ms)
✔ BankTransfer deadline labels store time in zh-TW (3.422458ms)
✔ BankTransfer deadline labels store time in zh-CN (1.896208ms)
✔ OrderHistory states the Taipei time zone once in en (0.966292ms)
✔ OrderHistory states the Taipei time zone once in zh-TW (0.879458ms)
✔ OrderHistory states the Taipei time zone once in zh-CN (0.931791ms)
✔ Meta rejection wording is preserved as bounded Unicode text, never translated (2.406417ms)
✔ frozen error codes: model list equals the frozen list, each is read from both error shapes (1.010334ms)
✔ copy: every code, status, op state and connect error has text in all three locales (0.698541ms)
✔ copy never calls a budget a hard stop and never offers resume (0.729041ms)
✔ draft: every §5.1 status parses; unknown status/template/op state is an error, never guessed (0.89175ms)
✔ draft: optional fields, remote ids and the Ads Manager link (0.209ms)
✔ action hints: pause whenever a remote id exists and not ENDED; a paused draft is only ever copied (X7) (0.256166ms)
✔ money: whole units to minor with integer math; TWD must be whole (13.59875ms)
✔ Taipei schedule: wall inputs and draft projections ignore the viewer zone (4.195416ms)
✔ Taipei schedule: invalid calendar days are rejected and all copy names UTC+8 (0.507041ms)
✔ draft input: exact 11-key body and every local rule (3.507208ms)
✔ draft form round trip and X7 copy (blank schedule, no id, no revision) (0.24025ms)
✔ settings parser: environment enum, connections, identities, capi (0.405708ms)
✔ connect state parser: pick list kinds and id match (0.115042ms)
✔ report: three separate blocks, orders may be null, no combined figure (0.403416ms)
✔ default report window is the Asia/Taipei store day whatever the viewer's zone is (Taipei midnight boundary) (5.942458ms)
✔ capi body and validation (0.217958ms)
✔ W6-06B unbind response: exact keys, account, UUIDs and outcome semantics (0.215334ms)
✔ W6-06B in-flight details preserve bounded items and total, reject unknown shapes (0.260458ms)
✔ W6-06B catalog feed has exact public URL/domain pairs or published-store empty (0.21175ms)
✔ W6-06B copy preserves unbind boundaries and feed recovery in three locales (0.069375ms)
✔ W6-06B feed selection follows origin order, not full feed URL order (0.071958ms)
✔ customer list accepts the frozen row and rejects unknown keys, dup ids, bad cursor, oversize (2.990875ms)
✔ customer row invariants: nulls for bundle-only/erased, counts, money, consents (0.796166ms)
✔ customer detail: bounded lists, order summaries reuse the orders parser, id must match (1.942958ms)
✔ erasure summary is four counts only (0.090667ms)
✔ finance summary: net = captured - refunded (I05), totals carry an empty day, sandbox flag (0.298791ms)
✔ financeDay is the UTC+8 day (0.054334ms)
✔ finance defaults keep Taipei dates across midnight, leap day and year end (0.076209ms)
✔ tags and notes are parsed strictly (W6-01B) (0.673ms)
✔ TSX seam refuses an unlisted import (4.148ms)
✔ Ads merchant timestamp uses Taipei at the year boundary (12.620791ms)
✔ Design version published_at cell uses Taipei at the year boundary (2.237209ms)
✔ ManualOrder bank-transfer expiry uses Taipei at the year boundary (2.617333ms)
ℹ tests 47
ℹ suites 0
ℹ pass 47
ℹ fail 0
ℹ cancelled 0
ℹ skipped 0
ℹ todo 0
ℹ duration_ms 181.962833
✔ OrderHistory renders server order instant in Taipei (9.199583ms)
✔ ClaimLink renders claim expiry in Taipei (2.457833ms)
✔ BankTransfer renders deadline and proof instant in Taipei (2.029042ms)
✔ BankTransfer proof echo labels store time in en (1.540333ms)
✔ BankTransfer proof echo labels store time in zh-TW (1.706625ms)
✔ BankTransfer proof echo labels store time in zh-CN (1.508917ms)
✔ ShopFooter uses Taipei year across UTC year boundary (2.280125ms)
✔ BankTransfer deadline labels store time in en (3.177125ms)
✔ BankTransfer deadline labels store time in zh-TW (2.150959ms)
✔ BankTransfer deadline labels store time in zh-CN (2.36875ms)
✔ OrderHistory states the Taipei time zone once in en (1.358458ms)
✔ OrderHistory states the Taipei time zone once in zh-TW (0.96075ms)
✔ OrderHistory states the Taipei time zone once in zh-CN (0.909666ms)
✔ Meta rejection wording is preserved as bounded Unicode text, never translated (3.365958ms)
✔ frozen error codes: model list equals the frozen list, each is read from both error shapes (0.961542ms)
✔ copy: every code, status, op state and connect error has text in all three locales (0.580542ms)
✔ copy never calls a budget a hard stop and never offers resume (0.376041ms)
✔ draft: every §5.1 status parses; unknown status/template/op state is an error, never guessed (0.466375ms)
✔ draft: optional fields, remote ids and the Ads Manager link (0.206667ms)
✔ action hints: pause whenever a remote id exists and not ENDED; a paused draft is only ever copied (X7) (0.205208ms)
✔ money: whole units to minor with integer math; TWD must be whole (8.773625ms)
✔ Taipei schedule: wall inputs and draft projections ignore the viewer zone (4.508375ms)
✔ Taipei schedule: invalid calendar days are rejected and all copy names UTC+8 (0.293042ms)
✔ draft input: exact 11-key body and every local rule (3.741792ms)
✔ draft form round trip and X7 copy (blank schedule, no id, no revision) (0.214875ms)
✔ settings parser: environment enum, connections, identities, capi (0.354667ms)
✔ connect state parser: pick list kinds and id match (0.110459ms)
✔ report: three separate blocks, orders may be null, no combined figure (0.255208ms)
✔ default report window is the Asia/Taipei store day whatever the viewer's zone is (Taipei midnight boundary) (2.327917ms)
✔ capi body and validation (0.119208ms)
✔ W6-06B unbind response: exact keys, account, UUIDs and outcome semantics (0.174291ms)
✔ W6-06B in-flight details preserve bounded items and total, reject unknown shapes (0.158709ms)
✔ W6-06B catalog feed has exact public URL/domain pairs or published-store empty (0.15975ms)
✔ W6-06B copy preserves unbind boundaries and feed recovery in three locales (0.059916ms)
✔ W6-06B feed selection follows origin order, not full feed URL order (0.0645ms)
✔ customer list accepts the frozen row and rejects unknown keys, dup ids, bad cursor, oversize (5.765792ms)
✔ customer row invariants: nulls for bundle-only/erased, counts, money, consents (0.659167ms)
✔ customer detail: bounded lists, order summaries reuse the orders parser, id must match (3.305875ms)
✔ erasure summary is four counts only (0.103042ms)
✔ finance summary: net = captured - refunded (I05), totals carry an empty day, sandbox flag (0.652791ms)
✔ financeDay is the UTC+8 day (0.171625ms)
✔ finance defaults keep Taipei dates across midnight, leap day and year end (0.183667ms)
✔ tags and notes are parsed strictly (W6-01B) (2.204042ms)
✔ TSX seam refuses an unlisted import (9.483042ms)
✔ Ads merchant timestamp uses Taipei at the year boundary (19.488541ms)
✔ Design version published_at cell uses Taipei at the year boundary (7.23125ms)
✔ ManualOrder bank-transfer expiry uses Taipei at the year boundary (5.004125ms)
ℹ tests 47
ℹ suites 0
ℹ pass 47
ℹ fail 0
ℹ cancelled 0
ℹ skipped 0
ℹ todo 0
ℹ duration_ms 170.146208
✔ legacy display sentinels preserve a list row without admitting arbitrary or private data (1.901542ms)
✔ orders-v2 accepts bounded filters and Taipei inclusive dates; rejects ambiguity (0.892042ms)
✔ orders-v2 rejects client count approximations, unbounded or extra response data (0.155084ms)
✔ all three locales label every task queue, payment and delivery mode (0.312166ms)
ℹ tests 4
ℹ suites 0
ℹ pass 4
ℹ fail 0
ℹ cancelled 0
ℹ skipped 0
ℹ todo 0
ℹ duration_ms 77.508167
✔ numeric store IDs have no suggestion BFF or browser client (1.158417ms)
ℹ tests 1
ℹ suites 0
ℹ pass 1
ℹ fail 0
ℹ cancelled 0
ℹ skipped 0
ℹ todo 0
ℹ duration_ms 69.037125
✔ ADM10 operator sentence is localized while product and company facts stay authoritative (0.382709ms)
✔ PS review: actual Host matching normalizes case, port and a terminal DNS dot, never forwarded authority (0.222875ms)
✔ PS review: privacy/terms retain Messenger and Instagram purpose disclosure; deletion uses exact UI labels (0.098834ms)
✔ P2-N1 zh-TW/privacy: current comments and private reply, conditional inbound messages (0.070917ms)
✔ P2-N1 zh-TW/terms: current comments and private reply, conditional inbound messages (0.041125ms)
✔ P2-N1 zh-CN/privacy: current comments and private reply, conditional inbound messages (0.033542ms)
✔ P2-N1 zh-CN/terms: current comments and private reply, conditional inbound messages (0.04225ms)
✔ P2-N1 en/privacy: current comments and private reply, conditional inbound messages (0.03825ms)
✔ P2-N1 en/terms: current comments and private reply, conditional inbound messages (0.045ms)
✔ PS1 legal identity is one untranslated source (0.091959ms)
✔ PS1 contact and hosts come only from configuration; production fails closed (0.3335ms)
✔ PS2 public routes default to zh-TW, restrict page/locale, and never include admin (0.380875ms)
✔ PS4 optional Meta verification value never has a fake default (0.052375ms)
✔ PS1 every locale uses the same product name in auth page titles (0.037458ms)
✔ PS1 public page copy has three complete locales, no invented operator identity or contact (0.19025ms)
✔ PS1 production build validates config; public data is not bundled through NEXT_PUBLIC (0.963083ms)
✔ PS review: admin image installs the manifests for its workspace dependencies before building (0.380792ms)
ℹ tests 17
ℹ suites 0
ℹ pass 17
ℹ fail 0
ℹ cancelled 0
ℹ skipped 0
ℹ todo 0
ℹ duration_ms 83.62775
✔ R11 SQL's exact receipt states are accepted; missing/forged operation/state remains unknown (0.853ms)
✔ R11 durable receipt journal validates phase against exact operation state (0.401375ms)
✔ R11 actual read control distinguishes replay/inflight/unknown/failure in en (6.626833ms)
✔ R11 actual read control distinguishes replay/inflight/unknown/failure in zh-TW (1.621833ms)
✔ R11 actual read control distinguishes replay/inflight/unknown/failure in zh-CN (1.022959ms)
✔ unknown journal retains exact key/boundary and is scoped to store+session; malformed state fails closed (0.184667ms)
✔ R12 read hook keeps network UNKNOWN on one key and explicitly refreshes acknowledged UNKNOWN (15.526833ms)
✔ actual POST transport uses CSRF and session fence; 403 independent of response text (20.495167ms)
✔ R10 ROAS has exactly two decimals in en (11.518666ms)
✔ R10 unknown ROAS is never fabricated as zero in en (0.11475ms)
✔ R10 ROAS has exactly two decimals in zh-TW (0.212375ms)
✔ R10 unknown ROAS is never fabricated as zero in zh-TW (0.04175ms)
✔ R10 ROAS has exactly two decimals in zh-CN (0.148166ms)
✔ R10 unknown ROAS is never fabricated as zero in zh-CN (0.035167ms)
✔ shared presentation preserves registry title and one empty buyer message in en (55.106875ms)
✔ R11 large linked-draft list is complete but collapsed in en (4.254834ms)
✔ shared presentation preserves registry title and one empty buyer message in zh-TW (6.26375ms)
✔ R11 large linked-draft list is complete but collapsed in zh-TW (5.763417ms)
✔ shared presentation preserves registry title and one empty buyer message in zh-CN (7.875583ms)
✔ R11 large linked-draft list is complete but collapsed in zh-CN (3.1005ms)
✔ R11 timeline distinguishes local unknown spend from explicit Meta zero in en (5.770417ms)
✔ R11 timeline distinguishes local unknown spend from explicit Meta zero in zh-TW (5.351ms)
✔ R11 timeline distinguishes local unknown spend from explicit Meta zero in zh-CN (4.902625ms)
✔ R11 I12 nullable Meta evidence survives without becoming zero (0.696084ms)
✔ R11 actual panel rendering preserves unknowns and reconnect route in en (15.173667ms)
✔ R11 actual panel rendering preserves unknowns and reconnect route in zh-TW (13.940083ms)
✔ R11 actual panel rendering preserves unknowns and reconnect route in zh-CN (13.965834ms)
✔ D1, D6, R7: exact amounts and sources remain independent, account days stay labelled (0.220125ms)
✔ R12: null stays unknown and unread / unauthorised / insufficient remain different states (0.239084ms)
✔ R12 granted but unread audience offers a read, never reconnect in en (1.642959ms)
✔ R12 granted but unread audience offers a read, never reconnect in zh-TW (1.593625ms)
✔ R12 granted but unread audience offers a read, never reconnect in zh-CN (1.551792ms)
✔ I12 forged / missing frozen fields never silently become zeros (0.828833ms)
✔ only whitelisted aggregates survive: extra identifiers and HTML are never interpreted (0.059792ms)
✔ attribution is a read-only BFF resource with exact bounded query grammar (0.338833ms)
✔ audience-read is exactly the new local intention POST and never a data GET or queried write (0.233459ms)
✔ route fails closed without ads:read and is not a duplicate navigation entry; locale keys match (0.097333ms)
ℹ tests 37
ℹ suites 0
ℹ pass 37
ℹ fail 0
ℹ cancelled 0
ℹ skipped 0
ℹ todo 0
ℹ duration_ms 495.04275
✔ card-payments copy: identical key sets in all three locales (0.778042ms)
✔ merchant terms are quoted verbatim (contract §5) in the enable dialog (0.094583ms)
✔ ruling-fixed strings: platform not OPEN and BLOCKED note (0.040667ms)
✔ error map covers every frozen refusal code from migrations/0137 (0.064167ms)
✔ no Stripe account id, key or approval id shape appears in any copy string (0.258375ms)
✔ storefront collector disclosure matches contract §5 templates in three languages (0.055667ms)
✔ the merchant terms in the dialog are the contract §5 sentence, extracted from the contract (0.088167ms)
✔ the storefront templates are the contract §5 lines, extracted from the contract (0.106417ms)
✔ settlement copy: deduction columns are labelled as deductions in every language, with a legend and the net formula (0.231166ms)
✔ there is no separate 'not on the allowlist' message: it reads as not open (review P1-2) (0.080084ms)
✔ card summary accepts the frozen shape incl. all-null platform NONE (1.669584ms)
✔ card summary rejects unknown keys, bad enums, bad money, bad version (0.360042ms)
✔ card result is exactly {state, version, max_minor, currency, descriptor_preview} (0.102875ms)
✔ descriptor suffix rule: charset, 2..10 chars, must contain a letter (0.123875ms)
✔ the suffix length rule is the charset rule's 10; the 22-character descriptor total stays the server's (SANDBOX L=10, LIVE PrefixLength) (0.054959ms)
✔ descriptor preview mirrors the contract projection (base + '* ' + suffix) (0.059542ms)
✔ settlement list accepts statements without payout/lines keys (omitempty) (0.41175ms)
✔ settlement detail carries lines whose count and sums match the totals (1.114375ms)
✔ settlement parsers reject malformed reads (2.368625ms)
✔ fees, refunds and disputes are signed exactly as the ledger stores them (0.240625ms)
✔ a returned fee is a positive line fee; the detail's lines must add up to the statement totals (1.34125ms)
✔ closed_at/paid_at accept the offsets PostgreSQL emits as well as Z (0.452834ms)
✔ a payout reference shaped like a Stripe key or account id is never displayed (0.544292ms)
✔ platform not OPEN: 'not open yet' and no enable control, for every non-OPEN state; the platform badge still tells why (0.642375ms)
✔ allowlisted + OPEN: enable from NONE/DISABLED, disable from ENABLED (0.22325ms)
✔ not allowlisted on an OPEN platform reads exactly like not open: the same message, no 'platform open' badge, no enable (review P1-2) (0.342375ms)
✔ BLOCKED: the suspended note, disable only, never enable (whatever the platform says) (0.132041ms)
✔ without billing:manage nothing can be changed, but the state is still readable (0.073917ms)
✔ enable carries the platform's current terms, the suffix and the version read; NONE starts at 0 (0.069208ms)
✔ disable never sends a suffix and quotes the terms the store accepted (the platform's may have moved on) (0.04175ms)
✔ a retained suffix is recovered from the final preview so a re-enable can keep it (0.040541ms)
✔ the period label shows the last day inside the (exclusive-end) week (1.337ms)
✔ payout state: paid, pending only when money is due, none when the week nets to zero or less (0.224ms)
✔ card-payments and settlements are nav:false routes, so no group loses or gains a nav button (0.411ms)
✔ settlements need billing:manage, the card page integration:read; the owner opens both (0.240625ms)
✔ statement cells: a dispute reversal and a returned fee read as credits (+) and every deduction as -, and the columns add up to the server's net (10.872208ms)
✔ the detail parser requires the lines of a statement that has lines; a quiet week (line_count 0) may omit them (0.1715ms)
✔ route table: exactly the four resources, nothing generic (0.514542ms)
✔ query grammar: card and settlement-detail are exact; settlements takes before/limit only (0.237084ms)
✔ request fence: keyless PUT (CAS), bodyless GETs, no transfer-encoding (20.017583ms)
✔ PUT body is the exact frozen shape {enabled, terms_version, descriptor_suffix, expected_version} (1.506792ms)
✔ the BFF route wires the card grammar: keyless CAS PUT, exact body, no-store, auth required (1.397375ms)
✔ the real card summary parses and drives the display state machine (2.492708ms)
✔ the real statement list parses: newest first, no lines, three payout states (1.270959ms)
✔ every real detail parses with its lines and the lines add up to the statement (1.290125ms)
✔ an empty ledger parses to no statements (0.273167ms)
✔ no account id, key or approval shape is in any real body (0.434208ms)
✔ the real statements display literally as signed contributions that add up to the server's net (11.860458ms)
ℹ tests 48
ℹ suites 0
ℹ pass 48
ℹ fail 0
ℹ cancelled 0
ℹ skipped 0
ℹ todo 0
ℹ duration_ms 129.885166
✔ option/slug/SKU caps equal internal/catalog (options.go, catalog.go) (15.412583ms)
✔ text caps equal the Go validators (name 120, description 8000, SEO 70/160, collection title 80) (1.955667ms)
✔ photo caps equal Go (MaxMainImages, MaxDetailImages, MaxImageBytes) and the SKU code pattern (1.972333ms)
✔ PE13 Cartesian matrix is local, preserves edits and deduplicates values (4.935ms)
✔ PE13 bulk quantity skips negative rows without modifying them (0.170209ms)
✔ PE12 untracked document uses whole currency and per-order cap, never quantity (11.327292ms)
✔ PE14 missing readback is not guessed or silently cleared by full replacement (0.065625ms)
✔ bulk status accepts explicit per-item results, never empty or duplicated confirmations (0.488167ms)
✔ matrix refuses over 100 SKUs before expansion (0.178875ms)
✔ parity: admin caps equal the Go constants (0.67175ms)
✔ image list: 4 main + 20 detail + 2 sku in role order is accepted (0.309ms)
✔ image list: 5 main, 21 detail, wrong role order, gaps and extra keys are refused (0.133959ms)
✔ single image: role is required and its position is bounded by the role cap (0.057375ms)
✔ option text limits count Go runes rather than UTF-16 units (1.253083ms)
✔ PE14 new edit SKU carries its own shipping and clears no existing fields (11.699ms)
✔ PE14 patch changes only price and preserves unmentioned fields (0.422708ms)
✔ PE14 on_hand is not available, zero target is transmitted, ambiguous warehouse refuses (0.3975ms)
✔ PE14 explicit clears and shipping remain per SKU on an active row (0.128458ms)
✔ PE14 archive supersedes every other edit on that SKU (b77eeb11) (0.13675ms)
✔ PE14 no-op has no command fields and changed axes explicitly archive omitted variants (0.09625ms)
ℹ tests 20
ℹ suites 0
ℹ pass 20
ℹ fail 0
ℹ cancelled 0
ℹ skipped 0
ℹ todo 0
ℹ duration_ms 113.697417
(node:14607) ExperimentalWarning: Transform Types is an experimental feature and might change at any time
(Use `node --trace-warnings ...` to show where the warning was created)
✔ UNKNOWN retry client authorization loss requires reconciliation, not a fresh command (3.558792ms)
✔ UNKNOWN retry 401 authorization loss requires reconciliation, not a fresh command (10.854292ms)
✔ UNKNOWN retry 403 authorization loss requires reconciliation, not a fresh command (0.727292ms)
✔ a conclusive command rejection stays distinct from authorization loss (0.790542ms)
ℹ tests 4
ℹ suites 0
ℹ pass 4
ℹ fail 0
ℹ cancelled 0
ℹ skipped 0
ℹ todo 0
ℹ duration_ms 132.06625
NOT_RUN: tests/media/r04-input-runner.test.mjs (COMMERCE_R04_LIVEKIT_BINARY unset)
✔ main/detail/sku caps use the existing frozen image contract (0.639792ms)
✔ phone and tall dimensions fit2000 without enlarging small assets (0.137083ms)
✔ upload query requires one exact role and sku value; reads/actions carry no query (0.377416ms)
✔ role transport encodes current option values and refuses invalid identities (0.165125ms)
✔ effective image axis follows current options, then falls back to first (0.068375ms)
✔ detail and option photos cannot satisfy the main-photo recommendation (0.062333ms)
✔ PM-U copy has matching keys in ja and all currently routed locales (0.120208ms)
✔ real-upload mode builds both Next applications on a clean CI checkout (6.245042ms)
✔ upload recovery journal survives a new session while remaining product/store scoped (0.093875ms)
✔ an option upload receipt requires its captured axis, value and image id on canonical readback (0.103708ms)
✔ failed durable recovery storage cannot authorize a media write (0.078334ms)
✔ an active product needs a main image after canonical media is known; repair paths stay possible (0.048375ms)
✔ empty media sections render a readable localized placeholder until photos are present (5.673292ms)
✔ real-upload mode never exits through the storefront MOCK shortcut (7.705125ms)
✔ a valid active zero-main product keeps an inline repair hint rather than a page error (4.01075ms)
✔ a new product issues the image-axis stage only for a chosen axis (0.793583ms)
ℹ tests 16
ℹ suites 0
ℹ pass 16
ℹ fail 0
ℹ cancelled 0
ℹ skipped 0
ℹ todo 0
ℹ duration_ms 574.408542
(node:14686) ExperimentalWarning: Transform Types is an experimental feature and might change at any time
(Use `node --trace-warnings ...` to show where the warning was created)
✔ a fitting PNG keeps the exact original File, bytes and alpha-capable format (0.862875ms)
✔ a JPEG exactly at both limits remains original, not a lossy re-encode (0.400375ms)
✔ an oversized phone JPEG is encoded below the cap after oriented scaling (0.519084ms)
✔ a large transparent PNG stays alpha-capable and is never painted with an opaque matte (0.417375ms)
ℹ tests 4
ℹ suites 0
ℹ pass 4
ℹ fail 0
ℹ cancelled 0
ℹ skipped 0
ℹ todo 0
ℹ duration_ms 104.298916
✔ HTTPS picklist fixture carries Secure session cookies automatically while preserving CSRF refusals (92.399375ms)
✔ batch controls stay compact until an order selection or live-session scope exists (0.174667ms)
✔ selection has XOR bodies, canonical unique IDs and separate 500/100 limits (0.378208ms)
✔ cross-page selection retains existing rows, deduplicates and refuses overflow atomically (0.732833ms)
✔ pick projection rejects PII/extra keys, invalid quantities and unmatched order identities (0.555583ms)
✔ batch replies bind one-for-one to confirmed orders and preserve uncertainty code (0.116959ms)
✔ pick/export POSTs reject keys and all query variants except one exact template (1.835292ms)
✔ CSV filename binds to selected template and store; no path/header injection (0.194875ms)
✔ MOCK browser fixture list matches the incumbent closed order parser (15.689625ms)
✔ recovery never clears an unknown or missing current attempt (0.154792ms)
✔ recovery and order-detail MOCK fixtures satisfy real read parsers (7.759666ms)
✔ order selection can read its session fence during SSR without browser globals (0.980125ms)
✔ MOU keeps native headed checks runnable on a Linux CI worker without DISPLAY (14.856791ms)
ℹ tests 13
ℹ suites 0
ℹ pass 13
ℹ fail 0
ℹ cancelled 0
ℹ skipped 0
ℹ todo 0
ℹ duration_ms 377.973833
✔ parseShard: i/N, empty means unsharded, anything malformed throws (1.276291ms)
✔ assignShards: deterministic, every key owned once, near-balanced (LPT bound) (1.2435ms)
✔ planClick: for every N the shards partition the whole universe (every registry route x variant, storefront walk, journey) (1.368459ms)
✔ planClick at N=10 keeps every shard within ~1.3x of the mean planned cost (0.151416ms)
✔ aggregate click: honest shards pass for several N (2.601167ms)
✔ aggregate click: a missing shard, a dropped page row, a lost journey, a failing row, a stale known defect and a missing platform marker are each a failure (3.903125ms)
✔ aggregate click: a route added to the registry after the shards ran cannot pass (the registry is re-read) (0.475375ms)
✔ aggregate visual: honest shards pass; a missing shard, a missing shot, a blocking verdict and a registry route outside the universe each fail (4.87025ms)
ℹ tests 8
ℹ suites 0
ℹ pass 8
ℹ fail 0
ℹ cancelled 0
ℹ skipped 0
ℹ todo 0
ℹ duration_ms 132.587459
ci-plan: 10 job(s); click-sweep x10 (aggregate)
  --browser-click-sweep@1/10  -> artifact gate-browser-click-sweep_1_10
  --browser-click-sweep@2/10  -> artifact gate-browser-click-sweep_2_10
  --browser-click-sweep@3/10  -> artifact gate-browser-click-sweep_3_10
  --browser-click-sweep@4/10  -> artifact gate-browser-click-sweep_4_10
  --browser-click-sweep@5/10  -> artifact gate-browser-click-sweep_5_10
  --browser-click-sweep@6/10  -> artifact gate-browser-click-sweep_6_10
  --browser-click-sweep@7/10  -> artifact gate-browser-click-sweep_7_10
  --browser-click-sweep@8/10  -> artifact gate-browser-click-sweep_8_10
  --browser-click-sweep@9/10  -> artifact gate-browser-click-sweep_9_10
  --browser-click-sweep@10/10  -> artifact gate-browser-click-sweep_10_10
✔ the full sweep and the full visual lint fan out into every shard and ask for the aggregate (0.926333ms)
✔ foundation-shards = the unit shard + every plan group; the serial `foundation` mode is untouched (0.638167ms)
✔ an explicit shard re-run (or a partial list) never claims the whole-run aggregate (0.088291ms)
✔ duplicates collapse, artifact names are safe and unique, bad input is refused (0.295792ms)
✔ main writes matrix / sweep_n / visual_n to GITHUB_OUTPUT (1.596833ms)
✔ backend-only paths run foundation-shards only (1.342125ms)
✔ node tests of deploy scripts and of the CI planner are backend-only (they cannot change a browser) (0.335291ms)
✔ a UI path adds the whole browser set, including click-sweep and visual-lint (1.974167ms)
✔ docs-only and output-only diffs keep the single required check (foundation-shards) (0.272583ms)
✔ tests/foundation/browser_* is a browser path, other tests/foundation files are not (0.283ms)
✔ deploy flag: deploy/ and scripts/deploy* only (0.843458ms)
✔ the browser set is release-gate's browser-mode universe minus the documented exclusions (14.066334ms)
✔ parser: only compiled, correctly-shaped Test functions of untagged _test.go files (1.869458ms)
✔ the real plan: every top-level test of tests/foundation runs in exactly one group (589.847791ms)
✔ a new test (in no list) still runs, exactly once, in the catch-all group; the same name with no catch-all is red (885.800042ms)
✔ a test listed in two groups is red; drift beyond the limit is red (882.166666ms)
✔ regexes: anchored explicit lists; the catch-all skips exactly everyone else's tests (0.398417ms)
✔ pack: deterministic, balanced to within the longest test, every name once (3.710292ms)
✔ parseDurations: top-level lines only (0.181ms)
ℹ tests 19
ℹ suites 0
ℹ pass 19
ℹ fail 0
ℹ cancelled 0
ℹ skipped 0
ℹ todo 0
ℹ duration_ms 2434.694125
