✔ /products/{uuid} redirects permanently to the zh-TW product page (84.101ms)
✔ non-uuid ids are 404, never redirected (6.057042ms)
✔ AT1: the locale redirect preserves the ad-click query without allowing a redirect target (0.389375ms)
✔ R10: standalone signed signals survive a missing or expired seven-day touch (29.683125ms)
✔ R10: standalone signals reject expiry, bad signature, duplicates and another host (0.71025ms)
✔ AT1 R5: browser identity survives expired touch and rolls for ninety days (2.100375ms)
✔ AT1 R5: missing ad parameters create no cookies; fbclid alone creates no touch (0.622709ms)
✔ AT1 R5: lc_ad alone updates attribution and does not replace fbc (0.483958ms)
✔ AT1: host-only first-party cookies contain no PII and read back exactly (1.040458ms)
✔ AT1: a later valid click replaces the draft but preserves the browser identifier (2.741459ms)
✔ R10: only a different fbclid replaces fbc and its first-seen timestamp (0.358792ms)
✔ AT1: malformed and ambiguous links do not overwrite a valid prior touch (0.331875ms)
✔ AT1: host and key binding reject copied cookies (0.1785ms)
✔ AT1: duplicates and tampering invalidate the entire envelope (0.131958ms)
✔ AT1: exactly seven days is valid, the next millisecond and future clicks are not (0.141208ms)
✔ catalog list query limits equal the Go v2 parser (internal/buyerhttp/catalogv2.go) (28.324334ms)
✔ collection list cap equals Go maxCollectionsPerStore (3.25675ms)
✔ design caps equal internal/design/schema.go (nav, sections, pages) (3.664709ms)
✔ CVS buyer-entered store bounds and return path equal Go (internal/checkout/cvs.go, migration 0093) (6.956875ms)
✔ transfer view: closed shape and state rules mirror Go validTransferView (1.047208ms)
✔ proof body and result: five digits, positive minor amount, ISO instant (0.4475ms)
✔ minorFromText: major units with at most two decimals, never a float surprise (0.1835ms)
✔ buyer email mirror: one plain address, 254 characters at most (0.359292ms)
✔ countdown: whole hours and minutes, never negative (1.02175ms)
✔ copy: three locales carry every key and every refusal code (0.456416ms)
✔ options: a home row lists modes only with bank_transfer and then needs its window (0.674834ms)
✔ checkoutInput: a home bank_transfer body, the optional trimmed email, and every refusal before any request (0.832625ms)
✔ order: AWAITING_TRANSFER is a valid commercial state without a hold time (0.418834ms)
✔ BFF: exact transfer routes, keyed proof PUT, strict body, validated answers, no generic proxy (48.780375ms)
✔ BFF: transfer refusal codes pass through as definite 422; checkout accepts bank_transfer and a valid email only (10.010375ms)
✔ D06 order heading follows a settled transfer: never 'waiting for transfer' above a confirmed or expired one (0.097625ms)
✔ uncertain prepare blocks all mutations; changed cookie context resolves journal (45.122334ms)
✔ fully parsed local denial clears only its own pending operation (1.887166ms)
✔ malformed journal, unavailable lock and stale context fail before writes (3.736667ms)
✔ BPT05 exact handoff permits absent body/key, one fetch, no form persistence (42.092459ms)
✔ BPT05 wrong handoff form and ordinary writes fail before any fetch (1.055458ms)
✔ BPT05 unresolved cookie journal blocks handoff; lost response is one fetch without persistence (0.451167ms)
✔ SU02 refresh permits absent body/key, one fetch, no persistence (0.431834ms)
✔ SU02 refresh rejects a body, a key or a malformed path before any fetch (0.463583ms)
✔ SU02 cancel permits absent body/key, one fetch, no persistence (0.323334ms)
✔ SU02 cancel rejects a body, a key or a malformed path before any fetch (0.295625ms)
✔ BPT01 exact private path, headers, body and three-locale one-fetch transport (54.482208ms)
✔ BPT02 payment routes reject untrusted path, context, headers, key and body before fetch (20.828ms)
✔ BPT03 hostile upstream success is sanitized, never returned as payment data (17.047583ms)
✔ BPT04 every handoff failure is nonretryable, including pre-route and transport loss (1.625333ms)
✔ SU02 five routes: exact upstream path, method, key, body, one fetch each (1.579583ms)
✔ SU02 refresh and cancel are keyless and pass every CSRF/context denial before fetch (6.372958ms)
✔ SU02 every handoff/refresh/cancel failure is nonretryable and sanitized (24.335708ms)
✔ SU02 hostile Stripe bodies become the sanitized 503; PAYUNi and Stripe bodies stay byte-identical (14.043459ms)
✔ SU02 prepare accepts only the two known method codes (1.060792ms)
✔ disabled and invalid configuration fail closed before private fetch (14.067083ms)
✔ private authority, cookie lifecycle and strict local denial (15.448291ms)
✔ bad host, cookie, query and method never reach private API (1.104917ms)
✔ stalled inbound POST body is canceled at its deadline without a cookie or private call (0.941708ms)
✔ R10: Begin forwards independently signed signals; browser attribution and forwarded hosts are not authority (2.418333ms)
✔ CVS BFF: exact routes, keyed open/store, keyless verify, validated answers, no generic proxy (16.953625ms)
✔ CVS BFF: contract refusal codes pass through; pay_at_pickup_limit is a definite (non-retryable) 429 (4.220042ms)
✔ fragment grammar accepts only one canonical token (2.084166ms)
✔ claim projections are closed (4.372166ms)
✔ claim token rides only its header on B1/B2 and is never echoed (34.744792ms)
✔ claim-priced cart edits send only SKU and quantity, keeping server price authority (11.373291ms)
✔ direct-checkout sold-out projection is mandatory, boolean and closed (0.173375ms)
✔ claim redeem shares the purchase lock, guards recovery and never persists the token (1.608ms)
✔ ClaimLink removal projects live-priced survivors on ready and conflict pages (226.622083ms)
✔ ClaimLink revisit checks out applied A while pending B is sold out or unavailable (6.457917ms)
✔ ClaimLink refreshes a nothing result after a second tab applied the claim (3.698792ms)
✔ ClaimLink does not navigate when a buyable claim target is absent or has changed quantity (7.243209ms)
✔ ClaimLink optional prior-order notice tolerates unreadable storage without bypassing recovery (20.578917ms)
✔ CVS01 map form: only the two ECPay e-map actions, exact fields, top-level-safe values (1.078083ms)
✔ CVS02 return path allowlist excludes /claim and anything but the checkout or product page (0.133375ms)
✔ CVS03 selection projection: VERIFIED<=>pickup, REJECTED<=>reject_code, absent keys read as null (0.555917ms)
✔ CVS04 buyer-entered store answer and request body (0.54425ms)
✔ CVS05 store code table (§16.1) keeps leading zeros and per-chain lengths (0.176833ms)
✔ CVS06 recipient mirror: real-name width 4..10 (CJK=2), no digits/symbols/emoji; 09 mobile (0.890542ms)
✔ CVS07 checkout draft: name, phone and mode only; read once; corrupt/foreign shapes are dropped (0.656666ms)
✔ CVS08 return URL: only ?cvs_selection=<uuid> is accepted (0.148459ms)
✔ CVS09 buyer order projection and copy keys: nothing but PICKED_UP says picked up (0.138833ms)
✔ CVS10 error codes: field mapping, definite refusals, official links are https constants (0.624667ms)
✔ CVS11 client transport: verify is the one new keyless POST; the server refusal code rides BuyerClientError.detail (42.521375ms)
✔ every locale x page has a title, an updated line and at least one section (1.61775ms)
✔ locales share the section count and per-section body count of every page (1.075625ms)
✔ final text is only the owner-confirmed company facts (CR 81215167 name + registered address); nothing else is final (0.309958ms)
✔ a legal page is published only when every text on it is final; buyers see no link to an unpublished one (0.556708ms)
✔ data-deletion path is named in the privacy page of every locale (0.099209ms)
✔ pendingOwnerText lists exactly the texts that keep a page unpublished and is written for the owner (0.594959ms)
✔ a live (claim-origin) price replaces the catalog price and strikes it through (1.947875ms)
✔ without a live price the catalog price and its compare-at are shown unchanged (0.194166ms)
✔ a live price equal to or above the catalog price is shown as set (strike hidden by the UI guard) (0.132334ms)
✔ a live price strikes the catalog price, never the variant sale price (0.167375ms)
✔ order ref: 12 hex (dashes or spaces, any case) or a full id (0.4575ms)
✔ contact: one email or a phone of 6..20 digits (0.147375ms)
✔ body is exactly {order_ref, contact}; the answer is exactly {order_id} (0.12575ms)
✔ BFF lookup: no cookie needed, fresh token goes upstream, cookie only on 200 and it carries that same token (37.508042ms)
✔ BFF lookup: strict local denial before any private fetch (1.712042ms)
✔ copy: three locales carry every key (0.211625ms)
✔ MS4 srcset descriptors use actual decoded widths and deduplicate small renditions (0.985959ms)
✔ MS1 product rendition allowlist preserves trusted Host and never forwards buyer cookies (24.6225ms)
✔ MS2 invalid, duplicate, extra, encoded widths and non-product variants fail before fetch (2.019167ms)
✔ MS3 old-image fallback is never promoted to immutable; committed variants are cacheable (2.296084ms)
✔ TWD whole amounts show no decimals in every locale and at every magnitude (line, subtotal, total, zero) (26.498625ms)
✔ cents appear only when there are cents, then always as two digits; the minor-unit arithmetic is untouched (0.390708ms)
✔ digits come from the currency: JPY none, USD two when there are cents (1.5795ms)
✔ one formatter: no component, page or lib builds a currency Intl.NumberFormat outside lib/money.ts (39.086917ms)
✔ fragment: exactly #o=<order id>&t=<43-char token>; anything else is null (1.641625ms)
✔ body is exactly {order_id, token, proof}; the answer is exactly the order the link named (0.494458ms)
✔ BFF link: no cookie needed, fresh token upstream, cookie only on a 200 naming the same order, link token never echoed (132.751ms)
✔ BFF link: strict local denial before any private fetch (3.959542ms)
✔ copy: three locales, one refusal text, a retry and a lookup path (0.603333ms)
✔ BPU01 fresh payment writes exact metadata before prepare, one bodyless Take, no persistent form (39.833667ms)
✔ BPU01 lost prepare response replays original key/body only on explicit next click (1.251458ms)
✔ BPU01 lost handoff is permanently GET-only, even after a second click (0.804833ms)
✔ BPU01 storage, amount, scope and child/screen fences reject before irreversible writes (3.042625ms)
✔ BPU01 document/child loss after prepare but before Take leaves exact replay marker (1.456333ms)
✔ BPU01 malformed server handoff never submits and Take remains nonretryable (1.893209ms)
✔ BPU01 marker replacement before Take and after Take blocks release/form reuse (3.641792ms)
✔ BPU01 context replacement after prepare and after Take closes destination without form (2.273208ms)
✔ BPU01 synchronous destination refuses invalid locale before opening a window (0.167041ms)
✔ SU03 fresh Stripe pay: marker before prepare, one prepare, one handoff, navigate, URL never stored (18.939583ms)
✔ SU03 marker replay: lost prepare response replays key/body, no uncertain on PENDING view with leftover marker (1.401042ms)
✔ SU03 cross-device Continue needs no marker and never prepares (0.644167ms)
✔ SU03 marker/view matrix: PAYUNi marker on Stripe view and Stripe marker on PAYUNi view send nothing (0.876958ms)
✔ SU03 any other view renders without a POST (1.716333ms)
✔ SU03 CREATING: waits on the schedule without the lock, then hands off once when READY (29.631958ms)
✔ SU03 CREATING budget: 10 reads over 30 s, then the blank child is closed, no POST, no throw (23.516291ms)
✔ SU03 cancel_requested seen on the re-GET aborts before the handoff POST (2.930041ms)
✔ SU03 handoff outcomes: CREATING closes child, CLOSED/UNAVAILABLE/error/malformed reject; one POST each, never retried (17.624542ms)
✔ SU03 Stripe prepare errors, amount/currency mismatch and popup loss stop before any handoff (5.187792ms)
✔ SU03 two clicks make two handoff POSTs only because there were two clicks; sequential, none from reads (6.079916ms)
✔ SU03 navigate: validates again, needs an owned blank child, sets used before replace, no URL in errors (10.048583ms)
✔ SU03 refresh signal: keyless single POST, validated, throttled 1/10 s and 30 per page life, cancel never throttled (99.227875ms)
✔ SU03 signal failures are single-shot and sanitized: HTTP error, malformed body, wrong order (7.850709ms)
✔ private quote/option authority fields are required; only exact MANUAL home can checkout (1.736875ms)
✔ continue shopping advances only ordered version, clears hint, keeps SQL history authoritative (38.359833ms)
✔ lost next-cart response retries identical key/body and preserves a newer cart (1.018583ms)
✔ continuation never overwrites an already advanced cart (0.519875ms)
✔ unknown checkout blocks continuation without any business request (1.681458ms)
✔ two queued continuation clicks mutate once; stale order ID cannot clear another order (1.458292ms)
✔ CAS conflict resolves only after a newer cart is read (3.173042ms)
✔ locator removal failure retains next-cart journal and recovery survives missing locator (0.821625ms)
✔ order history summary rejects PII/unknown fields and malformed scope IDs (0.095667ms)
✔ native address validation mirrors printable Unicode, limits and phone; journal forbids PII (3.953583ms)
✔ address lost reply replays exact in-memory intent, then confirms current head (8.614916ms)
✔ address reload requires explicit new intent and exact observed CAS; stale head never auto-bumps (3.612209ms)
✔ old address receipt cannot confirm another tab's newer current head (2.887166ms)
✔ a late address CAS winner requires another explicit confirmation, not an automatic version bump (2.673667ms)
✔ checkout lost reply, queued duplicate and current GET reuse one key and one order (0.754083ms)
✔ uncertain checkout retains original journal across later 401/403/404/5xx and malformed success (0.563125ms)
✔ only a fresh definitive denial clears checkout; no order locator is invented (0.142583ms)
✔ locator storage failure after commit retains same key; reload GET failure keeps locator (0.371916ms)
✔ locator persisted but journal removal failed resumes pending receipt, not unrelated pointer (1.110459ms)
✔ unavailable storage, invalid locator and late changed context fail closed (2.673917ms)
✔ order locator readback mismatch and no-op journal removal both retain checkout recovery (5.978167ms)
✔ direct claim continuation refuses a newer ordered cart inside the purchase lock (0.920875ms)
✔ direct claim continuation keeps next-cart recovery after a conflicting clear (0.575416ms)
✔ collector projection: admitted for derived connections, absent/null for primary (0.683875ms)
✔ collector rejects identifiers, extra keys and malformed text (0.338417ms)
✔ disclosure renders the contract §5 line with all three slots substituted (0.301333ms)
✔ the disclosure line exists exactly when the hosted view returns a collector (0.771875ms)
✔ a shop or collector name with a replacement pattern is shown literally (0.077542ms)
✔ OrderPayment renders the disclosure with the view, above every pay button, through the helper only (0.314291ms)
✔ BPT03 exact valid projection and Go nanosecond UTC timestamps (3.398584ms)
✔ BPT03 view rejects private fields, inconsistent state and malformed names (0.264708ms)
✔ BPT03 prepared receipt enforces exact original credit-card amount (0.07925ms)
✔ BPT03 hosted form and replay are exact, bounded and action-allowlisted (0.2415ms)
✔ SU01 Stripe views: fresh, both methods, attempt states, PAYUNi unchanged (0.169958ms)
✔ SU01 Stripe view negatives (0.130916ms)
✔ SU01 prepared amounts follow the corrected per-currency table (0.113083ms)
✔ SU01 Stripe handoff union and every redirect_url negative (0.239416ms)
✔ SU01 payment signal is exactly {order_id, scheduled:boolean} (0.095667ms)
✔ RUI01 refund summary: refunded states, pending money, absent ≡ null (0.140667ms)
✔ RUI01 refund summary negatives (0.269542ms)
✔ BPU03 neutral GET and POST return ignore every callback field and cookie (17.870208ms)
✔ primary origin: exact path/query, same host, and no URL-controlled destination (5.632916ms)
✔ GET and HEAD use trusted Host, private bounded uncached resolver and exact 301 (17.101083ms)
✔ no writes redirected; resolution failures fail closed; unknown hosts keep native 404 (0.777459ms)
✔ policy version is the frozen constant, in the customers-core D4 shape (0.903125ms)
✔ route table: exactly the four buyer privacy routes, methods and body kinds (1.068417ms)
✔ body shapes are closed and mirror the frozen Go inputs (no source, no policy_version) (0.2385ms)
✔ GET privacy validator: closed shape, erased owner holds no consent (0.269458ms)
✔ consent result and erasure summary validators (0.477792ms)
✔ buyer export envelope never carries customer_id (0.191333ms)
✔ failure classification: 410 and erased are the erased state (0.099292ms)
✔ copy: every locale has the same keys, the ads box discloses that sent events cannot be recalled (0.125875ms)
✔ selected option photo uses a main display slot without adding a fifth main image (0.875209ms)
✔ use-cover selection and a main-thumbnail selection restore the original main gallery (0.084583ms)
✔ cart thumbnail uses variant then catalog image_id, including when main images are absent (0.085042ms)
✔ migrated four-main/five-detail images stay separate when the option photo changes (0.117208ms)
✔ real cart-detail composition uses server SKU image_id (v2 detail available) (59.95175ms)
✔ real cart-detail composition uses server SKU image_id (v2 detail unavailable) (1.409375ms)
✔ parity: frontend caps equal the Go constants (1.604792ms)
✔ detail parser: 4 main + 20 detail + option-value images are accepted and mapped (0.722917ms)
✔ detail parser: 5 main, 21 detail, bad ids and over-cap option images are refused (0.143459ms)
✔ detail parser: a backend before product-media-v2 (no new keys) still parses with empty defaults (0.094208ms)
✔ v1 catalog row: images are main-only (<= 4) and image_id is a uuid or null (0.241417ms)
✔ PRO-S1 code mirror: any case and spaces normalise; impossible codes never become a request (0.439875ms)
✔ PRO-S2 promotion object: closed keys, kind/value pairing (0.165583ms)
✔ PRO-S3 quote validator: promotion is optional but never malformed; the discount stays the server's own number (0.256875ms)
✔ PRO-S4 journal grammar: a quote write may carry one canonical promo_code, nothing else (0.331667ms)
✔ PRO-S5 copy: three locales cover every refusal code and the same keys (0.399666ms)
✔ PRO-S6 BFF quote route: promo_code relayed untouched when canonical, refused before the private API otherwise (46.12475ms)
✔ PRO-S7 BFF: every promo_* refusal is a definite, non-retryable 422 with its own code (5.822916ms)
✔ demonstration disclosure is explicit and local-only (0.448584ms)
✔ cart selection preserves unrelated SKUs and the observed CAS version (5.69375ms)
✔ minor amounts are bounded before multiplication, including zero (0.086292ms)
✔ delivery identity includes country for one market and method (0.066291ms)
✔ journal is bound to context and rejects PII/unknown fields (0.229ms)
✔ lost response replays exact key/body, then clears only after parsed receipt (48.78625ms)
✔ RUI02 buyer order admits MERCHANT_SHIPPED only with a SHIPPED head; absent shipment ≡ null (3.954583ms)
✔ RUI02 shipment shape negatives (incl. unsafe links) (2.601917ms)
✔ RUI02 history summary admits MERCHANT_SHIPPED (a shipped order must not break the list) (0.35875ms)
✔ CVSP01 options: CVS rows carry pickup_selection/payment_modes; unavailable rows are a separate shape (0.624625ms)
✔ CVSP02 CVS destination write: TW only, pickup_id required, empty home address; home unchanged (2.156167ms)
✔ CVSP03 checkoutInput: payment_mode only for CVS rows and only a mode the row offers (0.842625ms)
✔ COD confirmation includes expected fee, enforces collect cap and validates immutable order money (0.25825ms)
✔ CVSP04 buyer order: pay_at_pickup <=> collection_state; cvs_shipment only on a matching CVS destination (0.213833ms)
✔ CVSP05 journal accepts a CVS destination marker and a checkout body with payment_mode, nothing else (1.037375ms)
✔ validProduct accepts up to the Go photo cap and rejects one more (0.343417ms)
✔ design: garbage and hostile documents collapse to the safe default shape (2.533333ms)
✔ design: links, preview token propagation, nav resolution (0.155167ms)
✔ design: any merchant accent yields readable button text and link colour (WCAG AA) (0.251958ms)
✔ variants: resolution, disabled out-of-stock combinations, initial choice, price bounds (0.150584ms)
✔ catalog-v2 parsers accept the frozen shapes and refuse drift (0.513ms)
✔ free-delivery progress words the hint only when a threshold exists (0.07ms)
✔ list query: only whitelisted, canonical values survive (0.22875ms)
✔ seo: JSON-LD cannot break out of its script tag; offers reflect stock and price range (14.163167ms)
✔ seo: sitemap escapes and carries hreflang; robots refuses everything for a closed host (0.193292ms)
✔ money: whole amounts drop cents, minor digits come from the currency, filters round-trip (0.374291ms)
✔ cart line write: replaces one line, keeps the others, 0 removes, CAS version is the one shown (0.730583ms)
✔ cart problems map to buyer-facing classes without leaking transport detail (0.064584ms)
✔ checkout options accept the optional free-shipping threshold only as a positive integer or null (0.146917ms)
✔ no-image placeholder copy: exactly the locale label a photo-less card or gallery renders (0.042625ms)
✔ storefront image caps equal the Go catalog caps (internal/catalog MaxMainImages, MaxDetailImages) (6.964125ms)
✔ design text limits count code points like Go, never splitting a surrogate pair (0.256166ms)
✔ G3: same-series cards exclude the current product and never invent absent draft/foreign products (1.250084ms)
✔ G5: safety guidance exists in three languages without changing the five merchant policy approval boundaries (4.924917ms)
✔ G4: category chips omit empty collections; hidden collections absent from the public API stay absent (0.091125ms)
✔ dictionaries have exact parity and non-empty values (0.701625ms)
✔ locale precedence and language quality mapping (0.637625ms)
✔ localized paths preserve deep links and reject dangerous input (0.343416ms)
✔ path locale only matches a canonical first segment (0.05ms)
✔ the four constructs render (1.87875ms)
✔ XSS payloads stay inert text (1.068542ms)
✔ fuzz: any string over a hostile alphabet renders only whitelisted tags (26.88675ms)
✔ validator mirrors the Go rules (0.196792ms)
✔ SDN1 allowlist: exactly the contract routes, per method (0.521417ms)
✔ SDN1 allowlist: traversal, case, suffix and prefix tricks never match (0.779375ms)
✔ SDN1 request shape: no query string anywhere, reads carry no body, key, length or transfer-encoding (22.918459ms)
✔ SDN1 cap: 260 KiB = Go's 256 KiB document + 4 KiB envelope, and a body of exactly the cap is still below it (0.056584ms)
✔ SDN2 renderer: every XSS payload comes out as whitelisted tags and escaped text only (0.704834ms)
✔ SDN2 renderer: escape-first means the merchant's text never becomes markup (0.098625ms)
✔ SDN2 renderer: fuzz (seeded) never produces a tag outside the whitelist (29.834542ms)
✔ SDN2 client validator rejects what the server rejects (HTML, non-https links, `<` anywhere) (0.21575ms)
✔ cleanForSave turns cleared fields into null but keeps an empty body (0.487334ms)
✔ localIssues names each missing mandatory value by server path (1.269ms)
✔ moved swaps neighbours and ignores out-of-range moves (0.21175ms)
✔ parsers accept the exact Go shapes and refuse extra or missing keys (0.894042ms)
✔ BFF allowlist covers exactly the design resources (4.484208ms)
✔ validDesignRequest refuses queries and bodies on reads, ignores other paths (21.208834ms)
✔ designDetails forwards only a bounded {path, reason} pair (0.364292ms)
✔ accepts exactly the three locale invite paths with a 20-200 char token (0.928542ms)
✔ rejects anything that is not an exact same-origin relative invite path (0.397542ms)
✔ rejects percent-encoded variants of the exact shape (0.179583ms)
✔ the token is an opaque invite token shape, never a URL (0.129417ms)
✔ fragment carrier: round-trips the exact invite path, is never a query string, and rejects hostile fragments (0.537ms)
✔ dashboard: accepts the frozen shape, rejects drift (10.325292ms)
✔ import result: strict keys, closed error codes, committed never carries errors (0.887666ms)
✔ csv file guard mirrors the Go bounds (0.255292ms)
✔ manual options: a COD home row parses with its offer (D01: the page used to refuse the whole list) (1.290208ms)
✔ manual options: only bank_transfer / pay_at_pickup / cash_on_delivery, key must equal market|country|code (0.304ms)
✔ manual result: link is https with the order id and a 43-char capability in the fragment only (0.544625ms)
✔ draft: first problem, and the body has no price-like field at all (0.8375ms)
✔ BFF grammar: exactly the seven tools resources (0.111708ms)
✔ regenerate body/result: exactly {order_id, locale} and a fresh https link naming that order (0.173209ms)
✔ copy parity: every locale has every key, import rules and error codes (0.43025ms)
✔ callback redirect target is always a same-origin /<locale>/settings path whatever the cookies, store, code or error say (4.093041ms)
✔ the binding cookie: exactly one canonical store uuid, path-scoped to the callback, HttpOnly, Lax, 10 minutes, Secure (0.2845ms)
✔ callback query: exactly one code and one state within charset/length bounds; Meta's error=… and repeats are not forwarded (1.239ms)
✔ the dialog URL the BFF hands the browser is https://www.facebook.com only (0.250875ms)
✔ callback error mapping only ever yields fixed codes, never an upstream message (0.235875ms)
✔ selected Page qualifies only a bare Facebook id, never rewrites another Page or external URL (1.015916ms)
✔ status: not connected, connected with and without Instagram, and every deviation throws (2.847334ms)
✔ pick state: closed shape, optional Instagram keys come as a pair, id must match (0.603959ms)
✔ route grammar: only status/states/pick/disconnect; start and callback are dedicated routes; no query; reads carry no body or key (18.88025ms)
✔ connect cookie, body and callback redirect never carry code/state and only fixed codes (1.476625ms)
✔ copy: three locales have the same keys and every Go error code has a message (0.234ms)
✔ review-required remains restricted; evidence does not promote state (10.93775ms)
✔ legacy omission remains unidentified, independent of array order (1.909709ms)
✔ closed shapes reject unknown state/provider/evidence, leaked fields and inconsistent severity (1.020333ms)
✔ duplicate capabilities/pages and unbounded arrays cannot become trusted state (0.588625ms)
✔ worst Page determines advice, no raw upstream reason reaches copy (0.175542ms)
✔ recheck receipt means scheduled; timestamps and closed keys are checked (0.732542ms)
✔ exact keyless route grammar rejects query/key/body confusion (21.2375ms)
✔ recheck takes exactly page_id and no caller-provided scope (0.293208ms)
✔ blocking advice comes from the blocking capability, not a secondary public-reply warning (0.248834ms)
✔ clean health browser mode prepares admin standalone before starting its fixture (7.188042ms)
✔ en: expired connection retains its full refusal inside a wrapping badge (8.405542ms)
✔ zh-TW: expired connection retains its full refusal inside a wrapping badge (1.025584ms)
✔ zh-CN: expired connection retains its full refusal inside a wrapping badge (1.329375ms)
✔ actual B1 snapshot state remains ok even when a fixture expected review_required (0.154333ms)
✔ D02 TWD input: whole dollars only, x100 on the wire (12.813041ms)
✔ D02 TWD edit text: whole dollars have no decimals; a legacy amount with cents is never shown as another price (0.228417ms)
✔ D02 display: NT$ without decimals in every language, cents only when there are cents (1.064833ms)
✔ D02 live-price input (Studio claims): TWD whole dollars, other currencies their decimals (0.140042ms)
✔ D02 discount code amounts: TWD whole dollars, a decimal is refused before it is sent (0.248458ms)
✔ D02 no admin copy or component says 'minor units' to the merchant (78.431666ms)
✔ M06 time: Asia/Taipei everywhere, labelled, never UTC (12.6745ms)
✔ settings answer: exactly one boolean key (2.139292ms)
✔ PUT body is the frozen single key (0.4895ms)
✔ BFF grammar: GET read, PUT keyed command, nothing else (0.26875ms)
✔ copy: three locales, same keys, no empty text (0.148959ms)
✔ PRM01 parse: exact keys, kind/value pairing and ranges; duplicates and unknown keys are refused (4.857334ms)
✔ PRM02 Taipei wall time: +08:00 on the wire, instant shown back in Taipei, impossible dates refused (13.289208ms)
✔ PRM03 create body: normalised code, major units to minor units, optional fields null, whole body validated (2.228834ms)
✔ PRM04 update + toggle: version CAS key, form round trip, pause keeps every other field (0.318334ms)
✔ PRM05 BFF grammar: exactly list, create and update; nothing generic (0.151959ms)
✔ PRM06 copy: three locales carry the same keys and every refusal code the Go routes can answer (0.109958ms)
✔ G-UI3/G-UI5 architecture constraints pass with shrinking legacy exceptions (705.805708ms)
✔ G-UI3/G-UI5 negatives: new formatter, component fetch, >800 lines and wider allowance fail (0.635041ms)
✔ Readiness jump controls expose the actual active section, not a click flag (1.555917ms)
✔ Integrator P2: legal CN comment ordering and a distinct three-image recommendation (0.276208ms)
✔ ADM04 and ADM06 explain unavailable SKUs and keep collection vocabulary consistent (1.013291ms)
✔ ADM06 create/detail titles share the route vocabulary without adding a phantom Next page (0.32525ms)
✔ G-UI1 Next pages and route registry are bidirectional, unique, typed, documented (1.552625ms)
✔ G-UI1 copy key parity: no missing or extra key in any locale (0.078209ms)
✔ G-UI2 staff without catalog:read cannot see products/inventory or open a product URL (0.131709ms)
✔ G-UI2 every route permission is a permission Go knows, and /orders/new needs inventory:reserve (200.555584ms)
✔ G-UI1 dynamic and public routes match, details never appear as navigation (0.383875ms)
✔ W6-U2 ledger is a settings in-page route, preserving existing navigation (0.209584ms)
✔ Every browser spec clicks nav-orders: the orders group stays a singleton, so returns/new/print routes are nav: false (0.43075ms)
✔ created address is a strict HTTPS origin matching the assigned handle (0.461708ms)
✔ DNS instructions must name the requested origin and a bare hostname target (0.248667ms)
✔ domain kind is authoritative and closed, not inferred from host or token (0.125333ms)
✔ apex DNS retains every concrete IPv4/IPv6 address and rejects malformed values (0.442459ms)
✔ pending domain journal preserves exact action/key/target; legacy or corrupt markers never replay (0.424334ms)
✔ browser-origin gate: every refusal happens before Go is called, for every action (75.21525ms)
✔ only POST exists on the team routes (2.039167ms)
✔ unknown action is a local 404 and never reaches Go (0.677417ms)
✔ strict request grammar: wrong keys, types, ids, roles, locales and token shapes are 422 locally (12.754709ms)
✔ what reaches Go: BFF key, bearer from the cookie, no Cookie/Origin, body unchanged, exactly one call per request (71.410375ms)
✔ Go failures are rebuilt locally from allow-listed codes, never retried, and never echo the token (32.172833ms)
✔ team answer: accepts the frozen shape, null role and OIDC member without email (1.309791ms)
✔ team answer: unknown key, unknown role, bad id, bad mail state are rejected (0.355917ms)
✔ invite and accept answers are strict (0.599709ms)
✔ request grammar: every action has an exact key set and rejects junk values (0.321375ms)
✔ copy: three locales carry the same keys and a label for every role (0.678167ms)
✔ role-aware navigation: hides entries the member's permissions cannot use; unknown shows all; Team is owner-only (0.2845ms)
✔ P02 settlements directory rejects missing/link/owner/group/mode with a valid control (546.6575ms)
✔ preflight health permission grammars and API/worker consistency fail closed (2916.037667ms)
✔ merchant alert flag is explicit 0|1 and independently requires SMTP (2265.93175ms)
✔ shared loader makes API/worker LIVE pair file-only before Compose interpolation (525.480625ms)
✔ export bind accepts omitted JSON false but rejects unsafe source/config mutations (1.018375ms)
✔ sanctioned operator allowlist and fail-closed gates (fake docker, no network) (1992.232875ms)
✔ platform operator custody, export mount and binary are wired (206.818292ms)
✔ actual export bind refuses a missing directory; enabling auto-create is detected (440.580833ms)
✔ R3 preflight rejects cancelled PAYUNi, validates Page app and keeps LIVE pair mandatory (1172.050292ms)
✔ R3 smoke exercises exact denied probes, accepts 404 only for disabled mounts (104.703625ms)
✔ positive control: a complete, valid configuration raises no META_LOGIN finding (1133.876ms)
✔ feature off (COMMERCE_META_LOGIN_CONFIG_ID empty): no rule applies even with the other keys empty (335.663916ms)
✔ P06: the Page route needs the webhook receiver (333.971334ms)
✔ P06: sessions come from identity (228.952375ms)
✔ P06: without the claims profile nobody sends the private replies (a WARN, not a FAIL) (296.917125ms)
✔ P08: COMMERCE_META_LOGIN_CONFIG_ID must be numeric ("abc") (286.834375ms)
✔ P08: COMMERCE_META_LOGIN_CONFIG_ID must be numeric ("12 34") (281.82375ms)
✔ P08: COMMERCE_META_LOGIN_CONFIG_ID must be numeric ("111111111111") (252.331708ms)
✔ P08: COMMERCE_META_LOGIN_CONFIG_ID must be numeric ("0x10") (287.503542ms)
✔ P08: COMMERCE_META_LOGIN_CONFIG_ID must be numeric ("-1") (270.248791ms)
✔ P08: COMMERCE_META_LOGIN_REDIRECT_URI must be exactly https://<LC_ADMIN_HOST>/api/meta/callback (wrong host) (347.628959ms)
✔ P08: COMMERCE_META_LOGIN_REDIRECT_URI must be exactly https://<LC_ADMIN_HOST>/api/meta/callback (http scheme) (326.979375ms)
✔ P08: COMMERCE_META_LOGIN_REDIRECT_URI must be exactly https://<LC_ADMIN_HOST>/api/meta/callback (the ads callback path) (245.547125ms)
✔ P08: COMMERCE_META_LOGIN_REDIRECT_URI must be exactly https://<LC_ADMIN_HOST>/api/meta/callback (trailing slash) (264.319791ms)
✔ P08: COMMERCE_META_LOGIN_REDIRECT_URI must be exactly https://<LC_ADMIN_HOST>/api/meta/callback (query string) (361.697625ms)
✔ P08: COMMERCE_META_LOGIN_REDIRECT_URI must be exactly https://<LC_ADMIN_HOST>/api/meta/callback (empty) (237.31225ms)
✔ P08: COMMERCE_META_LOGIN_GRAPH_VERSION grammar vNN.N ("26.0") (219.434167ms)
✔ P08: COMMERCE_META_LOGIN_GRAPH_VERSION grammar vNN.N ("v26") (177.500084ms)
✔ P08: COMMERCE_META_LOGIN_GRAPH_VERSION grammar vNN.N ("v26.0.1") (315.857125ms)
✔ P08: COMMERCE_META_LOGIN_GRAPH_VERSION grammar vNN.N ("latest") (242.067667ms)
✔ P08: COMMERCE_META_LOGIN_GRAPH_VERSION grammar vNN.N ("") (236.35275ms)
✔ P08: COMMERCE_META_LOGIN_GRAPH_VERSION grammar vNN.N ("v1000.0") (181.872666ms)
✔ P08: COMMERCE_META_LOGIN_GRAPH_VERSION accepts v26.0 (198.976083ms)
✔ P08: COMMERCE_META_LOGIN_GRAPH_VERSION accepts v22.0 (184.099375ms)
✔ P08: COMMERCE_META_LOGIN_GRAPH_VERSION accepts v99.9 (200.036959ms)
✔ production without any alert channel is a FAIL (nobody would hear the next outage) (1112.314041ms)
✔ outside production the same gap is only a WARN (315.241625ms)
✔ a webhook alone satisfies the rule (299.311208ms)
✔ an e-mail target with a complete relay (host, username, secret) satisfies the rule (268.241542ms)
✔ an e-mail target without the relay secret cannot be sent: FAIL in production, WARN elsewhere (571.033083ms)
✔ the example's CHANGE_ME_SENDER placeholder is not a relay: the e-mail target cannot be sent (293.829959ms)
✔ LC_ALERT_EMAIL must be one plain address ("not-an-address") (270.450667ms)
✔ LC_ALERT_EMAIL must be one plain address ("two@fake.invalid,three@fake.invalid") (311.781292ms)
✔ LC_ALERT_EMAIL must be one plain address ("a b@fake.invalid") (267.298875ms)
✔ LC_ALERT_EMAIL must be one plain address ("<owner@fake.invalid>") (332.90325ms)
✔ LC_ALERT_EMAIL must be one plain address ("owner@fake") (327.610292ms)
✔ storefront cart-line removal is reversible: clicked for real, not guarded (1.49ms)
✔ destructive / irreversible / sign-out classification (owner list, en + zh) (1.131625ms)
✔ alike controls (rows with ids / numbers) share one class key (0.169459ms)
✔ known defects classify, never silence: stale entries are reported (1.15825ms)
✔ the markdown ledger has one row per interaction and names the verdict (0.471292ms)
✔ protocolHrefOK accepts well-formed tel:/mailto: and rejects malformed ones (0.231958ms)
✔ J1 waits for enabled media and clicks a real chooser; the uploaded cover is bound to the main section (521.7265ms)
✔ J1 cannot credit a detail-image receipt as the main cover (1.0715ms)
✔ J1 refuses a failed cover upload rather than continuing to activate (0.229209ms)
✔ thresholds are the named constants of the brief (1.950083ms)
✔ R1: document wider than the viewport, and the outermost element past the edge (0.45875ms)
✔ R2: label tops, control tops and control heights of one visual row (1.282ms)
✔ R2: what is one row and what is not (0.362375ms)
✔ R2: a button beside a field has to line up with its control (0.405584ms)
✔ R3: a row made tall by stacked controls, a control wider than its cell (0.869375ms)
✔ R3: a matrix whose EVERY row is doubled by a stacked stock cell (the median cannot see it) (1.644208ms)
✔ R4: small text, helper text apart, icons and duplicates excepted (0.178917ms)
✔ R5: tap targets on the 390 viewport only (1.307125ms)
✔ R6: interactive elements and text boxes that overlap (0.966625ms)
✔ R7: text clipped inside a control or label (either side), and select values that do not fit (0.371708ms)
✔ R8: the same visible label twice in one list (0.123084ms)
✔ evaluate() tags severity, selectRecords() keeps distinct groups first and counts every instance (0.853709ms)
✔ R9: text and controls flush to the screen edge at 390 (0.531875ms)
✔ R6/R9 judge the visible (ancestor-clipped) rectangle, not the raw one (integrator ruling 2026-10-05) (0.290916ms)
✔ R10: a fixed or sticky bar covering main content after scrolling (0.562209ms)
✔ R11: controls narrower than a usable width (0.491541ms)
ℹ tests 418
ℹ suites 0
ℹ pass 418
ℹ fail 0
ℹ cancelled 0
ℹ skipped 0
ℹ todo 0
ℹ duration_ms 11169.067875
✔ closed projections reject secret-shaped extras, invalid enums, IDs and contradictory capabilities (0.695209ms)
✔ detail accepts only bounded events and keeps actual server action flags (0.551792ms)
✔ BFF exact routes and request grammar forbid keys/body on reads, filters on detail and arbitrary writes (9.506417ms)
✔ copy parity, safe object navigation and UNKNOWN/protective reasons (0.165667ms)
✔ read-only store capability never exposes a command even if the state allows one (0.055084ms)
✔ duplicate escaped keys cannot bypass the exact command grammar (0.039959ms)
✔ query backoff affects only its operation and expires without another action (0.042709ms)
✔ merchant reason text translates ledger events and conceals unknown or prototype codes (0.098709ms)
✔ ledger read navigation requires effective integration:read permission regardless of role (0.068042ms)
ℹ tests 9
ℹ suites 0
ℹ pass 9
ℹ fail 0
ℹ cancelled 0
ℹ skipped 0
ℹ todo 0
ℹ duration_ms 80.442041
✔ legacy display sentinels preserve a list row without admitting arbitrary or private data (1.95075ms)
✔ orders-v2 accepts bounded filters and Taipei inclusive dates; rejects ambiguity (0.427958ms)
✔ orders-v2 rejects client count approximations, unbounded or extra response data (0.140292ms)
✔ all three locales label every task queue, payment and delivery mode (0.377416ms)
ℹ tests 4
ℹ suites 0
ℹ pass 4
ℹ fail 0
ℹ cancelled 0
ℹ skipped 0
ℹ todo 0
ℹ duration_ms 82.207542
✔ numeric store IDs have no suggestion BFF or browser client (0.546334ms)
ℹ tests 1
ℹ suites 0
ℹ pass 1
ℹ fail 0
ℹ cancelled 0
ℹ skipped 0
ℹ todo 0
ℹ duration_ms 58.72625
✔ ADM10 operator sentence is localized while product and company facts stay authoritative (0.419209ms)
✔ PS review: actual Host matching normalizes case, port and a terminal DNS dot, never forwarded authority (0.231709ms)
✔ PS review: privacy/terms retain Messenger and Instagram purpose disclosure; deletion uses exact UI labels (0.099458ms)
✔ P2-N1 zh-TW/privacy: current comments and private reply, conditional inbound messages (0.082667ms)
✔ P2-N1 zh-TW/terms: current comments and private reply, conditional inbound messages (0.069417ms)
✔ P2-N1 zh-CN/privacy: current comments and private reply, conditional inbound messages (0.04425ms)
✔ P2-N1 zh-CN/terms: current comments and private reply, conditional inbound messages (0.049916ms)
✔ P2-N1 en/privacy: current comments and private reply, conditional inbound messages (0.045416ms)
✔ P2-N1 en/terms: current comments and private reply, conditional inbound messages (0.040875ms)
✔ PS1 legal identity is one untranslated source (0.084083ms)
✔ PS1 contact and hosts come only from configuration; production fails closed (0.340375ms)
✔ PS2 public routes default to zh-TW, restrict page/locale, and never include admin (0.346ms)
✔ PS4 optional Meta verification value never has a fake default (0.049458ms)
✔ PS1 every locale uses the same product name in auth page titles (0.037666ms)
✔ PS1 public page copy has three complete locales, no invented operator identity or contact (0.190458ms)
✔ PS1 production build validates config; public data is not bundled through NEXT_PUBLIC (0.220667ms)
✔ PS review: admin image installs the manifests for its workspace dependencies before building (0.394709ms)
ℹ tests 17
ℹ suites 0
ℹ pass 17
ℹ fail 0
ℹ cancelled 0
ℹ skipped 0
ℹ todo 0
ℹ duration_ms 68.940375
✔ R11 SQL's exact receipt states are accepted; missing/forged operation/state remains unknown (0.738291ms)
✔ R11 durable receipt journal validates phase against exact operation state (0.683458ms)
✔ R11 actual read control distinguishes replay/inflight/unknown/failure in en (4.682542ms)
✔ R11 actual read control distinguishes replay/inflight/unknown/failure in zh-TW (0.637666ms)
✔ R11 actual read control distinguishes replay/inflight/unknown/failure in zh-CN (0.547916ms)
✔ unknown journal retains exact key/boundary and is scoped to store+session; malformed state fails closed (0.12ms)
✔ R12 read hook keeps network UNKNOWN on one key and explicitly refreshes acknowledged UNKNOWN (11.236166ms)
✔ actual POST transport uses CSRF and session fence; 403 independent of response text (13.917209ms)
✔ R10 ROAS has exactly two decimals in en (8.92425ms)
✔ R10 unknown ROAS is never fabricated as zero in en (0.071708ms)
✔ R10 ROAS has exactly two decimals in zh-TW (0.14975ms)
✔ R10 unknown ROAS is never fabricated as zero in zh-TW (0.035084ms)
✔ R10 ROAS has exactly two decimals in zh-CN (0.126166ms)
✔ R10 unknown ROAS is never fabricated as zero in zh-CN (0.028458ms)
✔ shared presentation preserves registry title and one empty buyer message in en (22.509708ms)
✔ R11 large linked-draft list is complete but collapsed in en (3.82575ms)
✔ shared presentation preserves registry title and one empty buyer message in zh-TW (5.459542ms)
✔ R11 large linked-draft list is complete but collapsed in zh-TW (2.362833ms)
✔ shared presentation preserves registry title and one empty buyer message in zh-CN (4.986375ms)
✔ R11 large linked-draft list is complete but collapsed in zh-CN (2.756125ms)
✔ R11 timeline distinguishes local unknown spend from explicit Meta zero in en (2.795ms)
✔ R11 timeline distinguishes local unknown spend from explicit Meta zero in zh-TW (3.023ms)
✔ R11 timeline distinguishes local unknown spend from explicit Meta zero in zh-CN (1.845375ms)
✔ R11 I12 nullable Meta evidence survives without becoming zero (0.211125ms)
✔ R11 actual panel rendering preserves unknowns and reconnect route in en (9.976667ms)
✔ R11 actual panel rendering preserves unknowns and reconnect route in zh-TW (10.086958ms)
✔ R11 actual panel rendering preserves unknowns and reconnect route in zh-CN (11.371458ms)
✔ D1, D6, R7: exact amounts and sources remain independent, account days stay labelled (0.175291ms)
✔ R12: null stays unknown and unread / unauthorised / insufficient remain different states (0.210875ms)
✔ R12 granted but unread audience offers a read, never reconnect in en (1.551ms)
✔ R12 granted but unread audience offers a read, never reconnect in zh-TW (1.550166ms)
✔ R12 granted but unread audience offers a read, never reconnect in zh-CN (1.532333ms)
✔ I12 forged / missing frozen fields never silently become zeros (0.80825ms)
✔ only whitelisted aggregates survive: extra identifiers and HTML are never interpreted (0.057416ms)
✔ attribution is a read-only BFF resource with exact bounded query grammar (0.294291ms)
✔ audience-read is exactly the new local intention POST and never a data GET or queried write (0.231584ms)
✔ route fails closed without ads:read and is not a duplicate navigation entry; locale keys match (0.092042ms)
ℹ tests 37
ℹ suites 0
ℹ pass 37
ℹ fail 0
ℹ cancelled 0
ℹ skipped 0
ℹ todo 0
ℹ duration_ms 358.623792
✔ card-payments copy: identical key sets in all three locales (0.739959ms)
✔ merchant terms are quoted verbatim (contract §5) in the enable dialog (0.084166ms)
✔ ruling-fixed strings: platform not OPEN and BLOCKED note (0.03825ms)
✔ error map covers every frozen refusal code from migrations/0137 (0.12525ms)
✔ no Stripe account id, key or approval id shape appears in any copy string (0.574291ms)
✔ storefront collector disclosure matches contract §5 templates in three languages (0.183083ms)
✔ the merchant terms in the dialog are the contract §5 sentence, extracted from the contract (0.2425ms)
✔ the storefront templates are the contract §5 lines, extracted from the contract (0.231583ms)
✔ settlement copy: deduction columns are labelled as deductions in every language, with a legend and the net formula (0.524458ms)
✔ there is no separate 'not on the allowlist' message: it reads as not open (review P1-2) (0.180833ms)
✔ card summary accepts the frozen shape incl. all-null platform NONE (1.853875ms)
✔ card summary rejects unknown keys, bad enums, bad money, bad version (0.7285ms)
✔ card result is exactly {state, version, max_minor, currency, descriptor_preview} (0.246583ms)
✔ descriptor suffix rule: charset, 2..10 chars, must contain a letter (0.376625ms)
✔ the suffix length rule is the charset rule's 10; the 22-character descriptor total stays the server's (SANDBOX L=10, LIVE PrefixLength) (0.171125ms)
✔ descriptor preview mirrors the contract projection (base + '* ' + suffix) (0.135167ms)
✔ settlement list accepts statements without payout/lines keys (omitempty) (1.195209ms)
✔ settlement detail carries lines whose count and sums match the totals (0.932792ms)
✔ settlement parsers reject malformed reads (0.960459ms)
✔ fees, refunds and disputes are signed exactly as the ledger stores them (0.171125ms)
✔ a returned fee is a positive line fee; the detail's lines must add up to the statement totals (0.513708ms)
✔ closed_at/paid_at accept the offsets PostgreSQL emits as well as Z (0.147792ms)
✔ a payout reference shaped like a Stripe key or account id is never displayed (0.1445ms)
✔ platform not OPEN: 'not open yet' and no enable control, for every non-OPEN state; the platform badge still tells why (0.403666ms)
✔ allowlisted + OPEN: enable from NONE/DISABLED, disable from ENABLED (0.063291ms)
✔ not allowlisted on an OPEN platform reads exactly like not open: the same message, no 'platform open' badge, no enable (review P1-2) (0.080125ms)
✔ BLOCKED: the suspended note, disable only, never enable (whatever the platform says) (0.056875ms)
✔ without billing:manage nothing can be changed, but the state is still readable (0.041333ms)
✔ enable carries the platform's current terms, the suffix and the version read; NONE starts at 0 (0.063917ms)
✔ disable never sends a suffix and quotes the terms the store accepted (the platform's may have moved on) (0.041292ms)
✔ a retained suffix is recovered from the final preview so a re-enable can keep it (0.034875ms)
✔ the period label shows the last day inside the (exclusive-end) week (0.627459ms)
✔ payout state: paid, pending only when money is due, none when the week nets to zero or less (0.049334ms)
✔ card-payments and settlements are nav:false routes, so no group loses or gains a nav button (0.147041ms)
✔ settlements need billing:manage, the card page integration:read; the owner opens both (0.200917ms)
✔ statement cells: a dispute reversal and a returned fee read as credits (+) and every deduction as -, and the columns add up to the server's net (9.452667ms)
✔ the detail parser requires the lines of a statement that has lines; a quiet week (line_count 0) may omit them (0.12325ms)
✔ route table: exactly the four resources, nothing generic (0.468416ms)
✔ query grammar: card and settlement-detail are exact; settlements takes before/limit only (0.215584ms)
✔ request fence: keyless PUT (CAS), bodyless GETs, no transfer-encoding (15.350958ms)
✔ PUT body is the exact frozen shape {enabled, terms_version, descriptor_suffix, expected_version} (0.617917ms)
✔ the BFF route wires the card grammar: keyless CAS PUT, exact body, no-store, auth required (0.37375ms)
✔ the real card summary parses and drives the display state machine (1.520958ms)
✔ the real statement list parses: newest first, no lines, three payout states (0.860833ms)
✔ every real detail parses with its lines and the lines add up to the statement (1.010292ms)
✔ an empty ledger parses to no statements (0.2465ms)
✔ no account id, key or approval shape is in any real body (0.379458ms)
✔ the real statements display literally as signed contributions that add up to the server's net (10.535917ms)
ℹ tests 48
ℹ suites 0
ℹ pass 48
ℹ fail 0
ℹ cancelled 0
ℹ skipped 0
ℹ todo 0
ℹ duration_ms 108.37
✔ option/slug/SKU caps equal internal/catalog (options.go, catalog.go) (5.31475ms)
✔ text caps equal the Go validators (name 120, description 8000, SEO 70/160, collection title 80) (1.160875ms)
✔ photo caps equal Go (MaxMainImages, MaxDetailImages, MaxImageBytes) and the SKU code pattern (1.304167ms)
✔ PE13 Cartesian matrix is local, preserves edits and deduplicates values (0.562ms)
✔ PE13 bulk quantity skips negative rows without modifying them (0.107167ms)
✔ PE12 untracked document uses whole currency and per-order cap, never quantity (9.644333ms)
✔ PE14 missing readback is not guessed or silently cleared by full replacement (0.059875ms)
✔ bulk status accepts explicit per-item results, never empty or duplicated confirmations (0.181875ms)
✔ matrix refuses over 100 SKUs before expansion (0.079958ms)
✔ parity: admin caps equal the Go constants (1.47075ms)
✔ image list: 4 main + 20 detail + 2 sku in role order is accepted (0.662458ms)
✔ image list: 5 main, 21 detail, wrong role order, gaps and extra keys are refused (0.300375ms)
✔ single image: role is required and its position is bounded by the role cap (1.221125ms)
✔ option text limits count Go runes rather than UTF-16 units (0.516958ms)
✔ PE14 new edit SKU carries its own shipping and clears no existing fields (9.638542ms)
✔ PE14 patch changes only price and preserves unmentioned fields (0.16175ms)
✔ PE14 on_hand is not available, zero target is transmitted, ambiguous warehouse refuses (0.2665ms)
✔ PE14 explicit clears and shipping remain per SKU on an active row (0.1175ms)
✔ PE14 archive supersedes every other edit on that SKU (b77eeb11) (0.126541ms)
✔ PE14 no-op has no command fields and changed axes explicitly archive omitted variants (0.092208ms)
ℹ tests 20
ℹ suites 0
ℹ pass 20
ℹ fail 0
ℹ cancelled 0
ℹ skipped 0
ℹ todo 0
ℹ duration_ms 94.111
(node:50444) ExperimentalWarning: Transform Types is an experimental feature and might change at any time
(Use `node --trace-warnings ...` to show where the warning was created)
✔ UNKNOWN retry client authorization loss requires reconciliation, not a fresh command (3.039625ms)
✔ UNKNOWN retry 401 authorization loss requires reconciliation, not a fresh command (8.475209ms)
✔ UNKNOWN retry 403 authorization loss requires reconciliation, not a fresh command (0.566583ms)
✔ a conclusive command rejection stays distinct from authorization loss (0.696584ms)
ℹ tests 4
ℹ suites 0
ℹ pass 4
ℹ fail 0
ℹ cancelled 0
ℹ skipped 0
ℹ todo 0
ℹ duration_ms 108.281458
NOT_RUN: tests/media/r04-input-runner.test.mjs (COMMERCE_R04_LIVEKIT_BINARY unset)
✔ main/detail/sku caps use the existing frozen image contract (0.566666ms)
✔ phone and tall dimensions fit2000 without enlarging small assets (0.135541ms)
✔ upload query requires one exact role and sku value; reads/actions carry no query (0.350833ms)
✔ role transport encodes current option values and refuses invalid identities (0.152208ms)
✔ effective image axis follows current options, then falls back to first (0.069958ms)
✔ detail and option photos cannot satisfy the main-photo recommendation (0.057875ms)
✔ PM-U copy has matching keys in ja and all currently routed locales (0.119166ms)
✔ real-upload mode builds both Next applications on a clean CI checkout (5.384ms)
✔ upload recovery journal survives a new session while remaining product/store scoped (0.10625ms)
✔ an option upload receipt requires its captured axis, value and image id on canonical readback (0.097167ms)
✔ failed durable recovery storage cannot authorize a media write (0.07025ms)
✔ an active product needs a main image after canonical media is known; repair paths stay possible (0.0455ms)
✔ empty media sections render a readable localized placeholder until photos are present (4.524458ms)
✔ real-upload mode never exits through the storefront MOCK shortcut (8.1335ms)
✔ a valid active zero-main product keeps an inline repair hint rather than a page error (3.42225ms)
✔ a new product issues the image-axis stage only for a chosen axis (0.437541ms)
ℹ tests 16
ℹ suites 0
ℹ pass 16
ℹ fail 0
ℹ cancelled 0
ℹ skipped 0
ℹ todo 0
ℹ duration_ms 224.056417
(node:50486) ExperimentalWarning: Transform Types is an experimental feature and might change at any time
(Use `node --trace-warnings ...` to show where the warning was created)
✔ a fitting PNG keeps the exact original File, bytes and alpha-capable format (0.879875ms)
✔ a JPEG exactly at both limits remains original, not a lossy re-encode (0.229875ms)
✔ an oversized phone JPEG is encoded below the cap after oriented scaling (0.50025ms)
✔ a large transparent PNG stays alpha-capable and is never painted with an opaque matte (0.485083ms)
ℹ tests 4
ℹ suites 0
ℹ pass 4
ℹ fail 0
ℹ cancelled 0
ℹ skipped 0
ℹ todo 0
ℹ duration_ms 85.297959
✔ HTTPS picklist fixture carries Secure session cookies automatically while preserving CSRF refusals (84.377625ms)
✔ batch controls stay compact until an order selection or live-session scope exists (0.148ms)
✔ selection has XOR bodies, canonical unique IDs and separate 500/100 limits (0.420583ms)
✔ cross-page selection retains existing rows, deduplicates and refuses overflow atomically (0.784583ms)
✔ pick projection rejects PII/extra keys, invalid quantities and unmatched order identities (0.548792ms)
✔ batch replies bind one-for-one to confirmed orders and preserve uncertainty code (0.127084ms)
✔ pick/export POSTs reject keys and all query variants except one exact template (1.696708ms)
✔ CSV filename binds to selected template and store; no path/header injection (0.165458ms)
✔ MOCK browser fixture list matches the incumbent closed order parser (9.873875ms)
✔ recovery never clears an unknown or missing current attempt (0.116708ms)
✔ recovery and order-detail MOCK fixtures satisfy real read parsers (6.607542ms)
✔ order selection can read its session fence during SSR without browser globals (0.804833ms)
✔ MOU keeps native headed checks runnable on a Linux CI worker without DISPLAY (9.467917ms)
ℹ tests 13
ℹ suites 0
ℹ pass 13
ℹ fail 0
ℹ cancelled 0
ℹ skipped 0
ℹ todo 0
ℹ duration_ms 309.961958
✔ G-UI8 storefront pages and the sweep's STOREFRONT_ROUTES are the same set (1.107375ms)
✔ parseShard: i/N, empty means unsharded, anything malformed throws (0.229ms)
✔ assignShards: deterministic, every key owned once, near-balanced (LPT bound) (0.945833ms)
✔ planClick: for every N the shards partition the whole universe (every registry route x variant, storefront walk, journey) (1.422042ms)
✔ planClick at N=10 keeps every shard within ~1.3x of the mean planned cost (0.118833ms)
✔ aggregate click: honest shards pass for several N (2.231584ms)
✔ aggregate click: a missing shard, a dropped page row, a lost journey, a failing row, a stale known defect and a missing platform marker are each a failure (3.35725ms)
✔ aggregate click: a route added to the registry after the shards ran cannot pass (the registry is re-read) (0.384917ms)
✔ aggregate visual: honest shards pass; a missing shard, a missing shot, a blocking verdict and a registry route outside the universe each fail (4.347625ms)
ℹ tests 9
ℹ suites 0
ℹ pass 9
ℹ fail 0
ℹ cancelled 0
ℹ skipped 0
ℹ todo 0
ℹ duration_ms 85.905625
ci-plan: 10 job(s); click-sweep x10 (aggregate)
  --browser-click-sweep@1/10  -> artifact gate-browser-click-sweep_1_10
  --browser-click-sweep@2/10  -> artifact gate-browser-click-sweep_2_10
  --browser-click-sweep@3/10  -> artifact gate-browser-click-sweep_3_10
  --browser-click-sweep@4/10  -> artifact gate-browser-click-sweep_4_10
  --browser-click-sweep@5/10  -> artifact gate-browser-click-sweep_5_10
  --browser-click-sweep@6/10  -> artifact gate-browser-click-sweep_6_10
  --browser-click-sweep@7/10  -> artifact gate-browser-click-sweep_7_10
  --browser-click-sweep@8/10  -> artifact gate-browser-click-sweep_8_10
  --browser-click-sweep@9/10  -> artifact gate-browser-click-sweep_9_10
  --browser-click-sweep@10/10  -> artifact gate-browser-click-sweep_10_10
✔ the full sweep and the full visual lint fan out into every shard and ask for the aggregate (0.843833ms)
✔ foundation-shards = the unit shard + every plan group; the serial `foundation` mode is untouched (0.554583ms)
✔ an explicit shard re-run (or a partial list) never claims the whole-run aggregate (0.079916ms)
✔ duplicates collapse, artifact names are safe and unique, bad input is refused (0.313ms)
✔ main writes matrix / sweep_n / visual_n to GITHUB_OUTPUT (1.177958ms)
✔ backend-only paths run foundation-shards only (0.815459ms)
✔ node tests of deploy scripts and of the CI planner are backend-only (they cannot change a browser) (0.337166ms)
✔ a UI path adds the whole browser set, including click-sweep and visual-lint (1.608542ms)
✔ docs-only and output-only diffs keep the single required check (foundation-shards) (0.310042ms)
✔ legacy browser_* paths still select all browsers; a known untagged foundation file stays backend-only (0.134083ms)
✔ legacy deploy prefixes remain selected and unrelated paths do not select smoke (0.88625ms)
✔ the browser set is release-gate's browser-mode universe minus the documented exclusions (11.595792ms)
✔ every real browser-tagged foundation file selects registry browser modes, including non-browser names (20.297625ms)
✔ tagged runner discovery follows registry additions, command arrays and line continuations (0.253958ms)
✔ deploy smoke is selected for its workflow, verdict/helpers and executable test inputs (0.170125ms)
✔ new selection never drops legacy modes or deploy for any tracked path (53.113542ms)
✔ CLI classifies merge-base and explicit head, including removed tags, deleted files and renames (454.484583ms)
✔ CLI explicit head and stdin include tags outside the checkout and uncommitted tag removals (194.511042ms)
✔ compound/legacy tags and unknown source are conservative; known untagged source stays backend-only (0.862708ms)
✔ explicit-head CLI derives tagged runner modes from that head's real registry (170.111208ms)
✔ real Git CLI preserves legacy selection: quotePath=true, "架构.md" (151.507ms)
✔ real Git CLI preserves legacy selection: quotePath=true, "internal/示例.go" (146.197625ms)
✔ real Git CLI preserves legacy selection: quotePath=true, "tests/foundation/plain\tname_test.go" (155.465542ms)
✔ real Git CLI preserves legacy selection: quotePath=true, " deploy/scripts/synthetic-smoke.sh" (146.543333ms)
✔ real Git CLI preserves legacy selection: quotePath=false, "架构.md" (143.325334ms)
✔ real Git CLI preserves legacy selection: quotePath=false, "internal/示例.go" (143.569125ms)
✔ real Git CLI preserves legacy selection: quotePath=false, "tests/foundation/plain\tname_test.go" (163.845042ms)
✔ real Git CLI preserves legacy selection: quotePath=false, " deploy/scripts/synthetic-smoke.sh" (162.923625ms)
✔ stdin unions legacy trimming without trimming the source lookup path (93.052333ms)
✔ parser: only compiled, correctly-shaped Test functions of untagged _test.go files (1.776542ms)
✔ the real plan: every top-level test of tests/foundation runs in exactly one group (610.983583ms)
✔ a new test (in no list) still runs, exactly once, in the catch-all group; the same name with no catch-all is red (907.462333ms)
✔ a test listed in two groups is red; drift beyond the limit is red (939.278041ms)
✔ regexes: anchored explicit lists; the catch-all skips exactly everyone else's tests (0.444792ms)
✔ pack: deterministic, balanced to within the longest test, every name once (4.057708ms)
✔ parseDurations: top-level lines only (0.183541ms)
ℹ tests 36
ℹ suites 0
ℹ pass 36
ℹ fail 0
ℹ cancelled 0
ℹ skipped 0
ℹ todo 0
ℹ duration_ms 2528.148458
