TAP version 13
# Subtest: an automatic port stolen after reservation retries and reaches the owned listener
ok 1 - an automatic port stolen after reservation retries and reaches the owned listener
  ---
  duration_ms: 70.260041
  type: 'test'
  ...
# Subtest: the exact old publish-gate startNext fails on the same forced real port handoff
ok 2 - the exact old publish-gate startNext fails on the same forced real port handoff
  ---
  duration_ms: 96.95675
  type: 'test'
  ...
# Subtest: a caller-specified occupied port fails without allocation or retry
ok 3 - a caller-specified occupied port fails without allocation or retry
  ---
  duration_ms: 28.000916
  type: 'test'
  ...
# Subtest: a non-bind startup crash is not retried
ok 4 - a non-bind startup crash is not retried
  ---
  duration_ms: 24.0585
  type: 'test'
  ...
# Subtest: persistent automatic bind collisions stop after three total launches
ok 5 - persistent automatic bind collisions stop after three total launches
  ---
  duration_ms: 78.929084
  type: 'test'
  ...
# Subtest: a readiness rejection while the child is alive preserves the original error and never retries
ok 6 - a readiness rejection while the child is alive preserves the original error and never retries
  ---
  duration_ms: 25.355375
  type: 'test'
  ...
# Subtest: a failure before spawning is not retried
ok 7 - a failure before spawning is not retried
  ---
  duration_ms: 0.257625
  type: 'test'
  ...
# Subtest: all eleven gate adapters preserve original assertions, readiness loops, spawn and environment statements
ok 8 - all eleven gate adapters preserve original assertions, readiness loops, spawn and environment statements
  ---
  duration_ms: 176.978667
  type: 'test'
  ...
1..8
# tests 8
# suites 0
# pass 8
# fail 0
# cancelled 0
# skipped 0
# todo 0
# duration_ms 659.251042
