✔ LGM01 ECPay card DTO: exact keys, enabled implies checked, https status url, no secret field (4.842541ms)
✔ LGM02 connect body carries exactly the frozen keys and refuses malformed input before the wire (1.571917ms)
✔ LGM03 CVS settings DTO and body follow the §16.5 ranges (1.585416ms)
✔ LGM04 order CVS shipment DTO: exact frozen keys, no PII/trade number, current attempt must exist (1.426458ms)
✔ LGM05 submit, collection and release answers (1.24175ms)
✔ LGM06 print form: only the two ECPay logistics hosts and the four documented print paths (0.355333ms)
✔ LGM07 request bodies carry exactly the frozen keys (0.12125ms)
✔ LGM08 pay-at-pickup action hints follow §16.4/§16.8 (SQL stays the authority) (0.139958ms)
✔ LGM09 a CREATED label is offered for abandon only after its validity window (0.1205ms)
✔ LGR01 the grammar admits exactly the five logistics routes with their header policy (1.903875ms)
✔ LGR02 everything else is refused: other methods, extra segments, case, traversal, neighbours (0.568042ms)
✔ LGR03 bank-transfer-settings is one exact resource: GET read, PUT keyed command (0.343459ms)
ℹ tests 12
ℹ suites 0
ℹ pass 12
ℹ fail 0
ℹ cancelled 0
ℹ skipped 0
ℹ todo 0
ℹ duration_ms 150.403958

> live-commerce-workspace@ build:storefront /Volumes/data/live_commerce_architecture_v1/.worktrees/admin-visual
> pnpm --filter @live-commerce/storefront build


> @live-commerce/storefront@ build /Volumes/data/live_commerce_architecture_v1/.worktrees/admin-visual/apps/storefront
> next build

▲ Next.js 16.3.5 (Turbopack)
✓ Running next.config.ts took 160ms

  Creating an optimized production build ...
✓ Compiled successfully in 1094ms
  Running TypeScript ...
  Finished TypeScript in 404ms ...
  Collecting page data using 9 workers ...
  Generating static pages using 9 workers (0/2) ...
✓ Generating static pages using 9 workers (2/2) in 246ms
  Finalizing page optimization ...

Route (app)
┌ ƒ /
├ ○ /_not-found
├ ƒ /[locale]
├ ƒ /[locale]/cart
├ ƒ /[locale]/checkout
├ ƒ /[locale]/claim
├ ƒ /[locale]/collections
├ ƒ /[locale]/collections/[slug]
├ ƒ /[locale]/data-deletion
├ ƒ /[locale]/legal/[slug]
├ ƒ /[locale]/legal/anti-fraud
├ ƒ /[locale]/order-link
├ ƒ /[locale]/orders/[orderID]
├ ƒ /[locale]/orders/lookup
├ ƒ /[locale]/pages/[slug]
├ ƒ /[locale]/privacy
├ ƒ /[locale]/products
├ ƒ /[locale]/products/[slug]
├ ƒ /[locale]/search
├ ƒ /api/buyer/[...path]
├ ƒ /api/shop/product/[key]
├ ƒ /api/shop/products
├ ƒ /feeds/meta.csv
├ ƒ /media/c/[collectionID]/[imageID]
├ ƒ /media/p/[productID]/[imageID]
├ ƒ /media/s/[imageID]
├ ƒ /payment/return
├ ƒ /products/[productID]
├ ƒ /robots.txt
└ ƒ /sitemap.xml


ƒ Proxy (Middleware)

○  (Static)   prerendered as static content
ƒ  (Dynamic)  server-rendered on demand


> live-commerce-workspace@ build:admin /Volumes/data/live_commerce_architecture_v1/.worktrees/admin-visual
> pnpm --filter @live-commerce/admin build


> @live-commerce/admin@ build /Volumes/data/live_commerce_architecture_v1/.worktrees/admin-visual/apps/admin
> next build && node ../../scripts/dev/package-admin.mjs

▲ Next.js 16.3.5 (Turbopack)
✓ Running next.config.ts took 37ms

  Creating an optimized production build ...
✓ Compiled successfully in 1228ms
  Running TypeScript ...
  Finished TypeScript in 484ms ...
  Collecting page data using 9 workers ...
  Generating static pages using 9 workers (0/15) ...
  Generating static pages using 9 workers (3/15) 
  Generating static pages using 9 workers (7/15) 
  Generating static pages using 9 workers (11/15) 
✓ Generating static pages using 9 workers (15/15) in 324ms
  Finalizing page optimization ...

Route (app)
┌ ○ /_not-found
├ ƒ /[locale]
├ ƒ /[locale]/ads
├ ƒ /[locale]/ads/attribution
├ ƒ /[locale]/billing
├ ƒ /[locale]/collections
├ ƒ /[locale]/customers
├ ƒ /[locale]/customers/[customer]
├ ƒ /[locale]/design
├ ƒ /[locale]/finance
├ ƒ /[locale]/inventory
├ ƒ /[locale]/invite/[token]
├ ƒ /[locale]/orders
├ ƒ /[locale]/orders/cvs-print
├ ƒ /[locale]/orders/new
├ ƒ /[locale]/products
├ ƒ /[locale]/products/[product]
├ ƒ /[locale]/products/import
├ ƒ /[locale]/promotions
├ ƒ /[locale]/reset
├ ƒ /[locale]/settings
├ ƒ /[locale]/signup
├ ƒ /[locale]/studio
├ ƒ /[locale]/studio/claims
├ ƒ /[locale]/team
├ ƒ /api/ads/meta/callback
├ ƒ /api/ads/meta/connect
├ ƒ /api/auth/callback
├ ƒ /api/auth/login
├ ƒ /api/auth/logout
├ ƒ /api/auth/password/login
├ ƒ /api/auth/password/reset
├ ƒ /api/auth/password/signup
├ ƒ /api/auth/password/verify
├ ƒ /api/meta/callback
├ ƒ /api/meta/connect
├ ƒ /api/onboarding/initial-store
├ ƒ /api/stores
├ ƒ /api/stores/[store]/[...resource]
├ ƒ /api/stores/[store]/tools/[...resource]
├ ƒ /api/team/[action]
├ ƒ /site/[locale]/[page]
├ ƒ /site/robots.txt
└ ƒ /site/sitemap.xml


ƒ Proxy (Middleware)

○  (Static)   prerendered as static content
ƒ  (Dynamic)  server-rendered on demand

Packaged standalone admin server and static assets.
=== RUN   TestBrowserTaiwanCvs
=== RUN   TestBrowserTaiwanCvs/MOCK
    browser_taiwan_cvs_test.go:185: admin browser gate failed: exit status 1; evidence=/Volumes/data/live_commerce_architecture_v1/.worktrees/admin-visual/output/playwright/taiwan-cvs/20261005T065124.746151000
=== RUN   TestBrowserTaiwanCvs/SANDBOX
    browser_taiwan_cvs_test.go:55: NOT_RUN: the SANDBOX variant (stage map + Stripe 4242) needs ECPAY_LOGISTICS_SANDBOX=1 STRIPE_SANDBOX=1 STRIPE_BROWSER=1 and the owner's test keys
=== RUN   TestBrowserTaiwanCvs/WebKit
2026/10/05 14:53:21 http: proxy error: context canceled
2026/10/05 14:53:21 http: proxy error: context canceled
2026/10/05 14:53:21 http: proxy error: context canceled
2026/10/05 14:53:21 http: proxy error: context canceled
    browser_taiwan_cvs_test.go:185: admin browser gate failed: exit status 1; evidence=/Volumes/data/live_commerce_architecture_v1/.worktrees/admin-visual/output/playwright/taiwan-cvs/20261005T065229.472195000
--- FAIL: TestBrowserTaiwanCvs (125.17s)
    --- FAIL: TestBrowserTaiwanCvs/MOCK (64.06s)
    --- SKIP: TestBrowserTaiwanCvs/SANDBOX (0.00s)
    --- FAIL: TestBrowserTaiwanCvs/WebKit (61.11s)
FAIL
FAIL	livecommerce/tests/foundation	126.160s
FAIL
