
> live-commerce-workspace@ build:admin /Volumes/data/live_commerce_architecture_v1/.worktrees/store-number
> pnpm --filter @live-commerce/admin build


> @live-commerce/admin@ build /Volumes/data/live_commerce_architecture_v1/.worktrees/store-number/apps/admin
> next build && node ../../scripts/dev/package-admin.mjs

▲ Next.js 16.3.5 (Turbopack)
✓ Running next.config.ts took 17ms

  Creating an optimized production build ...
✓ Compiled successfully in 1109ms
  Running TypeScript ...
  Finished TypeScript in 326ms ...
  Collecting page data using 9 workers ...
  Generating static pages using 9 workers (0/15) ...
  Generating static pages using 9 workers (3/15) 
  Generating static pages using 9 workers (7/15) 
  Generating static pages using 9 workers (11/15) 
✓ Generating static pages using 9 workers (15/15) in 55ms
  Finalizing page optimization ...

Route (app)
┌ ○ /_not-found
├ ƒ /[locale]
├ ƒ /[locale]/ads
├ ƒ /[locale]/billing
├ ƒ /[locale]/collections
├ ƒ /[locale]/customers
├ ƒ /[locale]/customers/[customer]
├ ƒ /[locale]/design
├ ƒ /[locale]/finance
├ ƒ /[locale]/inventory
├ ƒ /[locale]/invite/[token]
├ ƒ /[locale]/orders
├ ƒ /[locale]/orders/cvs-print
├ ƒ /[locale]/orders/new
├ ƒ /[locale]/products
├ ƒ /[locale]/products/[product]
├ ƒ /[locale]/products/import
├ ƒ /[locale]/promotions
├ ƒ /[locale]/reset
├ ƒ /[locale]/settings
├ ƒ /[locale]/signup
├ ƒ /[locale]/studio
├ ƒ /[locale]/studio/claims
├ ƒ /[locale]/team
├ ƒ /api/ads/meta/callback
├ ƒ /api/ads/meta/connect
├ ƒ /api/auth/callback
├ ƒ /api/auth/login
├ ƒ /api/auth/logout
├ ƒ /api/auth/password/login
├ ƒ /api/auth/password/reset
├ ƒ /api/auth/password/signup
├ ƒ /api/auth/password/verify
├ ƒ /api/meta/callback
├ ƒ /api/meta/connect
├ ƒ /api/onboarding/initial-store
├ ƒ /api/stores
├ ƒ /api/stores/[store]/[...resource]
├ ƒ /api/stores/[store]/tools/[...resource]
└ ƒ /api/team/[action]


ƒ Proxy (Middleware)

○  (Static)   prerendered as static content
ƒ  (Dynamic)  server-rendered on demand

Packaged standalone admin server and static assets.
✔ PA10 client IP: missing => 503, multiple or invalid => 400, exactly one literal accepted (1.942083ms)
✔ PA10 strict step-1 keys per purpose (§7.1) (0.223375ms)
✔ PA10 strict verify keys per purpose; the purpose is an argument, never the body (0.383833ms)
✔ PA10 challenge cookie: name, value, flags, Max-Age <= 600 (0.916375ms)
✔ PA10 challenge cookie parsing: exactly one well-formed cookie (0.194ms)
✔ PA10 the challenge cookie is cleared on 200 and 409 only; every 401 keeps it (0.104333ms)
✔ PA10 readAuthConfig: valid without OIDC when the password flag is on, invalid without it (0.419875ms)
✔ PA10 Origin rule: exactly the configured public origin, nothing else (§7.2) (0.997709ms)
✔ PA10 the BFF call forwards the key and the client IP once and never retries (716.894ms)
✔ PA10 session and CSRF cookies come from the existing helper with the existing flags (2.048ms)
✔ PA10 upstream diagnostics never reach the browser: safeError rebuilds the body from an allow-listed code (4.516042ms)
ℹ tests 11
ℹ suites 0
ℹ pass 11
ℹ fail 0
ℹ cancelled 0
ℹ skipped 0
ℹ todo 0
ℹ duration_ms 3435.24025
=== RUN   TestBrowserPasswordAuth
    browser_password_auth_test.go:103: Go transport POST /v1/identity/password/signup -> 202
    browser_password_auth_test.go:103: Go transport POST /v1/identity/password/complete -> 401
    browser_password_auth_test.go:103: Go transport POST /v1/identity/password/complete -> 200
    browser_password_auth_test.go:103: Go transport GET /v1/admin/stores -> 200
    browser_password_auth_test.go:103: Go transport GET /v1/admin/stores -> 200
    browser_password_auth_test.go:103: Go transport POST /v1/identity/initial-store -> 200
    browser_password_auth_test.go:103: Go transport GET /v1/admin/stores -> 200
    browser_password_auth_test.go:103: Go transport GET /v1/admin/stores -> 200
    browser_password_auth_test.go:103: Go transport GET /v1/admin/stores -> 200
    browser_password_auth_test.go:103: Go transport GET /v1/admin/stores -> 200
    browser_password_auth_test.go:103: Go transport GET /v1/admin/stores -> 200
    browser_password_auth_test.go:103: Go transport POST /v1/identity/logout -> 204
    browser_password_auth_test.go:103: Go transport GET /v1/admin/stores/98e2b627-2d64-43fc-8263-93fa0089de13/dashboard -> 200
    browser_password_auth_test.go:103: Go transport GET /v1/admin/stores/98e2b627-2d64-43fc-8263-93fa0089de13/billing/standing -> 401
    browser_password_auth_test.go:103: Go transport POST /v1/identity/password/login -> 401
    browser_password_auth_test.go:103: Go transport POST /v1/identity/password/login -> 401
    browser_password_auth_test.go:103: Go transport POST /v1/identity/password/login -> 202
    browser_password_auth_test.go:103: Go transport POST /v1/identity/password/complete -> 200
    browser_password_auth_test.go:103: Go transport GET /v1/admin/stores -> 200
    browser_password_auth_test.go:103: Go transport GET /v1/admin/stores -> 200
    browser_password_auth_test.go:103: Go transport GET /v1/admin/stores -> 200
    browser_password_auth_test.go:103: Go transport GET /v1/admin/stores -> 200
    browser_password_auth_test.go:103: Go transport GET /v1/admin/stores -> 200
    browser_password_auth_test.go:103: Go transport GET /v1/admin/stores -> 200
    browser_password_auth_test.go:103: Go transport GET /v1/admin/stores/98e2b627-2d64-43fc-8263-93fa0089de13/dashboard -> 200
    browser_password_auth_test.go:103: Go transport GET /v1/admin/stores/98e2b627-2d64-43fc-8263-93fa0089de13/billing/standing -> 200
    browser_password_auth_test.go:103: Go transport POST /v1/identity/password/reset -> 202
    browser_password_auth_test.go:103: Go transport POST /v1/identity/password/complete -> 200
    browser_password_auth_test.go:103: Go transport GET /v1/admin/stores -> 200
    browser_password_auth_test.go:103: Go transport GET /v1/admin/stores -> 200
    browser_password_auth_test.go:103: Go transport GET /v1/admin/stores -> 200
    browser_password_auth_test.go:103: Go transport GET /v1/admin/stores -> 200
    browser_password_auth_test.go:103: Go transport GET /v1/admin/stores -> 200
    browser_password_auth_test.go:103: Go transport GET /v1/admin/stores -> 200
    browser_password_auth_test.go:103: Go transport GET /v1/admin/stores -> 401
    browser_password_auth_test.go:103: Go transport GET /v1/admin/stores/98e2b627-2d64-43fc-8263-93fa0089de13/dashboard -> 200
    browser_password_auth_test.go:103: Go transport GET /v1/admin/stores/98e2b627-2d64-43fc-8263-93fa0089de13/billing/standing -> 200
    browser_password_auth_test.go:103: Go transport GET /v1/admin/stores -> 401
    browser_password_auth_test.go:103: Go transport GET /v1/admin/stores -> 401
    browser_password_auth_test.go:103: Go transport GET /v1/admin/stores -> 200
    browser_password_auth_test.go:103: Go transport POST /v1/identity/password/login -> 401
    browser_password_auth_test.go:103: Go transport POST /v1/identity/password/login -> 429
    browser_password_auth_test.go:103: Go transport POST /v1/identity/password/signup -> 202
    browser_password_auth_test.go:103: Go transport POST /v1/identity/password/signup -> 202
    browser_password_auth_test.go:103: Go transport POST /v1/identity/password/complete -> 401
    browser_password_auth_test.go:103: Go transport POST /v1/identity/password/complete -> 200
    browser_password_auth_test.go:103: Go transport POST /v1/identity/password/login -> 202
    browser_password_auth_test.go:103: Go transport POST /v1/identity/password/complete -> 401
    browser_password_auth_test.go:103: Go transport GET /v1/admin/stores -> 200
    browser_password_auth_test.go:103: Go transport POST /v1/identity/password/signup -> 202
    browser_password_auth_test.go:103: Go transport POST /v1/identity/password/signup -> 202
    browser_password_auth_test.go:103: Go transport POST /v1/identity/password/complete -> 200
    browser_password_auth_test.go:103: Go transport POST /v1/identity/password/complete -> 409
    browser_password_auth_test.go:103: Go transport POST /v1/identity/password/login -> 401
    browser_password_auth_test.go:103: Go transport POST /v1/identity/password/login -> 401
    browser_password_auth_test.go:103: Go transport POST /v1/identity/password/login -> 401
    browser_password_auth_test.go:103: Go transport POST /v1/identity/password/login -> 401
    browser_password_auth_test.go:103: Go transport POST /v1/identity/password/login -> 401
    browser_password_auth_test.go:103: Go transport POST /v1/identity/password/login -> 401
    browser_password_auth_test.go:103: Go transport POST /v1/identity/password/login -> 401
    browser_password_auth_test.go:103: Go transport POST /v1/identity/password/login -> 401
    browser_password_auth_test.go:103: Go transport POST /v1/identity/password/login -> 401
    browser_password_auth_test.go:103: Go transport POST /v1/identity/password/login -> 401
    browser_password_auth_test.go:103: Go transport POST /v1/identity/password/login -> 401
    browser_password_auth_test.go:103: Go transport POST /v1/identity/password/login -> 429
    browser_password_auth_test.go:103: Go transport POST /v1/identity/password/login -> 429
    browser_password_auth_test.go:103: Go transport POST /v1/identity/password/signup -> 202
    browser_password_auth_test.go:103: Go transport POST /v1/identity/password/signup -> 202
    browser_password_auth_test.go:103: Go transport POST /v1/identity/password/complete -> 401
    browser_password_auth_test.go:103: Go transport POST /v1/identity/password/complete -> 200
    browser_password_auth_test.go:103: Go transport GET /v1/admin/stores -> 200
    browser_password_auth_test.go:103: Go transport POST /v1/identity/password/signup -> 202
    browser_password_auth_test.go:103: Go transport POST /v1/identity/password/complete -> 401
    browser_password_auth_test.go:103: Go transport POST /v1/identity/password/signup -> 202
    browser_password_auth_test.go:103: Go transport POST /v1/identity/password/complete -> 401
    browser_password_auth_test.go:103: Go transport POST /v1/identity/password/signup -> 202
    browser_password_auth_test.go:103: Go transport POST /v1/identity/password/complete -> 401
    browser_password_auth_test.go:103: Go transport POST /v1/identity/password/signup -> 202
    browser_password_auth_test.go:103: Go transport POST /v1/identity/password/complete -> 401
    browser_password_auth_test.go:103: Go transport POST /v1/identity/password/signup -> 202
    browser_password_auth_test.go:103: Go transport POST /v1/identity/password/complete -> 401
    browser_password_auth_test.go:103: Go transport POST /v1/identity/password/signup -> 202
    browser_password_auth_test.go:103: Go transport POST /v1/identity/password/complete -> 401
    browser_password_auth_test.go:103: Go transport POST /v1/identity/password/signup -> 202
    browser_password_auth_test.go:103: Go transport POST /v1/identity/password/reset -> 202
    browser_password_auth_test.go:103: Go transport POST /v1/identity/password/reset -> 202
    browser_password_auth_test.go:254: PASS: browser -> Next -> Go -> real PG, real SMTP adapter against loopback fake; 61 canaries not found in any log; evidence=/Volumes/data/live_commerce_architecture_v1/.worktrees/store-number/output/store-number/browser-evidence/password-auth-20261003T124011.981268000
--- PASS: TestBrowserPasswordAuth (79.38s)
=== RUN   TestBrowserStaffTeam
    browser_staff_team_test.go:108: Go transport POST /v1/identity/password/signup -> 202
    browser_staff_team_test.go:108: Go transport POST /v1/identity/password/complete -> 200
    browser_staff_team_test.go:108: Go transport GET /v1/admin/stores -> 200
    browser_staff_team_test.go:108: Go transport GET /v1/admin/stores -> 200
    browser_staff_team_test.go:108: Go transport POST /v1/identity/initial-store -> 200
    browser_staff_team_test.go:108: Go transport GET /v1/admin/stores -> 200
    browser_staff_team_test.go:108: Go transport GET /v1/admin/stores -> 200
    browser_staff_team_test.go:108: Go transport POST /v1/identity/staff/list -> 200
    browser_staff_team_test.go:108: Go transport GET /v1/admin/stores -> 200
    browser_staff_team_test.go:108: Go transport GET /v1/admin/stores/47351473-9e13-430a-8c62-2916a0e886fb/billing/standing -> 200
    browser_staff_team_test.go:108: Go transport POST /v1/identity/staff/invite -> 201
    browser_staff_team_test.go:108: Go transport POST /v1/identity/staff/list -> 200
    browser_staff_team_test.go:108: Go transport POST /v1/identity/password/signup -> 202
    browser_staff_team_test.go:108: Go transport POST /v1/identity/password/complete -> 200
    browser_staff_team_test.go:108: Go transport GET /v1/admin/stores -> 200
    browser_staff_team_test.go:108: Go transport GET /v1/admin/stores -> 200
    browser_staff_team_test.go:108: Go transport POST /v1/identity/staff/accept -> 404
    browser_staff_team_test.go:108: Go transport GET /v1/admin/stores -> 200
    browser_staff_team_test.go:108: Go transport POST /v1/identity/staff/accept -> 404
    browser_staff_team_test.go:108: Go transport GET /v1/admin/stores -> 200
    browser_staff_team_test.go:108: Go transport POST /v1/identity/password/signup -> 202
    browser_staff_team_test.go:108: Go transport POST /v1/identity/password/complete -> 200
    browser_staff_team_test.go:108: Go transport GET /v1/admin/stores -> 200
    browser_staff_team_test.go:108: Go transport POST /v1/identity/staff/accept -> 200
    browser_staff_team_test.go:108: Go transport GET /v1/admin/stores -> 200
    browser_staff_team_test.go:108: Go transport GET /v1/admin/stores -> 200
    browser_staff_team_test.go:108: Go transport GET /v1/admin/stores -> 200
    browser_staff_team_test.go:108: Go transport GET /v1/admin/stores -> 200
    browser_staff_team_test.go:108: Go transport GET /v1/admin/stores/47351473-9e13-430a-8c62-2916a0e886fb/order-actions -> 200
    browser_staff_team_test.go:108: Go transport GET /v1/admin/stores -> 200
    browser_staff_team_test.go:108: Go transport GET /v1/admin/stores/47351473-9e13-430a-8c62-2916a0e886fb/orders -> 200
    browser_staff_team_test.go:108: Go transport GET /v1/admin/stores/47351473-9e13-430a-8c62-2916a0e886fb/billing/standing -> 200
    browser_staff_team_test.go:108: Go transport GET /v1/admin/stores -> 200
    browser_staff_team_test.go:108: Go transport GET /v1/admin/stores -> 200
    browser_staff_team_test.go:108: Go transport GET /v1/admin/stores -> 200
    browser_staff_team_test.go:108: Go transport GET /v1/admin/stores -> 200
    browser_staff_team_test.go:108: Go transport GET /v1/admin/stores -> 200
    browser_staff_team_test.go:108: Go transport GET /v1/admin/stores/47351473-9e13-430a-8c62-2916a0e886fb/billing/standing -> 200
    browser_staff_team_test.go:108: Go transport GET /v1/admin/stores/47351473-9e13-430a-8c62-2916a0e886fb/dashboard -> 200
    browser_staff_team_test.go:108: Go transport GET /v1/admin/stores -> 200
    browser_staff_team_test.go:108: Go transport GET /v1/admin/stores -> 200
    browser_staff_team_test.go:108: Go transport GET /v1/admin/stores -> 200
    browser_staff_team_test.go:108: Go transport GET /v1/admin/stores -> 200
    browser_staff_team_test.go:108: Go transport GET /v1/admin/stores -> 200
    browser_staff_team_test.go:108: Go transport GET /v1/admin/stores/47351473-9e13-430a-8c62-2916a0e886fb/order-actions -> 200
    browser_staff_team_test.go:108: Go transport GET /v1/admin/stores -> 200
    browser_staff_team_test.go:108: Go transport GET /v1/admin/stores -> 200
    browser_staff_team_test.go:108: Go transport GET /v1/admin/stores/47351473-9e13-430a-8c62-2916a0e886fb/orders -> 200
    browser_staff_team_test.go:108: Go transport GET /v1/admin/stores/47351473-9e13-430a-8c62-2916a0e886fb/billing/standing -> 200
    browser_staff_team_test.go:108: Go transport GET /v1/admin/stores/47351473-9e13-430a-8c62-2916a0e886fb/order-actions -> 200
    browser_staff_team_test.go:108: Go transport GET /v1/admin/stores -> 200
    browser_staff_team_test.go:108: Go transport GET /v1/admin/stores/47351473-9e13-430a-8c62-2916a0e886fb/orders -> 200
    browser_staff_team_test.go:108: Go transport GET /v1/admin/stores -> 200
    browser_staff_team_test.go:108: Go transport GET /v1/admin/stores/47351473-9e13-430a-8c62-2916a0e886fb/billing -> 403
    browser_staff_team_test.go:108: Go transport POST /v1/identity/staff/list -> 200
    browser_staff_team_test.go:108: Go transport POST /v1/identity/staff/invite -> 403
    browser_staff_team_test.go:108: Go transport POST /v1/identity/staff/set-role -> 403
    browser_staff_team_test.go:108: Go transport POST /v1/identity/staff/remove -> 403
    browser_staff_team_test.go:108: Go transport POST /v1/identity/staff/revoke-invite -> 403
    browser_staff_team_test.go:108: Go transport GET /v1/admin/stores -> 200
    browser_staff_team_test.go:108: Go transport GET /v1/admin/stores -> 200
    browser_staff_team_test.go:108: Go transport POST /v1/identity/staff/list -> 200
    browser_staff_team_test.go:108: Go transport GET /v1/admin/stores -> 200
    browser_staff_team_test.go:108: Go transport GET /v1/admin/stores -> 200
    browser_staff_team_test.go:108: Go transport GET /v1/admin/stores -> 200
    browser_staff_team_test.go:108: Go transport GET /v1/admin/stores/47351473-9e13-430a-8c62-2916a0e886fb/billing -> 403
    browser_staff_team_test.go:108: Go transport GET /v1/admin/stores -> 200
    browser_staff_team_test.go:108: Go transport GET /v1/admin/stores -> 200
    browser_staff_team_test.go:108: Go transport POST /v1/identity/staff/list -> 200
    browser_staff_team_test.go:108: Go transport GET /v1/admin/stores -> 200
    browser_staff_team_test.go:108: Go transport GET /v1/admin/stores/47351473-9e13-430a-8c62-2916a0e886fb/billing/standing -> 200
    browser_staff_team_test.go:108: Go transport POST /v1/identity/staff/list -> 200
    browser_staff_team_test.go:108: Go transport POST /v1/identity/staff/set-role -> 204
    browser_staff_team_test.go:108: Go transport POST /v1/identity/staff/list -> 200
    browser_staff_team_test.go:108: Go transport GET /v1/admin/stores -> 200
    browser_staff_team_test.go:108: Go transport GET /v1/admin/stores/47351473-9e13-430a-8c62-2916a0e886fb/order-actions -> 200
    browser_staff_team_test.go:108: Go transport GET /v1/admin/stores -> 200
    browser_staff_team_test.go:108: Go transport GET /v1/admin/stores -> 200
    browser_staff_team_test.go:108: Go transport GET /v1/admin/stores -> 200
    browser_staff_team_test.go:108: Go transport GET /v1/admin/stores -> 200
    browser_staff_team_test.go:108: Go transport GET /v1/admin/stores/47351473-9e13-430a-8c62-2916a0e886fb/order-actions -> 200
    browser_staff_team_test.go:108: Go transport GET /v1/admin/stores -> 200
    browser_staff_team_test.go:108: Go transport GET /v1/admin/stores -> 200
    browser_staff_team_test.go:108: Go transport GET /v1/admin/stores/47351473-9e13-430a-8c62-2916a0e886fb/billing/standing -> 200
    browser_staff_team_test.go:108: Go transport GET /v1/admin/stores/47351473-9e13-430a-8c62-2916a0e886fb/orders -> 200
    browser_staff_team_test.go:108: Go transport GET /v1/admin/stores/47351473-9e13-430a-8c62-2916a0e886fb/orders -> 200
    browser_staff_team_test.go:108: Go transport POST /v1/identity/staff/remove -> 204
    browser_staff_team_test.go:108: Go transport POST /v1/identity/staff/list -> 200
    browser_staff_team_test.go:108: Go transport GET /v1/admin/stores -> 200
    browser_staff_team_test.go:108: Go transport GET /v1/admin/stores -> 200
    browser_staff_team_test.go:108: Go transport GET /v1/admin/stores -> 200
    browser_staff_team_test.go:108: Go transport GET /v1/admin/stores -> 200
    browser_staff_team_test.go:108: Go transport GET /v1/admin/stores -> 200
    browser_staff_team_test.go:108: Go transport POST /v1/identity/staff/accept -> 404
    browser_staff_team_test.go:108: Go transport GET /v1/admin/stores -> 200
    browser_staff_team_test.go:108: Go transport POST /v1/identity/password/signup -> 202
    browser_staff_team_test.go:108: Go transport POST /v1/identity/password/complete -> 200
    browser_staff_team_test.go:108: Go transport GET /v1/admin/stores -> 200
    browser_staff_team_test.go:108: Go transport GET /v1/admin/stores -> 200
    browser_staff_team_test.go:108: Go transport POST /v1/identity/initial-store -> 200
    browser_staff_team_test.go:108: Go transport GET /v1/admin/stores -> 200
    browser_staff_team_test.go:108: Go transport GET /v1/admin/stores -> 200
    browser_staff_team_test.go:108: Go transport POST /v1/identity/staff/list -> 200
    browser_staff_team_test.go:108: Go transport GET /v1/admin/stores -> 200
    browser_staff_team_test.go:108: Go transport GET /v1/admin/stores/c6d06281-9f6a-459e-ab52-a0291e10d14a/billing/standing -> 200
    browser_staff_team_test.go:108: Go transport POST /v1/identity/staff/invite -> 201
    browser_staff_team_test.go:108: Go transport POST /v1/identity/staff/list -> 200
    browser_staff_team_test.go:108: Go transport POST /v1/identity/password/signup -> 202
    browser_staff_team_test.go:108: Go transport POST /v1/identity/password/complete -> 200
    browser_staff_team_test.go:108: Go transport GET /v1/admin/stores -> 200
    browser_staff_team_test.go:108: Go transport POST /v1/identity/staff/accept -> 200
    browser_staff_team_test.go:108: Go transport GET /v1/admin/stores -> 200
    browser_staff_team_test.go:108: Go transport GET /v1/admin/stores -> 200
    browser_staff_team_test.go:108: Go transport GET /v1/admin/stores -> 200
    browser_staff_team_test.go:108: Go transport GET /v1/admin/stores -> 200
    browser_staff_team_test.go:108: Go transport GET /v1/admin/stores -> 200
    browser_staff_team_test.go:108: Go transport GET /v1/admin/stores/c6d06281-9f6a-459e-ab52-a0291e10d14a/order-actions -> 200
    browser_staff_team_test.go:108: Go transport GET /v1/admin/stores/c6d06281-9f6a-459e-ab52-a0291e10d14a/billing/standing -> 200
    browser_staff_team_test.go:108: Go transport GET /v1/admin/stores/c6d06281-9f6a-459e-ab52-a0291e10d14a/orders -> 200
    browser_staff_team_test.go:108: Go transport GET /v1/admin/stores -> 200
    browser_staff_team_test.go:108: Go transport GET /v1/admin/stores -> 200
    browser_staff_team_test.go:108: Go transport GET /v1/admin/stores/c6d06281-9f6a-459e-ab52-a0291e10d14a/order-actions -> 200
    browser_staff_team_test.go:108: Go transport GET /v1/admin/stores -> 200
    browser_staff_team_test.go:108: Go transport GET /v1/admin/stores/c6d06281-9f6a-459e-ab52-a0291e10d14a/orders -> 200
    browser_staff_team_test.go:108: Go transport GET /v1/admin/stores -> 200
    browser_staff_team_test.go:108: Go transport GET /v1/admin/stores/c6d06281-9f6a-459e-ab52-a0291e10d14a/billing -> 403
    browser_staff_team_test.go:108: Go transport POST /v1/identity/staff/list -> 200
    browser_staff_team_test.go:108: Go transport POST /v1/identity/staff/invite -> 403
    browser_staff_team_test.go:108: Go transport POST /v1/identity/staff/set-role -> 403
    browser_staff_team_test.go:108: Go transport POST /v1/identity/staff/remove -> 403
    browser_staff_team_test.go:108: Go transport POST /v1/identity/staff/revoke-invite -> 403
    browser_staff_team_test.go:108: Go transport GET /v1/admin/stores -> 200
    browser_staff_team_test.go:108: Go transport GET /v1/admin/stores -> 200
    browser_staff_team_test.go:108: Go transport POST /v1/identity/staff/list -> 200
    browser_staff_team_test.go:108: Go transport GET /v1/admin/stores -> 200
    browser_staff_team_test.go:108: Go transport GET /v1/admin/stores -> 200
    browser_staff_team_test.go:108: Go transport GET /v1/admin/stores -> 200
    browser_staff_team_test.go:108: Go transport GET /v1/admin/stores/c6d06281-9f6a-459e-ab52-a0291e10d14a/billing -> 403
    browser_staff_team_test.go:108: Go transport GET /v1/admin/stores -> 200
    browser_staff_team_test.go:108: Go transport GET /v1/admin/stores -> 200
    browser_staff_team_test.go:108: Go transport POST /v1/identity/staff/list -> 200
    browser_staff_team_test.go:108: Go transport POST /v1/identity/staff/list -> 200
    browser_staff_team_test.go:108: Go transport GET /v1/admin/stores -> 200
    browser_staff_team_test.go:108: Go transport GET /v1/admin/stores/c6d06281-9f6a-459e-ab52-a0291e10d14a/billing/standing -> 200
    browser_staff_team_test.go:108: Go transport POST /v1/identity/staff/set-role -> 204
    browser_staff_team_test.go:108: Go transport POST /v1/identity/staff/list -> 200
    browser_staff_team_test.go:108: Go transport GET /v1/admin/stores -> 200
    browser_staff_team_test.go:108: Go transport GET /v1/admin/stores/c6d06281-9f6a-459e-ab52-a0291e10d14a/order-actions -> 200
    browser_staff_team_test.go:108: Go transport GET /v1/admin/stores -> 200
    browser_staff_team_test.go:108: Go transport GET /v1/admin/stores -> 200
    browser_staff_team_test.go:108: Go transport GET /v1/admin/stores -> 200
    browser_staff_team_test.go:108: Go transport GET /v1/admin/stores -> 200
    browser_staff_team_test.go:108: Go transport GET /v1/admin/stores/c6d06281-9f6a-459e-ab52-a0291e10d14a/order-actions -> 200
    browser_staff_team_test.go:108: Go transport GET /v1/admin/stores/c6d06281-9f6a-459e-ab52-a0291e10d14a/orders -> 200
    browser_staff_team_test.go:108: Go transport GET /v1/admin/stores -> 200
    browser_staff_team_test.go:108: Go transport GET /v1/admin/stores/c6d06281-9f6a-459e-ab52-a0291e10d14a/billing/standing -> 200
    browser_staff_team_test.go:108: Go transport GET /v1/admin/stores -> 200
    browser_staff_team_test.go:108: Go transport GET /v1/admin/stores/c6d06281-9f6a-459e-ab52-a0291e10d14a/orders -> 200
    browser_staff_team_test.go:108: Go transport POST /v1/identity/staff/remove -> 204
    browser_staff_team_test.go:108: Go transport POST /v1/identity/staff/list -> 200
    browser_staff_team_test.go:108: Go transport GET /v1/admin/stores -> 200
    browser_staff_team_test.go:108: Go transport GET /v1/admin/stores -> 200
    browser_staff_team_test.go:108: Go transport GET /v1/admin/stores -> 200
    browser_staff_team_test.go:108: Go transport GET /v1/admin/stores -> 200
    browser_staff_team_test.go:108: Go transport GET /v1/admin/stores -> 200
    browser_staff_team_test.go:108: Go transport POST /v1/identity/staff/accept -> 404
    browser_staff_team_test.go:108: Go transport GET /v1/admin/stores -> 200
    browser_staff_team_test.go:108: Go transport POST /v1/identity/password/signup -> 202
    browser_staff_team_test.go:108: Go transport POST /v1/identity/password/complete -> 200
    browser_staff_team_test.go:108: Go transport GET /v1/admin/stores -> 200
    browser_staff_team_test.go:108: Go transport GET /v1/admin/stores -> 200
    browser_staff_team_test.go:108: Go transport POST /v1/identity/initial-store -> 200
    browser_staff_team_test.go:108: Go transport GET /v1/admin/stores -> 200
    browser_staff_team_test.go:108: Go transport GET /v1/admin/stores -> 200
    browser_staff_team_test.go:108: Go transport POST /v1/identity/staff/list -> 200
    browser_staff_team_test.go:108: Go transport GET /v1/admin/stores -> 200
    browser_staff_team_test.go:108: Go transport GET /v1/admin/stores/6fa95e8b-bfd8-4d17-b444-e3e61fd0610a/billing/standing -> 200
    browser_staff_team_test.go:108: Go transport POST /v1/identity/staff/invite -> 201
    browser_staff_team_test.go:108: Go transport POST /v1/identity/staff/list -> 200
    browser_staff_team_test.go:108: Go transport POST /v1/identity/password/signup -> 202
    browser_staff_team_test.go:108: Go transport POST /v1/identity/password/complete -> 200
    browser_staff_team_test.go:108: Go transport GET /v1/admin/stores -> 200
    browser_staff_team_test.go:108: Go transport POST /v1/identity/staff/accept -> 200
    browser_staff_team_test.go:108: Go transport GET /v1/admin/stores -> 200
    browser_staff_team_test.go:108: Go transport GET /v1/admin/stores -> 200
    browser_staff_team_test.go:108: Go transport GET /v1/admin/stores -> 200
    browser_staff_team_test.go:108: Go transport GET /v1/admin/stores -> 200
    browser_staff_team_test.go:108: Go transport GET /v1/admin/stores/6fa95e8b-bfd8-4d17-b444-e3e61fd0610a/order-actions -> 200
    browser_staff_team_test.go:108: Go transport GET /v1/admin/stores -> 200
    browser_staff_team_test.go:108: Go transport GET /v1/admin/stores/6fa95e8b-bfd8-4d17-b444-e3e61fd0610a/orders -> 200
    browser_staff_team_test.go:108: Go transport GET /v1/admin/stores/6fa95e8b-bfd8-4d17-b444-e3e61fd0610a/billing/standing -> 200
    browser_staff_team_test.go:108: Go transport GET /v1/admin/stores -> 200
    browser_staff_team_test.go:108: Go transport GET /v1/admin/stores -> 200
    browser_staff_team_test.go:108: Go transport GET /v1/admin/stores -> 200
    browser_staff_team_test.go:108: Go transport GET /v1/admin/stores -> 200
    browser_staff_team_test.go:108: Go transport GET /v1/admin/stores -> 200
    browser_staff_team_test.go:108: Go transport GET /v1/admin/stores/6fa95e8b-bfd8-4d17-b444-e3e61fd0610a/billing/standing -> 200
    browser_staff_team_test.go:108: Go transport GET /v1/admin/stores/6fa95e8b-bfd8-4d17-b444-e3e61fd0610a/dashboard -> 200
    browser_staff_team_test.go:108: Go transport GET /v1/admin/stores -> 200
    browser_staff_team_test.go:108: Go transport GET /v1/admin/stores -> 200
    browser_staff_team_test.go:108: Go transport GET /v1/admin/stores -> 200
    browser_staff_team_test.go:108: Go transport GET /v1/admin/stores -> 200
    browser_staff_team_test.go:108: Go transport GET /v1/admin/stores/6fa95e8b-bfd8-4d17-b444-e3e61fd0610a/order-actions -> 200
    browser_staff_team_test.go:108: Go transport GET /v1/admin/stores -> 200
    browser_staff_team_test.go:108: Go transport GET /v1/admin/stores -> 200
    browser_staff_team_test.go:108: Go transport GET /v1/admin/stores/6fa95e8b-bfd8-4d17-b444-e3e61fd0610a/orders -> 200
    browser_staff_team_test.go:108: Go transport GET /v1/admin/stores/6fa95e8b-bfd8-4d17-b444-e3e61fd0610a/billing/standing -> 200
    browser_staff_team_test.go:108: Go transport GET /v1/admin/stores -> 200
    browser_staff_team_test.go:108: Go transport GET /v1/admin/stores/6fa95e8b-bfd8-4d17-b444-e3e61fd0610a/order-actions -> 200
    browser_staff_team_test.go:108: Go transport GET /v1/admin/stores -> 200
    browser_staff_team_test.go:108: Go transport GET /v1/admin/stores/6fa95e8b-bfd8-4d17-b444-e3e61fd0610a/orders -> 200
    browser_staff_team_test.go:108: Go transport GET /v1/admin/stores -> 200
    browser_staff_team_test.go:108: Go transport GET /v1/admin/stores/6fa95e8b-bfd8-4d17-b444-e3e61fd0610a/billing -> 403
    browser_staff_team_test.go:108: Go transport POST /v1/identity/staff/list -> 200
    browser_staff_team_test.go:108: Go transport POST /v1/identity/staff/invite -> 403
    browser_staff_team_test.go:108: Go transport POST /v1/identity/staff/set-role -> 403
    browser_staff_team_test.go:108: Go transport POST /v1/identity/staff/remove -> 403
    browser_staff_team_test.go:108: Go transport POST /v1/identity/staff/revoke-invite -> 403
    browser_staff_team_test.go:108: Go transport GET /v1/admin/stores -> 200
    browser_staff_team_test.go:108: Go transport GET /v1/admin/stores -> 200
    browser_staff_team_test.go:108: Go transport POST /v1/identity/staff/list -> 200
    browser_staff_team_test.go:108: Go transport GET /v1/admin/stores -> 200
    browser_staff_team_test.go:108: Go transport GET /v1/admin/stores -> 200
    browser_staff_team_test.go:108: Go transport GET /v1/admin/stores -> 200
    browser_staff_team_test.go:108: Go transport GET /v1/admin/stores/6fa95e8b-bfd8-4d17-b444-e3e61fd0610a/billing -> 403
    browser_staff_team_test.go:108: Go transport GET /v1/admin/stores -> 200
    browser_staff_team_test.go:108: Go transport GET /v1/admin/stores -> 200
    browser_staff_team_test.go:108: Go transport POST /v1/identity/staff/list -> 200
    browser_staff_team_test.go:108: Go transport POST /v1/identity/staff/list -> 200
    browser_staff_team_test.go:108: Go transport GET /v1/admin/stores -> 200
    browser_staff_team_test.go:108: Go transport GET /v1/admin/stores/6fa95e8b-bfd8-4d17-b444-e3e61fd0610a/billing/standing -> 200
    browser_staff_team_test.go:108: Go transport POST /v1/identity/staff/set-role -> 204
    browser_staff_team_test.go:108: Go transport POST /v1/identity/staff/list -> 200
    browser_staff_team_test.go:108: Go transport GET /v1/admin/stores -> 200
    browser_staff_team_test.go:108: Go transport GET /v1/admin/stores/6fa95e8b-bfd8-4d17-b444-e3e61fd0610a/order-actions -> 200
    browser_staff_team_test.go:108: Go transport GET /v1/admin/stores -> 200
    browser_staff_team_test.go:108: Go transport GET /v1/admin/stores -> 200
    browser_staff_team_test.go:108: Go transport GET /v1/admin/stores -> 200
    browser_staff_team_test.go:108: Go transport GET /v1/admin/stores -> 200
    browser_staff_team_test.go:108: Go transport GET /v1/admin/stores/6fa95e8b-bfd8-4d17-b444-e3e61fd0610a/order-actions -> 200
    browser_staff_team_test.go:108: Go transport GET /v1/admin/stores -> 200
    browser_staff_team_test.go:108: Go transport GET /v1/admin/stores/6fa95e8b-bfd8-4d17-b444-e3e61fd0610a/orders -> 200
    browser_staff_team_test.go:108: Go transport GET /v1/admin/stores/6fa95e8b-bfd8-4d17-b444-e3e61fd0610a/billing/standing -> 200
    browser_staff_team_test.go:108: Go transport GET /v1/admin/stores -> 200
    browser_staff_team_test.go:108: Go transport GET /v1/admin/stores/6fa95e8b-bfd8-4d17-b444-e3e61fd0610a/orders -> 200
    browser_staff_team_test.go:108: Go transport POST /v1/identity/staff/remove -> 204
    browser_staff_team_test.go:108: Go transport POST /v1/identity/staff/list -> 200
    browser_staff_team_test.go:108: Go transport GET /v1/admin/stores -> 200
    browser_staff_team_test.go:108: Go transport GET /v1/admin/stores -> 200
    browser_staff_team_test.go:108: Go transport GET /v1/admin/stores -> 200
    browser_staff_team_test.go:108: Go transport GET /v1/admin/stores -> 200
    browser_staff_team_test.go:108: Go transport GET /v1/admin/stores -> 200
    browser_staff_team_test.go:108: Go transport POST /v1/identity/staff/accept -> 404
    browser_staff_team_test.go:108: Go transport GET /v1/admin/stores -> 200
    browser_staff_team_test.go:108: Go transport POST /v1/identity/password/signup -> 202
    browser_staff_team_test.go:108: Go transport POST /v1/identity/password/complete -> 200
    browser_staff_team_test.go:108: Go transport GET /v1/admin/stores -> 200
    browser_staff_team_test.go:108: Go transport GET /v1/admin/stores -> 200
    browser_staff_team_test.go:108: Go transport POST /v1/identity/initial-store -> 200
    browser_staff_team_test.go:108: Go transport GET /v1/admin/stores -> 200
    browser_staff_team_test.go:108: Go transport GET /v1/admin/stores -> 200
    browser_staff_team_test.go:108: Go transport POST /v1/identity/staff/list -> 200
    browser_staff_team_test.go:108: Go transport GET /v1/admin/stores -> 200
    browser_staff_team_test.go:108: Go transport GET /v1/admin/stores/29c62e34-7a7c-4a20-9ad2-6658f832a459/billing/standing -> 200
    browser_staff_team_test.go:108: Go transport POST /v1/identity/staff/invite -> 201
    browser_staff_team_test.go:108: Go transport POST /v1/identity/staff/list -> 200
    browser_staff_team_test.go:108: Go transport POST /v1/identity/password/signup -> 202
    browser_staff_team_test.go:108: Go transport POST /v1/identity/password/complete -> 200
    browser_staff_team_test.go:108: Go transport GET /v1/admin/stores -> 200
    browser_staff_team_test.go:108: Go transport POST /v1/identity/staff/accept -> 200
    browser_staff_team_test.go:108: Go transport GET /v1/admin/stores -> 200
    browser_staff_team_test.go:108: Go transport GET /v1/admin/stores -> 200
    browser_staff_team_test.go:108: Go transport GET /v1/admin/stores -> 200
    browser_staff_team_test.go:108: Go transport GET /v1/admin/stores -> 200
    browser_staff_team_test.go:108: Go transport GET /v1/admin/stores/29c62e34-7a7c-4a20-9ad2-6658f832a459/order-actions -> 200
    browser_staff_team_test.go:108: Go transport GET /v1/admin/stores/29c62e34-7a7c-4a20-9ad2-6658f832a459/orders -> 200
    browser_staff_team_test.go:108: Go transport GET /v1/admin/stores -> 200
    browser_staff_team_test.go:108: Go transport GET /v1/admin/stores/29c62e34-7a7c-4a20-9ad2-6658f832a459/billing/standing -> 200
    browser_staff_team_test.go:108: Go transport GET /v1/admin/stores -> 200
    browser_staff_team_test.go:108: Go transport GET /v1/admin/stores -> 200
    browser_staff_team_test.go:108: Go transport GET /v1/admin/stores/29c62e34-7a7c-4a20-9ad2-6658f832a459/order-actions -> 200
    browser_staff_team_test.go:108: Go transport GET /v1/admin/stores -> 200
    browser_staff_team_test.go:108: Go transport GET /v1/admin/stores/29c62e34-7a7c-4a20-9ad2-6658f832a459/orders -> 200
    browser_staff_team_test.go:108: Go transport GET /v1/admin/stores -> 200
    browser_staff_team_test.go:108: Go transport GET /v1/admin/stores/29c62e34-7a7c-4a20-9ad2-6658f832a459/billing -> 403
    browser_staff_team_test.go:108: Go transport POST /v1/identity/staff/list -> 200
    browser_staff_team_test.go:108: Go transport POST /v1/identity/staff/invite -> 403
    browser_staff_team_test.go:108: Go transport POST /v1/identity/staff/set-role -> 403
    browser_staff_team_test.go:108: Go transport POST /v1/identity/staff/remove -> 403
    browser_staff_team_test.go:108: Go transport POST /v1/identity/staff/revoke-invite -> 403
    browser_staff_team_test.go:108: Go transport GET /v1/admin/stores -> 200
    browser_staff_team_test.go:108: Go transport GET /v1/admin/stores -> 200
    browser_staff_team_test.go:108: Go transport POST /v1/identity/staff/list -> 200
    browser_staff_team_test.go:108: Go transport GET /v1/admin/stores -> 200
    browser_staff_team_test.go:108: Go transport GET /v1/admin/stores -> 200
    browser_staff_team_test.go:108: Go transport GET /v1/admin/stores -> 200
    browser_staff_team_test.go:108: Go transport GET /v1/admin/stores/29c62e34-7a7c-4a20-9ad2-6658f832a459/billing -> 403
    browser_staff_team_test.go:108: Go transport GET /v1/admin/stores -> 200
    browser_staff_team_test.go:108: Go transport GET /v1/admin/stores -> 200
    browser_staff_team_test.go:108: Go transport POST /v1/identity/staff/list -> 200
    browser_staff_team_test.go:108: Go transport POST /v1/identity/staff/list -> 200
    browser_staff_team_test.go:108: Go transport GET /v1/admin/stores -> 200
    browser_staff_team_test.go:108: Go transport GET /v1/admin/stores/29c62e34-7a7c-4a20-9ad2-6658f832a459/billing/standing -> 200
    browser_staff_team_test.go:108: Go transport POST /v1/identity/staff/set-role -> 204
    browser_staff_team_test.go:108: Go transport POST /v1/identity/staff/list -> 200
    browser_staff_team_test.go:108: Go transport GET /v1/admin/stores -> 200
    browser_staff_team_test.go:108: Go transport GET /v1/admin/stores/29c62e34-7a7c-4a20-9ad2-6658f832a459/order-actions -> 200
    browser_staff_team_test.go:108: Go transport GET /v1/admin/stores -> 200
    browser_staff_team_test.go:108: Go transport GET /v1/admin/stores -> 200
    browser_staff_team_test.go:108: Go transport GET /v1/admin/stores -> 200
    browser_staff_team_test.go:108: Go transport GET /v1/admin/stores -> 200
    browser_staff_team_test.go:108: Go transport GET /v1/admin/stores -> 200
    browser_staff_team_test.go:108: Go transport GET /v1/admin/stores/29c62e34-7a7c-4a20-9ad2-6658f832a459/order-actions -> 200
    browser_staff_team_test.go:108: Go transport GET /v1/admin/stores/29c62e34-7a7c-4a20-9ad2-6658f832a459/billing/standing -> 200
    browser_staff_team_test.go:108: Go transport GET /v1/admin/stores/29c62e34-7a7c-4a20-9ad2-6658f832a459/orders -> 200
    browser_staff_team_test.go:108: Go transport GET /v1/admin/stores -> 200
    browser_staff_team_test.go:108: Go transport GET /v1/admin/stores/29c62e34-7a7c-4a20-9ad2-6658f832a459/orders -> 200
    browser_staff_team_test.go:108: Go transport POST /v1/identity/staff/remove -> 204
    browser_staff_team_test.go:108: Go transport POST /v1/identity/staff/list -> 200
    browser_staff_team_test.go:108: Go transport GET /v1/admin/stores -> 200
    browser_staff_team_test.go:108: Go transport GET /v1/admin/stores -> 200
    browser_staff_team_test.go:108: Go transport GET /v1/admin/stores -> 200
    browser_staff_team_test.go:108: Go transport GET /v1/admin/stores -> 200
    browser_staff_team_test.go:108: Go transport GET /v1/admin/stores -> 200
    browser_staff_team_test.go:108: Go transport POST /v1/identity/staff/accept -> 404
    browser_staff_team_test.go:108: Go transport GET /v1/admin/stores -> 200
    browser_staff_team_test.go:108: Go transport POST /v1/identity/password/signup -> 202
    browser_staff_team_test.go:108: Go transport POST /v1/identity/password/complete -> 200
    browser_staff_team_test.go:108: Go transport GET /v1/admin/stores -> 200
    browser_staff_team_test.go:108: Go transport GET /v1/admin/stores -> 200
    browser_staff_team_test.go:108: Go transport POST /v1/identity/initial-store -> 200
    browser_staff_team_test.go:108: Go transport POST /v1/identity/staff/invite -> 201
    browser_staff_team_test.go:108: Go transport POST /v1/identity/password/signup -> 202
    browser_staff_team_test.go:108: Go transport POST /v1/identity/password/complete -> 200
    browser_staff_team_test.go:108: Go transport GET /v1/admin/stores -> 200
    browser_staff_team_test.go:108: Go transport GET /v1/admin/stores -> 200
    browser_staff_team_test.go:108: Go transport POST /v1/identity/staff/accept -> 200
    browser_staff_team_test.go:108: Go transport GET /v1/admin/stores -> 200
    browser_staff_team_test.go:108: Go transport GET /v1/admin/stores -> 200
    browser_staff_team_test.go:108: Go transport GET /v1/admin/stores -> 200
    browser_staff_team_test.go:108: Go transport GET /v1/admin/stores -> 200
    browser_staff_team_test.go:108: Go transport GET /v1/admin/stores/69f4bc4e-dd6c-4fff-9666-df73d1c8f40b/order-actions -> 200
    browser_staff_team_test.go:108: Go transport GET /v1/admin/stores/69f4bc4e-dd6c-4fff-9666-df73d1c8f40b/orders -> 200
    browser_staff_team_test.go:108: Go transport GET /v1/admin/stores -> 200
    browser_staff_team_test.go:108: Go transport GET /v1/admin/stores/69f4bc4e-dd6c-4fff-9666-df73d1c8f40b/billing/standing -> 200
    browser_staff_team_test.go:296: PASS: browser -> Next -> Go staff routes -> real PG, invitation mails over the real SMTP adapter; 43 canaries (6 invitation tokens) not found in any log or API URL; evidence=/Volumes/data/live_commerce_architecture_v1/.worktrees/store-number/output/store-number/browser-evidence/staff-team-20261003T124130.422893000
--- PASS: TestBrowserStaffTeam (13.81s)
PASS
ok  	livecommerce/tests/foundation	94.898s
PASS: isolated Next + Go + PG + loopback SMTP fake password-auth browser chain (PA11) and staff-team invite/accept/role/revoke chain (zh-TW + en, desktop + 390px); no real mailbox, no owner secret.
scripts/dev/test-local.sh: line 808: unexpected EOF while looking for matching `''
