
> live-commerce-workspace@ build:admin /Volumes/data/live_commerce_architecture_v1/.worktrees/store-number
> pnpm --filter @live-commerce/admin build


> @live-commerce/admin@ build /Volumes/data/live_commerce_architecture_v1/.worktrees/store-number/apps/admin
> next build && node ../../scripts/dev/package-admin.mjs

▲ Next.js 16.3.5 (Turbopack)
✓ Running next.config.ts took 32ms

  Creating an optimized production build ...
✓ Compiled successfully in 1069ms
  Running TypeScript ...
  Finished TypeScript in 307ms ...
  Collecting page data using 9 workers ...
  Generating static pages using 9 workers (0/15) ...
  Generating static pages using 9 workers (3/15) 
  Generating static pages using 9 workers (7/15) 
  Generating static pages using 9 workers (11/15) 
✓ Generating static pages using 9 workers (15/15) in 60ms
  Finalizing page optimization ...

Route (app)
┌ ○ /_not-found
├ ƒ /[locale]
├ ƒ /[locale]/ads
├ ƒ /[locale]/billing
├ ƒ /[locale]/collections
├ ƒ /[locale]/customers
├ ƒ /[locale]/customers/[customer]
├ ƒ /[locale]/design
├ ƒ /[locale]/finance
├ ƒ /[locale]/inventory
├ ƒ /[locale]/invite/[token]
├ ƒ /[locale]/orders
├ ƒ /[locale]/orders/cvs-print
├ ƒ /[locale]/orders/new
├ ƒ /[locale]/products
├ ƒ /[locale]/products/[product]
├ ƒ /[locale]/products/import
├ ƒ /[locale]/promotions
├ ƒ /[locale]/reset
├ ƒ /[locale]/settings
├ ƒ /[locale]/signup
├ ƒ /[locale]/studio
├ ƒ /[locale]/studio/claims
├ ƒ /[locale]/team
├ ƒ /api/ads/meta/callback
├ ƒ /api/ads/meta/connect
├ ƒ /api/auth/callback
├ ƒ /api/auth/login
├ ƒ /api/auth/logout
├ ƒ /api/auth/password/login
├ ƒ /api/auth/password/reset
├ ƒ /api/auth/password/signup
├ ƒ /api/auth/password/verify
├ ƒ /api/meta/callback
├ ƒ /api/meta/connect
├ ƒ /api/onboarding/initial-store
├ ƒ /api/stores
├ ƒ /api/stores/[store]/[...resource]
├ ƒ /api/stores/[store]/tools/[...resource]
└ ƒ /api/team/[action]


ƒ Proxy (Middleware)

○  (Static)   prerendered as static content
ƒ  (Dynamic)  server-rendered on demand

Packaged standalone admin server and static assets.
✔ PA10 client IP: missing => 503, multiple or invalid => 400, exactly one literal accepted (2.067208ms)
✔ PA10 strict step-1 keys per purpose (§7.1) (0.253209ms)
✔ PA10 strict verify keys per purpose; the purpose is an argument, never the body (0.521417ms)
✔ PA10 challenge cookie: name, value, flags, Max-Age <= 600 (0.869333ms)
✔ PA10 challenge cookie parsing: exactly one well-formed cookie (0.2085ms)
✔ PA10 the challenge cookie is cleared on 200 and 409 only; every 401 keeps it (0.105209ms)
✔ PA10 readAuthConfig: valid without OIDC when the password flag is on, invalid without it (0.378666ms)
✔ PA10 Origin rule: exactly the configured public origin, nothing else (§7.2) (0.957458ms)
✔ PA10 the BFF call forwards the key and the client IP once and never retries (719.535584ms)
✔ PA10 session and CSRF cookies come from the existing helper with the existing flags (3.280917ms)
✔ PA10 upstream diagnostics never reach the browser: safeError rebuilds the body from an allow-listed code (8.697125ms)
ℹ tests 11
ℹ suites 0
ℹ pass 11
ℹ fail 0
ℹ cancelled 0
ℹ skipped 0
ℹ todo 0
ℹ duration_ms 3425.1355
=== RUN   TestBrowserPasswordAuth
    browser_password_auth_test.go:103: Go transport POST /v1/identity/password/signup -> 202
    browser_password_auth_test.go:103: Go transport POST /v1/identity/password/complete -> 401
    browser_password_auth_test.go:103: Go transport POST /v1/identity/password/complete -> 200
    browser_password_auth_test.go:103: Go transport GET /v1/admin/stores -> 200
    browser_password_auth_test.go:103: Go transport GET /v1/admin/stores -> 200
    browser_password_auth_test.go:103: Go transport POST /v1/identity/initial-store -> 200
    browser_password_auth_test.go:103: Go transport GET /v1/admin/stores -> 200
    browser_password_auth_test.go:103: Go transport GET /v1/admin/stores -> 200
    browser_password_auth_test.go:103: Go transport GET /v1/admin/stores -> 200
    browser_password_auth_test.go:103: Go transport GET /v1/admin/stores -> 200
    browser_password_auth_test.go:103: Go transport GET /v1/admin/stores -> 200
    browser_password_auth_test.go:103: Go transport GET /v1/admin/stores/2495093f-70af-4a96-9e03-0cdda34e9a4c/dashboard -> 200
    browser_password_auth_test.go:103: Go transport POST /v1/identity/logout -> 204
    browser_password_auth_test.go:103: Go transport GET /v1/admin/stores/2495093f-70af-4a96-9e03-0cdda34e9a4c/billing/standing -> 401
    browser_password_auth_test.go:103: Go transport POST /v1/identity/password/login -> 401
    browser_password_auth_test.go:103: Go transport POST /v1/identity/password/login -> 401
    browser_password_auth_test.go:103: Go transport POST /v1/identity/password/login -> 202
    browser_password_auth_test.go:103: Go transport POST /v1/identity/password/complete -> 200
    browser_password_auth_test.go:103: Go transport GET /v1/admin/stores -> 200
    browser_password_auth_test.go:103: Go transport GET /v1/admin/stores -> 200
    browser_password_auth_test.go:103: Go transport GET /v1/admin/stores -> 200
    browser_password_auth_test.go:103: Go transport GET /v1/admin/stores -> 200
    browser_password_auth_test.go:103: Go transport GET /v1/admin/stores -> 200
    browser_password_auth_test.go:103: Go transport GET /v1/admin/stores -> 200
    browser_password_auth_test.go:103: Go transport GET /v1/admin/stores/2495093f-70af-4a96-9e03-0cdda34e9a4c/billing/standing -> 200
    browser_password_auth_test.go:103: Go transport GET /v1/admin/stores/2495093f-70af-4a96-9e03-0cdda34e9a4c/dashboard -> 200
    browser_password_auth_test.go:103: Go transport POST /v1/identity/password/reset -> 202
    browser_password_auth_test.go:103: Go transport POST /v1/identity/password/complete -> 200
    browser_password_auth_test.go:103: Go transport GET /v1/admin/stores -> 200
    browser_password_auth_test.go:103: Go transport GET /v1/admin/stores -> 200
    browser_password_auth_test.go:103: Go transport GET /v1/admin/stores -> 200
    browser_password_auth_test.go:103: Go transport GET /v1/admin/stores -> 200
    browser_password_auth_test.go:103: Go transport GET /v1/admin/stores -> 200
    browser_password_auth_test.go:103: Go transport GET /v1/admin/stores -> 401
    browser_password_auth_test.go:103: Go transport GET /v1/admin/stores/2495093f-70af-4a96-9e03-0cdda34e9a4c/dashboard -> 200
    browser_password_auth_test.go:103: Go transport GET /v1/admin/stores -> 200
    browser_password_auth_test.go:103: Go transport GET /v1/admin/stores/2495093f-70af-4a96-9e03-0cdda34e9a4c/billing/standing -> 200
    browser_password_auth_test.go:103: Go transport GET /v1/admin/stores -> 401
    browser_password_auth_test.go:103: Go transport GET /v1/admin/stores -> 401
    browser_password_auth_test.go:103: Go transport GET /v1/admin/stores -> 200
    browser_password_auth_test.go:103: Go transport POST /v1/identity/password/login -> 401
    browser_password_auth_test.go:103: Go transport POST /v1/identity/password/login -> 429
    browser_password_auth_test.go:103: Go transport POST /v1/identity/password/signup -> 202
    browser_password_auth_test.go:103: Go transport POST /v1/identity/password/signup -> 202
    browser_password_auth_test.go:103: Go transport POST /v1/identity/password/complete -> 401
    browser_password_auth_test.go:103: Go transport POST /v1/identity/password/complete -> 200
    browser_password_auth_test.go:103: Go transport POST /v1/identity/password/login -> 202
    browser_password_auth_test.go:103: Go transport POST /v1/identity/password/complete -> 401
    browser_password_auth_test.go:103: Go transport GET /v1/admin/stores -> 200
    browser_password_auth_test.go:103: Go transport POST /v1/identity/password/signup -> 202
    browser_password_auth_test.go:103: Go transport POST /v1/identity/password/signup -> 202
    browser_password_auth_test.go:103: Go transport POST /v1/identity/password/complete -> 200
    browser_password_auth_test.go:103: Go transport POST /v1/identity/password/complete -> 409
    browser_password_auth_test.go:103: Go transport POST /v1/identity/password/login -> 401
    browser_password_auth_test.go:103: Go transport POST /v1/identity/password/login -> 401
    browser_password_auth_test.go:103: Go transport POST /v1/identity/password/login -> 401
    browser_password_auth_test.go:103: Go transport POST /v1/identity/password/login -> 401
    browser_password_auth_test.go:103: Go transport POST /v1/identity/password/login -> 401
    browser_password_auth_test.go:103: Go transport POST /v1/identity/password/login -> 401
    browser_password_auth_test.go:103: Go transport POST /v1/identity/password/login -> 401
    browser_password_auth_test.go:103: Go transport POST /v1/identity/password/login -> 401
    browser_password_auth_test.go:103: Go transport POST /v1/identity/password/login -> 401
    browser_password_auth_test.go:103: Go transport POST /v1/identity/password/login -> 401
    browser_password_auth_test.go:103: Go transport POST /v1/identity/password/login -> 401
    browser_password_auth_test.go:103: Go transport POST /v1/identity/password/login -> 429
    browser_password_auth_test.go:103: Go transport POST /v1/identity/password/login -> 429
    browser_password_auth_test.go:103: Go transport POST /v1/identity/password/signup -> 202
    browser_password_auth_test.go:103: Go transport POST /v1/identity/password/signup -> 202
    browser_password_auth_test.go:103: Go transport POST /v1/identity/password/complete -> 401
    browser_password_auth_test.go:103: Go transport POST /v1/identity/password/complete -> 200
    browser_password_auth_test.go:103: Go transport GET /v1/admin/stores -> 200
    browser_password_auth_test.go:103: Go transport POST /v1/identity/password/signup -> 202
    browser_password_auth_test.go:103: Go transport POST /v1/identity/password/complete -> 401
    browser_password_auth_test.go:103: Go transport POST /v1/identity/password/signup -> 202
    browser_password_auth_test.go:103: Go transport POST /v1/identity/password/complete -> 401
    browser_password_auth_test.go:103: Go transport POST /v1/identity/password/signup -> 202
    browser_password_auth_test.go:103: Go transport POST /v1/identity/password/complete -> 401
    browser_password_auth_test.go:103: Go transport POST /v1/identity/password/signup -> 202
    browser_password_auth_test.go:103: Go transport POST /v1/identity/password/complete -> 401
    browser_password_auth_test.go:103: Go transport POST /v1/identity/password/signup -> 202
    browser_password_auth_test.go:103: Go transport POST /v1/identity/password/complete -> 401
    browser_password_auth_test.go:103: Go transport POST /v1/identity/password/signup -> 202
    browser_password_auth_test.go:103: Go transport POST /v1/identity/password/complete -> 401
    browser_password_auth_test.go:103: Go transport POST /v1/identity/password/signup -> 202
    browser_password_auth_test.go:103: Go transport POST /v1/identity/password/reset -> 202
    browser_password_auth_test.go:103: Go transport POST /v1/identity/password/reset -> 202
    browser_password_auth_test.go:254: PASS: browser -> Next -> Go -> real PG, real SMTP adapter against loopback fake; 61 canaries not found in any log; evidence=/Volumes/data/live_commerce_architecture_v1/.worktrees/store-number/output/playwright/password-auth-20261003T135834.057040000
--- PASS: TestBrowserPasswordAuth (77.89s)
=== RUN   TestBrowserStaffTeam
    browser_staff_team_test.go:108: Go transport POST /v1/identity/password/signup -> 202
    browser_staff_team_test.go:108: Go transport POST /v1/identity/password/complete -> 200
    browser_staff_team_test.go:108: Go transport GET /v1/admin/stores -> 200
    browser_staff_team_test.go:108: Go transport GET /v1/admin/stores -> 200
    browser_staff_team_test.go:108: Go transport POST /v1/identity/initial-store -> 200
    browser_staff_team_test.go:108: Go transport GET /v1/admin/stores -> 200
    browser_staff_team_test.go:108: Go transport GET /v1/admin/stores -> 200
    browser_staff_team_test.go:108: Go transport POST /v1/identity/staff/list -> 200
    browser_staff_team_test.go:108: Go transport GET /v1/admin/stores -> 200
    browser_staff_team_test.go:108: Go transport GET /v1/admin/stores/165213f8-5416-4332-8114-586658b545ad/billing/standing -> 200
    browser_staff_team_test.go:108: Go transport POST /v1/identity/staff/invite -> 201
    browser_staff_team_test.go:108: Go transport POST /v1/identity/staff/list -> 200
    browser_staff_team_test.go:108: Go transport POST /v1/identity/password/signup -> 202
    browser_staff_team_test.go:108: Go transport POST /v1/identity/password/complete -> 200
    browser_staff_team_test.go:108: Go transport GET /v1/admin/stores -> 200
    browser_staff_team_test.go:108: Go transport GET /v1/admin/stores -> 200
    browser_staff_team_test.go:108: Go transport POST /v1/identity/staff/accept -> 404
    browser_staff_team_test.go:108: Go transport GET /v1/admin/stores -> 200
    browser_staff_team_test.go:108: Go transport POST /v1/identity/staff/accept -> 404
    browser_staff_team_test.go:108: Go transport GET /v1/admin/stores -> 200
    browser_staff_team_test.go:108: Go transport POST /v1/identity/password/signup -> 202
    browser_staff_team_test.go:108: Go transport POST /v1/identity/password/complete -> 200
    browser_staff_team_test.go:108: Go transport GET /v1/admin/stores -> 200
    browser_staff_team_test.go:108: Go transport POST /v1/identity/staff/accept -> 200
    browser_staff_team_test.go:108: Go transport GET /v1/admin/stores -> 200
    browser_staff_team_test.go:108: Go transport GET /v1/admin/stores -> 200
    browser_staff_team_test.go:108: Go transport GET /v1/admin/stores -> 200
    browser_staff_team_test.go:108: Go transport GET /v1/admin/stores -> 200
    browser_staff_team_test.go:108: Go transport GET /v1/admin/stores/165213f8-5416-4332-8114-586658b545ad/order-actions -> 200
    browser_staff_team_test.go:108: Go transport GET /v1/admin/stores -> 200
    browser_staff_team_test.go:108: Go transport GET /v1/admin/stores/165213f8-5416-4332-8114-586658b545ad/billing/standing -> 200
    browser_staff_team_test.go:108: Go transport GET /v1/admin/stores/165213f8-5416-4332-8114-586658b545ad/orders -> 200
    browser_staff_team_test.go:108: Go transport GET /v1/admin/stores -> 200
    browser_staff_team_test.go:108: Go transport GET /v1/admin/stores -> 200
    browser_staff_team_test.go:108: Go transport GET /v1/admin/stores -> 200
    browser_staff_team_test.go:108: Go transport GET /v1/admin/stores -> 200
    browser_staff_team_test.go:108: Go transport GET /v1/admin/stores -> 200
    browser_staff_team_test.go:108: Go transport GET /v1/admin/stores/165213f8-5416-4332-8114-586658b545ad/billing/standing -> 200
    browser_staff_team_test.go:108: Go transport GET /v1/admin/stores/165213f8-5416-4332-8114-586658b545ad/dashboard -> 200
    browser_staff_team_test.go:108: Go transport GET /v1/admin/stores -> 200
    browser_staff_team_test.go:108: Go transport GET /v1/admin/stores -> 200
    browser_staff_team_test.go:108: Go transport GET /v1/admin/stores -> 200
    browser_staff_team_test.go:108: Go transport GET /v1/admin/stores -> 200
    browser_staff_team_test.go:108: Go transport GET /v1/admin/stores -> 200
    browser_staff_team_test.go:108: Go transport GET /v1/admin/stores/165213f8-5416-4332-8114-586658b545ad/order-actions -> 200
    browser_staff_team_test.go:108: Go transport GET /v1/admin/stores/165213f8-5416-4332-8114-586658b545ad/billing/standing -> 200
    browser_staff_team_test.go:108: Go transport GET /v1/admin/stores/165213f8-5416-4332-8114-586658b545ad/orders -> 200
    browser_staff_team_test.go:108: Go transport GET /v1/admin/stores -> 200
    browser_staff_team_test.go:108: Go transport GET /v1/admin/stores -> 200
    browser_staff_team_test.go:108: Go transport GET /v1/admin/stores/165213f8-5416-4332-8114-586658b545ad/order-actions -> 200
    browser_staff_team_test.go:108: Go transport GET /v1/admin/stores -> 200
    browser_staff_team_test.go:108: Go transport GET /v1/admin/stores/165213f8-5416-4332-8114-586658b545ad/orders -> 200
    browser_staff_team_test.go:108: Go transport GET /v1/admin/stores -> 200
    browser_staff_team_test.go:108: Go transport GET /v1/admin/stores/165213f8-5416-4332-8114-586658b545ad/billing -> 403
    browser_staff_team_test.go:108: Go transport POST /v1/identity/staff/list -> 200
    browser_staff_team_test.go:108: Go transport POST /v1/identity/staff/invite -> 403
    browser_staff_team_test.go:108: Go transport POST /v1/identity/staff/set-role -> 403
    browser_staff_team_test.go:108: Go transport POST /v1/identity/staff/remove -> 403
    browser_staff_team_test.go:108: Go transport POST /v1/identity/staff/revoke-invite -> 403
    browser_staff_team_test.go:108: Go transport GET /v1/admin/stores -> 200
    browser_staff_team_test.go:108: Go transport GET /v1/admin/stores -> 200
    browser_staff_team_test.go:108: Go transport POST /v1/identity/staff/list -> 200
    browser_staff_team_test.go:108: Go transport GET /v1/admin/stores -> 200
    browser_staff_team_test.go:108: Go transport GET /v1/admin/stores -> 200
    browser_staff_team_test.go:108: Go transport GET /v1/admin/stores -> 200
    browser_staff_team_test.go:108: Go transport GET /v1/admin/stores/165213f8-5416-4332-8114-586658b545ad/billing -> 403
    browser_staff_team_test.go:108: Go transport GET /v1/admin/stores -> 200
    browser_staff_team_test.go:108: Go transport GET /v1/admin/stores -> 200
    browser_staff_team_test.go:108: Go transport POST /v1/identity/staff/list -> 200
    browser_staff_team_test.go:108: Go transport GET /v1/admin/stores -> 200
    browser_staff_team_test.go:108: Go transport POST /v1/identity/staff/list -> 200
    browser_staff_team_test.go:108: Go transport GET /v1/admin/stores/165213f8-5416-4332-8114-586658b545ad/billing/standing -> 200
    browser_staff_team_test.go:108: Go transport POST /v1/identity/staff/set-role -> 204
    browser_staff_team_test.go:108: Go transport POST /v1/identity/staff/list -> 200
    browser_staff_team_test.go:108: Go transport GET /v1/admin/stores -> 200
    browser_staff_team_test.go:108: Go transport GET /v1/admin/stores/165213f8-5416-4332-8114-586658b545ad/order-actions -> 200
    browser_staff_team_test.go:108: Go transport GET /v1/admin/stores -> 200
    browser_staff_team_test.go:108: Go transport GET /v1/admin/stores -> 200
    browser_staff_team_test.go:108: Go transport GET /v1/admin/stores -> 200
    browser_staff_team_test.go:108: Go transport GET /v1/admin/stores -> 200
    browser_staff_team_test.go:108: Go transport GET /v1/admin/stores/165213f8-5416-4332-8114-586658b545ad/order-actions -> 200
    browser_staff_team_test.go:108: Go transport GET /v1/admin/stores -> 200
    browser_staff_team_test.go:108: Go transport GET /v1/admin/stores/165213f8-5416-4332-8114-586658b545ad/orders -> 200
    browser_staff_team_test.go:108: Go transport GET /v1/admin/stores/165213f8-5416-4332-8114-586658b545ad/billing/standing -> 200
    browser_staff_team_test.go:108: Go transport GET /v1/admin/stores -> 200
    browser_staff_team_test.go:108: Go transport GET /v1/admin/stores/165213f8-5416-4332-8114-586658b545ad/orders -> 200
    browser_staff_team_test.go:108: Go transport POST /v1/identity/staff/remove -> 204
    browser_staff_team_test.go:108: Go transport POST /v1/identity/staff/list -> 200
    browser_staff_team_test.go:108: Go transport GET /v1/admin/stores -> 200
    browser_staff_team_test.go:108: Go transport GET /v1/admin/stores -> 200
    browser_staff_team_test.go:108: Go transport GET /v1/admin/stores -> 200
    browser_staff_team_test.go:108: Go transport GET /v1/admin/stores -> 200
    browser_staff_team_test.go:108: Go transport GET /v1/admin/stores -> 200
    browser_staff_team_test.go:108: Go transport POST /v1/identity/staff/accept -> 404
    browser_staff_team_test.go:108: Go transport GET /v1/admin/stores -> 200
    browser_staff_team_test.go:108: Go transport POST /v1/identity/password/signup -> 202
    browser_staff_team_test.go:108: Go transport POST /v1/identity/password/complete -> 200
    browser_staff_team_test.go:108: Go transport GET /v1/admin/stores -> 200
    browser_staff_team_test.go:108: Go transport GET /v1/admin/stores -> 200
    browser_staff_team_test.go:108: Go transport POST /v1/identity/initial-store -> 200
    browser_staff_team_test.go:108: Go transport GET /v1/admin/stores -> 200
    browser_staff_team_test.go:108: Go transport GET /v1/admin/stores -> 200
    browser_staff_team_test.go:108: Go transport POST /v1/identity/staff/list -> 200
    browser_staff_team_test.go:108: Go transport GET /v1/admin/stores -> 200
    browser_staff_team_test.go:108: Go transport GET /v1/admin/stores/30239f9b-d517-495e-920f-0e94ca0e32e9/billing/standing -> 200
    browser_staff_team_test.go:108: Go transport POST /v1/identity/staff/invite -> 201
    browser_staff_team_test.go:108: Go transport POST /v1/identity/staff/list -> 200
    browser_staff_team_test.go:108: Go transport POST /v1/identity/password/signup -> 202
    browser_staff_team_test.go:108: Go transport POST /v1/identity/password/complete -> 200
    browser_staff_team_test.go:108: Go transport GET /v1/admin/stores -> 200
    browser_staff_team_test.go:108: Go transport POST /v1/identity/staff/accept -> 200
    browser_staff_team_test.go:108: Go transport GET /v1/admin/stores -> 200
    browser_staff_team_test.go:108: Go transport GET /v1/admin/stores -> 200
    browser_staff_team_test.go:108: Go transport GET /v1/admin/stores -> 200
    browser_staff_team_test.go:108: Go transport GET /v1/admin/stores -> 200
    browser_staff_team_test.go:108: Go transport GET /v1/admin/stores/30239f9b-d517-495e-920f-0e94ca0e32e9/order-actions -> 200
    browser_staff_team_test.go:108: Go transport GET /v1/admin/stores -> 200
    browser_staff_team_test.go:108: Go transport GET /v1/admin/stores/30239f9b-d517-495e-920f-0e94ca0e32e9/orders -> 200
    browser_staff_team_test.go:108: Go transport GET /v1/admin/stores/30239f9b-d517-495e-920f-0e94ca0e32e9/billing/standing -> 200
    browser_staff_team_test.go:108: Go transport GET /v1/admin/stores -> 200
    browser_staff_team_test.go:108: Go transport GET /v1/admin/stores -> 200
    browser_staff_team_test.go:108: Go transport GET /v1/admin/stores/30239f9b-d517-495e-920f-0e94ca0e32e9/order-actions -> 200
    browser_staff_team_test.go:108: Go transport GET /v1/admin/stores -> 200
    browser_staff_team_test.go:108: Go transport GET /v1/admin/stores/30239f9b-d517-495e-920f-0e94ca0e32e9/orders -> 200
    browser_staff_team_test.go:108: Go transport GET /v1/admin/stores -> 200
    browser_staff_team_test.go:108: Go transport GET /v1/admin/stores/30239f9b-d517-495e-920f-0e94ca0e32e9/billing -> 403
    browser_staff_team_test.go:108: Go transport POST /v1/identity/staff/list -> 200
    browser_staff_team_test.go:108: Go transport POST /v1/identity/staff/invite -> 403
    browser_staff_team_test.go:108: Go transport POST /v1/identity/staff/set-role -> 403
    browser_staff_team_test.go:108: Go transport POST /v1/identity/staff/remove -> 403
    browser_staff_team_test.go:108: Go transport POST /v1/identity/staff/revoke-invite -> 403
    browser_staff_team_test.go:108: Go transport GET /v1/admin/stores -> 200
    browser_staff_team_test.go:108: Go transport GET /v1/admin/stores -> 200
    browser_staff_team_test.go:108: Go transport POST /v1/identity/staff/list -> 200
    browser_staff_team_test.go:108: Go transport GET /v1/admin/stores -> 200
    browser_staff_team_test.go:108: Go transport GET /v1/admin/stores -> 200
    browser_staff_team_test.go:108: Go transport GET /v1/admin/stores -> 200
    browser_staff_team_test.go:108: Go transport GET /v1/admin/stores/30239f9b-d517-495e-920f-0e94ca0e32e9/billing -> 403
    browser_staff_team_test.go:108: Go transport GET /v1/admin/stores -> 200
    browser_staff_team_test.go:108: Go transport GET /v1/admin/stores -> 200
    browser_staff_team_test.go:108: Go transport POST /v1/identity/staff/list -> 200
    browser_staff_team_test.go:108: Go transport GET /v1/admin/stores -> 200
    browser_staff_team_test.go:108: Go transport GET /v1/admin/stores/30239f9b-d517-495e-920f-0e94ca0e32e9/billing/standing -> 200
    browser_staff_team_test.go:108: Go transport POST /v1/identity/staff/list -> 200
    browser_staff_team_test.go:108: Go transport POST /v1/identity/staff/set-role -> 204
    browser_staff_team_test.go:108: Go transport POST /v1/identity/staff/list -> 200
    browser_staff_team_test.go:108: Go transport GET /v1/admin/stores -> 200
    browser_staff_team_test.go:108: Go transport GET /v1/admin/stores/30239f9b-d517-495e-920f-0e94ca0e32e9/order-actions -> 200
    browser_staff_team_test.go:108: Go transport GET /v1/admin/stores -> 200
    browser_staff_team_test.go:108: Go transport GET /v1/admin/stores -> 200
    browser_staff_team_test.go:108: Go transport GET /v1/admin/stores -> 200
    browser_staff_team_test.go:108: Go transport GET /v1/admin/stores -> 200
    browser_staff_team_test.go:108: Go transport GET /v1/admin/stores/30239f9b-d517-495e-920f-0e94ca0e32e9/order-actions -> 200
    browser_staff_team_test.go:108: Go transport GET /v1/admin/stores -> 200
    browser_staff_team_test.go:108: Go transport GET /v1/admin/stores/30239f9b-d517-495e-920f-0e94ca0e32e9/billing/standing -> 200
    browser_staff_team_test.go:108: Go transport GET /v1/admin/stores -> 200
    browser_staff_team_test.go:108: Go transport GET /v1/admin/stores/30239f9b-d517-495e-920f-0e94ca0e32e9/orders -> 200
    browser_staff_team_test.go:108: Go transport GET /v1/admin/stores/30239f9b-d517-495e-920f-0e94ca0e32e9/orders -> 200
    browser_staff_team_test.go:108: Go transport POST /v1/identity/staff/remove -> 204
    browser_staff_team_test.go:108: Go transport POST /v1/identity/staff/list -> 200
    browser_staff_team_test.go:108: Go transport GET /v1/admin/stores -> 200
    browser_staff_team_test.go:108: Go transport GET /v1/admin/stores -> 200
    browser_staff_team_test.go:108: Go transport GET /v1/admin/stores -> 200
    browser_staff_team_test.go:108: Go transport GET /v1/admin/stores -> 200
    browser_staff_team_test.go:108: Go transport GET /v1/admin/stores -> 200
    browser_staff_team_test.go:108: Go transport POST /v1/identity/staff/accept -> 404
    browser_staff_team_test.go:108: Go transport GET /v1/admin/stores -> 200
    browser_staff_team_test.go:108: Go transport POST /v1/identity/password/signup -> 202
    browser_staff_team_test.go:108: Go transport POST /v1/identity/password/complete -> 200
    browser_staff_team_test.go:108: Go transport GET /v1/admin/stores -> 200
    browser_staff_team_test.go:108: Go transport GET /v1/admin/stores -> 200
    browser_staff_team_test.go:108: Go transport POST /v1/identity/initial-store -> 200
    browser_staff_team_test.go:108: Go transport GET /v1/admin/stores -> 200
    browser_staff_team_test.go:108: Go transport GET /v1/admin/stores -> 200
    browser_staff_team_test.go:108: Go transport POST /v1/identity/staff/list -> 200
    browser_staff_team_test.go:108: Go transport GET /v1/admin/stores -> 200
    browser_staff_team_test.go:108: Go transport GET /v1/admin/stores/10d94d90-8a6f-43b2-93a8-67ba3850059c/billing/standing -> 200
    browser_staff_team_test.go:108: Go transport POST /v1/identity/staff/invite -> 201
    browser_staff_team_test.go:108: Go transport POST /v1/identity/staff/list -> 200
    browser_staff_team_test.go:108: Go transport POST /v1/identity/password/signup -> 202
    browser_staff_team_test.go:108: Go transport POST /v1/identity/password/complete -> 200
    browser_staff_team_test.go:108: Go transport GET /v1/admin/stores -> 200
    browser_staff_team_test.go:108: Go transport POST /v1/identity/staff/accept -> 200
    browser_staff_team_test.go:108: Go transport GET /v1/admin/stores -> 200
    browser_staff_team_test.go:108: Go transport GET /v1/admin/stores -> 200
    browser_staff_team_test.go:108: Go transport GET /v1/admin/stores -> 200
    browser_staff_team_test.go:108: Go transport GET /v1/admin/stores -> 200
    browser_staff_team_test.go:108: Go transport GET /v1/admin/stores/10d94d90-8a6f-43b2-93a8-67ba3850059c/order-actions -> 200
    browser_staff_team_test.go:108: Go transport GET /v1/admin/stores -> 200
    browser_staff_team_test.go:108: Go transport GET /v1/admin/stores/10d94d90-8a6f-43b2-93a8-67ba3850059c/billing/standing -> 200
    browser_staff_team_test.go:108: Go transport GET /v1/admin/stores/10d94d90-8a6f-43b2-93a8-67ba3850059c/orders -> 200
    browser_staff_team_test.go:108: Go transport GET /v1/admin/stores -> 200
    browser_staff_team_test.go:108: Go transport GET /v1/admin/stores -> 200
    browser_staff_team_test.go:108: Go transport GET /v1/admin/stores -> 200
    browser_staff_team_test.go:108: Go transport GET /v1/admin/stores -> 200
    browser_staff_team_test.go:108: Go transport GET /v1/admin/stores -> 200
    browser_staff_team_test.go:108: Go transport GET /v1/admin/stores/10d94d90-8a6f-43b2-93a8-67ba3850059c/billing/standing -> 200
    browser_staff_team_test.go:108: Go transport GET /v1/admin/stores/10d94d90-8a6f-43b2-93a8-67ba3850059c/dashboard -> 200
    browser_staff_team_test.go:108: Go transport GET /v1/admin/stores -> 200
    browser_staff_team_test.go:108: Go transport GET /v1/admin/stores -> 200
    browser_staff_team_test.go:108: Go transport GET /v1/admin/stores -> 200
    browser_staff_team_test.go:108: Go transport GET /v1/admin/stores -> 200
    browser_staff_team_test.go:108: Go transport GET /v1/admin/stores -> 200
    browser_staff_team_test.go:108: Go transport GET /v1/admin/stores/10d94d90-8a6f-43b2-93a8-67ba3850059c/order-actions -> 200
    browser_staff_team_test.go:108: Go transport GET /v1/admin/stores -> 200
    browser_staff_team_test.go:108: Go transport GET /v1/admin/stores/10d94d90-8a6f-43b2-93a8-67ba3850059c/billing/standing -> 200
    browser_staff_team_test.go:108: Go transport GET /v1/admin/stores/10d94d90-8a6f-43b2-93a8-67ba3850059c/orders -> 200
    browser_staff_team_test.go:108: Go transport GET /v1/admin/stores -> 200
    browser_staff_team_test.go:108: Go transport GET /v1/admin/stores/10d94d90-8a6f-43b2-93a8-67ba3850059c/order-actions -> 200
    browser_staff_team_test.go:108: Go transport GET /v1/admin/stores -> 200
    browser_staff_team_test.go:108: Go transport GET /v1/admin/stores/10d94d90-8a6f-43b2-93a8-67ba3850059c/orders -> 200
    browser_staff_team_test.go:108: Go transport GET /v1/admin/stores -> 200
    browser_staff_team_test.go:108: Go transport GET /v1/admin/stores/10d94d90-8a6f-43b2-93a8-67ba3850059c/billing -> 403
    browser_staff_team_test.go:108: Go transport POST /v1/identity/staff/list -> 200
    browser_staff_team_test.go:108: Go transport POST /v1/identity/staff/invite -> 403
    browser_staff_team_test.go:108: Go transport POST /v1/identity/staff/set-role -> 403
    browser_staff_team_test.go:108: Go transport POST /v1/identity/staff/remove -> 403
    browser_staff_team_test.go:108: Go transport POST /v1/identity/staff/revoke-invite -> 403
    browser_staff_team_test.go:108: Go transport GET /v1/admin/stores -> 200
    browser_staff_team_test.go:108: Go transport GET /v1/admin/stores -> 200
    browser_staff_team_test.go:108: Go transport POST /v1/identity/staff/list -> 200
    browser_staff_team_test.go:108: Go transport GET /v1/admin/stores -> 200
    browser_staff_team_test.go:108: Go transport GET /v1/admin/stores -> 200
    browser_staff_team_test.go:108: Go transport GET /v1/admin/stores -> 200
    browser_staff_team_test.go:108: Go transport GET /v1/admin/stores/10d94d90-8a6f-43b2-93a8-67ba3850059c/billing -> 403
    browser_staff_team_test.go:108: Go transport GET /v1/admin/stores -> 200
    browser_staff_team_test.go:108: Go transport GET /v1/admin/stores -> 200
    browser_staff_team_test.go:108: Go transport POST /v1/identity/staff/list -> 200
    browser_staff_team_test.go:108: Go transport POST /v1/identity/staff/list -> 200
    browser_staff_team_test.go:108: Go transport GET /v1/admin/stores -> 200
    browser_staff_team_test.go:108: Go transport GET /v1/admin/stores/10d94d90-8a6f-43b2-93a8-67ba3850059c/billing/standing -> 200
    browser_staff_team_test.go:108: Go transport POST /v1/identity/staff/set-role -> 204
    browser_staff_team_test.go:108: Go transport POST /v1/identity/staff/list -> 200
    browser_staff_team_test.go:108: Go transport GET /v1/admin/stores -> 200
    browser_staff_team_test.go:108: Go transport GET /v1/admin/stores/10d94d90-8a6f-43b2-93a8-67ba3850059c/order-actions -> 200
    browser_staff_team_test.go:108: Go transport GET /v1/admin/stores -> 200
    browser_staff_team_test.go:108: Go transport GET /v1/admin/stores -> 200
    browser_staff_team_test.go:108: Go transport GET /v1/admin/stores -> 200
    browser_staff_team_test.go:108: Go transport GET /v1/admin/stores -> 200
    browser_staff_team_test.go:108: Go transport GET /v1/admin/stores/10d94d90-8a6f-43b2-93a8-67ba3850059c/order-actions -> 200
    browser_staff_team_test.go:108: Go transport GET /v1/admin/stores/10d94d90-8a6f-43b2-93a8-67ba3850059c/orders -> 200
    browser_staff_team_test.go:108: Go transport GET /v1/admin/stores -> 200
    browser_staff_team_test.go:108: Go transport GET /v1/admin/stores/10d94d90-8a6f-43b2-93a8-67ba3850059c/billing/standing -> 200
    browser_staff_team_test.go:108: Go transport GET /v1/admin/stores -> 200
    browser_staff_team_test.go:108: Go transport GET /v1/admin/stores/10d94d90-8a6f-43b2-93a8-67ba3850059c/orders -> 200
    browser_staff_team_test.go:108: Go transport POST /v1/identity/staff/remove -> 204
    browser_staff_team_test.go:108: Go transport POST /v1/identity/staff/list -> 200
    browser_staff_team_test.go:108: Go transport GET /v1/admin/stores -> 200
    browser_staff_team_test.go:108: Go transport GET /v1/admin/stores -> 200
    browser_staff_team_test.go:108: Go transport GET /v1/admin/stores -> 200
    browser_staff_team_test.go:108: Go transport GET /v1/admin/stores -> 200
    browser_staff_team_test.go:108: Go transport GET /v1/admin/stores -> 200
    browser_staff_team_test.go:108: Go transport POST /v1/identity/staff/accept -> 404
    browser_staff_team_test.go:108: Go transport GET /v1/admin/stores -> 200
    browser_staff_team_test.go:108: Go transport POST /v1/identity/password/signup -> 202
    browser_staff_team_test.go:108: Go transport POST /v1/identity/password/complete -> 200
    browser_staff_team_test.go:108: Go transport GET /v1/admin/stores -> 200
    browser_staff_team_test.go:108: Go transport GET /v1/admin/stores -> 200
    browser_staff_team_test.go:108: Go transport POST /v1/identity/initial-store -> 200
    browser_staff_team_test.go:108: Go transport GET /v1/admin/stores -> 200
    browser_staff_team_test.go:108: Go transport GET /v1/admin/stores -> 200
    browser_staff_team_test.go:108: Go transport POST /v1/identity/staff/list -> 200
    browser_staff_team_test.go:108: Go transport GET /v1/admin/stores -> 200
    browser_staff_team_test.go:108: Go transport GET /v1/admin/stores/8077ff33-3d9b-4a54-b8cf-946810c9de88/billing/standing -> 200
    browser_staff_team_test.go:108: Go transport POST /v1/identity/staff/invite -> 201
    browser_staff_team_test.go:108: Go transport POST /v1/identity/staff/list -> 200
    browser_staff_team_test.go:108: Go transport POST /v1/identity/password/signup -> 202
    browser_staff_team_test.go:108: Go transport POST /v1/identity/password/complete -> 200
    browser_staff_team_test.go:108: Go transport GET /v1/admin/stores -> 200
    browser_staff_team_test.go:108: Go transport POST /v1/identity/staff/accept -> 200
    browser_staff_team_test.go:108: Go transport GET /v1/admin/stores -> 200
    browser_staff_team_test.go:108: Go transport GET /v1/admin/stores -> 200
    browser_staff_team_test.go:108: Go transport GET /v1/admin/stores -> 200
    browser_staff_team_test.go:108: Go transport GET /v1/admin/stores -> 200
    browser_staff_team_test.go:108: Go transport GET /v1/admin/stores/8077ff33-3d9b-4a54-b8cf-946810c9de88/order-actions -> 200
    browser_staff_team_test.go:108: Go transport GET /v1/admin/stores/8077ff33-3d9b-4a54-b8cf-946810c9de88/orders -> 200
    browser_staff_team_test.go:108: Go transport GET /v1/admin/stores -> 200
    browser_staff_team_test.go:108: Go transport GET /v1/admin/stores/8077ff33-3d9b-4a54-b8cf-946810c9de88/billing/standing -> 200
    browser_staff_team_test.go:108: Go transport GET /v1/admin/stores -> 200
    browser_staff_team_test.go:108: Go transport GET /v1/admin/stores -> 200
    browser_staff_team_test.go:108: Go transport GET /v1/admin/stores/8077ff33-3d9b-4a54-b8cf-946810c9de88/order-actions -> 200
    browser_staff_team_test.go:108: Go transport GET /v1/admin/stores -> 200
    browser_staff_team_test.go:108: Go transport GET /v1/admin/stores/8077ff33-3d9b-4a54-b8cf-946810c9de88/orders -> 200
    browser_staff_team_test.go:108: Go transport GET /v1/admin/stores -> 200
    browser_staff_team_test.go:108: Go transport GET /v1/admin/stores/8077ff33-3d9b-4a54-b8cf-946810c9de88/billing -> 403
    browser_staff_team_test.go:108: Go transport POST /v1/identity/staff/list -> 200
    browser_staff_team_test.go:108: Go transport POST /v1/identity/staff/invite -> 403
    browser_staff_team_test.go:108: Go transport POST /v1/identity/staff/set-role -> 403
    browser_staff_team_test.go:108: Go transport POST /v1/identity/staff/remove -> 403
    browser_staff_team_test.go:108: Go transport POST /v1/identity/staff/revoke-invite -> 403
    browser_staff_team_test.go:108: Go transport GET /v1/admin/stores -> 200
    browser_staff_team_test.go:108: Go transport GET /v1/admin/stores -> 200
    browser_staff_team_test.go:108: Go transport POST /v1/identity/staff/list -> 200
    browser_staff_team_test.go:108: Go transport GET /v1/admin/stores -> 200
    browser_staff_team_test.go:108: Go transport GET /v1/admin/stores -> 200
    browser_staff_team_test.go:108: Go transport GET /v1/admin/stores -> 200
    browser_staff_team_test.go:108: Go transport GET /v1/admin/stores/8077ff33-3d9b-4a54-b8cf-946810c9de88/billing -> 403
    browser_staff_team_test.go:108: Go transport GET /v1/admin/stores -> 200
    browser_staff_team_test.go:108: Go transport GET /v1/admin/stores -> 200
    browser_staff_team_test.go:108: Go transport POST /v1/identity/staff/list -> 200
    browser_staff_team_test.go:108: Go transport POST /v1/identity/staff/list -> 200
    browser_staff_team_test.go:108: Go transport GET /v1/admin/stores -> 200
    browser_staff_team_test.go:108: Go transport GET /v1/admin/stores/8077ff33-3d9b-4a54-b8cf-946810c9de88/billing/standing -> 200
    browser_staff_team_test.go:108: Go transport POST /v1/identity/staff/set-role -> 204
    browser_staff_team_test.go:108: Go transport POST /v1/identity/staff/list -> 200
    browser_staff_team_test.go:108: Go transport GET /v1/admin/stores -> 200
    browser_staff_team_test.go:108: Go transport GET /v1/admin/stores/8077ff33-3d9b-4a54-b8cf-946810c9de88/order-actions -> 200
    browser_staff_team_test.go:108: Go transport GET /v1/admin/stores -> 200
    browser_staff_team_test.go:108: Go transport GET /v1/admin/stores -> 200
    browser_staff_team_test.go:108: Go transport GET /v1/admin/stores -> 200
    browser_staff_team_test.go:108: Go transport GET /v1/admin/stores -> 200
    browser_staff_team_test.go:108: Go transport GET /v1/admin/stores -> 200
    browser_staff_team_test.go:108: Go transport GET /v1/admin/stores/8077ff33-3d9b-4a54-b8cf-946810c9de88/order-actions -> 200
    browser_staff_team_test.go:108: Go transport GET /v1/admin/stores/8077ff33-3d9b-4a54-b8cf-946810c9de88/billing/standing -> 200
    browser_staff_team_test.go:108: Go transport GET /v1/admin/stores -> 200
    browser_staff_team_test.go:108: Go transport GET /v1/admin/stores/8077ff33-3d9b-4a54-b8cf-946810c9de88/orders -> 200
    browser_staff_team_test.go:108: Go transport GET /v1/admin/stores/8077ff33-3d9b-4a54-b8cf-946810c9de88/orders -> 200
    browser_staff_team_test.go:108: Go transport POST /v1/identity/staff/remove -> 204
    browser_staff_team_test.go:108: Go transport POST /v1/identity/staff/list -> 200
    browser_staff_team_test.go:108: Go transport GET /v1/admin/stores -> 200
    browser_staff_team_test.go:108: Go transport GET /v1/admin/stores -> 200
    browser_staff_team_test.go:108: Go transport GET /v1/admin/stores -> 200
    browser_staff_team_test.go:108: Go transport GET /v1/admin/stores -> 200
    browser_staff_team_test.go:108: Go transport GET /v1/admin/stores -> 200
    browser_staff_team_test.go:108: Go transport POST /v1/identity/staff/accept -> 404
    browser_staff_team_test.go:108: Go transport GET /v1/admin/stores -> 200
    browser_staff_team_test.go:108: Go transport POST /v1/identity/password/signup -> 202
    browser_staff_team_test.go:108: Go transport POST /v1/identity/password/complete -> 200
    browser_staff_team_test.go:108: Go transport GET /v1/admin/stores -> 200
    browser_staff_team_test.go:108: Go transport GET /v1/admin/stores -> 200
    browser_staff_team_test.go:108: Go transport POST /v1/identity/initial-store -> 200
    browser_staff_team_test.go:108: Go transport POST /v1/identity/staff/invite -> 201
    browser_staff_team_test.go:108: Go transport POST /v1/identity/password/signup -> 202
    browser_staff_team_test.go:108: Go transport POST /v1/identity/password/complete -> 200
    browser_staff_team_test.go:108: Go transport GET /v1/admin/stores -> 200
    browser_staff_team_test.go:108: Go transport GET /v1/admin/stores -> 200
    browser_staff_team_test.go:108: Go transport POST /v1/identity/staff/accept -> 200
    browser_staff_team_test.go:108: Go transport GET /v1/admin/stores -> 200
    browser_staff_team_test.go:108: Go transport GET /v1/admin/stores -> 200
    browser_staff_team_test.go:108: Go transport GET /v1/admin/stores -> 200
    browser_staff_team_test.go:108: Go transport GET /v1/admin/stores -> 200
    browser_staff_team_test.go:108: Go transport GET /v1/admin/stores/784cb653-4af8-450c-973d-ba42c8d1a8c0/order-actions -> 200
    browser_staff_team_test.go:108: Go transport GET /v1/admin/stores -> 200
    browser_staff_team_test.go:108: Go transport GET /v1/admin/stores/784cb653-4af8-450c-973d-ba42c8d1a8c0/orders -> 200
    browser_staff_team_test.go:108: Go transport GET /v1/admin/stores/784cb653-4af8-450c-973d-ba42c8d1a8c0/billing/standing -> 200
    browser_staff_team_test.go:296: PASS: browser -> Next -> Go staff routes -> real PG, invitation mails over the real SMTP adapter; 43 canaries (6 invitation tokens) not found in any log or API URL; evidence=/Volumes/data/live_commerce_architecture_v1/.worktrees/store-number/output/playwright/staff-team-20261003T135950.927312000
--- PASS: TestBrowserStaffTeam (13.65s)
PASS
ok  	livecommerce/tests/foundation	93.249s
PASS: isolated Next + Go + PG + loopback SMTP fake password-auth browser chain (PA11) and staff-team invite/accept/role/revoke chain (zh-TW + en, desktop + 390px); no real mailbox, no owner secret.
