=== RUN   TestT06WorkerAuthorityAndFunctionACL
--- PASS: TestT06WorkerAuthorityAndFunctionACL (6.31s)
=== RUN   TestIdentityFunctionsAreTheOnlyLoginAuthority
--- PASS: TestIdentityFunctionsAreTheOnlyLoginAuthority (0.19s)
=== RUN   TestIdentityConcurrentFlowsShareOneLiteralIdentity
--- PASS: TestIdentityConcurrentFlowsShareOneLiteralIdentity (0.15s)
=== RUN   TestIdentitySameSubjectFromDifferentIssuerDoesNotMerge
--- PASS: TestIdentitySameSubjectFromDifferentIssuerDoesNotMerge (0.13s)
=== RUN   TestIdentitySessionIssueAuditFailureRollsBackButConsumesFlow
--- PASS: TestIdentitySessionIssueAuditFailureRollsBackButConsumesFlow (0.12s)
=== RUN   TestIdentityLogoutAndInitialStoreSerialize
--- PASS: TestIdentityLogoutAndInitialStoreSerialize (0.16s)
=== RUN   TestIdentityFlowBindingExpiryReplayAndMapping
--- PASS: TestIdentityFlowBindingExpiryReplayAndMapping (0.41s)
=== RUN   TestIdentityConcurrentConsumeAndProviderFailure
--- PASS: TestIdentityConcurrentConsumeAndProviderFailure (0.12s)
=== RUN   TestIdentityInitialStoreAtomicIdempotentAndScoped
--- PASS: TestIdentityInitialStoreAtomicIdempotentAndScoped (0.27s)
=== RUN   TestIdentityRollbackWhenLastAuditInsertFails
--- PASS: TestIdentityRollbackWhenLastAuditInsertFails (0.10s)
=== RUN   TestIdentityDatabaseAuthoritySeparation
--- PASS: TestIdentityDatabaseAuthoritySeparation (0.38s)
=== RUN   TestIdentityPolicyValidationAndExpiredAudience
--- PASS: TestIdentityPolicyValidationAndExpiredAudience (0.06s)
=== RUN   TestIdentityPoolRejectsPrivilegeAndObjectOwnership
=== RUN   TestIdentityPoolRejectsPrivilegeAndObjectOwnership/CREATEROLE
=== RUN   TestIdentityPoolRejectsPrivilegeAndObjectOwnership/CREATEDB
=== RUN   TestIdentityPoolRejectsPrivilegeAndObjectOwnership/REPLICATION
=== RUN   TestIdentityPoolRejectsPrivilegeAndObjectOwnership/relation
=== RUN   TestIdentityPoolRejectsPrivilegeAndObjectOwnership/function
=== RUN   TestIdentityPoolRejectsPrivilegeAndObjectOwnership/writer_membership
--- PASS: TestIdentityPoolRejectsPrivilegeAndObjectOwnership (0.56s)
    --- PASS: TestIdentityPoolRejectsPrivilegeAndObjectOwnership/CREATEROLE (0.06s)
    --- PASS: TestIdentityPoolRejectsPrivilegeAndObjectOwnership/CREATEDB (0.11s)
    --- PASS: TestIdentityPoolRejectsPrivilegeAndObjectOwnership/REPLICATION (0.18s)
    --- PASS: TestIdentityPoolRejectsPrivilegeAndObjectOwnership/relation (0.08s)
    --- PASS: TestIdentityPoolRejectsPrivilegeAndObjectOwnership/function (0.06s)
    --- PASS: TestIdentityPoolRejectsPrivilegeAndObjectOwnership/writer_membership (0.06s)
=== RUN   TestR2IntegrationUpgradeFromReleaseHead
--- PASS: TestR2IntegrationUpgradeFromReleaseHead (14.08s)
=== RUN   TestStoreDomainsSDW07AskAdmitDenyMatrix
--- PASS: TestStoreDomainsSDW07AskAdmitDenyMatrix (0.40s)
=== RUN   TestStoreDomainsSDW08DNSVerifierRefusesForeignAddr
--- PASS: TestStoreDomainsSDW08DNSVerifierRefusesForeignAddr (0.00s)
=== RUN   TestStoreDomainsSDW09AskRateLimitFairness
--- PASS: TestStoreDomainsSDW09AskRateLimitFairness (0.00s)
=== RUN   TestStoreDomainsSDW10AskHTTPMatrix
--- PASS: TestStoreDomainsSDW10AskHTTPMatrix (0.01s)
=== RUN   TestStoreDomainsSDW11HandleChangeDetachesOldOrigin
    store_domains_adversarial_test.go:302: store A handle = "46800631", want "handle-move-07adbad9"
--- FAIL: TestStoreDomainsSDW11HandleChangeDetachesOldOrigin (0.14s)
=== RUN   TestStoreDomainsSDW12CaddyOnDemandEnabled
--- PASS: TestStoreDomainsSDW12CaddyOnDemandEnabled (0.00s)
=== RUN   TestStoreDomainsSDW13VerifySweepHasProductionRunner
--- PASS: TestStoreDomainsSDW13VerifySweepHasProductionRunner (0.00s)
=== RUN   TestStoreDomainsSDW14RefusalsHold
--- PASS: TestStoreDomainsSDW14RefusalsHold (0.20s)
=== RUN   TestStoreDomainsSDW15PlatformOriginSurvivesSelfService
--- PASS: TestStoreDomainsSDW15PlatformOriginSurvivesSelfService (0.08s)
=== RUN   TestStoreDomainsBackfillsPre0106Stores
--- PASS: TestStoreDomainsBackfillsPre0106Stores (5.03s)
=== RUN   TestStoreDomainsSDW01HandleFormatReservedUniquenessSuffix
--- PASS: TestStoreDomainsSDW01HandleFormatReservedUniquenessSuffix (0.25s)
=== RUN   TestStoreDomainsSDW02PlatformRowActive
    store_domains_test.go:224: auto handle = "83166350", want the t06-go-store slug
--- FAIL: TestStoreDomainsSDW02PlatformRowActive (0.16s)
=== RUN   TestStoreDomainsSDW03MerchantDomainLifecycle
--- PASS: TestStoreDomainsSDW03MerchantDomainLifecycle (0.14s)
=== RUN   TestStoreDomainsSDW04RefusalsAndOwnerOnly
--- PASS: TestStoreDomainsSDW04RefusalsAndOwnerOnly (0.12s)
=== RUN   TestStoreDomainsSDW05Worker301AndTLSAsk
--- PASS: TestStoreDomainsSDW05Worker301AndTLSAsk (0.20s)
=== RUN   TestStoreDomainsSDW06SchemaAndACLInventory
--- PASS: TestStoreDomainsSDW06SchemaAndACLInventory (0.16s)
=== RUN   TestStoreDomainsSDW07OperatorHandleSet
--- PASS: TestStoreDomainsSDW07OperatorHandleSet (0.18s)
=== RUN   TestStoreDomainsIdempotency
--- PASS: TestStoreDomainsIdempotency (0.11s)
=== RUN   TestStoreDomainsMerchantViewKind
--- PASS: TestStoreDomainsMerchantViewKind (0.16s)
=== RUN   TestStoreDomainsApexEdgeInstructions
--- PASS: TestStoreDomainsApexEdgeInstructions (0.14s)
=== RUN   TestStoreDomainsDeployPassesBaseDomainToMigrate
--- PASS: TestStoreDomainsDeployPassesBaseDomainToMigrate (0.00s)
=== RUN   TestStoreDomainsNumericConcurrentCreation
--- PASS: TestStoreDomainsNumericConcurrentCreation (0.30s)
=== RUN   TestStoreDomainsNumericCandidateRetryAndBound
=== RUN   TestStoreDomainsNumericCandidateRetryAndBound/exhausted=false
=== RUN   TestStoreDomainsNumericCandidateRetryAndBound/exhausted=true
--- PASS: TestStoreDomainsNumericCandidateRetryAndBound (0.21s)
    --- PASS: TestStoreDomainsNumericCandidateRetryAndBound/exhausted=false (0.02s)
    --- PASS: TestStoreDomainsNumericCandidateRetryAndBound/exhausted=true (0.06s)
FAIL
FAIL	livecommerce/tests/foundation	31.941s
FAIL
test-focused: top-level PASS=35 FAIL=2 SKIP=0 exit=1
