✔ /products/{uuid} redirects permanently to the zh-TW product page (38.487708ms)
✔ non-uuid ids are 404, never redirected (1.069708ms)
✔ AT1: the locale redirect preserves the ad-click query without allowing a redirect target (0.139375ms)
✔ R10: standalone signed signals survive a missing or expired seven-day touch (5.231375ms)
✔ R10: standalone signals reject expiry, bad signature, duplicates and another host (0.488791ms)
✔ AT1 R5: browser identity survives expired touch and rolls for ninety days (0.3955ms)
✔ AT1 R5: missing ad parameters create no cookies; fbclid alone creates no touch (0.381959ms)
✔ AT1 R5: lc_ad alone updates attribution and does not replace fbc (2.425917ms)
✔ AT1: host-only first-party cookies contain no PII and read back exactly (0.955125ms)
✔ AT1: a later valid click replaces the draft but preserves the browser identifier (0.216416ms)
✔ R10: only a different fbclid replaces fbc and its first-seen timestamp (0.233459ms)
✔ AT1: malformed and ambiguous links do not overwrite a valid prior touch (0.323666ms)
✔ AT1: host and key binding reject copied cookies (0.180167ms)
✔ AT1: duplicates and tampering invalidate the entire envelope (0.143875ms)
✔ AT1: exactly seven days is valid, the next millisecond and future clicks are not (0.1345ms)
✔ catalog list query limits equal the Go v2 parser (internal/buyerhttp/catalogv2.go) (9.003625ms)
✔ collection list cap equals Go maxCollectionsPerStore (2.14625ms)
✔ design caps equal internal/design/schema.go (nav, sections, pages) (2.755292ms)
✔ CVS buyer-entered store bounds and return path equal Go (internal/checkout/cvs.go, migration 0093) (4.580417ms)
✔ transfer view: closed shape and state rules mirror Go validTransferView (7.0105ms)
✔ proof body and result: five digits, positive minor amount, ISO instant (0.227417ms)
✔ minorFromText: major units with at most two decimals, never a float surprise (0.100667ms)
✔ buyer email mirror: one plain address, 254 characters at most (0.104583ms)
✔ countdown: whole hours and minutes, never negative (0.34ms)
✔ copy: three locales carry every key and every refusal code (0.198ms)
✔ options: a home row lists modes only with bank_transfer and then needs its window (0.251792ms)
✔ checkoutInput: a home bank_transfer body, the optional trimmed email, and every refusal before any request (0.393667ms)
✔ order: AWAITING_TRANSFER is a valid commercial state without a hold time (0.172292ms)
✔ BFF: exact transfer routes, keyed proof PUT, strict body, validated answers, no generic proxy (25.073125ms)
✔ BFF: transfer refusal codes pass through as definite 422; checkout accepts bank_transfer and a valid email only (10.535042ms)
✔ D06 order heading follows a settled transfer: never 'waiting for transfer' above a confirmed or expired one (0.089834ms)
✔ uncertain prepare blocks all mutations; changed cookie context resolves journal (36.457458ms)
✔ fully parsed local denial clears only its own pending operation (0.716417ms)
✔ malformed journal, unavailable lock and stale context fail before writes (1.097583ms)
✔ BPT05 exact handoff permits absent body/key, one fetch, no form persistence (17.666667ms)
✔ BPT05 wrong handoff form and ordinary writes fail before any fetch (0.612417ms)
✔ BPT05 unresolved cookie journal blocks handoff; lost response is one fetch without persistence (2.2865ms)
✔ SU02 refresh permits absent body/key, one fetch, no persistence (0.284833ms)
✔ SU02 refresh rejects a body, a key or a malformed path before any fetch (0.162708ms)
✔ SU02 cancel permits absent body/key, one fetch, no persistence (0.115708ms)
✔ SU02 cancel rejects a body, a key or a malformed path before any fetch (0.102042ms)
✔ BPT01 exact private path, headers, body and three-locale one-fetch transport (53.672416ms)
✔ BPT02 payment routes reject untrusted path, context, headers, key and body before fetch (14.138875ms)
✔ BPT03 hostile upstream success is sanitized, never returned as payment data (3.625ms)
✔ BPT04 every handoff failure is nonretryable, including pre-route and transport loss (1.410834ms)
✔ SU02 five routes: exact upstream path, method, key, body, one fetch each (0.804083ms)
✔ SU02 refresh and cancel are keyless and pass every CSRF/context denial before fetch (2.367208ms)
✔ SU02 every handoff/refresh/cancel failure is nonretryable and sanitized (2.857708ms)
✔ SU02 hostile Stripe bodies become the sanitized 503; PAYUNi and Stripe bodies stay byte-identical (2.464084ms)
✔ SU02 prepare accepts only the two known method codes (1.244875ms)
✔ disabled and invalid configuration fail closed before private fetch (14.552667ms)
✔ private authority, cookie lifecycle and strict local denial (25.625416ms)
✔ bad host, cookie, query and method never reach private API (0.9585ms)
✔ stalled inbound POST body is canceled at its deadline without a cookie or private call (1.388708ms)
✔ R10: Begin forwards independently signed signals; browser attribution and forwarded hosts are not authority (2.10675ms)
✔ CVS BFF: exact routes, keyed open/store, keyless verify, validated answers, no generic proxy (3.517041ms)
✔ CVS BFF: contract refusal codes pass through; pay_at_pickup_limit is a definite (non-retryable) 429 (5.081625ms)
✔ fragment grammar accepts only one canonical token (0.472709ms)
✔ claim projections are closed (0.23825ms)
✔ claim token rides only its header on B1/B2 and is never echoed (61.628041ms)
✔ claim-priced cart edits send only SKU and quantity, keeping server price authority (13.603833ms)
✔ direct-checkout sold-out projection is mandatory, boolean and closed (0.135084ms)
✔ claim redeem shares the purchase lock, guards recovery and never persists the token (1.595125ms)
✔ ClaimLink removal projects live-priced survivors on ready and conflict pages (188.908166ms)
✔ ClaimLink revisit checks out applied A while pending B is sold out or unavailable (53.732ms)
✔ ClaimLink refreshes a nothing result after a second tab applied the claim (5.909042ms)
✔ ClaimLink does not navigate when a buyable claim target is absent or has changed quantity (4.394958ms)
✔ ClaimLink optional prior-order notice tolerates unreadable storage without bypassing recovery (28.778708ms)
✔ CVS01 map form: only the two ECPay e-map actions, exact fields, top-level-safe values (3.131958ms)
✔ CVS02 return path allowlist excludes /claim and anything but the checkout or product page (0.411958ms)
✔ CVS03 selection projection: VERIFIED<=>pickup, REJECTED<=>reject_code, absent keys read as null (2.380709ms)
✔ CVS04 buyer-entered store answer and request body (0.356292ms)
✔ CVS05 store code table (§16.1) keeps leading zeros and per-chain lengths (0.163958ms)
✔ CVS06 recipient mirror: real-name width 4..10 (CJK=2), no digits/symbols/emoji; 09 mobile (3.374417ms)
✔ CVS07 checkout draft: name, phone and mode only; read once; corrupt/foreign shapes are dropped (0.261083ms)
✔ CVS08 return URL: only ?cvs_selection=<uuid> is accepted (0.183791ms)
✔ CVS09 buyer order projection and copy keys: nothing but PICKED_UP says picked up (0.110416ms)
✔ CVS10 error codes: field mapping, definite refusals, official links are https constants (3.524542ms)
✔ CVS11 client transport: verify is the one new keyless POST; the server refusal code rides BuyerClientError.detail (28.542708ms)
✔ every locale x page has a title, an updated line and at least one section (1.219166ms)
✔ locales share the section count and per-section body count of every page (1.505042ms)
✔ final text is only the owner-confirmed company facts (CR 81215167 name + registered address); nothing else is final (0.665417ms)
✔ a legal page is published only when every text on it is final; buyers see no link to an unpublished one (4.4785ms)
✔ data-deletion path is named in the privacy page of every locale (0.258167ms)
✔ pendingOwnerText lists exactly the texts that keep a page unpublished and is written for the owner (2.9385ms)
✔ a live (claim-origin) price replaces the catalog price and strikes it through (0.593416ms)
✔ without a live price the catalog price and its compare-at are shown unchanged (0.065875ms)
✔ a live price equal to or above the catalog price is shown as set (strike hidden by the UI guard) (0.048042ms)
✔ a live price strikes the catalog price, never the variant sale price (0.04525ms)
✔ order ref: 12 hex (dashes or spaces, any case) or a full id (0.429083ms)
✔ contact: one email or a phone of 6..20 digits (0.135875ms)
✔ body is exactly {order_ref, contact}; the answer is exactly {order_id} (0.119875ms)
✔ BFF lookup: no cookie needed, fresh token goes upstream, cookie only on 200 and it carries that same token (40.526875ms)
✔ BFF lookup: strict local denial before any private fetch (0.947584ms)
✔ copy: three locales carry every key (0.188125ms)
✔ MS4 srcset descriptors use actual decoded widths and deduplicate small renditions (0.355292ms)
✔ MS1 product rendition allowlist preserves trusted Host and never forwards buyer cookies (21.450084ms)
✔ MS2 invalid, duplicate, extra, encoded widths and non-product variants fail before fetch (0.9175ms)
✔ MS3 old-image fallback is never promoted to immutable; committed variants are cacheable (1.82725ms)
✔ TWD whole amounts show no decimals in every locale and at every magnitude (line, subtotal, total, zero) (8.798625ms)
✔ cents appear only when there are cents, then always as two digits; the minor-unit arithmetic is untouched (0.1705ms)
✔ digits come from the currency: JPY none, USD two when there are cents (0.706208ms)
✔ one formatter: no component, page or lib builds a currency Intl.NumberFormat outside lib/money.ts (28.086042ms)
✔ fragment: exactly #o=<order id>&t=<43-char token>; anything else is null (2.313792ms)
✔ body is exactly {order_id, token, proof}; the answer is exactly the order the link named (0.178292ms)
✔ BFF link: no cookie needed, fresh token upstream, cookie only on a 200 naming the same order, link token never echoed (22.22775ms)
✔ BFF link: strict local denial before any private fetch (3.006458ms)
✔ copy: three locales, one refusal text, a retry and a lookup path (0.096333ms)
✔ BPU01 fresh payment writes exact metadata before prepare, one bodyless Take, no persistent form (22.194625ms)
✔ BPU01 lost prepare response replays original key/body only on explicit next click (1.389375ms)
✔ BPU01 lost handoff is permanently GET-only, even after a second click (1.160708ms)
✔ BPU01 storage, amount, scope and child/screen fences reject before irreversible writes (0.965375ms)
✔ BPU01 document/child loss after prepare but before Take leaves exact replay marker (0.404709ms)
✔ BPU01 malformed server handoff never submits and Take remains nonretryable (0.93325ms)
✔ BPU01 marker replacement before Take and after Take blocks release/form reuse (1.125875ms)
✔ BPU01 context replacement after prepare and after Take closes destination without form (1.327917ms)
✔ BPU01 synchronous destination refuses invalid locale before opening a window (0.11525ms)
✔ SU03 fresh Stripe pay: marker before prepare, one prepare, one handoff, navigate, URL never stored (0.80075ms)
✔ SU03 marker replay: lost prepare response replays key/body, no uncertain on PENDING view with leftover marker (1.158875ms)
✔ SU03 cross-device Continue needs no marker and never prepares (0.3945ms)
✔ SU03 marker/view matrix: PAYUNi marker on Stripe view and Stripe marker on PAYUNi view send nothing (0.744166ms)
✔ SU03 any other view renders without a POST (0.513625ms)
✔ SU03 CREATING: waits on the schedule without the lock, then hands off once when READY (6.621333ms)
✔ SU03 CREATING budget: 10 reads over 30 s, then the blank child is closed, no POST, no throw (2.255167ms)
✔ SU03 cancel_requested seen on the re-GET aborts before the handoff POST (0.360709ms)
✔ SU03 handoff outcomes: CREATING closes child, CLOSED/UNAVAILABLE/error/malformed reject; one POST each, never retried (3.31175ms)
✔ SU03 Stripe prepare errors, amount/currency mismatch and popup loss stop before any handoff (5.348041ms)
✔ SU03 two clicks make two handoff POSTs only because there were two clicks; sequential, none from reads (1.303834ms)
✔ SU03 navigate: validates again, needs an owned blank child, sets used before replace, no URL in errors (0.456459ms)
✔ SU03 refresh signal: keyless single POST, validated, throttled 1/10 s and 30 per page life, cancel never throttled (10.155708ms)
✔ SU03 signal failures are single-shot and sanitized: HTTP error, malformed body, wrong order (0.457959ms)
✔ private quote/option authority fields are required; only exact MANUAL home can checkout (1.836375ms)
✔ continue shopping advances only ordered version, clears hint, keeps SQL history authoritative (25.617458ms)
✔ lost next-cart response retries identical key/body and preserves a newer cart (1.143333ms)
✔ continuation never overwrites an already advanced cart (0.393291ms)
✔ unknown checkout blocks continuation without any business request (0.256333ms)
✔ two queued continuation clicks mutate once; stale order ID cannot clear another order (2.725875ms)
✔ CAS conflict resolves only after a newer cart is read (0.831083ms)
✔ locator removal failure retains next-cart journal and recovery survives missing locator (0.507167ms)
✔ order history summary rejects PII/unknown fields and malformed scope IDs (0.080083ms)
✔ native address validation mirrors printable Unicode, limits and phone; journal forbids PII (2.351417ms)
✔ address lost reply replays exact in-memory intent, then confirms current head (0.776917ms)
✔ address reload requires explicit new intent and exact observed CAS; stale head never auto-bumps (0.612959ms)
✔ old address receipt cannot confirm another tab's newer current head (0.16075ms)
✔ a late address CAS winner requires another explicit confirmation, not an automatic version bump (1.639833ms)
✔ checkout lost reply, queued duplicate and current GET reuse one key and one order (1.623417ms)
✔ uncertain checkout retains original journal across later 401/403/404/5xx and malformed success (1.5795ms)
✔ only a fresh definitive denial clears checkout; no order locator is invented (0.439ms)
✔ locator storage failure after commit retains same key; reload GET failure keeps locator (0.665167ms)
✔ locator persisted but journal removal failed resumes pending receipt, not unrelated pointer (0.379875ms)
✔ unavailable storage, invalid locator and late changed context fail closed (0.194334ms)
✔ order locator readback mismatch and no-op journal removal both retain checkout recovery (0.331167ms)
✔ direct claim continuation refuses a newer ordered cart inside the purchase lock (0.247292ms)
✔ direct claim continuation keeps next-cart recovery after a conflicting clear (0.192125ms)
✔ collector projection: admitted for derived connections, absent/null for primary (0.647458ms)
✔ collector rejects identifiers, extra keys and malformed text (0.112417ms)
✔ disclosure renders the contract §5 line with all three slots substituted (0.092833ms)
✔ the disclosure line exists exactly when the hosted view returns a collector (0.267458ms)
✔ a shop or collector name with a replacement pattern is shown literally (1.391708ms)
✔ OrderPayment renders the disclosure with the view, above every pay button, through the helper only (0.689291ms)
✔ BPT03 exact valid projection and Go nanosecond UTC timestamps (9.916791ms)
✔ BPT03 view rejects private fields, inconsistent state and malformed names (0.472875ms)
✔ BPT03 prepared receipt enforces exact original credit-card amount (0.179875ms)
✔ BPT03 hosted form and replay are exact, bounded and action-allowlisted (3.9295ms)
✔ SU01 Stripe views: fresh, both methods, attempt states, PAYUNi unchanged (0.42825ms)
✔ SU01 Stripe view negatives (0.295667ms)
✔ SU01 prepared amounts follow the corrected per-currency table (0.2375ms)
✔ SU01 Stripe handoff union and every redirect_url negative (0.527542ms)
✔ SU01 payment signal is exactly {order_id, scheduled:boolean} (0.204959ms)
✔ RUI01 refund summary: refunded states, pending money, absent ≡ null (0.386375ms)
✔ RUI01 refund summary negatives (0.283125ms)
✔ BPU03 neutral GET and POST return ignore every callback field and cookie (16.231334ms)
✔ primary origin: exact path/query, same host, and no URL-controlled destination (8.739625ms)
✔ GET and HEAD use trusted Host, private bounded uncached resolver and exact 301 (15.312417ms)
✔ no writes redirected; resolution failures fail closed; unknown hosts keep native 404 (2.533416ms)
✔ policy version is the frozen constant, in the customers-core D4 shape (0.368625ms)
✔ route table: exactly the four buyer privacy routes, methods and body kinds (1.194542ms)
✔ body shapes are closed and mirror the frozen Go inputs (no source, no policy_version) (0.317917ms)
✔ GET privacy validator: closed shape, erased owner holds no consent (0.375791ms)
✔ consent result and erasure summary validators (1.108417ms)
✔ buyer export envelope never carries customer_id (0.258917ms)
✔ failure classification: 410 and erased are the erased state (0.199375ms)
✔ copy: every locale has the same keys, the ads box discloses that sent events cannot be recalled (1.490542ms)
✔ selected option photo uses a main display slot without adding a fifth main image (0.6775ms)
✔ use-cover selection and a main-thumbnail selection restore the original main gallery (0.081417ms)
✔ cart thumbnail uses variant then catalog image_id, including when main images are absent (0.089375ms)
✔ migrated four-main/five-detail images stay separate when the option photo changes (0.1065ms)
✔ real cart-detail composition uses server SKU image_id (v2 detail available) (71.497458ms)
✔ real cart-detail composition uses server SKU image_id (v2 detail unavailable) (4.630291ms)
✔ parity: frontend caps equal the Go constants (1.453333ms)
✔ detail parser: 4 main + 20 detail + option-value images are accepted and mapped (0.651625ms)
✔ detail parser: 5 main, 21 detail, bad ids and over-cap option images are refused (0.143375ms)
✔ detail parser: a backend before product-media-v2 (no new keys) still parses with empty defaults (0.070334ms)
✔ v1 catalog row: images are main-only (<= 4) and image_id is a uuid or null (0.175375ms)
✔ PRO-S1 code mirror: any case and spaces normalise; impossible codes never become a request (0.465792ms)
✔ PRO-S2 promotion object: closed keys, kind/value pairing (0.166417ms)
✔ PRO-S3 quote validator: promotion is optional but never malformed; the discount stays the server's own number (0.257542ms)
✔ PRO-S4 journal grammar: a quote write may carry one canonical promo_code, nothing else (0.344917ms)
✔ PRO-S5 copy: three locales cover every refusal code and the same keys (0.41275ms)
✔ PRO-S6 BFF quote route: promo_code relayed untouched when canonical, refused before the private API otherwise (54.336834ms)
✔ PRO-S7 BFF: every promo_* refusal is a definite, non-retryable 422 with its own code (7.642875ms)
✔ demonstration disclosure is explicit and local-only (1.183542ms)
✔ cart selection preserves unrelated SKUs and the observed CAS version (5.681167ms)
✔ minor amounts are bounded before multiplication, including zero (0.082958ms)
✔ delivery identity includes country for one market and method (0.061541ms)
✔ journal is bound to context and rejects PII/unknown fields (0.212375ms)
✔ lost response replays exact key/body, then clears only after parsed receipt (24.137333ms)
✔ RUI02 buyer order admits MERCHANT_SHIPPED only with a SHIPPED head; absent shipment ≡ null (0.433666ms)
✔ RUI02 shipment shape negatives (incl. unsafe links) (0.242791ms)
✔ RUI02 history summary admits MERCHANT_SHIPPED (a shipped order must not break the list) (0.077375ms)
✔ CVSP01 options: CVS rows carry pickup_selection/payment_modes; unavailable rows are a separate shape (0.3315ms)
✔ CVSP02 CVS destination write: TW only, pickup_id required, empty home address; home unchanged (9.237375ms)
✔ CVSP03 checkoutInput: payment_mode only for CVS rows and only a mode the row offers (0.3925ms)
✔ COD confirmation includes expected fee, enforces collect cap and validates immutable order money (0.264792ms)
✔ CVSP04 buyer order: pay_at_pickup <=> collection_state; cvs_shipment only on a matching CVS destination (0.211292ms)
✔ CVSP05 journal accepts a CVS destination marker and a checkout body with payment_mode, nothing else (0.1915ms)
✔ validProduct accepts up to the Go photo cap and rejects one more (0.750375ms)
✔ design: garbage and hostile documents collapse to the safe default shape (1.070209ms)
✔ design: links, preview token propagation, nav resolution (0.114833ms)
✔ design: any merchant accent yields readable button text and link colour (WCAG AA) (0.228042ms)
✔ variants: resolution, disabled out-of-stock combinations, initial choice, price bounds (0.140291ms)
✔ catalog-v2 parsers accept the frozen shapes and refuse drift (0.464167ms)
✔ free-delivery progress words the hint only when a threshold exists (0.06275ms)
✔ list query: only whitelisted, canonical values survive (0.208417ms)
✔ seo: JSON-LD cannot break out of its script tag; offers reflect stock and price range (7.733042ms)
✔ seo: sitemap escapes and carries hreflang; robots refuses everything for a closed host (0.138333ms)
✔ money: whole amounts drop cents, minor digits come from the currency, filters round-trip (0.328084ms)
✔ cart line write: replaces one line, keeps the others, 0 removes, CAS version is the one shown (0.71925ms)
✔ cart problems map to buyer-facing classes without leaking transport detail (0.068708ms)
✔ checkout options accept the optional free-shipping threshold only as a positive integer or null (0.141292ms)
✔ no-image placeholder copy: exactly the locale label a photo-less card or gallery renders (0.043541ms)
✔ storefront image caps equal the Go catalog caps (internal/catalog MaxMainImages, MaxDetailImages) (17.479667ms)
✔ design text limits count code points like Go, never splitting a surrogate pair (1.248209ms)
✔ G3: same-series cards exclude the current product and never invent absent draft/foreign products (0.557917ms)
✔ G5: safety guidance exists in three languages without changing the five merchant policy approval boundaries (0.958042ms)
✔ G4: category chips omit empty collections; hidden collections absent from the public API stay absent (0.062375ms)
✔ dictionaries have exact parity and non-empty values (0.633ms)
✔ locale precedence and language quality mapping (0.601333ms)
✔ localized paths preserve deep links and reject dangerous input (0.33525ms)
✔ path locale only matches a canonical first segment (0.049042ms)
✔ the four constructs render (0.641042ms)
✔ XSS payloads stay inert text (0.507958ms)
✔ fuzz: any string over a hostile alphabet renders only whitelisted tags (12.7375ms)
✔ validator mirrors the Go rules (0.325ms)
✔ SDN1 allowlist: exactly the contract routes, per method (0.512833ms)
✔ SDN1 allowlist: traversal, case, suffix and prefix tricks never match (0.229875ms)
✔ SDN1 request shape: no query string anywhere, reads carry no body, key, length or transfer-encoding (11.608333ms)
✔ SDN1 cap: 260 KiB = Go's 256 KiB document + 4 KiB envelope, and a body of exactly the cap is still below it (0.056792ms)
✔ SDN2 renderer: every XSS payload comes out as whitelisted tags and escaped text only (0.713375ms)
✔ SDN2 renderer: escape-first means the merchant's text never becomes markup (0.095875ms)
✔ SDN2 renderer: fuzz (seeded) never produces a tag outside the whitelist (26.154833ms)
✔ SDN2 client validator rejects what the server rejects (HTML, non-https links, `<` anywhere) (12.075417ms)
✔ cleanForSave turns cleared fields into null but keeps an empty body (0.407167ms)
✔ localIssues names each missing mandatory value by server path (0.496083ms)
✔ moved swaps neighbours and ignores out-of-range moves (0.074584ms)
✔ parsers accept the exact Go shapes and refuse extra or missing keys (0.357209ms)
✔ BFF allowlist covers exactly the design resources (0.222375ms)
✔ validDesignRequest refuses queries and bodies on reads, ignores other paths (20.058208ms)
✔ designDetails forwards only a bounded {path, reason} pair (0.169375ms)
✔ accepts exactly the three locale invite paths with a 20-200 char token (0.428125ms)
✔ rejects anything that is not an exact same-origin relative invite path (0.088208ms)
✔ rejects percent-encoded variants of the exact shape (0.054ms)
✔ the token is an opaque invite token shape, never a URL (0.043667ms)
✔ fragment carrier: round-trips the exact invite path, is never a query string, and rejects hostile fragments (0.170167ms)
✔ dashboard: accepts the frozen shape, rejects drift (2.419458ms)
✔ import result: strict keys, closed error codes, committed never carries errors (0.27275ms)
✔ csv file guard mirrors the Go bounds (0.071125ms)
✔ manual options: a COD home row parses with its offer (D01: the page used to refuse the whole list) (0.683083ms)
✔ manual options: only bank_transfer / pay_at_pickup / cash_on_delivery, key must equal market|country|code (0.126292ms)
✔ manual result: link is https with the order id and a 43-char capability in the fragment only (0.234541ms)
✔ draft: first problem, and the body has no price-like field at all (0.400458ms)
✔ BFF grammar: exactly the seven tools resources (0.076917ms)
✔ regenerate body/result: exactly {order_id, locale} and a fresh https link naming that order (0.127917ms)
✔ copy parity: every locale has every key, import rules and error codes (0.39975ms)
✔ callback redirect target is always a same-origin /<locale>/settings path whatever the cookies, store, code or error say (1.778333ms)
✔ the binding cookie: exactly one canonical store uuid, path-scoped to the callback, HttpOnly, Lax, 10 minutes, Secure (0.111042ms)
✔ callback query: exactly one code and one state within charset/length bounds; Meta's error=… and repeats are not forwarded (0.611084ms)
✔ the dialog URL the BFF hands the browser is https://www.facebook.com only (0.12275ms)
✔ callback error mapping only ever yields fixed codes, never an upstream message (0.125334ms)
✔ selected Page qualifies only a bare Facebook id, never rewrites another Page or external URL (0.522583ms)
✔ status: not connected, connected with and without Instagram, and every deviation throws (1.404542ms)
✔ pick state: closed shape, optional Instagram keys come as a pair, id must match (0.263583ms)
✔ route grammar: only status/states/pick/disconnect; start and callback are dedicated routes; no query; reads carry no body or key (14.984167ms)
✔ connect cookie, body and callback redirect never carry code/state and only fixed codes (0.29925ms)
✔ copy: three locales have the same keys and every Go error code has a message (0.094041ms)
✔ review-required remains restricted; evidence does not promote state (1.2005ms)
✔ legacy omission remains unidentified, independent of array order (0.345708ms)
✔ closed shapes reject unknown state/provider/evidence, leaked fields and inconsistent severity (0.468041ms)
✔ duplicate capabilities/pages and unbounded arrays cannot become trusted state (2.676417ms)
✔ worst Page determines advice, no raw upstream reason reaches copy (0.155583ms)
✔ recheck receipt means scheduled; timestamps and closed keys are checked (0.119333ms)
✔ exact keyless route grammar rejects query/key/body confusion (17.159417ms)
✔ recheck takes exactly page_id and no caller-provided scope (0.262709ms)
✔ blocking advice comes from the blocking capability, not a secondary public-reply warning (0.226667ms)
✔ clean health browser mode prepares admin standalone before starting its fixture (12.63975ms)
✔ en: expired connection retains its full refusal inside a wrapping badge (21.160667ms)
✔ zh-TW: expired connection retains its full refusal inside a wrapping badge (1.486125ms)
✔ zh-CN: expired connection retains its full refusal inside a wrapping badge (1.297542ms)
✔ actual B1 snapshot state remains ok even when a fixture expected review_required (0.078417ms)
✔ D02 TWD input: whole dollars only, x100 on the wire (13.463458ms)
✔ D02 TWD edit text: whole dollars have no decimals; a legacy amount with cents is never shown as another price (0.219041ms)
✔ D02 display: NT$ without decimals in every language, cents only when there are cents (1.038958ms)
✔ D02 live-price input (Studio claims): TWD whole dollars, other currencies their decimals (0.134ms)
✔ D02 discount code amounts: TWD whole dollars, a decimal is refused before it is sent (0.238084ms)
✔ D02 no admin copy or component says 'minor units' to the merchant (76.843625ms)
✔ M06 time: Asia/Taipei everywhere, labelled, never UTC (9.511083ms)
✔ settings answer: exactly one boolean key (2.510625ms)
✔ PUT body is the frozen single key (0.196334ms)
✔ BFF grammar: GET read, PUT keyed command, nothing else (0.551625ms)
✔ copy: three locales, same keys, no empty text (0.337625ms)
✔ PRM01 parse: exact keys, kind/value pairing and ranges; duplicates and unknown keys are refused (1.335ms)
✔ PRM02 Taipei wall time: +08:00 on the wire, instant shown back in Taipei, impossible dates refused (11.379417ms)
✔ PRM03 create body: normalised code, major units to minor units, optional fields null, whole body validated (3.595208ms)
✔ PRM04 update + toggle: version CAS key, form round trip, pause keeps every other field (0.789042ms)
✔ PRM05 BFF grammar: exactly list, create and update; nothing generic (0.365209ms)
✔ PRM06 copy: three locales carry the same keys and every refusal code the Go routes can answer (0.323042ms)
✔ G-UI3/G-UI5 architecture constraints pass with shrinking legacy exceptions (872.412125ms)
✔ G-UI3/G-UI5 negatives: new formatter, component fetch, >800 lines and wider allowance fail (0.557084ms)
✔ Readiness jump controls expose the actual active section, not a click flag (1.540417ms)
✔ Integrator P2: legal CN comment ordering and a distinct three-image recommendation (0.175584ms)
✔ ADM04 and ADM06 explain unavailable SKUs and keep collection vocabulary consistent (0.9765ms)
✔ ADM06 create/detail titles share the route vocabulary without adding a phantom Next page (0.317125ms)
✔ G-UI1 Next pages and route registry are bidirectional, unique, typed, documented (3.81725ms)
✔ G-UI1 copy key parity: no missing or extra key in any locale (0.110417ms)
✔ G-UI2 staff without catalog:read cannot see products/inventory or open a product URL (0.189792ms)
✔ G-UI2 every route permission is a permission Go knows, and /orders/new needs inventory:reserve (209.277958ms)
✔ G-UI1 dynamic and public routes match, details never appear as navigation (0.464417ms)
✔ W6-U2 ledger is a settings in-page route, preserving existing navigation (0.256667ms)
✔ Every browser spec clicks nav-orders: the orders group stays a singleton, so returns/new/print routes are nav: false (0.453709ms)
✔ shell-registry: every routed path has exactly one nonempty shared h1 in all three locales (201.138709ms)
✔ shell-registry: orders stays one actual group button on live and non-live routes (2.407625ms)
✔ shell-registry: loading/expired/unavailable/forbidden keep one safe heading and never leak private content (1.976833ms)
✔ created address is a strict HTTPS origin matching the assigned handle (1.018791ms)
✔ DNS instructions must name the requested origin and a bare hostname target (0.616584ms)
✔ domain kind is authoritative and closed, not inferred from host or token (0.267041ms)
✔ apex DNS retains every concrete IPv4/IPv6 address and rejects malformed values (1.066333ms)
✔ pending domain journal preserves exact action/key/target; legacy or corrupt markers never replay (0.466666ms)
✔ browser-origin gate: every refusal happens before Go is called, for every action (21.247042ms)
✔ only POST exists on the team routes (1.991792ms)
✔ unknown action is a local 404 and never reaches Go (0.746208ms)
✔ strict request grammar: wrong keys, types, ids, roles, locales and token shapes are 422 locally (3.626459ms)
✔ what reaches Go: BFF key, bearer from the cookie, no Cookie/Origin, body unchanged, exactly one call per request (108.208583ms)
✔ Go failures are rebuilt locally from allow-listed codes, never retried, and never echo the token (104.921083ms)
✔ team answer: accepts the frozen shape, null role and OIDC member without email (0.558084ms)
✔ team answer: unknown key, unknown role, bad id, bad mail state are rejected (0.269917ms)
✔ invite and accept answers are strict (0.369041ms)
✔ request grammar: every action has an exact key set and rejects junk values (0.192209ms)
✔ copy: three locales carry the same keys and a label for every role (0.509917ms)
✔ role-aware navigation: hides entries the member's permissions cannot use; unknown shows all; Team is owner-only (0.254666ms)
✔ P02 settlements directory rejects missing/link/owner/group/mode with a valid control (595.390291ms)
✔ preflight health permission grammars and API/worker consistency fail closed (2666.687792ms)
✔ merchant alert flag is explicit 0|1 and independently requires SMTP (1494.859667ms)
✔ shared loader makes API/worker LIVE pair file-only before Compose interpolation (318.621625ms)
✔ export bind accepts omitted JSON false but rejects unsafe source/config mutations (0.934458ms)
✔ sanctioned operator allowlist and fail-closed gates (fake docker, no network) (1550.205125ms)
✔ platform operator custody, export mount and binary are wired (156.744292ms)
✔ actual export bind refuses a missing directory; enabling auto-create is detected (386.420416ms)
✔ R3 preflight rejects cancelled PAYUNi, validates Page app and keeps LIVE pair mandatory (752.909125ms)
✔ R3 smoke exercises exact denied probes, accepts 404 only for disabled mounts (94.957ms)
✔ positive control: a complete, valid configuration raises no META_LOGIN finding (1113.627791ms)
✔ feature off (COMMERCE_META_LOGIN_CONFIG_ID empty): no rule applies even with the other keys empty (320.66575ms)
✔ P06: the Page route needs the webhook receiver (396.407708ms)
✔ P06: sessions come from identity (230.655292ms)
✔ P06: without the claims profile nobody sends the private replies (a WARN, not a FAIL) (217.308541ms)
✔ P08: COMMERCE_META_LOGIN_CONFIG_ID must be numeric ("abc") (242.249958ms)
✔ P08: COMMERCE_META_LOGIN_CONFIG_ID must be numeric ("12 34") (234.224958ms)
✔ P08: COMMERCE_META_LOGIN_CONFIG_ID must be numeric ("111111111111") (237.963625ms)
✔ P08: COMMERCE_META_LOGIN_CONFIG_ID must be numeric ("0x10") (217.723458ms)
✔ P08: COMMERCE_META_LOGIN_CONFIG_ID must be numeric ("-1") (226.263334ms)
✔ P08: COMMERCE_META_LOGIN_REDIRECT_URI must be exactly https://<LC_ADMIN_HOST>/api/meta/callback (wrong host) (211.504042ms)
✔ P08: COMMERCE_META_LOGIN_REDIRECT_URI must be exactly https://<LC_ADMIN_HOST>/api/meta/callback (http scheme) (198.384458ms)
✔ P08: COMMERCE_META_LOGIN_REDIRECT_URI must be exactly https://<LC_ADMIN_HOST>/api/meta/callback (the ads callback path) (169.506166ms)
✔ P08: COMMERCE_META_LOGIN_REDIRECT_URI must be exactly https://<LC_ADMIN_HOST>/api/meta/callback (trailing slash) (166.196ms)
✔ P08: COMMERCE_META_LOGIN_REDIRECT_URI must be exactly https://<LC_ADMIN_HOST>/api/meta/callback (query string) (172.199ms)
✔ P08: COMMERCE_META_LOGIN_REDIRECT_URI must be exactly https://<LC_ADMIN_HOST>/api/meta/callback (empty) (168.464709ms)
✔ P08: COMMERCE_META_LOGIN_GRAPH_VERSION grammar vNN.N ("26.0") (172.257083ms)
✔ P08: COMMERCE_META_LOGIN_GRAPH_VERSION grammar vNN.N ("v26") (144.738042ms)
✔ P08: COMMERCE_META_LOGIN_GRAPH_VERSION grammar vNN.N ("v26.0.1") (150.993875ms)
✔ P08: COMMERCE_META_LOGIN_GRAPH_VERSION grammar vNN.N ("latest") (163.929792ms)
✔ P08: COMMERCE_META_LOGIN_GRAPH_VERSION grammar vNN.N ("") (189.068167ms)
✔ P08: COMMERCE_META_LOGIN_GRAPH_VERSION grammar vNN.N ("v1000.0") (169.587625ms)
✔ P08: COMMERCE_META_LOGIN_GRAPH_VERSION accepts v26.0 (157.149459ms)
✔ P08: COMMERCE_META_LOGIN_GRAPH_VERSION accepts v22.0 (164.185208ms)
✔ P08: COMMERCE_META_LOGIN_GRAPH_VERSION accepts v99.9 (155.902709ms)
✔ production without any alert channel is a FAIL (nobody would hear the next outage) (1078.144625ms)
✔ outside production the same gap is only a WARN (340.693458ms)
✔ a webhook alone satisfies the rule (362.515417ms)
✔ an e-mail target with a complete relay (host, username, secret) satisfies the rule (239.539334ms)
✔ an e-mail target without the relay secret cannot be sent: FAIL in production, WARN elsewhere (427.652041ms)
✔ the example's CHANGE_ME_SENDER placeholder is not a relay: the e-mail target cannot be sent (267.199375ms)
✔ LC_ALERT_EMAIL must be one plain address ("not-an-address") (226.913458ms)
✔ LC_ALERT_EMAIL must be one plain address ("two@fake.invalid,three@fake.invalid") (224.129333ms)
✔ LC_ALERT_EMAIL must be one plain address ("a b@fake.invalid") (234.844458ms)
✔ LC_ALERT_EMAIL must be one plain address ("<owner@fake.invalid>") (237.96025ms)
✔ LC_ALERT_EMAIL must be one plain address ("owner@fake") (218.9395ms)
✔ storefront cart-line removal is reversible: clicked for real, not guarded (2.798791ms)
✔ destructive / irreversible / sign-out classification (owner list, en + zh) (1.367792ms)
✔ alike controls (rows with ids / numbers) share one class key (0.725458ms)
✔ known defects classify, never silence: stale entries are reported (0.5765ms)
✔ the markdown ledger has one row per interaction and names the verdict (0.22225ms)
✔ protocolHrefOK accepts well-formed tel:/mailto: and rejects malformed ones (0.179917ms)
✔ J1 waits for enabled media and clicks a real chooser; the uploaded cover is bound to the main section (487.638958ms)
✔ J1 cannot credit a detail-image receipt as the main cover (1.319ms)
✔ J1 refuses a failed cover upload rather than continuing to activate (0.235459ms)
✔ thresholds are the named constants of the brief (1.82975ms)
✔ R1: document wider than the viewport, and the outermost element past the edge (0.595083ms)
✔ R2: label tops, control tops and control heights of one visual row (1.141333ms)
✔ R2: what is one row and what is not (0.440334ms)
✔ R2: a button beside a field has to line up with its control (0.433458ms)
✔ R3: a row made tall by stacked controls, a control wider than its cell (0.906292ms)
✔ R3: a matrix whose EVERY row is doubled by a stacked stock cell (the median cannot see it) (0.608291ms)
✔ R4: small text, helper text apart, icons and duplicates excepted (0.326167ms)
✔ R5: tap targets on the 390 viewport only (1.917666ms)
✔ R6: interactive elements and text boxes that overlap (0.862584ms)
✔ R7: text clipped inside a control or label (either side), and select values that do not fit (0.916375ms)
✔ R8: the same visible label twice in one list (0.265417ms)
✔ evaluate() tags severity, selectRecords() keeps distinct groups first and counts every instance (1.053209ms)
✔ R9: text and controls flush to the screen edge at 390 (0.691667ms)
✔ R6/R9 judge the visible (ancestor-clipped) rectangle, not the raw one (integrator ruling 2026-10-05) (0.320917ms)
✔ R10: a fixed or sticky bar covering main content after scrolling (0.605208ms)
✔ R11: controls narrower than a usable width (0.53675ms)
ℹ tests 421
ℹ suites 0
ℹ pass 421
ℹ fail 0
ℹ cancelled 0
ℹ skipped 0
ℹ todo 0
ℹ duration_ms 8872.11025
✔ closed projections reject secret-shaped extras, invalid enums, IDs and contradictory capabilities (0.758792ms)
✔ detail accepts only bounded events and keeps actual server action flags (0.368625ms)
✔ BFF exact routes and request grammar forbid keys/body on reads, filters on detail and arbitrary writes (9.316375ms)
✔ copy parity, safe object navigation and UNKNOWN/protective reasons (0.159417ms)
✔ read-only store capability never exposes a command even if the state allows one (0.060708ms)
✔ duplicate escaped keys cannot bypass the exact command grammar (0.043625ms)
✔ query backoff affects only its operation and expires without another action (0.046917ms)
✔ merchant reason text translates ledger events and conceals unknown or prototype codes (0.100042ms)
✔ ledger read navigation requires effective integration:read permission regardless of role (0.0665ms)
ℹ tests 9
ℹ suites 0
ℹ pass 9
ℹ fail 0
ℹ cancelled 0
ℹ skipped 0
ℹ todo 0
ℹ duration_ms 83.531166
✔ legacy display sentinels preserve a list row without admitting arbitrary or private data (1.512958ms)
✔ orders-v2 accepts bounded filters and Taipei inclusive dates; rejects ambiguity (0.493917ms)
✔ orders-v2 rejects client count approximations, unbounded or extra response data (0.152ms)
✔ all three locales label every task queue, payment and delivery mode (0.286459ms)
ℹ tests 4
ℹ suites 0
ℹ pass 4
ℹ fail 0
ℹ cancelled 0
ℹ skipped 0
ℹ todo 0
ℹ duration_ms 70.37825
✔ numeric store IDs have no suggestion BFF or browser client (0.492417ms)
ℹ tests 1
ℹ suites 0
ℹ pass 1
ℹ fail 0
ℹ cancelled 0
ℹ skipped 0
ℹ todo 0
ℹ duration_ms 56.51325
✔ ADM10 operator sentence is localized while product and company facts stay authoritative (0.341ms)
✔ PS review: actual Host matching normalizes case, port and a terminal DNS dot, never forwarded authority (0.19075ms)
✔ PS review: privacy/terms retain Messenger and Instagram purpose disclosure; deletion uses exact UI labels (0.086709ms)
✔ P2-N1 zh-TW/privacy: current comments and private reply, conditional inbound messages (0.064333ms)
✔ P2-N1 zh-TW/terms: current comments and private reply, conditional inbound messages (0.03425ms)
✔ P2-N1 zh-CN/privacy: current comments and private reply, conditional inbound messages (0.027875ms)
✔ P2-N1 zh-CN/terms: current comments and private reply, conditional inbound messages (0.0435ms)
✔ P2-N1 en/privacy: current comments and private reply, conditional inbound messages (0.042958ms)
✔ P2-N1 en/terms: current comments and private reply, conditional inbound messages (0.034458ms)
✔ PS1 legal identity is one untranslated source (0.067291ms)
✔ PS1 contact and hosts come only from configuration; production fails closed (0.297667ms)
✔ PS2 public routes default to zh-TW, restrict page/locale, and never include admin (0.342542ms)
✔ PS4 optional Meta verification value never has a fake default (0.04575ms)
✔ PS1 every locale uses the same product name in auth page titles (0.032ms)
✔ PS1 public page copy has three complete locales, no invented operator identity or contact (0.164375ms)
✔ PS1 production build validates config; public data is not bundled through NEXT_PUBLIC (0.187ms)
✔ PS review: admin image installs the manifests for its workspace dependencies before building (0.489417ms)
ℹ tests 17
ℹ suites 0
ℹ pass 17
ℹ fail 0
ℹ cancelled 0
ℹ skipped 0
ℹ todo 0
ℹ duration_ms 69.3555
✔ R11 SQL's exact receipt states are accepted; missing/forged operation/state remains unknown (0.714542ms)
✔ R11 durable receipt journal validates phase against exact operation state (0.326917ms)
✔ R11 actual read control distinguishes replay/inflight/unknown/failure in en (3.828375ms)
✔ R11 actual read control distinguishes replay/inflight/unknown/failure in zh-TW (0.643667ms)
✔ R11 actual read control distinguishes replay/inflight/unknown/failure in zh-CN (0.448416ms)
✔ unknown journal retains exact key/boundary and is scoped to store+session; malformed state fails closed (0.115458ms)
✔ R12 read hook keeps network UNKNOWN on one key and explicitly refreshes acknowledged UNKNOWN (10.775375ms)
✔ actual POST transport uses CSRF and session fence; 403 independent of response text (11.945583ms)
✔ R10 ROAS has exactly two decimals in en (7.869666ms)
✔ R10 unknown ROAS is never fabricated as zero in en (0.063917ms)
✔ R10 ROAS has exactly two decimals in zh-TW (0.141708ms)
✔ R10 unknown ROAS is never fabricated as zero in zh-TW (0.037125ms)
✔ R10 ROAS has exactly two decimals in zh-CN (0.121875ms)
✔ R10 unknown ROAS is never fabricated as zero in zh-CN (0.030084ms)
✔ shared presentation preserves registry title and one empty buyer message in en (21.953958ms)
✔ R11 large linked-draft list is complete but collapsed in en (2.900458ms)
✔ shared presentation preserves registry title and one empty buyer message in zh-TW (5.041958ms)
✔ R11 large linked-draft list is complete but collapsed in zh-TW (2.367ms)
✔ shared presentation preserves registry title and one empty buyer message in zh-CN (4.892292ms)
✔ R11 large linked-draft list is complete but collapsed in zh-CN (2.336333ms)
✔ R11 timeline distinguishes local unknown spend from explicit Meta zero in en (2.621209ms)
✔ R11 timeline distinguishes local unknown spend from explicit Meta zero in zh-TW (2.772542ms)
✔ R11 timeline distinguishes local unknown spend from explicit Meta zero in zh-CN (1.857583ms)
✔ R11 I12 nullable Meta evidence survives without becoming zero (0.194334ms)
✔ R11 actual panel rendering preserves unknowns and reconnect route in en (9.649625ms)
✔ R11 actual panel rendering preserves unknowns and reconnect route in zh-TW (9.92925ms)
✔ R11 actual panel rendering preserves unknowns and reconnect route in zh-CN (11.016958ms)
✔ D1, D6, R7: exact amounts and sources remain independent, account days stay labelled (0.155916ms)
✔ R12: null stays unknown and unread / unauthorised / insufficient remain different states (0.195292ms)
✔ R12 granted but unread audience offers a read, never reconnect in en (1.619ms)
✔ R12 granted but unread audience offers a read, never reconnect in zh-TW (1.60425ms)
✔ R12 granted but unread audience offers a read, never reconnect in zh-CN (1.586584ms)
✔ I12 forged / missing frozen fields never silently become zeros (0.816708ms)
✔ only whitelisted aggregates survive: extra identifiers and HTML are never interpreted (0.058875ms)
✔ attribution is a read-only BFF resource with exact bounded query grammar (0.299167ms)
✔ audience-read is exactly the new local intention POST and never a data GET or queried write (0.2525ms)
✔ route fails closed without ads:read and is not a duplicate navigation entry; locale keys match (0.090583ms)
ℹ tests 37
ℹ suites 0
ℹ pass 37
ℹ fail 0
ℹ cancelled 0
ℹ skipped 0
ℹ todo 0
ℹ duration_ms 343.028125
✔ card-payments copy: identical key sets in all three locales (0.739458ms)
✔ merchant terms are quoted verbatim (contract §5) in the enable dialog (0.084291ms)
✔ ruling-fixed strings: platform not OPEN and BLOCKED note (0.041042ms)
✔ error map covers every frozen refusal code from migrations/0137 (0.061166ms)
✔ no Stripe account id, key or approval id shape appears in any copy string (0.221917ms)
✔ storefront collector disclosure matches contract §5 templates in three languages (0.056208ms)
✔ the merchant terms in the dialog are the contract §5 sentence, extracted from the contract (0.083125ms)
✔ the storefront templates are the contract §5 lines, extracted from the contract (0.106292ms)
✔ settlement copy: deduction columns are labelled as deductions in every language, with a legend and the net formula (0.222208ms)
✔ there is no separate 'not on the allowlist' message: it reads as not open (review P1-2) (0.078875ms)
✔ card summary accepts the frozen shape incl. all-null platform NONE (0.767375ms)
✔ card summary rejects unknown keys, bad enums, bad money, bad version (0.269ms)
✔ card result is exactly {state, version, max_minor, currency, descriptor_preview} (0.088416ms)
✔ descriptor suffix rule: charset, 2..10 chars, must contain a letter (0.155791ms)
✔ the suffix length rule is the charset rule's 10; the 22-character descriptor total stays the server's (SANDBOX L=10, LIVE PrefixLength) (0.053291ms)
✔ descriptor preview mirrors the contract projection (base + '* ' + suffix) (0.062833ms)
✔ settlement list accepts statements without payout/lines keys (omitempty) (0.379958ms)
✔ settlement detail carries lines whose count and sums match the totals (0.319875ms)
✔ settlement parsers reject malformed reads (0.946125ms)
✔ fees, refunds and disputes are signed exactly as the ledger stores them (0.510917ms)
✔ a returned fee is a positive line fee; the detail's lines must add up to the statement totals (0.154583ms)
✔ closed_at/paid_at accept the offsets PostgreSQL emits as well as Z (0.105833ms)
✔ a payout reference shaped like a Stripe key or account id is never displayed (0.113ms)
✔ platform not OPEN: 'not open yet' and no enable control, for every non-OPEN state; the platform badge still tells why (0.395ms)
✔ allowlisted + OPEN: enable from NONE/DISABLED, disable from ENABLED (0.065208ms)
✔ not allowlisted on an OPEN platform reads exactly like not open: the same message, no 'platform open' badge, no enable (review P1-2) (0.078958ms)
✔ BLOCKED: the suspended note, disable only, never enable (whatever the platform says) (0.055625ms)
✔ without billing:manage nothing can be changed, but the state is still readable (0.048292ms)
✔ enable carries the platform's current terms, the suffix and the version read; NONE starts at 0 (0.058041ms)
✔ disable never sends a suffix and quotes the terms the store accepted (the platform's may have moved on) (0.034584ms)
✔ a retained suffix is recovered from the final preview so a re-enable can keep it (0.033166ms)
✔ the period label shows the last day inside the (exclusive-end) week (0.677334ms)
✔ payout state: paid, pending only when money is due, none when the week nets to zero or less (0.033458ms)
✔ card-payments and settlements are nav:false routes, so no group loses or gains a nav button (0.237791ms)
✔ settlements need billing:manage, the card page integration:read; the owner opens both (0.110541ms)
✔ statement cells: a dispute reversal and a returned fee read as credits (+) and every deduction as -, and the columns add up to the server's net (8.842667ms)
✔ the detail parser requires the lines of a statement that has lines; a quiet week (line_count 0) may omit them (0.101292ms)
✔ route table: exactly the four resources, nothing generic (0.463833ms)
✔ query grammar: card and settlement-detail are exact; settlements takes before/limit only (0.216667ms)
✔ request fence: keyless PUT (CAS), bodyless GETs, no transfer-encoding (18.562167ms)
✔ PUT body is the exact frozen shape {enabled, terms_version, descriptor_suffix, expected_version} (0.845208ms)
✔ the BFF route wires the card grammar: keyless CAS PUT, exact body, no-store, auth required (0.60775ms)
✔ the real card summary parses and drives the display state machine (1.262083ms)
✔ the real statement list parses: newest first, no lines, three payout states (0.761ms)
✔ every real detail parses with its lines and the lines add up to the statement (1.016833ms)
✔ an empty ledger parses to no statements (0.252708ms)
✔ no account id, key or approval shape is in any real body (0.421875ms)
✔ the real statements display literally as signed contributions that add up to the server's net (11.146166ms)
ℹ tests 48
ℹ suites 0
ℹ pass 48
ℹ fail 0
ℹ cancelled 0
ℹ skipped 0
ℹ todo 0
ℹ duration_ms 103.366834
✔ option/slug/SKU caps equal internal/catalog (options.go, catalog.go) (9.199583ms)
✔ text caps equal the Go validators (name 120, description 8000, SEO 70/160, collection title 80) (1.336416ms)
✔ photo caps equal Go (MaxMainImages, MaxDetailImages, MaxImageBytes) and the SKU code pattern (1.152708ms)
✔ PE13 Cartesian matrix is local, preserves edits and deduplicates values (1.096917ms)
✔ PE13 bulk quantity skips negative rows without modifying them (0.108708ms)
✔ PE12 untracked document uses whole currency and per-order cap, never quantity (8.3165ms)
✔ PE14 missing readback is not guessed or silently cleared by full replacement (0.049417ms)
✔ bulk status accepts explicit per-item results, never empty or duplicated confirmations (0.168208ms)
✔ matrix refuses over 100 SKUs before expansion (0.073042ms)
✔ parity: admin caps equal the Go constants (0.584042ms)
✔ image list: 4 main + 20 detail + 2 sku in role order is accepted (0.292292ms)
✔ image list: 5 main, 21 detail, wrong role order, gaps and extra keys are refused (0.132375ms)
✔ single image: role is required and its position is bounded by the role cap (0.545625ms)
✔ option text limits count Go runes rather than UTF-16 units (0.150125ms)
✔ PE14 new edit SKU carries its own shipping and clears no existing fields (9.5585ms)
✔ PE14 patch changes only price and preserves unmentioned fields (0.188458ms)
✔ PE14 on_hand is not available, zero target is transmitted, ambiguous warehouse refuses (0.286542ms)
✔ PE14 explicit clears and shipping remain per SKU on an active row (0.129708ms)
✔ PE14 archive supersedes every other edit on that SKU (b77eeb11) (0.119458ms)
✔ PE14 no-op has no command fields and changed axes explicitly archive omitted variants (0.090666ms)
ℹ tests 20
ℹ suites 0
ℹ pass 20
ℹ fail 0
ℹ cancelled 0
ℹ skipped 0
ℹ todo 0
ℹ duration_ms 94.495583
(node:64125) ExperimentalWarning: Transform Types is an experimental feature and might change at any time
(Use `node --trace-warnings ...` to show where the warning was created)
✔ UNKNOWN retry client authorization loss requires reconciliation, not a fresh command (2.849208ms)
✔ UNKNOWN retry 401 authorization loss requires reconciliation, not a fresh command (8.180459ms)
✔ UNKNOWN retry 403 authorization loss requires reconciliation, not a fresh command (0.526042ms)
✔ a conclusive command rejection stays distinct from authorization loss (0.6995ms)
ℹ tests 4
ℹ suites 0
ℹ pass 4
ℹ fail 0
ℹ cancelled 0
ℹ skipped 0
ℹ todo 0
ℹ duration_ms 106.562125
(node:64128) ExperimentalWarning: Transform Types is an experimental feature and might change at any time
(Use `node --trace-warnings ...` to show where the warning was created)
✔ offer controls read authoritative limits without parsing unrelated KEYWORD_QTY_CONTAINS window/stats (10.971375ms)
✔ offer controls accept 101 through the backend cap of 200 distinct offers, reject 201 (1.821084ms)
✔ offer toggle preserves exactly the authoritative maximum in the real M4 payload (2.383709ms)
✔ console BFF admits exactly A1/A7/A6 and A5 read/copy methods (0.343292ms)
✔ Next proxy admits the exact console family and results query before the BFF (92.294083ms)
✔ results query is canonical repeated session_id 1..50, everything else queryless (0.083042ms)
✔ real BFF route forwards only exact resources, authenticates scope and returns private scrubbed errors (33.537791ms)
✔ new commands reject unknown keys and preserve frozen copy/lifecycle/recommend body (0.133875ms)
✔ browser commands reuse Studio fences, exact no-comment recommend body and backend refusal codes (1.279583ms)
✔ results client preserves canonical ids/order and rejects invalid list before fetch (0.245125ms)
✔ stock client reuses catalog transport/key/parser and fences a changed login without retries (0.966292ms)
✔ journal replay sends the exact original method/path/body/key for all five commands (1.733709ms)
(node:64129) ExperimentalWarning: Transform Types is an experimental feature and might change at any time
(Use `node --trace-warnings ...` to show where the warning was created)
✔ A1 strict MOCK snapshot preserves unavailable counts, capability unknown and server stock (2.043083ms)
✔ A7 returns a separate lifecycle version and closed full KEYWORD_QTY_CONTAINS window (0.124584ms)
✔ A5 results retain separate environments/currencies and bind exact requested ids/order (0.15125ms)
✔ A5 copy parses real Go envelope, copied offer prices and KEYWORD_QTY_CONTAINS window (0.322042ms)
✔ A6 accepts optional operation UUID, never guessed send success (0.083792ms)
(node:64130) ExperimentalWarning: Transform Types is an experimental feature and might change at any time
(Use `node --trace-warnings ...` to show where the warning was created)
✔ Live settings navigation accepts a scene picker entry but never a malformed or unscoped deep link (1.598084ms)
✔ LC-B7 stock permission admits live_adjust without inventory:write, not unrelated grants (0.130042ms)
✔ Instagram comment total stays unavailable; Facebook observed count is not a platform total (0.081166ms)
✔ LC-U1 one primary action follows lifecycle, never planning or transport state (0.054541ms)
✔ LC-U1 stock target uses sellable delta and rejects fractions, negative and over-limit changes (0.105875ms)
✔ LC-U1 links only explicit FB post identities, never arbitrary URLs or guessed videos (0.224333ms)
✔ LC-U1 Facebook preview keeps the original no-frame CSP and uses a safe external link (0.262417ms)
✔ LC-U1 delayed copy completion cannot navigate after store switch or unmount (0.111959ms)
✔ LC-U1 receipt fence survives cookie rotation; pending replay still has a separate session boundary (0.115292ms)
ℹ tests 26
ℹ suites 0
ℹ pass 26
ℹ fail 0
ℹ cancelled 0
ℹ skipped 0
ℹ todo 0
ℹ duration_ms 268.879958
✔ secondary failures preserve A1; only A1 is periodic; IG notice follows the platform/embeddability observation (164.733125ms)
✔ the existing console refresh also explicitly refreshes its parent list; no automatic list read (11.640625ms)
✔ parent forwards only an explicit refresh callback and retains the scene when list is unavailable (7.230458ms)
✔ every explicit browser response/event/navigation waiter has a finite sub-test budget (7.650291ms)
✔ A1 failures back off 3/6/12/24/30 seconds and success resets to five seconds (69.322666ms)
✔ Retry-After is a minimum; hidden tabs cancel polling; forbidden locks and conceals (27.525875ms)
✔ secondary reads are mount/refresh only, independent from A1 and non-fatal (16.790333ms)
✔ UNKNOWN journal restores the exact key/method/path/body and explicit retry after reload (22.12425ms)
✔ first definite 403 clears journal but locks commands; late success after navigation clears only its own key (18.433834ms)
✔ private reads preserve Retry-After seconds and dates, without changing existing error codes (14.899667ms)
✔ a restored in-flight or UNKNOWN request retains its journal after a replay 403 (47.778917ms)
✔ restored copy success dispatches completion only in the still-current scene (31.053209ms)
✔ SessionCopy resyncs closed same-ID titles, preserves open edits and cancels to latest draft (19.178042ms)
✔ SessionCopy submit uses latest version; UNKNOWN request survives later draft/input changes (18.514833ms)
ℹ tests 14
ℹ suites 0
ℹ pass 14
ℹ fail 0
ℹ cancelled 0
ℹ skipped 0
ℹ todo 0
ℹ duration_ms 462.24875
✔ claims window modes match Go constants and every SQL match_mode CHECK (3.409084ms)
✔ host prompt stays verbatim at the frozen trunk contract; Japanese is absent (1.052166ms)
✔ bundle parser accepts manual (labelled) and Meta (unlabelled) bundles (0.54925ms)
✔ bundle parser rejects unknown platforms and label/platform mismatches (0.141917ms)
✔ offer parser carries the live price and rejects every out-of-range or missing field (0.339917ms)
✔ library and import parsers are closed; removal receipt is the only version-0 shape (0.18675ms)
✔ price input: exact decimal minor units, never float, bounded to the currency's places (7.57375ms)
✔ live-tools copy exists in all three locales with the same conflict reasons (0.469042ms)
✔ claims BFF allowlist is exactly M1–M7 per method (2.729792ms)
✔ M7 link response shape is closed (0.880792ms)
✔ host prompt copy is the frozen text, verbatim (0.108875ms)
ℹ tests 11
ℹ suites 0
ℹ pass 11
ℹ fail 0
ℹ cancelled 0
ℹ skipped 0
ℹ todo 0
ℹ duration_ms 94.495292
NOT_RUN: tests/media/r04-input-runner.test.mjs (COMMERCE_R04_LIVEKIT_BINARY unset)
✔ main/detail/sku caps use the existing frozen image contract (0.571708ms)
✔ phone and tall dimensions fit2000 without enlarging small assets (0.13925ms)
✔ upload query requires one exact role and sku value; reads/actions carry no query (0.358959ms)
✔ role transport encodes current option values and refuses invalid identities (0.155917ms)
✔ effective image axis follows current options, then falls back to first (0.069125ms)
✔ detail and option photos cannot satisfy the main-photo recommendation (0.058375ms)
✔ PM-U copy has matching keys in ja and all currently routed locales (0.124666ms)
✔ real-upload mode builds both Next applications on a clean CI checkout (5.554292ms)
✔ upload recovery journal survives a new session while remaining product/store scoped (0.125875ms)
✔ an option upload receipt requires its captured axis, value and image id on canonical readback (0.112542ms)
✔ failed durable recovery storage cannot authorize a media write (0.083ms)
✔ an active product needs a main image after canonical media is known; repair paths stay possible (0.055041ms)
✔ empty media sections render a readable localized placeholder until photos are present (4.98975ms)
✔ real-upload mode never exits through the storefront MOCK shortcut (7.304375ms)
✔ a valid active zero-main product keeps an inline repair hint rather than a page error (2.906208ms)
✔ a new product issues the image-axis stage only for a chosen axis (0.334584ms)
ℹ tests 16
ℹ suites 0
ℹ pass 16
ℹ fail 0
ℹ cancelled 0
ℹ skipped 0
ℹ todo 0
ℹ duration_ms 221.963292
(node:64181) ExperimentalWarning: Transform Types is an experimental feature and might change at any time
(Use `node --trace-warnings ...` to show where the warning was created)
✔ a fitting PNG keeps the exact original File, bytes and alpha-capable format (0.766125ms)
✔ a JPEG exactly at both limits remains original, not a lossy re-encode (0.214292ms)
✔ an oversized phone JPEG is encoded below the cap after oriented scaling (0.472042ms)
✔ a large transparent PNG stays alpha-capable and is never painted with an opaque matte (0.357083ms)
ℹ tests 4
ℹ suites 0
ℹ pass 4
ℹ fail 0
ℹ cancelled 0
ℹ skipped 0
ℹ todo 0
ℹ duration_ms 84.491958
✔ HTTPS picklist fixture carries Secure session cookies automatically while preserving CSRF refusals (113.2065ms)
✔ batch controls stay compact until an order selection or live-session scope exists (0.136333ms)
✔ selection has XOR bodies, canonical unique IDs and separate 500/100 limits (0.359875ms)
✔ cross-page selection retains existing rows, deduplicates and refuses overflow atomically (0.695208ms)
✔ pick projection rejects PII/extra keys, invalid quantities and unmatched order identities (0.483375ms)
✔ batch replies bind one-for-one to confirmed orders and preserve uncertainty code (0.121625ms)
✔ pick/export POSTs reject keys and all query variants except one exact template (1.549417ms)
✔ CSV filename binds to selected template and store; no path/header injection (0.159208ms)
✔ MOCK browser fixture list matches the incumbent closed order parser (9.737625ms)
✔ recovery never clears an unknown or missing current attempt (0.121625ms)
✔ recovery and order-detail MOCK fixtures satisfy real read parsers (5.740458ms)
✔ order selection can read its session fence during SSR without browser globals (0.737959ms)
✔ MOU keeps native headed checks runnable on a Linux CI worker without DISPLAY (9.817125ms)
ℹ tests 13
ℹ suites 0
ℹ pass 13
ℹ fail 0
ℹ cancelled 0
ℹ skipped 0
ℹ todo 0
ℹ duration_ms 363.200667
✔ parseShard: i/N, empty means unsharded, anything malformed throws (0.676333ms)
✔ assignShards: deterministic, every key owned once, near-balanced (LPT bound) (0.910417ms)
✔ planClick: for every N the shards partition the whole universe (every registry route x variant, storefront walk, journey) (1.396875ms)
✔ planClick at N=10 keeps every shard within ~1.3x of the mean planned cost (0.146208ms)
✔ aggregate click: honest shards pass for several N (2.334ms)
✔ aggregate click: a missing shard, a dropped page row, a lost journey, a failing row, a stale known defect and a missing platform marker are each a failure (3.203125ms)
✔ aggregate click: a route added to the registry after the shards ran cannot pass (the registry is re-read) (0.353042ms)
✔ aggregate visual: honest shards pass; a missing shard, a missing shot, a blocking verdict and a registry route outside the universe each fail (4.288375ms)
ℹ tests 8
ℹ suites 0
ℹ pass 8
ℹ fail 0
ℹ cancelled 0
ℹ skipped 0
ℹ todo 0
ℹ duration_ms 82.247458
ci-plan: 10 job(s); click-sweep x10 (aggregate)
  --browser-click-sweep@1/10  -> artifact gate-browser-click-sweep_1_10
  --browser-click-sweep@2/10  -> artifact gate-browser-click-sweep_2_10
  --browser-click-sweep@3/10  -> artifact gate-browser-click-sweep_3_10
  --browser-click-sweep@4/10  -> artifact gate-browser-click-sweep_4_10
  --browser-click-sweep@5/10  -> artifact gate-browser-click-sweep_5_10
  --browser-click-sweep@6/10  -> artifact gate-browser-click-sweep_6_10
  --browser-click-sweep@7/10  -> artifact gate-browser-click-sweep_7_10
  --browser-click-sweep@8/10  -> artifact gate-browser-click-sweep_8_10
  --browser-click-sweep@9/10  -> artifact gate-browser-click-sweep_9_10
  --browser-click-sweep@10/10  -> artifact gate-browser-click-sweep_10_10
✔ the full sweep and the full visual lint fan out into every shard and ask for the aggregate (0.855625ms)
✔ foundation-shards = the unit shard + every plan group; the serial `foundation` mode is untouched (0.567958ms)
✔ an explicit shard re-run (or a partial list) never claims the whole-run aggregate (0.099333ms)
✔ duplicates collapse, artifact names are safe and unique, bad input is refused (0.312541ms)
✔ main writes matrix / sweep_n / visual_n to GITHUB_OUTPUT (1.636ms)
✔ backend-only paths run foundation-shards only (0.966625ms)
✔ node tests of deploy scripts and of the CI planner are backend-only (they cannot change a browser) (0.295375ms)
✔ a UI path adds the whole browser set, including click-sweep and visual-lint (1.438958ms)
✔ docs-only and output-only diffs keep the single required check (foundation-shards) (0.233417ms)
✔ tests/foundation/browser_* is a browser path, other tests/foundation files are not (0.240417ms)
✔ deploy flag: deploy/ and scripts/deploy* only (0.638791ms)
✔ the browser set is release-gate's browser-mode universe minus the documented exclusions (10.74475ms)
✔ parser: only compiled, correctly-shaped Test functions of untagged _test.go files (1.142042ms)
✔ the real plan: every top-level test of tests/foundation runs in exactly one group (546.162375ms)
✔ a new test (in no list) still runs, exactly once, in the catch-all group; the same name with no catch-all is red (797.827292ms)
✔ a test listed in two groups is red; drift beyond the limit is red (795.631208ms)
✔ regexes: anchored explicit lists; the catch-all skips exactly everyone else's tests (0.4495ms)
✔ pack: deterministic, balanced to within the longest test, every name once (3.676625ms)
✔ parseDurations: top-level lines only (0.158125ms)
ℹ tests 19
ℹ suites 0
ℹ pass 19
ℹ fail 0
ℹ cancelled 0
ℹ skipped 0
ℹ todo 0
ℹ duration_ms 2370.006042
✔ A8/A9/A13 and published templates: exact reads forward once with no-store (17.7225ms)
✔ real streamed POST bodies: A10-A14 exact keys reach upstream (8.578916ms)
✔ query, read headers, methods and body allowlists refuse before upstream (5.564584ms)
✔ session, CSRF and store authority precede content forwarding (2.015ms)
✔ A12 fixed codes preserved; arbitrary upstream diagnostics stripped (4.9885ms)
✔ client preserves codes and receipt; changed/aborted session cannot publish private response (2.574875ms)
✔ A9 admits a full page of valid Unicode replies while bounding private response bytes (3.595542ms)
✔ non-JSON upstream 401 still expires both authentication cookies without diagnostic leakage (1.207584ms)
✔ real M7 response keeps no-referrer after matching Next production header rules (16.004583ms)
✔ three unit languages cover identical fixed labels and delivery states (0.665916ms)
✔ hiding aborts requests and rejects late responses, even after reveal (0.380542ms)
✔ switching selection invalidates both reads and write completions (0.062541ms)
✔ owner and explicit inbox permissions only; viewer fails closed (0.0555ms)
✔ Messenger counts Unicode codepoints; Instagram counts NFC UTF8 bytes (1.8785ms)
✔ uncertain transport retries retain the exact submission; definitive conflicts retire it (0.567875ms)
✔ privacy calibration cannot activate with production origin or ordinary caller env (0.1375ms)
✔ late focus/pageshow while native document remains hidden cannot reveal requests (0.088084ms)
✔ terminal navigation revocation cannot be undone by focus or refresh until a new page fence (0.059084ms)
✔ a ticket from another store/page fence is never accepted (0.040041ms)
✔ focus while already visible preserves the active epoch and the uncertain reply receipt (0.077958ms)
ℹ tests 20
ℹ suites 0
ℹ pass 20
ℹ fail 0
ℹ cancelled 0
ℹ skipped 0
ℹ todo 0
ℹ duration_ms 165.521334
✔ installed APIRequestContext cookie rules exclude Secure cookie from HTTP127 but retain HTTPS/localhost (0.458875ms)
✔ actual INU02 cross uses browser auth and retains exact 404/DM absence (24.150584ms)
✔ actual INU02 cross still rejects wrong authority 401 (4.261375ms)
✔ actual INU02 cross still rejects wrong authority 200 (2.324ms)
✔ actual INU02 cross still rejects DM in denied response (1.424042ms)
✔ actual INU02 denied uses browser auth and retains exact 403/DM absence (2.50875ms)
✔ actual INU02 denied still rejects wrong authority 401 (1.412333ms)
✔ actual INU02 denied still rejects wrong authority 200 (1.103208ms)
✔ actual INU02 denied still rejects DM in denied response (1.00075ms)
✔ actual login settles /en and fixture store (real switch, scoped=false) (46.650125ms)
✔ actual login settles /en and fixture store (real switch, scoped=true) (4.422292ms)
✔ actual login settles /en/inventory and fixture store (real switch, scoped=false) (5.672375ms)
✔ actual login settles /en/inventory and fixture store (real switch, scoped=true) (4.611542ms)
✔ actual login settles /en/messages and fixture store (real switch, scoped=false) (4.96075ms)
✔ actual login settles /en/messages and fixture store (real switch, scoped=true) (7.785333ms)
✔ actual login settles /en and fixture store (already selected, scoped=false) (6.660584ms)
✔ actual login settles /en and fixture store (already selected, scoped=true) (1.648375ms)
✔ actual login settles /en/inventory and fixture store (already selected, scoped=false) (1.2695ms)
✔ actual login settles /en/inventory and fixture store (already selected, scoped=true) (11.044625ms)
✔ actual login settles /en/messages and fixture store (already selected, scoped=false) (28.6855ms)
✔ actual login settles /en/messages and fixture store (already selected, scoped=true) (7.863875ms)
✔ bundle fixture uses real claim commands and mounts existing M6/M7 without issuing early (1.045958ms)
✔ sensitive bundle scenario clicks native clipboard with trace/video disabled and no token body reads (0.162375ms)
✔ persisted link and token-free command receipt are compared without disclosing credentials (0.130375ms)
✔ actual clipboard evaluator exports only safe summary and detects malformed or retained synthetic credentials (291.705834ms)
✔ claim-window fixture isolates recovery after the current migration permits multiple OPEN windows (2.040333ms)
✔ ordinary Playwright diagnostics still capture failed-page ARIA when private guard is absent (0.618083ms)
✔ sensitive worker lifecycle prevents actual installed snapshot capture without masking the failure (21.106166ms)
✔ worker restores prior environment even when use rejects (absent) (2.433958ms)
✔ worker restores prior environment even when use rejects (empty) (2.032584ms)
✔ worker restores prior environment even when use rejects (existing-policy) (1.47625ms)
✔ fixture is worker-auto and module collection does not suppress ordinary diagnostics (77.882041ms)
✔ ordinary matcher ARIA context bypasses fallback flag and remains in actual installed diagnostics (0.740292ms)
✔ private test teardown removes only matcher page context while preserving failure (failed status) (9.496042ms)
✔ private test teardown removes only matcher page context while preserving failure (rejected use) (2.204958ms)
✔ matcher guard is test-auto without replacing the installed artifact auto fixture (3.92675ms)
✔ real Playwright --list collects each original INU case and isolated INU09 exactly once (1100.816583ms)
✔ A real Inbox selection admits Go A9 attachments null without losing thread (65.635333ms)
✔ A real Inbox selection admits Go A9 attachments empty array without losing thread (11.33925ms)
✔ A malformed non-array A9 attachments is refused without painting DM or crashing selected entry (5.189292ms)
✔ C A8 HTTP200 empty list is ordinary data with no alert, selection or focus request storm (1.408667ms)
✔ C A8 list404 is scoped inbox unavailable in en, never an empty list or conversation denial (1.899458ms)
✔ C A8 list404 is scoped inbox unavailable in zh-TW, never an empty list or conversation denial (1.523ms)
✔ C A8 list404 is scoped inbox unavailable in zh-CN, never an empty list or conversation denial (4.055208ms)
✔ C click-sweep Go harness mounts existing Inbox/templates services (STRUCTURE_ONLY, Go NOT_RUN) (0.954417ms)
✔ C click-sweep includes actual-router owner200 empty inbox assertion (STRUCTURE_ONLY, Go NOT_RUN) (0.511666ms)
✔ inbox evidence is covered by the CI upload root (2.709042ms)
✔ failed Playwright closes its log and emits sanitized diagnostics before Fatalf (0.253041ms)
✔ failure diagnostics match INU cases/counts without admitting private text (1.330709ms)
✔ INU04 delayed handler 1 signals completion when fulfillment rejects (15.614542ms)
✔ INU04 delayed handler 2 signals completion when fulfillment rejects (1.41ms)
✔ recoveryDone waits for actual held M7 completion in zh-TW (40.872042ms)
✔ recoveryDone waits for actual held M7 completion in zh-CN (2.395292ms)
✔ recoveryDone waits for actual held M7 completion in en (1.906833ms)
✔ review2 P1 bundle-only row opens real A13 and issues existing M7 claim link to clipboard (63.164375ms)
✔ review2 P1 clipboard denial recopy reuses cached issued URL without another M7 POST (81.624833ms)
✔ review2 P1 lost M7 ACK retries exact receipt and null replay token never mints a fresh key (13.284209ms)
✔ review2 P1 missing CSRF before cached recopy cannot copy or issue again (2.955584ms)
✔ review2 P1 missing CSRF before uncertain retry rejects preserved receipt dispatch (4.34825ms)
✔ review2 P1 late issued-link completion after hide cannot write clipboard (3.368792ms)
✔ review2 P1 late issued-link completion after selection cannot write clipboard (2.9965ms)
✔ review2 P1 late issued-link completion after unmount cannot write clipboard (1.396334ms)
✔ review2 P1 late issued-link completion after logout cannot write clipboard (3.667708ms)
✔ review2 P1 claim-link issuance denied without both live read/manage (inbox:read,live:read) (0.880958ms)
✔ review2 P1 claim-link issuance denied without both live read/manage (inbox:read,live:manage) (1.220834ms)
✔ review2 P1 missing authoritative recovery identity never guesses generation {"missingSession":true} (1.252541ms)
✔ review2 P1 missing authoritative recovery identity never guesses generation {"noBundle":true} (0.913666ms)
✔ review2 P2 exactly one matching binding uses named DM hard gate ok (3.374958ms)
✔ review2 P2 exactly one matching binding uses named DM hard gate review_required (1.328959ms)
✔ review2 P2 exactly one matching binding uses named DM hard gate missing_permission (1.935875ms)
✔ review2 P2 multiple same-provider bindings advisory only (dm_session:ok,dm_session:missing_permission) (2.172584ms)
✔ review2 P2 multiple same-provider bindings advisory only (dm_session:missing_permission,dm_session:reauth_required) (1.927584ms)
✔ review2 P2 multiple same-provider bindings advisory only (dm_session:ok,read_comment:missing_permission) (1.733292ms)
✔ review2 P2 multiple same-provider bindings advisory only (dm_session:review_required,dm_session:ok) (1.8295ms)
✔ review2 P2 actual scoped A12 409 capability refusal remains visible after advisory submit (3.320041ms)
✔ review2 P2 missing health and single binding without named DM remain disabled (1.10175ms)
✔ review2 P2 expired cached issued link cannot be recopied or silently reissued (2.645792ms)
✔ P1-1 actual visible focus preserves pending ticket, selection, revision and real retry receipt (20.606083ms)
✔ P1-1 actual unchanged-session pageshow checks without clearing; changed-session focus expires (1.353791ms)
✔ P1-1 actual hide/reveal clears and requests fresh revision, never accepts obsolete completion (0.414708ms)
✔ P1-1 changed-session visible focus expires even with a pending request (0.207333ms)
✔ P1-2 actual A9 refresh 404 removes rendered DM and unsent draft (40.972541ms)
✔ P1-2 actual send-finally A9 404 removes DM, draft and uncertain immutable receipt (3.374042ms)
✔ actual uncertain send still retains exact receipt when A9 authority remains (0ms post-send A9) (10.843333ms)
✔ actual uncertain send still retains exact receipt when A9 authority remains (50ms post-send A9) (108.864959ms)
✔ actual A9 stale held completion cannot paint after component cleanup (1.178041ms)
✔ P2 actual A14 404 clears buyer facts and customer draft (explicit future-version MOCK) (1.746083ms)
✔ safe authority errors remain the actual InboxError transport class (0.054542ms)
✔ actual current A13 without version keeps A14 disabled; future MOCK grants no backend claim (0.596208ms)
✔ P1-2 actual A11 takeover write 404 clears private state despite failing follow-up A9 (1.042875ms)
✔ P1-2 actual A12 send write 404 clears private state despite failing follow-up A9 (1.048583ms)
✔ A13 server orders omission remains distinct from authorized omitted data (0.692625ms)
✔ A13 server orders omission remains distinct from authorized empty data (0.478333ms)
✔ A13 server orders omission remains distinct from authorized populated data (0.476792ms)
✔ actual shell-store-selector captures selection before synchronous privacy teardown (allowed=true) (34.48575ms)
✔ actual shell-store-selector captures selection before synchronous privacy teardown (allowed=false) (3.753917ms)
✔ actual locale-switch captures selection before synchronous privacy teardown (allowed=true) (5.471542ms)
✔ actual locale-switch captures selection before synchronous privacy teardown (allowed=false) (2.613875ms)
✔ persisted A9 UNKNOWN after page entry warns and blocks the real composer in en (23.454375ms)
✔ persisted A9 UNKNOWN after page entry warns and blocks the real composer in zh-TW (1.818417ms)
✔ persisted A9 UNKNOWN after page entry warns and blocks the real composer in zh-CN (3.402125ms)
✔ A12 queued ACK followed by final A9 UNKNOWN overrides the local queued notice and blocks another send (3.32575ms)
✔ a captured previously enabled composer cannot bypass final UNKNOWN learned by Refresh (3.398709ms)
✔ a later A9 page omitting the known UNKNOWN is not delivery reconciliation (3.498166ms)
✔ persisted queued is not mislabeled UNKNOWN and retains ordinary composer eligibility (1.651834ms)
✔ persisted sent is not mislabeled UNKNOWN and retains ordinary composer eligibility (0.608958ms)
✔ persisted failed is not mislabeled UNKNOWN and retains ordinary composer eligibility (0.8255ms)
✔ persisted blocked is not mislabeled UNKNOWN and retains ordinary composer eligibility (2.842792ms)
✔ fresh mount refuses when an old UNKNOWN is beyond 51 newer messages (fact=true) (1.342541ms)
✔ fresh mount refuses when an old UNKNOWN is beyond 51 newer messages (fact=null) (1.34475ms)
✔ fresh mount refuses when an old UNKNOWN is beyond 51 newer messages (fact=undefined) (1.430833ms)
✔ fresh mount refuses when an old UNKNOWN is beyond 51 newer messages (fact=false) (1.200041ms)
✔ a refreshed unknown authority replaces old clear authority even for a captured composer (0.841625ms)
✔ window strict eligibility with 300001ms before hard 24h deadline (14.937792ms)
✔ window strict eligibility with 300000ms before hard 24h deadline (1.43325ms)
✔ window strict eligibility with 60000ms before hard 24h deadline (0.9845ms)
✔ window strict eligibility with 0ms before hard 24h deadline (0.819958ms)
✔ window invalid server deadline fails closed without preparing a send (0.715333ms)
✔ window captured enabled form callback cannot POST after crossing safe cutoff (0.661375ms)
✔ window deadline timer closes controls at cutoff and hard end without waiting for 15s poll (0.666333ms)
✔ quota recovery gives exact zh-TW comment-quota and DM-window instructions beside copy only (0.314833ms)
✔ quota recovery gives exact zh-CN comment-quota and DM-window instructions beside copy only (0.087458ms)
✔ quota recovery gives exact en comment-quota and DM-window instructions beside copy only (0.088959ms)
ℹ tests 123
ℹ suites 0
ℹ pass 123
ℹ fail 0
ℹ cancelled 0
ℹ skipped 0
ℹ todo 0
ℹ duration_ms 1220.003375
