=== RUN   TestMetaClaimsMCI10AttributionFinishNegatives
=== RUN   TestMetaClaimsMCI10AttributionFinishNegatives/contracted
=== RUN   TestMetaClaimsMCI10AttributionFinishNegatives/arbitrary_query
=== RUN   TestMetaClaimsMCI10AttributionFinishNegatives/wrong_fence
=== RUN   TestMetaClaimsMCI10AttributionFinishNegatives/claim_escape
=== RUN   TestMetaClaimsMCI10AttributionFinishNegatives/tx_rebind
=== RUN   TestMetaClaimsMCI10AttributionFinishNegatives/tx_shadow
=== RUN   TestMetaClaimsMCI10AttributionFinishNegatives/ctx_rebind
=== RUN   TestMetaClaimsMCI10AttributionFinishNegatives/extra_SQL
=== RUN   TestMetaClaimsMCI10AttributionFinishNegatives/async_SQL
=== RUN   TestMetaClaimsMCI10AttributionFinishNegatives/deferred_SQL
=== RUN   TestMetaClaimsMCI10AttributionFinishNegatives/extra_closure
=== RUN   TestMetaClaimsMCI10AttributionFinishNegatives/claim_marshalled
=== RUN   TestMetaClaimsMCI10AttributionFinishNegatives/renamed_callback
--- PASS: TestMetaClaimsMCI10AttributionFinishNegatives (0.00s)
    --- PASS: TestMetaClaimsMCI10AttributionFinishNegatives/contracted (0.00s)
    --- PASS: TestMetaClaimsMCI10AttributionFinishNegatives/arbitrary_query (0.00s)
    --- PASS: TestMetaClaimsMCI10AttributionFinishNegatives/wrong_fence (0.00s)
    --- PASS: TestMetaClaimsMCI10AttributionFinishNegatives/claim_escape (0.00s)
    --- PASS: TestMetaClaimsMCI10AttributionFinishNegatives/tx_rebind (0.00s)
    --- PASS: TestMetaClaimsMCI10AttributionFinishNegatives/tx_shadow (0.00s)
    --- PASS: TestMetaClaimsMCI10AttributionFinishNegatives/ctx_rebind (0.00s)
    --- PASS: TestMetaClaimsMCI10AttributionFinishNegatives/extra_SQL (0.00s)
    --- PASS: TestMetaClaimsMCI10AttributionFinishNegatives/async_SQL (0.00s)
    --- PASS: TestMetaClaimsMCI10AttributionFinishNegatives/deferred_SQL (0.00s)
    --- PASS: TestMetaClaimsMCI10AttributionFinishNegatives/extra_closure (0.00s)
    --- PASS: TestMetaClaimsMCI10AttributionFinishNegatives/claim_marshalled (0.00s)
    --- PASS: TestMetaClaimsMCI10AttributionFinishNegatives/renamed_callback (0.00s)
=== RUN   TestMetaClaimsMCI10SharedPageLoaderNegatives
=== RUN   TestMetaClaimsMCI10SharedPageLoaderNegatives/contracted
=== RUN   TestMetaClaimsMCI10SharedPageLoaderNegatives/arbitrary_query
=== RUN   TestMetaClaimsMCI10SharedPageLoaderNegatives/query_rebind
=== RUN   TestMetaClaimsMCI10SharedPageLoaderNegatives/tx_rebind
=== RUN   TestMetaClaimsMCI10SharedPageLoaderNegatives/tx_shadow
=== RUN   TestMetaClaimsMCI10SharedPageLoaderNegatives/claim_escapes
=== RUN   TestMetaClaimsMCI10SharedPageLoaderNegatives/wrong_fence
=== RUN   TestMetaClaimsMCI10SharedPageLoaderNegatives/extra_SQL
=== RUN   TestMetaClaimsMCI10SharedPageLoaderNegatives/async_SQL
=== RUN   TestMetaClaimsMCI10SharedPageLoaderNegatives/extra_closure
=== RUN   TestMetaClaimsMCI10SharedPageLoaderNegatives/aliased_loader
=== RUN   TestMetaClaimsMCI10SharedPageLoaderNegatives/extra_call
=== RUN   TestMetaClaimsMCI10SharedPageLoaderNegatives/wrong_audience_SQL
=== RUN   TestMetaClaimsMCI10SharedPageLoaderNegatives/wrong_route_field
=== RUN   TestMetaClaimsMCI10SharedPageLoaderNegatives/wrong_scopes
=== RUN   TestMetaClaimsMCI10SharedPageLoaderNegatives/unused_audience_call
--- PASS: TestMetaClaimsMCI10SharedPageLoaderNegatives (0.01s)
    --- PASS: TestMetaClaimsMCI10SharedPageLoaderNegatives/contracted (0.00s)
    --- PASS: TestMetaClaimsMCI10SharedPageLoaderNegatives/arbitrary_query (0.00s)
    --- PASS: TestMetaClaimsMCI10SharedPageLoaderNegatives/query_rebind (0.00s)
    --- PASS: TestMetaClaimsMCI10SharedPageLoaderNegatives/tx_rebind (0.00s)
    --- PASS: TestMetaClaimsMCI10SharedPageLoaderNegatives/tx_shadow (0.00s)
    --- PASS: TestMetaClaimsMCI10SharedPageLoaderNegatives/claim_escapes (0.00s)
    --- PASS: TestMetaClaimsMCI10SharedPageLoaderNegatives/wrong_fence (0.00s)
    --- PASS: TestMetaClaimsMCI10SharedPageLoaderNegatives/extra_SQL (0.00s)
    --- PASS: TestMetaClaimsMCI10SharedPageLoaderNegatives/async_SQL (0.00s)
    --- PASS: TestMetaClaimsMCI10SharedPageLoaderNegatives/extra_closure (0.00s)
    --- PASS: TestMetaClaimsMCI10SharedPageLoaderNegatives/aliased_loader (0.00s)
    --- PASS: TestMetaClaimsMCI10SharedPageLoaderNegatives/extra_call (0.00s)
    --- PASS: TestMetaClaimsMCI10SharedPageLoaderNegatives/wrong_audience_SQL (0.00s)
    --- PASS: TestMetaClaimsMCI10SharedPageLoaderNegatives/wrong_route_field (0.00s)
    --- PASS: TestMetaClaimsMCI10SharedPageLoaderNegatives/wrong_scopes (0.00s)
    --- PASS: TestMetaClaimsMCI10SharedPageLoaderNegatives/unused_audience_call (0.00s)
=== RUN   TestMetaClaimsMCI10SecretClaimOnlyInLoadSecret
--- PASS: TestMetaClaimsMCI10SecretClaimOnlyInLoadSecret (0.10s)
=== RUN   TestMetaClaimsMCI10AdsRefusalFinishException
=== RUN   TestMetaClaimsMCI10AdsRefusalFinishException/contracted_Finish
=== RUN   TestMetaClaimsMCI10AdsRefusalFinishException/moved_file
=== RUN   TestMetaClaimsMCI10AdsRefusalFinishException/renamed_function
=== RUN   TestMetaClaimsMCI10AdsRefusalFinishException/Check_callback
=== RUN   TestMetaClaimsMCI10AdsRefusalFinishException/Dispatch_callback
=== RUN   TestMetaClaimsMCI10AdsRefusalFinishException/Reconcile_callback
=== RUN   TestMetaClaimsMCI10AdsRefusalFinishException/alias
=== RUN   TestMetaClaimsMCI10AdsRefusalFinishException/loader_substituted
=== RUN   TestMetaClaimsMCI10AdsRefusalFinishException/loader_added
=== RUN   TestMetaClaimsMCI10AdsRefusalFinishException/comment_only
=== RUN   TestMetaClaimsMCI10AdsRefusalFinishException/unused_literal_only
=== RUN   TestMetaClaimsMCI10AdsRefusalFinishException/wrong_fence
=== RUN   TestMetaClaimsMCI10AdsRefusalFinishException/claim_escapes
=== RUN   TestMetaClaimsMCI10AdsRefusalFinishException/renamed_callback_with_unused_loader_literal
=== RUN   TestMetaClaimsMCI10AdsRefusalFinishException/moved_callback_with_unused_loader_literal
--- PASS: TestMetaClaimsMCI10AdsRefusalFinishException (0.00s)
    --- PASS: TestMetaClaimsMCI10AdsRefusalFinishException/contracted_Finish (0.00s)
    --- PASS: TestMetaClaimsMCI10AdsRefusalFinishException/moved_file (0.00s)
    --- PASS: TestMetaClaimsMCI10AdsRefusalFinishException/renamed_function (0.00s)
    --- PASS: TestMetaClaimsMCI10AdsRefusalFinishException/Check_callback (0.00s)
    --- PASS: TestMetaClaimsMCI10AdsRefusalFinishException/Dispatch_callback (0.00s)
    --- PASS: TestMetaClaimsMCI10AdsRefusalFinishException/Reconcile_callback (0.00s)
    --- PASS: TestMetaClaimsMCI10AdsRefusalFinishException/alias (0.00s)
    --- PASS: TestMetaClaimsMCI10AdsRefusalFinishException/loader_substituted (0.00s)
    --- PASS: TestMetaClaimsMCI10AdsRefusalFinishException/loader_added (0.00s)
    --- PASS: TestMetaClaimsMCI10AdsRefusalFinishException/comment_only (0.00s)
    --- PASS: TestMetaClaimsMCI10AdsRefusalFinishException/unused_literal_only (0.00s)
    --- PASS: TestMetaClaimsMCI10AdsRefusalFinishException/wrong_fence (0.00s)
    --- PASS: TestMetaClaimsMCI10AdsRefusalFinishException/claim_escapes (0.00s)
    --- PASS: TestMetaClaimsMCI10AdsRefusalFinishException/renamed_callback_with_unused_loader_literal (0.00s)
    --- PASS: TestMetaClaimsMCI10AdsRefusalFinishException/moved_callback_with_unused_loader_literal (0.00s)
PASS
ok  	livecommerce/tests/foundation	1.558s
