✔ /products/{uuid} redirects permanently to the zh-TW product page (15.812417ms)
✔ non-uuid ids are 404, never redirected (13.401666ms)
✔ AT1: the locale redirect preserves the ad-click query without allowing a redirect target (0.550959ms)
✔ R10: standalone signed signals survive a missing or expired seven-day touch (9.912459ms)
✔ R10: standalone signals reject expiry, bad signature, duplicates and another host (2.706625ms)
✔ AT1 R5: browser identity survives expired touch and rolls for ninety days (0.247208ms)
✔ AT1 R5: missing ad parameters create no cookies; fbclid alone creates no touch (0.630417ms)
✔ AT1 R5: lc_ad alone updates attribution and does not replace fbc (0.141625ms)
✔ AT1: host-only first-party cookies contain no PII and read back exactly (0.271ms)
✔ AT1: a later valid click replaces the draft but preserves the browser identifier (0.133167ms)
✔ R10: only a different fbclid replaces fbc and its first-seen timestamp (0.231375ms)
✔ AT1: malformed and ambiguous links do not overwrite a valid prior touch (0.737125ms)
✔ AT1: host and key binding reject copied cookies (1.302042ms)
✔ AT1: duplicates and tampering invalidate the entire envelope (0.230959ms)
✔ AT1: exactly seven days is valid, the next millisecond and future clicks are not (2.822458ms)
✔ transfer view: closed shape and state rules mirror Go validTransferView (1.484166ms)
✔ proof body and result: five digits, positive minor amount, ISO instant (0.262209ms)
✔ minorFromText: major units with at most two decimals, never a float surprise (0.097542ms)
✔ buyer email mirror: one plain address, 254 characters at most (0.107167ms)
✔ countdown: whole hours and minutes, never negative (2.087541ms)
✔ copy: three locales carry every key and every refusal code (1.869ms)
✔ options: a home row lists modes only with bank_transfer and then needs its window (1.732584ms)
✔ checkoutInput: a home bank_transfer body, the optional trimmed email, and every refusal before any request (4.275083ms)
✔ order: AWAITING_TRANSFER is a valid commercial state without a hold time (0.235875ms)
✔ BFF: exact transfer routes, keyed proof PUT, strict body, validated answers, no generic proxy (88.0595ms)
✔ BFF: transfer refusal codes pass through as definite 422; checkout accepts bank_transfer and a valid email only (25.606166ms)
✔ D06 order heading follows a settled transfer: never 'waiting for transfer' above a confirmed or expired one (0.12175ms)
✔ uncertain prepare blocks all mutations; changed cookie context resolves journal (19.617584ms)
✔ fully parsed local denial clears only its own pending operation (0.748917ms)
✔ malformed journal, unavailable lock and stale context fail before writes (8.53175ms)
✔ BPT05 exact handoff permits absent body/key, one fetch, no form persistence (16.545125ms)
✔ BPT05 wrong handoff form and ordinary writes fail before any fetch (0.556ms)
✔ BPT05 unresolved cookie journal blocks handoff; lost response is one fetch without persistence (0.161958ms)
✔ SU02 refresh permits absent body/key, one fetch, no persistence (0.184459ms)
✔ SU02 refresh rejects a body, a key or a malformed path before any fetch (0.142667ms)
✔ SU02 cancel permits absent body/key, one fetch, no persistence (0.103208ms)
✔ SU02 cancel rejects a body, a key or a malformed path before any fetch (0.095375ms)
✔ BPT01 exact private path, headers, body and three-locale one-fetch transport (68.3845ms)
✔ BPT02 payment routes reject untrusted path, context, headers, key and body before fetch (26.695ms)
✔ BPT03 hostile upstream success is sanitized, never returned as payment data (3.87875ms)
✔ BPT04 every handoff failure is nonretryable, including pre-route and transport loss (1.102959ms)
✔ SU02 five routes: exact upstream path, method, key, body, one fetch each (0.872208ms)
✔ SU02 refresh and cancel are keyless and pass every CSRF/context denial before fetch (1.439875ms)
✔ SU02 every handoff/refresh/cancel failure is nonretryable and sanitized (2.275542ms)
✔ SU02 hostile Stripe bodies become the sanitized 503; PAYUNi and Stripe bodies stay byte-identical (15.507416ms)
✔ SU02 prepare accepts only the two known method codes (4.05725ms)
✔ disabled and invalid configuration fail closed before private fetch (121.793833ms)
✔ private authority, cookie lifecycle and strict local denial (21.067833ms)
✔ bad host, cookie, query and method never reach private API (15.919792ms)
✔ stalled inbound POST body is canceled at its deadline without a cookie or private call (4.288333ms)
✔ R10: Begin forwards independently signed signals; browser attribution and forwarded hosts are not authority (12.593375ms)
✔ CVS BFF: exact routes, keyed open/store, keyless verify, validated answers, no generic proxy (16.125666ms)
✔ CVS BFF: contract refusal codes pass through; pay_at_pickup_limit is a definite (non-retryable) 429 (2.07075ms)
✔ fragment grammar accepts only one canonical token (0.392667ms)
✔ claim projections are closed (1.861083ms)
✔ claim token rides only its header on B1/B2 and is never echoed (163.30425ms)
✔ CVS01 map form: only the two ECPay e-map actions, exact fields, top-level-safe values (3.355833ms)
✔ CVS02 return path allowlist excludes /claim and anything but the checkout or product page (0.516083ms)
✔ CVS03 selection projection: VERIFIED<=>pickup, REJECTED<=>reject_code, absent keys read as null (1.566042ms)
✔ CVS04 buyer-entered store answer and request body (0.846125ms)
✔ CVS05 store code table (§16.1) keeps leading zeros and per-chain lengths (3.701875ms)
✔ CVS06 recipient mirror: real-name width 4..10 (CJK=2), no digits/symbols/emoji; 09 mobile (1.899042ms)
✔ CVS07 checkout draft: name, phone and mode only; read once; corrupt/foreign shapes are dropped (2.577375ms)
✔ CVS08 return URL: only ?cvs_selection=<uuid> is accepted (0.592916ms)
✔ CVS09 buyer order projection and copy keys: nothing but PICKED_UP says picked up (0.448375ms)
✔ CVS10 error codes: field mapping, definite refusals, official links are https constants (10.158959ms)
✔ CVS11 client transport: verify is the one new keyless POST; the server refusal code rides BuyerClientError.detail (27.571375ms)
✔ every locale x page has a title, an updated line and at least one section (0.637541ms)
✔ locales share the section count and per-section body count of every page (5.051458ms)
✔ final text is only the owner-confirmed company facts (CR 81215167 name + registered address); nothing else is final (0.647666ms)
✔ footer has 7 unique hrefs: 5 policies, anti-fraud guidance and data-deletion, per locale (0.542917ms)
✔ data-deletion path is named in the privacy page of every locale (0.08575ms)
✔ pendingOwnerText lists exactly the rendered markers and is written for the owner (2.36525ms)
✔ a live (claim-origin) price replaces the catalog price and strikes it through (1.362375ms)
✔ without a live price the catalog price and its compare-at are shown unchanged (0.255791ms)
✔ a live price equal to or above the catalog price is shown as set (strike hidden by the UI guard) (0.170375ms)
✔ a live price strikes the catalog price, never the variant sale price (0.167208ms)
✔ order ref: 12 hex (dashes or spaces, any case) or a full id (1.66825ms)
✔ contact: one email or a phone of 6..20 digits (0.477ms)
✔ body is exactly {order_ref, contact}; the answer is exactly {order_id} (0.229041ms)
✔ BFF lookup: no cookie needed, fresh token goes upstream, cookie only on 200 and it carries that same token (47.135583ms)
✔ BFF lookup: strict local denial before any private fetch (2.196208ms)
✔ copy: three locales carry every key (0.263459ms)
✔ MS4 srcset descriptors use actual decoded widths and deduplicate small renditions (1.123584ms)
✔ MS1 product rendition allowlist preserves trusted Host and never forwards buyer cookies (18.329917ms)
✔ MS2 invalid, duplicate, extra, encoded widths and non-product variants fail before fetch (0.892625ms)
✔ MS3 old-image fallback is never promoted to immutable; committed variants are cacheable (43.496083ms)
✔ TWD whole amounts show no decimals in every locale and at every magnitude (line, subtotal, total, zero) (21.319125ms)
✔ cents appear only when there are cents, then always as two digits; the minor-unit arithmetic is untouched (0.188667ms)
✔ digits come from the currency: JPY none, USD two when there are cents (1.320083ms)
✔ one formatter: no component, page or lib builds a currency Intl.NumberFormat outside lib/money.ts (95.083917ms)
✔ fragment: exactly #o=<order id>&t=<43-char token>; anything else is null (0.699792ms)
✔ body is exactly {order_id, token, proof}; the answer is exactly the order the link named (0.143875ms)
✔ BFF link: no cookie needed, fresh token upstream, cookie only on a 200 naming the same order, link token never echoed (111.206ms)
✔ BFF link: strict local denial before any private fetch (20.31825ms)
✔ copy: three locales, one refusal text, a retry and a lookup path (0.11775ms)
✔ BPU01 fresh payment writes exact metadata before prepare, one bodyless Take, no persistent form (36.127166ms)
✔ BPU01 lost prepare response replays original key/body only on explicit next click (38.29575ms)
✔ BPU01 lost handoff is permanently GET-only, even after a second click (0.876209ms)
✔ BPU01 storage, amount, scope and child/screen fences reject before irreversible writes (0.698917ms)
✔ BPU01 document/child loss after prepare but before Take leaves exact replay marker (5.507667ms)
✔ BPU01 malformed server handoff never submits and Take remains nonretryable (0.850666ms)
✔ BPU01 marker replacement before Take and after Take blocks release/form reuse (3.241166ms)
✔ BPU01 context replacement after prepare and after Take closes destination without form (0.774667ms)
✔ BPU01 synchronous destination refuses invalid locale before opening a window (0.136625ms)
✔ SU03 fresh Stripe pay: marker before prepare, one prepare, one handoff, navigate, URL never stored (0.931875ms)
✔ SU03 marker replay: lost prepare response replays key/body, no uncertain on PENDING view with leftover marker (1.930542ms)
✔ SU03 cross-device Continue needs no marker and never prepares (4.169792ms)
✔ SU03 marker/view matrix: PAYUNi marker on Stripe view and Stripe marker on PAYUNi view send nothing (5.891584ms)
✔ SU03 any other view renders without a POST (0.626625ms)
✔ SU03 CREATING: waits on the schedule without the lock, then hands off once when READY (16.325042ms)
✔ SU03 CREATING budget: 10 reads over 30 s, then the blank child is closed, no POST, no throw (148.619708ms)
✔ SU03 cancel_requested seen on the re-GET aborts before the handoff POST (0.500042ms)
✔ SU03 handoff outcomes: CREATING closes child, CLOSED/UNAVAILABLE/error/malformed reject; one POST each, never retried (3.195417ms)
✔ SU03 Stripe prepare errors, amount/currency mismatch and popup loss stop before any handoff (7.273958ms)
✔ SU03 two clicks make two handoff POSTs only because there were two clicks; sequential, none from reads (21.16225ms)
✔ SU03 navigate: validates again, needs an owned blank child, sets used before replace, no URL in errors (0.459ms)
✔ SU03 refresh signal: keyless single POST, validated, throttled 1/10 s and 30 per page life, cancel never throttled (16.000875ms)
✔ SU03 signal failures are single-shot and sanitized: HTTP error, malformed body, wrong order (0.490875ms)
✔ private quote/option authority fields are required; only exact MANUAL home can checkout (1.482542ms)
✔ continue shopping advances only ordered version, clears hint, keeps SQL history authoritative (31.807375ms)
✔ lost next-cart response retries identical key/body and preserves a newer cart (47.449083ms)
✔ continuation never overwrites an already advanced cart (0.453333ms)
✔ unknown checkout blocks continuation without any business request (0.297583ms)
✔ two queued continuation clicks mutate once; stale order ID cannot clear another order (6.935958ms)
✔ CAS conflict resolves only after a newer cart is read (0.945916ms)
✔ locator removal failure retains next-cart journal and recovery survives missing locator (0.529584ms)
✔ order history summary rejects PII/unknown fields and malformed scope IDs (0.084375ms)
✔ native address validation mirrors printable Unicode, limits and phone; journal forbids PII (2.907833ms)
✔ address lost reply replays exact in-memory intent, then confirms current head (1.97675ms)
✔ address reload requires explicit new intent and exact observed CAS; stale head never auto-bumps (17.996917ms)
✔ old address receipt cannot confirm another tab's newer current head (0.24725ms)
✔ a late address CAS winner requires another explicit confirmation, not an automatic version bump (0.421041ms)
✔ checkout lost reply, queued duplicate and current GET reuse one key and one order (3.801833ms)
✔ uncertain checkout retains original journal across later 401/403/404/5xx and malformed success (3.135166ms)
✔ only a fresh definitive denial clears checkout; no order locator is invented (0.564334ms)
✔ locator storage failure after commit retains same key; reload GET failure keeps locator (0.50575ms)
✔ locator persisted but journal removal failed resumes pending receipt, not unrelated pointer (0.373834ms)
✔ unavailable storage, invalid locator and late changed context fail closed (0.202333ms)
✔ order locator readback mismatch and no-op journal removal both retain checkout recovery (0.344708ms)
✔ BPT03 exact valid projection and Go nanosecond UTC timestamps (3.228917ms)
✔ BPT03 view rejects private fields, inconsistent state and malformed names (0.187959ms)
✔ BPT03 prepared receipt enforces exact original credit-card amount (0.069958ms)
✔ BPT03 hosted form and replay are exact, bounded and action-allowlisted (0.553416ms)
✔ SU01 Stripe views: fresh, both methods, attempt states, PAYUNi unchanged (0.480125ms)
✔ SU01 Stripe view negatives (0.37025ms)
✔ SU01 prepared amounts follow the corrected per-currency table (0.406ms)
✔ SU01 Stripe handoff union and every redirect_url negative (0.764917ms)
✔ SU01 payment signal is exactly {order_id, scheduled:boolean} (0.440833ms)
✔ RUI01 refund summary: refunded states, pending money, absent ≡ null (0.567167ms)
✔ RUI01 refund summary negatives (0.394375ms)
✔ BPU03 neutral GET and POST return ignore every callback field and cookie (14.381291ms)
✔ primary origin: exact path/query, same host, and no URL-controlled destination (3.57975ms)
✔ GET and HEAD use trusted Host, private bounded uncached resolver and exact 301 (43.92175ms)
✔ no writes redirected; resolution failures fail closed; unknown hosts keep native 404 (0.7475ms)
✔ policy version is the frozen constant, in the customers-core D4 shape (0.385834ms)
✔ route table: exactly the four buyer privacy routes, methods and body kinds (0.368167ms)
✔ body shapes are closed and mirror the frozen Go inputs (no source, no policy_version) (0.085042ms)
✔ GET privacy validator: closed shape, erased owner holds no consent (0.114125ms)
✔ consent result and erasure summary validators (0.208291ms)
✔ buyer export envelope never carries customer_id (0.064417ms)
✔ failure classification: 410 and erased are the erased state (20.488792ms)
✔ copy: every locale has the same keys, the ads box discloses that sent events cannot be recalled (0.191208ms)
✔ PRO-S1 code mirror: any case and spaces normalise; impossible codes never become a request (0.54625ms)
✔ PRO-S2 promotion object: closed keys, kind/value pairing (0.192917ms)
✔ PRO-S3 quote validator: promotion is optional but never malformed; the discount stays the server's own number (0.272875ms)
✔ PRO-S4 journal grammar: a quote write may carry one canonical promo_code, nothing else (0.37825ms)
✔ PRO-S5 copy: three locales cover every refusal code and the same keys (0.412292ms)
✔ PRO-S6 BFF quote route: promo_code relayed untouched when canonical, refused before the private API otherwise (21.15975ms)
✔ PRO-S7 BFF: every promo_* refusal is a definite, non-retryable 422 with its own code (2.314417ms)
✔ demonstration disclosure is explicit and local-only (0.4625ms)
✔ cart selection preserves unrelated SKUs and the observed CAS version (5.569375ms)
✔ minor amounts are bounded before multiplication, including zero (0.0795ms)
✔ delivery identity includes country for one market and method (0.064916ms)
✔ journal is bound to context and rejects PII/unknown fields (0.210042ms)
✔ lost response replays exact key/body, then clears only after parsed receipt (146.290958ms)
✔ RUI02 buyer order admits MERCHANT_SHIPPED only with a SHIPPED head; absent shipment ≡ null (0.452084ms)
✔ RUI02 shipment shape negatives (incl. unsafe links) (0.228291ms)
✔ RUI02 history summary admits MERCHANT_SHIPPED (a shipped order must not break the list) (0.075333ms)
✔ CVSP01 options: CVS rows carry pickup_selection/payment_modes; unavailable rows are a separate shape (0.32775ms)
✔ CVSP02 CVS destination write: TW only, pickup_id required, empty home address; home unchanged (1.926417ms)
✔ CVSP03 checkoutInput: payment_mode only for CVS rows and only a mode the row offers (0.295875ms)
✔ COD confirmation includes expected fee, enforces collect cap and validates immutable order money (0.242708ms)
✔ CVSP04 buyer order: pay_at_pickup <=> collection_state; cvs_shipment only on a matching CVS destination (0.23475ms)
✔ CVSP05 journal accepts a CVS destination marker and a checkout body with payment_mode, nothing else (0.180292ms)
✔ design: garbage and hostile documents collapse to the safe default shape (8.785708ms)
✔ design: links, preview token propagation, nav resolution (0.405916ms)
✔ design: any merchant accent yields readable button text and link colour (WCAG AA) (0.73725ms)
✔ variants: resolution, disabled out-of-stock combinations, initial choice, price bounds (0.513583ms)
✔ catalog-v2 parsers accept the frozen shapes and refuse drift (1.576416ms)
✔ free-delivery progress words the hint only when a threshold exists (0.397541ms)
✔ list query: only whitelisted, canonical values survive (0.704375ms)
✔ seo: JSON-LD cannot break out of its script tag; offers reflect stock and price range (21.941083ms)
✔ seo: sitemap escapes and carries hreflang; robots refuses everything for a closed host (2.159917ms)
✔ money: whole amounts drop cents, minor digits come from the currency, filters round-trip (0.5185ms)
✔ cart line write: replaces one line, keeps the others, 0 removes, CAS version is the one shown (1.282167ms)
✔ cart problems map to buyer-facing classes without leaking transport detail (0.319417ms)
✔ checkout options accept the optional free-shipping threshold only as a positive integer or null (0.497708ms)
✔ no-image placeholder copy: exactly the locale label a photo-less card or gallery renders (0.146709ms)
✔ G3: same-series cards exclude the current product and never invent absent draft/foreign products (0.605958ms)
✔ G5: safety guidance exists in three languages without changing the five merchant policy approval boundaries (0.394083ms)
✔ G4: category chips omit empty collections; hidden collections absent from the public API stay absent (0.8315ms)
✔ dictionaries have exact parity and non-empty values (0.680667ms)
✔ locale precedence and language quality mapping (2.611417ms)
✔ localized paths preserve deep links and reject dangerous input (0.935375ms)
✔ path locale only matches a canonical first segment (0.061792ms)
✔ the four constructs render (0.722666ms)
✔ XSS payloads stay inert text (0.50325ms)
✔ fuzz: any string over a hostile alphabet renders only whitelisted tags (16.4715ms)
✔ validator mirrors the Go rules (0.963667ms)
✔ SDN1 allowlist: exactly the contract routes, per method (0.531791ms)
✔ SDN1 allowlist: traversal, case, suffix and prefix tricks never match (0.235792ms)
✔ SDN1 request shape: no query string anywhere, reads carry no body, key, length or transfer-encoding (40.456375ms)
✔ SDN1 cap: 260 KiB = Go's 256 KiB document + 4 KiB envelope, and a body of exactly the cap is still below it (0.061708ms)
✔ SDN2 renderer: every XSS payload comes out as whitelisted tags and escaped text only (3.047625ms)
✔ SDN2 renderer: escape-first means the merchant's text never becomes markup (0.136875ms)
✔ SDN2 renderer: fuzz (seeded) never produces a tag outside the whitelist (37.390917ms)
✔ SDN2 client validator rejects what the server rejects (HTML, non-https links, `<` anywhere) (0.211916ms)
✔ cleanForSave turns cleared fields into null but keeps an empty body (6.652625ms)
✔ localIssues names each missing mandatory value by server path (5.29ms)
✔ moved swaps neighbours and ignores out-of-range moves (0.720917ms)
✔ parsers accept the exact Go shapes and refuse extra or missing keys (1.026875ms)
✔ BFF allowlist covers exactly the design resources (0.257917ms)
✔ validDesignRequest refuses queries and bodies on reads, ignores other paths (19.013834ms)
✔ designDetails forwards only a bounded {path, reason} pair (0.190625ms)
✔ accepts exactly the three locale invite paths with a 20-200 char token (1.490958ms)
✔ rejects anything that is not an exact same-origin relative invite path (0.343458ms)
✔ rejects percent-encoded variants of the exact shape (0.195125ms)
✔ the token is an opaque invite token shape, never a URL (0.253125ms)
✔ fragment carrier: round-trips the exact invite path, is never a query string, and rejects hostile fragments (0.752417ms)
✔ dashboard: accepts the frozen shape, rejects drift (7.852167ms)
✔ import result: strict keys, closed error codes, committed never carries errors (0.291792ms)
✔ csv file guard mirrors the Go bounds (0.075958ms)
✔ manual options: a COD home row parses with its offer (D01: the page used to refuse the whole list) (0.720334ms)
✔ manual options: only bank_transfer / pay_at_pickup / cash_on_delivery, key must equal market|country|code (0.12825ms)
✔ manual result: link is https with the order id and a 43-char capability in the fragment only (2.168125ms)
✔ draft: first problem, and the body has no price-like field at all (1.687625ms)
✔ BFF grammar: exactly the seven tools resources (0.313458ms)
✔ regenerate body/result: exactly {order_id, locale} and a fresh https link naming that order (0.437167ms)
✔ copy parity: every locale has every key, import rules and error codes (0.811542ms)
✔ callback redirect target is always a same-origin /<locale>/settings path whatever the cookies, store, code or error say (7.221833ms)
✔ the binding cookie: exactly one canonical store uuid, path-scoped to the callback, HttpOnly, Lax, 10 minutes, Secure (0.133667ms)
✔ callback query: exactly one code and one state within charset/length bounds; Meta's error=… and repeats are not forwarded (0.602875ms)
✔ the dialog URL the BFF hands the browser is https://www.facebook.com only (0.117417ms)
✔ callback error mapping only ever yields fixed codes, never an upstream message (0.11575ms)
✔ selected Page qualifies only a bare Facebook id, never rewrites another Page or external URL (0.56075ms)
✔ status: not connected, connected with and without Instagram, and every deviation throws (7.4ms)
✔ pick state: closed shape, optional Instagram keys come as a pair, id must match (0.311875ms)
✔ route grammar: only status/states/pick/disconnect; start and callback are dedicated routes; no query; reads carry no body or key (96.440708ms)
✔ connect cookie, body and callback redirect never carry code/state and only fixed codes (0.348958ms)
✔ copy: three locales have the same keys and every Go error code has a message (0.171875ms)
✔ D02 TWD input: whole dollars only, x100 on the wire (12.250042ms)
✔ D02 TWD edit text: whole dollars have no decimals; a legacy amount with cents is never shown as another price (0.258708ms)
✔ D02 display: NT$ without decimals in every language, cents only when there are cents (1.092542ms)
✔ D02 live-price input (Studio claims): TWD whole dollars, other currencies their decimals (0.142125ms)
✔ D02 discount code amounts: TWD whole dollars, a decimal is refused before it is sent (0.235333ms)
✔ D02 no admin copy or component says 'minor units' to the merchant (80.214375ms)
✔ M06 time: Asia/Taipei everywhere, labelled, never UTC (9.290958ms)
✔ settings answer: exactly one boolean key (3.257ms)
✔ PUT body is the frozen single key (0.109916ms)
✔ BFF grammar: GET read, PUT keyed command, nothing else (0.220417ms)
✔ copy: three locales, same keys, no empty text (0.146417ms)
✔ PRM01 parse: exact keys, kind/value pairing and ranges; duplicates and unknown keys are refused (1.414125ms)
✔ PRM02 Taipei wall time: +08:00 on the wire, instant shown back in Taipei, impossible dates refused (33.45075ms)
✔ PRM03 create body: normalised code, major units to minor units, optional fields null, whole body validated (5.014208ms)
✔ PRM04 update + toggle: version CAS key, form round trip, pause keeps every other field (0.488709ms)
✔ PRM05 BFF grammar: exactly list, create and update; nothing generic (0.160167ms)
✔ PRM06 copy: three locales carry the same keys and every refusal code the Go routes can answer (0.116375ms)
✔ G-UI3/G-UI5 architecture constraints pass with shrinking legacy exceptions (697.359792ms)
✔ G-UI3/G-UI5 negatives: new formatter, component fetch, >800 lines and wider allowance fail (0.551667ms)
✔ G-UI1 Next pages and route registry are bidirectional, unique, typed, documented (10.734625ms)
✔ G-UI1 copy key parity: no missing or extra key in any locale (0.106834ms)
✔ G-UI2 staff without catalog:read cannot see products/inventory or open a product URL (0.2185ms)
✔ G-UI2 every route permission is a permission Go knows, and /orders/new needs inventory:reserve (159.155958ms)
✔ G-UI1 dynamic and public routes match, details never appear as navigation (0.229083ms)
✔ created address is a strict HTTPS origin matching the assigned handle (0.511292ms)
✔ DNS instructions must name the requested origin and a bare hostname target (0.261584ms)
✔ domain kind is authoritative and closed, not inferred from host or token (0.130458ms)
✔ apex DNS retains every concrete IPv4/IPv6 address and rejects malformed values (1.022458ms)
✔ pending domain journal preserves exact action/key/target; legacy or corrupt markers never replay (0.415334ms)
✔ browser-origin gate: every refusal happens before Go is called, for every action (34.969542ms)
✔ only POST exists on the team routes (2.309917ms)
✔ unknown action is a local 404 and never reaches Go (1.850416ms)
✔ strict request grammar: wrong keys, types, ids, roles, locales and token shapes are 422 locally (3.718375ms)
✔ what reaches Go: BFF key, bearer from the cookie, no Cookie/Origin, body unchanged, exactly one call per request (33.811375ms)
✔ Go failures are rebuilt locally from allow-listed codes, never retried, and never echo the token (17.21475ms)
✔ team answer: accepts the frozen shape, null role and OIDC member without email (1.064375ms)
✔ team answer: unknown key, unknown role, bad id, bad mail state are rejected (2.401917ms)
✔ invite and accept answers are strict (0.739541ms)
✔ request grammar: every action has an exact key set and rejects junk values (0.657333ms)
✔ copy: three locales carry the same keys and a label for every role (11.166167ms)
✔ role-aware navigation: hides entries the member's permissions cannot use; unknown shows all; Team is owner-only (1.116583ms)
✔ positive control: a complete, valid configuration raises no META_LOGIN finding (1353.905167ms)
✔ feature off (COMMERCE_META_LOGIN_CONFIG_ID empty): no rule applies even with the other keys empty (268.452125ms)
✔ P06: the Page route needs the webhook receiver (183.469667ms)
✔ P06: sessions come from identity (240.552917ms)
✔ P06: without the claims profile nobody sends the private replies (a WARN, not a FAIL) (225.45775ms)
✔ P08: COMMERCE_META_LOGIN_CONFIG_ID must be numeric ("abc") (251.444209ms)
✔ P08: COMMERCE_META_LOGIN_CONFIG_ID must be numeric ("12 34") (185.132375ms)
✔ P08: COMMERCE_META_LOGIN_CONFIG_ID must be numeric ("111111111111") (171.679958ms)
✔ P08: COMMERCE_META_LOGIN_CONFIG_ID must be numeric ("0x10") (171.1305ms)
✔ P08: COMMERCE_META_LOGIN_CONFIG_ID must be numeric ("-1") (167.311458ms)
✔ P08: COMMERCE_META_LOGIN_REDIRECT_URI must be exactly https://<LC_ADMIN_HOST>/api/meta/callback (wrong host) (162.355792ms)
✔ P08: COMMERCE_META_LOGIN_REDIRECT_URI must be exactly https://<LC_ADMIN_HOST>/api/meta/callback (http scheme) (263.91625ms)
✔ P08: COMMERCE_META_LOGIN_REDIRECT_URI must be exactly https://<LC_ADMIN_HOST>/api/meta/callback (the ads callback path) (286.011834ms)
✔ P08: COMMERCE_META_LOGIN_REDIRECT_URI must be exactly https://<LC_ADMIN_HOST>/api/meta/callback (trailing slash) (272.01175ms)
✔ P08: COMMERCE_META_LOGIN_REDIRECT_URI must be exactly https://<LC_ADMIN_HOST>/api/meta/callback (query string) (225.782125ms)
✔ P08: COMMERCE_META_LOGIN_REDIRECT_URI must be exactly https://<LC_ADMIN_HOST>/api/meta/callback (empty) (209.796125ms)
✔ P08: COMMERCE_META_LOGIN_GRAPH_VERSION grammar vNN.N ("26.0") (331.65075ms)
✔ P08: COMMERCE_META_LOGIN_GRAPH_VERSION grammar vNN.N ("v26") (236.816166ms)
✔ P08: COMMERCE_META_LOGIN_GRAPH_VERSION grammar vNN.N ("v26.0.1") (216.151292ms)
✔ P08: COMMERCE_META_LOGIN_GRAPH_VERSION grammar vNN.N ("latest") (205.846209ms)
✔ P08: COMMERCE_META_LOGIN_GRAPH_VERSION grammar vNN.N ("") (191.733167ms)
✔ P08: COMMERCE_META_LOGIN_GRAPH_VERSION grammar vNN.N ("v1000.0") (190.234ms)
✔ P08: COMMERCE_META_LOGIN_GRAPH_VERSION accepts v26.0 (195.775916ms)
✔ P08: COMMERCE_META_LOGIN_GRAPH_VERSION accepts v22.0 (186.354458ms)
✔ P08: COMMERCE_META_LOGIN_GRAPH_VERSION accepts v99.9 (182.154083ms)
✔ destructive / irreversible / sign-out classification (owner list, en + zh) (1.010375ms)
✔ alike controls (rows with ids / numbers) share one class key (0.768709ms)
✔ known defects classify, never silence: stale entries are reported (0.520208ms)
✔ the markdown ledger has one row per interaction and names the verdict (0.2325ms)
✔ protocolHrefOK accepts well-formed tel:/mailto: and rejects malformed ones (0.187792ms)
ℹ tests 322
ℹ suites 0
ℹ pass 322
ℹ fail 0
ℹ cancelled 0
ℹ skipped 0
ℹ todo 0
ℹ duration_ms 7769.438417
✔ legacy display sentinels preserve a list row without admitting arbitrary or private data (2.391125ms)
✔ orders-v2 accepts bounded filters and Taipei inclusive dates; rejects ambiguity (0.483375ms)
✔ orders-v2 rejects client count approximations, unbounded or extra response data (0.154625ms)
✔ all three locales label every task queue, payment and delivery mode (0.318917ms)
ℹ tests 4
ℹ suites 0
ℹ pass 4
ℹ fail 0
ℹ cancelled 0
ℹ skipped 0
ℹ todo 0
ℹ duration_ms 76.687958
✔ numeric store IDs have no suggestion BFF or browser client (0.612375ms)
ℹ tests 1
ℹ suites 0
ℹ pass 1
ℹ fail 0
ℹ cancelled 0
ℹ skipped 0
ℹ todo 0
ℹ duration_ms 66.64475
✔ PS review: actual Host matching normalizes case, port and a terminal DNS dot, never forwarded authority (0.517375ms)
✔ PS review: all privacy/terms disclose actual Messenger and Instagram processing; deletion uses exact UI labels (0.107916ms)
✔ PS1 legal identity is one untranslated source (0.077583ms)
✔ PS1 contact and hosts come only from configuration; production fails closed (0.3695ms)
✔ PS2 public routes default to zh-TW, restrict page/locale, and never include admin (0.393375ms)
✔ PS4 optional Meta verification value never has a fake default (0.058542ms)
✔ PS1 every locale uses the same product name in auth page titles (0.051ms)
✔ PS1 public page copy has three complete locales, no invented operator identity or contact (0.189291ms)
✔ PS1 production build validates config; public data is not bundled through NEXT_PUBLIC (0.233667ms)
✔ PS review: admin image installs the manifests for its workspace dependencies before building (0.68475ms)
ℹ tests 10
ℹ suites 0
ℹ pass 10
ℹ fail 0
ℹ cancelled 0
ℹ skipped 0
ℹ todo 0
ℹ duration_ms 78.0085
✔ R11 SQL's exact receipt states are accepted; missing/forged operation/state remains unknown (1.181791ms)
✔ R11 durable receipt journal validates phase against exact operation state (0.339208ms)
✔ R11 actual read control distinguishes replay/inflight/unknown/failure in en (3.95625ms)
✔ R11 actual read control distinguishes replay/inflight/unknown/failure in zh-TW (0.65925ms)
✔ R11 actual read control distinguishes replay/inflight/unknown/failure in zh-CN (0.50025ms)
✔ unknown journal retains exact key/boundary and is scoped to store+session; malformed state fails closed (0.127166ms)
✔ actual read hook retries network UNKNOWN with one key but never re-POSTs authoritative UNKNOWN (12.362709ms)
✔ actual POST transport uses CSRF and session fence; 403 independent of response text (12.234833ms)
✔ R10 ROAS has exactly two decimals in en (14.823625ms)
✔ R10 unknown ROAS is never fabricated as zero in en (0.295ms)
✔ R10 ROAS has exactly two decimals in zh-TW (0.243041ms)
✔ R10 unknown ROAS is never fabricated as zero in zh-TW (0.090292ms)
✔ R10 ROAS has exactly two decimals in zh-CN (0.550709ms)
✔ R10 unknown ROAS is never fabricated as zero in zh-CN (0.049208ms)
✔ R11 timeline distinguishes local unknown spend from explicit Meta zero in en (20.279833ms)
✔ R11 timeline distinguishes local unknown spend from explicit Meta zero in zh-TW (2.58325ms)
✔ R11 timeline distinguishes local unknown spend from explicit Meta zero in zh-CN (2.300291ms)
✔ R11 I12 nullable Meta evidence survives without becoming zero (0.154166ms)
✔ R11 actual panel rendering preserves unknowns and reconnect route in en (14.241417ms)
✔ R11 actual panel rendering preserves unknowns and reconnect route in zh-TW (13.940917ms)
✔ R11 actual panel rendering preserves unknowns and reconnect route in zh-CN (9.283833ms)
✔ D1, D6, R7: exact amounts and sources remain independent, account days stay labelled (0.192667ms)
✔ R8: null stays unknown and unauthorised / insufficient remain different states (0.182833ms)
✔ I12 forged / missing frozen fields never silently become zeros (0.852167ms)
✔ only whitelisted aggregates survive: extra identifiers and HTML are never interpreted (0.084042ms)
✔ attribution is a read-only BFF resource with exact bounded query grammar (0.589208ms)
✔ audience-read is exactly the new local intention POST and never a data GET or queried write (0.336375ms)
✔ route fails closed without ads:read and is not a duplicate navigation entry; locale keys match (0.172959ms)
ℹ tests 28
ℹ suites 0
ℹ pass 28
ℹ fail 0
ℹ cancelled 0
ℹ skipped 0
ℹ todo 0
ℹ duration_ms 388.571291
✔ PE13 Cartesian matrix is local, preserves edits and deduplicates values (0.53525ms)
✔ PE13 bulk quantity skips negative rows without modifying them (0.14ms)
✔ PE12 untracked document uses whole currency and per-order cap, never quantity (9.145875ms)
✔ PE14 missing readback is not guessed or silently cleared by full replacement (0.06375ms)
✔ bulk status accepts explicit per-item results, never empty or duplicated confirmations (0.178708ms)
✔ matrix refuses over 100 SKUs before expansion (0.075125ms)
✔ PE14 new edit SKU carries its own shipping and clears no existing fields (9.648042ms)
✔ PE14 patch changes only price and preserves unmentioned fields (0.175167ms)
✔ PE14 on_hand is not available, zero target is transmitted, ambiguous warehouse refuses (0.283167ms)
✔ PE14 explicit clears and shipping remain per SKU on an active row (0.128542ms)
✔ PE14 archive supersedes every other edit on that SKU (b77eeb11) (0.1455ms)
✔ PE14 no-op has no command fields and changed axes explicitly archive omitted variants (0.094916ms)
ℹ tests 12
ℹ suites 0
ℹ pass 12
ℹ fail 0
ℹ cancelled 0
ℹ skipped 0
ℹ todo 0
ℹ duration_ms 91.407209
(node:94290) ExperimentalWarning: Transform Types is an experimental feature and might change at any time
(Use `node --trace-warnings ...` to show where the warning was created)
✔ UNKNOWN retry client authorization loss requires reconciliation, not a fresh command (2.884375ms)
✔ UNKNOWN retry 401 authorization loss requires reconciliation, not a fresh command (9.47425ms)
✔ UNKNOWN retry 403 authorization loss requires reconciliation, not a fresh command (0.637417ms)
✔ a conclusive command rejection stays distinct from authorization loss (0.774416ms)
ℹ tests 4
ℹ suites 0
ℹ pass 4
ℹ fail 0
ℹ cancelled 0
ℹ skipped 0
ℹ todo 0
ℹ duration_ms 121.934667
NOT_RUN: tests/media/r04-input-runner.test.mjs (COMMERCE_R04_LIVEKIT_BINARY unset)
