✖ K3 A8 private polls every 10s, backs off, resets, pauses hidden and stops off-filter (14.975041ms)
✖ K3 A8 unreplied polls every 10s, backs off, resets, pauses hidden and stops off-filter (2.429875ms)
✖ K3 pasted tab is refused with invalid_text copy before any reply POST (2.085834ms)
✔ real SQL UNKNOWN mark blocks public-mode switching without a local receipt (0.84875ms)
✔ UNKNOWN and queued public receipt survive selection remount without storing private identifiers (3.639584ms)
✔ actual A2 hook fake clock: 3/6/12/24/30 backoff, success reset, hide clears and stops, 403 locks (4.388208ms)
✔ actual reset clears selected buyer and rereads without the old epoch cursor (1.268792ms)
✔ reply hints, coded error, UNKNOWN and capability state execute the actual composer (1.259667ms)
✖ K3 reply text rejects every C0/C1 control except newline (1.73625ms)
✔ SQL operation marks map to every merchant-visible delivery state (0.891333ms)
✔ real bridge sealCursor uses payload.signature rather than plain base64url (13.486083ms)
✔ A2 grammar refuses private/duplicate/ambiguous cursors and keys on reads (1.02825ms)
✔ A3-A5 exact comment ref and bodies; explicit preemption private only (0.197833ms)
✔ A4/A5 preserve frozen refusal codes, never provider/debug text (0.075916ms)
✔ reset invalidates old buffers and cursor before reread; older page cannot advance live cursor (0.118875ms)
✔ filter resources have only authorised opaque ids; backoff is capped and success resets (0.063958ms)
✖ K3 comment-only no_source cannot widen the existing inbox error seam (19.763041ms)
✔ LC-U2a real BFF seam A2-A5 exact grammar, privacy, denial and no diagnostic reflection (20.25875ms)
✔ A8/A9/A13 and published templates: exact reads forward once with no-store (4.04925ms)
✔ real streamed POST bodies: A10-A14 exact keys reach upstream (6.362291ms)
✔ query, read headers, methods and body allowlists refuse before upstream (7.981125ms)
✔ session, CSRF and store authority precede content forwarding (1.040208ms)
✔ A12 fixed codes preserved; arbitrary upstream diagnostics stripped (8.02675ms)
✔ client preserves codes and receipt; changed/aborted session cannot publish private response (4.871625ms)
✔ A9 admits a full page of valid Unicode replies while bounding private response bytes (4.320792ms)
✔ non-JSON upstream 401 still expires both authentication cookies without diagnostic leakage (2.24925ms)
✔ real M7 response keeps no-referrer after matching Next production header rules (25.155ms)
ℹ tests 27
ℹ suites 0
ℹ pass 22
ℹ fail 5
ℹ cancelled 0
ℹ skipped 0
ℹ todo 0
ℹ duration_ms 358.710125

✖ failing tests:

test at tests/admin/comment-stream-hooks.test.ts:32:45
✖ K3 A8 private polls every 10s, backs off, resets, pauses hidden and stops off-filter (14.975041ms)
  AssertionError [ERR_ASSERTION]: idle A8 view must refresh without a merchant action
  
  1 !== 2
  
      at TestContext.<anonymous> (file:///Volumes/data/live_commerce_architecture_v1/.worktrees/lc-u2a-comment-stream/tests/admin/comment-stream-hooks.test.ts:44:113)
      at async Test.run (node:internal/test_runner/test:1208:7)
      at async startSubtestAfterBootstrap (node:internal/test_runner/harness:385:3) {
    generatedMessage: false,
    code: 'ERR_ASSERTION',
    actual: 1,
    expected: 2,
    operator: 'strictEqual',
    diff: 'simple'
  }

test at tests/admin/comment-stream-hooks.test.ts:32:45
✖ K3 A8 unreplied polls every 10s, backs off, resets, pauses hidden and stops off-filter (2.429875ms)
  AssertionError [ERR_ASSERTION]: idle A8 view must refresh without a merchant action
  
  1 !== 2
  
      at TestContext.<anonymous> (file:///Volumes/data/live_commerce_architecture_v1/.worktrees/lc-u2a-comment-stream/tests/admin/comment-stream-hooks.test.ts:44:113)
      at async Test.run (node:internal/test_runner/test:1208:7)
      at async Test.processPendingSubtests (node:internal/test_runner/test:831:7) {
    generatedMessage: false,
    code: 'ERR_ASSERTION',
    actual: 1,
    expected: 2,
    operator: 'strictEqual',
    diff: 'simple'
  }

test at tests/admin/comment-stream-hooks.test.ts:53:1
✖ K3 pasted tab is refused with invalid_text copy before any reply POST (2.085834ms)
  AssertionError [ERR_ASSERTION]: Expected values to be strictly equal:
  
  1 !== 0
  
      at TestContext.<anonymous> (file:///Volumes/data/live_commerce_architecture_v1/.worktrees/lc-u2a-comment-stream/tests/admin/comment-stream-hooks.test.ts:58:10)
      at async Test.run (node:internal/test_runner/test:1208:7)
      at async Test.processPendingSubtests (node:internal/test_runner/test:831:7) {
    generatedMessage: true,
    code: 'ERR_ASSERTION',
    actual: 1,
    expected: 0,
    operator: 'strictEqual',
    diff: 'simple'
  }

test at tests/admin/comment-stream.test.ts:23:1
✖ K3 reply text rejects every C0/C1 control except newline (1.73625ms)
  AssertionError [ERR_ASSERTION]: control U+9
  
  true !== false
  
      at TestContext.<anonymous> (file:///Volumes/data/live_commerce_architecture_v1/.worktrees/lc-u2a-comment-stream/tests/admin/comment-stream.test.ts:26:12)
      at Test.runInAsyncScope (node:async_hooks:227:14)
      at Test.run (node:internal/test_runner/test:1201:25)
      at Test.start (node:internal/test_runner/test:1096:17)
      at startSubtestAfterBootstrap (node:internal/test_runner/harness:385:17) {
    generatedMessage: false,
    code: 'ERR_ASSERTION',
    actual: true,
    expected: false,
    operator: 'strictEqual',
    diff: 'simple'
  }

test at tests/admin/inbox-bff.test.ts:146:1
✖ K3 comment-only no_source cannot widen the existing inbox error seam (19.763041ms)
  AssertionError [ERR_ASSERTION]: Expected values to be strictly equal:
  
  409 !== 503
  
      at TestContext.<anonymous> (file:///Volumes/data/live_commerce_architecture_v1/.worktrees/lc-u2a-comment-stream/tests/admin/inbox-bff.test.ts:150:10)
      at process.processTicksAndRejections (node:internal/process/task_queues:104:5)
      at async Test.run (node:internal/test_runner/test:1208:7)
      at async startSubtestAfterBootstrap (node:internal/test_runner/harness:385:3) {
    generatedMessage: true,
    code: 'ERR_ASSERTION',
    actual: 409,
    expected: 503,
    operator: 'strictEqual',
    diff: 'simple'
  }
