✔ COD collect projection admits the server amount and rejects inconsistent money (16.586458ms)
✔ MOU parser accepts exact frozen DTO and rejects malformed identity, money and state (10.654791ms)
✔ MOU detail parser rejects spoofed recipient, pickup and mismatched money (1.708208ms)
✔ summary admits the refunded and shipped states with the amended invariants (0.131458ms)
✔ summary rejects the shipped/refunded combinations the contract forbids (0.231458ms)
✔ order filter values and detail shipment stay in step with MERCHANT_SHIPPED (0.574292ms)
✔ tracking url rules: https only, dotted host, no userinfo, port, fragment or control characters (0.074334ms)
✔ shipment history carries merchant-only fields and stays consistent (0.36575ms)
✔ refund list parser checks capacity arithmetic, closed enums and optional failure_reason (0.4345ms)
✔ order-actions is exactly three booleans (1.470917ms)
✔ refund amount entry converts exactly and enforces the TWD whole-dollar step as a hint (35.701917ms)
✔ CVSA01 pay-at-pickup summary: CONFIRMED without payment is valid only in that mode (0.44475ms)
✔ CVSA02 detail: pickup_source must agree with the pickup verification kind; new chains and kinds parse (0.434958ms)
✔ CVSA03 the cvs_pending list filter exists beside the older filters (0.060333ms)
✔ BTA01 bank-transfer summary: valid states, and every card or pickup invariant it must not borrow (0.290084ms)
ℹ tests 15
ℹ suites 0
ℹ pass 15
ℹ fail 0
ℹ cancelled 0
ℹ skipped 0
ℹ todo 0
ℹ duration_ms 228.419291
✔ XFM01 settings parse: exact keys, ranges and the enabled-needs-details rule (1.648625ms)
✔ XFM02 settings body builder: whole hours 6..168, trimmed fields, the exact frozen keys (0.340709ms)
✔ XFM03 order transfer detail: closed shape and the state/field agreement (0.388ms)
✔ XFM04 decisions: which button each state offers, and the reject body (0.135458ms)
✔ XFM05 copy: the three locales carry every key, state and refusal text (0.2125ms)
✔ XFM06 finance rows: the 11-key shape parses, and a transfer pair without the pickup pair is refused (0.692084ms)
ℹ tests 6
ℹ suites 0
ℹ pass 6
ℹ fail 0
ℹ cancelled 0
ℹ skipped 0
ℹ todo 0
ℹ duration_ms 92.752958
✔ parses never-published, published and bound states (0.693834ms)
✔ rejects anything outside the closed shape (0.275125ms)
✔ parses the domain list and the one-time request instructions (0.227375ms)
✔ rejects domain shapes outside the closed contract (0.197209ms)
ℹ tests 4
ℹ suites 0
ℹ pass 4
ℹ fail 0
ℹ cancelled 0
ℹ skipped 0
ℹ todo 0
ℹ duration_ms 75.389583

> live-commerce-workspace@ build:admin /Volumes/data/live_commerce_architecture_v1/.worktrees/orders-v2-fix
> pnpm --filter @live-commerce/admin build


> @live-commerce/admin@ build /Volumes/data/live_commerce_architecture_v1/.worktrees/orders-v2-fix/apps/admin
> next build && node ../../scripts/dev/package-admin.mjs

▲ Next.js 16.3.5 (Turbopack)
✓ Running next.config.ts took 122ms

  Creating an optimized production build ...
✓ Compiled successfully in 1066ms
  Running TypeScript ...
  Finished TypeScript in 324ms ...
  Collecting page data using 9 workers ...
  Generating static pages using 9 workers (0/16) ...
  Generating static pages using 9 workers (4/16) 
  Generating static pages using 9 workers (8/16) 
  Generating static pages using 9 workers (12/16) 
✓ Generating static pages using 9 workers (16/16) in 62ms
  Finalizing page optimization ...

Route (app)
┌ ○ /_not-found
├ ƒ /[locale]
├ ƒ /[locale]/ads
├ ƒ /[locale]/billing
├ ƒ /[locale]/collections
├ ƒ /[locale]/customers
├ ƒ /[locale]/customers/[customer]
├ ƒ /[locale]/design
├ ƒ /[locale]/finance
├ ƒ /[locale]/inventory
├ ƒ /[locale]/invite/[token]
├ ƒ /[locale]/orders
├ ƒ /[locale]/orders/cvs-print
├ ƒ /[locale]/orders/new
├ ƒ /[locale]/products
├ ƒ /[locale]/products/[product]
├ ƒ /[locale]/products/import
├ ƒ /[locale]/promotions
├ ƒ /[locale]/reset
├ ƒ /[locale]/settings
├ ƒ /[locale]/signup
├ ƒ /[locale]/studio
├ ƒ /[locale]/studio/claims
├ ƒ /[locale]/team
├ ƒ /api/ads/meta/callback
├ ƒ /api/ads/meta/connect
├ ƒ /api/auth/callback
├ ƒ /api/auth/login
├ ƒ /api/auth/logout
├ ƒ /api/auth/password/login
├ ƒ /api/auth/password/reset
├ ƒ /api/auth/password/signup
├ ƒ /api/auth/password/verify
├ ƒ /api/meta/callback
├ ƒ /api/meta/connect
├ ƒ /api/onboarding/handle-suggest
├ ƒ /api/onboarding/initial-store
├ ƒ /api/stores
├ ƒ /api/stores/[store]/[...resource]
├ ƒ /api/stores/[store]/tools/[...resource]
└ ƒ /api/team/[action]


ƒ Proxy (Middleware)

○  (Static)   prerendered as static content
ƒ  (Dynamic)  server-rendered on demand

Packaged standalone admin server and static assets.
=== RUN   TestBrowserMerchantOrdersUIRealChain
    browser_merchant_orders_ui_test.go:335: MOU browser gate failed: exit status 1; evidence=/Volumes/data/live_commerce_architecture_v1/.worktrees/orders-v2-fix/output/playwright/merchant-orders-c-browser/20261003T052809.941924000
--- FAIL: TestBrowserMerchantOrdersUIRealChain (112.04s)
FAIL
FAIL	livecommerce/tests/foundation	112.998s
FAIL
