2026-10-03T19:54:14Z smoke.sh CASE: S01 PASS bash -n on all deploy scripts
2026-10-03T19:54:14Z smoke.sh CASE: S01 NOT_RUN shellcheck not installed
2026-10-03T19:54:15Z smoke.sh CASE: S02 PASS digest pins
2026-10-03T19:54:16Z smoke.sh CASE: S03 PASS compose config (4 profile sets x 2 files, incl. claims + ops one-shots) + login/secret/network wiring matches logins.tsv
2026-10-03T19:54:19Z smoke.sh CASE: S04 PASS coverage=96.7%
2026-10-03T19:54:32Z smoke.sh CASE: S05 PASS caddy validate + fmt + adapt(on_demand) (image caddy:2.11.4-alpine)
2026-10-03T19:54:32Z smoke.sh CASE: S06 PASS ignore patterns
2026-10-03T19:54:32Z smoke.sh CASE: S07 BLOCKED full smoke needs root (backup dir owned by UID 999)
2026-10-03T19:54:32Z smoke.sh CASE: S08 BLOCKED full smoke needs root (backup dir owned by UID 999)
2026-10-03T19:54:32Z smoke.sh CASE: S09 BLOCKED full smoke needs root (backup dir owned by UID 999)
2026-10-03T19:54:32Z smoke.sh CASE: S10 BLOCKED full smoke needs root (backup dir owned by UID 999)
2026-10-03T19:54:32Z smoke.sh CASE: S11 BLOCKED full smoke needs root (backup dir owned by UID 999)
2026-10-03T19:54:32Z smoke.sh CASE: S12 BLOCKED full smoke needs root (backup dir owned by UID 999)
2026-10-03T19:54:32Z smoke.sh CASE: S13 BLOCKED full smoke needs root (backup dir owned by UID 999)
2026-10-03T19:54:32Z smoke.sh CASE: S13n BLOCKED full smoke needs root (backup dir owned by UID 999)
2026-10-03T19:54:32Z smoke.sh CASE: S14 BLOCKED full smoke needs root (backup dir owned by UID 999)
2026-10-03T19:54:32Z smoke.sh CASE: S15 BLOCKED full smoke needs root (backup dir owned by UID 999)
2026-10-03T19:54:32Z smoke.sh CASE: S16 BLOCKED full smoke needs root (backup dir owned by UID 999)
2026-10-03T19:54:32Z smoke.sh CASE: S44 BLOCKED full smoke needs root (backup dir owned by UID 999)
2026-10-03T19:54:32Z smoke.sh CASE: S46 BLOCKED full smoke needs root (backup dir owned by UID 999)
2026-10-03T19:54:32Z smoke.sh CASE: S17 BLOCKED full smoke needs root (backup dir owned by UID 999)
2026-10-03T19:54:32Z smoke.sh CASE: S18 BLOCKED full smoke needs root (backup dir owned by UID 999)
2026-10-03T19:54:32Z smoke.sh CASE: S19 BLOCKED full smoke needs root (backup dir owned by UID 999)
2026-10-03T19:54:32Z smoke.sh CASE: S47 BLOCKED full smoke needs root (backup dir owned by UID 999)
2026-10-03T19:54:32Z smoke.sh CASE: S45 BLOCKED full smoke needs root (backup dir owned by UID 999)
2026-10-03T19:54:32Z smoke.sh CASE: S20 BLOCKED full smoke needs root (backup dir owned by UID 999)
2026-10-03T19:54:32Z smoke.sh CASE: S21 BLOCKED full smoke needs root (backup dir owned by UID 999)
2026-10-03T19:54:32Z smoke.sh CASE: S22 BLOCKED full smoke needs root (backup dir owned by UID 999)
2026-10-03T19:54:32Z smoke.sh CASE: S23 BLOCKED full smoke needs root (backup dir owned by UID 999)
2026-10-03T19:54:32Z smoke.sh CASE: S24 BLOCKED full smoke needs root (backup dir owned by UID 999)
2026-10-03T19:54:32Z smoke.sh CASE: S25 BLOCKED full smoke needs root (backup dir owned by UID 999)
2026-10-03T19:54:32Z smoke.sh CASE: S26 BLOCKED full smoke needs root (backup dir owned by UID 999)
2026-10-03T19:54:32Z smoke.sh CASE: S27 BLOCKED full smoke needs root (backup dir owned by UID 999)
2026-10-03T19:54:32Z smoke.sh CASE: S28 BLOCKED full smoke needs root (backup dir owned by UID 999)
2026-10-03T19:54:32Z smoke.sh CASE: S29 BLOCKED full smoke needs root (backup dir owned by UID 999)
2026-10-03T19:54:32Z smoke.sh CASE: S29m BLOCKED full smoke needs root (backup dir owned by UID 999)
2026-10-03T19:54:32Z smoke.sh CASE: S30 BLOCKED full smoke needs root (backup dir owned by UID 999)
2026-10-03T19:54:32Z smoke.sh CASE: S31 BLOCKED full smoke needs root (backup dir owned by UID 999)
2026-10-03T19:54:32Z smoke.sh CASE: S32 BLOCKED full smoke needs root (backup dir owned by UID 999)
2026-10-03T19:54:32Z smoke.sh CASE: S33 BLOCKED full smoke needs root (backup dir owned by UID 999)
2026-10-03T19:54:32Z smoke.sh CASE: S34 BLOCKED full smoke needs root (backup dir owned by UID 999)
2026-10-03T19:54:32Z smoke.sh CASE: S35 BLOCKED full smoke needs root (backup dir owned by UID 999)
2026-10-03T19:54:32Z smoke.sh CASE: S36 BLOCKED full smoke needs root (backup dir owned by UID 999)
2026-10-03T19:54:32Z smoke.sh CASE: S37 BLOCKED full smoke needs root (backup dir owned by UID 999)
2026-10-03T19:54:32Z smoke.sh CASE: S38 BLOCKED full smoke needs root (backup dir owned by UID 999)
2026-10-03T19:54:32Z smoke.sh CASE: S39 BLOCKED full smoke needs root (backup dir owned by UID 999)
2026-10-03T19:54:32Z smoke.sh CASE: S40 BLOCKED full smoke needs root (backup dir owned by UID 999)
2026-10-03T19:54:32Z smoke.sh CASE: S41 BLOCKED full smoke needs root (backup dir owned by UID 999)
2026-10-03T19:54:32Z smoke.sh CASE: S42 BLOCKED full smoke needs root (backup dir owned by UID 999)
2026-10-03T19:54:32Z smoke.sh CASE: S43 BLOCKED full smoke needs root (backup dir owned by UID 999)
2026-10-03T19:54:33Z smoke.sh INFO: evidence: /Volumes/data/live_commerce_architecture_v1/.worktrees/platform-site/deploy/.evidence/20261003T195414Z-7337/result.json  overall=BLOCKED
