✔ G-UI3/G-UI5 architecture constraints pass with shrinking legacy exceptions (317.273084ms)
✔ G-UI3/G-UI5 negatives: new formatter, component fetch, >800 lines and wider allowance fail (0.368125ms)
✔ Readiness jump controls expose the actual active section, not a click flag (0.633584ms)
✔ Integrator P2: legal CN comment ordering and a distinct three-image recommendation (0.154292ms)
✔ ADM04 and ADM06 explain unavailable SKUs and keep collection vocabulary consistent (0.249458ms)
✔ ADM06 create/detail titles share the route vocabulary without adding a phantom Next page (0.328916ms)
✔ G-UI1 Next pages and route registry are bidirectional, unique, typed, documented (3.442042ms)
✔ G-UI1 copy key parity: no missing or extra key in any locale (0.091042ms)
✔ G-UI2 staff without catalog:read cannot see products/inventory or open a product URL (0.160667ms)
✔ G-UI2 every route permission is a permission Go knows, and /orders/new needs inventory:reserve (36.58175ms)
✔ G-UI1 dynamic and public routes match, details never appear as navigation (0.236208ms)
✔ W6-U2 ledger is a settings in-page route, preserving existing navigation (0.122541ms)
✔ Every browser spec clicks nav-orders: the orders group stays a singleton, so returns/new/print routes are nav: false (0.217834ms)
ℹ tests 13
ℹ suites 0
ℹ pass 13
ℹ fail 0
ℹ cancelled 0
ℹ skipped 0
ℹ todo 0
ℹ duration_ms 480.83875
PASS G-UI2/G-UI4: 24 matrix cases, role negative, store switch, axe shell audit
PASS platform-brand: 24 real-click/reload cases, 18 screenshots; MOCK not platform-site PS2
