✔ thresholds are the named constants of the brief (1.979416ms)
✔ R1: document wider than the viewport, and the outermost element past the edge (0.215292ms)
✔ R2: label tops, control tops and control heights of one visual row (0.56775ms)
✔ R2: what is one row and what is not (0.149291ms)
✔ R2: a button beside a field has to line up with its control (0.220042ms)
✔ R3: a row made tall by stacked controls, a control wider than its cell (1.024125ms)
✔ R3: a matrix whose EVERY row is doubled by a stacked stock cell (the median cannot see it) (0.261291ms)
✔ R4: small text, helper text apart, icons and duplicates excepted (0.184375ms)
✔ R5: tap targets on the 390 viewport only (0.792125ms)
✔ R6: interactive elements and text boxes that overlap (0.344291ms)
✔ R7: text clipped inside a control or label (either side), and select values that do not fit (0.342709ms)
✔ R8: the same visible label twice in one list (0.093417ms)
✔ evaluate() tags severity, selectRecords() keeps distinct groups first and counts every instance (0.664291ms)
✔ R9: text and controls flush to the screen edge at 390 (0.242208ms)
✔ R10: a fixed or sticky bar covering main content after scrolling (0.253542ms)
✔ R11: controls narrower than a usable width (0.164625ms)
ℹ tests 16
ℹ suites 0
ℹ pass 16
ℹ fail 0
ℹ cancelled 0
ℹ skipped 0
ℹ todo 0
ℹ duration_ms 78.083834
PASS visual-lint canary: bad page trips R1,R10,R11,R2,R3,R4,R6,R7,R8 (+R5, R9 at 390), good page trips none (desktop and 390, incl. the scrolled fixed-bar pass)

> live-commerce-workspace@ build:storefront /Volumes/data/live_commerce_architecture_v1/.worktrees/admin-visual
> pnpm --filter @live-commerce/storefront build


> @live-commerce/storefront@ build /Volumes/data/live_commerce_architecture_v1/.worktrees/admin-visual/apps/storefront
> next build

▲ Next.js 16.3.5 (Turbopack)
✓ Running next.config.ts took 147ms

  Creating an optimized production build ...
✓ Compiled successfully in 1668ms
  Running TypeScript ...
  Finished TypeScript in 500ms ...
  Collecting page data using 9 workers ...
  Generating static pages using 9 workers (0/2) ...
✓ Generating static pages using 9 workers (2/2) in 74ms
  Finalizing page optimization ...

Route (app)
┌ ƒ /
├ ○ /_not-found
├ ƒ /[locale]
├ ƒ /[locale]/cart
├ ƒ /[locale]/checkout
├ ƒ /[locale]/claim
├ ƒ /[locale]/collections
├ ƒ /[locale]/collections/[slug]
├ ƒ /[locale]/data-deletion
├ ƒ /[locale]/legal/[slug]
├ ƒ /[locale]/legal/anti-fraud
├ ƒ /[locale]/order-link
├ ƒ /[locale]/orders/[orderID]
├ ƒ /[locale]/orders/lookup
├ ƒ /[locale]/pages/[slug]
├ ƒ /[locale]/privacy
├ ƒ /[locale]/products
├ ƒ /[locale]/products/[slug]
├ ƒ /[locale]/search
├ ƒ /api/buyer/[...path]
├ ƒ /api/shop/product/[key]
├ ƒ /api/shop/products
├ ƒ /feeds/meta.csv
├ ƒ /media/c/[collectionID]/[imageID]
├ ƒ /media/p/[productID]/[imageID]
├ ƒ /media/s/[imageID]
├ ƒ /payment/return
├ ƒ /products/[productID]
├ ƒ /robots.txt
└ ƒ /sitemap.xml


ƒ Proxy (Middleware)

○  (Static)   prerendered as static content
ƒ  (Dynamic)  server-rendered on demand


> live-commerce-workspace@ build:admin /Volumes/data/live_commerce_architecture_v1/.worktrees/admin-visual
> pnpm --filter @live-commerce/admin build


> @live-commerce/admin@ build /Volumes/data/live_commerce_architecture_v1/.worktrees/admin-visual/apps/admin
> next build && node ../../scripts/dev/package-admin.mjs

▲ Next.js 16.3.5 (Turbopack)
✓ Running next.config.ts took 28ms

  Creating an optimized production build ...
✓ Compiled successfully in 1094ms
  Running TypeScript ...
  Finished TypeScript in 385ms ...
  Collecting page data using 9 workers ...
  Generating static pages using 9 workers (0/15) ...
  Generating static pages using 9 workers (3/15) 
  Generating static pages using 9 workers (7/15) 
  Generating static pages using 9 workers (11/15) 
✓ Generating static pages using 9 workers (15/15) in 94ms
  Finalizing page optimization ...

Route (app)
┌ ○ /_not-found
├ ƒ /[locale]
├ ƒ /[locale]/ads
├ ƒ /[locale]/ads/attribution
├ ƒ /[locale]/billing
├ ƒ /[locale]/collections
├ ƒ /[locale]/customers
├ ƒ /[locale]/customers/[customer]
├ ƒ /[locale]/design
├ ƒ /[locale]/finance
├ ƒ /[locale]/inventory
├ ƒ /[locale]/invite/[token]
├ ƒ /[locale]/orders
├ ƒ /[locale]/orders/cvs-print
├ ƒ /[locale]/orders/new
├ ƒ /[locale]/products
├ ƒ /[locale]/products/[product]
├ ƒ /[locale]/products/import
├ ƒ /[locale]/promotions
├ ƒ /[locale]/reset
├ ƒ /[locale]/settings
├ ƒ /[locale]/signup
├ ƒ /[locale]/studio
├ ƒ /[locale]/studio/claims
├ ƒ /[locale]/team
├ ƒ /api/ads/meta/callback
├ ƒ /api/ads/meta/connect
├ ƒ /api/auth/callback
├ ƒ /api/auth/login
├ ƒ /api/auth/logout
├ ƒ /api/auth/password/login
├ ƒ /api/auth/password/reset
├ ƒ /api/auth/password/signup
├ ƒ /api/auth/password/verify
├ ƒ /api/meta/callback
├ ƒ /api/meta/connect
├ ƒ /api/onboarding/initial-store
├ ƒ /api/stores
├ ƒ /api/stores/[store]/[...resource]
├ ƒ /api/stores/[store]/tools/[...resource]
├ ƒ /api/team/[action]
├ ƒ /site/[locale]/[page]
├ ƒ /site/robots.txt
└ ƒ /site/sitemap.xml


ƒ Proxy (Middleware)

○  (Static)   prerendered as static content
ƒ  (Dynamic)  server-rendered on demand

Packaged standalone admin server and static assets.
=== RUN   TestBrowserClickSweep
    browser_click_sweep_test.go:475: click sweep FAILED (exit: exit status 1); the ledger and the failing controls are in /Volumes/data/live_commerce_architecture_v1/.worktrees/admin-visual/output/ui-click-sweep (ledger.md, DEFECTS in the runner log /Volumes/data/live_commerce_architecture_v1/.worktrees/admin-visual/output/playwright/click-sweep/20261005T083752.901044000/click-sweep.mjs.log)
--- FAIL: TestBrowserClickSweep (456.66s)
FAIL
FAIL	livecommerce/tests/foundation	457.657s
FAIL
G-UI9: shots 294/294 (NOT_RUN 0); instances R1 0, R2 0, R3 0, R4 0, R5 0, R6 3, R7 132, R8 0, R9 2, R10 10, R11 0; blocking 51; 51 blocking violation instances (R1/R2/R3/R6/R9 and R7 clipped controls)
G-UI9 evidence: output/ui-visual-audit/20261005T083757Z (lint.md, lint.json, index.json, shots/, crops/)
FAIL: G-UI9 visual lint (lint verdict exit 1, go test exit 1): blocking violations (R1 R2 R3 R6 R9, R7 clipped controls), a missing shot or a page that did not load; R4 R5 R8 R10 R11 and clipped labels are WARN.
