✖ every actual mobile control operation is enclosed by its recording callback (15.917125ms)
✔ a new bare click is rejected without running a browser (10.848125ms)
✔ a different control cannot borrow an existing action's recording callback (24.736417ms)
✔ a direct ledger push cannot bypass canonical recording (6.176375ms)
✔ removing the recording wrapper rejects the enclosed real action (5.226459ms)
✔ shared table has only complete meaningful unique declarations (0.453458ms)
✔ actual recorder expands every canonical expectation and preserves detailed observations (zh-TW) (1.044ms)
✔ actual recorder expands every canonical expectation and preserves detailed observations (zh-CN) (0.405834ms)
✔ actual recorder expands every canonical expectation and preserves detailed observations (en) (0.367583ms)
✔ failed assertion and missing observation cannot emit a PASS or satisfy completeness (0.240667ms)
✔ in-flight action cannot masquerade as complete or admit a concurrent duplicate (0.356042ms)
ℹ tests 11
ℹ suites 0
ℹ pass 10
ℹ fail 1
ℹ cancelled 0
ℹ skipped 0
ℹ todo 0
ℹ duration_ms 285.323917

✖ failing tests:

test at tests/ci/product-editor-matrix-ledger.test.mjs:76:1
✖ every actual mobile control operation is enclosed by its recording callback (15.917125ms)
  AssertionError [ERR_ASSERTION]: Expected values to be strictly deep-equal:
  + actual - expected

  + [
  +   '661: page.getByTestId("undeclared-control").click()'
  + ]
  - []

      at TestContext.<anonymous> (file:///Volumes/data/live_commerce_architecture_v1/.worktrees/pr28-matrix-ledger-actions/tests/ci/product-editor-matrix-ledger.test.mjs:77:10)
      at Test.runInAsyncScope (node:async_hooks:227:14)
      at Test.run (node:internal/test_runner/test:1201:25)
      at Test.start (node:internal/test_runner/test:1096:17)
      at startSubtestAfterBootstrap (node:internal/test_runner/harness:385:17) {
    generatedMessage: true,
    code: 'ERR_ASSERTION',
    actual: [ '661: page.getByTestId("undeclared-control").click()' ],
    expected: [],
    operator: 'deepStrictEqual',
    diff: 'simple'
  }
