✔ real Playwright ESM consumer collects the product-editor cases (964.049542ms)
✖ every actual mobile control operation is enclosed by its recording callback (17.650917ms)
✔ a new bare click is rejected without running a browser (9.88ms)
✔ a different control cannot borrow an existing action's recording callback (23.055459ms)
✔ a direct ledger push cannot bypass canonical recording (5.595708ms)
✔ removing the recording wrapper rejects the enclosed real action (4.558ms)
✔ shared table has only complete meaningful unique declarations (0.389583ms)
✔ actual recorder expands every canonical expectation and preserves detailed observations (zh-TW) (0.984833ms)
✔ actual recorder expands every canonical expectation and preserves detailed observations (zh-CN) (0.359209ms)
✔ actual recorder expands every canonical expectation and preserves detailed observations (en) (0.399083ms)
✔ failed assertion and missing observation cannot emit a PASS or satisfy completeness (0.224709ms)
✔ in-flight action cannot masquerade as complete or admit a concurrent duplicate (0.378125ms)
ℹ tests 12
ℹ suites 0
ℹ pass 11
ℹ fail 1
ℹ cancelled 0
ℹ skipped 0
ℹ todo 0
ℹ duration_ms 1245.54975

✖ failing tests:

test at tests/ci/product-editor-matrix-ledger.test.mjs:101:1
✖ every actual mobile control operation is enclosed by its recording callback (17.650917ms)
  AssertionError [ERR_ASSERTION]: Expected values to be strictly deep-equal:
  + actual - expected

  + [
  +   '661: page.getByTestId("undeclared-control").click()'
  + ]
  - []

      at TestContext.<anonymous> (file:///Volumes/data/live_commerce_architecture_v1/.worktrees/matrix-ledger-enforce/tests/ci/product-editor-matrix-ledger.test.mjs:102:10)
      at Test.runInAsyncScope (node:async_hooks:227:14)
      at Test.run (node:internal/test_runner/test:1201:25)
      at Test.processPendingSubtests (node:internal/test_runner/test:831:18)
      at Test.postRun (node:internal/test_runner/test:1330:19)
      at Test.run (node:internal/test_runner/test:1258:12)
      at async startSubtestAfterBootstrap (node:internal/test_runner/harness:385:3) {
    generatedMessage: true,
    code: 'ERR_ASSERTION',
    actual: [ '661: page.getByTestId("undeclared-control").click()' ],
    expected: [],
    operator: 'deepStrictEqual',
    diff: 'simple'
  }
