=== RUN   TestLiveConsoleLCN02ItemSeqWire
=== RUN   TestLiveConsoleLCN02ItemSeqWire/facebook-buffer-and-direct-history
=== RUN   TestLiveConsoleLCN02ItemSeqWire/instagram-webhook-envelope
--- PASS: TestLiveConsoleLCN02ItemSeqWire (2.37s)
    --- PASS: TestLiveConsoleLCN02ItemSeqWire/facebook-buffer-and-direct-history (1.77s)
    --- PASS: TestLiveConsoleLCN02ItemSeqWire/instagram-webhook-envelope (0.60s)
=== RUN   TestLiveConsoleLCN02IGFactsBridgeGraphBranch
--- PASS: TestLiveConsoleLCN02IGFactsBridgeGraphBranch (0.26s)
=== RUN   TestLiveConsoleLCN02IGFactsFallbackAndUnavailable
--- PASS: TestLiveConsoleLCN02IGFactsFallbackAndUnavailable (0.62s)
=== RUN   TestLiveConsoleLCN01BufferCapAgeAndCursor
=== RUN   TestLiveConsoleLCN01BufferCapAgeAndCursor/ring-cap
=== RUN   TestLiveConsoleLCN01BufferCapAgeAndCursor/age-out
=== RUN   TestLiveConsoleLCN01BufferCapAgeAndCursor/idle-drop-reset
=== RUN   TestLiveConsoleLCN01BufferCapAgeAndCursor/cursor-tamper-and-paging-next
--- PASS: TestLiveConsoleLCN01BufferCapAgeAndCursor (4.27s)
    --- PASS: TestLiveConsoleLCN01BufferCapAgeAndCursor/ring-cap (0.18s)
    --- PASS: TestLiveConsoleLCN01BufferCapAgeAndCursor/age-out (0.18s)
    --- PASS: TestLiveConsoleLCN01BufferCapAgeAndCursor/idle-drop-reset (3.70s)
    --- PASS: TestLiveConsoleLCN01BufferCapAgeAndCursor/cursor-tamper-and-paging-next (0.22s)
=== RUN   TestLiveConsoleLCN02BridgeStatusesAndFacts
--- PASS: TestLiveConsoleLCN02BridgeStatusesAndFacts (0.18s)
=== RUN   TestLiveConsoleLCN04NoCommentTextPersisted
--- PASS: TestLiveConsoleLCN04NoCommentTextPersisted (0.43s)
=== RUN   TestLiveConsoleLCN05PrintAndMarks
--- PASS: TestLiveConsoleLCN05PrintAndMarks (0.19s)
PASS
ok  	livecommerce/tests/foundation	10.125s
test-focused: top-level PASS=7 FAIL=0 SKIP=0 exit=0
exit=0
