✖ PR18 buyer-panel read 404: stays local (retention-purged or gone selection), console keeps access (14.137875ms)
✔ PR18 buyer-panel read 403: revokes the console scope (1.341125ms)
ℹ tests 2
ℹ suites 0
ℹ pass 1
ℹ fail 1
ℹ cancelled 0
ℹ skipped 0
ℹ todo 0
ℹ duration_ms 301.641125

✖ failing tests:

test at tests/admin/comment-stream-hooks.test.ts:431:55
✖ PR18 buyer-panel read 404: stays local (retention-purged or gone selection), console keeps access (14.137875ms)
  AssertionError [ERR_ASSERTION]: Expected values to be strictly equal:
  
  1 !== 0
  
      at TestContext.<anonymous> (file:///Volumes/data/live_commerce_architecture_v1/.worktrees/lc-u2a-comment-stream/tests/admin/comment-stream-hooks.test.ts:437:27)
      at async Test.run (node:internal/test_runner/test:1208:7)
      at async startSubtestAfterBootstrap (node:internal/test_runner/harness:385:3) {
    generatedMessage: true,
    code: 'ERR_ASSERTION',
    actual: 1,
    expected: 0,
    operator: 'strictEqual',
    diff: 'simple'
  }
