✔ finance rows with the two pay-at-pickup keys parse and stay separate from captured and net (0.7665ms)
✔ a pickup-only day (no captured money) is a valid row whose captured and net stay zero (0.135167ms)
✔ the older 7-key row (before the column) still parses with zero pickup money (0.852667ms)
✔ a half pair, a negative or a non-integer pickup value is refused, never shown (0.259791ms)
✔ Studio subtitle is neutral production wording in all three locales (0.1905ms)
ℹ tests 5
ℹ suites 0
ℹ pass 5
ℹ fail 0
ℹ cancelled 0
ℹ skipped 0
ℹ todo 0
ℹ duration_ms 107.539833

> live-commerce-workspace@ build:storefront /Volumes/data/live_commerce_architecture_v1/.worktrees/ui-w0-shell
> pnpm --filter @live-commerce/storefront build


> @live-commerce/storefront@ build /Volumes/data/live_commerce_architecture_v1/.worktrees/ui-w0-shell/apps/storefront
> next build

▲ Next.js 16.3.5 (Turbopack)
✓ Running next.config.ts took 38ms

  Creating an optimized production build ...
✓ Compiled successfully in 918ms
  Running TypeScript ...
  Finished TypeScript in 378ms ...
  Collecting page data using 9 workers ...
  Generating static pages using 9 workers (0/2) ...
✓ Generating static pages using 9 workers (2/2) in 108ms
  Finalizing page optimization ...

Route (app)
┌ ƒ /
├ ○ /_not-found
├ ƒ /[locale]
├ ƒ /[locale]/cart
├ ƒ /[locale]/checkout
├ ƒ /[locale]/claim
├ ƒ /[locale]/collections
├ ƒ /[locale]/collections/[slug]
├ ƒ /[locale]/data-deletion
├ ƒ /[locale]/legal/[slug]
├ ƒ /[locale]/order-link
├ ƒ /[locale]/orders/[orderID]
├ ƒ /[locale]/orders/lookup
├ ƒ /[locale]/pages/[slug]
├ ƒ /[locale]/privacy
├ ƒ /[locale]/products
├ ƒ /[locale]/products/[slug]
├ ƒ /[locale]/search
├ ƒ /api/buyer/[...path]
├ ƒ /api/shop/product/[key]
├ ƒ /api/shop/products
├ ƒ /feeds/meta.csv
├ ƒ /media/c/[collectionID]/[imageID]
├ ƒ /media/p/[productID]/[imageID]
├ ƒ /media/s/[imageID]
├ ƒ /payment/return
├ ƒ /products/[productID]
├ ƒ /robots.txt
└ ƒ /sitemap.xml


ƒ Proxy (Middleware)

○  (Static)   prerendered as static content
ƒ  (Dynamic)  server-rendered on demand


> live-commerce-workspace@ build:admin /Volumes/data/live_commerce_architecture_v1/.worktrees/ui-w0-shell
> pnpm --filter @live-commerce/admin build


> @live-commerce/admin@ build /Volumes/data/live_commerce_architecture_v1/.worktrees/ui-w0-shell/apps/admin
> next build && node ../../scripts/dev/package-admin.mjs

▲ Next.js 16.3.5 (Turbopack)
✓ Running next.config.ts took 19ms

  Creating an optimized production build ...
✓ Compiled successfully in 982ms
  Running TypeScript ...
  Finished TypeScript in 278ms ...
  Collecting page data using 9 workers ...
  Generating static pages using 9 workers (0/15) ...
  Generating static pages using 9 workers (3/15) 
  Generating static pages using 9 workers (7/15) 
  Generating static pages using 9 workers (11/15) 
✓ Generating static pages using 9 workers (15/15) in 73ms
  Finalizing page optimization ...

Route (app)
┌ ○ /_not-found
├ ƒ /[locale]
├ ƒ /[locale]/ads
├ ƒ /[locale]/billing
├ ƒ /[locale]/collections
├ ƒ /[locale]/customers
├ ƒ /[locale]/customers/[customer]
├ ƒ /[locale]/design
├ ƒ /[locale]/finance
├ ƒ /[locale]/inventory
├ ƒ /[locale]/invite/[token]
├ ƒ /[locale]/orders
├ ƒ /[locale]/orders/cvs-print
├ ƒ /[locale]/orders/new
├ ƒ /[locale]/products
├ ƒ /[locale]/products/[product]
├ ƒ /[locale]/products/import
├ ƒ /[locale]/promotions
├ ƒ /[locale]/reset
├ ƒ /[locale]/settings
├ ƒ /[locale]/signup
├ ƒ /[locale]/studio
├ ƒ /[locale]/studio/claims
├ ƒ /[locale]/team
├ ƒ /api/ads/meta/callback
├ ƒ /api/ads/meta/connect
├ ƒ /api/auth/callback
├ ƒ /api/auth/login
├ ƒ /api/auth/logout
├ ƒ /api/auth/password/login
├ ƒ /api/auth/password/reset
├ ƒ /api/auth/password/signup
├ ƒ /api/auth/password/verify
├ ƒ /api/meta/callback
├ ƒ /api/meta/connect
├ ƒ /api/onboarding/initial-store
├ ƒ /api/stores
├ ƒ /api/stores/[store]/[...resource]
├ ƒ /api/stores/[store]/tools/[...resource]
└ ƒ /api/team/[action]


ƒ Proxy (Middleware)

○  (Static)   prerendered as static content
ƒ  (Dynamic)  server-rendered on demand

Packaged standalone admin server and static assets.
=== RUN   TestBrowserOpsPolishStorefront
    browser_ops_polish_test.go:101: OP1 buyer browser (MOCK, no PSP) passed; evidence=/Volumes/data/live_commerce_architecture_v1/.worktrees/ui-w0-shell/output/playwright/ops-polish-storefront/20261002T100233.725794000
--- PASS: TestBrowserOpsPolishStorefront (9.27s)
=== RUN   TestBrowserOpsPolishAdmin
    browser_ops_polish_test.go:162: admin browser gate failed: exit status 1; evidence=/Volumes/data/live_commerce_architecture_v1/.worktrees/ui-w0-shell/output/playwright/ops-polish-admin/20261002T100242.993046000
--- FAIL: TestBrowserOpsPolishAdmin (62.20s)
FAIL
FAIL	livecommerce/tests/foundation	72.393s
FAIL
