✔ G-UI3/G-UI5 architecture constraints pass with shrinking legacy exceptions (305.174833ms)
✔ G-UI3/G-UI5 negatives: new formatter, component fetch, >800 lines and wider allowance fail (0.508875ms)
✔ G-UI1 Next pages and route registry are bidirectional, unique, typed, documented (2.000125ms)
✔ G-UI1 copy key parity: no missing or extra key in any locale (0.081167ms)
✔ G-UI2 staff without catalog:read cannot see products/inventory or open a product URL (0.176416ms)
✔ G-UI1 dynamic and public routes match, details never appear as navigation (0.11225ms)
ℹ tests 6
ℹ suites 0
ℹ pass 6
ℹ fail 0
ℹ cancelled 0
ℹ skipped 0
ℹ todo 0
ℹ duration_ms 447.557125
node:internal/modules/run_main:107
    triggerUncaughtException(
    ^

locator.waitFor: Timeout 30000ms exceeded.
Call log:
[2m  - waiting for getByTestId('route-forbidden') to be visible[22m

    at runShellGate (/Volumes/data/live_commerce_architecture_v1/.worktrees/ui-w0-shell/tests/admin/shell-browser.mjs:386:45)
    at async file:///Volumes/data/live_commerce_architecture_v1/.worktrees/ui-w0-shell/tests/admin/shell-runner.mjs:184:7 {
  log: [ "  - waiting for getByTestId('route-forbidden') to be visible" ],
  name: 'TimeoutError'
}

Node.js v24.15.0
