=== RUN   TestManualFulfilmentMF02Schema
=== RUN   TestManualFulfilmentMF02Schema/migration,_permission_vocabulary_and_order_state_CHECK
=== RUN   TestManualFulfilmentMF02Schema/version_and_head_CHECKs
=== RUN   TestManualFulfilmentMF02Schema/definers,_ACLs_and_the_privilege_matrix
=== RUN   TestManualFulfilmentMF02Schema/record_wrote_its_command_result_and_audit_row_through_the_definer_(not_as_superuser)
2026/10/06 03:36:52 INFO orders.export_unshipped store_id=fcacb743-306b-48ec-9d1e-658f468274cc rows=1 truncated=false duration_ms=8
=== RUN   TestManualFulfilmentMF02Schema/versions_are_append-only,_heads_move_by_exactly_+1,_and_the_state_agreement_is_enforced_at_COMMIT
=== RUN   TestManualFulfilmentMF02Schema/merchant_read_function_keeps_the_0027_authority_behaviour_and_knows_the_new_filters
=== RUN   TestManualFulfilmentMF02Schema/populated_upgrade_after_0062
    manual_fulfilment_schema_test.go:348: NOT_RUN: migrations.Apply has no partial-apply hook; a database frozen at 0062 with rows cannot be built without re-implementing the migrator
--- PASS: TestManualFulfilmentMF02Schema (5.49s)
    --- PASS: TestManualFulfilmentMF02Schema/migration,_permission_vocabulary_and_order_state_CHECK (0.00s)
    --- PASS: TestManualFulfilmentMF02Schema/version_and_head_CHECKs (0.07s)
    --- PASS: TestManualFulfilmentMF02Schema/definers,_ACLs_and_the_privilege_matrix (0.03s)
    --- PASS: TestManualFulfilmentMF02Schema/record_wrote_its_command_result_and_audit_row_through_the_definer_(not_as_superuser) (0.02s)
    --- PASS: TestManualFulfilmentMF02Schema/versions_are_append-only,_heads_move_by_exactly_+1,_and_the_state_agreement_is_enforced_at_COMMIT (0.07s)
    --- PASS: TestManualFulfilmentMF02Schema/merchant_read_function_keeps_the_0027_authority_behaviour_and_knows_the_new_filters (0.03s)
    --- SKIP: TestManualFulfilmentMF02Schema/populated_upgrade_after_0062 (0.00s)
=== RUN   TestMerchantOrdersV2DomainReadAuthority
=== RUN   TestMerchantOrdersV2DomainReadAuthority/claims.order_live_sources(uuid,uuid,uuid[])
=== RUN   TestMerchantOrdersV2DomainReadAuthority/live.order_session_labels(uuid,uuid,uuid[])
=== RUN   TestMerchantOrdersV2DomainReadAuthority/fulfillment.order_cvs_tracking(uuid,uuid,uuid[])
--- PASS: TestMerchantOrdersV2DomainReadAuthority (0.02s)
    --- PASS: TestMerchantOrdersV2DomainReadAuthority/claims.order_live_sources(uuid,uuid,uuid[]) (0.01s)
    --- PASS: TestMerchantOrdersV2DomainReadAuthority/live.order_session_labels(uuid,uuid,uuid[]) (0.00s)
    --- PASS: TestMerchantOrdersV2DomainReadAuthority/fulfillment.order_cvs_tracking(uuid,uuid,uuid[]) (0.00s)
=== RUN   TestMerchantOrdersV2PickListReadAuthority
=== RUN   TestMerchantOrdersV2PickListReadAuthority/fulfillment.read_pick_list(bytea,uuid,uuid[],uuid)
=== RUN   TestMerchantOrdersV2PickListReadAuthority/claims.pick_list_session_orders(uuid,uuid,uuid)
--- PASS: TestMerchantOrdersV2PickListReadAuthority (0.01s)
    --- PASS: TestMerchantOrdersV2PickListReadAuthority/fulfillment.read_pick_list(bytea,uuid,uuid[],uuid) (0.00s)
    --- PASS: TestMerchantOrdersV2PickListReadAuthority/claims.pick_list_session_orders(uuid,uuid,uuid) (0.00s)
=== RUN   TestMerchantOrdersV2DomainReadScope
--- PASS: TestMerchantOrdersV2DomainReadScope (1.75s)
=== RUN   TestMerchantOrdersV2LegacyDisplayFallback
--- PASS: TestMerchantOrdersV2LegacyDisplayFallback (0.29s)
=== RUN   TestMerchantOrdersV2LegacyUnicodeWhitespaceRecipient
--- PASS: TestMerchantOrdersV2LegacyUnicodeWhitespaceRecipient (0.32s)
=== RUN   TestMerchantOrdersV2TenThousandScopedSearch
    merchant_orders_v2_perf_test.go:164: 10k 7654: n=10 p50=60.407042ms max=77.024375ms
    merchant_orders_v2_perf_test.go:164: 10k SYNTHETIC-TRACK-7654: n=10 p50=57.358083ms max=60.077542ms
--- PASS: TestMerchantOrdersV2TenThousandScopedSearch (16.75s)
=== RUN   TestMerchantOrdersV2ReadContract
--- PASS: TestMerchantOrdersV2ReadContract (0.45s)
=== RUN   TestMerchantOrdersV2SearchStreamLimit
--- PASS: TestMerchantOrdersV2SearchStreamLimit (0.00s)
=== RUN   TestPickList
=== RUN   TestPickList/PL01_totals_merge_and_per-order_lines
=== RUN   TestPickList/PL02_shipped/cancelled/foreign_skipped_codes
=== RUN   TestPickList/PL03_501_ids_->_422_too_many
=== RUN   TestPickList/PL05_permission_split
--- PASS: TestPickList (9.49s)
    --- PASS: TestPickList/PL01_totals_merge_and_per-order_lines (0.01s)
    --- PASS: TestPickList/PL02_shipped/cancelled/foreign_skipped_codes (2.06s)
    --- PASS: TestPickList/PL03_501_ids_->_422_too_many (0.01s)
    --- PASS: TestPickList/PL05_permission_split (0.01s)
=== RUN   TestPickList500
    pick_list_test.go:320: PL08 500-order pick list: 87.516125ms
--- PASS: TestPickList500 (4.03s)
=== RUN   TestCarrierExport
=== RUN   TestCarrierExport/black_cat
=== RUN   TestCarrierExport/hsinchu
=== RUN   TestCarrierExport/chunghwa_post
=== RUN   TestCarrierExport/generic
--- PASS: TestCarrierExport (3.32s)
    --- PASS: TestCarrierExport/black_cat (0.01s)
    --- PASS: TestCarrierExport/hsinchu (0.00s)
    --- PASS: TestCarrierExport/chunghwa_post (0.00s)
    --- PASS: TestCarrierExport/generic (0.00s)
=== RUN   TestCVSBatch
--- PASS: TestCVSBatch (3.77s)
=== RUN   TestCVSBatchUnknown
--- PASS: TestCVSBatchUnknown (4.70s)
=== RUN   TestWAS01LoginsMapToTheirOwnAuthority
--- PASS: TestWAS01LoginsMapToTheirOwnAuthority (0.00s)
=== RUN   TestWAS02NonPaymentWorkersHoldNoPaymentPrivilege
=== RUN   TestWAS02NonPaymentWorkersHoldNoPaymentPrivilege/no_payment_privilege_ads_worker
=== RUN   TestWAS02NonPaymentWorkersHoldNoPaymentPrivilege/no_payment_privilege_claims_worker
=== RUN   TestWAS02NonPaymentWorkersHoldNoPaymentPrivilege/no_payment_privilege_expiry_worker
=== RUN   TestWAS02NonPaymentWorkersHoldNoPaymentPrivilege/no_payment_privilege_worker
--- PASS: TestWAS02NonPaymentWorkersHoldNoPaymentPrivilege (0.17s)
    --- PASS: TestWAS02NonPaymentWorkersHoldNoPaymentPrivilege/no_payment_privilege_ads_worker (0.01s)
    --- PASS: TestWAS02NonPaymentWorkersHoldNoPaymentPrivilege/no_payment_privilege_claims_worker (0.01s)
    --- PASS: TestWAS02NonPaymentWorkersHoldNoPaymentPrivilege/no_payment_privilege_expiry_worker (0.00s)
    --- PASS: TestWAS02NonPaymentWorkersHoldNoPaymentPrivilege/no_payment_privilege_worker (0.00s)
=== RUN   TestWAS03CrossAuthorityClaimRefused
=== RUN   TestWAS03CrossAuthorityClaimRefused/payment
=== RUN   TestWAS03CrossAuthorityClaimRefused/ads
=== RUN   TestWAS03CrossAuthorityClaimRefused/claims
--- PASS: TestWAS03CrossAuthorityClaimRefused (0.22s)
    --- PASS: TestWAS03CrossAuthorityClaimRefused/payment (0.07s)
    --- PASS: TestWAS03CrossAuthorityClaimRefused/ads (0.06s)
    --- PASS: TestWAS03CrossAuthorityClaimRefused/claims (0.06s)
=== RUN   TestWAS04OperationReadsAreLaneScoped
--- PASS: TestWAS04OperationReadsAreLaneScoped (0.06s)
=== RUN   TestWAS05ProfileFenceDerivedFromAuthority
--- PASS: TestWAS05ProfileFenceDerivedFromAuthority (0.09s)
=== RUN   TestWAS06PrivilegeInventory
--- PASS: TestWAS06PrivilegeInventory (0.01s)
PASS
ok  	livecommerce/tests/foundation	52.955s
test-focused: top-level PASS=20 FAIL=0 SKIP=0 exit=0
