✔ G-UI3/G-UI5 architecture constraints pass with shrinking legacy exceptions (317.116125ms)
✔ G-UI3/G-UI5 negatives: new formatter, component fetch, >800 lines and wider allowance fail (0.401667ms)
✔ Readiness jump controls expose the actual active section, not a click flag (1.147084ms)
✔ Integrator P2: legal CN comment ordering and a distinct three-image recommendation (0.19725ms)
✔ ADM04 and ADM06 explain unavailable SKUs and keep collection vocabulary consistent (1.246875ms)
✔ ADM06 create/detail titles share the route vocabulary without adding a phantom Next page (0.367042ms)
✔ G-UI1 Next pages and route registry are bidirectional, unique, typed, documented (2.023375ms)
✔ G-UI1 copy key parity: no missing or extra key in any locale (0.092ms)
✔ G-UI2 staff without catalog:read cannot see products/inventory or open a product URL (0.135833ms)
✔ G-UI2 every route permission is a permission Go knows, and /orders/new needs inventory:reserve (120.747708ms)
✔ G-UI1 dynamic and public routes match, details never appear as navigation (0.244416ms)
ℹ tests 11
ℹ suites 0
ℹ pass 11
ℹ fail 0
ℹ cancelled 0
ℹ skipped 0
ℹ todo 0
ℹ duration_ms 468.812958
PASS G-UI2/G-UI4: 24 matrix cases, role negative, store switch, axe shell audit
PASS platform-brand: 24 real-click/reload cases, 18 screenshots; MOCK not platform-site PS2
