=== RUN   TestClaimsRetentionCRP10SourceGuards
=== RUN   TestClaimsRetentionCRP10SourceGuards/definer-callers-only-in-internal-retention
=== RUN   TestClaimsRetentionCRP10SourceGuards/actor-key-loaded-only-by-meta-worker-and-retention-admin
=== RUN   TestClaimsRetentionCRP10SourceGuards/operator-dsn-name-only-in-retention-admin
=== RUN   TestClaimsRetentionCRP10SourceGuards/retention-code-has-no-network-and-no-new-import
=== RUN   TestClaimsRetentionCRP10SourceGuards/regression-cheap-items
--- PASS: TestClaimsRetentionCRP10SourceGuards (0.46s)
    --- PASS: TestClaimsRetentionCRP10SourceGuards/definer-callers-only-in-internal-retention (0.00s)
    --- PASS: TestClaimsRetentionCRP10SourceGuards/actor-key-loaded-only-by-meta-worker-and-retention-admin (0.01s)
    --- PASS: TestClaimsRetentionCRP10SourceGuards/operator-dsn-name-only-in-retention-admin (0.02s)
    --- PASS: TestClaimsRetentionCRP10SourceGuards/retention-code-has-no-network-and-no-new-import (0.00s)
    --- PASS: TestClaimsRetentionCRP10SourceGuards/regression-cheap-items (0.27s)
=== RUN   TestClaimsRetentionCRP02Schema
=== RUN   TestClaimsRetentionCRP02Schema/fresh-database
    claims_retention_test.go:3459: customers.apply_erasure (0078) present in this lane: true; CB05 is exercised by the customers-billing lane (NOT_RUN here)
=== RUN   TestClaimsRetentionCRP02Schema/non-retention-roles-denied
=== RUN   TestClaimsRetentionCRP02Schema/writer-policy-behaviour
=== RUN   TestClaimsRetentionCRP02Schema/pool-validators
=== RUN   TestClaimsRetentionCRP02Schema/pool-validators/job_validator_rejects_job_+_operator_(two_retention_authorities)
=== RUN   TestClaimsRetentionCRP02Schema/pool-validators/job_validator_rejects_job_+_payment_worker
=== RUN   TestClaimsRetentionCRP02Schema/pool-validators/job_validator_rejects_job_+_payment_live_worker
=== RUN   TestClaimsRetentionCRP02Schema/pool-validators/job_validator_rejects_job_+_expiry_worker
=== RUN   TestClaimsRetentionCRP02Schema/pool-validators/job_validator_rejects_job_+_ads_worker
=== RUN   TestClaimsRetentionCRP02Schema/pool-validators/job_validator_rejects_job_+_claims_worker
=== RUN   TestClaimsRetentionCRP02Schema/pool-validators/job_validator_rejects_job_+_legacy_worker
=== RUN   TestClaimsRetentionCRP02Schema/pool-validators/job_validator_rejects_job_+_runtime
=== RUN   TestClaimsRetentionCRP02Schema/pool-validators/job_validator_rejects_job_+_claims_intake
=== RUN   TestClaimsRetentionCRP02Schema/pool-validators/job_validator_rejects_job_+_meta_consumer
=== RUN   TestClaimsRetentionCRP02Schema/pool-validators/job_validator_rejects_job_+_integration_writer
=== RUN   TestClaimsRetentionCRP02Schema/pool-validators/job_validator_rejects_job_+_definer_owner
=== RUN   TestClaimsRetentionCRP02Schema/pool-validators/job_validator_rejects_job_with_SET_ROLE
=== RUN   TestClaimsRetentionCRP02Schema/pool-validators/job_validator_rejects_definer_owner_alone
=== RUN   TestClaimsRetentionCRP02Schema/pool-validators/job_validator_rejects_definer_owner_with_SET
=== RUN   TestClaimsRetentionCRP02Schema/pool-validators/job_validator_rejects_another_authority_(payment_worker)
=== RUN   TestClaimsRetentionCRP02Schema/pool-validators/job_validator_rejects_another_authority_(payment_live_worker)
=== RUN   TestClaimsRetentionCRP02Schema/pool-validators/job_validator_rejects_another_authority_(expiry_worker)
=== RUN   TestClaimsRetentionCRP02Schema/pool-validators/job_validator_rejects_another_authority_(ads_worker)
=== RUN   TestClaimsRetentionCRP02Schema/pool-validators/job_validator_rejects_another_authority_(claims_worker)
=== RUN   TestClaimsRetentionCRP02Schema/pool-validators/job_validator_rejects_another_authority_(legacy_worker)
=== RUN   TestClaimsRetentionCRP02Schema/pool-validators/job_validator_rejects_the_runtime_pool
=== RUN   TestClaimsRetentionCRP02Schema/pool-validators/job_validator_rejects_the_owner_pool
=== RUN   TestClaimsRetentionCRP02Schema/pool-validators/operator_validator_rejects_operator_+_job
=== RUN   TestClaimsRetentionCRP02Schema/pool-validators/operator_validator_rejects_operator_+_payment_worker
=== RUN   TestClaimsRetentionCRP02Schema/pool-validators/operator_validator_rejects_operator_+_payment_live_worker
=== RUN   TestClaimsRetentionCRP02Schema/pool-validators/operator_validator_rejects_operator_+_expiry_worker
=== RUN   TestClaimsRetentionCRP02Schema/pool-validators/operator_validator_rejects_operator_+_ads_worker
=== RUN   TestClaimsRetentionCRP02Schema/pool-validators/operator_validator_rejects_operator_+_claims_worker
=== RUN   TestClaimsRetentionCRP02Schema/pool-validators/operator_validator_rejects_operator_+_legacy_worker
=== RUN   TestClaimsRetentionCRP02Schema/pool-validators/operator_validator_rejects_operator_+_runtime
=== RUN   TestClaimsRetentionCRP02Schema/pool-validators/operator_validator_rejects_operator_+_meta_worker
=== RUN   TestClaimsRetentionCRP02Schema/pool-validators/operator_validator_rejects_operator_+_definer_owner
=== RUN   TestClaimsRetentionCRP02Schema/pool-validators/operator_validator_rejects_operator_with_SET_ROLE
=== RUN   TestClaimsRetentionCRP02Schema/pool-validators/operator_validator_rejects_definer_owner_alone
=== RUN   TestClaimsRetentionCRP02Schema/pool-validators/operator_validator_rejects_another_authority_(payment_worker)
=== RUN   TestClaimsRetentionCRP02Schema/pool-validators/operator_validator_rejects_another_authority_(payment_live_worker)
=== RUN   TestClaimsRetentionCRP02Schema/pool-validators/operator_validator_rejects_another_authority_(expiry_worker)
=== RUN   TestClaimsRetentionCRP02Schema/pool-validators/operator_validator_rejects_another_authority_(ads_worker)
=== RUN   TestClaimsRetentionCRP02Schema/pool-validators/operator_validator_rejects_another_authority_(claims_worker)
=== RUN   TestClaimsRetentionCRP02Schema/pool-validators/operator_validator_rejects_another_authority_(legacy_worker)
=== RUN   TestClaimsRetentionCRP02Schema/pool-validators/operator_validator_rejects_the_runtime_pool
=== RUN   TestClaimsRetentionCRP02Schema/pool-validators/operator_validator_rejects_the_owner_pool
=== RUN   TestClaimsRetentionCRP02Schema/pool-validators/validator_payment_worker_rejects_retention_reach
=== RUN   TestClaimsRetentionCRP02Schema/pool-validators/validator_payment_live_worker_rejects_retention_reach
=== RUN   TestClaimsRetentionCRP02Schema/pool-validators/validator_expiry_worker_rejects_retention_reach
=== RUN   TestClaimsRetentionCRP02Schema/pool-validators/validator_ads_worker_rejects_retention_reach
=== RUN   TestClaimsRetentionCRP02Schema/pool-validators/validator_claims_worker_rejects_retention_reach
=== RUN   TestClaimsRetentionCRP02Schema/pool-validators/validator_checkout_rejects_retention_reach
=== RUN   TestClaimsRetentionCRP02Schema/pool-validators/validator_buyer_rejects_retention_reach
=== RUN   TestClaimsRetentionCRP02Schema/pool-validators/validator_buyer_issuer_rejects_retention_reach
=== RUN   TestClaimsRetentionCRP02Schema/pool-validators/validator_meta_ingress_rejects_retention_reach
=== RUN   TestClaimsRetentionCRP02Schema/pool-validators/validator_meta_consumer_rejects_retention_reach
=== RUN   TestClaimsRetentionCRP02Schema/pool-validators/validator_meta_worker_rejects_retention_reach
=== RUN   TestClaimsRetentionCRP02Schema/pool-validators/validator_claims_intake_rejects_retention_reach
=== RUN   TestClaimsRetentionCRP02Schema/pool-validators/validator_media_worker_rejects_retention_reach
=== RUN   TestClaimsRetentionCRP02Schema/pool-validators/validator_media_executor_rejects_retention_reach
=== RUN   TestClaimsRetentionCRP02Schema/pool-validators/validator_media_recovery_rejects_retention_reach
=== RUN   TestClaimsRetentionCRP02Schema/pool-validators/validator_stripe_ingress_rejects_retention_reach
=== RUN   TestClaimsRetentionCRP02Schema/constraints-and-policy-api
=== RUN   TestClaimsRetentionCRP02Schema/populated-upgrade
--- PASS: TestClaimsRetentionCRP02Schema (8.05s)
    --- PASS: TestClaimsRetentionCRP02Schema/fresh-database (0.17s)
    --- PASS: TestClaimsRetentionCRP02Schema/non-retention-roles-denied (0.72s)
    --- PASS: TestClaimsRetentionCRP02Schema/writer-policy-behaviour (0.27s)
    --- PASS: TestClaimsRetentionCRP02Schema/pool-validators (2.35s)
        --- PASS: TestClaimsRetentionCRP02Schema/pool-validators/job_validator_rejects_job_+_operator_(two_retention_authorities) (0.02s)
        --- PASS: TestClaimsRetentionCRP02Schema/pool-validators/job_validator_rejects_job_+_payment_worker (0.02s)
        --- PASS: TestClaimsRetentionCRP02Schema/pool-validators/job_validator_rejects_job_+_payment_live_worker (0.02s)
        --- PASS: TestClaimsRetentionCRP02Schema/pool-validators/job_validator_rejects_job_+_expiry_worker (0.02s)
        --- PASS: TestClaimsRetentionCRP02Schema/pool-validators/job_validator_rejects_job_+_ads_worker (0.02s)
        --- PASS: TestClaimsRetentionCRP02Schema/pool-validators/job_validator_rejects_job_+_claims_worker (0.02s)
        --- PASS: TestClaimsRetentionCRP02Schema/pool-validators/job_validator_rejects_job_+_legacy_worker (0.02s)
        --- PASS: TestClaimsRetentionCRP02Schema/pool-validators/job_validator_rejects_job_+_runtime (0.02s)
        --- PASS: TestClaimsRetentionCRP02Schema/pool-validators/job_validator_rejects_job_+_claims_intake (0.02s)
        --- PASS: TestClaimsRetentionCRP02Schema/pool-validators/job_validator_rejects_job_+_meta_consumer (0.02s)
        --- PASS: TestClaimsRetentionCRP02Schema/pool-validators/job_validator_rejects_job_+_integration_writer (0.02s)
        --- PASS: TestClaimsRetentionCRP02Schema/pool-validators/job_validator_rejects_job_+_definer_owner (0.02s)
        --- PASS: TestClaimsRetentionCRP02Schema/pool-validators/job_validator_rejects_job_with_SET_ROLE (0.02s)
        --- PASS: TestClaimsRetentionCRP02Schema/pool-validators/job_validator_rejects_definer_owner_alone (0.02s)
        --- PASS: TestClaimsRetentionCRP02Schema/pool-validators/job_validator_rejects_definer_owner_with_SET (0.02s)
        --- PASS: TestClaimsRetentionCRP02Schema/pool-validators/job_validator_rejects_another_authority_(payment_worker) (0.02s)
        --- PASS: TestClaimsRetentionCRP02Schema/pool-validators/job_validator_rejects_another_authority_(payment_live_worker) (0.02s)
        --- PASS: TestClaimsRetentionCRP02Schema/pool-validators/job_validator_rejects_another_authority_(expiry_worker) (0.02s)
        --- PASS: TestClaimsRetentionCRP02Schema/pool-validators/job_validator_rejects_another_authority_(ads_worker) (0.02s)
        --- PASS: TestClaimsRetentionCRP02Schema/pool-validators/job_validator_rejects_another_authority_(claims_worker) (0.02s)
        --- PASS: TestClaimsRetentionCRP02Schema/pool-validators/job_validator_rejects_another_authority_(legacy_worker) (0.02s)
        --- PASS: TestClaimsRetentionCRP02Schema/pool-validators/job_validator_rejects_the_runtime_pool (0.00s)
        --- PASS: TestClaimsRetentionCRP02Schema/pool-validators/job_validator_rejects_the_owner_pool (0.01s)
        --- PASS: TestClaimsRetentionCRP02Schema/pool-validators/operator_validator_rejects_operator_+_job (0.03s)
        --- PASS: TestClaimsRetentionCRP02Schema/pool-validators/operator_validator_rejects_operator_+_payment_worker (0.02s)
        --- PASS: TestClaimsRetentionCRP02Schema/pool-validators/operator_validator_rejects_operator_+_payment_live_worker (0.02s)
        --- PASS: TestClaimsRetentionCRP02Schema/pool-validators/operator_validator_rejects_operator_+_expiry_worker (0.02s)
        --- PASS: TestClaimsRetentionCRP02Schema/pool-validators/operator_validator_rejects_operator_+_ads_worker (0.02s)
        --- PASS: TestClaimsRetentionCRP02Schema/pool-validators/operator_validator_rejects_operator_+_claims_worker (0.02s)
        --- PASS: TestClaimsRetentionCRP02Schema/pool-validators/operator_validator_rejects_operator_+_legacy_worker (0.02s)
        --- PASS: TestClaimsRetentionCRP02Schema/pool-validators/operator_validator_rejects_operator_+_runtime (0.02s)
        --- PASS: TestClaimsRetentionCRP02Schema/pool-validators/operator_validator_rejects_operator_+_meta_worker (0.02s)
        --- PASS: TestClaimsRetentionCRP02Schema/pool-validators/operator_validator_rejects_operator_+_definer_owner (0.02s)
        --- PASS: TestClaimsRetentionCRP02Schema/pool-validators/operator_validator_rejects_operator_with_SET_ROLE (0.02s)
        --- PASS: TestClaimsRetentionCRP02Schema/pool-validators/operator_validator_rejects_definer_owner_alone (0.02s)
        --- PASS: TestClaimsRetentionCRP02Schema/pool-validators/operator_validator_rejects_another_authority_(payment_worker) (0.02s)
        --- PASS: TestClaimsRetentionCRP02Schema/pool-validators/operator_validator_rejects_another_authority_(payment_live_worker) (0.02s)
        --- PASS: TestClaimsRetentionCRP02Schema/pool-validators/operator_validator_rejects_another_authority_(expiry_worker) (0.02s)
        --- PASS: TestClaimsRetentionCRP02Schema/pool-validators/operator_validator_rejects_another_authority_(ads_worker) (0.02s)
        --- PASS: TestClaimsRetentionCRP02Schema/pool-validators/operator_validator_rejects_another_authority_(claims_worker) (0.02s)
        --- PASS: TestClaimsRetentionCRP02Schema/pool-validators/operator_validator_rejects_another_authority_(legacy_worker) (0.02s)
        --- PASS: TestClaimsRetentionCRP02Schema/pool-validators/operator_validator_rejects_the_runtime_pool (0.00s)
        --- PASS: TestClaimsRetentionCRP02Schema/pool-validators/operator_validator_rejects_the_owner_pool (0.00s)
        --- PASS: TestClaimsRetentionCRP02Schema/pool-validators/validator_payment_worker_rejects_retention_reach (0.09s)
        --- PASS: TestClaimsRetentionCRP02Schema/pool-validators/validator_payment_live_worker_rejects_retention_reach (0.09s)
        --- PASS: TestClaimsRetentionCRP02Schema/pool-validators/validator_expiry_worker_rejects_retention_reach (0.09s)
        --- PASS: TestClaimsRetentionCRP02Schema/pool-validators/validator_ads_worker_rejects_retention_reach (0.08s)
        --- PASS: TestClaimsRetentionCRP02Schema/pool-validators/validator_claims_worker_rejects_retention_reach (0.09s)
        --- PASS: TestClaimsRetentionCRP02Schema/pool-validators/validator_checkout_rejects_retention_reach (0.09s)
        --- PASS: TestClaimsRetentionCRP02Schema/pool-validators/validator_buyer_rejects_retention_reach (0.09s)
        --- PASS: TestClaimsRetentionCRP02Schema/pool-validators/validator_buyer_issuer_rejects_retention_reach (0.08s)
        --- PASS: TestClaimsRetentionCRP02Schema/pool-validators/validator_meta_ingress_rejects_retention_reach (0.08s)
        --- PASS: TestClaimsRetentionCRP02Schema/pool-validators/validator_meta_consumer_rejects_retention_reach (0.08s)
        --- PASS: TestClaimsRetentionCRP02Schema/pool-validators/validator_meta_worker_rejects_retention_reach (0.09s)
        --- PASS: TestClaimsRetentionCRP02Schema/pool-validators/validator_claims_intake_rejects_retention_reach (0.09s)
        --- PASS: TestClaimsRetentionCRP02Schema/pool-validators/validator_media_worker_rejects_retention_reach (0.11s)
        --- PASS: TestClaimsRetentionCRP02Schema/pool-validators/validator_media_executor_rejects_retention_reach (0.11s)
        --- PASS: TestClaimsRetentionCRP02Schema/pool-validators/validator_media_recovery_rejects_retention_reach (0.10s)
        --- PASS: TestClaimsRetentionCRP02Schema/pool-validators/validator_stripe_ingress_rejects_retention_reach (0.11s)
    --- PASS: TestClaimsRetentionCRP02Schema/constraints-and-policy-api (0.09s)
    --- PASS: TestClaimsRetentionCRP02Schema/populated-upgrade (3.26s)
=== RUN   TestT06WorkerAuthorityAndFunctionACL
--- PASS: TestT06WorkerAuthorityAndFunctionACL (0.60s)
=== RUN   TestLiveClaimsKC03Schema
=== RUN   TestLiveClaimsKC03Schema/fresh-migrated-twice
=== RUN   TestLiveClaimsKC03Schema/privilege-matrix
=== RUN   TestLiveClaimsKC03Schema/definers
    live_claims_schema_test.go:602: unexpected EXECUTE on claims definers: [commerce_integration_writer get_sold_out_reply commerce_integration_writer set_sold_out_reply]
=== RUN   TestLiveClaimsKC03Schema/checks-and-keys
=== RUN   TestLiveClaimsKC03Schema/foreign-roles-denied
=== RUN   TestLiveClaimsKC03Schema/release-only-with-rotation
=== RUN   TestLiveClaimsKC03Schema/pool-validator
=== RUN   TestLiveClaimsKC03Schema/populated-pre-0060-upgrade
--- FAIL: TestLiveClaimsKC03Schema (5.29s)
    --- PASS: TestLiveClaimsKC03Schema/fresh-migrated-twice (0.08s)
    --- PASS: TestLiveClaimsKC03Schema/privilege-matrix (0.10s)
    --- FAIL: TestLiveClaimsKC03Schema/definers (0.01s)
    --- PASS: TestLiveClaimsKC03Schema/checks-and-keys (0.40s)
    --- PASS: TestLiveClaimsKC03Schema/foreign-roles-denied (1.91s)
    --- PASS: TestLiveClaimsKC03Schema/release-only-with-rotation (0.11s)
    --- PASS: TestLiveClaimsKC03Schema/pool-validator (0.10s)
    --- PASS: TestLiveClaimsKC03Schema/populated-pre-0060-upgrade (2.41s)
=== RUN   TestR2IntegrationUpgradeFromReleaseHead
--- PASS: TestR2IntegrationUpgradeFromReleaseHead (5.97s)
=== RUN   TestSoldOutReplyPlanShape
=== RUN   TestSoldOutReplyPlanShape/SO02_untracked_SKU_sells_the_link
=== RUN   TestSoldOutReplyPlanShape/stocked_SKU_sells_the_link
=== RUN   TestSoldOutReplyPlanShape/SO-OPEN-1_partial_stock_counts_as_sold_out
=== RUN   TestSoldOutReplyPlanShape/counters_reserved/allocated/unavailable_are_not_sellable
--- PASS: TestSoldOutReplyPlanShape (9.07s)
    --- PASS: TestSoldOutReplyPlanShape/SO02_untracked_SKU_sells_the_link (0.21s)
    --- PASS: TestSoldOutReplyPlanShape/stocked_SKU_sells_the_link (0.25s)
    --- PASS: TestSoldOutReplyPlanShape/SO-OPEN-1_partial_stock_counts_as_sold_out (0.27s)
    --- PASS: TestSoldOutReplyPlanShape/counters_reserved/allocated/unavailable_are_not_sellable (0.24s)
=== RUN   TestSoldOutReplyPausedOffer
--- PASS: TestSoldOutReplyPausedOffer (1.18s)
=== RUN   TestSoldOutReplyBudget
=== RUN   TestSoldOutReplyBudget/SO04_manual_after_the_sold-out_reply_is_refused
=== RUN   TestSoldOutReplyBudget/SO05_switch_off_keeps_the_budget_for_the_merchant
=== RUN   TestSoldOutReplyBudget/SO06_manual_first,_then_the_sold-out_claim
--- PASS: TestSoldOutReplyBudget (1.61s)
    --- PASS: TestSoldOutReplyBudget/SO04_manual_after_the_sold-out_reply_is_refused (0.28s)
    --- PASS: TestSoldOutReplyBudget/SO05_switch_off_keeps_the_budget_for_the_merchant (0.47s)
    --- PASS: TestSoldOutReplyBudget/SO06_manual_first,_then_the_sold-out_claim (0.33s)
=== RUN   TestSoldOutReplyConcurrentReplay
--- PASS: TestSoldOutReplyConcurrentReplay (0.96s)
=== RUN   TestSoldOutReplySendAndUnknown
=== RUN   TestSoldOutReplySendAndUnknown/SO08_Graph_failure_is_UNKNOWN_and_never_re-sent
--- PASS: TestSoldOutReplySendAndUnknown (3.69s)
    --- PASS: TestSoldOutReplySendAndUnknown/SO08_Graph_failure_is_UNKNOWN_and_never_re-sent (1.98s)
=== RUN   TestSoldOutReplyCheckDenial
--- PASS: TestSoldOutReplyCheckDenial (8.23s)
=== RUN   TestSoldOutReplySettingsAndTemplates
--- PASS: TestSoldOutReplySettingsAndTemplates (0.94s)
=== RUN   TestSoldOutReplyACL
--- PASS: TestSoldOutReplyACL (0.33s)
FAIL
FAIL	livecommerce/tests/foundation	47.884s
FAIL
test-focused: top-level PASS=12 FAIL=1 SKIP=0 exit=1
