=== RUN   TestClaimsRetentionCRP10SourceGuards
=== RUN   TestClaimsRetentionCRP10SourceGuards/definer-callers-only-in-internal-retention
=== RUN   TestClaimsRetentionCRP10SourceGuards/actor-key-loaded-only-by-meta-worker-and-retention-admin
=== RUN   TestClaimsRetentionCRP10SourceGuards/operator-dsn-name-only-in-retention-admin
=== RUN   TestClaimsRetentionCRP10SourceGuards/retention-code-has-no-network-and-no-new-import
=== RUN   TestClaimsRetentionCRP10SourceGuards/regression-cheap-items
    claims_retention_guard_test.go:259: gofmt -l: <nil> "tests/foundation/sold_out_reply_test.go\n"
--- FAIL: TestClaimsRetentionCRP10SourceGuards (0.41s)
    --- PASS: TestClaimsRetentionCRP10SourceGuards/definer-callers-only-in-internal-retention (0.00s)
    --- PASS: TestClaimsRetentionCRP10SourceGuards/actor-key-loaded-only-by-meta-worker-and-retention-admin (0.01s)
    --- PASS: TestClaimsRetentionCRP10SourceGuards/operator-dsn-name-only-in-retention-admin (0.02s)
    --- PASS: TestClaimsRetentionCRP10SourceGuards/retention-code-has-no-network-and-no-new-import (0.00s)
    --- FAIL: TestClaimsRetentionCRP10SourceGuards/regression-cheap-items (0.32s)
=== RUN   TestClaimsRetentionCRP02Schema
=== RUN   TestClaimsRetentionCRP02Schema/fresh-database
    claims_retention_test.go:3459: customers.apply_erasure (0078) present in this lane: true; CB05 is exercised by the customers-billing lane (NOT_RUN here)
=== RUN   TestClaimsRetentionCRP02Schema/non-retention-roles-denied
=== RUN   TestClaimsRetentionCRP02Schema/writer-policy-behaviour
=== RUN   TestClaimsRetentionCRP02Schema/pool-validators
=== RUN   TestClaimsRetentionCRP02Schema/pool-validators/job_validator_rejects_job_+_operator_(two_retention_authorities)
=== RUN   TestClaimsRetentionCRP02Schema/pool-validators/job_validator_rejects_job_+_payment_worker
=== RUN   TestClaimsRetentionCRP02Schema/pool-validators/job_validator_rejects_job_+_payment_live_worker
=== RUN   TestClaimsRetentionCRP02Schema/pool-validators/job_validator_rejects_job_+_expiry_worker
=== RUN   TestClaimsRetentionCRP02Schema/pool-validators/job_validator_rejects_job_+_ads_worker
=== RUN   TestClaimsRetentionCRP02Schema/pool-validators/job_validator_rejects_job_+_claims_worker
=== RUN   TestClaimsRetentionCRP02Schema/pool-validators/job_validator_rejects_job_+_legacy_worker
=== RUN   TestClaimsRetentionCRP02Schema/pool-validators/job_validator_rejects_job_+_runtime
=== RUN   TestClaimsRetentionCRP02Schema/pool-validators/job_validator_rejects_job_+_claims_intake
=== RUN   TestClaimsRetentionCRP02Schema/pool-validators/job_validator_rejects_job_+_meta_consumer
=== RUN   TestClaimsRetentionCRP02Schema/pool-validators/job_validator_rejects_job_+_integration_writer
=== RUN   TestClaimsRetentionCRP02Schema/pool-validators/job_validator_rejects_job_+_definer_owner
=== RUN   TestClaimsRetentionCRP02Schema/pool-validators/job_validator_rejects_job_with_SET_ROLE
=== RUN   TestClaimsRetentionCRP02Schema/pool-validators/job_validator_rejects_definer_owner_alone
=== RUN   TestClaimsRetentionCRP02Schema/pool-validators/job_validator_rejects_definer_owner_with_SET
=== RUN   TestClaimsRetentionCRP02Schema/pool-validators/job_validator_rejects_another_authority_(payment_worker)
=== RUN   TestClaimsRetentionCRP02Schema/pool-validators/job_validator_rejects_another_authority_(payment_live_worker)
=== RUN   TestClaimsRetentionCRP02Schema/pool-validators/job_validator_rejects_another_authority_(expiry_worker)
=== RUN   TestClaimsRetentionCRP02Schema/pool-validators/job_validator_rejects_another_authority_(ads_worker)
=== RUN   TestClaimsRetentionCRP02Schema/pool-validators/job_validator_rejects_another_authority_(claims_worker)
=== RUN   TestClaimsRetentionCRP02Schema/pool-validators/job_validator_rejects_another_authority_(legacy_worker)
=== RUN   TestClaimsRetentionCRP02Schema/pool-validators/job_validator_rejects_the_runtime_pool
=== RUN   TestClaimsRetentionCRP02Schema/pool-validators/job_validator_rejects_the_owner_pool
=== RUN   TestClaimsRetentionCRP02Schema/pool-validators/operator_validator_rejects_operator_+_job
=== RUN   TestClaimsRetentionCRP02Schema/pool-validators/operator_validator_rejects_operator_+_payment_worker
=== RUN   TestClaimsRetentionCRP02Schema/pool-validators/operator_validator_rejects_operator_+_payment_live_worker
=== RUN   TestClaimsRetentionCRP02Schema/pool-validators/operator_validator_rejects_operator_+_expiry_worker
=== RUN   TestClaimsRetentionCRP02Schema/pool-validators/operator_validator_rejects_operator_+_ads_worker
=== RUN   TestClaimsRetentionCRP02Schema/pool-validators/operator_validator_rejects_operator_+_claims_worker
=== RUN   TestClaimsRetentionCRP02Schema/pool-validators/operator_validator_rejects_operator_+_legacy_worker
=== RUN   TestClaimsRetentionCRP02Schema/pool-validators/operator_validator_rejects_operator_+_runtime
=== RUN   TestClaimsRetentionCRP02Schema/pool-validators/operator_validator_rejects_operator_+_meta_worker
=== RUN   TestClaimsRetentionCRP02Schema/pool-validators/operator_validator_rejects_operator_+_definer_owner
=== RUN   TestClaimsRetentionCRP02Schema/pool-validators/operator_validator_rejects_operator_with_SET_ROLE
=== RUN   TestClaimsRetentionCRP02Schema/pool-validators/operator_validator_rejects_definer_owner_alone
=== RUN   TestClaimsRetentionCRP02Schema/pool-validators/operator_validator_rejects_another_authority_(payment_worker)
=== RUN   TestClaimsRetentionCRP02Schema/pool-validators/operator_validator_rejects_another_authority_(payment_live_worker)
=== RUN   TestClaimsRetentionCRP02Schema/pool-validators/operator_validator_rejects_another_authority_(expiry_worker)
=== RUN   TestClaimsRetentionCRP02Schema/pool-validators/operator_validator_rejects_another_authority_(ads_worker)
=== RUN   TestClaimsRetentionCRP02Schema/pool-validators/operator_validator_rejects_another_authority_(claims_worker)
=== RUN   TestClaimsRetentionCRP02Schema/pool-validators/operator_validator_rejects_another_authority_(legacy_worker)
=== RUN   TestClaimsRetentionCRP02Schema/pool-validators/operator_validator_rejects_the_runtime_pool
=== RUN   TestClaimsRetentionCRP02Schema/pool-validators/operator_validator_rejects_the_owner_pool
=== RUN   TestClaimsRetentionCRP02Schema/pool-validators/validator_payment_worker_rejects_retention_reach
=== RUN   TestClaimsRetentionCRP02Schema/pool-validators/validator_payment_live_worker_rejects_retention_reach
=== RUN   TestClaimsRetentionCRP02Schema/pool-validators/validator_expiry_worker_rejects_retention_reach
=== RUN   TestClaimsRetentionCRP02Schema/pool-validators/validator_ads_worker_rejects_retention_reach
=== RUN   TestClaimsRetentionCRP02Schema/pool-validators/validator_claims_worker_rejects_retention_reach
=== RUN   TestClaimsRetentionCRP02Schema/pool-validators/validator_checkout_rejects_retention_reach
=== RUN   TestClaimsRetentionCRP02Schema/pool-validators/validator_buyer_rejects_retention_reach
=== RUN   TestClaimsRetentionCRP02Schema/pool-validators/validator_buyer_issuer_rejects_retention_reach
=== RUN   TestClaimsRetentionCRP02Schema/pool-validators/validator_meta_ingress_rejects_retention_reach
=== RUN   TestClaimsRetentionCRP02Schema/pool-validators/validator_meta_consumer_rejects_retention_reach
=== RUN   TestClaimsRetentionCRP02Schema/pool-validators/validator_meta_worker_rejects_retention_reach
=== RUN   TestClaimsRetentionCRP02Schema/pool-validators/validator_claims_intake_rejects_retention_reach
=== RUN   TestClaimsRetentionCRP02Schema/pool-validators/validator_media_worker_rejects_retention_reach
=== RUN   TestClaimsRetentionCRP02Schema/pool-validators/validator_media_executor_rejects_retention_reach
=== RUN   TestClaimsRetentionCRP02Schema/pool-validators/validator_media_recovery_rejects_retention_reach
=== RUN   TestClaimsRetentionCRP02Schema/pool-validators/validator_stripe_ingress_rejects_retention_reach
=== RUN   TestClaimsRetentionCRP02Schema/constraints-and-policy-api
=== RUN   TestClaimsRetentionCRP02Schema/populated-upgrade
    claims_retention_test.go:3957: 0071 + 0127 + 0129 + 0144 on the populated database: apply 0144_checkout_reminders.sql: ERROR: check constraint "fixed_templates_template_id_check" of relation "fixed_templates" is violated by some row (SQLSTATE 23514)
--- FAIL: TestClaimsRetentionCRP02Schema (9.09s)
    --- PASS: TestClaimsRetentionCRP02Schema/fresh-database (0.21s)
    --- PASS: TestClaimsRetentionCRP02Schema/non-retention-roles-denied (1.01s)
    --- PASS: TestClaimsRetentionCRP02Schema/writer-policy-behaviour (0.32s)
    --- PASS: TestClaimsRetentionCRP02Schema/pool-validators (2.64s)
        --- PASS: TestClaimsRetentionCRP02Schema/pool-validators/job_validator_rejects_job_+_operator_(two_retention_authorities) (0.02s)
        --- PASS: TestClaimsRetentionCRP02Schema/pool-validators/job_validator_rejects_job_+_payment_worker (0.02s)
        --- PASS: TestClaimsRetentionCRP02Schema/pool-validators/job_validator_rejects_job_+_payment_live_worker (0.02s)
        --- PASS: TestClaimsRetentionCRP02Schema/pool-validators/job_validator_rejects_job_+_expiry_worker (0.02s)
        --- PASS: TestClaimsRetentionCRP02Schema/pool-validators/job_validator_rejects_job_+_ads_worker (0.02s)
        --- PASS: TestClaimsRetentionCRP02Schema/pool-validators/job_validator_rejects_job_+_claims_worker (0.02s)
        --- PASS: TestClaimsRetentionCRP02Schema/pool-validators/job_validator_rejects_job_+_legacy_worker (0.02s)
        --- PASS: TestClaimsRetentionCRP02Schema/pool-validators/job_validator_rejects_job_+_runtime (0.02s)
        --- PASS: TestClaimsRetentionCRP02Schema/pool-validators/job_validator_rejects_job_+_claims_intake (0.02s)
        --- PASS: TestClaimsRetentionCRP02Schema/pool-validators/job_validator_rejects_job_+_meta_consumer (0.02s)
        --- PASS: TestClaimsRetentionCRP02Schema/pool-validators/job_validator_rejects_job_+_integration_writer (0.02s)
        --- PASS: TestClaimsRetentionCRP02Schema/pool-validators/job_validator_rejects_job_+_definer_owner (0.03s)
        --- PASS: TestClaimsRetentionCRP02Schema/pool-validators/job_validator_rejects_job_with_SET_ROLE (0.02s)
        --- PASS: TestClaimsRetentionCRP02Schema/pool-validators/job_validator_rejects_definer_owner_alone (0.02s)
        --- PASS: TestClaimsRetentionCRP02Schema/pool-validators/job_validator_rejects_definer_owner_with_SET (0.02s)
        --- PASS: TestClaimsRetentionCRP02Schema/pool-validators/job_validator_rejects_another_authority_(payment_worker) (0.02s)
        --- PASS: TestClaimsRetentionCRP02Schema/pool-validators/job_validator_rejects_another_authority_(payment_live_worker) (0.02s)
        --- PASS: TestClaimsRetentionCRP02Schema/pool-validators/job_validator_rejects_another_authority_(expiry_worker) (0.02s)
        --- PASS: TestClaimsRetentionCRP02Schema/pool-validators/job_validator_rejects_another_authority_(ads_worker) (0.02s)
        --- PASS: TestClaimsRetentionCRP02Schema/pool-validators/job_validator_rejects_another_authority_(claims_worker) (0.02s)
        --- PASS: TestClaimsRetentionCRP02Schema/pool-validators/job_validator_rejects_another_authority_(legacy_worker) (0.02s)
        --- PASS: TestClaimsRetentionCRP02Schema/pool-validators/job_validator_rejects_the_runtime_pool (0.00s)
        --- PASS: TestClaimsRetentionCRP02Schema/pool-validators/job_validator_rejects_the_owner_pool (0.01s)
        --- PASS: TestClaimsRetentionCRP02Schema/pool-validators/operator_validator_rejects_operator_+_job (0.03s)
        --- PASS: TestClaimsRetentionCRP02Schema/pool-validators/operator_validator_rejects_operator_+_payment_worker (0.02s)
        --- PASS: TestClaimsRetentionCRP02Schema/pool-validators/operator_validator_rejects_operator_+_payment_live_worker (0.02s)
        --- PASS: TestClaimsRetentionCRP02Schema/pool-validators/operator_validator_rejects_operator_+_expiry_worker (0.02s)
        --- PASS: TestClaimsRetentionCRP02Schema/pool-validators/operator_validator_rejects_operator_+_ads_worker (0.02s)
        --- PASS: TestClaimsRetentionCRP02Schema/pool-validators/operator_validator_rejects_operator_+_claims_worker (0.02s)
        --- PASS: TestClaimsRetentionCRP02Schema/pool-validators/operator_validator_rejects_operator_+_legacy_worker (0.03s)
        --- PASS: TestClaimsRetentionCRP02Schema/pool-validators/operator_validator_rejects_operator_+_runtime (0.03s)
        --- PASS: TestClaimsRetentionCRP02Schema/pool-validators/operator_validator_rejects_operator_+_meta_worker (0.02s)
        --- PASS: TestClaimsRetentionCRP02Schema/pool-validators/operator_validator_rejects_operator_+_definer_owner (0.02s)
        --- PASS: TestClaimsRetentionCRP02Schema/pool-validators/operator_validator_rejects_operator_with_SET_ROLE (0.02s)
        --- PASS: TestClaimsRetentionCRP02Schema/pool-validators/operator_validator_rejects_definer_owner_alone (0.02s)
        --- PASS: TestClaimsRetentionCRP02Schema/pool-validators/operator_validator_rejects_another_authority_(payment_worker) (0.02s)
        --- PASS: TestClaimsRetentionCRP02Schema/pool-validators/operator_validator_rejects_another_authority_(payment_live_worker) (0.02s)
        --- PASS: TestClaimsRetentionCRP02Schema/pool-validators/operator_validator_rejects_another_authority_(expiry_worker) (0.02s)
        --- PASS: TestClaimsRetentionCRP02Schema/pool-validators/operator_validator_rejects_another_authority_(ads_worker) (0.02s)
        --- PASS: TestClaimsRetentionCRP02Schema/pool-validators/operator_validator_rejects_another_authority_(claims_worker) (0.02s)
        --- PASS: TestClaimsRetentionCRP02Schema/pool-validators/operator_validator_rejects_another_authority_(legacy_worker) (0.02s)
        --- PASS: TestClaimsRetentionCRP02Schema/pool-validators/operator_validator_rejects_the_runtime_pool (0.00s)
        --- PASS: TestClaimsRetentionCRP02Schema/pool-validators/operator_validator_rejects_the_owner_pool (0.00s)
        --- PASS: TestClaimsRetentionCRP02Schema/pool-validators/validator_payment_worker_rejects_retention_reach (0.09s)
        --- PASS: TestClaimsRetentionCRP02Schema/pool-validators/validator_payment_live_worker_rejects_retention_reach (0.09s)
        --- PASS: TestClaimsRetentionCRP02Schema/pool-validators/validator_expiry_worker_rejects_retention_reach (0.11s)
        --- PASS: TestClaimsRetentionCRP02Schema/pool-validators/validator_ads_worker_rejects_retention_reach (0.12s)
        --- PASS: TestClaimsRetentionCRP02Schema/pool-validators/validator_claims_worker_rejects_retention_reach (0.12s)
        --- PASS: TestClaimsRetentionCRP02Schema/pool-validators/validator_checkout_rejects_retention_reach (0.09s)
        --- PASS: TestClaimsRetentionCRP02Schema/pool-validators/validator_buyer_rejects_retention_reach (0.11s)
        --- PASS: TestClaimsRetentionCRP02Schema/pool-validators/validator_buyer_issuer_rejects_retention_reach (0.18s)
        --- PASS: TestClaimsRetentionCRP02Schema/pool-validators/validator_meta_ingress_rejects_retention_reach (0.09s)
        --- PASS: TestClaimsRetentionCRP02Schema/pool-validators/validator_meta_consumer_rejects_retention_reach (0.09s)
        --- PASS: TestClaimsRetentionCRP02Schema/pool-validators/validator_meta_worker_rejects_retention_reach (0.09s)
        --- PASS: TestClaimsRetentionCRP02Schema/pool-validators/validator_claims_intake_rejects_retention_reach (0.09s)
        --- PASS: TestClaimsRetentionCRP02Schema/pool-validators/validator_media_worker_rejects_retention_reach (0.10s)
        --- PASS: TestClaimsRetentionCRP02Schema/pool-validators/validator_media_executor_rejects_retention_reach (0.10s)
        --- PASS: TestClaimsRetentionCRP02Schema/pool-validators/validator_media_recovery_rejects_retention_reach (0.10s)
        --- PASS: TestClaimsRetentionCRP02Schema/pool-validators/validator_stripe_ingress_rejects_retention_reach (0.10s)
    --- PASS: TestClaimsRetentionCRP02Schema/constraints-and-policy-api (0.11s)
    --- FAIL: TestClaimsRetentionCRP02Schema/populated-upgrade (2.77s)
=== RUN   TestT06WorkerAuthorityAndFunctionACL
    external_operation_authority_test.go:327: fixed function ACL: count=88 safe=false err=<nil>
--- FAIL: TestT06WorkerAuthorityAndFunctionACL (0.59s)
=== RUN   TestLiveClaimsKC03Schema
=== RUN   TestLiveClaimsKC03Schema/fresh-migrated-twice
    live_claims_schema_test.go:189: schema claims has 11 tables, want bundles/lines/events/links/meta_intake/retention_policy/retention_log/live_price_uses/order_origins/merchant_origin_grants (0129)
=== RUN   TestLiveClaimsKC03Schema/privilege-matrix
    live_claims_schema_test.go:342: §3.2 column privilege matrix mismatch
        missing: []
        extra:   [commerce_integration_writer claims.events.offer_id SELECT commerce_integration_writer claims.events.quantity SELECT]
=== RUN   TestLiveClaimsKC03Schema/definers
    live_claims_schema_test.go:534: unexpected function claims.get_sold_out_reply
=== RUN   TestLiveClaimsKC03Schema/checks-and-keys
=== RUN   TestLiveClaimsKC03Schema/foreign-roles-denied
=== RUN   TestLiveClaimsKC03Schema/release-only-with-rotation
=== RUN   TestLiveClaimsKC03Schema/pool-validator
=== RUN   TestLiveClaimsKC03Schema/populated-pre-0060-upgrade
--- FAIL: TestLiveClaimsKC03Schema (3.87s)
    --- FAIL: TestLiveClaimsKC03Schema/fresh-migrated-twice (0.10s)
    --- FAIL: TestLiveClaimsKC03Schema/privilege-matrix (0.08s)
    --- FAIL: TestLiveClaimsKC03Schema/definers (0.00s)
    --- PASS: TestLiveClaimsKC03Schema/checks-and-keys (0.26s)
    --- PASS: TestLiveClaimsKC03Schema/foreign-roles-denied (0.60s)
    --- PASS: TestLiveClaimsKC03Schema/release-only-with-rotation (0.15s)
    --- PASS: TestLiveClaimsKC03Schema/pool-validator (0.11s)
    --- PASS: TestLiveClaimsKC03Schema/populated-pre-0060-upgrade (2.40s)
=== RUN   TestMetaClaimsMCI02UpgradeAndExactPrivilegeDelta
=== RUN   TestMetaClaimsMCI02UpgradeAndExactPrivilegeDelta/existing_data_untouched
=== RUN   TestMetaClaimsMCI02UpgradeAndExactPrivilegeDelta/privilege_delta_equals_section_4.3
=== RUN   TestMetaClaimsMCI02UpgradeAndExactPrivilegeDelta/RLS_policies
=== RUN   TestMetaClaimsMCI02UpgradeAndExactPrivilegeDelta/definer_hygiene_and_COMMENT_ON
=== RUN   TestMetaClaimsMCI02UpgradeAndExactPrivilegeDelta/interval_backfill_and_widened_CHECKs
--- PASS: TestMetaClaimsMCI02UpgradeAndExactPrivilegeDelta (6.87s)
    --- PASS: TestMetaClaimsMCI02UpgradeAndExactPrivilegeDelta/existing_data_untouched (0.07s)
    --- PASS: TestMetaClaimsMCI02UpgradeAndExactPrivilegeDelta/privilege_delta_equals_section_4.3 (0.00s)
    --- PASS: TestMetaClaimsMCI02UpgradeAndExactPrivilegeDelta/RLS_policies (0.00s)
    --- PASS: TestMetaClaimsMCI02UpgradeAndExactPrivilegeDelta/definer_hygiene_and_COMMENT_ON (0.01s)
    --- PASS: TestMetaClaimsMCI02UpgradeAndExactPrivilegeDelta/interval_backfill_and_widened_CHECKs (0.01s)
=== RUN   TestMetaClaimsMCI02PolicyBehaviour
=== RUN   TestMetaClaimsMCI02PolicyBehaviour/intake_login_without_a_leased_row_sees_and_writes_nothing,_even_with_forged_GUCs
=== RUN   TestMetaClaimsMCI02PolicyBehaviour/with_a_lease_the_login_sees_exactly_the_leased_scope
=== RUN   TestMetaClaimsMCI02PolicyBehaviour/NOGUC_system_policies_never_widen_a_tenant-scoped_transaction
=== RUN   TestMetaClaimsMCI02PolicyBehaviour/claims.links:_system_issue_is_INSERT-only,_generation_1,_no_principal
=== RUN   TestMetaClaimsMCI02PolicyBehaviour/commerce_runtime_cannot_insert_a_meta.private_reply_operation
=== RUN   TestMetaClaimsMCI02PolicyBehaviour/commerce_meta_consumer_holds_no_claims,_live_or_river_table_privilege
=== RUN   TestMetaClaimsMCI02PolicyBehaviour/check_meta_reply_from_the_worker_pool_(no_GUCs)_sees_the_link_and_the_window
=== RUN   TestMetaClaimsMCI02PolicyBehaviour/CHECK_widening:_meta_events_carry_no_principal,_RATE_LIMITED_is_meta-only
--- PASS: TestMetaClaimsMCI02PolicyBehaviour (8.51s)
    --- PASS: TestMetaClaimsMCI02PolicyBehaviour/intake_login_without_a_leased_row_sees_and_writes_nothing,_even_with_forged_GUCs (0.02s)
    --- PASS: TestMetaClaimsMCI02PolicyBehaviour/with_a_lease_the_login_sees_exactly_the_leased_scope (0.01s)
    --- PASS: TestMetaClaimsMCI02PolicyBehaviour/NOGUC_system_policies_never_widen_a_tenant-scoped_transaction (0.03s)
    --- PASS: TestMetaClaimsMCI02PolicyBehaviour/claims.links:_system_issue_is_INSERT-only,_generation_1,_no_principal (0.02s)
    --- PASS: TestMetaClaimsMCI02PolicyBehaviour/commerce_runtime_cannot_insert_a_meta.private_reply_operation (0.01s)
    --- PASS: TestMetaClaimsMCI02PolicyBehaviour/commerce_meta_consumer_holds_no_claims,_live_or_river_table_privilege (0.00s)
    --- PASS: TestMetaClaimsMCI02PolicyBehaviour/check_meta_reply_from_the_worker_pool_(no_GUCs)_sees_the_link_and_the_window (0.03s)
    --- PASS: TestMetaClaimsMCI02PolicyBehaviour/CHECK_widening:_meta_events_carry_no_principal,_RATE_LIMITED_is_meta-only (0.00s)
=== RUN   TestR2IntegrationUpgradeFromReleaseHead
    r2_integration_upgrade_test.go:61: R2 migration set = 74 files [0070_merchant_password_auth.sql 0071_claims_retention.sql 0072_taiwan_cvs_logistics.sql 0073_taiwan_cvs_functions.sql 0074_meta_ads.sql 0075_meta_ads_insights.sql 0077_stripe_live_enable.sql 0078_customers_privacy.sql 0079_platform_billing.sql 0080_meta_capi.sql 0081_storefront_publish.sql 0082_product_images.sql 0083_cvs_restock_guard.sql 0085_finance_pay_at_pickup.sql 0086_catalog_v2.sql 0087_store_design.sql 0088_checkout_offline.sql 0089_staff_team.sql 0090_buyer_comms.sql 0091_promotions.sql 0092_live_tools.sql 0093_storefront_integration.sql 0094_merchant_tools.sql 0095_meta_connect.sql 0096_worker_authorities.sql 0097_order_locale.sql 0098_buyer_comms_fixes.sql 0099_checkout_offline_fixes.sql 0100_meta_connect_fixes.sql 0101_promotion_live_fixes.sql 0102_cvs_collected_guard.sql 0103_claim_checkout_live_price.sql 0104_authz_ip_scope_link_replay.sql 0105_claim_live_price_uses.sql 0106_store_domains.sql 0107_home_cod.sql 0108_meta_multi_page.sql 0109_product_core.sql 0110_merchant_orders_v2.sql 0111_product_image_sizes.sql 0112_meta_ads_refusal_text.sql 0113_ads_attribution.sql 0115_claims_contains_mode.sql 0116_claim_sold_out_read.sql 0117_delivery_allocation_backfill.sql 0118_live_session_flow.sql 0119_live_console_inbox.sql 0120_kwc_v2.sql 0121_msg_templates.sql 0122_live_lifecycle.sql 0123_live_console_comments.sql 0124_lc_b1_readonly_archived.sql 0125_meta_connection_health.sql 0126_tracking_import.sql 0127_lc_r1_retention.sql 0128_lc_b4_sends.sql 0129_lc_b6_order_for_buyer.sql 0130_pick_list.sql 0136_payuni_notify.sql 0137_platform_stripe.sql 0139_customer_tags_notes.sql 0143_platform_operator.sql 0144_checkout_reminders.sql 0147_reports.sql 0148_lc_b7_console_read.sql 0151_sold_out_reply.sql post_river/0015_meta_ads_river.sql post_river/0016_stripe_live.sql post_river/0017_taiwan_cvs_begin_hold.sql post_river/0018_checkout_offline_begin_hold.sql post_river/0019_worker_authorities.sql post_river/0020_home_cod_begin_hold.sql post_river/0021_product_core_begin_hold.sql post_river/0022_platform_stripe.sql], want 73
--- FAIL: TestR2IntegrationUpgradeFromReleaseHead (0.00s)
=== RUN   TestWAS01LoginsMapToTheirOwnAuthority
--- PASS: TestWAS01LoginsMapToTheirOwnAuthority (0.00s)
=== RUN   TestWAS02NonPaymentWorkersHoldNoPaymentPrivilege
=== RUN   TestWAS02NonPaymentWorkersHoldNoPaymentPrivilege/no_payment_privilege_ads_worker
=== RUN   TestWAS02NonPaymentWorkersHoldNoPaymentPrivilege/no_payment_privilege_claims_worker
=== RUN   TestWAS02NonPaymentWorkersHoldNoPaymentPrivilege/no_payment_privilege_expiry_worker
=== RUN   TestWAS02NonPaymentWorkersHoldNoPaymentPrivilege/no_payment_privilege_worker
--- PASS: TestWAS02NonPaymentWorkersHoldNoPaymentPrivilege (0.30s)
    --- PASS: TestWAS02NonPaymentWorkersHoldNoPaymentPrivilege/no_payment_privilege_ads_worker (0.01s)
    --- PASS: TestWAS02NonPaymentWorkersHoldNoPaymentPrivilege/no_payment_privilege_claims_worker (0.00s)
    --- PASS: TestWAS02NonPaymentWorkersHoldNoPaymentPrivilege/no_payment_privilege_expiry_worker (0.01s)
    --- PASS: TestWAS02NonPaymentWorkersHoldNoPaymentPrivilege/no_payment_privilege_worker (0.01s)
=== RUN   TestWAS03CrossAuthorityClaimRefused
=== RUN   TestWAS03CrossAuthorityClaimRefused/payment
=== RUN   TestWAS03CrossAuthorityClaimRefused/ads
=== RUN   TestWAS03CrossAuthorityClaimRefused/claims
--- PASS: TestWAS03CrossAuthorityClaimRefused (1.06s)
    --- PASS: TestWAS03CrossAuthorityClaimRefused/payment (0.28s)
    --- PASS: TestWAS03CrossAuthorityClaimRefused/ads (0.38s)
    --- PASS: TestWAS03CrossAuthorityClaimRefused/claims (0.23s)
=== RUN   TestWAS04OperationReadsAreLaneScoped
--- PASS: TestWAS04OperationReadsAreLaneScoped (0.43s)
=== RUN   TestWAS05ProfileFenceDerivedFromAuthority
--- PASS: TestWAS05ProfileFenceDerivedFromAuthority (0.45s)
=== RUN   TestWAS06PrivilegeInventory
--- PASS: TestWAS06PrivilegeInventory (0.02s)
FAIL
FAIL	livecommerce/tests/foundation	32.270s
FAIL
test-focused: top-level PASS=8 FAIL=5 SKIP=0 exit=1
