=== RUN   TestBFFRootFixtures
--- PASS: TestBFFRootFixtures (0.01s)
=== RUN   TestBFFImportsUnknownAndProvenance
--- PASS: TestBFFImportsUnknownAndProvenance (0.03s)
=== RUN   TestBFFRealFamilies
    bff_test.go:96: routes=292 unresolved=0
--- PASS: TestBFFRealFamilies (0.28s)
=== RUN   TestBFFBuyerMethods
--- PASS: TestBFFBuyerMethods (0.10s)
=== RUN   TestBFFUnsupportedFormsAndExtraSinks
=== RUN   TestBFFUnsupportedFormsAndExtraSinks/new_RegExp("^items/.*$")
=== RUN   TestBFFUnsupportedFormsAndExtraSinks/new_RegExp("items")
=== RUN   TestBFFUnsupportedFormsAndExtraSinks/new_RegExp("^items$","i")
=== RUN   TestBFFUnsupportedFormsAndExtraSinks/new_RegExp(dynamicPattern())
--- PASS: TestBFFUnsupportedFormsAndExtraSinks (0.02s)
    --- PASS: TestBFFUnsupportedFormsAndExtraSinks/new_RegExp("^items/.*$") (0.00s)
    --- PASS: TestBFFUnsupportedFormsAndExtraSinks/new_RegExp("items") (0.00s)
    --- PASS: TestBFFUnsupportedFormsAndExtraSinks/new_RegExp("^items$","i") (0.00s)
    --- PASS: TestBFFUnsupportedFormsAndExtraSinks/new_RegExp(dynamicPattern()) (0.00s)
=== RUN   TestBFFRealSourceMutation
--- PASS: TestBFFRealSourceMutation (0.88s)
=== RUN   TestBFFNestedTemplatesAndConcat
--- PASS: TestBFFNestedTemplatesAndConcat (0.00s)
=== RUN   TestBFFParameterValidationDoesNotProduceRoute
--- PASS: TestBFFParameterValidationDoesNotProduceRoute (0.00s)
=== RUN   TestGoLexicalAliasesAndReassignment
--- PASS: TestGoLexicalAliasesAndReassignment (0.00s)
=== RUN   TestGoWrapperFiniteRangesAndConditionalAppend
--- PASS: TestGoWrapperFiniteRangesAndConditionalAppend (0.00s)
=== RUN   TestGoProducerDiscoveryMountsAndOpaqueDispatch
    go_extract_test.go:154: single-line dispatch has naturally single-line span
--- PASS: TestGoProducerDiscoveryMountsAndOpaqueDispatch (0.01s)
=== RUN   TestGoEmptyRangeMutationAndBranchUnion
--- PASS: TestGoEmptyRangeMutationAndBranchUnion (0.00s)
=== RUN   TestGoAPIImportClosureExcludesWorkerBridge
--- PASS: TestGoAPIImportClosureExcludesWorkerBridge (0.01s)
=== RUN   TestGoOpaqueDependencySpans
--- PASS: TestGoOpaqueDependencySpans (0.01s)
=== RUN   TestGoRepositoryInventory
    go_extract_test.go:246: real inventory routes=278 unresolved=30 notes=92
--- PASS: TestGoRepositoryInventory (2.63s)
=== RUN   TestGoOpaqueMountMarkersAndChildSpans
--- PASS: TestGoOpaqueMountMarkersAndChildSpans (0.00s)
=== RUN   TestGoUnsupportedClosuresAndSwitchAssignmentsStayVisible
--- PASS: TestGoUnsupportedClosuresAndSwitchAssignmentsStayVisible (0.00s)
=== RUN   TestGoImportChangesAndShadows
--- PASS: TestGoImportChangesAndShadows (0.00s)
=== RUN   TestGoReviewMethodlessHandleCLI
--- PASS: TestGoReviewMethodlessHandleCLI (5.15s)
=== RUN   TestGoReviewRouteSuffixCLI
--- PASS: TestGoReviewRouteSuffixCLI (0.90s)
=== RUN   TestGoReviewFactory405CLI
=== RUN   TestGoReviewFactory405CLI/header_argument_writes_first
=== RUN   TestGoReviewFactory405CLI/status_reassigned
--- PASS: TestGoReviewFactory405CLI (3.95s)
    --- PASS: TestGoReviewFactory405CLI/header_argument_writes_first (1.14s)
    --- PASS: TestGoReviewFactory405CLI/status_reassigned (0.61s)
=== RUN   TestGoReviewMethodValueAliasCLI
=== RUN   TestGoReviewMethodValueAliasCLI/h_:=_mux.HandleFunc;_alias_:=_h;_alias("GET_/v1/review_alias",_handler)
=== RUN   TestGoReviewMethodValueAliasCLI/h_:=_mux.HandleFunc;_bindReview(h,_"GET_/v1/review_alias",_handler)
=== RUN   TestGoReviewMethodValueAliasCLI/h_:=_mux.Handle;_h("/v1/review_alias",_http.NotFoundHandler())
=== RUN   TestGoReviewMethodValueAliasCLI/child_:=_http.NewServeMux();_receiver_:=_child;_h_:=_receiver.HandleFunc;_h("GET_/v1/review_alias",_handler)
--- PASS: TestGoReviewMethodValueAliasCLI (4.38s)
    --- PASS: TestGoReviewMethodValueAliasCLI/h_:=_mux.HandleFunc;_alias_:=_h;_alias("GET_/v1/review_alias",_handler) (1.01s)
    --- PASS: TestGoReviewMethodValueAliasCLI/h_:=_mux.HandleFunc;_bindReview(h,_"GET_/v1/review_alias",_handler) (1.28s)
    --- PASS: TestGoReviewMethodValueAliasCLI/h_:=_mux.Handle;_h("/v1/review_alias",_http.NotFoundHandler()) (0.93s)
    --- PASS: TestGoReviewMethodValueAliasCLI/child_:=_http.NewServeMux();_receiver_:=_child;_h_:=_receiver.HandleFunc;_h("GET_/v1/review_alias",_handler) (1.16s)
=== RUN   TestGoReview405ProofCLI
--- PASS: TestGoReview405ProofCLI (2.00s)
=== RUN   TestGoReviewColonParameterCLI
--- PASS: TestGoReviewColonParameterCLI (0.72s)
=== RUN   TestGoReviewLiteralColonCLI
--- PASS: TestGoReviewLiteralColonCLI (1.16s)
=== RUN   TestThreeWayKinds
--- PASS: TestThreeWayKinds (0.30s)
=== RUN   TestASTAndParameterNormalization
--- PASS: TestASTAndParameterNormalization (0.24s)
=== RUN   TestLegacyTouchedAndStaleRatchet
--- PASS: TestLegacyTouchedAndStaleRatchet (1.02s)
=== RUN   TestUnresolvedNeverSilent
--- PASS: TestUnresolvedNeverSilent (0.56s)
=== RUN   TestInitialSeedCannotGrandfatherNewDeletion
--- PASS: TestInitialSeedCannotGrandfatherNewDeletion (0.28s)
=== RUN   TestDeletedBaselineCannotReseedNewDrift
--- PASS: TestDeletedBaselineCannotReseedNewDrift (0.53s)
=== RUN   TestBaseDirectiveAndShiftedDeletionProvenance
--- PASS: TestBaseDirectiveAndShiftedDeletionProvenance (0.97s)
=== RUN   TestOpaqueMethodsNeverBecomeFalseMissing
--- PASS: TestOpaqueMethodsNeverBecomeFalseMissing (0.00s)
=== RUN   TestBaselineGrowthMissingBaseAndShrink
--- PASS: TestBaselineGrowthMissingBaseAndShrink (0.49s)
=== RUN   TestMalformedJSONIsUnresolved
--- PASS: TestMalformedJSONIsUnresolved (0.16s)
=== RUN   TestSnapshotKeepsModuleScope
--- PASS: TestSnapshotKeepsModuleScope (0.37s)
=== RUN   TestMultilineUnresolvedJSONValueIsTouched
--- PASS: TestMultilineUnresolvedJSONValueIsTouched (0.69s)
=== RUN   TestInitialLoadedBaselineCannotHideNewDrift
--- PASS: TestInitialLoadedBaselineCannotHideNewDrift (0.27s)
=== RUN   TestReviewBFFRemovedRealCLI
--- PASS: TestReviewBFFRemovedRealCLI (1.37s)
=== RUN   TestReviewBFFRetargetRealCLI
--- PASS: TestReviewBFFRetargetRealCLI (1.07s)
=== RUN   TestReviewBFFDuplicateProducerAndJointRetirement
=== RUN   TestReviewBFFDuplicateProducerAndJointRetirement/duplicate_producer
=== RUN   TestReviewBFFDuplicateProducerAndJointRetirement/joint_retirement
--- PASS: TestReviewBFFDuplicateProducerAndJointRetirement (1.68s)
    --- PASS: TestReviewBFFDuplicateProducerAndJointRetirement/duplicate_producer (0.91s)
    --- PASS: TestReviewBFFDuplicateProducerAndJointRetirement/joint_retirement (0.78s)
=== RUN   TestReviewDiffHunkHeadersRealCLI
--- PASS: TestReviewDiffHunkHeadersRealCLI (0.83s)
=== RUN   TestReview405DecoratorFirstWriteAndShadowCLI
=== RUN   TestReview405DecoratorFirstWriteAndShadowCLI/header_argument_commits_200
=== RUN   TestReview405DecoratorFirstWriteAndShadowCLI/decorator_name_is_shadowed
--- PASS: TestReview405DecoratorFirstWriteAndShadowCLI (1.36s)
    --- PASS: TestReview405DecoratorFirstWriteAndShadowCLI/header_argument_commits_200 (0.68s)
    --- PASS: TestReview405DecoratorFirstWriteAndShadowCLI/decorator_name_is_shadowed (0.68s)
PASS
ok  	livecommerce/scripts/dev/contractdrift	36.247s
