✔ COD collect projection admits the server amount and rejects inconsistent money (3.088375ms)
✔ MOU parser accepts exact frozen DTO and rejects malformed identity, money and state (0.796167ms)
✔ MOU detail parser rejects spoofed recipient, pickup and mismatched money (0.488708ms)
✔ summary admits the refunded and shipped states with the amended invariants (0.099125ms)
✔ summary rejects the shipped/refunded combinations the contract forbids (0.190709ms)
✔ order filter values and detail shipment stay in step with MERCHANT_SHIPPED (0.503333ms)
✔ tracking url rules: https only, dotted host, no userinfo, port, fragment or control characters (0.092917ms)
✔ shipment history carries merchant-only fields and stays consistent (0.318875ms)
✔ refund list parser checks capacity arithmetic, closed enums and optional failure_reason (0.569625ms)
✔ order-actions is exactly three booleans (0.421042ms)
✔ refund amount entry converts exactly and enforces the TWD whole-dollar step as a hint (25.250333ms)
✔ CVSA01 pay-at-pickup summary: CONFIRMED without payment is valid only in that mode (0.428334ms)
✔ CVSA02 detail: pickup_source must agree with the pickup verification kind; new chains and kinds parse (0.365083ms)
✔ CVSA03 the cvs_pending list filter exists beside the older filters (0.172208ms)
✔ BTA01 bank-transfer summary: valid states, and every card or pickup invariant it must not borrow (0.221666ms)
✔ READY work is valid on a merchant-cancelled captured order, still refused when never captured or not cancelled (0.073083ms)
✔ raw merchant order query accepts only canonical collection fields (2.885042ms)
✔ merchant order detail rejects every query, including bare question mark (0.171459ms)
✔ BFF grammar adds exactly the refund, shipment, export and permission resources (1.762083ms)
✔ CSV pass-through requires the exact attachment headers (17.211584ms)
✔ keyless refresh POST is accepted with Next's always-present empty body stream (1.923791ms)
✔ keyless requests still reject payload, chunking and keys (1.329708ms)
✔ CVSR01 BFF grammar adds exactly the CVS shipment, collection and release resources (0.282833ms)
✔ CVSR02 cvs_pending is an accepted list filter; unknown filters stay rejected (0.178625ms)
✔ CVSR03 keyless-command carries a JSON body but never a key or chunked framing (0.661042ms)
✔ BTR01 BFF grammar adds exactly the bank-transfer read and the three keyed decisions (0.461042ms)
✔ legacy display sentinels preserve a list row without admitting arbitrary or private data (14.076459ms)
✔ orders-v2 accepts bounded filters and Taipei inclusive dates; rejects ambiguity (1.286667ms)
✔ orders-v2 rejects client count approximations, unbounded or extra response data (0.241875ms)
✔ all three locales label every task queue, payment and delivery mode (0.384458ms)
✔ bodyless dissolve DELETE (empty body stream, no content-length) reaches Go with the CAS query, no body, no key (13.029166ms)
✔ every parcel DELETE must carry exactly one expected_version >= 1 (never forwarded without it) (1.747708ms)
✔ a DELETE that declares a body or chunked framing is refused (0.294042ms)
✔ DELETE needs the session, origin and CSRF like every command; other DELETEs stay unsupported (0.670208ms)
✔ GET parcel-groups (open groups read) and merge-suggestions pass with no query; a query or key is refused (4.6075ms)
✔ merge suggestions accept the frozen shape, keep only the MASKED recipient and reject drift (3.498333ms)
✔ recipient mask equals the orders-list rule (first non-blank character + ***, placeholder otherwise) (0.337959ms)
✔ created group requires the OPEN state and its members (0.1465ms)
✔ dissolved group is exactly id/state/version (0.085375ms)
✔ group shipment carries one SHIPPED version per member (0.822208ms)
✔ open groups (GET parcel-groups) accept the frozen shape and fail closed on drift (1.695375ms)
✔ reconcile: a reload rebuilds OPEN panels, a vanished OPEN group is dropped, history and live versions are kept (0.447ms)
✔ three locales cover the same keys and every refusal code (0.205375ms)
✔ the owner-ruling sentence is exact in all three locales (0.196458ms)
✔ the in_parcel_group copy is the same sentence in parcels-copy (blocked + errors) and orders-copy, in every locale (0.318875ms)
✔ exactly the five W3-07B resources route (0.879875ms)
✔ dissolve carries exactly ?expected_version=N (N >= 1) (0.136ms)
ℹ tests 47
ℹ suites 0
ℹ pass 47
ℹ fail 0
ℹ cancelled 0
ℹ skipped 0
ℹ todo 0
ℹ duration_ms 224.353291
