✔ bodyless dissolve DELETE (empty body stream, no content-length) reaches Go with the CAS query, no body, no key (31.99225ms)
✖ every parcel DELETE must carry exactly one expected_version >= 1 (never forwarded without it) (4.358625ms)
✔ a DELETE that declares a body or chunked framing is refused (1.57325ms)
✔ DELETE needs the session, origin and CSRF like every command; other DELETEs stay unsupported (0.889166ms)
✖ GET parcel-groups (open groups read) and merge-suggestions pass with no query; a query or key is refused (0.7455ms)
ℹ tests 5
ℹ suites 0
ℹ pass 3
ℹ fail 2
ℹ cancelled 0
ℹ skipped 0
ℹ todo 0
ℹ duration_ms 225.930125

✖ failing tests:

test at tests/admin/parcels-bff.test.ts:91:1
✖ every parcel DELETE must carry exactly one expected_version >= 1 (never forwarded without it) (4.358625ms)
  AssertionError [ERR_ASSERTION]: Expected values to be strictly equal:
  
  200 !== 422
  
      at TestContext.<anonymous> (file:///Volumes/data/live_commerce_architecture_v1/.worktrees/w3-u4-parcel-merge-ui/tests/admin/parcels-bff.test.ts:94:12)
      at process.processTicksAndRejections (node:internal/process/task_queues:104:5)
      at async Test.run (node:internal/test_runner/test:1208:7)
      at async Test.processPendingSubtests (node:internal/test_runner/test:831:7) {
    generatedMessage: true,
    code: 'ERR_ASSERTION',
    actual: 200,
    expected: 422,
    operator: 'strictEqual',
    diff: 'simple'
  }

test at tests/admin/parcels-bff.test.ts:116:1
✖ GET parcel-groups (open groups read) and merge-suggestions pass with no query; a query or key is refused (0.7455ms)
  AssertionError [ERR_ASSERTION]: parcel-groups
  
  404 !== 200
  
      at TestContext.<anonymous> (file:///Volumes/data/live_commerce_architecture_v1/.worktrees/w3-u4-parcel-merge-ui/tests/admin/parcels-bff.test.ts:119:12)
      at process.processTicksAndRejections (node:internal/process/task_queues:104:5)
      at async Test.run (node:internal/test_runner/test:1208:7)
      at async Test.processPendingSubtests (node:internal/test_runner/test:831:7) {
    generatedMessage: false,
    code: 'ERR_ASSERTION',
    actual: 404,
    expected: 200,
    operator: 'strictEqual',
    diff: 'simple'
  }
