✔ /products/{uuid} redirects permanently to the zh-TW product page (40.955041ms)
✔ non-uuid ids are 404, never redirected (0.991209ms)
✔ AT1: the locale redirect preserves the ad-click query without allowing a redirect target (0.1315ms)
✔ AT1 R5: browser identity survives expired touch and rolls for ninety days (22.675625ms)
✔ AT1 R5: missing ad parameters create no cookies; fbclid alone creates no touch (0.247625ms)
✔ AT1 R5: lc_ad alone updates attribution and does not replace fbc (0.222166ms)
✔ AT1: host-only first-party cookies contain no PII and read back exactly (0.508167ms)
✔ AT1: a later valid click replaces the draft but preserves the browser identifier (0.146625ms)
✔ AT1: malformed and ambiguous links do not overwrite a valid prior touch (6.128666ms)
✔ AT1: host and key binding reject copied cookies (0.416417ms)
✔ AT1: duplicates and tampering invalidate the entire envelope (0.308625ms)
✔ AT1: exactly seven days is valid, the next millisecond and future clicks are not (0.37925ms)
✔ transfer view: closed shape and state rules mirror Go validTransferView (0.748916ms)
✔ proof body and result: five digits, positive minor amount, ISO instant (0.17275ms)
✔ minorFromText: major units with at most two decimals, never a float surprise (0.089416ms)
✔ buyer email mirror: one plain address, 254 characters at most (0.099084ms)
✔ countdown: whole hours and minutes, never negative (0.336875ms)
✔ copy: three locales carry every key and every refusal code (0.18525ms)
✔ options: a home row lists modes only with bank_transfer and then needs its window (0.234875ms)
✔ checkoutInput: a home bank_transfer body, the optional trimmed email, and every refusal before any request (0.380125ms)
✔ order: AWAITING_TRANSFER is a valid commercial state without a hold time (0.198708ms)
✔ BFF: exact transfer routes, keyed proof PUT, strict body, validated answers, no generic proxy (69.639083ms)
✔ BFF: transfer refusal codes pass through as definite 422; checkout accepts bank_transfer and a valid email only (3.897958ms)
✔ D06 order heading follows a settled transfer: never 'waiting for transfer' above a confirmed or expired one (0.100416ms)
✔ uncertain prepare blocks all mutations; changed cookie context resolves journal (27.433541ms)
✔ fully parsed local denial clears only its own pending operation (0.751583ms)
✔ malformed journal, unavailable lock and stale context fail before writes (1.513708ms)
✔ BPT05 exact handoff permits absent body/key, one fetch, no form persistence (50.927625ms)
✔ BPT05 wrong handoff form and ordinary writes fail before any fetch (0.756833ms)
✔ BPT05 unresolved cookie journal blocks handoff; lost response is one fetch without persistence (0.169667ms)
✔ SU02 refresh permits absent body/key, one fetch, no persistence (0.188958ms)
✔ SU02 refresh rejects a body, a key or a malformed path before any fetch (0.301792ms)
✔ SU02 cancel permits absent body/key, one fetch, no persistence (0.111625ms)
✔ SU02 cancel rejects a body, a key or a malformed path before any fetch (0.290959ms)
✔ BPT01 exact private path, headers, body and three-locale one-fetch transport (110.133667ms)
✔ BPT02 payment routes reject untrusted path, context, headers, key and body before fetch (7.371833ms)
✔ BPT03 hostile upstream success is sanitized, never returned as payment data (28.564792ms)
✔ BPT04 every handoff failure is nonretryable, including pre-route and transport loss (7.352083ms)
✔ SU02 five routes: exact upstream path, method, key, body, one fetch each (1.016292ms)
✔ SU02 refresh and cancel are keyless and pass every CSRF/context denial before fetch (59.305709ms)
✔ SU02 every handoff/refresh/cancel failure is nonretryable and sanitized (11.349375ms)
✔ SU02 hostile Stripe bodies become the sanitized 503; PAYUNi and Stripe bodies stay byte-identical (2.558458ms)
✔ SU02 prepare accepts only the two known method codes (0.446333ms)
✔ disabled and invalid configuration fail closed before private fetch (21.862791ms)
✔ private authority, cookie lifecycle and strict local denial (13.238375ms)
✔ bad host, cookie, query and method never reach private API (1.088417ms)
✔ stalled inbound POST body is canceled at its deadline without a cookie or private call (0.649ms)
✔ CVS BFF: exact routes, keyed open/store, keyless verify, validated answers, no generic proxy (23.934917ms)
✔ CVS BFF: contract refusal codes pass through; pay_at_pickup_limit is a definite (non-retryable) 429 (6.799958ms)
✔ fragment grammar accepts only one canonical token (0.764792ms)
✔ claim projections are closed (5.957875ms)
✔ claim token rides only its header on B1/B2 and is never echoed (46.341459ms)
✔ CVS01 map form: only the two ECPay e-map actions, exact fields, top-level-safe values (1.186583ms)
✔ CVS02 return path allowlist excludes /claim and anything but the checkout or product page (0.145458ms)
✔ CVS03 selection projection: VERIFIED<=>pickup, REJECTED<=>reject_code, absent keys read as null (0.555ms)
✔ CVS04 buyer-entered store answer and request body (0.288208ms)
✔ CVS05 store code table (§16.1) keeps leading zeros and per-chain lengths (0.148167ms)
✔ CVS06 recipient mirror: real-name width 4..10 (CJK=2), no digits/symbols/emoji; 09 mobile (1.098542ms)
✔ CVS07 checkout draft: name, phone and mode only; read once; corrupt/foreign shapes are dropped (13.592792ms)
✔ CVS08 return URL: only ?cvs_selection=<uuid> is accepted (0.156541ms)
✔ CVS09 buyer order projection and copy keys: nothing but PICKED_UP says picked up (0.314416ms)
✔ CVS10 error codes: field mapping, definite refusals, official links are https constants (1.637083ms)
✔ CVS11 client transport: verify is the one new keyless POST; the server refusal code rides BuyerClientError.detail (40.670875ms)
✔ every locale x page has a title, an updated line and at least one section (1.503875ms)
✔ locales share the section count and per-section body count of every page (0.57175ms)
✔ final text is only the owner-confirmed company facts (CR 81215167 name + registered address); nothing else is final (0.362958ms)
✔ footer has 7 unique hrefs: 5 policies, anti-fraud guidance and data-deletion, per locale (0.779875ms)
✔ data-deletion path is named in the privacy page of every locale (0.14975ms)
✔ pendingOwnerText lists exactly the rendered markers and is written for the owner (1.675542ms)
✔ a live (claim-origin) price replaces the catalog price and strikes it through (3.649208ms)
✔ without a live price the catalog price and its compare-at are shown unchanged (0.519959ms)
✔ a live price equal to or above the catalog price is shown as set (strike hidden by the UI guard) (0.122375ms)
✔ a live price strikes the catalog price, never the variant sale price (0.096917ms)
✔ order ref: 12 hex (dashes or spaces, any case) or a full id (0.447416ms)
✔ contact: one email or a phone of 6..20 digits (0.141208ms)
✔ body is exactly {order_ref, contact}; the answer is exactly {order_id} (0.129958ms)
✔ BFF lookup: no cookie needed, fresh token goes upstream, cookie only on 200 and it carries that same token (54.263584ms)
✔ BFF lookup: strict local denial before any private fetch (2.2395ms)
✔ copy: three locales carry every key (0.4045ms)
✔ MS4 srcset descriptors use actual decoded widths and deduplicate small renditions (0.36675ms)
✔ MS1 product rendition allowlist preserves trusted Host and never forwards buyer cookies (89.827291ms)
✔ MS2 invalid, duplicate, extra, encoded widths and non-product variants fail before fetch (3.169333ms)
✔ MS3 old-image fallback is never promoted to immutable; committed variants are cacheable (2.141833ms)
✔ TWD whole amounts show no decimals in every locale and at every magnitude (line, subtotal, total, zero) (31.574208ms)
✔ cents appear only when there are cents, then always as two digits; the minor-unit arithmetic is untouched (0.1935ms)
✔ digits come from the currency: JPY none, USD two when there are cents (3.3375ms)
✔ one formatter: no component, page or lib builds a currency Intl.NumberFormat outside lib/money.ts (30.484416ms)
✔ fragment: exactly #o=<order id>&t=<43-char token>; anything else is null (1.552709ms)
✔ body is exactly {order_id, token, proof}; the answer is exactly the order the link named (0.302042ms)
✔ BFF link: no cookie needed, fresh token upstream, cookie only on a 200 naming the same order, link token never echoed (94.029041ms)
✔ BFF link: strict local denial before any private fetch (4.173291ms)
✔ copy: three locales, one refusal text, a retry and a lookup path (0.117459ms)
✔ BPU01 fresh payment writes exact metadata before prepare, one bodyless Take, no persistent form (37.732ms)
✔ BPU01 lost prepare response replays original key/body only on explicit next click (23.328334ms)
✔ BPU01 lost handoff is permanently GET-only, even after a second click (0.9385ms)
✔ BPU01 storage, amount, scope and child/screen fences reject before irreversible writes (0.687917ms)
✔ BPU01 document/child loss after prepare but before Take leaves exact replay marker (1.887666ms)
✔ BPU01 malformed server handoff never submits and Take remains nonretryable (2.421834ms)
✔ BPU01 marker replacement before Take and after Take blocks release/form reuse (3.093292ms)
✔ BPU01 context replacement after prepare and after Take closes destination without form (0.79575ms)
✔ BPU01 synchronous destination refuses invalid locale before opening a window (0.144792ms)
✔ SU03 fresh Stripe pay: marker before prepare, one prepare, one handoff, navigate, URL never stored (1.009375ms)
✔ SU03 marker replay: lost prepare response replays key/body, no uncertain on PENDING view with leftover marker (1.407417ms)
✔ SU03 cross-device Continue needs no marker and never prepares (0.789333ms)
✔ SU03 marker/view matrix: PAYUNi marker on Stripe view and Stripe marker on PAYUNi view send nothing (17.072875ms)
✔ SU03 any other view renders without a POST (4.569959ms)
✔ SU03 CREATING: waits on the schedule without the lock, then hands off once when READY (76.119291ms)
✔ SU03 CREATING budget: 10 reads over 30 s, then the blank child is closed, no POST, no throw (4.043709ms)
✔ SU03 cancel_requested seen on the re-GET aborts before the handoff POST (1.11275ms)
✔ SU03 handoff outcomes: CREATING closes child, CLOSED/UNAVAILABLE/error/malformed reject; one POST each, never retried (5.121542ms)
✔ SU03 Stripe prepare errors, amount/currency mismatch and popup loss stop before any handoff (1.49225ms)
✔ SU03 two clicks make two handoff POSTs only because there were two clicks; sequential, none from reads (0.72725ms)
✔ SU03 navigate: validates again, needs an owned blank child, sets used before replace, no URL in errors (0.381958ms)
✔ SU03 refresh signal: keyless single POST, validated, throttled 1/10 s and 30 per page life, cancel never throttled (7.404959ms)
✔ SU03 signal failures are single-shot and sanitized: HTTP error, malformed body, wrong order (0.3335ms)
✔ private quote/option authority fields are required; only exact MANUAL home can checkout (4.292541ms)
✔ continue shopping advances only ordered version, clears hint, keeps SQL history authoritative (24.985834ms)
✔ lost next-cart response retries identical key/body and preserves a newer cart (0.955292ms)
✔ continuation never overwrites an already advanced cart (0.396459ms)
✔ unknown checkout blocks continuation without any business request (1.490458ms)
✔ two queued continuation clicks mutate once; stale order ID cannot clear another order (6.924333ms)
✔ CAS conflict resolves only after a newer cart is read (3.8855ms)
✔ locator removal failure retains next-cart journal and recovery survives missing locator (0.591625ms)
✔ order history summary rejects PII/unknown fields and malformed scope IDs (0.093667ms)
✔ native address validation mirrors printable Unicode, limits and phone; journal forbids PII (3.050208ms)
✔ address lost reply replays exact in-memory intent, then confirms current head (0.780833ms)
✔ address reload requires explicit new intent and exact observed CAS; stale head never auto-bumps (0.613958ms)
✔ old address receipt cannot confirm another tab's newer current head (0.171458ms)
✔ a late address CAS winner requires another explicit confirmation, not an automatic version bump (4.002167ms)
✔ checkout lost reply, queued duplicate and current GET reuse one key and one order (0.947125ms)
✔ uncertain checkout retains original journal across later 401/403/404/5xx and malformed success (0.596167ms)
✔ only a fresh definitive denial clears checkout; no order locator is invented (0.159042ms)
✔ locator storage failure after commit retains same key; reload GET failure keeps locator (0.336916ms)
✔ locator persisted but journal removal failed resumes pending receipt, not unrelated pointer (0.439625ms)
✔ unavailable storage, invalid locator and late changed context fail closed (1.723791ms)
✔ order locator readback mismatch and no-op journal removal both retain checkout recovery (1.766625ms)
✔ BPT03 exact valid projection and Go nanosecond UTC timestamps (3.630792ms)
✔ BPT03 view rejects private fields, inconsistent state and malformed names (0.240042ms)
✔ BPT03 prepared receipt enforces exact original credit-card amount (0.6915ms)
✔ BPT03 hosted form and replay are exact, bounded and action-allowlisted (0.6205ms)
✔ SU01 Stripe views: fresh, both methods, attempt states, PAYUNi unchanged (0.373375ms)
✔ SU01 Stripe view negatives (0.265833ms)
✔ SU01 prepared amounts follow the corrected per-currency table (0.259875ms)
✔ SU01 Stripe handoff union and every redirect_url negative (2.485834ms)
✔ SU01 payment signal is exactly {order_id, scheduled:boolean} (0.29075ms)
✔ RUI01 refund summary: refunded states, pending money, absent ≡ null (0.580459ms)
✔ RUI01 refund summary negatives (0.469416ms)
✔ BPU03 neutral GET and POST return ignore every callback field and cookie (18.482542ms)
✔ primary origin: exact path/query, same host, and no URL-controlled destination (14.344083ms)
✔ GET and HEAD use trusted Host, private bounded uncached resolver and exact 301 (26.161167ms)
✔ no writes redirected; resolution failures fail closed; unknown hosts keep native 404 (0.67375ms)
✔ policy version is the frozen constant, in the customers-core D4 shape (0.394167ms)
✔ route table: exactly the four buyer privacy routes, methods and body kinds (0.374ms)
✔ body shapes are closed and mirror the frozen Go inputs (no source, no policy_version) (0.08325ms)
✔ GET privacy validator: closed shape, erased owner holds no consent (0.117333ms)
✔ consent result and erasure summary validators (0.2ms)
✔ buyer export envelope never carries customer_id (15.980875ms)
✔ failure classification: 410 and erased are the erased state (0.353584ms)
✔ copy: every locale has the same keys, the ads box discloses that sent events cannot be recalled (0.239209ms)
✔ PRO-S1 code mirror: any case and spaces normalise; impossible codes never become a request (3.206625ms)
✔ PRO-S2 promotion object: closed keys, kind/value pairing (0.220292ms)
✔ PRO-S3 quote validator: promotion is optional but never malformed; the discount stays the server's own number (0.277417ms)
✔ PRO-S4 journal grammar: a quote write may carry one canonical promo_code, nothing else (0.361ms)
✔ PRO-S5 copy: three locales cover every refusal code and the same keys (0.801709ms)
✔ PRO-S6 BFF quote route: promo_code relayed untouched when canonical, refused before the private API otherwise (42.049167ms)
✔ PRO-S7 BFF: every promo_* refusal is a definite, non-retryable 422 with its own code (5.372209ms)
✔ demonstration disclosure is explicit and local-only (0.457041ms)
✔ cart selection preserves unrelated SKUs and the observed CAS version (10.737583ms)
✔ minor amounts are bounded before multiplication, including zero (0.078792ms)
✔ delivery identity includes country for one market and method (0.059583ms)
✔ journal is bound to context and rejects PII/unknown fields (0.201416ms)
✔ lost response replays exact key/body, then clears only after parsed receipt (14.221208ms)
✔ RUI02 buyer order admits MERCHANT_SHIPPED only with a SHIPPED head; absent shipment ≡ null (0.426541ms)
✔ RUI02 shipment shape negatives (incl. unsafe links) (0.219ms)
✔ RUI02 history summary admits MERCHANT_SHIPPED (a shipped order must not break the list) (0.06725ms)
✔ CVSP01 options: CVS rows carry pickup_selection/payment_modes; unavailable rows are a separate shape (0.349417ms)
✔ CVSP02 CVS destination write: TW only, pickup_id required, empty home address; home unchanged (1.900167ms)
✔ CVSP03 checkoutInput: payment_mode only for CVS rows and only a mode the row offers (0.299ms)
✔ COD confirmation includes expected fee, enforces collect cap and validates immutable order money (0.248042ms)
✔ CVSP04 buyer order: pay_at_pickup <=> collection_state; cvs_shipment only on a matching CVS destination (0.182792ms)
✔ CVSP05 journal accepts a CVS destination marker and a checkout body with payment_mode, nothing else (0.166459ms)
✔ design: garbage and hostile documents collapse to the safe default shape (2.359875ms)
✔ design: links, preview token propagation, nav resolution (0.282958ms)
✔ design: any merchant accent yields readable button text and link colour (WCAG AA) (0.538875ms)
✔ variants: resolution, disabled out-of-stock combinations, initial choice, price bounds (0.347208ms)
✔ catalog-v2 parsers accept the frozen shapes and refuse drift (1.056ms)
✔ free-delivery progress words the hint only when a threshold exists (0.177542ms)
✔ list query: only whitelisted, canonical values survive (0.520125ms)
✔ seo: JSON-LD cannot break out of its script tag; offers reflect stock and price range (21.130542ms)
✔ seo: sitemap escapes and carries hreflang; robots refuses everything for a closed host (0.214542ms)
✔ money: whole amounts drop cents, minor digits come from the currency, filters round-trip (0.88675ms)
✔ cart line write: replaces one line, keeps the others, 0 removes, CAS version is the one shown (4.583084ms)
✔ cart problems map to buyer-facing classes without leaking transport detail (0.087167ms)
✔ checkout options accept the optional free-shipping threshold only as a positive integer or null (0.219083ms)
✔ no-image placeholder copy: exactly the locale label a photo-less card or gallery renders (0.048208ms)
✔ G3: same-series cards exclude the current product and never invent absent draft/foreign products (0.562667ms)
✔ G5: safety guidance exists in three languages without changing the five merchant policy approval boundaries (2.465042ms)
✔ G4: category chips omit empty collections; hidden collections absent from the public API stay absent (0.085542ms)
✔ dictionaries have exact parity and non-empty values (0.986792ms)
✔ locale precedence and language quality mapping (0.658208ms)
✔ localized paths preserve deep links and reject dangerous input (0.352666ms)
✔ path locale only matches a canonical first segment (0.052792ms)
✔ the four constructs render (0.65475ms)
✔ XSS payloads stay inert text (0.470959ms)
✔ fuzz: any string over a hostile alphabet renders only whitelisted tags (18.519583ms)
✔ validator mirrors the Go rules (0.440292ms)
✔ SDN1 allowlist: exactly the contract routes, per method (1.161541ms)
✔ SDN1 allowlist: traversal, case, suffix and prefix tricks never match (0.548292ms)
✔ SDN1 request shape: no query string anywhere, reads carry no body, key, length or transfer-encoding (21.036209ms)
✔ SDN1 cap: 260 KiB = Go's 256 KiB document + 4 KiB envelope, and a body of exactly the cap is still below it (0.05575ms)
✔ SDN2 renderer: every XSS payload comes out as whitelisted tags and escaped text only (0.694ms)
✔ SDN2 renderer: escape-first means the merchant's text never becomes markup (0.093083ms)
✔ SDN2 renderer: fuzz (seeded) never produces a tag outside the whitelist (72.007166ms)
✔ SDN2 client validator rejects what the server rejects (HTML, non-https links, `<` anywhere) (0.219834ms)
✔ cleanForSave turns cleared fields into null but keeps an empty body (0.436792ms)
✔ localIssues names each missing mandatory value by server path (0.517125ms)
✔ moved swaps neighbours and ignores out-of-range moves (0.073541ms)
✔ parsers accept the exact Go shapes and refuse extra or missing keys (0.35875ms)
✔ BFF allowlist covers exactly the design resources (0.223ms)
✔ validDesignRequest refuses queries and bodies on reads, ignores other paths (84.907625ms)
✔ designDetails forwards only a bounded {path, reason} pair (0.212041ms)
✔ accepts exactly the three locale invite paths with a 20-200 char token (0.994917ms)
✔ rejects anything that is not an exact same-origin relative invite path (0.237ms)
✔ rejects percent-encoded variants of the exact shape (0.107083ms)
✔ the token is an opaque invite token shape, never a URL (0.10225ms)
✔ fragment carrier: round-trips the exact invite path, is never a query string, and rejects hostile fragments (0.396834ms)
✔ dashboard: accepts the frozen shape, rejects drift (4.310416ms)
✔ import result: strict keys, closed error codes, committed never carries errors (0.279625ms)
✔ csv file guard mirrors the Go bounds (0.071541ms)
✔ manual options: a COD home row parses with its offer (D01: the page used to refuse the whole list) (0.724041ms)
✔ manual options: only bank_transfer / pay_at_pickup / cash_on_delivery, key must equal market|country|code (0.135208ms)
✔ manual result: link is https with the order id and a 43-char capability in the fragment only (0.249541ms)
✔ draft: first problem, and the body has no price-like field at all (0.419291ms)
✔ BFF grammar: exactly the seven tools resources (0.095583ms)
✔ regenerate body/result: exactly {order_id, locale} and a fresh https link naming that order (0.1365ms)
✔ copy parity: every locale has every key, import rules and error codes (0.434375ms)
✔ callback redirect target is always a same-origin /<locale>/settings path whatever the cookies, store, code or error say (1.773541ms)
✔ the binding cookie: exactly one canonical store uuid, path-scoped to the callback, HttpOnly, Lax, 10 minutes, Secure (0.097709ms)
✔ callback query: exactly one code and one state within charset/length bounds; Meta's error=… and repeats are not forwarded (0.584041ms)
✔ the dialog URL the BFF hands the browser is https://www.facebook.com only (0.112417ms)
✔ callback error mapping only ever yields fixed codes, never an upstream message (0.124625ms)
✔ selected Page qualifies only a bare Facebook id, never rewrites another Page or external URL (0.546958ms)
✔ status: not connected, connected with and without Instagram, and every deviation throws (1.240666ms)
✔ pick state: closed shape, optional Instagram keys come as a pair, id must match (0.253958ms)
✔ route grammar: only status/states/pick/disconnect; start and callback are dedicated routes; no query; reads carry no body or key (23.773958ms)
✔ connect cookie, body and callback redirect never carry code/state and only fixed codes (0.695042ms)
✔ copy: three locales have the same keys and every Go error code has a message (0.117125ms)
✔ D02 TWD input: whole dollars only, x100 on the wire (11.673834ms)
✔ D02 TWD edit text: whole dollars have no decimals; a legacy amount with cents is never shown as another price (1.360417ms)
✔ D02 display: NT$ without decimals in every language, cents only when there are cents (1.178333ms)
✔ D02 live-price input (Studio claims): TWD whole dollars, other currencies their decimals (0.840125ms)
✔ D02 discount code amounts: TWD whole dollars, a decimal is refused before it is sent (6.915291ms)
✔ D02 no admin copy or component says 'minor units' to the merchant (54.176084ms)
✔ M06 time: Asia/Taipei everywhere, labelled, never UTC (6.015708ms)
✔ settings answer: exactly one boolean key (1.586542ms)
✔ PUT body is the frozen single key (0.15ms)
✔ BFF grammar: GET read, PUT keyed command, nothing else (0.43675ms)
✔ copy: three locales, same keys, no empty text (0.199666ms)
✔ PRM01 parse: exact keys, kind/value pairing and ranges; duplicates and unknown keys are refused (2.345167ms)
✔ PRM02 Taipei wall time: +08:00 on the wire, instant shown back in Taipei, impossible dates refused (16.535708ms)
✔ PRM03 create body: normalised code, major units to minor units, optional fields null, whole body validated (2.307666ms)
✔ PRM04 update + toggle: version CAS key, form round trip, pause keeps every other field (0.335917ms)
✔ PRM05 BFF grammar: exactly list, create and update; nothing generic (0.158709ms)
✔ PRM06 copy: three locales carry the same keys and every refusal code the Go routes can answer (0.113916ms)
✔ G-UI3/G-UI5 architecture constraints pass with shrinking legacy exceptions (277.021291ms)
✔ G-UI3/G-UI5 negatives: new formatter, component fetch, >800 lines and wider allowance fail (0.70275ms)
✔ G-UI1 Next pages and route registry are bidirectional, unique, typed, documented (4.246375ms)
✔ G-UI1 copy key parity: no missing or extra key in any locale (0.10175ms)
✔ G-UI2 staff without catalog:read cannot see products/inventory or open a product URL (0.20475ms)
✔ G-UI2 every route permission is a permission Go knows, and /orders/new needs inventory:reserve (22.33475ms)
✔ G-UI1 dynamic and public routes match, details never appear as navigation (0.212959ms)
✔ created address is a strict HTTPS origin matching the assigned handle (0.460292ms)
✔ DNS instructions must name the requested origin and a bare hostname target (0.240916ms)
✔ domain kind is authoritative and closed, not inferred from host or token (0.122416ms)
✔ apex DNS retains every concrete IPv4/IPv6 address and rejects malformed values (0.4675ms)
✔ pending domain journal preserves exact action/key/target; legacy or corrupt markers never replay (0.395375ms)
✔ browser-origin gate: every refusal happens before Go is called, for every action (7.737166ms)
✔ only POST exists on the team routes (0.531666ms)
✔ unknown action is a local 404 and never reaches Go (0.237333ms)
✔ strict request grammar: wrong keys, types, ids, roles, locales and token shapes are 422 locally (1.848334ms)
✔ what reaches Go: BFF key, bearer from the cookie, no Cookie/Origin, body unchanged, exactly one call per request (17.317708ms)
✔ Go failures are rebuilt locally from allow-listed codes, never retried, and never echo the token (7.512125ms)
✔ team answer: accepts the frozen shape, null role and OIDC member without email (0.707125ms)
✔ team answer: unknown key, unknown role, bad id, bad mail state are rejected (0.430875ms)
✔ invite and accept answers are strict (0.573208ms)
✔ request grammar: every action has an exact key set and rejects junk values (0.356875ms)
✔ copy: three locales carry the same keys and a label for every role (0.90525ms)
✔ role-aware navigation: hides entries the member's permissions cannot use; unknown shows all; Team is owner-only (0.508417ms)
✔ positive control: a complete, valid configuration raises no META_LOGIN finding (991.766125ms)
✔ feature off (COMMERCE_META_LOGIN_CONFIG_ID empty): no rule applies even with the other keys empty (167.28325ms)
✔ P06: the Page route needs the webhook receiver (169.158541ms)
✔ P06: sessions come from identity (167.692875ms)
✔ P06: without the claims profile nobody sends the private replies (a WARN, not a FAIL) (162.036125ms)
✔ P08: COMMERCE_META_LOGIN_CONFIG_ID must be numeric ("abc") (157.2255ms)
✔ P08: COMMERCE_META_LOGIN_CONFIG_ID must be numeric ("12 34") (162.251916ms)
✔ P08: COMMERCE_META_LOGIN_CONFIG_ID must be numeric ("111111111111") (156.965708ms)
✔ P08: COMMERCE_META_LOGIN_CONFIG_ID must be numeric ("0x10") (164.348709ms)
✔ P08: COMMERCE_META_LOGIN_CONFIG_ID must be numeric ("-1") (162.611625ms)
✔ P08: COMMERCE_META_LOGIN_REDIRECT_URI must be exactly https://<LC_ADMIN_HOST>/api/meta/callback (wrong host) (158.863625ms)
✔ P08: COMMERCE_META_LOGIN_REDIRECT_URI must be exactly https://<LC_ADMIN_HOST>/api/meta/callback (http scheme) (152.948417ms)
✔ P08: COMMERCE_META_LOGIN_REDIRECT_URI must be exactly https://<LC_ADMIN_HOST>/api/meta/callback (the ads callback path) (154.0535ms)
✔ P08: COMMERCE_META_LOGIN_REDIRECT_URI must be exactly https://<LC_ADMIN_HOST>/api/meta/callback (trailing slash) (161.97ms)
✔ P08: COMMERCE_META_LOGIN_REDIRECT_URI must be exactly https://<LC_ADMIN_HOST>/api/meta/callback (query string) (164.534625ms)
✔ P08: COMMERCE_META_LOGIN_REDIRECT_URI must be exactly https://<LC_ADMIN_HOST>/api/meta/callback (empty) (165.097209ms)
✔ P08: COMMERCE_META_LOGIN_GRAPH_VERSION grammar vNN.N ("26.0") (148.715541ms)
✔ P08: COMMERCE_META_LOGIN_GRAPH_VERSION grammar vNN.N ("v26") (163.01475ms)
✔ P08: COMMERCE_META_LOGIN_GRAPH_VERSION grammar vNN.N ("v26.0.1") (164.717708ms)
✔ P08: COMMERCE_META_LOGIN_GRAPH_VERSION grammar vNN.N ("latest") (143.603708ms)
✔ P08: COMMERCE_META_LOGIN_GRAPH_VERSION grammar vNN.N ("") (156.427084ms)
✔ P08: COMMERCE_META_LOGIN_GRAPH_VERSION grammar vNN.N ("v1000.0") (154.887375ms)
✔ P08: COMMERCE_META_LOGIN_GRAPH_VERSION accepts v26.0 (150.579125ms)
✔ P08: COMMERCE_META_LOGIN_GRAPH_VERSION accepts v22.0 (155.9245ms)
✔ P08: COMMERCE_META_LOGIN_GRAPH_VERSION accepts v99.9 (157.391583ms)
✔ destructive / irreversible / sign-out classification (owner list, en + zh) (0.970792ms)
✔ alike controls (rows with ids / numbers) share one class key (0.634791ms)
✔ known defects classify, never silence: stale entries are reported (0.857167ms)
✔ the markdown ledger has one row per interaction and names the verdict (0.395416ms)
✔ protocolHrefOK accepts well-formed tel:/mailto: and rejects malformed ones (0.322042ms)
ℹ tests 318
ℹ suites 0
ℹ pass 318
ℹ fail 0
ℹ cancelled 0
ℹ skipped 0
ℹ todo 0
ℹ duration_ms 5541.844375
✔ legacy display sentinels preserve a list row without admitting arbitrary or private data (1.787541ms)
✔ orders-v2 accepts bounded filters and Taipei inclusive dates; rejects ambiguity (0.544125ms)
✔ orders-v2 rejects client count approximations, unbounded or extra response data (0.190667ms)
✔ all three locales label every task queue, payment and delivery mode (0.334459ms)
ℹ tests 4
ℹ suites 0
ℹ pass 4
ℹ fail 0
ℹ cancelled 0
ℹ skipped 0
ℹ todo 0
ℹ duration_ms 71.97175
✔ numeric store IDs have no suggestion BFF or browser client (0.526208ms)
ℹ tests 1
ℹ suites 0
ℹ pass 1
ℹ fail 0
ℹ cancelled 0
ℹ skipped 0
ℹ todo 0
ℹ duration_ms 57.140791
✔ PS review: actual Host matching normalizes case, port and a terminal DNS dot, never forwarded authority (0.487292ms)
✔ PS review: all privacy/terms disclose actual Messenger and Instagram processing; deletion uses exact UI labels (0.104667ms)
✔ PS1 legal identity is one untranslated source (0.046417ms)
✔ PS1 contact and hosts come only from configuration; production fails closed (0.297583ms)
✔ PS2 public routes default to zh-TW, restrict page/locale, and never include admin (0.351625ms)
✔ PS4 optional Meta verification value never has a fake default (0.052625ms)
✔ PS1 every locale uses the same product name in auth page titles (0.043875ms)
✔ PS1 public page copy has three complete locales, no invented operator identity or contact (0.182084ms)
✔ PS1 production build validates config; public data is not bundled through NEXT_PUBLIC (0.219917ms)
✔ PS review: admin image installs the manifests for its workspace dependencies before building (0.40575ms)
ℹ tests 10
ℹ suites 0
ℹ pass 10
ℹ fail 0
ℹ cancelled 0
ℹ skipped 0
ℹ todo 0
ℹ duration_ms 67.096125
✔ READY is the only acknowledgement; missing/forged operation/state remains unknown (0.717916ms)
✔ unknown journal retains exact key/boundary and is scoped to store+session; malformed state fails closed (0.331417ms)
✔ actual POST transport uses CSRF and session fence; 403 independent of response text (13.394875ms)
✔ D1, D6, R7: exact amounts and sources remain independent, account days stay labelled (2.021959ms)
✔ R8: null stays unknown and unauthorised / insufficient remain different states (0.1905ms)
✔ I12 forged / missing frozen fields never silently become zeros (0.595708ms)
✔ only whitelisted aggregates survive: extra identifiers and HTML are never interpreted (0.082792ms)
✔ attribution is a read-only BFF resource with exact bounded query grammar (0.307416ms)
✔ audience-read is exactly the new local intention POST and never a data GET or queried write (0.244ms)
✔ route fails closed without ads:read and is not a duplicate navigation entry; locale keys match (0.1255ms)
ℹ tests 10
ℹ suites 0
ℹ pass 10
ℹ fail 0
ℹ cancelled 0
ℹ skipped 0
ℹ todo 0
ℹ duration_ms 79.481125
✔ PE13 Cartesian matrix is local, preserves edits and deduplicates values (0.528542ms)
✔ PE13 bulk quantity skips negative rows without modifying them (0.102916ms)
✔ PE12 untracked document uses whole currency and per-order cap, never quantity (8.232042ms)
✔ PE14 missing readback is not guessed or silently cleared by full replacement (0.049125ms)
✔ bulk status accepts explicit per-item results, never empty or duplicated confirmations (0.169958ms)
✔ matrix refuses over 100 SKUs before expansion (0.071792ms)
✔ PE14 new edit SKU carries its own shipping and clears no existing fields (9.159709ms)
✔ PE14 patch changes only price and preserves unmentioned fields (0.169333ms)
✔ PE14 on_hand is not available, zero target is transmitted, ambiguous warehouse refuses (0.411083ms)
✔ PE14 explicit clears and shipping remain per SKU on an active row (0.129042ms)
✔ PE14 archive supersedes every other edit on that SKU (b77eeb11) (0.132166ms)
✔ PE14 no-op has no command fields and changed axes explicitly archive omitted variants (0.093334ms)
ℹ tests 12
ℹ suites 0
ℹ pass 12
ℹ fail 0
ℹ cancelled 0
ℹ skipped 0
ℹ todo 0
ℹ duration_ms 83.870625
(node:77136) ExperimentalWarning: Transform Types is an experimental feature and might change at any time
(Use `node --trace-warnings ...` to show where the warning was created)
✔ UNKNOWN retry client authorization loss requires reconciliation, not a fresh command (2.979583ms)
✔ UNKNOWN retry 401 authorization loss requires reconciliation, not a fresh command (8.571542ms)
✔ UNKNOWN retry 403 authorization loss requires reconciliation, not a fresh command (0.549166ms)
✔ a conclusive command rejection stays distinct from authorization loss (0.648083ms)
ℹ tests 4
ℹ suites 0
ℹ pass 4
ℹ fail 0
ℹ cancelled 0
ℹ skipped 0
ℹ todo 0
ℹ duration_ms 111.877458
NOT_RUN: tests/media/r04-input-runner.test.mjs (COMMERCE_R04_LIVEKIT_BINARY unset)
