=== RUN   TestReportRP01ProductsChannelsMatchHandNumbersAndFinance
--- PASS: TestReportRP01ProductsChannelsMatchHandNumbersAndFinance (1.29s)
=== RUN   TestReportRP04FunnelNestedPerSessionAndStore
--- PASS: TestReportRP04FunnelNestedPerSessionAndStore (0.10s)
=== RUN   TestReportRP05RangeAndShape
--- PASS: TestReportRP05RangeAndShape (0.05s)
=== RUN   TestReportRP06ExportPermissionAuditAndCSV
--- PASS: TestReportRP06ExportPermissionAuditAndCSV (0.09s)
=== RUN   TestReportRP07CrossStoreNoLeak
--- PASS: TestReportRP07CrossStoreNoLeak (0.09s)
=== RUN   TestReportRP08TimingTenThousandOrders
    reports_test.go:584: RP08 products      92 days over 10000 orders: 78ms (status 200, 11052 bytes)
    reports_test.go:584: RP08 channels      92 days over 10000 orders: 598ms (status 200, 771 bytes)
    reports_test.go:584: RP08 funnel        92 days over 10000 orders: 44ms (status 200, 161 bytes)
    reports_test.go:584: RP08 manual-orders 92 days over 10000 orders: 31ms (status 200, 598 bytes)
--- PASS: TestReportRP08TimingTenThousandOrders (3.64s)
=== RUN   TestReportEnvironmentProfiles
=== RUN   TestReportEnvironmentProfiles/LIVE
=== RUN   TestReportEnvironmentProfiles/SANDBOX
--- PASS: TestReportEnvironmentProfiles (0.22s)
    --- PASS: TestReportEnvironmentProfiles/LIVE (0.08s)
    --- PASS: TestReportEnvironmentProfiles/SANDBOX (0.08s)
=== RUN   TestReportInternalHelpersAreNotCallable
--- PASS: TestReportInternalHelpersAreNotCallable (0.01s)
PASS
ok  	livecommerce/tests/foundation	7.474s
test-focused: top-level PASS=8 FAIL=0 SKIP=0 exit=0
