✔ /products/{uuid} redirects permanently to the zh-TW product page (359.1245ms)
✔ non-uuid ids are 404, never redirected (4.67225ms)
✔ transfer view: closed shape and state rules mirror Go validTransferView (1.535125ms)
✔ proof body and result: five digits, positive minor amount, ISO instant (0.922333ms)
✔ minorFromText: major units with at most two decimals, never a float surprise (0.150209ms)
✔ buyer email mirror: one plain address, 254 characters at most (0.439667ms)
✔ countdown: whole hours and minutes, never negative (1.707333ms)
✔ copy: three locales carry every key and every refusal code (2.593834ms)
✔ options: a home row lists modes only with bank_transfer and then needs its window (1.024292ms)
✔ checkoutInput: a home bank_transfer body, the optional trimmed email, and every refusal before any request (2.324417ms)
✔ order: AWAITING_TRANSFER is a valid commercial state without a hold time (1.297875ms)
✔ BFF: exact transfer routes, keyed proof PUT, strict body, validated answers, no generic proxy (853.308834ms)
✔ BFF: transfer refusal codes pass through as definite 422; checkout accepts bank_transfer and a valid email only (19.650875ms)
✔ uncertain prepare blocks all mutations; changed cookie context resolves journal (713.5985ms)
✔ fully parsed local denial clears only its own pending operation (5.509584ms)
✔ malformed journal, unavailable lock and stale context fail before writes (9.798916ms)
✔ BPT05 exact handoff permits absent body/key, one fetch, no form persistence (633.024375ms)
✔ BPT05 wrong handoff form and ordinary writes fail before any fetch (0.79975ms)
✔ BPT05 unresolved cookie journal blocks handoff; lost response is one fetch without persistence (0.188541ms)
✔ SU02 refresh permits absent body/key, one fetch, no persistence (0.232542ms)
✔ SU02 refresh rejects a body, a key or a malformed path before any fetch (118.237666ms)
✔ SU02 cancel permits absent body/key, one fetch, no persistence (7.210208ms)
✔ SU02 cancel rejects a body, a key or a malformed path before any fetch (0.744667ms)
✔ BPT01 exact private path, headers, body and three-locale one-fetch transport (844.485667ms)
✔ BPT02 payment routes reject untrusted path, context, headers, key and body before fetch (47.393875ms)
✔ BPT03 hostile upstream success is sanitized, never returned as payment data (26.394584ms)
✔ BPT04 every handoff failure is nonretryable, including pre-route and transport loss (233.780833ms)
✔ SU02 five routes: exact upstream path, method, key, body, one fetch each (146.600167ms)
✔ SU02 refresh and cancel are keyless and pass every CSRF/context denial before fetch (126.802167ms)
✔ SU02 every handoff/refresh/cancel failure is nonretryable and sanitized (37.192375ms)
✔ SU02 hostile Stripe bodies become the sanitized 503; PAYUNi and Stripe bodies stay byte-identical (361.2535ms)
✔ SU02 prepare accepts only the two known method codes (96.81375ms)
✔ disabled and invalid configuration fail closed before private fetch (318.021875ms)
✔ private authority, cookie lifecycle and strict local denial (34.001833ms)
✔ bad host, cookie, query and method never reach private API (426.924458ms)
✔ stalled inbound POST body is canceled at its deadline without a cookie or private call (3.307291ms)
✔ CVS BFF: exact routes, keyed open/store, keyless verify, validated answers, no generic proxy (103.133416ms)
✔ CVS BFF: contract refusal codes pass through; pay_at_pickup_limit is a definite (non-retryable) 429 (11.676375ms)
✔ fragment grammar accepts only one canonical token (1.163042ms)
✔ claim projections are closed (0.872041ms)
✔ claim token rides only its header on B1/B2 and is never echoed (1099.464792ms)
✔ CVS01 map form: only the two ECPay e-map actions, exact fields, top-level-safe values (10.777833ms)
✔ CVS02 return path allowlist excludes /claim and anything but the checkout or product page (1.761958ms)
✔ CVS03 selection projection: VERIFIED<=>pickup, REJECTED<=>reject_code, absent keys read as null (3.837417ms)
✔ CVS04 buyer-entered store answer and request body (0.939917ms)
✔ CVS05 store code table (§16.1) keeps leading zeros and per-chain lengths (0.8235ms)
✔ CVS06 recipient mirror: real-name width 4..10 (CJK=2), no digits/symbols/emoji; 09 mobile (12.56025ms)
✔ CVS07 checkout draft: name, phone and mode only; read once; corrupt/foreign shapes are dropped (123.845916ms)
✔ CVS08 return URL: only ?cvs_selection=<uuid> is accepted (3.402875ms)
✔ CVS09 buyer order projection and copy keys: nothing but PICKED_UP says picked up (2.571875ms)
✔ CVS10 error codes: field mapping, definite refusals, official links are https constants (0.377417ms)
✔ CVS11 client transport: verify is the one new keyless POST; the server refusal code rides BuyerClientError.detail (775.788125ms)
✔ every locale x page has a title, an updated line and at least one section (117.107541ms)
✔ locales share the section count and per-section body count of every page (66.640875ms)
✔ final text is only the owner-confirmed company facts (CR 81215167 name + registered address); nothing else is final (1.104625ms)
✔ footer has 6 unique hrefs: 5 legal slugs plus data-deletion, per locale (1.889791ms)
✔ data-deletion path is named in the privacy page of every locale (0.3475ms)
✔ pendingOwnerText lists exactly the rendered markers and is written for the owner (11.540542ms)
✔ a live (claim-origin) price replaces the catalog price and strikes it through (3.476417ms)
✔ without a live price the catalog price and its compare-at are shown unchanged (0.426125ms)
✔ a live price equal to or above the catalog price is shown as set (strike hidden by the UI guard) (0.29925ms)
✔ a live price strikes the catalog price, never the variant sale price (0.4315ms)
✔ order ref: 12 hex (dashes or spaces, any case) or a full id (12.574583ms)
✔ contact: one email or a phone of 6..20 digits (19.937625ms)
✔ body is exactly {order_ref, contact}; the answer is exactly {order_id} (69.145334ms)
✔ BFF lookup: no cookie needed, fresh token goes upstream, cookie only on 200 and it carries that same token (280.046042ms)
✔ BFF lookup: strict local denial before any private fetch (104.60325ms)
✔ copy: three locales carry every key (92.831417ms)
✔ TWD whole amounts show no decimals in every locale and at every magnitude (line, subtotal, total, zero) (159.02075ms)
✔ cents appear only when there are cents, then always as two digits; the minor-unit arithmetic is untouched (0.234625ms)
✔ digits come from the currency: JPY none, USD two when there are cents (0.116417ms)
✔ one formatter: no component, page or lib builds a currency Intl.NumberFormat outside lib/money.ts (90.420042ms)
✔ fragment: exactly #o=<order id>&t=<43-char token>; anything else is null (2.081791ms)
✔ body is exactly {order_id, token, proof}; the answer is exactly the order the link named (0.346083ms)
✔ BFF link: no cookie needed, fresh token upstream, cookie only on a 200 naming the same order, link token never echoed (309.414709ms)
✔ BFF link: strict local denial before any private fetch (59.334375ms)
✔ copy: three locales, one refusal text, a retry and a lookup path (0.1115ms)
✔ BPU01 fresh payment writes exact metadata before prepare, one bodyless Take, no persistent form (151.966417ms)
✔ BPU01 lost prepare response replays original key/body only on explicit next click (8.612833ms)
✔ BPU01 lost handoff is permanently GET-only, even after a second click (5.412458ms)
✔ BPU01 storage, amount, scope and child/screen fences reject before irreversible writes (3.328208ms)
✔ BPU01 document/child loss after prepare but before Take leaves exact replay marker (30.488375ms)
✔ BPU01 malformed server handoff never submits and Take remains nonretryable (1.501ms)
✔ BPU01 marker replacement before Take and after Take blocks release/form reuse (3.922917ms)
✔ BPU01 context replacement after prepare and after Take closes destination without form (16.682541ms)
✔ BPU01 synchronous destination refuses invalid locale before opening a window (1.146125ms)
✔ SU03 fresh Stripe pay: marker before prepare, one prepare, one handoff, navigate, URL never stored (2.936834ms)
✔ SU03 marker replay: lost prepare response replays key/body, no uncertain on PENDING view with leftover marker (7.390042ms)
✔ SU03 cross-device Continue needs no marker and never prepares (0.839166ms)
✔ SU03 marker/view matrix: PAYUNi marker on Stripe view and Stripe marker on PAYUNi view send nothing (191.59875ms)
✔ SU03 any other view renders without a POST (26.962583ms)
✔ SU03 CREATING: waits on the schedule without the lock, then hands off once when READY (264.447083ms)
✔ SU03 CREATING budget: 10 reads over 30 s, then the blank child is closed, no POST, no throw (241.648125ms)
✔ SU03 cancel_requested seen on the re-GET aborts before the handoff POST (12.591583ms)
✔ SU03 handoff outcomes: CREATING closes child, CLOSED/UNAVAILABLE/error/malformed reject; one POST each, never retried (155.562792ms)
✔ SU03 Stripe prepare errors, amount/currency mismatch and popup loss stop before any handoff (23.649833ms)
✔ SU03 two clicks make two handoff POSTs only because there were two clicks; sequential, none from reads (7.480625ms)
✔ SU03 navigate: validates again, needs an owned blank child, sets used before replace, no URL in errors (2.016542ms)
✔ SU03 refresh signal: keyless single POST, validated, throttled 1/10 s and 30 per page life, cancel never throttled (9.261917ms)
✔ SU03 signal failures are single-shot and sanitized: HTTP error, malformed body, wrong order (9.178542ms)
✔ private quote/option authority fields are required; only exact MANUAL home can checkout (20.91775ms)
✔ continue shopping advances only ordered version, clears hint, keeps SQL history authoritative (377.625958ms)
✔ lost next-cart response retries identical key/body and preserves a newer cart (3.923167ms)
✔ continuation never overwrites an already advanced cart (0.48275ms)
✔ unknown checkout blocks continuation without any business request (0.32025ms)
✔ two queued continuation clicks mutate once; stale order ID cannot clear another order (2.6695ms)
✔ CAS conflict resolves only after a newer cart is read (3.116959ms)
✔ locator removal failure retains next-cart journal and recovery survives missing locator (4.124833ms)
✔ order history summary rejects PII/unknown fields and malformed scope IDs (0.188583ms)
✔ native address validation mirrors printable Unicode, limits and phone; journal forbids PII (3.204291ms)
✔ address lost reply replays exact in-memory intent, then confirms current head (0.992958ms)
✔ address reload requires explicit new intent and exact observed CAS; stale head never auto-bumps (0.577ms)
✔ old address receipt cannot confirm another tab's newer current head (0.193167ms)
✔ a late address CAS winner requires another explicit confirmation, not an automatic version bump (0.40675ms)
✔ checkout lost reply, queued duplicate and current GET reuse one key and one order (1.383042ms)
✔ uncertain checkout retains original journal across later 401/403/404/5xx and malformed success (0.609375ms)
✔ only a fresh definitive denial clears checkout; no order locator is invented (0.136625ms)
✔ locator storage failure after commit retains same key; reload GET failure keeps locator (0.37425ms)
✔ locator persisted but journal removal failed resumes pending receipt, not unrelated pointer (0.325042ms)
✔ unavailable storage, invalid locator and late changed context fail closed (0.18725ms)
✔ order locator readback mismatch and no-op journal removal both retain checkout recovery (0.331083ms)
✔ BPT03 exact valid projection and Go nanosecond UTC timestamps (30.99675ms)
✔ BPT03 view rejects private fields, inconsistent state and malformed names (1.155833ms)
✔ BPT03 prepared receipt enforces exact original credit-card amount (0.502125ms)
✔ BPT03 hosted form and replay are exact, bounded and action-allowlisted (5.329916ms)
✔ SU01 Stripe views: fresh, both methods, attempt states, PAYUNi unchanged (0.796167ms)
✔ SU01 Stripe view negatives (0.9775ms)
✔ SU01 prepared amounts follow the corrected per-currency table (0.635125ms)
✔ SU01 Stripe handoff union and every redirect_url negative (3.105292ms)
✔ SU01 payment signal is exactly {order_id, scheduled:boolean} (0.6905ms)
✔ RUI01 refund summary: refunded states, pending money, absent ≡ null (0.594958ms)
✔ RUI01 refund summary negatives (3.500792ms)
✔ BPU03 neutral GET and POST return ignore every callback field and cookie (216.842791ms)
✔ policy version is the frozen constant, in the customers-core D4 shape (0.410208ms)
✔ route table: exactly the four buyer privacy routes, methods and body kinds (0.429834ms)
✔ body shapes are closed and mirror the frozen Go inputs (no source, no policy_version) (0.093084ms)
✔ GET privacy validator: closed shape, erased owner holds no consent (0.113875ms)
✔ consent result and erasure summary validators (0.219708ms)
✔ buyer export envelope never carries customer_id (0.06875ms)
✔ failure classification: 410 and erased are the erased state (0.28475ms)
✔ copy: every locale has the same keys, the ads box discloses that sent events cannot be recalled (1.641333ms)
✔ PRO-S1 code mirror: any case and spaces normalise; impossible codes never become a request (13.969042ms)
✔ PRO-S2 promotion object: closed keys, kind/value pairing (1.776708ms)
✔ PRO-S3 quote validator: promotion is optional but never malformed; the discount stays the server's own number (1.231125ms)
✔ PRO-S4 journal grammar: a quote write may carry one canonical promo_code, nothing else (7.159292ms)
✔ PRO-S5 copy: three locales cover every refusal code and the same keys (2.020375ms)
✔ PRO-S6 BFF quote route: promo_code relayed untouched when canonical, refused before the private API otherwise (275.122875ms)
✔ PRO-S7 BFF: every promo_* refusal is a definite, non-retryable 422 with its own code (45.934375ms)
✔ demonstration disclosure is explicit and local-only (9.597708ms)
✔ cart selection preserves unrelated SKUs and the observed CAS version (39.665042ms)
✔ minor amounts are bounded before multiplication, including zero (0.108584ms)
✔ delivery identity includes country for one market and method (0.073208ms)
✔ journal is bound to context and rejects PII/unknown fields (0.246792ms)
✔ lost response replays exact key/body, then clears only after parsed receipt (195.012125ms)
✔ RUI02 buyer order admits MERCHANT_SHIPPED only with a SHIPPED head; absent shipment ≡ null (0.555834ms)
✔ RUI02 shipment shape negatives (incl. unsafe links) (1.173083ms)
✔ RUI02 history summary admits MERCHANT_SHIPPED (a shipped order must not break the list) (0.175667ms)
✔ CVSP01 options: CVS rows carry pickup_selection/payment_modes; unavailable rows are a separate shape (0.516125ms)
✔ CVSP02 CVS destination write: TW only, pickup_id required, empty home address; home unchanged (10.916875ms)
✔ CVSP03 checkoutInput: payment_mode only for CVS rows and only a mode the row offers (5.42425ms)
✔ CVSP04 buyer order: pay_at_pickup <=> collection_state; cvs_shipment only on a matching CVS destination (1.195875ms)
✔ CVSP05 journal accepts a CVS destination marker and a checkout body with payment_mode, nothing else (0.65775ms)
✔ design: garbage and hostile documents collapse to the safe default shape (2.692125ms)
✔ design: links, preview token propagation, nav resolution (0.449375ms)
✔ design: any merchant accent yields readable button text and link colour (WCAG AA) (0.752542ms)
✔ variants: resolution, disabled out-of-stock combinations, initial choice, price bounds (0.634208ms)
✔ catalog-v2 parsers accept the frozen shapes and refuse drift (1.308292ms)
✔ free-delivery progress words the hint only when a threshold exists (2.529458ms)
✔ list query: only whitelisted, canonical values survive (0.76975ms)
✔ seo: JSON-LD cannot break out of its script tag; offers reflect stock and price range (25.135ms)
✔ seo: sitemap escapes and carries hreflang; robots refuses everything for a closed host (0.5295ms)
✔ money: whole amounts drop cents, minor digits come from the currency, filters round-trip (1.326084ms)
✔ cart line write: replaces one line, keeps the others, 0 removes, CAS version is the one shown (14.35225ms)
✔ cart problems map to buyer-facing classes without leaking transport detail (0.118709ms)
✔ checkout options accept the optional free-shipping threshold only as a positive integer or null (0.192041ms)
✔ no-image placeholder copy: exactly the locale label a photo-less card or gallery renders (0.050833ms)
✔ dictionaries have exact parity and non-empty values (25.082584ms)
✔ locale precedence and language quality mapping (4.835709ms)
✔ localized paths preserve deep links and reject dangerous input (5.003ms)
✔ path locale only matches a canonical first segment (0.264542ms)
✔ the four constructs render (4.89525ms)
✔ XSS payloads stay inert text (3.052583ms)
✔ fuzz: any string over a hostile alphabet renders only whitelisted tags (58.512417ms)
✔ validator mirrors the Go rules (0.334208ms)
✔ SDN1 allowlist: exactly the contract routes, per method (55.595166ms)
✔ SDN1 allowlist: traversal, case, suffix and prefix tricks never match (84.884333ms)
✔ SDN1 request shape: no query string anywhere, reads carry no body, key, length or transfer-encoding (311.2455ms)
✔ SDN1 cap: 260 KiB = Go's 256 KiB document + 4 KiB envelope, and a body of exactly the cap is still below it (0.077333ms)
✔ SDN2 renderer: every XSS payload comes out as whitelisted tags and escaped text only (52.740042ms)
✔ SDN2 renderer: escape-first means the merchant's text never becomes markup (0.668542ms)
✔ SDN2 renderer: fuzz (seeded) never produces a tag outside the whitelist (79.858667ms)
✔ SDN2 client validator rejects what the server rejects (HTML, non-https links, `<` anywhere) (0.733417ms)
✔ cleanForSave turns cleared fields into null but keeps an empty body (1.057584ms)
✔ localIssues names each missing mandatory value by server path (1.206417ms)
✔ moved swaps neighbours and ignores out-of-range moves (0.2585ms)
✔ parsers accept the exact Go shapes and refuse extra or missing keys (3.995958ms)
✔ BFF allowlist covers exactly the design resources (0.900667ms)
✔ validDesignRequest refuses queries and bodies on reads, ignores other paths (75.362166ms)
✔ designDetails forwards only a bounded {path, reason} pair (1.808833ms)
✔ accepts exactly the three locale invite paths with a 20-200 char token (5.180584ms)
✔ rejects anything that is not an exact same-origin relative invite path (0.433125ms)
✔ rejects percent-encoded variants of the exact shape (0.357334ms)
✔ the token is an opaque invite token shape, never a URL (0.260917ms)
✔ fragment carrier: round-trips the exact invite path, is never a query string, and rejects hostile fragments (5.215875ms)
✔ dashboard: accepts the frozen shape, rejects drift (30.688041ms)
✔ import result: strict keys, closed error codes, committed never carries errors (0.992042ms)
✔ csv file guard mirrors the Go bounds (0.273709ms)
✔ manual options: only bank_transfer / pay_at_pickup, key must equal market|country|code (1.366917ms)
✔ manual result: link is https with the order id and a 43-char capability in the fragment only (3.428459ms)
✔ draft: first problem, and the body has no price-like field at all (6.36ms)
✔ BFF grammar: exactly the seven tools resources (1.215791ms)
✔ regenerate body/result: exactly {order_id, locale} and a fresh https link naming that order (1.285333ms)
✔ copy parity: every locale has every key, import rules and error codes (12.060958ms)
✔ callback redirect target is always a same-origin /<locale>/settings path whatever the cookies, store, code or error say (20.039375ms)
✔ the binding cookie: exactly one canonical store uuid, path-scoped to the callback, HttpOnly, Lax, 10 minutes, Secure (0.306834ms)
✔ callback query: exactly one code and one state within charset/length bounds; Meta's error=… and repeats are not forwarded (75.828334ms)
✔ the dialog URL the BFF hands the browser is https://www.facebook.com only (58.474875ms)
✔ callback error mapping only ever yields fixed codes, never an upstream message (41.443125ms)
✔ status: not connected, connected with and without Instagram, and every deviation throws (5.539708ms)
✔ pick state: closed shape, optional Instagram keys come as a pair, id must match (11.008542ms)
✔ route grammar: only status/states/pick/disconnect; start and callback are dedicated routes; no query; reads carry no body or key (126.124958ms)
✔ connect cookie, body and callback redirect never carry code/state and only fixed codes (0.57425ms)
✔ copy: three locales have the same keys and every Go error code has a message (0.1135ms)
✔ settings answer: exactly one boolean key (2.55275ms)
✔ PUT body is the frozen single key (0.314ms)
✔ BFF grammar: GET read, PUT keyed command, nothing else (10.122417ms)
✔ copy: three locales, same keys, no empty text (1.098666ms)
✔ PRM01 parse: exact keys, kind/value pairing and ranges; duplicates and unknown keys are refused (12.148792ms)
✔ PRM02 Taipei wall time: +08:00 on the wire, instant shown back in Taipei, impossible dates refused (29.598042ms)
✔ PRM03 create body: normalised code, major units to minor units, optional fields null, whole body validated (5.748208ms)
✔ PRM04 update + toggle: version CAS key, form round trip, pause keeps every other field (3.920541ms)
✔ PRM05 BFF grammar: exactly list, create and update; nothing generic (0.696084ms)
✔ PRM06 copy: three locales carry the same keys and every refusal code the Go routes can answer (0.658292ms)
✔ browser-origin gate: every refusal happens before Go is called, for every action (96.80225ms)
✔ only POST exists on the team routes (3.280209ms)
✔ unknown action is a local 404 and never reaches Go (1.387125ms)
✔ strict request grammar: wrong keys, types, ids, roles, locales and token shapes are 422 locally (15.064166ms)
✔ what reaches Go: BFF key, bearer from the cookie, no Cookie/Origin, body unchanged, exactly one call per request (80.913209ms)
✔ Go failures are rebuilt locally from allow-listed codes, never retried, and never echo the token (55.498833ms)
✔ team answer: accepts the frozen shape, null role and OIDC member without email (13.511ms)
✔ team answer: unknown key, unknown role, bad id, bad mail state are rejected (1.157875ms)
✔ invite and accept answers are strict (1.368792ms)
✔ request grammar: every action has an exact key set and rejects junk values (6.84575ms)
✔ copy: three locales carry the same keys and a label for every role (1.725625ms)
✔ role-aware navigation: hides entries the member's permissions cannot use; unknown shows all; Team is owner-only (0.8305ms)
✔ positive control: a complete, valid configuration raises no META_LOGIN finding (1997.976083ms)
✔ feature off (COMMERCE_META_LOGIN_CONFIG_ID empty): no rule applies even with the other keys empty (288.592959ms)
✔ P06: the Page route needs the webhook receiver (430.727583ms)
✔ P06: sessions come from identity (331.049292ms)
✔ P06: without the claims profile nobody sends the private replies (a WARN, not a FAIL) (316.492709ms)
✔ P08: COMMERCE_META_LOGIN_CONFIG_ID must be numeric ("abc") (400.302625ms)
✔ P08: COMMERCE_META_LOGIN_CONFIG_ID must be numeric ("12 34") (294.497917ms)
✔ P08: COMMERCE_META_LOGIN_CONFIG_ID must be numeric ("111111111111") (207.153791ms)
✔ P08: COMMERCE_META_LOGIN_CONFIG_ID must be numeric ("0x10") (203.486917ms)
✔ P08: COMMERCE_META_LOGIN_CONFIG_ID must be numeric ("-1") (335.590208ms)
✔ P08: COMMERCE_META_LOGIN_REDIRECT_URI must be exactly https://<LC_ADMIN_HOST>/api/meta/callback (wrong host) (246.091291ms)
✔ P08: COMMERCE_META_LOGIN_REDIRECT_URI must be exactly https://<LC_ADMIN_HOST>/api/meta/callback (http scheme) (385.39475ms)
✔ P08: COMMERCE_META_LOGIN_REDIRECT_URI must be exactly https://<LC_ADMIN_HOST>/api/meta/callback (the ads callback path) (488.432375ms)
✔ P08: COMMERCE_META_LOGIN_REDIRECT_URI must be exactly https://<LC_ADMIN_HOST>/api/meta/callback (trailing slash) (414.753458ms)
✔ P08: COMMERCE_META_LOGIN_REDIRECT_URI must be exactly https://<LC_ADMIN_HOST>/api/meta/callback (query string) (372.011583ms)
✔ P08: COMMERCE_META_LOGIN_REDIRECT_URI must be exactly https://<LC_ADMIN_HOST>/api/meta/callback (empty) (256.734416ms)
✔ P08: COMMERCE_META_LOGIN_GRAPH_VERSION grammar vNN.N ("26.0") (222.067125ms)
✔ P08: COMMERCE_META_LOGIN_GRAPH_VERSION grammar vNN.N ("v26") (278.083375ms)
✔ P08: COMMERCE_META_LOGIN_GRAPH_VERSION grammar vNN.N ("v26.0.1") (342.025375ms)
✔ P08: COMMERCE_META_LOGIN_GRAPH_VERSION grammar vNN.N ("latest") (248.069625ms)
✔ P08: COMMERCE_META_LOGIN_GRAPH_VERSION grammar vNN.N ("") (493.629042ms)
✔ P08: COMMERCE_META_LOGIN_GRAPH_VERSION grammar vNN.N ("v1000.0") (307.228291ms)
✔ P08: COMMERCE_META_LOGIN_GRAPH_VERSION accepts v26.0 (290.361125ms)
✔ P08: COMMERCE_META_LOGIN_GRAPH_VERSION accepts v22.0 (270.502375ms)
✔ P08: COMMERCE_META_LOGIN_GRAPH_VERSION accepts v99.9 (281.892458ms)
ℹ tests 270
ℹ suites 0
ℹ pass 270
ℹ fail 0
ℹ cancelled 0
ℹ skipped 0
ℹ todo 0
ℹ duration_ms 14303.849708
NOT_RUN: tests/media/r04-input-runner.test.mjs (COMMERCE_R04_LIVEKIT_BINARY unset)
