✔ /products/{uuid} redirects permanently to the zh-TW product page (53.482125ms)
✔ non-uuid ids are 404, never redirected (10.009625ms)
✔ transfer view: closed shape and state rules mirror Go validTransferView (1.203417ms)
✔ proof body and result: five digits, positive minor amount, ISO instant (0.207333ms)
✔ minorFromText: major units with at most two decimals, never a float surprise (0.098667ms)
✔ buyer email mirror: one plain address, 254 characters at most (0.108416ms)
✔ countdown: whole hours and minutes, never negative (0.353709ms)
✔ copy: three locales carry every key and every refusal code (0.19375ms)
✔ options: a home row lists modes only with bank_transfer and then needs its window (0.225583ms)
✔ checkoutInput: a home bank_transfer body, the optional trimmed email, and every refusal before any request (0.356708ms)
✔ order: AWAITING_TRANSFER is a valid commercial state without a hold time (0.17175ms)
✔ BFF: exact transfer routes, keyed proof PUT, strict body, validated answers, no generic proxy (89.221792ms)
✔ BFF: transfer refusal codes pass through as definite 422; checkout accepts bank_transfer and a valid email only (1.777625ms)
✔ D06 order heading follows a settled transfer: never 'waiting for transfer' above a confirmed or expired one (0.0995ms)
✔ uncertain prepare blocks all mutations; changed cookie context resolves journal (29.351459ms)
✔ fully parsed local denial clears only its own pending operation (0.688ms)
✔ malformed journal, unavailable lock and stale context fail before writes (1.174875ms)
✔ BPT05 exact handoff permits absent body/key, one fetch, no form persistence (42.851708ms)
✔ BPT05 wrong handoff form and ordinary writes fail before any fetch (0.500084ms)
✔ BPT05 unresolved cookie journal blocks handoff; lost response is one fetch without persistence (0.143917ms)
✔ SU02 refresh permits absent body/key, one fetch, no persistence (0.16275ms)
✔ SU02 refresh rejects a body, a key or a malformed path before any fetch (0.121166ms)
✔ SU02 cancel permits absent body/key, one fetch, no persistence (0.109625ms)
✔ SU02 cancel rejects a body, a key or a malformed path before any fetch (0.095417ms)
✔ BPT01 exact private path, headers, body and three-locale one-fetch transport (105.637333ms)
✔ BPT02 payment routes reject untrusted path, context, headers, key and body before fetch (11.856916ms)
✔ BPT03 hostile upstream success is sanitized, never returned as payment data (15.144792ms)
✔ BPT04 every handoff failure is nonretryable, including pre-route and transport loss (4.812375ms)
✔ SU02 five routes: exact upstream path, method, key, body, one fetch each (2.8475ms)
✔ SU02 refresh and cancel are keyless and pass every CSRF/context denial before fetch (19.138375ms)
✔ SU02 every handoff/refresh/cancel failure is nonretryable and sanitized (2.969625ms)
✔ SU02 hostile Stripe bodies become the sanitized 503; PAYUNi and Stripe bodies stay byte-identical (2.531833ms)
✔ SU02 prepare accepts only the two known method codes (0.446708ms)
✔ disabled and invalid configuration fail closed before private fetch (17.994125ms)
✔ private authority, cookie lifecycle and strict local denial (32.780167ms)
✔ bad host, cookie, query and method never reach private API (21.450834ms)
✔ stalled inbound POST body is canceled at its deadline without a cookie or private call (0.801ms)
✔ CVS BFF: exact routes, keyed open/store, keyless verify, validated answers, no generic proxy (9.848666ms)
✔ CVS BFF: contract refusal codes pass through; pay_at_pickup_limit is a definite (non-retryable) 429 (3.479584ms)
✔ fragment grammar accepts only one canonical token (2.641334ms)
✔ claim projections are closed (0.591458ms)
✔ claim token rides only its header on B1/B2 and is never echoed (46.304666ms)
✔ CVS01 map form: only the two ECPay e-map actions, exact fields, top-level-safe values (4.731166ms)
✔ CVS02 return path allowlist excludes /claim and anything but the checkout or product page (0.441791ms)
✔ CVS03 selection projection: VERIFIED<=>pickup, REJECTED<=>reject_code, absent keys read as null (8.1075ms)
✔ CVS04 buyer-entered store answer and request body (0.871ms)
✔ CVS05 store code table (§16.1) keeps leading zeros and per-chain lengths (0.390625ms)
✔ CVS06 recipient mirror: real-name width 4..10 (CJK=2), no digits/symbols/emoji; 09 mobile (1.178209ms)
✔ CVS07 checkout draft: name, phone and mode only; read once; corrupt/foreign shapes are dropped (0.27025ms)
✔ CVS08 return URL: only ?cvs_selection=<uuid> is accepted (0.100709ms)
✔ CVS09 buyer order projection and copy keys: nothing but PICKED_UP says picked up (0.125666ms)
✔ CVS10 error codes: field mapping, definite refusals, official links are https constants (0.21375ms)
✔ CVS11 client transport: verify is the one new keyless POST; the server refusal code rides BuyerClientError.detail (41.5945ms)
✔ every locale x page has a title, an updated line and at least one section (21.194166ms)
✔ locales share the section count and per-section body count of every page (0.67925ms)
✔ final text is only the owner-confirmed company facts (CR 81215167 name + registered address); nothing else is final (1.908459ms)
✔ footer has 7 unique hrefs: 5 policies, anti-fraud guidance and data-deletion, per locale (1.074583ms)
✔ data-deletion path is named in the privacy page of every locale (0.099ms)
✔ pendingOwnerText lists exactly the rendered markers and is written for the owner (4.431584ms)
✔ a live (claim-origin) price replaces the catalog price and strikes it through (0.591667ms)
✔ without a live price the catalog price and its compare-at are shown unchanged (0.058208ms)
✔ a live price equal to or above the catalog price is shown as set (strike hidden by the UI guard) (0.046375ms)
✔ a live price strikes the catalog price, never the variant sale price (0.045542ms)
✔ order ref: 12 hex (dashes or spaces, any case) or a full id (1.383208ms)
✔ contact: one email or a phone of 6..20 digits (0.570792ms)
✔ body is exactly {order_ref, contact}; the answer is exactly {order_id} (0.527375ms)
✔ BFF lookup: no cookie needed, fresh token goes upstream, cookie only on 200 and it carries that same token (63.325375ms)
✔ BFF lookup: strict local denial before any private fetch (6.734ms)
✔ copy: three locales carry every key (0.31375ms)
✔ TWD whole amounts show no decimals in every locale and at every magnitude (line, subtotal, total, zero) (72.687334ms)
✔ cents appear only when there are cents, then always as two digits; the minor-unit arithmetic is untouched (0.214208ms)
✔ digits come from the currency: JPY none, USD two when there are cents (0.118583ms)
✔ one formatter: no component, page or lib builds a currency Intl.NumberFormat outside lib/money.ts (33.692875ms)
✔ fragment: exactly #o=<order id>&t=<43-char token>; anything else is null (1.71175ms)
✔ body is exactly {order_id, token, proof}; the answer is exactly the order the link named (0.203417ms)
✔ BFF link: no cookie needed, fresh token upstream, cookie only on a 200 naming the same order, link token never echoed (69.834583ms)
✔ BFF link: strict local denial before any private fetch (22.579167ms)
✔ copy: three locales, one refusal text, a retry and a lookup path (1.035ms)
✔ BPU01 fresh payment writes exact metadata before prepare, one bodyless Take, no persistent form (38.308584ms)
✔ BPU01 lost prepare response replays original key/body only on explicit next click (2.261208ms)
✔ BPU01 lost handoff is permanently GET-only, even after a second click (0.795834ms)
✔ BPU01 storage, amount, scope and child/screen fences reject before irreversible writes (0.7255ms)
✔ BPU01 document/child loss after prepare but before Take leaves exact replay marker (4.295708ms)
✔ BPU01 malformed server handoff never submits and Take remains nonretryable (0.766791ms)
✔ BPU01 marker replacement before Take and after Take blocks release/form reuse (0.96825ms)
✔ BPU01 context replacement after prepare and after Take closes destination without form (0.665875ms)
✔ BPU01 synchronous destination refuses invalid locale before opening a window (0.132958ms)
✔ SU03 fresh Stripe pay: marker before prepare, one prepare, one handoff, navigate, URL never stored (0.894ms)
✔ SU03 marker replay: lost prepare response replays key/body, no uncertain on PENDING view with leftover marker (1.597125ms)
✔ SU03 cross-device Continue needs no marker and never prepares (0.53325ms)
✔ SU03 marker/view matrix: PAYUNi marker on Stripe view and Stripe marker on PAYUNi view send nothing (6.359209ms)
✔ SU03 any other view renders without a POST (2.814875ms)
✔ SU03 CREATING: waits on the schedule without the lock, then hands off once when READY (18.538667ms)
✔ SU03 CREATING budget: 10 reads over 30 s, then the blank child is closed, no POST, no throw (22.645791ms)
✔ SU03 cancel_requested seen on the re-GET aborts before the handoff POST (1.719375ms)
✔ SU03 handoff outcomes: CREATING closes child, CLOSED/UNAVAILABLE/error/malformed reject; one POST each, never retried (50.829875ms)
✔ SU03 Stripe prepare errors, amount/currency mismatch and popup loss stop before any handoff (4.391167ms)
✔ SU03 two clicks make two handoff POSTs only because there were two clicks; sequential, none from reads (20.898334ms)
✔ SU03 navigate: validates again, needs an owned blank child, sets used before replace, no URL in errors (3.95025ms)
✔ SU03 refresh signal: keyless single POST, validated, throttled 1/10 s and 30 per page life, cancel never throttled (13.400542ms)
✔ SU03 signal failures are single-shot and sanitized: HTTP error, malformed body, wrong order (1.511875ms)
✔ private quote/option authority fields are required; only exact MANUAL home can checkout (3.850333ms)
✔ continue shopping advances only ordered version, clears hint, keeps SQL history authoritative (37.524375ms)
✔ lost next-cart response retries identical key/body and preserves a newer cart (2.725166ms)
✔ continuation never overwrites an already advanced cart (0.458333ms)
✔ unknown checkout blocks continuation without any business request (0.274542ms)
✔ two queued continuation clicks mutate once; stale order ID cannot clear another order (2.676958ms)
✔ CAS conflict resolves only after a newer cart is read (3.609167ms)
✔ locator removal failure retains next-cart journal and recovery survives missing locator (0.647917ms)
✔ order history summary rejects PII/unknown fields and malformed scope IDs (0.120958ms)
✔ native address validation mirrors printable Unicode, limits and phone; journal forbids PII (1.936334ms)
✔ address lost reply replays exact in-memory intent, then confirms current head (0.698792ms)
✔ address reload requires explicit new intent and exact observed CAS; stale head never auto-bumps (0.742084ms)
✔ old address receipt cannot confirm another tab's newer current head (0.223083ms)
✔ a late address CAS winner requires another explicit confirmation, not an automatic version bump (0.404875ms)
✔ checkout lost reply, queued duplicate and current GET reuse one key and one order (1.138125ms)
✔ uncertain checkout retains original journal across later 401/403/404/5xx and malformed success (0.541375ms)
✔ only a fresh definitive denial clears checkout; no order locator is invented (0.130375ms)
✔ locator storage failure after commit retains same key; reload GET failure keeps locator (0.336375ms)
✔ locator persisted but journal removal failed resumes pending receipt, not unrelated pointer (0.319375ms)
✔ unavailable storage, invalid locator and late changed context fail closed (0.184083ms)
✔ order locator readback mismatch and no-op journal removal both retain checkout recovery (0.339166ms)
✔ BPT03 exact valid projection and Go nanosecond UTC timestamps (3.692208ms)
✔ BPT03 view rejects private fields, inconsistent state and malformed names (0.567875ms)
✔ BPT03 prepared receipt enforces exact original credit-card amount (0.321ms)
✔ BPT03 hosted form and replay are exact, bounded and action-allowlisted (3.674875ms)
✔ SU01 Stripe views: fresh, both methods, attempt states, PAYUNi unchanged (0.200209ms)
✔ SU01 Stripe view negatives (0.185292ms)
✔ SU01 prepared amounts follow the corrected per-currency table (0.115292ms)
✔ SU01 Stripe handoff union and every redirect_url negative (0.251875ms)
✔ SU01 payment signal is exactly {order_id, scheduled:boolean} (0.103208ms)
✔ RUI01 refund summary: refunded states, pending money, absent ≡ null (0.168375ms)
✔ RUI01 refund summary negatives (0.143209ms)
✔ BPU03 neutral GET and POST return ignore every callback field and cookie (67.865625ms)
✔ policy version is the frozen constant, in the customers-core D4 shape (0.441125ms)
✔ route table: exactly the four buyer privacy routes, methods and body kinds (0.390792ms)
✔ body shapes are closed and mirror the frozen Go inputs (no source, no policy_version) (0.09225ms)
✔ GET privacy validator: closed shape, erased owner holds no consent (0.119958ms)
✔ consent result and erasure summary validators (0.59425ms)
✔ buyer export envelope never carries customer_id (0.424625ms)
✔ failure classification: 410 and erased are the erased state (0.66975ms)
✔ copy: every locale has the same keys, the ads box discloses that sent events cannot be recalled (0.157541ms)
✔ PRO-S1 code mirror: any case and spaces normalise; impossible codes never become a request (1.114958ms)
✔ PRO-S2 promotion object: closed keys, kind/value pairing (0.730208ms)
✔ PRO-S3 quote validator: promotion is optional but never malformed; the discount stays the server's own number (0.66575ms)
✔ PRO-S4 journal grammar: a quote write may carry one canonical promo_code, nothing else (0.844084ms)
✔ PRO-S5 copy: three locales cover every refusal code and the same keys (0.47575ms)
✔ PRO-S6 BFF quote route: promo_code relayed untouched when canonical, refused before the private API otherwise (68.839834ms)
✔ PRO-S7 BFF: every promo_* refusal is a definite, non-retryable 422 with its own code (7.456ms)
✔ demonstration disclosure is explicit and local-only (0.993042ms)
✔ cart selection preserves unrelated SKUs and the observed CAS version (37.554875ms)
✔ minor amounts are bounded before multiplication, including zero (1.001458ms)
✔ delivery identity includes country for one market and method (0.238792ms)
✔ journal is bound to context and rejects PII/unknown fields (0.792375ms)
✔ lost response replays exact key/body, then clears only after parsed receipt (33.111583ms)
✔ RUI02 buyer order admits MERCHANT_SHIPPED only with a SHIPPED head; absent shipment ≡ null (0.430666ms)
✔ RUI02 shipment shape negatives (incl. unsafe links) (7.579541ms)
✔ RUI02 history summary admits MERCHANT_SHIPPED (a shipped order must not break the list) (0.126ms)
✔ CVSP01 options: CVS rows carry pickup_selection/payment_modes; unavailable rows are a separate shape (0.388959ms)
✔ CVSP02 CVS destination write: TW only, pickup_id required, empty home address; home unchanged (2.108959ms)
✔ CVSP03 checkoutInput: payment_mode only for CVS rows and only a mode the row offers (0.412292ms)
✔ CVSP04 buyer order: pay_at_pickup <=> collection_state; cvs_shipment only on a matching CVS destination (0.313166ms)
✔ CVSP05 journal accepts a CVS destination marker and a checkout body with payment_mode, nothing else (0.156791ms)
✔ design: garbage and hostile documents collapse to the safe default shape (1.312084ms)
✔ design: links, preview token propagation, nav resolution (0.144833ms)
✔ design: any merchant accent yields readable button text and link colour (WCAG AA) (0.296791ms)
✔ variants: resolution, disabled out-of-stock combinations, initial choice, price bounds (0.1575ms)
✔ catalog-v2 parsers accept the frozen shapes and refuse drift (0.404458ms)
✔ free-delivery progress words the hint only when a threshold exists (0.072833ms)
✔ list query: only whitelisted, canonical values survive (0.26ms)
✔ seo: JSON-LD cannot break out of its script tag; offers reflect stock and price range (13.528416ms)
✔ seo: sitemap escapes and carries hreflang; robots refuses everything for a closed host (0.200209ms)
✔ money: whole amounts drop cents, minor digits come from the currency, filters round-trip (0.903084ms)
✔ cart line write: replaces one line, keeps the others, 0 removes, CAS version is the one shown (1.174125ms)
✔ cart problems map to buyer-facing classes without leaking transport detail (0.101959ms)
✔ checkout options accept the optional free-shipping threshold only as a positive integer or null (0.23ms)
✔ no-image placeholder copy: exactly the locale label a photo-less card or gallery renders (0.049458ms)
✔ G3: same-series cards exclude the current product and never invent absent draft/foreign products (0.648625ms)
✔ G5: safety guidance exists in three languages without changing the five merchant policy approval boundaries (0.3885ms)
✔ G4: category chips omit empty collections; hidden collections absent from the public API stay absent (0.717833ms)
✔ dictionaries have exact parity and non-empty values (2.598542ms)
✔ locale precedence and language quality mapping (0.703916ms)
✔ localized paths preserve deep links and reject dangerous input (0.35175ms)
✔ path locale only matches a canonical first segment (0.051666ms)
✔ the four constructs render (0.638166ms)
✔ XSS payloads stay inert text (1.405375ms)
✔ fuzz: any string over a hostile alphabet renders only whitelisted tags (19.571958ms)
✔ validator mirrors the Go rules (0.65975ms)
✔ SDN1 allowlist: exactly the contract routes, per method (0.585ms)
✔ SDN1 allowlist: traversal, case, suffix and prefix tricks never match (0.920375ms)
✔ SDN1 request shape: no query string anywhere, reads carry no body, key, length or transfer-encoding (21.503542ms)
✔ SDN1 cap: 260 KiB = Go's 256 KiB document + 4 KiB envelope, and a body of exactly the cap is still below it (0.159958ms)
✔ SDN2 renderer: every XSS payload comes out as whitelisted tags and escaped text only (2.211875ms)
✔ SDN2 renderer: escape-first means the merchant's text never becomes markup (0.448375ms)
✔ SDN2 renderer: fuzz (seeded) never produces a tag outside the whitelist (26.770625ms)
✔ SDN2 client validator rejects what the server rejects (HTML, non-https links, `<` anywhere) (0.622416ms)
✔ cleanForSave turns cleared fields into null but keeps an empty body (0.467042ms)
✔ localIssues names each missing mandatory value by server path (0.584458ms)
✔ moved swaps neighbours and ignores out-of-range moves (0.077792ms)
✔ parsers accept the exact Go shapes and refuse extra or missing keys (0.377417ms)
✔ BFF allowlist covers exactly the design resources (0.22575ms)
✔ validDesignRequest refuses queries and bodies on reads, ignores other paths (31.823209ms)
✔ designDetails forwards only a bounded {path, reason} pair (0.172458ms)
✔ accepts exactly the three locale invite paths with a 20-200 char token (0.431792ms)
✔ rejects anything that is not an exact same-origin relative invite path (0.083667ms)
✔ rejects percent-encoded variants of the exact shape (0.050792ms)
✔ the token is an opaque invite token shape, never a URL (0.046083ms)
✔ fragment carrier: round-trips the exact invite path, is never a query string, and rejects hostile fragments (0.175792ms)
✔ dashboard: accepts the frozen shape, rejects drift (33.11725ms)
✔ import result: strict keys, closed error codes, committed never carries errors (0.30825ms)
✔ csv file guard mirrors the Go bounds (0.082667ms)
✔ manual options: only bank_transfer / pay_at_pickup, key must equal market|country|code (0.260917ms)
✔ manual result: link is https with the order id and a 43-char capability in the fragment only (0.241209ms)
✔ draft: first problem, and the body has no price-like field at all (0.387792ms)
✔ BFF grammar: exactly the seven tools resources (0.08625ms)
✔ regenerate body/result: exactly {order_id, locale} and a fresh https link naming that order (0.110583ms)
✔ copy parity: every locale has every key, import rules and error codes (0.682667ms)
✔ callback redirect target is always a same-origin /<locale>/settings path whatever the cookies, store, code or error say (9.731ms)
✔ the binding cookie: exactly one canonical store uuid, path-scoped to the callback, HttpOnly, Lax, 10 minutes, Secure (0.261167ms)
✔ callback query: exactly one code and one state within charset/length bounds; Meta's error=… and repeats are not forwarded (1.204875ms)
✔ the dialog URL the BFF hands the browser is https://www.facebook.com only (0.343625ms)
✔ callback error mapping only ever yields fixed codes, never an upstream message (0.148584ms)
✔ selected Page qualifies only a bare Facebook id, never rewrites another Page or external URL (0.54125ms)
✔ status: not connected, connected with and without Instagram, and every deviation throws (28.050833ms)
✔ pick state: closed shape, optional Instagram keys come as a pair, id must match (0.750958ms)
✔ route grammar: only status/states/pick/disconnect; start and callback are dedicated routes; no query; reads carry no body or key (22.554083ms)
✔ connect cookie, body and callback redirect never carry code/state and only fixed codes (0.428208ms)
✔ copy: three locales have the same keys and every Go error code has a message (0.115333ms)
✔ D02 TWD input: whole dollars only, x100 on the wire (31.825708ms)
✔ D02 TWD edit text: whole dollars have no decimals; a legacy amount with cents is never shown as another price (0.287958ms)
✔ D02 display: NT$ without decimals in every language, cents only when there are cents (2.529042ms)
✔ D02 live-price input (Studio claims): TWD whole dollars, other currencies their decimals (0.209167ms)
✔ D02 discount code amounts: TWD whole dollars, a decimal is refused before it is sent (1.456166ms)
✔ D02 no admin copy or component says 'minor units' to the merchant (22.877ms)
✔ M06 time: Asia/Taipei everywhere, labelled, never UTC (8.265834ms)
✔ settings answer: exactly one boolean key (2.333334ms)
✔ PUT body is the frozen single key (0.467959ms)
✔ BFF grammar: GET read, PUT keyed command, nothing else (0.229666ms)
✔ copy: three locales, same keys, no empty text (0.171291ms)
✔ PRM01 parse: exact keys, kind/value pairing and ranges; duplicates and unknown keys are refused (3.335333ms)
✔ PRM02 Taipei wall time: +08:00 on the wire, instant shown back in Taipei, impossible dates refused (11.609334ms)
✔ PRM03 create body: normalised code, major units to minor units, optional fields null, whole body validated (2.311833ms)
✔ PRM04 update + toggle: version CAS key, form round trip, pause keeps every other field (0.361125ms)
✔ PRM05 BFF grammar: exactly list, create and update; nothing generic (0.152875ms)
✔ PRM06 copy: three locales carry the same keys and every refusal code the Go routes can answer (0.113292ms)
✔ browser-origin gate: every refusal happens before Go is called, for every action (11.577666ms)
✔ only POST exists on the team routes (1.270167ms)
✔ unknown action is a local 404 and never reaches Go (0.530416ms)
✔ strict request grammar: wrong keys, types, ids, roles, locales and token shapes are 422 locally (4.909625ms)
✔ what reaches Go: BFF key, bearer from the cookie, no Cookie/Origin, body unchanged, exactly one call per request (21.375542ms)
✔ Go failures are rebuilt locally from allow-listed codes, never retried, and never echo the token (7.370125ms)
✔ team answer: accepts the frozen shape, null role and OIDC member without email (2.223583ms)
✔ team answer: unknown key, unknown role, bad id, bad mail state are rejected (0.36225ms)
✔ invite and accept answers are strict (0.463083ms)
✔ request grammar: every action has an exact key set and rejects junk values (0.261709ms)
✔ copy: three locales carry the same keys and a label for every role (0.421375ms)
✔ role-aware navigation: hides entries the member's permissions cannot use; unknown shows all; Team is owner-only (0.239833ms)
✔ positive control: a complete, valid configuration raises no META_LOGIN finding (992.879958ms)
✔ feature off (COMMERCE_META_LOGIN_CONFIG_ID empty): no rule applies even with the other keys empty (180.379667ms)
✔ P06: the Page route needs the webhook receiver (173.958542ms)
✔ P06: sessions come from identity (220.978ms)
✔ P06: without the claims profile nobody sends the private replies (a WARN, not a FAIL) (205.042958ms)
✔ P08: COMMERCE_META_LOGIN_CONFIG_ID must be numeric ("abc") (186.24475ms)
✔ P08: COMMERCE_META_LOGIN_CONFIG_ID must be numeric ("12 34") (174.350875ms)
✔ P08: COMMERCE_META_LOGIN_CONFIG_ID must be numeric ("111111111111") (180.823792ms)
✔ P08: COMMERCE_META_LOGIN_CONFIG_ID must be numeric ("0x10") (169.377709ms)
✔ P08: COMMERCE_META_LOGIN_CONFIG_ID must be numeric ("-1") (169.716625ms)
✔ P08: COMMERCE_META_LOGIN_REDIRECT_URI must be exactly https://<LC_ADMIN_HOST>/api/meta/callback (wrong host) (160.340334ms)
✔ P08: COMMERCE_META_LOGIN_REDIRECT_URI must be exactly https://<LC_ADMIN_HOST>/api/meta/callback (http scheme) (156.042541ms)
✔ P08: COMMERCE_META_LOGIN_REDIRECT_URI must be exactly https://<LC_ADMIN_HOST>/api/meta/callback (the ads callback path) (168.3125ms)
✔ P08: COMMERCE_META_LOGIN_REDIRECT_URI must be exactly https://<LC_ADMIN_HOST>/api/meta/callback (trailing slash) (159.866542ms)
✔ P08: COMMERCE_META_LOGIN_REDIRECT_URI must be exactly https://<LC_ADMIN_HOST>/api/meta/callback (query string) (162.61975ms)
✔ P08: COMMERCE_META_LOGIN_REDIRECT_URI must be exactly https://<LC_ADMIN_HOST>/api/meta/callback (empty) (154.80525ms)
✔ P08: COMMERCE_META_LOGIN_GRAPH_VERSION grammar vNN.N ("26.0") (144.654666ms)
✔ P08: COMMERCE_META_LOGIN_GRAPH_VERSION grammar vNN.N ("v26") (167.59325ms)
✔ P08: COMMERCE_META_LOGIN_GRAPH_VERSION grammar vNN.N ("v26.0.1") (165.333416ms)
✔ P08: COMMERCE_META_LOGIN_GRAPH_VERSION grammar vNN.N ("latest") (155.417875ms)
✔ P08: COMMERCE_META_LOGIN_GRAPH_VERSION grammar vNN.N ("") (149.304083ms)
✔ P08: COMMERCE_META_LOGIN_GRAPH_VERSION grammar vNN.N ("v1000.0") (161.276333ms)
✔ P08: COMMERCE_META_LOGIN_GRAPH_VERSION accepts v26.0 (154.156292ms)
✔ P08: COMMERCE_META_LOGIN_GRAPH_VERSION accepts v22.0 (148.791041ms)
✔ P08: COMMERCE_META_LOGIN_GRAPH_VERSION accepts v99.9 (163.204584ms)
ℹ tests 282
ℹ suites 0
ℹ pass 282
ℹ fail 0
ℹ cancelled 0
ℹ skipped 0
ℹ todo 0
ℹ duration_ms 5886.299083
NOT_RUN: tests/media/r04-input-runner.test.mjs (COMMERCE_R04_LIVEKIT_BINARY unset)
