=== RUN   TestBuyerOrderRefreshFactComparison
=== RUN   TestBuyerOrderRefreshFactComparison/request_hash
=== RUN   TestBuyerOrderRefreshFactComparison/quantity
=== RUN   TestBuyerOrderRefreshFactComparison/sku
=== RUN   TestBuyerOrderRefreshFactComparison/extra_field
=== RUN   TestBuyerOrderRefreshFactComparison/id
=== RUN   TestBuyerOrderRefreshFactComparison/version
=== RUN   TestBuyerOrderRefreshFactComparison/receipts
=== RUN   TestBuyerOrderRefreshFactComparison/receipt_version
=== RUN   TestBuyerOrderRefreshFactComparison/extra_line
=== RUN   TestBuyerOrderRefreshFactComparison/invalid_json
=== RUN   TestBuyerOrderRefreshFactComparison/writes
--- PASS: TestBuyerOrderRefreshFactComparison (0.00s)
    --- PASS: TestBuyerOrderRefreshFactComparison/request_hash (0.00s)
    --- PASS: TestBuyerOrderRefreshFactComparison/quantity (0.00s)
    --- PASS: TestBuyerOrderRefreshFactComparison/sku (0.00s)
    --- PASS: TestBuyerOrderRefreshFactComparison/extra_field (0.00s)
    --- PASS: TestBuyerOrderRefreshFactComparison/id (0.00s)
    --- PASS: TestBuyerOrderRefreshFactComparison/version (0.00s)
    --- PASS: TestBuyerOrderRefreshFactComparison/receipts (0.00s)
    --- PASS: TestBuyerOrderRefreshFactComparison/receipt_version (0.00s)
    --- PASS: TestBuyerOrderRefreshFactComparison/extra_line (0.00s)
    --- PASS: TestBuyerOrderRefreshFactComparison/invalid_json (0.00s)
    --- PASS: TestBuyerOrderRefreshFactComparison/writes (0.00s)
=== RUN   TestBuyerOrderEvidenceCompleteness
=== RUN   TestBuyerOrderEvidenceCompleteness/trunk
=== RUN   TestBuyerOrderEvidenceCompleteness/legacy-without-cart-retry
=== RUN   TestBuyerOrderEvidenceCompleteness/with-PR7-UTC
=== RUN   TestBuyerOrderEvidenceCompleteness/duplicate-history-alias
=== RUN   TestBuyerOrderEvidenceCompleteness/missing-core-even-with-UTC
=== RUN   TestBuyerOrderEvidenceCompleteness/missing-mobile-layout
=== RUN   TestBuyerOrderEvidenceCompleteness/missing-desktop-layout
=== RUN   TestBuyerOrderEvidenceCompleteness/duplicate-UTC
=== RUN   TestBuyerOrderEvidenceCompleteness/duplicate-layout
=== RUN   TestBuyerOrderEvidenceCompleteness/unknown-replaces-core
=== RUN   TestBuyerOrderEvidenceCompleteness/duplicate-replaces-core
=== RUN   TestBuyerOrderEvidenceCompleteness/unknown-extra
--- PASS: TestBuyerOrderEvidenceCompleteness (0.00s)
    --- PASS: TestBuyerOrderEvidenceCompleteness/trunk (0.00s)
    --- PASS: TestBuyerOrderEvidenceCompleteness/legacy-without-cart-retry (0.00s)
    --- PASS: TestBuyerOrderEvidenceCompleteness/with-PR7-UTC (0.00s)
    --- PASS: TestBuyerOrderEvidenceCompleteness/duplicate-history-alias (0.00s)
    --- PASS: TestBuyerOrderEvidenceCompleteness/missing-core-even-with-UTC (0.00s)
    --- PASS: TestBuyerOrderEvidenceCompleteness/missing-mobile-layout (0.00s)
    --- PASS: TestBuyerOrderEvidenceCompleteness/missing-desktop-layout (0.00s)
    --- PASS: TestBuyerOrderEvidenceCompleteness/duplicate-UTC (0.00s)
    --- PASS: TestBuyerOrderEvidenceCompleteness/duplicate-layout (0.00s)
    --- PASS: TestBuyerOrderEvidenceCompleteness/unknown-replaces-core (0.00s)
    --- PASS: TestBuyerOrderEvidenceCompleteness/duplicate-replaces-core (0.00s)
    --- PASS: TestBuyerOrderEvidenceCompleteness/unknown-extra (0.00s)
PASS
ok  	livecommerce/tests/foundation	0.693s
