✔ settings actual route permits only auth-scoped live reads/writes and keeps CAS receipt (62.441125ms)
✔ bodyless reminder/DELETE, private blocklist projection and restricted followup copy are exact (14.832791ms)
✔ real template publication rejects unknown fields and auth failures clear cookies even without JSON (4.8375ms)
✔ success receipts must describe the exact requested command, otherwise the result remains unknown (1.895042ms)
✔ W3-U2 Next proxy admits settings routes without weakening Studio raw-path guards (198.899291ms)
✔ only frozen session-scoped manual operations are available (7.525417ms)
✔ private notes and sold-out drafts respect rune limits and closed placeholders (0.923667ms)
✔ restricted rows can never advertise copying, and checkout links cannot carry bearer data (3.080917ms)
✔ three admin locales preserve the mandatory policy copy and real PR planner includes this new mode (4.123167ms)
✔ live-settings is one inert registry entry with the existing admin/PG command (21.352416ms)
ℹ tests 10
ℹ suites 0
ℹ pass 10
ℹ fail 0
ℹ cancelled 0
ℹ skipped 0
ℹ todo 0
ℹ duration_ms 566.79575

> live-commerce-workspace@ build:admin /Volumes/data/live_commerce_architecture_v1/.worktrees/w3-u2-live-settings-ui
> pnpm --filter @live-commerce/admin build


> @live-commerce/admin@ build /Volumes/data/live_commerce_architecture_v1/.worktrees/w3-u2-live-settings-ui/apps/admin
> next build && node ../../scripts/dev/package-admin.mjs

▲ Next.js 16.3.5 (Turbopack)
✓ Running next.config.ts took 151ms

  Creating an optimized production build ...
✓ Compiled successfully in 1519ms
  Running TypeScript ...
  Finished TypeScript in 421ms ...
  Collecting page data using 9 workers ...
  Generating static pages using 9 workers (0/15) ...
  Generating static pages using 9 workers (3/15)
  Generating static pages using 9 workers (7/15)
  Generating static pages using 9 workers (11/15)
✓ Generating static pages using 9 workers (15/15) in 71ms
  Finalizing page optimization ...

Route (app)
┌ ○ /_not-found
├ ƒ /[locale]
├ ƒ /[locale]/ads
├ ƒ /[locale]/ads/attribution
├ ƒ /[locale]/billing
├ ƒ /[locale]/collections
├ ƒ /[locale]/customers
├ ƒ /[locale]/customers/[customer]
├ ƒ /[locale]/customers/import
├ ƒ /[locale]/design
├ ƒ /[locale]/finance
├ ƒ /[locale]/finance/reports
├ ƒ /[locale]/inventory
├ ƒ /[locale]/invite/[token]
├ ƒ /[locale]/messages
├ ƒ /[locale]/orders
├ ƒ /[locale]/orders/cvs-print
├ ƒ /[locale]/orders/new
├ ƒ /[locale]/products
├ ƒ /[locale]/products/[product]
├ ƒ /[locale]/products/import
├ ƒ /[locale]/promotions
├ ƒ /[locale]/reset
├ ƒ /[locale]/returns
├ ƒ /[locale]/settings
├ ƒ /[locale]/settings/operations
├ ƒ /[locale]/settings/payments/card
├ ƒ /[locale]/settings/settlements
├ ƒ /[locale]/signup
├ ƒ /[locale]/studio
├ ƒ /[locale]/studio/claims
├ ƒ /[locale]/studio/console
├ ƒ /[locale]/studio/settings
├ ƒ /[locale]/team
├ ƒ /api/ads/meta/callback
├ ƒ /api/ads/meta/connect
├ ƒ /api/auth/callback
├ ƒ /api/auth/login
├ ƒ /api/auth/logout
├ ƒ /api/auth/password/login
├ ƒ /api/auth/password/reset
├ ƒ /api/auth/password/signup
├ ƒ /api/auth/password/verify
├ ƒ /api/meta/callback
├ ƒ /api/meta/connect
├ ƒ /api/onboarding/initial-store
├ ƒ /api/stores
├ ƒ /api/stores/[store]/[...resource]
├ ƒ /api/stores/[store]/customers
├ ƒ /api/stores/[store]/customers/[customer]/historical-orders
├ ƒ /api/stores/[store]/customers/[customer]/notes
├ ƒ /api/stores/[store]/customers/[customer]/notes/[note]
├ ƒ /api/stores/[store]/customers/[customer]/tags
├ ƒ /api/stores/[store]/customers/tags
├ ƒ /api/stores/[store]/customers/tags/[tag]
├ ƒ /api/stores/[store]/imports/[param]/[action]
├ ƒ /api/stores/[store]/live-sessions/[session]/claims/blocklist
├ ƒ /api/stores/[store]/live-sessions/[session]/claims/blocklist/check
├ ƒ /api/stores/[store]/live-sessions/[session]/claims/blocklist/entries/[entry]
├ ƒ /api/stores/[store]/live-sessions/[session]/reminders
├ ƒ /api/stores/[store]/live-settings/sold-out-reply
├ ƒ /api/stores/[store]/message-templates
├ ƒ /api/stores/[store]/orders/export
├ ƒ /api/stores/[store]/orders/pick-list
├ ƒ /api/stores/[store]/reports/[report]
├ ƒ /api/stores/[store]/shipments/cvs-batch
├ ƒ /api/stores/[store]/tools/[...resource]
├ ƒ /api/team/[action]
├ ƒ /site/[locale]/[page]
├ ƒ /site/robots.txt
└ ƒ /site/sitemap.xml


ƒ Proxy (Middleware)

○  (Static)   prerendered as static content
ƒ  (Dynamic)  server-rendered on demand

Packaged standalone admin server and static assets.
=== RUN   TestBrowserLiveSettingsUIRealChain
    browser_live_settings_test.go:227: 12 passed

    browser_live_settings_test.go:269: BROWSER MOCK business + REAL_PG signed authorization; evidence=/Volumes/data/live_commerce_architecture_v1/.worktrees/w3-u2-live-settings-ui/output/playwright/live-settings/20261009T145356.100204000Z
--- PASS: TestBrowserLiveSettingsUIRealChain (22.52s)
PASS
ok  	livecommerce/tests/foundation	24.809s
PASS: W3-U2 signed-session production Next/BFF clicks; MOCK business upstream, separate REAL_PG adapter gate required.
