✔ ADM10 operator sentence is localized while product and company facts stay authoritative (0.412458ms)
✔ PS review: actual Host matching normalizes case, port and a terminal DNS dot, never forwarded authority (0.226667ms)
✔ PS review: privacy/terms retain Messenger and Instagram purpose disclosure; deletion uses exact UI labels (0.102334ms)
✔ P2-N1 zh-TW/privacy: current comments and private reply, conditional inbound messages (0.077125ms)
✔ P2-N1 zh-TW/terms: current comments and private reply, conditional inbound messages (0.042333ms)
✔ P2-N1 zh-CN/privacy: current comments and private reply, conditional inbound messages (0.032916ms)
✔ P2-N1 zh-CN/terms: current comments and private reply, conditional inbound messages (0.047833ms)
✔ P2-N1 en/privacy: current comments and private reply, conditional inbound messages (0.0385ms)
✔ P2-N1 en/terms: current comments and private reply, conditional inbound messages (0.047708ms)
✔ PS1 legal identity is one untranslated source (0.080834ms)
✔ PS1 contact and hosts come only from configuration; production fails closed (0.41ms)
✔ PS2 public routes default to zh-TW, restrict page/locale, and never include admin (0.637166ms)
✔ PS4 optional Meta verification value never has a fake default (0.058209ms)
✔ PS1 every locale uses the same product name in auth page titles (0.040166ms)
✔ PS1 public page copy has three complete locales, no invented operator identity or contact (0.196375ms)
✔ PS1 production build validates config; public data is not bundled through NEXT_PUBLIC (0.99375ms)
✔ PS review: admin image installs the manifests for its workspace dependencies before building (0.723208ms)
ℹ tests 17
ℹ suites 0
ℹ pass 17
ℹ fail 0
ℹ cancelled 0
ℹ skipped 0
ℹ todo 0
ℹ duration_ms 93.946417
PASS PS1/PS2/PS4: 30 page cases, 15 SSR cases, 16 tag cases, 390 real clicks, 12 messaging-copy cases and 30 reloads
