
> live-commerce-workspace@ build:admin /Volumes/data/live_commerce_architecture_v1/.worktrees/admin-visual
> pnpm --filter @live-commerce/admin build


> @live-commerce/admin@ build /Volumes/data/live_commerce_architecture_v1/.worktrees/admin-visual/apps/admin
> next build && node ../../scripts/dev/package-admin.mjs

▲ Next.js 16.3.5 (Turbopack)
✓ Running next.config.ts took 186ms

  Creating an optimized production build ...
✓ Compiled successfully in 1786ms
  Running TypeScript ...
  Finished TypeScript in 313ms ...
  Collecting page data using 9 workers ...
  Generating static pages using 9 workers (0/15) ...
  Generating static pages using 9 workers (3/15) 
  Generating static pages using 9 workers (7/15) 
  Generating static pages using 9 workers (11/15) 
✓ Generating static pages using 9 workers (15/15) in 69ms
  Finalizing page optimization ...

Route (app)
┌ ○ /_not-found
├ ƒ /[locale]
├ ƒ /[locale]/ads
├ ƒ /[locale]/ads/attribution
├ ƒ /[locale]/billing
├ ƒ /[locale]/collections
├ ƒ /[locale]/customers
├ ƒ /[locale]/customers/[customer]
├ ƒ /[locale]/design
├ ƒ /[locale]/finance
├ ƒ /[locale]/inventory
├ ƒ /[locale]/invite/[token]
├ ƒ /[locale]/orders
├ ƒ /[locale]/orders/cvs-print
├ ƒ /[locale]/orders/new
├ ƒ /[locale]/products
├ ƒ /[locale]/products/[product]
├ ƒ /[locale]/products/import
├ ƒ /[locale]/promotions
├ ƒ /[locale]/reset
├ ƒ /[locale]/settings
├ ƒ /[locale]/signup
├ ƒ /[locale]/studio
├ ƒ /[locale]/studio/claims
├ ƒ /[locale]/team
├ ƒ /api/ads/meta/callback
├ ƒ /api/ads/meta/connect
├ ƒ /api/auth/callback
├ ƒ /api/auth/login
├ ƒ /api/auth/logout
├ ƒ /api/auth/password/login
├ ƒ /api/auth/password/reset
├ ƒ /api/auth/password/signup
├ ƒ /api/auth/password/verify
├ ƒ /api/meta/callback
├ ƒ /api/meta/connect
├ ƒ /api/onboarding/initial-store
├ ƒ /api/stores
├ ƒ /api/stores/[store]/[...resource]
├ ƒ /api/stores/[store]/tools/[...resource]
├ ƒ /api/team/[action]
├ ƒ /site/[locale]/[page]
├ ƒ /site/robots.txt
└ ƒ /site/sitemap.xml


ƒ Proxy (Middleware)

○  (Static)   prerendered as static content
ƒ  (Dynamic)  server-rendered on demand

Packaged standalone admin server and static assets.
=== RUN   TestBrowserAdminLedgerFixtureChain
    browser_admin_legacy_test.go:170: PASS: admin-fixture PG + Go + dev Next (:3100) + packaged production Next (:3101); evidence=/Volumes/data/live_commerce_architecture_v1/.worktrees/admin-visual/output/playwright/admin-ledger-20261005T184358.876028000
--- PASS: TestBrowserAdminLedgerFixtureChain (26.20s)
=== RUN   TestBrowserAdminIdentityMock
    browser_admin_legacy_test.go:318: PASS: identity-mock; evidence=/Volumes/data/live_commerce_architecture_v1/.worktrees/admin-visual/output/playwright/admin-identity-mock-20261005T184425.133294000
--- PASS: TestBrowserAdminIdentityMock (1.82s)
=== RUN   TestBrowserAdminEntryMock
    browser_admin_legacy_test.go:318: PASS: entry-mock; evidence=/Volumes/data/live_commerce_architecture_v1/.worktrees/admin-visual/output/playwright/admin-entry-mock-20261005T184426.953418000
--- PASS: TestBrowserAdminEntryMock (4.28s)
PASS
ok  	livecommerce/tests/foundation	34.053s
PASS: admin ledger (fixture bearer) + production fail-closed + identity-mock + entry-mock browser suites; no signed IdP, not production acceptance.
