✔ P02 settlements directory rejects missing/link/owner/group/mode with a valid control (283.588125ms)
✔ preflight health permission grammars and API/worker consistency fail closed (2994.9735ms)
✔ merchant alert flag is explicit 0|1 and independently requires SMTP (1986.625834ms)
✔ export bind accepts omitted JSON false but rejects unsafe source/config mutations (2.391875ms)
✔ sanctioned operator allowlist and fail-closed gates (fake docker, no network) (1955.762375ms)
✔ platform operator custody, export mount and binary are wired (190.485125ms)
✔ actual export bind refuses a missing directory; enabling auto-create is detected (341.326958ms)
✔ R3 preflight rejects cancelled PAYUNi, validates Page app and keeps LIVE pair mandatory (885.728667ms)
✔ R3 smoke exercises exact denied probes, accepts 404 only for disabled mounts (99.65975ms)
✔ positive control: a complete, valid configuration raises no META_LOGIN finding (933.846458ms)
✔ feature off (COMMERCE_META_LOGIN_CONFIG_ID empty): no rule applies even with the other keys empty (309.426833ms)
✔ P06: the Page route needs the webhook receiver (294.697625ms)
✔ P06: sessions come from identity (268.00025ms)
✔ P06: without the claims profile nobody sends the private replies (a WARN, not a FAIL) (301.249708ms)
✔ P08: COMMERCE_META_LOGIN_CONFIG_ID must be numeric ("abc") (285.133209ms)
✔ P08: COMMERCE_META_LOGIN_CONFIG_ID must be numeric ("12 34") (280.260084ms)
✔ P08: COMMERCE_META_LOGIN_CONFIG_ID must be numeric ("111111111111") (315.841625ms)
✔ P08: COMMERCE_META_LOGIN_CONFIG_ID must be numeric ("0x10") (289.613416ms)
✔ P08: COMMERCE_META_LOGIN_CONFIG_ID must be numeric ("-1") (292.991541ms)
✔ P08: COMMERCE_META_LOGIN_REDIRECT_URI must be exactly https://<LC_ADMIN_HOST>/api/meta/callback (wrong host) (277.604ms)
✔ P08: COMMERCE_META_LOGIN_REDIRECT_URI must be exactly https://<LC_ADMIN_HOST>/api/meta/callback (http scheme) (299.218208ms)
✔ P08: COMMERCE_META_LOGIN_REDIRECT_URI must be exactly https://<LC_ADMIN_HOST>/api/meta/callback (the ads callback path) (229.458041ms)
✔ P08: COMMERCE_META_LOGIN_REDIRECT_URI must be exactly https://<LC_ADMIN_HOST>/api/meta/callback (trailing slash) (211.989459ms)
✔ P08: COMMERCE_META_LOGIN_REDIRECT_URI must be exactly https://<LC_ADMIN_HOST>/api/meta/callback (query string) (220.139083ms)
✔ P08: COMMERCE_META_LOGIN_REDIRECT_URI must be exactly https://<LC_ADMIN_HOST>/api/meta/callback (empty) (222.792292ms)
✔ P08: COMMERCE_META_LOGIN_GRAPH_VERSION grammar vNN.N ("26.0") (214.768ms)
✔ P08: COMMERCE_META_LOGIN_GRAPH_VERSION grammar vNN.N ("v26") (249.774416ms)
✔ P08: COMMERCE_META_LOGIN_GRAPH_VERSION grammar vNN.N ("v26.0.1") (202.154084ms)
✔ P08: COMMERCE_META_LOGIN_GRAPH_VERSION grammar vNN.N ("latest") (183.178625ms)
✔ P08: COMMERCE_META_LOGIN_GRAPH_VERSION grammar vNN.N ("") (207.086334ms)
✔ P08: COMMERCE_META_LOGIN_GRAPH_VERSION grammar vNN.N ("v1000.0") (187.263792ms)
✔ P08: COMMERCE_META_LOGIN_GRAPH_VERSION accepts v26.0 (266.390125ms)
✔ P08: COMMERCE_META_LOGIN_GRAPH_VERSION accepts v22.0 (176.505583ms)
✔ P08: COMMERCE_META_LOGIN_GRAPH_VERSION accepts v99.9 (195.6785ms)
✔ production without any alert channel is a FAIL (nobody would hear the next outage) (933.595875ms)
✔ outside production the same gap is only a WARN (316.455292ms)
✔ a webhook alone satisfies the rule (287.492208ms)
✔ an e-mail target with a complete relay (host, username, secret) satisfies the rule (269.551291ms)
✔ an e-mail target without the relay secret cannot be sent: FAIL in production, WARN elsewhere (595.730666ms)
✔ the example's CHANGE_ME_SENDER placeholder is not a relay: the e-mail target cannot be sent (270.211417ms)
✔ LC_ALERT_EMAIL must be one plain address ("not-an-address") (314.685334ms)
✔ LC_ALERT_EMAIL must be one plain address ("two@fake.invalid,three@fake.invalid") (290.8095ms)
✔ LC_ALERT_EMAIL must be one plain address ("a b@fake.invalid") (293.572625ms)
✔ LC_ALERT_EMAIL must be one plain address ("<owner@fake.invalid>") (289.144625ms)
✔ LC_ALERT_EMAIL must be one plain address ("owner@fake") (287.094209ms)
ℹ tests 45
ℹ suites 0
ℹ pass 45
ℹ fail 0
ℹ cancelled 0
ℹ skipped 0
ℹ todo 0
ℹ duration_ms 8804.022792
