# Purpose: preserve latest-origin local evidence after this prologue.
# Depends on: current source/commands and original main SHA256=efe6c6583213e7a2801b417e607e823d3a2f79c2cbe20ac25cb5b4ba76f9d065.
# Used by: integrator normal/calibration retry.
# Evidence normalization: trailing whitespace/blank EOF only; main raw retained.
✔ G-UI3/G-UI5 architecture constraints pass with shrinking legacy exceptions (538.640292ms)
✔ G-UI3/G-UI5 negatives: new formatter, component fetch, >800 lines and wider allowance fail (0.789041ms)
✔ Readiness jump controls expose the actual active section, not a click flag (0.928375ms)
✔ Integrator P2: legal CN comment ordering and a distinct three-image recommendation (0.453917ms)
✔ ADM04 and ADM06 explain unavailable SKUs and keep collection vocabulary consistent (0.248917ms)
✔ ADM06 create/detail titles share the route vocabulary without adding a phantom Next page (0.610292ms)
✔ G-UI1 Next pages and route registry are bidirectional, unique, typed, documented (3.069375ms)
✔ G-UI1 copy key parity: no missing or extra key in any locale (0.088209ms)
✔ G-UI2 staff without catalog:read cannot see products/inventory or open a product URL (0.140042ms)
✔ G-UI2 every route permission is a permission Go knows, and /orders/new needs inventory:reserve (201.753792ms)
✔ G-UI1 dynamic and public routes match, details never appear as navigation (0.228083ms)
✔ W6-U2 ledger is a settings in-page route, preserving existing navigation (0.12975ms)
✔ Every browser spec clicks nav-orders: the orders group stays a singleton, so returns/new/print routes are nav: false (0.225916ms)
ℹ tests 13
ℹ suites 0
ℹ pass 13
ℹ fail 0
ℹ cancelled 0
ℹ skipped 0
ℹ todo 0
ℹ duration_ms 751.149
WARN G-UI5 apps/admin/app/api/stores/[store]/[...resource]/route.ts: >500 lines
WARN G-UI5 apps/admin/components/Ads.tsx: >500 lines
WARN G-UI5 apps/admin/components/AdsDraft.tsx: >500 lines
WARN G-UI5 apps/admin/components/AttributionPanels.tsx: >500 lines
WARN G-UI5 apps/admin/components/CollectionManager.tsx: >500 lines
WARN G-UI5 apps/admin/components/Design.tsx: >500 lines
WARN G-UI5 apps/admin/components/Entry.tsx: >500 lines
WARN G-UI5 apps/admin/components/Ledger.tsx: >500 lines
WARN G-UI5 apps/admin/components/OperationsLedger.tsx: >500 lines
WARN G-UI5 apps/admin/components/OrderReturns.tsx: >500 lines
WARN G-UI5 apps/admin/components/ProductDocumentForm.tsx: >500 lines
WARN G-UI5 apps/admin/components/ProductList.tsx: >500 lines
WARN G-UI5 apps/admin/components/ProductMediaManager.tsx: >500 lines
WARN G-UI5 apps/admin/components/StorefrontSettings.tsx: >500 lines
WARN G-UI5 apps/admin/components/Studio.tsx: >500 lines
WARN G-UI5 apps/admin/components/StudioClaims.tsx: >500 lines
WARN G-UI5 apps/admin/lib/ads-copy.ts: >500 lines
WARN G-UI5 apps/admin/lib/ads-model.ts: >500 lines
WARN G-UI5 apps/admin/lib/auth.ts: >500 lines
WARN G-UI5 apps/admin/lib/catalog-v2-copy.ts: >500 lines
WARN G-UI5 apps/admin/lib/product-editor-copy.ts: >500 lines
WARN G-UI5 apps/storefront/components/CheckoutFlow.tsx: >500 lines
WARN G-UI5 apps/storefront/components/CvsPickup.tsx: >500 lines
WARN G-UI5 apps/storefront/components/OrderPayment.tsx: >500 lines
WARN G-UI5 apps/storefront/lib/order-payment.ts: >500 lines
PASS G-UI3/G-UI5
shard-plan: note: 1 test(s) are in no list and run in the catch-all g06: TestMerchantCancelClosesWorkItem
shard-plan: ok (1218 top-level tests, each in exactly one of 10 groups)
check-gates: ok (79 modes, all documented; every tracked test file is run)
check-headers: OK (base 35abffcadaa1240888d291391712e1411cb820a3)
