# Purpose: preserve current W6 P2 command evidence after this prologue.
# Depends on: DELIVERY command and original main raw SHA256=d528be2fb7863163c10fb9d1a4b30a5b677db4feabd74a99c60b2d2f0df7d24f.
# Used by: integrator; full browser acceptance pending.
# Evidence normalization: trailing whitespace/blank EOF only; original main bytes and SHA above retained.
✔ exactly the nine W6-01B resources are admitted, each only under its own method (1.56725ms)
✔ the customer list is claimed only when a tag filter is present (customers-request.ts stays the owner otherwise) (0.158291ms)
✔ near misses are refused (no generic proxying) (0.085792ms)
✔ reads: no body, no key, no transfer-encoding; tag-list takes no query at all (69.362208ms)
✔ customer-list query: closed keys, tag must be a canonical uuid, list bounds identical to customers-request (1.542417ms)
✔ note-list query: only limit and after, with the customers-list bounds (0.821959ms)
✔ writes: exactly one well-formed Idempotency-Key; the two DELETEs carry no body but still need the key (1.368583ms)
✔ validTagName mirrors Go (NFC first, 1..20, trimmed, no control/Cf) (0.384916ms)
✔ validNoteBody mirrors Go (1..1000, not blank, only \n \r \t controls) (0.247708ms)
✔ tag-create body: closed keys, valid name and one of the eight colors (0.215125ms)
✔ tag-patch body: at least one of name/color, nothing else (0.079458ms)
✔ owner-tags body: tag_ids (<=100 canonical uuids) + 64-hex revision, exact keys (0.128583ms)
✔ note bodies: create {body}; patch {body, version>=1}; deletes and reads carry no body at all (0.409666ms)
✔ parseTagCatalog decodes {items: TagRecord[]} with the store-catalogue bounds (0.788958ms)
✔ parseTagSet / parseDeletedTag / parseDeletedNote decode the frozen write receipts (0.217125ms)
✔ parseNoteRecord / parseNotePage decode notes with the Go note rules (1.189042ms)
✔ customer-tags copy: three locales, identical key sets, the integrator's ruled note-privacy text verbatim (0.280292ms)
✔ components wire the ruled copy and the tag/note controls the specs click (1.404541ms)
✔ tag read names must already be trimmed NFC and Unicode code-point bounded (0.157ms)
✔ session change before network sends nothing (10.224417ms)
✔ session changes after network or during body parse drop the response (20.813ms)
✔ transient session digest failure is settled only before dispatch (1.782084ms)
✔ lost response followed by a changed session is UNKNOWN after dispatch (1.425584ms)
✔ lost response does not auto-retry; explicit replay keeps method/key/payload/scope (3.674334ms)
✔ 5xx or malformed success is uncertain, coded refusal is settled (3.170875ms)
✔ passive tag/detail refresh preserves an unsaved new-note draft (75.717834ms)
✔ passive refresh updates visible notes but preserves edit draft and original CAS version (1.006042ms)
✔ explicit refresh signal clears old edit draft while passive array changes do not (0.74425ms)
✔ bad path/store/method/query/header is refused without authority or backend calls (23.525292ms)
✔ the actual proxy admits a tagged customer list with scoped search/cursor and rejects malformed tag authority (4.506334ms)
✔ signed-out/cross-store/Origin-CSRF denials short circuit before body or forwarding (0.853458ms)
✔ closed bodies and DELETE payloads cannot reach Go (1.833292ms)
✔ all write methods preserve exact key/body/store and private success status (1.714166ms)
✔ note pagination preserved and hostile backend errors/bodies sanitized (4.543625ms)
✔ badges are escaped server tag facts with human-readable names (6.461709ms)
✔ actual customer notes render privacy notice, safe content, author fallback and read-only permissions (13.695084ms)
✔ unknown permissions and erased customer never offer note mutations (3.028542ms)
✔ write-only notes permit add but not unproven old-note edit/delete; privacy permission permits both (4.145959ms)
✔ manager trigger and all three localized buyer-export notices render through actual components (4.142375ms)
✔ UNKNOWN survives settled unauthorized retry until trusted success; fresh run ignored (2.344583ms)
✔ UNKNOWN survives settled forbidden retry until trusted success; fresh run ignored (1.629334ms)
✔ UNKNOWN survives settled version_changed retry until trusted success; fresh run ignored (3.38375ms)
✔ first-attempt preflight refusal is settled and permits a fresh action (1.480583ms)
✔ UNKNOWN and in-flight retries prevent duplicate dispatch; unmount discards stale outcome (0.665792ms)
✔ exactly the eight report GETs are admitted; every other method or path is refused (0.571791ms)
✔ report reads: query required, no body, no key, no transfer-encoding (48.566167ms)
✔ from/to: exactly once each, calendar-valid days, 0..91 apart (0.351875ms)
✔ session_id: only on the funnel (json and csv), a canonical uuid, once (0.250083ms)
✔ parseProductReport: echoed range/zone, <=1000 rows sorted by net desc, net = captured - refunded (2.948625ms)
✔ parseChannelReport: closed vocabulary order, money per environment strictly ascending, I05 inside every bucket (0.413458ms)
✔ parseFunnelReport: nested counts, session echo, ordered_without_link bound (0.238166ms)
✔ parseManualReport: nullable principal/session ids, bucketed money like channels (0.191375ms)
✔ reports copy: three locales, identical key sets, the integrator's ruled money annotation verbatim (0.204375ms)
✔ Reports.tsx: four tabs, CSV per tab, ruled annotation, CSS/SVG charts only (no new dependencies) (1.062708ms)
✔ report CSV closed headers use actual Go slug, echoed dates and private no-store (0.335459ms)
✔ report response projection rejects unknown keys, mismatched range and non-private responses (3.048292ms)
✔ manual buckets follow Go's uncapped row count rather than a made-up 500-row limit (1.785084ms)
✔ display sorts only inside currency/environment groups, never sums money or mutates server rows (59.13325ms)
✔ actual product table renders offline separately, both modes, no UUID copy and sortable headers (19.181875ms)
✔ actual channel chart exposes exact numbers and both money modes using SVG (1.082584ms)
✔ actual funnel has four stages, nested widths and truthful zero-denominator text (2.872625ms)
✔ manual table resolves authorized labels, has honest fallback, and never presents UUIDs (1.659667ms)
✔ all report views render localized empty states (0.515167ms)
✔ actual BFF refuses malformed query, unknown store/session, disabled auth and missing CSV fences before Go (165.0175ms)
✔ actual BFF closed JSON projection and CSV scope/query preserve trusted token; no forwarded client authority (42.230208ms)
✔ actual BFF permission and malformed CSV response fences do not masquerade as a download (22.233584ms)
✔ audited browser GET accepts same-origin Fetch Metadata plus CSRF, never cross-site or forwarded Host (34.514709ms)
✔ actual CSV client preflight sends nothing after session change, and a lost audit response is uncertain with no retry (9.437167ms)
✔ actual CSV client refuses stale-session bytes and downloads only a closed private response (7.332291ms)
✔ report leaf gives the actual trusted fetch 65 seconds, rejects redirects and forwards only server bearer (7.225209ms)
✔ incoming request cancellation aborts the real report fetch once, returns safe unavailable and never retries (6.779167ms)
✔ CSV final synchronous fence conceals bytes when cancellation, hide or cookie rotation happens inside final await (24.327042ms)
✔ CSV end-to-end deadline covers store lookup and report budget; aborted preflight sends no audited request (9.125875ms)
✔ selected tag survives searches and cursor pagination while an empty filter is omitted (85.065583ms)
✔ customer list dispatch preserves legacy requests and sends every tag query to the closed W6 authority (416.488334ms)
✔ reports are a finance subpage and preserve the existing single finance navigation entry (0.1395ms)
✔ an authoritative erased customer immediately unmounts the cached private tags/notes subtree (19.9225ms)
✔ the actual customer row shows manual tags and imported status without changing consent (4.860417ms)
✔ P2 customer bare/encoded tag keys are invalid422 through the actual leaf before any backend (452.82275ms)
✔ P2 report products real session/CSRF response is private and Vary Cookie (1.458667ms)
✔ P2 report products.csv real session/CSRF response is private and Vary Cookie (0.742916ms)
✔ P2 report malformed query and wrong CSRF are rejected by actual helpers before upstream (0.660625ms)
ℹ tests 82
ℹ suites 0
ℹ pass 82
ℹ fail 0
ℹ cancelled 0
ℹ skipped 0
ℹ todo 0
ℹ duration_ms 1065.300833
