✔ /products/{uuid} redirects permanently to the zh-TW product page (22.893791ms)
✔ non-uuid ids are 404, never redirected (0.910458ms)
✔ AT1: the locale redirect preserves the ad-click query without allowing a redirect target (0.131333ms)
✔ AT1 R5: browser identity survives expired touch and rolls for ninety days (25.575625ms)
✔ AT1 R5: missing ad parameters create no cookies; fbclid alone creates no touch (0.235458ms)
✔ AT1 R5: lc_ad alone updates attribution and does not replace fbc (0.219583ms)
✔ AT1: host-only first-party cookies contain no PII and read back exactly (0.505792ms)
✔ AT1: a later valid click replaces the draft but preserves the browser identifier (0.142125ms)
✔ AT1: malformed and ambiguous links do not overwrite a valid prior touch (0.345042ms)
✔ AT1: host and key binding reject copied cookies (0.130708ms)
✔ AT1: duplicates and tampering invalidate the entire envelope (0.120417ms)
✔ AT1: exactly seven days is valid, the next millisecond and future clicks are not (0.14175ms)
✔ transfer view: closed shape and state rules mirror Go validTransferView (1.500541ms)
✔ proof body and result: five digits, positive minor amount, ISO instant (0.216209ms)
✔ minorFromText: major units with at most two decimals, never a float surprise (0.104833ms)
✔ buyer email mirror: one plain address, 254 characters at most (0.106666ms)
✔ countdown: whole hours and minutes, never negative (0.345541ms)
✔ copy: three locales carry every key and every refusal code (0.186666ms)
✔ options: a home row lists modes only with bank_transfer and then needs its window (0.247667ms)
✔ checkoutInput: a home bank_transfer body, the optional trimmed email, and every refusal before any request (0.384208ms)
✔ order: AWAITING_TRANSFER is a valid commercial state without a hold time (0.179125ms)
✔ BFF: exact transfer routes, keyed proof PUT, strict body, validated answers, no generic proxy (28.683125ms)
✔ BFF: transfer refusal codes pass through as definite 422; checkout accepts bank_transfer and a valid email only (2.1695ms)
✔ D06 order heading follows a settled transfer: never 'waiting for transfer' above a confirmed or expired one (0.09875ms)
✔ uncertain prepare blocks all mutations; changed cookie context resolves journal (23.81925ms)
✔ fully parsed local denial clears only its own pending operation (0.662458ms)
✔ malformed journal, unavailable lock and stale context fail before writes (4.34425ms)
✔ BPT05 exact handoff permits absent body/key, one fetch, no form persistence (53.146459ms)
✔ BPT05 wrong handoff form and ordinary writes fail before any fetch (0.545875ms)
✔ BPT05 unresolved cookie journal blocks handoff; lost response is one fetch without persistence (0.149791ms)
✔ SU02 refresh permits absent body/key, one fetch, no persistence (0.173583ms)
✔ SU02 refresh rejects a body, a key or a malformed path before any fetch (0.121292ms)
✔ SU02 cancel permits absent body/key, one fetch, no persistence (0.104667ms)
✔ SU02 cancel rejects a body, a key or a malformed path before any fetch (0.092458ms)
✔ BPT01 exact private path, headers, body and three-locale one-fetch transport (85.256292ms)
✔ BPT02 payment routes reject untrusted path, context, headers, key and body before fetch (14.758625ms)
✔ BPT03 hostile upstream success is sanitized, never returned as payment data (13.630583ms)
✔ BPT04 every handoff failure is nonretryable, including pre-route and transport loss (2.34ms)
✔ SU02 five routes: exact upstream path, method, key, body, one fetch each (0.991084ms)
✔ SU02 refresh and cancel are keyless and pass every CSRF/context denial before fetch (2.114334ms)
✔ SU02 every handoff/refresh/cancel failure is nonretryable and sanitized (11.916916ms)
✔ SU02 hostile Stripe bodies become the sanitized 503; PAYUNi and Stripe bodies stay byte-identical (7.84875ms)
✔ SU02 prepare accepts only the two known method codes (0.490542ms)
✔ disabled and invalid configuration fail closed before private fetch (10.168584ms)
✔ private authority, cookie lifecycle and strict local denial (19.822083ms)
✔ bad host, cookie, query and method never reach private API (1.13725ms)
✔ stalled inbound POST body is canceled at its deadline without a cookie or private call (1.465291ms)
✔ CVS BFF: exact routes, keyed open/store, keyless verify, validated answers, no generic proxy (6.049667ms)
✔ CVS BFF: contract refusal codes pass through; pay_at_pickup_limit is a definite (non-retryable) 429 (6.679875ms)
✔ fragment grammar accepts only one canonical token (0.94225ms)
✔ claim projections are closed (1.99375ms)
✔ claim token rides only its header on B1/B2 and is never echoed (42.473333ms)
✔ CVS01 map form: only the two ECPay e-map actions, exact fields, top-level-safe values (3.929791ms)
✔ CVS02 return path allowlist excludes /claim and anything but the checkout or product page (0.16325ms)
✔ CVS03 selection projection: VERIFIED<=>pickup, REJECTED<=>reject_code, absent keys read as null (0.493083ms)
✔ CVS04 buyer-entered store answer and request body (0.2945ms)
✔ CVS05 store code table (§16.1) keeps leading zeros and per-chain lengths (0.153583ms)
✔ CVS06 recipient mirror: real-name width 4..10 (CJK=2), no digits/symbols/emoji; 09 mobile (0.517083ms)
✔ CVS07 checkout draft: name, phone and mode only; read once; corrupt/foreign shapes are dropped (0.179916ms)
✔ CVS08 return URL: only ?cvs_selection=<uuid> is accepted (0.076792ms)
✔ CVS09 buyer order projection and copy keys: nothing but PICKED_UP says picked up (0.0925ms)
✔ CVS10 error codes: field mapping, definite refusals, official links are https constants (0.182166ms)
✔ CVS11 client transport: verify is the one new keyless POST; the server refusal code rides BuyerClientError.detail (25.846334ms)
✔ every locale x page has a title, an updated line and at least one section (1.097708ms)
✔ locales share the section count and per-section body count of every page (0.23225ms)
✔ final text is only the owner-confirmed company facts (CR 81215167 name + registered address); nothing else is final (0.203416ms)
✔ footer has 7 unique hrefs: 5 policies, anti-fraud guidance and data-deletion, per locale (0.408708ms)
✔ data-deletion path is named in the privacy page of every locale (0.076959ms)
✔ pendingOwnerText lists exactly the rendered markers and is written for the owner (0.665667ms)
✔ a live (claim-origin) price replaces the catalog price and strikes it through (1.2265ms)
✔ without a live price the catalog price and its compare-at are shown unchanged (0.137459ms)
✔ a live price equal to or above the catalog price is shown as set (strike hidden by the UI guard) (0.10425ms)
✔ a live price strikes the catalog price, never the variant sale price (0.102ms)
✔ order ref: 12 hex (dashes or spaces, any case) or a full id (2.149042ms)
✔ contact: one email or a phone of 6..20 digits (1.871541ms)
✔ body is exactly {order_ref, contact}; the answer is exactly {order_id} (0.214916ms)
✔ BFF lookup: no cookie needed, fresh token goes upstream, cookie only on 200 and it carries that same token (20.880583ms)
✔ BFF lookup: strict local denial before any private fetch (0.968375ms)
✔ copy: three locales carry every key (0.175334ms)
✔ MS4 srcset descriptors use actual decoded widths and deduplicate small renditions (0.364125ms)
✔ MS1 product rendition allowlist preserves trusted Host and never forwards buyer cookies (53.754458ms)
✔ MS2 invalid, duplicate, extra, encoded widths and non-product variants fail before fetch (1.949792ms)
✔ MS3 old-image fallback is never promoted to immutable; committed variants are cacheable (1.661ms)
✔ TWD whole amounts show no decimals in every locale and at every magnitude (line, subtotal, total, zero) (38.379791ms)
✔ cents appear only when there are cents, then always as two digits; the minor-unit arithmetic is untouched (0.286666ms)
✔ digits come from the currency: JPY none, USD two when there are cents (0.969958ms)
✔ one formatter: no component, page or lib builds a currency Intl.NumberFormat outside lib/money.ts (25.265292ms)
✔ fragment: exactly #o=<order id>&t=<43-char token>; anything else is null (3.735667ms)
✔ body is exactly {order_id, token, proof}; the answer is exactly the order the link named (1.616958ms)
✔ BFF link: no cookie needed, fresh token upstream, cookie only on a 200 naming the same order, link token never echoed (36.708583ms)
✔ BFF link: strict local denial before any private fetch (2.620875ms)
✔ copy: three locales, one refusal text, a retry and a lookup path (0.092292ms)
✔ BPU01 fresh payment writes exact metadata before prepare, one bodyless Take, no persistent form (27.830417ms)
✔ BPU01 lost prepare response replays original key/body only on explicit next click (4.1595ms)
✔ BPU01 lost handoff is permanently GET-only, even after a second click (0.781833ms)
✔ BPU01 storage, amount, scope and child/screen fences reject before irreversible writes (0.801792ms)
✔ BPU01 document/child loss after prepare but before Take leaves exact replay marker (0.373208ms)
✔ BPU01 malformed server handoff never submits and Take remains nonretryable (0.732584ms)
✔ BPU01 marker replacement before Take and after Take blocks release/form reuse (1.136916ms)
✔ BPU01 context replacement after prepare and after Take closes destination without form (0.740041ms)
✔ BPU01 synchronous destination refuses invalid locale before opening a window (1.469125ms)
✔ SU03 fresh Stripe pay: marker before prepare, one prepare, one handoff, navigate, URL never stored (3.659041ms)
✔ SU03 marker replay: lost prepare response replays key/body, no uncertain on PENDING view with leftover marker (3.652916ms)
✔ SU03 cross-device Continue needs no marker and never prepares (1.088667ms)
✔ SU03 marker/view matrix: PAYUNi marker on Stripe view and Stripe marker on PAYUNi view send nothing (4.667ms)
✔ SU03 any other view renders without a POST (0.814458ms)
✔ SU03 CREATING: waits on the schedule without the lock, then hands off once when READY (14.799333ms)
✔ SU03 CREATING budget: 10 reads over 30 s, then the blank child is closed, no POST, no throw (9.391542ms)
✔ SU03 cancel_requested seen on the re-GET aborts before the handoff POST (0.920209ms)
✔ SU03 handoff outcomes: CREATING closes child, CLOSED/UNAVAILABLE/error/malformed reject; one POST each, never retried (43.979875ms)
✔ SU03 Stripe prepare errors, amount/currency mismatch and popup loss stop before any handoff (49.378917ms)
✔ SU03 two clicks make two handoff POSTs only because there were two clicks; sequential, none from reads (5.592417ms)
✔ SU03 navigate: validates again, needs an owned blank child, sets used before replace, no URL in errors (0.836375ms)
✔ SU03 refresh signal: keyless single POST, validated, throttled 1/10 s and 30 per page life, cancel never throttled (9.989084ms)
✔ SU03 signal failures are single-shot and sanitized: HTTP error, malformed body, wrong order (0.321625ms)
✔ private quote/option authority fields are required; only exact MANUAL home can checkout (1.519417ms)
✔ continue shopping advances only ordered version, clears hint, keeps SQL history authoritative (46.450583ms)
✔ lost next-cart response retries identical key/body and preserves a newer cart (1.007125ms)
✔ continuation never overwrites an already advanced cart (0.423125ms)
✔ unknown checkout blocks continuation without any business request (1.909666ms)
✔ two queued continuation clicks mutate once; stale order ID cannot clear another order (1.900583ms)
✔ CAS conflict resolves only after a newer cart is read (4.005417ms)
✔ locator removal failure retains next-cart journal and recovery survives missing locator (2.333083ms)
✔ order history summary rejects PII/unknown fields and malformed scope IDs (0.475416ms)
✔ native address validation mirrors printable Unicode, limits and phone; journal forbids PII (7.382334ms)
✔ address lost reply replays exact in-memory intent, then confirms current head (0.76025ms)
✔ address reload requires explicit new intent and exact observed CAS; stale head never auto-bumps (0.555083ms)
✔ old address receipt cannot confirm another tab's newer current head (0.153542ms)
✔ a late address CAS winner requires another explicit confirmation, not an automatic version bump (0.858667ms)
✔ checkout lost reply, queued duplicate and current GET reuse one key and one order (0.622666ms)
✔ uncertain checkout retains original journal across later 401/403/404/5xx and malformed success (0.499083ms)
✔ only a fresh definitive denial clears checkout; no order locator is invented (0.132125ms)
✔ locator storage failure after commit retains same key; reload GET failure keeps locator (0.305792ms)
✔ locator persisted but journal removal failed resumes pending receipt, not unrelated pointer (0.305833ms)
✔ unavailable storage, invalid locator and late changed context fail closed (0.17675ms)
✔ order locator readback mismatch and no-op journal removal both retain checkout recovery (0.327667ms)
✔ BPT03 exact valid projection and Go nanosecond UTC timestamps (4.248209ms)
✔ BPT03 view rejects private fields, inconsistent state and malformed names (0.394042ms)
✔ BPT03 prepared receipt enforces exact original credit-card amount (0.142542ms)
✔ BPT03 hosted form and replay are exact, bounded and action-allowlisted (0.992042ms)
✔ SU01 Stripe views: fresh, both methods, attempt states, PAYUNi unchanged (0.31975ms)
✔ SU01 Stripe view negatives (0.261333ms)
✔ SU01 prepared amounts follow the corrected per-currency table (0.228459ms)
✔ SU01 Stripe handoff union and every redirect_url negative (0.501333ms)
✔ SU01 payment signal is exactly {order_id, scheduled:boolean} (0.221792ms)
✔ RUI01 refund summary: refunded states, pending money, absent ≡ null (0.426375ms)
✔ RUI01 refund summary negatives (0.237709ms)
✔ BPU03 neutral GET and POST return ignore every callback field and cookie (11.689834ms)
✔ primary origin: exact path/query, same host, and no URL-controlled destination (9.082916ms)
✔ GET and HEAD use trusted Host, private bounded uncached resolver and exact 301 (18.228ms)
✔ no writes redirected; resolution failures fail closed; unknown hosts keep native 404 (0.653667ms)
✔ policy version is the frozen constant, in the customers-core D4 shape (0.398542ms)
✔ route table: exactly the four buyer privacy routes, methods and body kinds (0.490709ms)
✔ body shapes are closed and mirror the frozen Go inputs (no source, no policy_version) (0.145208ms)
✔ GET privacy validator: closed shape, erased owner holds no consent (0.1525ms)
✔ consent result and erasure summary validators (0.303792ms)
✔ buyer export envelope never carries customer_id (0.075333ms)
✔ failure classification: 410 and erased are the erased state (0.057083ms)
✔ copy: every locale has the same keys, the ads box discloses that sent events cannot be recalled (0.8725ms)
✔ PRO-S1 code mirror: any case and spaces normalise; impossible codes never become a request (0.407959ms)
✔ PRO-S2 promotion object: closed keys, kind/value pairing (0.156458ms)
✔ PRO-S3 quote validator: promotion is optional but never malformed; the discount stays the server's own number (0.247959ms)
✔ PRO-S4 journal grammar: a quote write may carry one canonical promo_code, nothing else (0.325333ms)
✔ PRO-S5 copy: three locales cover every refusal code and the same keys (18.388875ms)
✔ PRO-S6 BFF quote route: promo_code relayed untouched when canonical, refused before the private API otherwise (42.834041ms)
✔ PRO-S7 BFF: every promo_* refusal is a definite, non-retryable 422 with its own code (4.805541ms)
✔ demonstration disclosure is explicit and local-only (0.433542ms)
✔ cart selection preserves unrelated SKUs and the observed CAS version (6.03425ms)
✔ minor amounts are bounded before multiplication, including zero (0.077709ms)
✔ delivery identity includes country for one market and method (0.059958ms)
✔ journal is bound to context and rejects PII/unknown fields (0.20225ms)
✔ lost response replays exact key/body, then clears only after parsed receipt (29.15675ms)
✔ RUI02 buyer order admits MERCHANT_SHIPPED only with a SHIPPED head; absent shipment ≡ null (0.4795ms)
✔ RUI02 shipment shape negatives (incl. unsafe links) (0.243ms)
✔ RUI02 history summary admits MERCHANT_SHIPPED (a shipped order must not break the list) (0.078417ms)
✔ CVSP01 options: CVS rows carry pickup_selection/payment_modes; unavailable rows are a separate shape (0.370875ms)
✔ CVSP02 CVS destination write: TW only, pickup_id required, empty home address; home unchanged (9.235042ms)
✔ CVSP03 checkoutInput: payment_mode only for CVS rows and only a mode the row offers (0.4245ms)
✔ COD confirmation includes expected fee, enforces collect cap and validates immutable order money (0.267416ms)
✔ CVSP04 buyer order: pay_at_pickup <=> collection_state; cvs_shipment only on a matching CVS destination (0.212542ms)
✔ CVSP05 journal accepts a CVS destination marker and a checkout body with payment_mode, nothing else (0.179917ms)
✔ design: garbage and hostile documents collapse to the safe default shape (1.013208ms)
✔ design: links, preview token propagation, nav resolution (0.118417ms)
✔ design: any merchant accent yields readable button text and link colour (WCAG AA) (0.224459ms)
✔ variants: resolution, disabled out-of-stock combinations, initial choice, price bounds (0.149166ms)
✔ catalog-v2 parsers accept the frozen shapes and refuse drift (0.386084ms)
✔ free-delivery progress words the hint only when a threshold exists (0.068625ms)
✔ list query: only whitelisted, canonical values survive (0.222334ms)
✔ seo: JSON-LD cannot break out of its script tag; offers reflect stock and price range (11.923125ms)
✔ seo: sitemap escapes and carries hreflang; robots refuses everything for a closed host (1.434291ms)
✔ money: whole amounts drop cents, minor digits come from the currency, filters round-trip (1.273584ms)
✔ cart line write: replaces one line, keeps the others, 0 removes, CAS version is the one shown (0.809458ms)
✔ cart problems map to buyer-facing classes without leaking transport detail (0.083833ms)
✔ checkout options accept the optional free-shipping threshold only as a positive integer or null (0.172083ms)
✔ no-image placeholder copy: exactly the locale label a photo-less card or gallery renders (0.048208ms)
✔ G3: same-series cards exclude the current product and never invent absent draft/foreign products (0.565ms)
✔ G5: safety guidance exists in three languages without changing the five merchant policy approval boundaries (0.367375ms)
✔ G4: category chips omit empty collections; hidden collections absent from the public API stay absent (0.933542ms)
✔ dictionaries have exact parity and non-empty values (0.809916ms)
✔ locale precedence and language quality mapping (0.611041ms)
✔ localized paths preserve deep links and reject dangerous input (0.333958ms)
✔ path locale only matches a canonical first segment (0.04925ms)
✔ the four constructs render (0.684875ms)
✔ XSS payloads stay inert text (7.396625ms)
✔ fuzz: any string over a hostile alphabet renders only whitelisted tags (15.736416ms)
✔ validator mirrors the Go rules (0.181959ms)
✔ SDN1 allowlist: exactly the contract routes, per method (0.517792ms)
✔ SDN1 allowlist: traversal, case, suffix and prefix tricks never match (0.233042ms)
✔ SDN1 request shape: no query string anywhere, reads carry no body, key, length or transfer-encoding (10.587417ms)
✔ SDN1 cap: 260 KiB = Go's 256 KiB document + 4 KiB envelope, and a body of exactly the cap is still below it (0.053125ms)
✔ SDN2 renderer: every XSS payload comes out as whitelisted tags and escaped text only (0.688375ms)
✔ SDN2 renderer: escape-first means the merchant's text never becomes markup (0.09875ms)
✔ SDN2 renderer: fuzz (seeded) never produces a tag outside the whitelist (22.202666ms)
✔ SDN2 client validator rejects what the server rejects (HTML, non-https links, `<` anywhere) (0.217167ms)
✔ cleanForSave turns cleared fields into null but keeps an empty body (1.352ms)
✔ localIssues names each missing mandatory value by server path (0.598625ms)
✔ moved swaps neighbours and ignores out-of-range moves (0.079583ms)
✔ parsers accept the exact Go shapes and refuse extra or missing keys (0.391917ms)
✔ BFF allowlist covers exactly the design resources (0.214458ms)
✔ validDesignRequest refuses queries and bodies on reads, ignores other paths (11.240708ms)
✔ designDetails forwards only a bounded {path, reason} pair (0.191458ms)
✔ accepts exactly the three locale invite paths with a 20-200 char token (0.817708ms)
✔ rejects anything that is not an exact same-origin relative invite path (0.098125ms)
✔ rejects percent-encoded variants of the exact shape (0.054791ms)
✔ the token is an opaque invite token shape, never a URL (0.048ms)
✔ fragment carrier: round-trips the exact invite path, is never a query string, and rejects hostile fragments (0.189959ms)
✔ dashboard: accepts the frozen shape, rejects drift (5.708625ms)
✔ import result: strict keys, closed error codes, committed never carries errors (0.288458ms)
✔ csv file guard mirrors the Go bounds (0.078458ms)
✔ manual options: a COD home row parses with its offer (D01: the page used to refuse the whole list) (0.710208ms)
✔ manual options: only bank_transfer / pay_at_pickup / cash_on_delivery, key must equal market|country|code (0.126875ms)
✔ manual result: link is https with the order id and a 43-char capability in the fragment only (0.241292ms)
✔ draft: first problem, and the body has no price-like field at all (0.410625ms)
✔ BFF grammar: exactly the seven tools resources (0.079042ms)
✔ regenerate body/result: exactly {order_id, locale} and a fresh https link naming that order (0.130333ms)
✔ copy parity: every locale has every key, import rules and error codes (0.414792ms)
✔ callback redirect target is always a same-origin /<locale>/settings path whatever the cookies, store, code or error say (3.434292ms)
✔ the binding cookie: exactly one canonical store uuid, path-scoped to the callback, HttpOnly, Lax, 10 minutes, Secure (0.344959ms)
✔ callback query: exactly one code and one state within charset/length bounds; Meta's error=… and repeats are not forwarded (1.287667ms)
✔ the dialog URL the BFF hands the browser is https://www.facebook.com only (0.327166ms)
✔ callback error mapping only ever yields fixed codes, never an upstream message (0.3255ms)
✔ selected Page qualifies only a bare Facebook id, never rewrites another Page or external URL (0.5185ms)
✔ status: not connected, connected with and without Instagram, and every deviation throws (1.532917ms)
✔ pick state: closed shape, optional Instagram keys come as a pair, id must match (0.813292ms)
✔ route grammar: only status/states/pick/disconnect; start and callback are dedicated routes; no query; reads carry no body or key (23.881125ms)
✔ connect cookie, body and callback redirect never carry code/state and only fixed codes (0.285292ms)
✔ copy: three locales have the same keys and every Go error code has a message (0.095417ms)
✔ D02 TWD input: whole dollars only, x100 on the wire (23.191875ms)
✔ D02 TWD edit text: whole dollars have no decimals; a legacy amount with cents is never shown as another price (1.128208ms)
✔ D02 display: NT$ without decimals in every language, cents only when there are cents (1.297208ms)
✔ D02 live-price input (Studio claims): TWD whole dollars, other currencies their decimals (0.170417ms)
✔ D02 discount code amounts: TWD whole dollars, a decimal is refused before it is sent (0.256292ms)
✔ D02 no admin copy or component says 'minor units' to the merchant (43.099ms)
✔ M06 time: Asia/Taipei everywhere, labelled, never UTC (7.688292ms)
✔ settings answer: exactly one boolean key (0.727625ms)
✔ PUT body is the frozen single key (0.065208ms)
✔ BFF grammar: GET read, PUT keyed command, nothing else (0.206ms)
✔ copy: three locales, same keys, no empty text (0.116917ms)
✔ PRM01 parse: exact keys, kind/value pairing and ranges; duplicates and unknown keys are refused (1.942291ms)
✔ PRM02 Taipei wall time: +08:00 on the wire, instant shown back in Taipei, impossible dates refused (46.324334ms)
✔ PRM03 create body: normalised code, major units to minor units, optional fields null, whole body validated (2.26675ms)
✔ PRM04 update + toggle: version CAS key, form round trip, pause keeps every other field (0.316041ms)
✔ PRM05 BFF grammar: exactly list, create and update; nothing generic (0.155458ms)
✔ PRM06 copy: three locales carry the same keys and every refusal code the Go routes can answer (0.109708ms)
✔ G-UI3/G-UI5 architecture constraints pass with shrinking legacy exceptions (260.171167ms)
✔ G-UI3/G-UI5 negatives: new formatter, component fetch, >800 lines and wider allowance fail (0.455ms)
✔ G-UI1 Next pages and route registry are bidirectional, unique, typed, documented (2.482792ms)
✔ G-UI1 copy key parity: no missing or extra key in any locale (0.353042ms)
✔ G-UI2 staff without catalog:read cannot see products/inventory or open a product URL (0.547375ms)
✔ G-UI2 every route permission is a permission Go knows, and /orders/new needs inventory:reserve (33.607125ms)
✔ G-UI1 dynamic and public routes match, details never appear as navigation (0.158958ms)
✔ created address is a strict HTTPS origin matching the assigned handle (0.462917ms)
✔ DNS instructions must name the requested origin and a bare hostname target (0.256583ms)
✔ domain kind is authoritative and closed, not inferred from host or token (0.126958ms)
✔ apex DNS retains every concrete IPv4/IPv6 address and rejects malformed values (0.446209ms)
✔ pending domain journal preserves exact action/key/target; legacy or corrupt markers never replay (0.400083ms)
✔ browser-origin gate: every refusal happens before Go is called, for every action (8.175666ms)
✔ only POST exists on the team routes (0.597458ms)
✔ unknown action is a local 404 and never reaches Go (0.23325ms)
✔ strict request grammar: wrong keys, types, ids, roles, locales and token shapes are 422 locally (1.5795ms)
✔ what reaches Go: BFF key, bearer from the cookie, no Cookie/Origin, body unchanged, exactly one call per request (17.300875ms)
✔ Go failures are rebuilt locally from allow-listed codes, never retried, and never echo the token (7.864292ms)
✔ team answer: accepts the frozen shape, null role and OIDC member without email (1.198584ms)
✔ team answer: unknown key, unknown role, bad id, bad mail state are rejected (0.612583ms)
✔ invite and accept answers are strict (0.441208ms)
✔ request grammar: every action has an exact key set and rejects junk values (0.235208ms)
✔ copy: three locales carry the same keys and a label for every role (0.474625ms)
✔ role-aware navigation: hides entries the member's permissions cannot use; unknown shows all; Team is owner-only (0.203333ms)
✔ positive control: a complete, valid configuration raises no META_LOGIN finding (994.732292ms)
✔ feature off (COMMERCE_META_LOGIN_CONFIG_ID empty): no rule applies even with the other keys empty (179.830208ms)
✔ P06: the Page route needs the webhook receiver (161.707666ms)
✔ P06: sessions come from identity (165.148334ms)
✔ P06: without the claims profile nobody sends the private replies (a WARN, not a FAIL) (166.620084ms)
✔ P08: COMMERCE_META_LOGIN_CONFIG_ID must be numeric ("abc") (144.901417ms)
✔ P08: COMMERCE_META_LOGIN_CONFIG_ID must be numeric ("12 34") (152.776208ms)
✔ P08: COMMERCE_META_LOGIN_CONFIG_ID must be numeric ("111111111111") (143.905792ms)
✔ P08: COMMERCE_META_LOGIN_CONFIG_ID must be numeric ("0x10") (150.326042ms)
✔ P08: COMMERCE_META_LOGIN_CONFIG_ID must be numeric ("-1") (149.103417ms)
✔ P08: COMMERCE_META_LOGIN_REDIRECT_URI must be exactly https://<LC_ADMIN_HOST>/api/meta/callback (wrong host) (147.896791ms)
✔ P08: COMMERCE_META_LOGIN_REDIRECT_URI must be exactly https://<LC_ADMIN_HOST>/api/meta/callback (http scheme) (149.286ms)
✔ P08: COMMERCE_META_LOGIN_REDIRECT_URI must be exactly https://<LC_ADMIN_HOST>/api/meta/callback (the ads callback path) (154.968042ms)
✔ P08: COMMERCE_META_LOGIN_REDIRECT_URI must be exactly https://<LC_ADMIN_HOST>/api/meta/callback (trailing slash) (152.776791ms)
✔ P08: COMMERCE_META_LOGIN_REDIRECT_URI must be exactly https://<LC_ADMIN_HOST>/api/meta/callback (query string) (144.987084ms)
✔ P08: COMMERCE_META_LOGIN_REDIRECT_URI must be exactly https://<LC_ADMIN_HOST>/api/meta/callback (empty) (146.029834ms)
✔ P08: COMMERCE_META_LOGIN_GRAPH_VERSION grammar vNN.N ("26.0") (141.724167ms)
✔ P08: COMMERCE_META_LOGIN_GRAPH_VERSION grammar vNN.N ("v26") (143.249708ms)
✔ P08: COMMERCE_META_LOGIN_GRAPH_VERSION grammar vNN.N ("v26.0.1") (146.721458ms)
✔ P08: COMMERCE_META_LOGIN_GRAPH_VERSION grammar vNN.N ("latest") (148.915125ms)
✔ P08: COMMERCE_META_LOGIN_GRAPH_VERSION grammar vNN.N ("") (144.068833ms)
✔ P08: COMMERCE_META_LOGIN_GRAPH_VERSION grammar vNN.N ("v1000.0") (141.097667ms)
✔ P08: COMMERCE_META_LOGIN_GRAPH_VERSION accepts v26.0 (151.995791ms)
✔ P08: COMMERCE_META_LOGIN_GRAPH_VERSION accepts v22.0 (145.335792ms)
✔ P08: COMMERCE_META_LOGIN_GRAPH_VERSION accepts v99.9 (154.045625ms)
✔ destructive / irreversible / sign-out classification (owner list, en + zh) (0.961083ms)
✔ alike controls (rows with ids / numbers) share one class key (0.870458ms)
✔ known defects classify, never silence: stale entries are reported (0.846041ms)
✔ the markdown ledger has one row per interaction and names the verdict (0.215834ms)
✔ protocolHrefOK accepts well-formed tel:/mailto: and rejects malformed ones (0.171583ms)
ℹ tests 318
ℹ suites 0
ℹ pass 318
ℹ fail 0
ℹ cancelled 0
ℹ skipped 0
ℹ todo 0
ℹ duration_ms 5355.503708
✔ legacy display sentinels preserve a list row without admitting arbitrary or private data (1.964833ms)
✔ orders-v2 accepts bounded filters and Taipei inclusive dates; rejects ambiguity (0.43975ms)
✔ orders-v2 rejects client count approximations, unbounded or extra response data (0.14475ms)
✔ all three locales label every task queue, payment and delivery mode (0.302583ms)
ℹ tests 4
ℹ suites 0
ℹ pass 4
ℹ fail 0
ℹ cancelled 0
ℹ skipped 0
ℹ todo 0
ℹ duration_ms 71.410083
✔ numeric store IDs have no suggestion BFF or browser client (0.512084ms)
ℹ tests 1
ℹ suites 0
ℹ pass 1
ℹ fail 0
ℹ cancelled 0
ℹ skipped 0
ℹ todo 0
ℹ duration_ms 61.810958
✔ PS review: actual Host matching normalizes case, port and a terminal DNS dot, never forwarded authority (0.482875ms)
✔ PS review: all privacy/terms disclose actual Messenger and Instagram processing; deletion uses exact UI labels (0.095666ms)
✔ PS1 legal identity is one untranslated source (0.041208ms)
✔ PS1 contact and hosts come only from configuration; production fails closed (0.313375ms)
✔ PS2 public routes default to zh-TW, restrict page/locale, and never include admin (0.370375ms)
✔ PS4 optional Meta verification value never has a fake default (0.051542ms)
✔ PS1 every locale uses the same product name in auth page titles (0.053917ms)
✔ PS1 public page copy has three complete locales, no invented operator identity or contact (0.171ms)
✔ PS1 production build validates config; public data is not bundled through NEXT_PUBLIC (0.217375ms)
✔ PS review: admin image installs the manifests for its workspace dependencies before building (0.497542ms)
ℹ tests 10
ℹ suites 0
ℹ pass 10
ℹ fail 0
ℹ cancelled 0
ℹ skipped 0
ℹ todo 0
ℹ duration_ms 69.919583
✔ READY is the only acknowledgement; missing/forged operation/state remains unknown (0.712209ms)
✔ unknown journal retains exact key/boundary and is scoped to store+session; malformed state fails closed (0.204416ms)
✔ actual POST transport uses CSRF and session fence; 403 independent of response text (12.04425ms)
✔ D1, D6, R7: exact amounts and sources remain independent, account days stay labelled (1.725583ms)
✔ R8: null stays unknown and unauthorised / insufficient remain different states (0.189042ms)
✔ I12 forged / missing frozen fields never silently become zeros (0.604459ms)
✔ only whitelisted aggregates survive: extra identifiers and HTML are never interpreted (0.081291ms)
✔ attribution is a read-only BFF resource with exact bounded query grammar (0.309541ms)
✔ audience-read is exactly the new local intention POST and never a data GET or queried write (0.240334ms)
✔ route fails closed without ads:read and is not a duplicate navigation entry; locale keys match (0.1245ms)
ℹ tests 10
ℹ suites 0
ℹ pass 10
ℹ fail 0
ℹ cancelled 0
ℹ skipped 0
ℹ todo 0
ℹ duration_ms 79.437375
✔ PE13 Cartesian matrix is local, preserves edits and deduplicates values (0.560833ms)
✔ PE13 bulk quantity skips negative rows without modifying them (0.14825ms)
✔ PE12 untracked document uses whole currency and per-order cap, never quantity (8.114083ms)
✔ PE14 missing readback is not guessed or silently cleared by full replacement (0.05675ms)
✔ bulk status accepts explicit per-item results, never empty or duplicated confirmations (0.179ms)
✔ matrix refuses over 100 SKUs before expansion (0.077584ms)
✔ PE14 new edit SKU carries its own shipping and clears no existing fields (9.847834ms)
✔ PE14 patch changes only price and preserves unmentioned fields (0.149625ms)
✔ PE14 on_hand is not available, zero target is transmitted, ambiguous warehouse refuses (0.267792ms)
✔ PE14 explicit clears and shipping remain per SKU on an active row (0.116583ms)
✔ PE14 archive supersedes every other edit on that SKU (b77eeb11) (0.124792ms)
✔ PE14 no-op has no command fields and changed axes explicitly archive omitted variants (0.095708ms)
ℹ tests 12
ℹ suites 0
ℹ pass 12
ℹ fail 0
ℹ cancelled 0
ℹ skipped 0
ℹ todo 0
ℹ duration_ms 84.874208
(node:87508) ExperimentalWarning: Transform Types is an experimental feature and might change at any time
(Use `node --trace-warnings ...` to show where the warning was created)
✔ UNKNOWN retry client authorization loss requires reconciliation, not a fresh command (2.945667ms)
✔ UNKNOWN retry 401 authorization loss requires reconciliation, not a fresh command (8.653583ms)
✔ UNKNOWN retry 403 authorization loss requires reconciliation, not a fresh command (0.5615ms)
✔ a conclusive command rejection stays distinct from authorization loss (0.705708ms)
ℹ tests 4
ℹ suites 0
ℹ pass 4
ℹ fail 0
ℹ cancelled 0
ℹ skipped 0
ℹ todo 0
ℹ duration_ms 111.173041
NOT_RUN: tests/media/r04-input-runner.test.mjs (COMMERCE_R04_LIVEKIT_BINARY unset)
