
Running 2 tests using 1 worker

(node:66004) Warning: The 'NO_COLOR' env is ignored due to the 'FORCE_COLOR' env being set.
(Use `node --trace-warnings ...` to show where the warning was created)
  ✘  1 tests/admin/catalog-core.spec.ts:105:5 › CC12 desktop en › catalog v2: draft product, 2x3 matrix, prices, compare-at, stock, photo, collection, activate, shopper view, archive a variant, deactivate (desktop, en) (7.8s)
  -  2 tests/admin/catalog-core.spec.ts:105:5 › CC12 mobile zh-TW › catalog v2: draft product, 2x3 matrix, prices, compare-at, stock, photo, collection, activate, shopper view, archive a variant, deactivate (mobile, zh-TW)


  1) tests/admin/catalog-core.spec.ts:105:5 › CC12 desktop en › catalog v2: draft product, 2x3 matrix, prices, compare-at, stock, photo, collection, activate, shopper view, archive a variant, deactivate (desktop, en) 

    Error: cover thumbnail is served through the BFF

    expect(received).toEqual(expected) // deep equality

    - Expected  - 2
    + Received  + 2

      Object {
    -   "status": 200,
    -   "type": "image/png",
    +   "status": 0,
    +   "type": "",
      }

      240 |         return { status: r.status, type: r.headers.get("content-type") ?? "" };
      241 |       });
    > 242 |       expect(coverFetch, "cover thumbnail is served through the BFF").toEqual({ status: 200, type: "image/png" });
          |                                                                       ^
      243 |       await page.getByTestId("products-tab-draft").click();
      244 |       await expect(page.getByTestId(`product-row-${productId}`)).toHaveCount(0);
      245 |       await page.getByTestId("products-tab-active").click();
        at /Volumes/data/live_commerce_architecture_v1/.worktrees/product-editor-visual/tests/admin/catalog-core.spec.ts:242:71

    attachment #1: screenshot (image/png) ──────────────────────────────────────────────────────────
    output/playwright/catalog-core/20261005T044610.255209000/results/catalog-core-CC12-desktop--d7c24-iant-deactivate-desktop-en-/test-failed-1.png
    ────────────────────────────────────────────────────────────────────────────────────────────────

    Error Context: output/playwright/catalog-core/20261005T044610.255209000/results/catalog-core-CC12-desktop--d7c24-iant-deactivate-desktop-en-/error-context.md

    attachment #3: trace (application/zip) ─────────────────────────────────────────────────────────
    output/playwright/catalog-core/20261005T044610.255209000/results/catalog-core-CC12-desktop--d7c24-iant-deactivate-desktop-en-/trace.zip
    Usage:

        pnpm exec playwright show-trace output/playwright/catalog-core/20261005T044610.255209000/results/catalog-core-CC12-desktop--d7c24-iant-deactivate-desktop-en-/trace.zip

    ────────────────────────────────────────────────────────────────────────────────────────────────

  1 failed
    tests/admin/catalog-core.spec.ts:105:5 › CC12 desktop en › catalog v2: draft product, 2x3 matrix, prices, compare-at, stock, photo, collection, activate, shopper view, archive a variant, deactivate (desktop, en) 
  1 did not run
