=== RUN   TestCheckoutReminderCR01WindowTakeoverAndOnce
--- PASS: TestCheckoutReminderCR01WindowTakeoverAndOnce (11.09s)
=== RUN   TestCheckoutReminderCR02ConcurrentTriggers
--- PASS: TestCheckoutReminderCR02ConcurrentTriggers (0.93s)
=== RUN   TestCheckoutReminderCR03WindowClosesBeforeCheck
--- PASS: TestCheckoutReminderCR03WindowClosesBeforeCheck (2.67s)
=== RUN   TestCheckoutReminderCR04GraphFailureIsUnknown
--- PASS: TestCheckoutReminderCR04GraphFailureIsUnknown (2.92s)
=== RUN   TestCheckoutReminderCR05CandidateSet
--- PASS: TestCheckoutReminderCR05CandidateSet (11.10s)
=== RUN   TestCheckoutReminderCR06PermissionAndScope
--- PASS: TestCheckoutReminderCR06PermissionAndScope (0.95s)
=== RUN   TestCheckoutReminderSettingsCAS
--- PASS: TestCheckoutReminderSettingsCAS (0.34s)
=== RUN   TestCheckoutReminderNoStorefront
--- PASS: TestCheckoutReminderNoStorefront (0.86s)
=== RUN   TestCheckoutReminderCR08NoSecretsPersisted
--- PASS: TestCheckoutReminderCR08NoSecretsPersisted (0.86s)
=== RUN   TestCheckoutReminderMigration0131ExactACL
--- PASS: TestCheckoutReminderMigration0131ExactACL (0.01s)
=== RUN   TestCheckoutReminderSingleBuyer
--- PASS: TestCheckoutReminderSingleBuyer (1.87s)
=== RUN   TestT06DispatcherR7aFinishCommitsWithCompletionAndSeesMode
--- PASS: TestT06DispatcherR7aFinishCommitsWithCompletionAndSeesMode (0.14s)
=== RUN   TestT06DispatcherR7aFinishErrorRollsBackAndReconciles
--- PASS: TestT06DispatcherR7aFinishErrorRollsBackAndReconciles (5.39s)
=== RUN   TestT06DispatcherR7aFinishRunsOnPolicyBlock
--- PASS: TestT06DispatcherR7aFinishRunsOnPolicyBlock (0.14s)
=== RUN   TestT06DispatcherCommittedFrozenIntentAndTerminalReplay
--- PASS: TestT06DispatcherCommittedFrozenIntentAndTerminalReplay (1.13s)
=== RUN   TestT06DispatcherPolicyAndBindingChangesBlockFirstEffect
=== RUN   TestT06DispatcherPolicyAndBindingChangesBlockFirstEffect/denied
=== RUN   TestT06DispatcherPolicyAndBindingChangesBlockFirstEffect/binding_changed
--- PASS: TestT06DispatcherPolicyAndBindingChangesBlockFirstEffect (0.24s)
    --- PASS: TestT06DispatcherPolicyAndBindingChangesBlockFirstEffect/denied (0.12s)
    --- PASS: TestT06DispatcherPolicyAndBindingChangesBlockFirstEffect/binding_changed (0.12s)
=== RUN   TestT06DispatcherBusyDuplicateSnoozesWithoutEffect
--- PASS: TestT06DispatcherBusyDuplicateSnoozesWithoutEffect (1.12s)
=== RUN   TestT06DispatcherAmbiguityReconcilesWithoutRepeating
=== RUN   TestT06DispatcherAmbiguityReconcilesWithoutRepeating/error
=== RUN   TestT06DispatcherAmbiguityReconcilesWithoutRepeating/panic
=== RUN   TestT06DispatcherAmbiguityReconcilesWithoutRepeating/malformed
=== RUN   TestT06DispatcherAmbiguityReconcilesWithoutRepeating/ack
--- PASS: TestT06DispatcherAmbiguityReconcilesWithoutRepeating (5.55s)
    --- PASS: TestT06DispatcherAmbiguityReconcilesWithoutRepeating/error (1.38s)
    --- PASS: TestT06DispatcherAmbiguityReconcilesWithoutRepeating/panic (1.39s)
    --- PASS: TestT06DispatcherAmbiguityReconcilesWithoutRepeating/malformed (1.40s)
    --- PASS: TestT06DispatcherAmbiguityReconcilesWithoutRepeating/ack (1.38s)
=== RUN   TestT06DispatcherOneDeadlineAndFreshCompletion
--- PASS: TestT06DispatcherOneDeadlineAndFreshCompletion (1.14s)
=== RUN   TestT06DispatcherUnknownRouteFailsClosedWithoutClaim
--- PASS: TestT06DispatcherUnknownRouteFailsClosedWithoutClaim (0.13s)
=== RUN   TestT06DispatcherPolicyDeniedAfterPossibleEffectStaysUnknown
--- PASS: TestT06DispatcherPolicyDeniedAfterPossibleEffectStaysUnknown (2.39s)
=== RUN   TestT06DispatcherBudgetPersistsManualRequirement
--- PASS: TestT06DispatcherBudgetPersistsManualRequirement (1.39s)
=== RUN   TestT06DispatcherFailedExhaustionCommitDoesNotCancelJob
--- PASS: TestT06DispatcherFailedExhaustionCommitDoesNotCancelJob (2.41s)
=== RUN   TestT06DispatcherForcedStopPreservesClaimForReconcile
--- PASS: TestT06DispatcherForcedStopPreservesClaimForReconcile (1.17s)
=== RUN   TestT06DispatcherCrashChild
--- PASS: TestT06DispatcherCrashChild (0.00s)
=== RUN   TestT06DispatcherRealProcessCrashRescue
=== RUN   TestT06DispatcherRealProcessCrashRescue/before
=== RUN   TestT06DispatcherRealProcessCrashRescue/after
--- PASS: TestT06DispatcherRealProcessCrashRescue (40.33s)
    --- PASS: TestT06DispatcherRealProcessCrashRescue/before (18.52s)
    --- PASS: TestT06DispatcherRealProcessCrashRescue/after (21.81s)
=== RUN   TestT06WorkerAuthorityAndFunctionACL
--- PASS: TestT06WorkerAuthorityAndFunctionACL (0.61s)
=== RUN   TestT06PolicyOutcomeCannotErasePossibleRemoteEffect
--- PASS: TestT06PolicyOutcomeCannotErasePossibleRemoteEffect (0.03s)
=== RUN   TestT06SQLLeaseOwnershipExpiryAndNoRedispatch
--- PASS: TestT06SQLLeaseOwnershipExpiryAndNoRedispatch (0.03s)
=== RUN   TestT06SQLConcurrentClaimAndBindingOutcomeFacts
--- PASS: TestT06SQLConcurrentClaimAndBindingOutcomeFacts (0.03s)
=== RUN   TestT06SQLEventFailureRollsBackClaimAndCompletion
--- PASS: TestT06SQLEventFailureRollsBackClaimAndCompletion (0.02s)
=== RUN   TestT06OrdinaryWorkerStartsProcessesAndStops
--- PASS: TestT06OrdinaryWorkerStartsProcessesAndStops (0.08s)
=== RUN   TestT06GoBindingPermissionsScopeAndCAS
--- PASS: TestT06GoBindingPermissionsScopeAndCAS (0.07s)
=== RUN   TestT06GoPlanAtomicReplayCanonicalAndReadback
--- PASS: TestT06GoPlanAtomicReplayCanonicalAndReadback (0.10s)
=== RUN   TestT06GoConcurrentReplayForeignBindingAndValidation
=== RUN   TestT06GoConcurrentReplayForeignBindingAndValidation/array
=== RUN   TestT06GoConcurrentReplayForeignBindingAndValidation/trailing
=== RUN   TestT06GoConcurrentReplayForeignBindingAndValidation/oversize
--- PASS: TestT06GoConcurrentReplayForeignBindingAndValidation (0.09s)
    --- PASS: TestT06GoConcurrentReplayForeignBindingAndValidation/array (0.00s)
    --- PASS: TestT06GoConcurrentReplayForeignBindingAndValidation/trailing (0.00s)
    --- PASS: TestT06GoConcurrentReplayForeignBindingAndValidation/oversize (0.00s)
=== RUN   TestT06GoAtomicFailuresAndWorkerTokenFence
=== RUN   TestT06GoAtomicFailuresAndWorkerTokenFence/job
=== RUN   TestT06GoAtomicFailuresAndWorkerTokenFence/event
=== RUN   TestT06GoAtomicFailuresAndWorkerTokenFence/audit
--- PASS: TestT06GoAtomicFailuresAndWorkerTokenFence (0.08s)
    --- PASS: TestT06GoAtomicFailuresAndWorkerTokenFence/job (0.01s)
    --- PASS: TestT06GoAtomicFailuresAndWorkerTokenFence/event (0.01s)
    --- PASS: TestT06GoAtomicFailuresAndWorkerTokenFence/audit (0.01s)
=== RUN   TestK3LCB4IdempotencyReplayAndConflict
--- PASS: TestK3LCB4IdempotencyReplayAndConflict (9.08s)
=== RUN   TestK3LCB4ConcurrentDuplicateRecent
--- PASS: TestK3LCB4ConcurrentDuplicateRecent (0.84s)
=== RUN   TestK3LCB4ConfirmPreemptAutoGate
--- PASS: TestK3LCB4ConfirmPreemptAutoGate (0.77s)
=== RUN   TestK3LCB4TakeoverExpiryAutoReplyCheck
--- PASS: TestK3LCB4TakeoverExpiryAutoReplyCheck (2.64s)
=== RUN   TestK3LCB4TakeoverConcurrentTwoStaff
--- PASS: TestK3LCB4TakeoverConcurrentTwoStaff (0.63s)
=== RUN   TestK3LCB4CrossTenantStoreIsolation
--- PASS: TestK3LCB4CrossTenantStoreIsolation (0.64s)
=== RUN   TestK3LCB4PermissionSplit
--- PASS: TestK3LCB4PermissionSplit (0.72s)
=== RUN   TestK3LCB4CapabilityDenyPlanAndCheck
--- PASS: TestK3LCB4CapabilityDenyPlanAndCheck (8.80s)
=== RUN   TestK3LCB4PrincipalRevokedAtCheck
--- PASS: TestK3LCB4PrincipalRevokedAtCheck (1.70s)
=== RUN   TestK3LCB4RedactedUnknownReconcileZeroHTTP
--- PASS: TestK3LCB4RedactedUnknownReconcileZeroHTTP (1.83s)
=== RUN   TestK3LCB4SecretWipeCancelledAndLeaseFence
--- PASS: TestK3LCB4SecretWipeCancelledAndLeaseFence (0.74s)
=== RUN   TestK3LCB4ManualReplyLinkedPeerTakeover
--- PASS: TestK3LCB4ManualReplyLinkedPeerTakeover (2.69s)
=== RUN   TestK3LCB4ManualReplyPlatformWindows
--- PASS: TestK3LCB4ManualReplyPlatformWindows (7.64s)
=== RUN   TestK3LCB4TextValidationBoundaries
--- PASS: TestK3LCB4TextValidationBoundaries (1.76s)
=== RUN   TestK3LCB4ReplyUsedBlockedManualRecovery
--- PASS: TestK3LCB4ReplyUsedBlockedManualRecovery (1.63s)
=== RUN   TestLiveClaimsKC06Ingest
--- PASS: TestLiveClaimsKC06Ingest (0.85s)
=== RUN   TestLiveClaimsKC07Concurrency
=== RUN   TestLiveClaimsKC07Concurrency/duplicate-delivery-x20
=== RUN   TestLiveClaimsKC07Concurrency/same-actor-rapid-set-quantity
=== RUN   TestLiveClaimsKC07Concurrency/close-s1-open-s2-interleave
=== RUN   TestLiveClaimsKC07Concurrency/deactivate-vs-ingest
=== RUN   TestLiveClaimsKC07Concurrency/owners-racing-to-redeem
=== RUN   TestLiveClaimsKC07Concurrency/release-vs-redeem
=== RUN   TestLiveClaimsKC07Concurrency/cart-lock-ordering
=== RUN   TestLiveClaimsKC07Concurrency/mixed-workload-zero-deadlocks
--- PASS: TestLiveClaimsKC07Concurrency (1.47s)
    --- PASS: TestLiveClaimsKC07Concurrency/duplicate-delivery-x20 (0.05s)
    --- PASS: TestLiveClaimsKC07Concurrency/same-actor-rapid-set-quantity (0.09s)
    --- PASS: TestLiveClaimsKC07Concurrency/close-s1-open-s2-interleave (0.06s)
    --- PASS: TestLiveClaimsKC07Concurrency/deactivate-vs-ingest (0.08s)
    --- PASS: TestLiveClaimsKC07Concurrency/owners-racing-to-redeem (0.10s)
    --- PASS: TestLiveClaimsKC07Concurrency/release-vs-redeem (0.09s)
    --- PASS: TestLiveClaimsKC07Concurrency/cart-lock-ordering (0.43s)
    --- PASS: TestLiveClaimsKC07Concurrency/mixed-workload-zero-deadlocks (0.41s)
=== RUN   TestLiveClaimsKC08ManualPrivacy
--- PASS: TestLiveClaimsKC08ManualPrivacy (1.65s)
=== RUN   TestLiveClaimsP2bLabelPrivacy
--- PASS: TestLiveClaimsP2bLabelPrivacy (0.24s)
=== RUN   TestLiveClaimsP2cDuplicateReconstructible
--- PASS: TestLiveClaimsP2cDuplicateReconstructible (0.25s)
=== RUN   TestLiveClaimsP2dLabelNormalization
--- PASS: TestLiveClaimsP2dLabelNormalization (0.16s)
=== RUN   TestLiveClaimsP2eModeTransitions
--- PASS: TestLiveClaimsP2eModeTransitions (0.20s)
=== RUN   TestLiveClaimsKC03Schema
=== RUN   TestLiveClaimsKC03Schema/fresh-migrated-twice
=== RUN   TestLiveClaimsKC03Schema/privilege-matrix
    live_claims_schema_test.go:325: §3.2 column privilege matrix mismatch
        missing: []
        extra:   [commerce_integration_writer claims.bundles.label SELECT commerce_integration_writer claims.bundles.line_count SELECT commerce_integration_writer claims.bundles.owner_id SELECT commerce_integration_writer claims.bundles.purged_at SELECT]
=== RUN   TestLiveClaimsKC03Schema/definers
=== RUN   TestLiveClaimsKC03Schema/checks-and-keys
=== RUN   TestLiveClaimsKC03Schema/foreign-roles-denied
=== RUN   TestLiveClaimsKC03Schema/release-only-with-rotation
    live_claims_schema_test.go:845: functions reaching claims bindings/links mismatch
        missing: []
        extra:   [inbox.checkout_reminder_candidates(uuid,text,integer,uuid) inbox.plan_checkout_reminder(uuid,uuid,text,bigint,uuid,bigint,uuid,bytea,text,bytea,bytea,bytea,bytea,text,bigint) inbox.reminder_report(uuid)]
=== RUN   TestLiveClaimsKC03Schema/pool-validator
=== RUN   TestLiveClaimsKC03Schema/populated-pre-0060-upgrade
--- FAIL: TestLiveClaimsKC03Schema (3.80s)
    --- PASS: TestLiveClaimsKC03Schema/fresh-migrated-twice (0.08s)
    --- FAIL: TestLiveClaimsKC03Schema/privilege-matrix (0.06s)
    --- PASS: TestLiveClaimsKC03Schema/definers (0.00s)
    --- PASS: TestLiveClaimsKC03Schema/checks-and-keys (0.17s)
    --- PASS: TestLiveClaimsKC03Schema/foreign-roles-denied (0.55s)
    --- FAIL: TestLiveClaimsKC03Schema/release-only-with-rotation (0.01s)
    --- PASS: TestLiveClaimsKC03Schema/pool-validator (0.11s)
    --- PASS: TestLiveClaimsKC03Schema/populated-pre-0060-upgrade (2.67s)
=== RUN   TestLiveClaimsKC12Isolation
--- PASS: TestLiveClaimsKC12Isolation (1.10s)
=== RUN   TestLiveClaimsP2aPolicyContexts
--- PASS: TestLiveClaimsP2aPolicyContexts (0.17s)
=== RUN   TestLiveClaimsP2gLinkTTLInDatabase
--- PASS: TestLiveClaimsP2gLinkTTLInDatabase (1.72s)
=== RUN   TestLiveClaimsCoreSmoke
--- PASS: TestLiveClaimsCoreSmoke (0.24s)
=== RUN   TestLiveClaimsKC02Units
--- PASS: TestLiveClaimsKC02Units (0.00s)
=== RUN   TestLiveClaimsKC04Offers
--- PASS: TestLiveClaimsKC04Offers (0.51s)
=== RUN   TestLiveClaimsKC05Window
--- PASS: TestLiveClaimsKC05Window (0.51s)
=== RUN   TestLiveConsoleLCN02IGFactsBridgeGraphBranch
--- PASS: TestLiveConsoleLCN02IGFactsBridgeGraphBranch (0.35s)
=== RUN   TestLiveConsoleLCN02IGFactsFallbackAndUnavailable
--- PASS: TestLiveConsoleLCN02IGFactsFallbackAndUnavailable (0.70s)
=== RUN   TestLiveConsoleLCN01LeaseAndTokenFence
--- PASS: TestLiveConsoleLCN01LeaseAndTokenFence (0.21s)
=== RUN   TestLiveConsoleLCN01CapsAndNoPoll
--- PASS: TestLiveConsoleLCN01CapsAndNoPoll (0.26s)
=== RUN   TestLiveConsoleLCN01BufferCapAgeAndCursor
=== RUN   TestLiveConsoleLCN01BufferCapAgeAndCursor/ring-cap
=== RUN   TestLiveConsoleLCN01BufferCapAgeAndCursor/age-out
=== RUN   TestLiveConsoleLCN01BufferCapAgeAndCursor/idle-drop-reset
=== RUN   TestLiveConsoleLCN01BufferCapAgeAndCursor/cursor-tamper-and-paging-next
--- PASS: TestLiveConsoleLCN01BufferCapAgeAndCursor (4.18s)
    --- PASS: TestLiveConsoleLCN01BufferCapAgeAndCursor/ring-cap (0.17s)
    --- PASS: TestLiveConsoleLCN01BufferCapAgeAndCursor/age-out (0.17s)
    --- PASS: TestLiveConsoleLCN01BufferCapAgeAndCursor/idle-drop-reset (3.68s)
    --- PASS: TestLiveConsoleLCN01BufferCapAgeAndCursor/cursor-tamper-and-paging-next (0.16s)
=== RUN   TestLiveConsoleLCN02BridgeStatusesAndFacts
--- PASS: TestLiveConsoleLCN02BridgeStatusesAndFacts (0.16s)
=== RUN   TestLiveConsoleLCN04NoCommentTextPersisted
--- PASS: TestLiveConsoleLCN04NoCommentTextPersisted (0.52s)
=== RUN   TestLiveConsoleLCN05PrintAndMarks
--- PASS: TestLiveConsoleLCN05PrintAndMarks (0.18s)
=== RUN   TestLiveConsoleInboxMigration0122ExactACL
=== RUN   TestLiveConsoleInboxMigration0122ExactACL/inbox.principal_holds(text[])
=== RUN   TestLiveConsoleInboxMigration0122ExactACL/inbox.advance_conversation_state()
=== RUN   TestLiveConsoleInboxMigration0122ExactACL/inbox.dm_window(uuid,uuid,uuid)
=== RUN   TestLiveConsoleInboxMigration0122ExactACL/social.read_thread(uuid,bigint,int)
=== RUN   TestLiveConsoleInboxMigration0122ExactACL/social.list_conversations(text,timestamptz,uuid,int)
=== RUN   TestLiveConsoleInboxMigration0122ExactACL/social.conversation_meta(uuid)
=== RUN   TestLiveConsoleInboxMigration0122ExactACL/social.unread_conversation_count()
=== RUN   TestLiveConsoleInboxMigration0122ExactACL/inbox.mark_read(uuid,bigint)
=== RUN   TestLiveConsoleInboxMigration0122ExactACL/inbox.takeover(uuid,bigint)
=== RUN   TestLiveConsoleInboxMigration0122ExactACL/inbox.release(uuid,bigint)
=== RUN   TestLiveConsoleInboxMigration0122ExactACL/inbox.customer_link(uuid,uuid,bigint)
=== RUN   TestLiveConsoleInboxMigration0122ExactACL/inbox.thread_opened(uuid)
=== RUN   TestLiveConsoleInboxMigration0122ExactACL/integration.finish_meta_resubscribe(uuid,text,text)
=== RUN   TestLiveConsoleInboxMigration0122ExactACL/integration.claim_meta_resubscribe()
--- PASS: TestLiveConsoleInboxMigration0122ExactACL (0.01s)
    --- PASS: TestLiveConsoleInboxMigration0122ExactACL/inbox.principal_holds(text[]) (0.00s)
    --- PASS: TestLiveConsoleInboxMigration0122ExactACL/inbox.advance_conversation_state() (0.00s)
    --- PASS: TestLiveConsoleInboxMigration0122ExactACL/inbox.dm_window(uuid,uuid,uuid) (0.00s)
    --- PASS: TestLiveConsoleInboxMigration0122ExactACL/social.read_thread(uuid,bigint,int) (0.00s)
    --- PASS: TestLiveConsoleInboxMigration0122ExactACL/social.list_conversations(text,timestamptz,uuid,int) (0.00s)
    --- PASS: TestLiveConsoleInboxMigration0122ExactACL/social.conversation_meta(uuid) (0.00s)
    --- PASS: TestLiveConsoleInboxMigration0122ExactACL/social.unread_conversation_count() (0.00s)
    --- PASS: TestLiveConsoleInboxMigration0122ExactACL/inbox.mark_read(uuid,bigint) (0.00s)
    --- PASS: TestLiveConsoleInboxMigration0122ExactACL/inbox.takeover(uuid,bigint) (0.00s)
    --- PASS: TestLiveConsoleInboxMigration0122ExactACL/inbox.release(uuid,bigint) (0.00s)
    --- PASS: TestLiveConsoleInboxMigration0122ExactACL/inbox.customer_link(uuid,uuid,bigint) (0.00s)
    --- PASS: TestLiveConsoleInboxMigration0122ExactACL/inbox.thread_opened(uuid) (0.00s)
    --- PASS: TestLiveConsoleInboxMigration0122ExactACL/integration.finish_meta_resubscribe(uuid,text,text) (0.00s)
    --- PASS: TestLiveConsoleInboxMigration0122ExactACL/integration.claim_meta_resubscribe() (0.00s)
=== RUN   TestLiveConsoleInboxLCN03PermissionSplit
=== RUN   TestLiveConsoleInboxLCN03PermissionSplit/viewer_cannot_open_inbox:read_scope
=== RUN   TestLiveConsoleInboxLCN03PermissionSplit/viewer_definer_gate_denies_read_and_mark_read
=== RUN   TestLiveConsoleInboxLCN03PermissionSplit/reader_sees_the_conversation_and_mark_read_stays_put_without_inbox:reply
=== RUN   TestLiveConsoleInboxLCN03PermissionSplit/replier_mark_read_advances_to_7
=== RUN   TestLiveConsoleInboxLCN03PermissionSplit/A9_thread_opened_requires_inbox:read_and_coalesces_its_audit
--- PASS: TestLiveConsoleInboxLCN03PermissionSplit (0.02s)
    --- PASS: TestLiveConsoleInboxLCN03PermissionSplit/viewer_cannot_open_inbox:read_scope (0.00s)
    --- PASS: TestLiveConsoleInboxLCN03PermissionSplit/viewer_definer_gate_denies_read_and_mark_read (0.00s)
    --- PASS: TestLiveConsoleInboxLCN03PermissionSplit/reader_sees_the_conversation_and_mark_read_stays_put_without_inbox:reply (0.00s)
    --- PASS: TestLiveConsoleInboxLCN03PermissionSplit/replier_mark_read_advances_to_7 (0.00s)
    --- PASS: TestLiveConsoleInboxLCN03PermissionSplit/A9_thread_opened_requires_inbox:read_and_coalesces_its_audit (0.01s)
=== RUN   TestLiveConsoleInboxLCN10TakeoverExpiryCustomerLink
=== RUN   TestLiveConsoleInboxLCN10TakeoverExpiryCustomerLink/A11_takeover/release_CAS_and_audit
=== RUN   TestLiveConsoleInboxLCN10TakeoverExpiryCustomerLink/lazy_expiry_reads_auto_+_generation+1_with_cleared_assignee
=== RUN   TestLiveConsoleInboxLCN10TakeoverExpiryCustomerLink/A14_customer_link_CAS,_audit_and_foreign_404
--- PASS: TestLiveConsoleInboxLCN10TakeoverExpiryCustomerLink (0.02s)
    --- PASS: TestLiveConsoleInboxLCN10TakeoverExpiryCustomerLink/A11_takeover/release_CAS_and_audit (0.01s)
    --- PASS: TestLiveConsoleInboxLCN10TakeoverExpiryCustomerLink/lazy_expiry_reads_auto_+_generation+1_with_cleared_assignee (0.01s)
    --- PASS: TestLiveConsoleInboxLCN10TakeoverExpiryCustomerLink/A14_customer_link_CAS,_audit_and_foreign_404 (0.01s)
=== RUN   TestLiveConsoleInboxCrossStoreIsolation
--- PASS: TestLiveConsoleInboxCrossStoreIsolation (0.01s)
=== RUN   TestLiveConsoleSendRecommendCapabilityBeforeContent
--- PASS: TestLiveConsoleSendRecommendCapabilityBeforeContent (7.42s)
=== RUN   TestLiveConsoleSendLCN07Quota
--- PASS: TestLiveConsoleSendLCN07Quota (2.19s)
=== RUN   TestLiveConsoleSendLCN07ConfirmGateAndLinkPending
--- PASS: TestLiveConsoleSendLCN07ConfirmGateAndLinkPending (1.69s)
=== RUN   TestLiveConsoleSendLCN07ConcurrentManual
--- PASS: TestLiveConsoleSendLCN07ConcurrentManual (0.61s)
=== RUN   TestLiveConsoleSendLCN07AutoManualRace
    live_console_send_quota_test.go:369: race outcomes over 100 iterations: manual won 14, auto won 86, manual refused 86
--- PASS: TestLiveConsoleSendLCN07AutoManualRace (36.33s)
=== RUN   TestLiveConsoleSendLCN08PublicReply
--- PASS: TestLiveConsoleSendLCN08PublicReply (2.93s)
=== RUN   TestLiveConsoleSendLCN10Takeover
--- PASS: TestLiveConsoleSendLCN10Takeover (12.61s)
=== RUN   TestLiveConsoleSendLCN11Unknown
=== RUN   TestLiveConsoleSendLCN11Unknown/5xx
=== RUN   TestLiveConsoleSendLCN11Unknown/garbled
=== RUN   TestLiveConsoleSendLCN11Unknown/hang
--- PASS: TestLiveConsoleSendLCN11Unknown (8.10s)
    --- PASS: TestLiveConsoleSendLCN11Unknown/5xx (2.29s)
    --- PASS: TestLiveConsoleSendLCN11Unknown/garbled (2.26s)
    --- PASS: TestLiveConsoleSendLCN11Unknown/hang (2.99s)
=== RUN   TestLiveConsoleSendLCN13DisplayCopyAndThread
--- PASS: TestLiveConsoleSendLCN13DisplayCopyAndThread (9.92s)
=== RUN   TestLiveConsoleSendMigration0128ExactACL
--- PASS: TestLiveConsoleSendMigration0128ExactACL (0.10s)
=== RUN   TestLiveConsoleSendLCN06DM
--- PASS: TestLiveConsoleSendLCN06DM (3.19s)
=== RUN   TestLiveConsoleSendLCN06GraphInvalidRequest
--- PASS: TestLiveConsoleSendLCN06GraphInvalidRequest (1.84s)
=== RUN   TestLiveConsoleSendLCN06NonMessageUnitsNeverOpenAWindow
--- PASS: TestLiveConsoleSendLCN06NonMessageUnitsNeverOpenAWindow (7.82s)
=== RUN   TestLiveConsoleTemplatesMigration0121ExactACL
=== RUN   TestLiveConsoleTemplatesMigration0121ExactACL/msgtemplates.publish(text,text,text,text[],boolean)
=== RUN   TestLiveConsoleTemplatesMigration0121ExactACL/msgtemplates.list()
=== RUN   TestLiveConsoleTemplatesMigration0121ExactACL/msgtemplates.resolve(text,bigint)
--- PASS: TestLiveConsoleTemplatesMigration0121ExactACL (0.01s)
    --- PASS: TestLiveConsoleTemplatesMigration0121ExactACL/msgtemplates.publish(text,text,text,text[],boolean) (0.00s)
    --- PASS: TestLiveConsoleTemplatesMigration0121ExactACL/msgtemplates.list() (0.00s)
    --- PASS: TestLiveConsoleTemplatesMigration0121ExactACL/msgtemplates.resolve(text,bigint) (0.00s)
=== RUN   TestLiveConsoleTemplatesPublishVersionAuditIdempotency
--- PASS: TestLiveConsoleTemplatesPublishVersionAuditIdempotency (0.03s)
=== RUN   TestLiveConsoleTemplatesPublicSafeFixedIDAndPermission
=== RUN   TestLiveConsoleTemplatesPublicSafeFixedIDAndPermission/public_safe_template_with_a_URL_is_refused_§3.5
=== RUN   TestLiveConsoleTemplatesPublicSafeFixedIDAndPermission/public_reply/recommend_kind_without_public_safe_is_refused
=== RUN   TestLiveConsoleTemplatesPublicSafeFixedIDAndPermission/publishing_a_fixed_id_is_a_409_template_fixed
=== RUN   TestLiveConsoleTemplatesPublicSafeFixedIDAndPermission/inbox:reply_principal_cannot_publish_(definer_gate)
=== RUN   TestLiveConsoleTemplatesPublicSafeFixedIDAndPermission/store:read_only_principal_cannot_open_live:manage_scope
--- PASS: TestLiveConsoleTemplatesPublicSafeFixedIDAndPermission (0.01s)
    --- PASS: TestLiveConsoleTemplatesPublicSafeFixedIDAndPermission/public_safe_template_with_a_URL_is_refused_§3.5 (0.00s)
    --- PASS: TestLiveConsoleTemplatesPublicSafeFixedIDAndPermission/public_reply/recommend_kind_without_public_safe_is_refused (0.00s)
    --- PASS: TestLiveConsoleTemplatesPublicSafeFixedIDAndPermission/publishing_a_fixed_id_is_a_409_template_fixed (0.00s)
    --- PASS: TestLiveConsoleTemplatesPublicSafeFixedIDAndPermission/inbox:reply_principal_cannot_publish_(definer_gate) (0.00s)
    --- PASS: TestLiveConsoleTemplatesPublicSafeFixedIDAndPermission/store:read_only_principal_cannot_open_live:manage_scope (0.00s)
=== RUN   TestLiveConsoleTemplatesResolveAndCrossStore
=== RUN   TestLiveConsoleTemplatesResolveAndCrossStore/fixed_order-pay-link_resolves_with_the_sealed_link_placeholder
=== RUN   TestLiveConsoleTemplatesResolveAndCrossStore/fixed_offer-recommend_resolves_public_safe
=== RUN   TestLiveConsoleTemplatesResolveAndCrossStore/merchant_template_resolves_by_version
=== RUN   TestLiveConsoleTemplatesResolveAndCrossStore/unknown_id_and_unknown_version_are_not_found
=== RUN   TestLiveConsoleTemplatesResolveAndCrossStore/cross-store_resolve_is_not_found_(RLS_isolation)
=== RUN   TestLiveConsoleTemplatesResolveAndCrossStore/cross-store_list_is_empty
=== RUN   TestLiveConsoleTemplatesResolveAndCrossStore/resolve_definer_gate_denies_store:read_only_principal
=== RUN   TestLiveConsoleTemplatesResolveAndCrossStore/list_definer_gate_denies_store:read_only_principal
--- PASS: TestLiveConsoleTemplatesResolveAndCrossStore (0.02s)
    --- PASS: TestLiveConsoleTemplatesResolveAndCrossStore/fixed_order-pay-link_resolves_with_the_sealed_link_placeholder (0.00s)
    --- PASS: TestLiveConsoleTemplatesResolveAndCrossStore/fixed_offer-recommend_resolves_public_safe (0.00s)
    --- PASS: TestLiveConsoleTemplatesResolveAndCrossStore/merchant_template_resolves_by_version (0.00s)
    --- PASS: TestLiveConsoleTemplatesResolveAndCrossStore/unknown_id_and_unknown_version_are_not_found (0.00s)
    --- PASS: TestLiveConsoleTemplatesResolveAndCrossStore/cross-store_resolve_is_not_found_(RLS_isolation) (0.00s)
    --- PASS: TestLiveConsoleTemplatesResolveAndCrossStore/cross-store_list_is_empty (0.00s)
    --- PASS: TestLiveConsoleTemplatesResolveAndCrossStore/resolve_definer_gate_denies_store:read_only_principal (0.00s)
    --- PASS: TestLiveConsoleTemplatesResolveAndCrossStore/list_definer_gate_denies_store:read_only_principal (0.00s)
=== RUN   TestR2IntegrationUpgradeFromReleaseHead
--- PASS: TestR2IntegrationUpgradeFromReleaseHead (7.15s)
=== RUN   TestWAS01LoginsMapToTheirOwnAuthority
--- PASS: TestWAS01LoginsMapToTheirOwnAuthority (0.00s)
=== RUN   TestWAS02NonPaymentWorkersHoldNoPaymentPrivilege
=== RUN   TestWAS02NonPaymentWorkersHoldNoPaymentPrivilege/no_payment_privilege_ads_worker
=== RUN   TestWAS02NonPaymentWorkersHoldNoPaymentPrivilege/no_payment_privilege_claims_worker
=== RUN   TestWAS02NonPaymentWorkersHoldNoPaymentPrivilege/no_payment_privilege_expiry_worker
=== RUN   TestWAS02NonPaymentWorkersHoldNoPaymentPrivilege/no_payment_privilege_worker
--- PASS: TestWAS02NonPaymentWorkersHoldNoPaymentPrivilege (0.25s)
    --- PASS: TestWAS02NonPaymentWorkersHoldNoPaymentPrivilege/no_payment_privilege_ads_worker (0.02s)
    --- PASS: TestWAS02NonPaymentWorkersHoldNoPaymentPrivilege/no_payment_privilege_claims_worker (0.01s)
    --- PASS: TestWAS02NonPaymentWorkersHoldNoPaymentPrivilege/no_payment_privilege_expiry_worker (0.01s)
    --- PASS: TestWAS02NonPaymentWorkersHoldNoPaymentPrivilege/no_payment_privilege_worker (0.01s)
=== RUN   TestWAS03CrossAuthorityClaimRefused
=== RUN   TestWAS03CrossAuthorityClaimRefused/payment
=== RUN   TestWAS03CrossAuthorityClaimRefused/ads
=== RUN   TestWAS03CrossAuthorityClaimRefused/claims
--- PASS: TestWAS03CrossAuthorityClaimRefused (0.34s)
    --- PASS: TestWAS03CrossAuthorityClaimRefused/payment (0.09s)
    --- PASS: TestWAS03CrossAuthorityClaimRefused/ads (0.08s)
    --- PASS: TestWAS03CrossAuthorityClaimRefused/claims (0.10s)
=== RUN   TestWAS04OperationReadsAreLaneScoped
--- PASS: TestWAS04OperationReadsAreLaneScoped (0.07s)
=== RUN   TestWAS05ProfileFenceDerivedFromAuthority
--- PASS: TestWAS05ProfileFenceDerivedFromAuthority (0.14s)
=== RUN   TestWAS06PrivilegeInventory
--- PASS: TestWAS06PrivilegeInventory (0.01s)
FAIL
FAIL	livecommerce/tests/foundation	262.529s
FAIL
test-focused: top-level PASS=101 FAIL=1 SKIP=0 exit=1
exit 1
