source=6c6c3fb397dd8c6ae8c291f3d751c1eedbc6ac89
started=2026-10-04T07:01:21Z
command=bash scripts/dev/test-local.sh --browser-ads-attribution 
✔ R11 SQL's exact receipt states are accepted; missing/forged operation/state remains unknown (1.276542ms)
✔ R11 durable receipt journal validates phase against exact operation state (0.716291ms)
✔ R11 actual read control distinguishes replay/inflight/unknown/failure in en (4.195042ms)
✔ R11 actual read control distinguishes replay/inflight/unknown/failure in zh-TW (0.725125ms)
✔ R11 actual read control distinguishes replay/inflight/unknown/failure in zh-CN (0.668416ms)
✔ unknown journal retains exact key/boundary and is scoped to store+session; malformed state fails closed (0.1235ms)
✔ R12 read hook keeps network UNKNOWN on one key and explicitly refreshes acknowledged UNKNOWN (10.801583ms)
✔ actual POST transport uses CSRF and session fence; 403 independent of response text (27.626875ms)
✔ R11 large linked-draft list is complete but collapsed in en (47.546ms)
✔ R11 large linked-draft list is complete but collapsed in zh-TW (3.649666ms)
✔ R11 large linked-draft list is complete but collapsed in zh-CN (3.743542ms)
✔ R11 timeline distinguishes local unknown spend from explicit Meta zero in en (3.733375ms)
✔ R11 timeline distinguishes local unknown spend from explicit Meta zero in zh-TW (1.732333ms)
✔ R11 timeline distinguishes local unknown spend from explicit Meta zero in zh-CN (1.671ms)
✔ R11 I12 nullable Meta evidence survives without becoming zero (0.141625ms)
✔ R11 actual panel rendering preserves unknowns and reconnect route in en (12.643167ms)
✔ R11 actual panel rendering preserves unknowns and reconnect route in zh-TW (9.50425ms)
✔ R11 actual panel rendering preserves unknowns and reconnect route in zh-CN (9.447833ms)
✔ D1, D6, R7: exact amounts and sources remain independent, account days stay labelled (0.2045ms)
✔ R12: null stays unknown and unread / unauthorised / insufficient remain different states (0.214709ms)
✔ R12 granted but unread audience offers a read, never reconnect in en (1.363292ms)
✔ R12 granted but unread audience offers a read, never reconnect in zh-TW (1.386ms)
✔ R12 granted but unread audience offers a read, never reconnect in zh-CN (1.351ms)
✔ I12 forged / missing frozen fields never silently become zeros (1.322541ms)
✔ only whitelisted aggregates survive: extra identifiers and HTML are never interpreted (0.063166ms)
✔ attribution is a read-only BFF resource with exact bounded query grammar (0.284708ms)
✔ audience-read is exactly the new local intention POST and never a data GET or queried write (0.206292ms)
✔ route fails closed without ads:read and is not a duplicate navigation entry; locale keys match (0.090458ms)
ℹ tests 28
ℹ suites 0
ℹ pass 28
ℹ fail 0
ℹ cancelled 0
ℹ skipped 0
ℹ todo 0
ℹ duration_ms 433.229958

> live-commerce-workspace@ build:storefront /Volumes/data/live_commerce_architecture_v1/.worktrees/ads-attribution
> pnpm --filter @live-commerce/storefront build


> @live-commerce/storefront@ build /Volumes/data/live_commerce_architecture_v1/.worktrees/ads-attribution/apps/storefront
> next build

▲ Next.js 16.3.5 (Turbopack)
✓ Running next.config.ts took 131ms

  Creating an optimized production build ...
✓ Compiled successfully in 1522ms
  Running TypeScript ...
  Finished TypeScript in 359ms ...
  Collecting page data using 9 workers ...
  Generating static pages using 9 workers (0/2) ...
✓ Generating static pages using 9 workers (2/2) in 44ms
  Finalizing page optimization ...

Route (app)
┌ ƒ /
├ ○ /_not-found
├ ƒ /[locale]
├ ƒ /[locale]/cart
├ ƒ /[locale]/checkout
├ ƒ /[locale]/claim
├ ƒ /[locale]/collections
├ ƒ /[locale]/collections/[slug]
├ ƒ /[locale]/data-deletion
├ ƒ /[locale]/legal/[slug]
├ ƒ /[locale]/legal/anti-fraud
├ ƒ /[locale]/order-link
├ ƒ /[locale]/orders/[orderID]
├ ƒ /[locale]/orders/lookup
├ ƒ /[locale]/pages/[slug]
├ ƒ /[locale]/privacy
├ ƒ /[locale]/products
├ ƒ /[locale]/products/[slug]
├ ƒ /[locale]/search
├ ƒ /api/buyer/[...path]
├ ƒ /api/shop/product/[key]
├ ƒ /api/shop/products
├ ƒ /feeds/meta.csv
├ ƒ /media/c/[collectionID]/[imageID]
├ ƒ /media/p/[productID]/[imageID]
├ ƒ /media/s/[imageID]
├ ƒ /payment/return
├ ƒ /products/[productID]
├ ƒ /robots.txt
└ ƒ /sitemap.xml


ƒ Proxy (Middleware)

○  (Static)   prerendered as static content
ƒ  (Dynamic)  server-rendered on demand


> live-commerce-workspace@ build:admin /Volumes/data/live_commerce_architecture_v1/.worktrees/ads-attribution
> pnpm --filter @live-commerce/admin build


> @live-commerce/admin@ build /Volumes/data/live_commerce_architecture_v1/.worktrees/ads-attribution/apps/admin
> next build && node ../../scripts/dev/package-admin.mjs

▲ Next.js 16.3.5 (Turbopack)
✓ Running next.config.ts took 27ms

  Creating an optimized production build ...
✓ Compiled successfully in 967ms
  Running TypeScript ...
  Finished TypeScript in 376ms ...
  Collecting page data using 9 workers ...
  Generating static pages using 9 workers (0/15) ...
  Generating static pages using 9 workers (3/15) 
  Generating static pages using 9 workers (7/15) 
  Generating static pages using 9 workers (11/15) 
✓ Generating static pages using 9 workers (15/15) in 240ms
  Finalizing page optimization ...

Route (app)
┌ ○ /_not-found
├ ƒ /[locale]
├ ƒ /[locale]/ads
├ ƒ /[locale]/ads/attribution
├ ƒ /[locale]/billing
├ ƒ /[locale]/collections
├ ƒ /[locale]/customers
├ ƒ /[locale]/customers/[customer]
├ ƒ /[locale]/design
├ ƒ /[locale]/finance
├ ƒ /[locale]/inventory
├ ƒ /[locale]/invite/[token]
├ ƒ /[locale]/orders
├ ƒ /[locale]/orders/cvs-print
├ ƒ /[locale]/orders/new
├ ƒ /[locale]/products
├ ƒ /[locale]/products/[product]
├ ƒ /[locale]/products/import
├ ƒ /[locale]/promotions
├ ƒ /[locale]/reset
├ ƒ /[locale]/settings
├ ƒ /[locale]/signup
├ ƒ /[locale]/studio
├ ƒ /[locale]/studio/claims
├ ƒ /[locale]/team
├ ƒ /api/ads/meta/callback
├ ƒ /api/ads/meta/connect
├ ƒ /api/auth/callback
├ ƒ /api/auth/login
├ ƒ /api/auth/logout
├ ƒ /api/auth/password/login
├ ƒ /api/auth/password/reset
├ ƒ /api/auth/password/signup
├ ƒ /api/auth/password/verify
├ ƒ /api/meta/callback
├ ƒ /api/meta/connect
├ ƒ /api/onboarding/initial-store
├ ƒ /api/stores
├ ƒ /api/stores/[store]/[...resource]
├ ƒ /api/stores/[store]/tools/[...resource]
├ ƒ /api/team/[action]
├ ƒ /site/[locale]/[page]
├ ƒ /site/robots.txt
└ ƒ /site/sitemap.xml


ƒ Proxy (Middleware)

○  (Static)   prerendered as static content
ƒ  (Dynamic)  server-rendered on demand

Packaged standalone admin server and static assets.
=== RUN   TestBrowserAdsAttributionReport
--- PASS: TestBrowserAdsAttributionReport (55.77s)
=== RUN   TestBrowserAdsAttributionCheckout
--- PASS: TestBrowserAdsAttributionCheckout (22.94s)
PASS
ok  	livecommerce/tests/foundation	81.346s
PASS: AT5/AT9 real-click storefront and authenticated report against isolated PG/Go and production Next builds; Meta=MOCK only; no live/sandbox acceptance.
