✖ COD collect projection admits the server amount and rejects inconsistent money (0.5325ms)
ℹ tests 1
ℹ suites 0
ℹ pass 0
ℹ fail 1
ℹ cancelled 0
ℹ skipped 0
ℹ todo 0
ℹ duration_ms 162.16125

✖ failing tests:

test at tests/admin/orders-model.test.ts:40:1
✖ COD collect projection admits the server amount and rejects inconsistent money (0.5325ms)
  Error: unavailable
      at object (file:///Volumes/data/live_commerce_architecture_v1/.worktrees/home-cod-ui/apps/admin/lib/orders-model.ts:160:82)
      at parseOrderSummary (file:///Volumes/data/live_commerce_architecture_v1/.worktrees/home-cod-ui/apps/admin/lib/orders-model.ts:203:13)
      at TestContext.<anonymous> (file:///Volumes/data/live_commerce_architecture_v1/.worktrees/home-cod-ui/tests/admin/orders-model.test.ts:42:16)
      at Test.runInAsyncScope (node:async_hooks:227:14)
      at Test.run (node:internal/test_runner/test:1201:25)
      at Test.start (node:internal/test_runner/test:1096:17)
      at startSubtestAfterBootstrap (node:internal/test_runner/harness:385:17)
