✖ PR18 deletion HEAD clears selected comment composer but keeps history and public guard (19.580625ms)
✖ PR18 deletion HEAD removes absent refs inside its window (1.079041ms)
✔ PR18 deletion HEAD keeps paged history below its oldest tuple (0.158209ms)
✔ PR18 deletion is never inferred from incremental or older pages (0.084958ms)
✔ PR18 empty deletion HEAD is not evidence that any ref was deleted (0.056167ms)
✖ PR18 deletion floor compares equal timestamp refs and timezone instants (0.53475ms)
ℹ tests 6
ℹ suites 0
ℹ pass 3
ℹ fail 3
ℹ cancelled 0
ℹ skipped 0
ℹ todo 0
ℹ duration_ms 327.246292

✖ failing tests:

test at tests/admin/comment-stream-hooks.test.ts:88:1
✖ PR18 deletion HEAD clears selected comment composer but keeps history and public guard (19.580625ms)
  AssertionError [ERR_ASSERTION]: Expected values to be strictly equal:
  
  true !== false
  
      at TestContext.<anonymous> (file:///Volumes/data/live_commerce_architecture_v1/.worktrees/lc-u2a-comment-stream/tests/admin/comment-stream-hooks.test.ts:112:10)
      at async Test.run (node:internal/test_runner/test:1208:7)
      at async startSubtestAfterBootstrap (node:internal/test_runner/harness:385:3) {
    generatedMessage: true,
    code: 'ERR_ASSERTION',
    actual: true,
    expected: false,
    operator: 'strictEqual',
    diff: 'simple'
  }

test at tests/admin/comment-stream.test.ts:25:1
✖ PR18 deletion HEAD removes absent refs inside its window (1.079041ms)
  AssertionError [ERR_ASSERTION]: Expected values to be strictly deep-equal:
  + actual - expected
  
    [
      '1',
      '2',
      '3',
  +   '4'
    ]
  
      at TestContext.<anonymous> (file:///Volumes/data/live_commerce_architecture_v1/.worktrees/lc-u2a-comment-stream/tests/admin/comment-stream.test.ts:28:10)
      at Test.runInAsyncScope (node:async_hooks:227:14)
      at Test.run (node:internal/test_runner/test:1201:25)
      at Test.start (node:internal/test_runner/test:1096:17)
      at startSubtestAfterBootstrap (node:internal/test_runner/harness:385:17) {
    generatedMessage: true,
    code: 'ERR_ASSERTION',
    actual: [ '1', '2', '3', '4' ],
    expected: [ '1', '2', '3' ],
    operator: 'deepStrictEqual',
    diff: 'simple'
  }

test at tests/admin/comment-stream.test.ts:47:1
✖ PR18 deletion floor compares equal timestamp refs and timezone instants (0.53475ms)
  AssertionError [ERR_ASSERTION]: Expected values to be strictly deep-equal:
  + actual - expected
  
    [
      '1',
      '2',
      '3',
  +   '4'
    ]
  
      at TestContext.<anonymous> (file:///Volumes/data/live_commerce_architecture_v1/.worktrees/lc-u2a-comment-stream/tests/admin/comment-stream.test.ts:51:10)
      at Test.runInAsyncScope (node:async_hooks:227:14)
      at Test.run (node:internal/test_runner/test:1201:25)
      at Test.processPendingSubtests (node:internal/test_runner/test:831:18)
      at Test.postRun (node:internal/test_runner/test:1330:19)
      at Test.run (node:internal/test_runner/test:1258:12)
      at async Test.processPendingSubtests (node:internal/test_runner/test:831:7) {
    generatedMessage: true,
    code: 'ERR_ASSERTION',
    actual: [ '1', '2', '3', '4' ],
    expected: [ '1', '2', '3' ],
    operator: 'deepStrictEqual',
    diff: 'simple'
  }
