tested SHA: c319b691b1bfc3d04ea29aa242f2ebf505c219ad (clean tree:        0 changed files)
=== RUN   TestKeywordToolsBatchDeactivateIsAPause
--- PASS: TestKeywordToolsBatchDeactivateIsAPause (1.74s)
=== RUN   TestLiveClaimsKC03Schema
=== RUN   TestLiveClaimsKC03Schema/fresh-migrated-twice
=== RUN   TestLiveClaimsKC03Schema/privilege-matrix
=== RUN   TestLiveClaimsKC03Schema/definers
=== RUN   TestLiveClaimsKC03Schema/checks-and-keys
=== RUN   TestLiveClaimsKC03Schema/foreign-roles-denied
=== RUN   TestLiveClaimsKC03Schema/release-only-with-rotation
=== RUN   TestLiveClaimsKC03Schema/pool-validator
=== RUN   TestLiveClaimsKC03Schema/populated-pre-0060-upgrade
--- PASS: TestLiveClaimsKC03Schema (3.21s)
    --- PASS: TestLiveClaimsKC03Schema/fresh-migrated-twice (0.07s)
    --- PASS: TestLiveClaimsKC03Schema/privilege-matrix (0.09s)
    --- PASS: TestLiveClaimsKC03Schema/definers (0.01s)
    --- PASS: TestLiveClaimsKC03Schema/checks-and-keys (0.16s)
    --- PASS: TestLiveClaimsKC03Schema/foreign-roles-denied (0.52s)
    --- PASS: TestLiveClaimsKC03Schema/release-only-with-rotation (0.08s)
    --- PASS: TestLiveClaimsKC03Schema/pool-validator (0.09s)
    --- PASS: TestLiveClaimsKC03Schema/populated-pre-0060-upgrade (2.06s)
=== RUN   TestLiveClaimsKC04Offers
--- PASS: TestLiveClaimsKC04Offers (0.56s)
=== RUN   TestLivePriceKeepOnPauseExistingClaims
--- PASS: TestLivePriceKeepOnPauseExistingClaims (0.84s)
=== RUN   TestLivePriceKeepOnPauseClearedPriceStillEndsIt
--- PASS: TestLivePriceKeepOnPauseClearedPriceStillEndsIt (0.40s)
=== RUN   TestLivePriceKeepOnPauseOneClaimPerSKU
--- PASS: TestLivePriceKeepOnPauseOneClaimPerSKU (0.46s)
=== RUN   TestLiveConsoleOrderForBuyerPausedOfferKeepsLivePrice
--- PASS: TestLiveConsoleOrderForBuyerPausedOfferKeepsLivePrice (0.70s)
=== RUN   TestLiveToolsGateOfferLifecycleAndExpiry
--- PASS: TestLiveToolsGateOfferLifecycleAndExpiry (0.51s)
=== RUN   TestLiveToolsExpiryOffersAndForgedOrigin
    live_tools_test.go:213: raw UPDATE refused (ERROR: permission denied for table cart_lines (SQLSTATE 42501)); forging through DELETE+INSERT instead
--- PASS: TestLiveToolsExpiryOffersAndForgedOrigin (0.33s)
=== RUN   TestSoldOutReplyPlanShape
=== RUN   TestSoldOutReplyPlanShape/SO02_untracked_SKU_sells_the_link
=== RUN   TestSoldOutReplyPlanShape/stocked_SKU_sells_the_link
=== RUN   TestSoldOutReplyPlanShape/SO-OPEN-1_partial_stock_counts_as_sold_out
=== RUN   TestSoldOutReplyPlanShape/counters_reserved/allocated/unavailable_are_not_sellable
--- PASS: TestSoldOutReplyPlanShape (8.47s)
    --- PASS: TestSoldOutReplyPlanShape/SO02_untracked_SKU_sells_the_link (0.22s)
    --- PASS: TestSoldOutReplyPlanShape/stocked_SKU_sells_the_link (0.26s)
    --- PASS: TestSoldOutReplyPlanShape/SO-OPEN-1_partial_stock_counts_as_sold_out (0.24s)
    --- PASS: TestSoldOutReplyPlanShape/counters_reserved/allocated/unavailable_are_not_sellable (0.25s)
=== RUN   TestSoldOutReplyPausedOffer
--- PASS: TestSoldOutReplyPausedOffer (0.89s)
=== RUN   TestSoldOutReplyBudget
=== RUN   TestSoldOutReplyBudget/SO04_manual_after_the_sold-out_reply_is_refused
=== RUN   TestSoldOutReplyBudget/SO05_switch_off_keeps_the_budget_for_the_merchant
=== RUN   TestSoldOutReplyBudget/SO06_manual_first,_then_the_sold-out_claim
--- PASS: TestSoldOutReplyBudget (1.37s)
    --- PASS: TestSoldOutReplyBudget/SO04_manual_after_the_sold-out_reply_is_refused (0.30s)
    --- PASS: TestSoldOutReplyBudget/SO05_switch_off_keeps_the_budget_for_the_merchant (0.46s)
    --- PASS: TestSoldOutReplyBudget/SO06_manual_first,_then_the_sold-out_claim (0.25s)
=== RUN   TestSoldOutReplyConcurrentReplay
--- PASS: TestSoldOutReplyConcurrentReplay (0.74s)
=== RUN   TestSoldOutReplySendAndUnknown
=== RUN   TestSoldOutReplySendAndUnknown/SO08_Graph_failure_is_UNKNOWN_and_never_re-sent
--- PASS: TestSoldOutReplySendAndUnknown (3.63s)
    --- PASS: TestSoldOutReplySendAndUnknown/SO08_Graph_failure_is_UNKNOWN_and_never_re-sent (1.99s)
=== RUN   TestSoldOutReplyCheckDenial
--- PASS: TestSoldOutReplyCheckDenial (8.17s)
=== RUN   TestSoldOutReplySettingsAndTemplates
--- PASS: TestSoldOutReplySettingsAndTemplates (0.91s)
=== RUN   TestSoldOutReplyACL
--- PASS: TestSoldOutReplyACL (0.28s)
=== RUN   TestSoldOutReplyTextMatchesAdapter
=== RUN   TestSoldOutReplyTextMatchesAdapter/full-width_space,_ZWJ_and_newline_in_the_name
=== RUN   TestSoldOutReplyTextMatchesAdapter/120-character_name_is_clipped_by_characters_and_still_sends
=== RUN   TestSoldOutReplyTextMatchesAdapter/multi-placeholder_or_C1-control_templates_are_refused_and_a_stored_one_falls_back
--- PASS: TestSoldOutReplyTextMatchesAdapter (3.63s)
    --- PASS: TestSoldOutReplyTextMatchesAdapter/full-width_space,_ZWJ_and_newline_in_the_name (1.31s)
    --- PASS: TestSoldOutReplyTextMatchesAdapter/120-character_name_is_clipped_by_characters_and_still_sends (1.00s)
    --- PASS: TestSoldOutReplyTextMatchesAdapter/multi-placeholder_or_C1-control_templates_are_refused_and_a_stored_one_falls_back (1.00s)
=== RUN   TestSoldOutReplyDisagreementKeepsTheClaim
=== RUN   TestSoldOutReplyDisagreementKeepsTheClaim/switch_OFF,_stock_disappears_between_the_two_checks
=== RUN   TestSoldOutReplyDisagreementKeepsTheClaim/switch_ON,_stock_returns_between_the_two_checks
--- PASS: TestSoldOutReplyDisagreementKeepsTheClaim (0.87s)
    --- PASS: TestSoldOutReplyDisagreementKeepsTheClaim/switch_OFF,_stock_disappears_between_the_two_checks (0.32s)
    --- PASS: TestSoldOutReplyDisagreementKeepsTheClaim/switch_ON,_stock_returns_between_the_two_checks (0.26s)
=== RUN   TestSoldOutReplyEventMark
--- PASS: TestSoldOutReplyEventMark (0.87s)
PASS
ok  	livecommerce/tests/foundation	40.269s
test-focused: top-level PASS=20 FAIL=0 SKIP=0 exit=0
exit=0
