# Purpose: preserve W5 visible readiness command output after this prologue.
# Depends on: original main raw SHA256=27d10aa56869580d5dcc09f6c39619da35a95c841a5f890e54ecb1dfecaa3770.
# Used by: integrator normal/calibration CI.
# Evidence normalization: trailing whitespace/blank EOF only; main raw retained.
✔ G-UI3/G-UI5 architecture constraints pass with shrinking legacy exceptions (310.945291ms)
✔ G-UI3/G-UI5 negatives: new formatter, component fetch, >800 lines and wider allowance fail (0.719833ms)
✔ Readiness jump controls expose the actual active section, not a click flag (1.109875ms)
✔ Integrator P2: legal CN comment ordering and a distinct three-image recommendation (7.269416ms)
✔ ADM04 and ADM06 explain unavailable SKUs and keep collection vocabulary consistent (0.60625ms)
✔ ADM06 create/detail titles share the route vocabulary without adding a phantom Next page (0.694417ms)
✔ G-UI1 Next pages and route registry are bidirectional, unique, typed, documented (2.104209ms)
✔ G-UI1 copy key parity: no missing or extra key in any locale (0.084792ms)
✔ G-UI2 staff without catalog:read cannot see products/inventory or open a product URL (0.136ms)
✔ G-UI2 every route permission is a permission Go knows, and /orders/new needs inventory:reserve (179.275959ms)
✔ G-UI1 dynamic and public routes match, details never appear as navigation (0.218333ms)
✔ W6-U2 ledger is a settings in-page route, preserving existing navigation (0.124333ms)
✔ Every browser spec clicks nav-orders: the orders group stays a singleton, so returns/new/print routes are nav: false (0.498208ms)
ℹ tests 13
ℹ suites 0
ℹ pass 13
ℹ fail 0
ℹ cancelled 0
ℹ skipped 0
ℹ todo 0
ℹ duration_ms 503.643541
WARN G-UI5 apps/admin/app/api/stores/[store]/[...resource]/route.ts: >500 lines
WARN G-UI5 apps/admin/components/Ads.tsx: >500 lines
WARN G-UI5 apps/admin/components/AdsDraft.tsx: >500 lines
WARN G-UI5 apps/admin/components/AttributionPanels.tsx: >500 lines
WARN G-UI5 apps/admin/components/CollectionManager.tsx: >500 lines
WARN G-UI5 apps/admin/components/Design.tsx: >500 lines
WARN G-UI5 apps/admin/components/Entry.tsx: >500 lines
WARN G-UI5 apps/admin/components/Ledger.tsx: >500 lines
WARN G-UI5 apps/admin/components/OperationsLedger.tsx: >500 lines
WARN G-UI5 apps/admin/components/OrderReturns.tsx: >500 lines
WARN G-UI5 apps/admin/components/ProductDocumentForm.tsx: >500 lines
WARN G-UI5 apps/admin/components/ProductList.tsx: >500 lines
WARN G-UI5 apps/admin/components/ProductMediaManager.tsx: >500 lines
WARN G-UI5 apps/admin/components/StorefrontSettings.tsx: >500 lines
WARN G-UI5 apps/admin/components/Studio.tsx: >500 lines
WARN G-UI5 apps/admin/components/StudioClaims.tsx: >500 lines
WARN G-UI5 apps/admin/lib/ads-copy.ts: >500 lines
WARN G-UI5 apps/admin/lib/ads-model.ts: >500 lines
WARN G-UI5 apps/admin/lib/auth.ts: >500 lines
WARN G-UI5 apps/admin/lib/catalog-v2-copy.ts: >500 lines
WARN G-UI5 apps/admin/lib/product-editor-copy.ts: >500 lines
WARN G-UI5 apps/storefront/components/CheckoutFlow.tsx: >500 lines
WARN G-UI5 apps/storefront/components/CvsPickup.tsx: >500 lines
WARN G-UI5 apps/storefront/components/OrderPayment.tsx: >500 lines
WARN G-UI5 apps/storefront/lib/order-payment.ts: >500 lines
PASS G-UI3/G-UI5
shard-plan: note: 2 test(s) are in no list and run in the catch-all g06: TestMerchantCancelClosesWorkItem, TestPlatformSettlementPF15Resolve
shard-plan: ok (1219 top-level tests, each in exactly one of 10 groups)
check-gates: ok (80 modes, all documented; every tracked test file is run)
check-headers: OK (base 35abffcadaa1240888d291391712e1411cb820a3)
