✖ PR18 enabled downgrade gates hook output before passive cleanup (25.634084ms)
✖ PR18 enabled downgrade first all render hides rows buyer and composer (4.922125ms)
✖ PR18 enabled downgrade first private render hides rows buyer and composer (2.197375ms)
ℹ tests 3
ℹ suites 0
ℹ pass 0
ℹ fail 3
ℹ cancelled 0
ℹ skipped 0
ℹ todo 0
ℹ duration_ms 397.118625

✖ failing tests:

test at tests/admin/comment-stream-hooks.test.ts:33:1
✖ PR18 enabled downgrade gates hook output before passive cleanup (25.634084ms)
  AssertionError [ERR_ASSERTION]: revoked hook cannot expose cached comments
  
  1 !== 0
  
      at TestContext.<anonymous> (file:///Volumes/data/live_commerce_architecture_v1/.worktrees/lc-u2a-comment-stream/tests/admin/comment-stream-hooks.test.ts:42:12)
      at async Test.run (node:internal/test_runner/test:1208:7)
      at async startSubtestAfterBootstrap (node:internal/test_runner/harness:385:3) {
    generatedMessage: false,
    code: 'ERR_ASSERTION',
    actual: 1,
    expected: 0,
    operator: 'strictEqual',
    diff: 'simple'
  }

test at tests/admin/comment-stream-hooks.test.ts:47:46
✖ PR18 enabled downgrade first all render hides rows buyer and composer (4.922125ms)
  AssertionError [ERR_ASSERTION]: Expected values to be strictly equal:
  
  true !== false
  
      at TestContext.<anonymous> (file:///Volumes/data/live_commerce_architecture_v1/.worktrees/lc-u2a-comment-stream/tests/admin/comment-stream-hooks.test.ts:69:12)
      at async Test.run (node:internal/test_runner/test:1208:7)
      at async Test.processPendingSubtests (node:internal/test_runner/test:831:7) {
    generatedMessage: true,
    code: 'ERR_ASSERTION',
    actual: true,
    expected: false,
    operator: 'strictEqual',
    diff: 'simple'
  }

test at tests/admin/comment-stream-hooks.test.ts:47:46
✖ PR18 enabled downgrade first private render hides rows buyer and composer (2.197375ms)
  AssertionError [ERR_ASSERTION]: Expected values to be strictly equal:
  
  true !== false
  
      at TestContext.<anonymous> (file:///Volumes/data/live_commerce_architecture_v1/.worktrees/lc-u2a-comment-stream/tests/admin/comment-stream-hooks.test.ts:70:12)
      at async Test.run (node:internal/test_runner/test:1208:7)
      at async Test.processPendingSubtests (node:internal/test_runner/test:831:7) {
    generatedMessage: true,
    code: 'ERR_ASSERTION',
    actual: true,
    expected: false,
    operator: 'strictEqual',
    diff: 'simple'
  }
