✔ /products/{uuid} redirects permanently to the zh-TW product page (49.2415ms)
✔ non-uuid ids are 404, never redirected (0.927417ms)
✔ AT1: the locale redirect preserves the ad-click query without allowing a redirect target (1.336667ms)
✔ AT1 R5: browser identity survives expired touch and rolls for ninety days (2.277333ms)
✔ AT1 R5: missing ad parameters create no cookies; fbclid alone creates no touch (0.199875ms)
✔ AT1 R5: lc_ad alone updates attribution and does not replace fbc (0.20575ms)
✔ AT1: host-only first-party cookies contain no PII and read back exactly (0.496167ms)
✔ AT1: a later valid click replaces the draft but preserves the browser identifier (0.138292ms)
✔ AT1: malformed and ambiguous links do not overwrite a valid prior touch (1.221583ms)
✔ AT1: host and key binding reject copied cookies (0.197291ms)
✔ AT1: duplicates and tampering invalidate the entire envelope (0.132041ms)
✔ AT1: exactly seven days is valid, the next millisecond and future clicks are not (0.14925ms)
✔ transfer view: closed shape and state rules mirror Go validTransferView (1.678875ms)
✔ proof body and result: five digits, positive minor amount, ISO instant (0.4205ms)
✔ minorFromText: major units with at most two decimals, never a float surprise (0.244875ms)
✔ buyer email mirror: one plain address, 254 characters at most (0.144792ms)
✔ countdown: whole hours and minutes, never negative (0.383458ms)
✔ copy: three locales carry every key and every refusal code (0.205833ms)
✔ options: a home row lists modes only with bank_transfer and then needs its window (0.260875ms)
✔ checkoutInput: a home bank_transfer body, the optional trimmed email, and every refusal before any request (0.402417ms)
✔ order: AWAITING_TRANSFER is a valid commercial state without a hold time (0.189459ms)
✔ BFF: exact transfer routes, keyed proof PUT, strict body, validated answers, no generic proxy (50.178959ms)
✔ BFF: transfer refusal codes pass through as definite 422; checkout accepts bank_transfer and a valid email only (14.899083ms)
✔ D06 order heading follows a settled transfer: never 'waiting for transfer' above a confirmed or expired one (0.086792ms)
✔ uncertain prepare blocks all mutations; changed cookie context resolves journal (17.654834ms)
✔ fully parsed local denial clears only its own pending operation (3.730417ms)
✔ malformed journal, unavailable lock and stale context fail before writes (3.106958ms)
✔ BPT05 exact handoff permits absent body/key, one fetch, no form persistence (20.1405ms)
✔ BPT05 wrong handoff form and ordinary writes fail before any fetch (0.499917ms)
✔ BPT05 unresolved cookie journal blocks handoff; lost response is one fetch without persistence (0.142334ms)
✔ SU02 refresh permits absent body/key, one fetch, no persistence (0.166709ms)
✔ SU02 refresh rejects a body, a key or a malformed path before any fetch (0.131625ms)
✔ SU02 cancel permits absent body/key, one fetch, no persistence (0.103625ms)
✔ SU02 cancel rejects a body, a key or a malformed path before any fetch (0.096417ms)
✔ BPT01 exact private path, headers, body and three-locale one-fetch transport (60.598791ms)
✔ BPT02 payment routes reject untrusted path, context, headers, key and body before fetch (16.509708ms)
✔ BPT03 hostile upstream success is sanitized, never returned as payment data (3.74175ms)
✔ BPT04 every handoff failure is nonretryable, including pre-route and transport loss (1.16575ms)
✔ SU02 five routes: exact upstream path, method, key, body, one fetch each (0.84075ms)
✔ SU02 refresh and cancel are keyless and pass every CSRF/context denial before fetch (1.302291ms)
✔ SU02 every handoff/refresh/cancel failure is nonretryable and sanitized (4.9605ms)
✔ SU02 hostile Stripe bodies become the sanitized 503; PAYUNi and Stripe bodies stay byte-identical (9.423167ms)
✔ SU02 prepare accepts only the two known method codes (0.807167ms)
✔ disabled and invalid configuration fail closed before private fetch (23.690667ms)
✔ private authority, cookie lifecycle and strict local denial (28.423958ms)
✔ bad host, cookie, query and method never reach private API (7.735959ms)
✔ stalled inbound POST body is canceled at its deadline without a cookie or private call (0.679833ms)
✔ CVS BFF: exact routes, keyed open/store, keyless verify, validated answers, no generic proxy (5.049125ms)
✔ CVS BFF: contract refusal codes pass through; pay_at_pickup_limit is a definite (non-retryable) 429 (4.239458ms)
✔ fragment grammar accepts only one canonical token (0.922542ms)
✔ claim projections are closed (0.530459ms)
✔ claim token rides only its header on B1/B2 and is never echoed (41.067417ms)
✔ CVS01 map form: only the two ECPay e-map actions, exact fields, top-level-safe values (7.01875ms)
✔ CVS02 return path allowlist excludes /claim and anything but the checkout or product page (0.3115ms)
✔ CVS03 selection projection: VERIFIED<=>pickup, REJECTED<=>reject_code, absent keys read as null (1.038625ms)
✔ CVS04 buyer-entered store answer and request body (0.892208ms)
✔ CVS05 store code table (§16.1) keeps leading zeros and per-chain lengths (0.350958ms)
✔ CVS06 recipient mirror: real-name width 4..10 (CJK=2), no digits/symbols/emoji; 09 mobile (1.068291ms)
✔ CVS07 checkout draft: name, phone and mode only; read once; corrupt/foreign shapes are dropped (0.439625ms)
✔ CVS08 return URL: only ?cvs_selection=<uuid> is accepted (0.254917ms)
✔ CVS09 buyer order projection and copy keys: nothing but PICKED_UP says picked up (0.228042ms)
✔ CVS10 error codes: field mapping, definite refusals, official links are https constants (0.462542ms)
✔ CVS11 client transport: verify is the one new keyless POST; the server refusal code rides BuyerClientError.detail (44.307875ms)
✔ every locale x page has a title, an updated line and at least one section (1.187166ms)
✔ locales share the section count and per-section body count of every page (0.264292ms)
✔ final text is only the owner-confirmed company facts (CR 81215167 name + registered address); nothing else is final (0.203209ms)
✔ footer has 7 unique hrefs: 5 policies, anti-fraud guidance and data-deletion, per locale (0.409125ms)
✔ data-deletion path is named in the privacy page of every locale (0.073459ms)
✔ pendingOwnerText lists exactly the rendered markers and is written for the owner (0.778583ms)
✔ a live (claim-origin) price replaces the catalog price and strikes it through (0.734583ms)
✔ without a live price the catalog price and its compare-at are shown unchanged (0.064708ms)
✔ a live price equal to or above the catalog price is shown as set (strike hidden by the UI guard) (0.163541ms)
✔ a live price strikes the catalog price, never the variant sale price (0.242167ms)
✔ order ref: 12 hex (dashes or spaces, any case) or a full id (0.481834ms)
✔ contact: one email or a phone of 6..20 digits (0.146791ms)
✔ body is exactly {order_ref, contact}; the answer is exactly {order_id} (0.127042ms)
✔ BFF lookup: no cookie needed, fresh token goes upstream, cookie only on 200 and it carries that same token (49.205958ms)
✔ BFF lookup: strict local denial before any private fetch (6.11025ms)
✔ copy: three locales carry every key (0.451333ms)
✔ MS4 srcset descriptors use actual decoded widths and deduplicate small renditions (0.370667ms)
✔ MS1 product rendition allowlist preserves trusted Host and never forwards buyer cookies (18.39575ms)
✔ MS2 invalid, duplicate, extra, encoded widths and non-product variants fail before fetch (1.422208ms)
✔ MS3 old-image fallback is never promoted to immutable; committed variants are cacheable (2.100458ms)
✔ TWD whole amounts show no decimals in every locale and at every magnitude (line, subtotal, total, zero) (28.189583ms)
✔ cents appear only when there are cents, then always as two digits; the minor-unit arithmetic is untouched (0.20425ms)
✔ digits come from the currency: JPY none, USD two when there are cents (0.702666ms)
✔ one formatter: no component, page or lib builds a currency Intl.NumberFormat outside lib/money.ts (27.138708ms)
✔ fragment: exactly #o=<order id>&t=<43-char token>; anything else is null (4.420458ms)
✔ body is exactly {order_id, token, proof}; the answer is exactly the order the link named (0.951875ms)
✔ BFF link: no cookie needed, fresh token upstream, cookie only on a 200 naming the same order, link token never echoed (38.402334ms)
✔ BFF link: strict local denial before any private fetch (1.765709ms)
✔ copy: three locales, one refusal text, a retry and a lookup path (0.086666ms)
✔ BPU01 fresh payment writes exact metadata before prepare, one bodyless Take, no persistent form (18.572584ms)
✔ BPU01 lost prepare response replays original key/body only on explicit next click (4.514875ms)
✔ BPU01 lost handoff is permanently GET-only, even after a second click (2.382833ms)
✔ BPU01 storage, amount, scope and child/screen fences reject before irreversible writes (2.343583ms)
✔ BPU01 document/child loss after prepare but before Take leaves exact replay marker (1.048583ms)
✔ BPU01 malformed server handoff never submits and Take remains nonretryable (1.481208ms)
✔ BPU01 marker replacement before Take and after Take blocks release/form reuse (1.381666ms)
✔ BPU01 context replacement after prepare and after Take closes destination without form (2.1115ms)
✔ BPU01 synchronous destination refuses invalid locale before opening a window (0.271958ms)
✔ SU03 fresh Stripe pay: marker before prepare, one prepare, one handoff, navigate, URL never stored (2.536167ms)
✔ SU03 marker replay: lost prepare response replays key/body, no uncertain on PENDING view with leftover marker (4.219542ms)
✔ SU03 cross-device Continue needs no marker and never prepares (1.116792ms)
✔ SU03 marker/view matrix: PAYUNi marker on Stripe view and Stripe marker on PAYUNi view send nothing (3.06475ms)
✔ SU03 any other view renders without a POST (0.608625ms)
✔ SU03 CREATING: waits on the schedule without the lock, then hands off once when READY (7.167833ms)
✔ SU03 CREATING budget: 10 reads over 30 s, then the blank child is closed, no POST, no throw (2.209333ms)
✔ SU03 cancel_requested seen on the re-GET aborts before the handoff POST (0.38825ms)
✔ SU03 handoff outcomes: CREATING closes child, CLOSED/UNAVAILABLE/error/malformed reject; one POST each, never retried (8.091208ms)
✔ SU03 Stripe prepare errors, amount/currency mismatch and popup loss stop before any handoff (3.151625ms)
✔ SU03 two clicks make two handoff POSTs only because there were two clicks; sequential, none from reads (1.224875ms)
✔ SU03 navigate: validates again, needs an owned blank child, sets used before replace, no URL in errors (0.43425ms)
✔ SU03 refresh signal: keyless single POST, validated, throttled 1/10 s and 30 per page life, cancel never throttled (2.804916ms)
✔ SU03 signal failures are single-shot and sanitized: HTTP error, malformed body, wrong order (0.389958ms)
✔ private quote/option authority fields are required; only exact MANUAL home can checkout (1.456959ms)
✔ continue shopping advances only ordered version, clears hint, keeps SQL history authoritative (24.706667ms)
✔ lost next-cart response retries identical key/body and preserves a newer cart (1.07825ms)
✔ continuation never overwrites an already advanced cart (0.392333ms)
✔ unknown checkout blocks continuation without any business request (0.262625ms)
✔ two queued continuation clicks mutate once; stale order ID cannot clear another order (3.040417ms)
✔ CAS conflict resolves only after a newer cart is read (2.665458ms)
✔ locator removal failure retains next-cart journal and recovery survives missing locator (1.433458ms)
✔ order history summary rejects PII/unknown fields and malformed scope IDs (0.216ms)
✔ native address validation mirrors printable Unicode, limits and phone; journal forbids PII (4.897417ms)
✔ address lost reply replays exact in-memory intent, then confirms current head (1.987875ms)
✔ address reload requires explicit new intent and exact observed CAS; stale head never auto-bumps (1.245417ms)
✔ old address receipt cannot confirm another tab's newer current head (0.242666ms)
✔ a late address CAS winner requires another explicit confirmation, not an automatic version bump (1.184125ms)
✔ checkout lost reply, queued duplicate and current GET reuse one key and one order (0.794708ms)
✔ uncertain checkout retains original journal across later 401/403/404/5xx and malformed success (0.578708ms)
✔ only a fresh definitive denial clears checkout; no order locator is invented (0.153292ms)
✔ locator storage failure after commit retains same key; reload GET failure keeps locator (0.339958ms)
✔ locator persisted but journal removal failed resumes pending receipt, not unrelated pointer (0.321959ms)
✔ unavailable storage, invalid locator and late changed context fail closed (0.187792ms)
✔ order locator readback mismatch and no-op journal removal both retain checkout recovery (0.344167ms)
✔ BPT03 exact valid projection and Go nanosecond UTC timestamps (11.796958ms)
✔ BPT03 view rejects private fields, inconsistent state and malformed names (0.397042ms)
✔ BPT03 prepared receipt enforces exact original credit-card amount (0.189666ms)
✔ BPT03 hosted form and replay are exact, bounded and action-allowlisted (0.513375ms)
✔ SU01 Stripe views: fresh, both methods, attempt states, PAYUNi unchanged (0.356875ms)
✔ SU01 Stripe view negatives (0.167417ms)
✔ SU01 prepared amounts follow the corrected per-currency table (0.126917ms)
✔ SU01 Stripe handoff union and every redirect_url negative (0.277083ms)
✔ SU01 payment signal is exactly {order_id, scheduled:boolean} (0.108459ms)
✔ RUI01 refund summary: refunded states, pending money, absent ≡ null (0.151458ms)
✔ RUI01 refund summary negatives (0.129041ms)
✔ BPU03 neutral GET and POST return ignore every callback field and cookie (18.43025ms)
✔ primary origin: exact path/query, same host, and no URL-controlled destination (4.076041ms)
✔ GET and HEAD use trusted Host, private bounded uncached resolver and exact 301 (11.587667ms)
✔ no writes redirected; resolution failures fail closed; unknown hosts keep native 404 (0.665041ms)
✖ policy version is the frozen constant, in the customers-core D4 shape (1.3565ms)
✔ route table: exactly the four buyer privacy routes, methods and body kinds (0.772083ms)
✔ body shapes are closed and mirror the frozen Go inputs (no source, no policy_version) (0.19025ms)
✔ GET privacy validator: closed shape, erased owner holds no consent (0.418375ms)
✔ consent result and erasure summary validators (0.517167ms)
✔ buyer export envelope never carries customer_id (0.156125ms)
✔ failure classification: 410 and erased are the erased state (0.107416ms)
✔ copy: every locale has the same keys, the ads box discloses that sent events cannot be recalled (1.522583ms)
✔ PRO-S1 code mirror: any case and spaces normalise; impossible codes never become a request (0.391042ms)
✔ PRO-S2 promotion object: closed keys, kind/value pairing (0.391417ms)
✔ PRO-S3 quote validator: promotion is optional but never malformed; the discount stays the server's own number (0.563458ms)
✔ PRO-S4 journal grammar: a quote write may carry one canonical promo_code, nothing else (0.658333ms)
✔ PRO-S5 copy: three locales cover every refusal code and the same keys (0.458583ms)
✔ PRO-S6 BFF quote route: promo_code relayed untouched when canonical, refused before the private API otherwise (24.989333ms)
✔ PRO-S7 BFF: every promo_* refusal is a definite, non-retryable 422 with its own code (8.040208ms)
✔ demonstration disclosure is explicit and local-only (1.572958ms)
✔ cart selection preserves unrelated SKUs and the observed CAS version (26.89225ms)
✔ minor amounts are bounded before multiplication, including zero (0.125625ms)
✔ delivery identity includes country for one market and method (0.080166ms)
✔ journal is bound to context and rejects PII/unknown fields (0.242042ms)
✔ lost response replays exact key/body, then clears only after parsed receipt (22.000583ms)
✔ RUI02 buyer order admits MERCHANT_SHIPPED only with a SHIPPED head; absent shipment ≡ null (0.472625ms)
✔ RUI02 shipment shape negatives (incl. unsafe links) (0.242583ms)
✔ RUI02 history summary admits MERCHANT_SHIPPED (a shipped order must not break the list) (0.0725ms)
✔ CVSP01 options: CVS rows carry pickup_selection/payment_modes; unavailable rows are a separate shape (0.34875ms)
✔ CVSP02 CVS destination write: TW only, pickup_id required, empty home address; home unchanged (2.113708ms)
✔ CVSP03 checkoutInput: payment_mode only for CVS rows and only a mode the row offers (0.338917ms)
✔ COD confirmation includes expected fee, enforces collect cap and validates immutable order money (3.316917ms)
✔ CVSP04 buyer order: pay_at_pickup <=> collection_state; cvs_shipment only on a matching CVS destination (0.577833ms)
✔ CVSP05 journal accepts a CVS destination marker and a checkout body with payment_mode, nothing else (0.457583ms)
✔ design: garbage and hostile documents collapse to the safe default shape (1.07425ms)
✔ design: links, preview token propagation, nav resolution (0.118375ms)
✔ design: any merchant accent yields readable button text and link colour (WCAG AA) (0.23825ms)
✔ variants: resolution, disabled out-of-stock combinations, initial choice, price bounds (5.157542ms)
✔ catalog-v2 parsers accept the frozen shapes and refuse drift (0.937875ms)
✔ free-delivery progress words the hint only when a threshold exists (0.237667ms)
✔ list query: only whitelisted, canonical values survive (0.508709ms)
✔ seo: JSON-LD cannot break out of its script tag; offers reflect stock and price range (11.661292ms)
✔ seo: sitemap escapes and carries hreflang; robots refuses everything for a closed host (0.189167ms)
✔ money: whole amounts drop cents, minor digits come from the currency, filters round-trip (0.945959ms)
✔ cart line write: replaces one line, keeps the others, 0 removes, CAS version is the one shown (0.845625ms)
✔ cart problems map to buyer-facing classes without leaking transport detail (0.0835ms)
✔ checkout options accept the optional free-shipping threshold only as a positive integer or null (0.158792ms)
✔ no-image placeholder copy: exactly the locale label a photo-less card or gallery renders (0.04475ms)
✔ G3: same-series cards exclude the current product and never invent absent draft/foreign products (2.040625ms)
✔ G5: safety guidance exists in three languages without changing the five merchant policy approval boundaries (1.581125ms)
✔ G4: category chips omit empty collections; hidden collections absent from the public API stay absent (0.15125ms)
✔ dictionaries have exact parity and non-empty values (0.729208ms)
✔ locale precedence and language quality mapping (2.39675ms)
✔ localized paths preserve deep links and reject dangerous input (5.857542ms)
✔ path locale only matches a canonical first segment (0.252333ms)
✔ the four constructs render (4.331959ms)
✔ XSS payloads stay inert text (1.313458ms)
✔ fuzz: any string over a hostile alphabet renders only whitelisted tags (31.747333ms)
✔ validator mirrors the Go rules (0.202083ms)
✔ SDN1 allowlist: exactly the contract routes, per method (1.494958ms)
✔ SDN1 allowlist: traversal, case, suffix and prefix tricks never match (0.27825ms)
✔ SDN1 request shape: no query string anywhere, reads carry no body, key, length or transfer-encoding (45.901375ms)
✔ SDN1 cap: 260 KiB = Go's 256 KiB document + 4 KiB envelope, and a body of exactly the cap is still below it (0.120125ms)
✔ SDN2 renderer: every XSS payload comes out as whitelisted tags and escaped text only (1.872083ms)
✔ SDN2 renderer: escape-first means the merchant's text never becomes markup (0.287375ms)
✔ SDN2 renderer: fuzz (seeded) never produces a tag outside the whitelist (45.032792ms)
✔ SDN2 client validator rejects what the server rejects (HTML, non-https links, `<` anywhere) (0.392958ms)
✔ cleanForSave turns cleared fields into null but keeps an empty body (0.918708ms)
✔ localIssues names each missing mandatory value by server path (1.18975ms)
✔ moved swaps neighbours and ignores out-of-range moves (0.264959ms)
✔ parsers accept the exact Go shapes and refuse extra or missing keys (1.079416ms)
✔ BFF allowlist covers exactly the design resources (0.518125ms)
✔ validDesignRequest refuses queries and bodies on reads, ignores other paths (26.124125ms)
✔ designDetails forwards only a bounded {path, reason} pair (0.408333ms)
✔ accepts exactly the three locale invite paths with a 20-200 char token (0.440208ms)
✔ rejects anything that is not an exact same-origin relative invite path (0.089209ms)
✔ rejects percent-encoded variants of the exact shape (0.051167ms)
✔ the token is an opaque invite token shape, never a URL (0.045208ms)
✔ fragment carrier: round-trips the exact invite path, is never a query string, and rejects hostile fragments (0.193916ms)
✔ dashboard: accepts the frozen shape, rejects drift (2.534791ms)
✔ import result: strict keys, closed error codes, committed never carries errors (0.275584ms)
✔ csv file guard mirrors the Go bounds (0.07ms)
✔ manual options: a COD home row parses with its offer (D01: the page used to refuse the whole list) (0.680584ms)
✔ manual options: only bank_transfer / pay_at_pickup / cash_on_delivery, key must equal market|country|code (0.121666ms)
✔ manual result: link is https with the order id and a 43-char capability in the fragment only (0.231167ms)
✔ draft: first problem, and the body has no price-like field at all (0.423833ms)
✔ BFF grammar: exactly the seven tools resources (0.091708ms)
✔ regenerate body/result: exactly {order_id, locale} and a fresh https link naming that order (0.148125ms)
✔ copy parity: every locale has every key, import rules and error codes (0.438ms)
✔ callback redirect target is always a same-origin /<locale>/settings path whatever the cookies, store, code or error say (4.821834ms)
✔ the binding cookie: exactly one canonical store uuid, path-scoped to the callback, HttpOnly, Lax, 10 minutes, Secure (0.190458ms)
✔ callback query: exactly one code and one state within charset/length bounds; Meta's error=… and repeats are not forwarded (7.040416ms)
✔ the dialog URL the BFF hands the browser is https://www.facebook.com only (0.245417ms)
✔ callback error mapping only ever yields fixed codes, never an upstream message (0.155375ms)
✔ selected Page qualifies only a bare Facebook id, never rewrites another Page or external URL (0.591917ms)
✔ status: not connected, connected with and without Instagram, and every deviation throws (2.613958ms)
✔ pick state: closed shape, optional Instagram keys come as a pair, id must match (0.591916ms)
✔ route grammar: only status/states/pick/disconnect; start and callback are dedicated routes; no query; reads carry no body or key (32.406167ms)
✔ connect cookie, body and callback redirect never carry code/state and only fixed codes (0.299625ms)
✔ copy: three locales have the same keys and every Go error code has a message (0.096459ms)
✔ D02 TWD input: whole dollars only, x100 on the wire (30.984709ms)
✔ D02 TWD edit text: whole dollars have no decimals; a legacy amount with cents is never shown as another price (0.918291ms)
✔ D02 display: NT$ without decimals in every language, cents only when there are cents (1.176125ms)
✔ D02 live-price input (Studio claims): TWD whole dollars, other currencies their decimals (0.1825ms)
✔ D02 discount code amounts: TWD whole dollars, a decimal is refused before it is sent (0.254708ms)
✔ D02 no admin copy or component says 'minor units' to the merchant (48.265917ms)
✔ M06 time: Asia/Taipei everywhere, labelled, never UTC (6.79625ms)
✔ settings answer: exactly one boolean key (0.697417ms)
✔ PUT body is the frozen single key (0.061167ms)
✔ BFF grammar: GET read, PUT keyed command, nothing else (0.185667ms)
✔ copy: three locales, same keys, no empty text (0.117334ms)
✔ PRM01 parse: exact keys, kind/value pairing and ranges; duplicates and unknown keys are refused (7.62875ms)
✔ PRM02 Taipei wall time: +08:00 on the wire, instant shown back in Taipei, impossible dates refused (28.703583ms)
✔ PRM03 create body: normalised code, major units to minor units, optional fields null, whole body validated (4.292ms)
✔ PRM04 update + toggle: version CAS key, form round trip, pause keeps every other field (0.781667ms)
✔ PRM05 BFF grammar: exactly list, create and update; nothing generic (0.347375ms)
✔ PRM06 copy: three locales carry the same keys and every refusal code the Go routes can answer (0.352917ms)
✔ G-UI3/G-UI5 architecture constraints pass with shrinking legacy exceptions (322.049042ms)
✔ G-UI3/G-UI5 negatives: new formatter, component fetch, >800 lines and wider allowance fail (0.364875ms)
✔ G-UI1 Next pages and route registry are bidirectional, unique, typed, documented (2.2985ms)
✔ G-UI1 copy key parity: no missing or extra key in any locale (0.089375ms)
✔ G-UI2 staff without catalog:read cannot see products/inventory or open a product URL (0.211042ms)
✔ G-UI2 every route permission is a permission Go knows, and /orders/new needs inventory:reserve (129.310375ms)
✔ G-UI1 dynamic and public routes match, details never appear as navigation (0.20575ms)
✔ created address is a strict HTTPS origin matching the assigned handle (1.223875ms)
✔ DNS instructions must name the requested origin and a bare hostname target (0.614541ms)
✔ domain kind is authoritative and closed, not inferred from host or token (0.313166ms)
✔ apex DNS retains every concrete IPv4/IPv6 address and rejects malformed values (0.893292ms)
✔ pending domain journal preserves exact action/key/target; legacy or corrupt markers never replay (0.455958ms)
✔ browser-origin gate: every refusal happens before Go is called, for every action (10.700083ms)
✔ only POST exists on the team routes (0.625208ms)
✔ unknown action is a local 404 and never reaches Go (0.256084ms)
✔ strict request grammar: wrong keys, types, ids, roles, locales and token shapes are 422 locally (2.124709ms)
✔ what reaches Go: BFF key, bearer from the cookie, no Cookie/Origin, body unchanged, exactly one call per request (22.286083ms)
✔ Go failures are rebuilt locally from allow-listed codes, never retried, and never echo the token (8.402458ms)
✔ team answer: accepts the frozen shape, null role and OIDC member without email (1.10975ms)
✔ team answer: unknown key, unknown role, bad id, bad mail state are rejected (0.6615ms)
✔ invite and accept answers are strict (0.793541ms)
✔ request grammar: every action has an exact key set and rejects junk values (0.288959ms)
✔ copy: three locales carry the same keys and a label for every role (0.609875ms)
✔ role-aware navigation: hides entries the member's permissions cannot use; unknown shows all; Team is owner-only (0.260208ms)
✔ positive control: a complete, valid configuration raises no META_LOGIN finding (887.81775ms)
✔ feature off (COMMERCE_META_LOGIN_CONFIG_ID empty): no rule applies even with the other keys empty (179.538458ms)
✔ P06: the Page route needs the webhook receiver (151.219041ms)
✔ P06: sessions come from identity (165.330792ms)
✔ P06: without the claims profile nobody sends the private replies (a WARN, not a FAIL) (145.670291ms)
✔ P08: COMMERCE_META_LOGIN_CONFIG_ID must be numeric ("abc") (142.891625ms)
✔ P08: COMMERCE_META_LOGIN_CONFIG_ID must be numeric ("12 34") (161.965834ms)
✔ P08: COMMERCE_META_LOGIN_CONFIG_ID must be numeric ("111111111111") (195.477334ms)
✔ P08: COMMERCE_META_LOGIN_CONFIG_ID must be numeric ("0x10") (151.276708ms)
✔ P08: COMMERCE_META_LOGIN_CONFIG_ID must be numeric ("-1") (163.454041ms)
✔ P08: COMMERCE_META_LOGIN_REDIRECT_URI must be exactly https://<LC_ADMIN_HOST>/api/meta/callback (wrong host) (148.170125ms)
✔ P08: COMMERCE_META_LOGIN_REDIRECT_URI must be exactly https://<LC_ADMIN_HOST>/api/meta/callback (http scheme) (141.211292ms)
✔ P08: COMMERCE_META_LOGIN_REDIRECT_URI must be exactly https://<LC_ADMIN_HOST>/api/meta/callback (the ads callback path) (146.611708ms)
✔ P08: COMMERCE_META_LOGIN_REDIRECT_URI must be exactly https://<LC_ADMIN_HOST>/api/meta/callback (trailing slash) (155.4055ms)
✔ P08: COMMERCE_META_LOGIN_REDIRECT_URI must be exactly https://<LC_ADMIN_HOST>/api/meta/callback (query string) (151.746125ms)
✔ P08: COMMERCE_META_LOGIN_REDIRECT_URI must be exactly https://<LC_ADMIN_HOST>/api/meta/callback (empty) (143.352792ms)
✔ P08: COMMERCE_META_LOGIN_GRAPH_VERSION grammar vNN.N ("26.0") (149.952958ms)
✔ P08: COMMERCE_META_LOGIN_GRAPH_VERSION grammar vNN.N ("v26") (162.406208ms)
✔ P08: COMMERCE_META_LOGIN_GRAPH_VERSION grammar vNN.N ("v26.0.1") (141.598125ms)
✔ P08: COMMERCE_META_LOGIN_GRAPH_VERSION grammar vNN.N ("latest") (144.368833ms)
✔ P08: COMMERCE_META_LOGIN_GRAPH_VERSION grammar vNN.N ("") (142.986542ms)
✔ P08: COMMERCE_META_LOGIN_GRAPH_VERSION grammar vNN.N ("v1000.0") (139.708917ms)
✔ P08: COMMERCE_META_LOGIN_GRAPH_VERSION accepts v26.0 (144.462959ms)
✔ P08: COMMERCE_META_LOGIN_GRAPH_VERSION accepts v22.0 (142.188333ms)
✔ P08: COMMERCE_META_LOGIN_GRAPH_VERSION accepts v99.9 (140.217583ms)
✔ destructive / irreversible / sign-out classification (owner list, en + zh) (1.687042ms)
✔ alike controls (rows with ids / numbers) share one class key (0.760917ms)
✔ known defects classify, never silence: stale entries are reported (0.818625ms)
✔ the markdown ledger has one row per interaction and names the verdict (0.396667ms)
✔ protocolHrefOK accepts well-formed tel:/mailto: and rejects malformed ones (0.399125ms)
ℹ tests 318
ℹ suites 0
ℹ pass 317
ℹ fail 1
ℹ cancelled 0
ℹ skipped 0
ℹ todo 0
ℹ duration_ms 5309.305584

✖ failing tests:

test at apps/storefront/tests/privacy-contract.test.mjs:20:1
✖ policy version is the frozen constant, in the customers-core D4 shape (1.3565ms)
  AssertionError [ERR_ASSERTION]: Expected values to be strictly equal:
  + actual - expected

  + 'lc-2026-10-attribution'
  - 'lc-2026-10'
               ^

      at TestContext.<anonymous> (file:///Volumes/data/live_commerce_architecture_v1/.worktrees/ads-attribution/apps/storefront/tests/privacy-contract.test.mjs:21:10)
      at Test.runInAsyncScope (node:async_hooks:227:14)
      at Test.run (node:internal/test_runner/test:1201:25)
      at Test.start (node:internal/test_runner/test:1096:17)
      at startSubtestAfterBootstrap (node:internal/test_runner/harness:385:17) {
    generatedMessage: true,
    code: 'ERR_ASSERTION',
    actual: 'lc-2026-10-attribution',
    expected: 'lc-2026-10',
    operator: 'strictEqual',
    diff: 'simple'
  }
