✔ /products/{uuid} redirects permanently to the zh-TW product page (91.454417ms)
✔ non-uuid ids are 404, never redirected (2.74375ms)
✔ AT1: the locale redirect preserves the ad-click query without allowing a redirect target (2.030667ms)
✔ AT1 R5: browser identity survives expired touch and rolls for ninety days (42.668375ms)
✔ AT1 R5: missing ad parameters create no cookies; fbclid alone creates no touch (0.717ms)
✔ AT1 R5: lc_ad alone updates attribution and does not replace fbc (1.203333ms)
✔ AT1: host-only first-party cookies contain no PII and read back exactly (1.370167ms)
✔ AT1: a later valid click replaces the draft but preserves the browser identifier (0.776041ms)
✔ AT1: malformed and ambiguous links do not overwrite a valid prior touch (1.242875ms)
✔ AT1: host and key binding reject copied cookies (0.498583ms)
✔ AT1: duplicates and tampering invalidate the entire envelope (0.329083ms)
✔ AT1: exactly seven days is valid, the next millisecond and future clicks are not (0.376792ms)
✔ transfer view: closed shape and state rules mirror Go validTransferView (1.828042ms)
✔ proof body and result: five digits, positive minor amount, ISO instant (0.465792ms)
✔ minorFromText: major units with at most two decimals, never a float surprise (0.243291ms)
✔ buyer email mirror: one plain address, 254 characters at most (0.246417ms)
✔ countdown: whole hours and minutes, never negative (0.828459ms)
✔ copy: three locales carry every key and every refusal code (0.458125ms)
✔ options: a home row lists modes only with bank_transfer and then needs its window (0.609625ms)
✔ checkoutInput: a home bank_transfer body, the optional trimmed email, and every refusal before any request (0.960208ms)
✔ order: AWAITING_TRANSFER is a valid commercial state without a hold time (0.438875ms)
✔ BFF: exact transfer routes, keyed proof PUT, strict body, validated answers, no generic proxy (125.996583ms)
✔ BFF: transfer refusal codes pass through as definite 422; checkout accepts bank_transfer and a valid email only (2.910958ms)
✔ D06 order heading follows a settled transfer: never 'waiting for transfer' above a confirmed or expired one (0.231375ms)
✔ uncertain prepare blocks all mutations; changed cookie context resolves journal (90.271958ms)
✔ fully parsed local denial clears only its own pending operation (12.054458ms)
✔ malformed journal, unavailable lock and stale context fail before writes (8.146125ms)
✔ BPT05 exact handoff permits absent body/key, one fetch, no form persistence (89.544167ms)
✔ BPT05 wrong handoff form and ordinary writes fail before any fetch (1.370708ms)
✔ BPT05 unresolved cookie journal blocks handoff; lost response is one fetch without persistence (0.446208ms)
✔ SU02 refresh permits absent body/key, one fetch, no persistence (0.425667ms)
✔ SU02 refresh rejects a body, a key or a malformed path before any fetch (0.350166ms)
✔ SU02 cancel permits absent body/key, one fetch, no persistence (0.264542ms)
✔ SU02 cancel rejects a body, a key or a malformed path before any fetch (0.336167ms)
✔ BPT01 exact private path, headers, body and three-locale one-fetch transport (168.206125ms)
✔ BPT02 payment routes reject untrusted path, context, headers, key and body before fetch (29.048667ms)
✔ BPT03 hostile upstream success is sanitized, never returned as payment data (3.86625ms)
✔ BPT04 every handoff failure is nonretryable, including pre-route and transport loss (1.171667ms)
✔ SU02 five routes: exact upstream path, method, key, body, one fetch each (0.812792ms)
✔ SU02 refresh and cancel are keyless and pass every CSRF/context denial before fetch (9.965416ms)
✔ SU02 every handoff/refresh/cancel failure is nonretryable and sanitized (8.458ms)
✔ SU02 hostile Stripe bodies become the sanitized 503; PAYUNi and Stripe bodies stay byte-identical (4.00625ms)
✔ SU02 prepare accepts only the two known method codes (0.443042ms)
✔ disabled and invalid configuration fail closed before private fetch (105.0295ms)
✔ private authority, cookie lifecycle and strict local denial (32.817459ms)
✔ bad host, cookie, query and method never reach private API (2.776625ms)
✔ stalled inbound POST body is canceled at its deadline without a cookie or private call (2.208333ms)
✔ CVS BFF: exact routes, keyed open/store, keyless verify, validated answers, no generic proxy (34.332958ms)
✔ CVS BFF: contract refusal codes pass through; pay_at_pickup_limit is a definite (non-retryable) 429 (4.580334ms)
✔ fragment grammar accepts only one canonical token (1.121209ms)
✔ claim projections are closed (0.708583ms)
✔ claim token rides only its header on B1/B2 and is never echoed (87.549334ms)
✔ CVS01 map form: only the two ECPay e-map actions, exact fields, top-level-safe values (1.229541ms)
✔ CVS02 return path allowlist excludes /claim and anything but the checkout or product page (0.395417ms)
✔ CVS03 selection projection: VERIFIED<=>pickup, REJECTED<=>reject_code, absent keys read as null (67.214125ms)
✔ CVS04 buyer-entered store answer and request body (1.1925ms)
✔ CVS05 store code table (§16.1) keeps leading zeros and per-chain lengths (0.729375ms)
✔ CVS06 recipient mirror: real-name width 4..10 (CJK=2), no digits/symbols/emoji; 09 mobile (0.909125ms)
✔ CVS07 checkout draft: name, phone and mode only; read once; corrupt/foreign shapes are dropped (0.976959ms)
✔ CVS08 return URL: only ?cvs_selection=<uuid> is accepted (0.282291ms)
✔ CVS09 buyer order projection and copy keys: nothing but PICKED_UP says picked up (1.90025ms)
✔ CVS10 error codes: field mapping, definite refusals, official links are https constants (1.520416ms)
✔ CVS11 client transport: verify is the one new keyless POST; the server refusal code rides BuyerClientError.detail (55.524375ms)
✔ every locale x page has a title, an updated line and at least one section (1.4245ms)
✔ locales share the section count and per-section body count of every page (1.846916ms)
✔ final text is only the owner-confirmed company facts (CR 81215167 name + registered address); nothing else is final (0.597417ms)
✔ footer has 7 unique hrefs: 5 policies, anti-fraud guidance and data-deletion, per locale (1.787167ms)
✔ data-deletion path is named in the privacy page of every locale (0.140709ms)
✔ pendingOwnerText lists exactly the rendered markers and is written for the owner (1.44325ms)
✔ a live (claim-origin) price replaces the catalog price and strikes it through (0.575292ms)
✔ without a live price the catalog price and its compare-at are shown unchanged (0.062542ms)
✔ a live price equal to or above the catalog price is shown as set (strike hidden by the UI guard) (0.053417ms)
✔ a live price strikes the catalog price, never the variant sale price (0.048708ms)
✔ order ref: 12 hex (dashes or spaces, any case) or a full id (0.457791ms)
✔ contact: one email or a phone of 6..20 digits (0.139ms)
✔ body is exactly {order_ref, contact}; the answer is exactly {order_id} (0.124458ms)
✔ BFF lookup: no cookie needed, fresh token goes upstream, cookie only on 200 and it carries that same token (54.737333ms)
✔ BFF lookup: strict local denial before any private fetch (34.050208ms)
✔ copy: three locales carry every key (4.118583ms)
✔ MS4 srcset descriptors use actual decoded widths and deduplicate small renditions (0.371708ms)
✔ MS1 product rendition allowlist preserves trusted Host and never forwards buyer cookies (65.838166ms)
✔ MS2 invalid, duplicate, extra, encoded widths and non-product variants fail before fetch (3.589208ms)
✔ MS3 old-image fallback is never promoted to immutable; committed variants are cacheable (4.761167ms)
✔ TWD whole amounts show no decimals in every locale and at every magnitude (line, subtotal, total, zero) (51.040792ms)
✔ cents appear only when there are cents, then always as two digits; the minor-unit arithmetic is untouched (0.18525ms)
✔ digits come from the currency: JPY none, USD two when there are cents (2.904041ms)
✔ one formatter: no component, page or lib builds a currency Intl.NumberFormat outside lib/money.ts (79.143916ms)
✔ fragment: exactly #o=<order id>&t=<43-char token>; anything else is null (5.707292ms)
✔ body is exactly {order_id, token, proof}; the answer is exactly the order the link named (0.336792ms)
✔ BFF link: no cookie needed, fresh token upstream, cookie only on a 200 naming the same order, link token never echoed (53.171667ms)
✔ BFF link: strict local denial before any private fetch (4.10275ms)
✔ copy: three locales, one refusal text, a retry and a lookup path (0.218416ms)
✔ BPU01 fresh payment writes exact metadata before prepare, one bodyless Take, no persistent form (104.7035ms)
✔ BPU01 lost prepare response replays original key/body only on explicit next click (16.192458ms)
✔ BPU01 lost handoff is permanently GET-only, even after a second click (7.608083ms)
✔ BPU01 storage, amount, scope and child/screen fences reject before irreversible writes (10.338166ms)
✔ BPU01 document/child loss after prepare but before Take leaves exact replay marker (4.063708ms)
✔ BPU01 malformed server handoff never submits and Take remains nonretryable (2.359083ms)
✔ BPU01 marker replacement before Take and after Take blocks release/form reuse (3.388333ms)
✔ BPU01 context replacement after prepare and after Take closes destination without form (2.70325ms)
✔ BPU01 synchronous destination refuses invalid locale before opening a window (0.831541ms)
✔ SU03 fresh Stripe pay: marker before prepare, one prepare, one handoff, navigate, URL never stored (4.178208ms)
✔ SU03 marker replay: lost prepare response replays key/body, no uncertain on PENDING view with leftover marker (4.967375ms)
✔ SU03 cross-device Continue needs no marker and never prepares (0.950709ms)
✔ SU03 marker/view matrix: PAYUNi marker on Stripe view and Stripe marker on PAYUNi view send nothing (69.964333ms)
✔ SU03 any other view renders without a POST (2.132334ms)
✔ SU03 CREATING: waits on the schedule without the lock, then hands off once when READY (26.257791ms)
✔ SU03 CREATING budget: 10 reads over 30 s, then the blank child is closed, no POST, no throw (22.629458ms)
✔ SU03 cancel_requested seen on the re-GET aborts before the handoff POST (1.062208ms)
✔ SU03 handoff outcomes: CREATING closes child, CLOSED/UNAVAILABLE/error/malformed reject; one POST each, never retried (11.268917ms)
✔ SU03 Stripe prepare errors, amount/currency mismatch and popup loss stop before any handoff (7.133542ms)
✔ SU03 two clicks make two handoff POSTs only because there were two clicks; sequential, none from reads (3.36175ms)
✔ SU03 navigate: validates again, needs an owned blank child, sets used before replace, no URL in errors (1.014541ms)
✔ SU03 refresh signal: keyless single POST, validated, throttled 1/10 s and 30 per page life, cancel never throttled (59.038875ms)
✔ SU03 signal failures are single-shot and sanitized: HTTP error, malformed body, wrong order (3.81625ms)
✔ private quote/option authority fields are required; only exact MANUAL home can checkout (3.161125ms)
✔ continue shopping advances only ordered version, clears hint, keeps SQL history authoritative (30.354459ms)
✔ lost next-cart response retries identical key/body and preserves a newer cart (2.213084ms)
✔ continuation never overwrites an already advanced cart (2.092792ms)
✔ unknown checkout blocks continuation without any business request (25.341708ms)
✔ two queued continuation clicks mutate once; stale order ID cannot clear another order (6.617334ms)
✔ CAS conflict resolves only after a newer cart is read (2.195167ms)
✔ locator removal failure retains next-cart journal and recovery survives missing locator (1.765042ms)
✔ order history summary rejects PII/unknown fields and malformed scope IDs (0.256583ms)
✔ native address validation mirrors printable Unicode, limits and phone; journal forbids PII (12.800042ms)
✔ address lost reply replays exact in-memory intent, then confirms current head (23.123292ms)
✔ address reload requires explicit new intent and exact observed CAS; stale head never auto-bumps (5.365625ms)
✔ old address receipt cannot confirm another tab's newer current head (0.696791ms)
✔ a late address CAS winner requires another explicit confirmation, not an automatic version bump (9.971084ms)
✔ checkout lost reply, queued duplicate and current GET reuse one key and one order (5.270292ms)
✔ uncertain checkout retains original journal across later 401/403/404/5xx and malformed success (14.820709ms)
✔ only a fresh definitive denial clears checkout; no order locator is invented (0.76325ms)
✔ locator storage failure after commit retains same key; reload GET failure keeps locator (5.587583ms)
✔ locator persisted but journal removal failed resumes pending receipt, not unrelated pointer (4.255042ms)
✔ unavailable storage, invalid locator and late changed context fail closed (0.743417ms)
✔ order locator readback mismatch and no-op journal removal both retain checkout recovery (1.076ms)
✔ BPT03 exact valid projection and Go nanosecond UTC timestamps (2.826417ms)
✔ BPT03 view rejects private fields, inconsistent state and malformed names (0.417625ms)
✔ BPT03 prepared receipt enforces exact original credit-card amount (0.157375ms)
✔ BPT03 hosted form and replay are exact, bounded and action-allowlisted (0.592792ms)
✔ SU01 Stripe views: fresh, both methods, attempt states, PAYUNi unchanged (0.360458ms)
✔ SU01 Stripe view negatives (0.277667ms)
✔ SU01 prepared amounts follow the corrected per-currency table (0.269792ms)
✔ SU01 Stripe handoff union and every redirect_url negative (0.544958ms)
✔ SU01 payment signal is exactly {order_id, scheduled:boolean} (0.251708ms)
✔ RUI01 refund summary: refunded states, pending money, absent ≡ null (0.343084ms)
✔ RUI01 refund summary negatives (0.286875ms)
✔ BPU03 neutral GET and POST return ignore every callback field and cookie (106.932917ms)
✔ primary origin: exact path/query, same host, and no URL-controlled destination (8.499ms)
✔ GET and HEAD use trusted Host, private bounded uncached resolver and exact 301 (59.98475ms)
✔ no writes redirected; resolution failures fail closed; unknown hosts keep native 404 (1.664208ms)
✔ policy version is the frozen constant, in the customers-core D4 shape (20.506792ms)
✔ route table: exactly the four buyer privacy routes, methods and body kinds (1.384833ms)
✔ body shapes are closed and mirror the frozen Go inputs (no source, no policy_version) (0.212ms)
✔ GET privacy validator: closed shape, erased owner holds no consent (0.255833ms)
✔ consent result and erasure summary validators (0.429875ms)
✔ buyer export envelope never carries customer_id (0.871375ms)
✔ failure classification: 410 and erased are the erased state (0.102709ms)
✔ copy: every locale has the same keys, the ads box discloses that sent events cannot be recalled (0.22175ms)
✔ PRO-S1 code mirror: any case and spaces normalise; impossible codes never become a request (0.532042ms)
✔ PRO-S2 promotion object: closed keys, kind/value pairing (0.247208ms)
✔ PRO-S3 quote validator: promotion is optional but never malformed; the discount stays the server's own number (0.465916ms)
✔ PRO-S4 journal grammar: a quote write may carry one canonical promo_code, nothing else (0.911ms)
✔ PRO-S5 copy: three locales cover every refusal code and the same keys (0.836959ms)
✔ PRO-S6 BFF quote route: promo_code relayed untouched when canonical, refused before the private API otherwise (87.45625ms)
✔ PRO-S7 BFF: every promo_* refusal is a definite, non-retryable 422 with its own code (12.516417ms)
✔ demonstration disclosure is explicit and local-only (1.32925ms)
✔ cart selection preserves unrelated SKUs and the observed CAS version (13.995791ms)
✔ minor amounts are bounded before multiplication, including zero (0.086292ms)
✔ delivery identity includes country for one market and method (0.253208ms)
✔ journal is bound to context and rejects PII/unknown fields (0.525833ms)
✔ lost response replays exact key/body, then clears only after parsed receipt (40.572917ms)
✔ RUI02 buyer order admits MERCHANT_SHIPPED only with a SHIPPED head; absent shipment ≡ null (1.285ms)
✔ RUI02 shipment shape negatives (incl. unsafe links) (0.554917ms)
✔ RUI02 history summary admits MERCHANT_SHIPPED (a shipped order must not break the list) (0.177792ms)
✔ CVSP01 options: CVS rows carry pickup_selection/payment_modes; unavailable rows are a separate shape (0.732458ms)
✔ CVSP02 CVS destination write: TW only, pickup_id required, empty home address; home unchanged (110.74725ms)
✔ CVSP03 checkoutInput: payment_mode only for CVS rows and only a mode the row offers (3.584125ms)
✔ COD confirmation includes expected fee, enforces collect cap and validates immutable order money (0.554041ms)
✔ CVSP04 buyer order: pay_at_pickup <=> collection_state; cvs_shipment only on a matching CVS destination (1.576958ms)
✔ CVSP05 journal accepts a CVS destination marker and a checkout body with payment_mode, nothing else (4.18025ms)
✔ design: garbage and hostile documents collapse to the safe default shape (2.13975ms)
✔ design: links, preview token propagation, nav resolution (0.270417ms)
✔ design: any merchant accent yields readable button text and link colour (WCAG AA) (0.526833ms)
✔ variants: resolution, disabled out-of-stock combinations, initial choice, price bounds (0.332ms)
✔ catalog-v2 parsers accept the frozen shapes and refuse drift (0.855166ms)
✔ free-delivery progress words the hint only when a threshold exists (0.214083ms)
✔ list query: only whitelisted, canonical values survive (0.573459ms)
✔ seo: JSON-LD cannot break out of its script tag; offers reflect stock and price range (29.057792ms)
✔ seo: sitemap escapes and carries hreflang; robots refuses everything for a closed host (0.720792ms)
✔ money: whole amounts drop cents, minor digits come from the currency, filters round-trip (1.629584ms)
✔ cart line write: replaces one line, keeps the others, 0 removes, CAS version is the one shown (2.178ms)
✔ cart problems map to buyer-facing classes without leaking transport detail (0.201958ms)
✔ checkout options accept the optional free-shipping threshold only as a positive integer or null (0.3975ms)
✔ no-image placeholder copy: exactly the locale label a photo-less card or gallery renders (0.122916ms)
✔ G3: same-series cards exclude the current product and never invent absent draft/foreign products (3.01775ms)
✔ G5: safety guidance exists in three languages without changing the five merchant policy approval boundaries (1.523583ms)
✔ G4: category chips omit empty collections; hidden collections absent from the public API stay absent (0.159291ms)
✔ dictionaries have exact parity and non-empty values (1.456208ms)
✔ locale precedence and language quality mapping (8.47225ms)
✔ localized paths preserve deep links and reject dangerous input (2.334834ms)
✔ path locale only matches a canonical first segment (1.347667ms)
✔ the four constructs render (1.312042ms)
✔ XSS payloads stay inert text (1.019125ms)
✔ fuzz: any string over a hostile alphabet renders only whitelisted tags (11.883ms)
✔ validator mirrors the Go rules (0.328708ms)
✔ SDN1 allowlist: exactly the contract routes, per method (1.396458ms)
✔ SDN1 allowlist: traversal, case, suffix and prefix tricks never match (0.516292ms)
✔ SDN1 request shape: no query string anywhere, reads carry no body, key, length or transfer-encoding (21.988292ms)
✔ SDN1 cap: 260 KiB = Go's 256 KiB document + 4 KiB envelope, and a body of exactly the cap is still below it (0.110833ms)
✔ SDN2 renderer: every XSS payload comes out as whitelisted tags and escaped text only (1.540083ms)
✔ SDN2 renderer: escape-first means the merchant's text never becomes markup (0.312292ms)
✔ SDN2 renderer: fuzz (seeded) never produces a tag outside the whitelist (16.596375ms)
✔ SDN2 client validator rejects what the server rejects (HTML, non-https links, `<` anywhere) (0.421834ms)
✔ cleanForSave turns cleared fields into null but keeps an empty body (2.153208ms)
✔ localIssues names each missing mandatory value by server path (3.976083ms)
✔ moved swaps neighbours and ignores out-of-range moves (0.548875ms)
✔ parsers accept the exact Go shapes and refuse extra or missing keys (1.215584ms)
✔ BFF allowlist covers exactly the design resources (3.858875ms)
✔ validDesignRequest refuses queries and bodies on reads, ignores other paths (23.89375ms)
✔ designDetails forwards only a bounded {path, reason} pair (0.460542ms)
✔ accepts exactly the three locale invite paths with a 20-200 char token (0.932ms)
✔ rejects anything that is not an exact same-origin relative invite path (0.215833ms)
✔ rejects percent-encoded variants of the exact shape (0.117041ms)
✔ the token is an opaque invite token shape, never a URL (0.115042ms)
✔ fragment carrier: round-trips the exact invite path, is never a query string, and rejects hostile fragments (0.446084ms)
✔ dashboard: accepts the frozen shape, rejects drift (2.827792ms)
✔ import result: strict keys, closed error codes, committed never carries errors (0.402833ms)
✔ csv file guard mirrors the Go bounds (0.260125ms)
✔ manual options: a COD home row parses with its offer (D01: the page used to refuse the whole list) (1.797917ms)
✔ manual options: only bank_transfer / pay_at_pickup / cash_on_delivery, key must equal market|country|code (0.459958ms)
✔ manual result: link is https with the order id and a 43-char capability in the fragment only (0.566208ms)
✔ draft: first problem, and the body has no price-like field at all (0.866583ms)
✔ BFF grammar: exactly the seven tools resources (0.178417ms)
✔ regenerate body/result: exactly {order_id, locale} and a fresh https link naming that order (0.312792ms)
✔ copy parity: every locale has every key, import rules and error codes (0.909ms)
✔ callback redirect target is always a same-origin /<locale>/settings path whatever the cookies, store, code or error say (3.261458ms)
✔ the binding cookie: exactly one canonical store uuid, path-scoped to the callback, HttpOnly, Lax, 10 minutes, Secure (0.2675ms)
✔ callback query: exactly one code and one state within charset/length bounds; Meta's error=… and repeats are not forwarded (1.513208ms)
✔ the dialog URL the BFF hands the browser is https://www.facebook.com only (0.344875ms)
✔ callback error mapping only ever yields fixed codes, never an upstream message (0.285709ms)
✔ selected Page qualifies only a bare Facebook id, never rewrites another Page or external URL (1.125584ms)
✔ status: not connected, connected with and without Instagram, and every deviation throws (2.487583ms)
✔ pick state: closed shape, optional Instagram keys come as a pair, id must match (0.416792ms)
✔ route grammar: only status/states/pick/disconnect; start and callback are dedicated routes; no query; reads carry no body or key (50.598167ms)
✔ connect cookie, body and callback redirect never carry code/state and only fixed codes (0.665625ms)
✔ copy: three locales have the same keys and every Go error code has a message (0.201708ms)
✔ D02 TWD input: whole dollars only, x100 on the wire (59.064125ms)
✔ D02 TWD edit text: whole dollars have no decimals; a legacy amount with cents is never shown as another price (0.326458ms)
✔ D02 display: NT$ without decimals in every language, cents only when there are cents (2.458208ms)
✔ D02 live-price input (Studio claims): TWD whole dollars, other currencies their decimals (0.55925ms)
✔ D02 discount code amounts: TWD whole dollars, a decimal is refused before it is sent (0.962292ms)
✔ D02 no admin copy or component says 'minor units' to the merchant (95.101875ms)
✔ M06 time: Asia/Taipei everywhere, labelled, never UTC (8.156417ms)
✔ settings answer: exactly one boolean key (0.884833ms)
✔ PUT body is the frozen single key (0.144417ms)
✔ BFF grammar: GET read, PUT keyed command, nothing else (0.290542ms)
✔ copy: three locales, same keys, no empty text (0.25675ms)
✔ PRM01 parse: exact keys, kind/value pairing and ranges; duplicates and unknown keys are refused (8.032375ms)
✔ PRM02 Taipei wall time: +08:00 on the wire, instant shown back in Taipei, impossible dates refused (16.325458ms)
✔ PRM03 create body: normalised code, major units to minor units, optional fields null, whole body validated (4.483916ms)
✔ PRM04 update + toggle: version CAS key, form round trip, pause keeps every other field (0.840334ms)
✔ PRM05 BFF grammar: exactly list, create and update; nothing generic (0.387916ms)
✔ PRM06 copy: three locales carry the same keys and every refusal code the Go routes can answer (0.296792ms)
✔ G-UI3/G-UI5 architecture constraints pass with shrinking legacy exceptions (436.338417ms)
✔ G-UI3/G-UI5 negatives: new formatter, component fetch, >800 lines and wider allowance fail (0.528125ms)
✔ G-UI1 Next pages and route registry are bidirectional, unique, typed, documented (6.381167ms)
✔ G-UI1 copy key parity: no missing or extra key in any locale (0.979916ms)
✔ G-UI2 staff without catalog:read cannot see products/inventory or open a product URL (0.296541ms)
✔ G-UI2 every route permission is a permission Go knows, and /orders/new needs inventory:reserve (210.353166ms)
✔ G-UI1 dynamic and public routes match, details never appear as navigation (0.698167ms)
✔ created address is a strict HTTPS origin matching the assigned handle (0.954208ms)
✔ DNS instructions must name the requested origin and a bare hostname target (0.558375ms)
✔ domain kind is authoritative and closed, not inferred from host or token (0.319459ms)
✔ apex DNS retains every concrete IPv4/IPv6 address and rejects malformed values (2.016292ms)
✔ pending domain journal preserves exact action/key/target; legacy or corrupt markers never replay (0.7395ms)
✔ browser-origin gate: every refusal happens before Go is called, for every action (16.338208ms)
✔ only POST exists on the team routes (1.465958ms)
✔ unknown action is a local 404 and never reaches Go (0.898666ms)
✔ strict request grammar: wrong keys, types, ids, roles, locales and token shapes are 422 locally (4.347917ms)
✔ what reaches Go: BFF key, bearer from the cookie, no Cookie/Origin, body unchanged, exactly one call per request (35.252125ms)
✔ Go failures are rebuilt locally from allow-listed codes, never retried, and never echo the token (15.198917ms)
✔ team answer: accepts the frozen shape, null role and OIDC member without email (1.809583ms)
✔ team answer: unknown key, unknown role, bad id, bad mail state are rejected (0.984375ms)
✔ invite and accept answers are strict (2.609708ms)
✔ request grammar: every action has an exact key set and rejects junk values (0.515125ms)
✔ copy: three locales carry the same keys and a label for every role (1.147667ms)
✔ role-aware navigation: hides entries the member's permissions cannot use; unknown shows all; Team is owner-only (0.469917ms)
✔ positive control: a complete, valid configuration raises no META_LOGIN finding (923.046625ms)
✔ feature off (COMMERCE_META_LOGIN_CONFIG_ID empty): no rule applies even with the other keys empty (173.585333ms)
✔ P06: the Page route needs the webhook receiver (160.112917ms)
✔ P06: sessions come from identity (177.768ms)
✔ P06: without the claims profile nobody sends the private replies (a WARN, not a FAIL) (150.658542ms)
✔ P08: COMMERCE_META_LOGIN_CONFIG_ID must be numeric ("abc") (143.271417ms)
✔ P08: COMMERCE_META_LOGIN_CONFIG_ID must be numeric ("12 34") (175.806625ms)
✔ P08: COMMERCE_META_LOGIN_CONFIG_ID must be numeric ("111111111111") (187.958084ms)
✔ P08: COMMERCE_META_LOGIN_CONFIG_ID must be numeric ("0x10") (179.60575ms)
✔ P08: COMMERCE_META_LOGIN_CONFIG_ID must be numeric ("-1") (178.37825ms)
✔ P08: COMMERCE_META_LOGIN_REDIRECT_URI must be exactly https://<LC_ADMIN_HOST>/api/meta/callback (wrong host) (173.186ms)
✔ P08: COMMERCE_META_LOGIN_REDIRECT_URI must be exactly https://<LC_ADMIN_HOST>/api/meta/callback (http scheme) (177.907084ms)
✔ P08: COMMERCE_META_LOGIN_REDIRECT_URI must be exactly https://<LC_ADMIN_HOST>/api/meta/callback (the ads callback path) (219.511917ms)
✔ P08: COMMERCE_META_LOGIN_REDIRECT_URI must be exactly https://<LC_ADMIN_HOST>/api/meta/callback (trailing slash) (215.655333ms)
✔ P08: COMMERCE_META_LOGIN_REDIRECT_URI must be exactly https://<LC_ADMIN_HOST>/api/meta/callback (query string) (249.193416ms)
✔ P08: COMMERCE_META_LOGIN_REDIRECT_URI must be exactly https://<LC_ADMIN_HOST>/api/meta/callback (empty) (168.860375ms)
✔ P08: COMMERCE_META_LOGIN_GRAPH_VERSION grammar vNN.N ("26.0") (166.390959ms)
✔ P08: COMMERCE_META_LOGIN_GRAPH_VERSION grammar vNN.N ("v26") (157.080417ms)
✔ P08: COMMERCE_META_LOGIN_GRAPH_VERSION grammar vNN.N ("v26.0.1") (158.613792ms)
✔ P08: COMMERCE_META_LOGIN_GRAPH_VERSION grammar vNN.N ("latest") (143.285584ms)
✔ P08: COMMERCE_META_LOGIN_GRAPH_VERSION grammar vNN.N ("") (161.551208ms)
✔ P08: COMMERCE_META_LOGIN_GRAPH_VERSION grammar vNN.N ("v1000.0") (158.112042ms)
✔ P08: COMMERCE_META_LOGIN_GRAPH_VERSION accepts v26.0 (160.602584ms)
✔ P08: COMMERCE_META_LOGIN_GRAPH_VERSION accepts v22.0 (171.833541ms)
✔ P08: COMMERCE_META_LOGIN_GRAPH_VERSION accepts v99.9 (168.189333ms)
✔ destructive / irreversible / sign-out classification (owner list, en + zh) (2.220125ms)
✔ alike controls (rows with ids / numbers) share one class key (1.008833ms)
✔ known defects classify, never silence: stale entries are reported (0.790333ms)
✔ the markdown ledger has one row per interaction and names the verdict (0.440416ms)
✔ protocolHrefOK accepts well-formed tel:/mailto: and rejects malformed ones (0.578625ms)
ℹ tests 318
ℹ suites 0
ℹ pass 318
ℹ fail 0
ℹ cancelled 0
ℹ skipped 0
ℹ todo 0
ℹ duration_ms 6345.416
✔ legacy display sentinels preserve a list row without admitting arbitrary or private data (1.725625ms)
✔ orders-v2 accepts bounded filters and Taipei inclusive dates; rejects ambiguity (0.83025ms)
✔ orders-v2 rejects client count approximations, unbounded or extra response data (0.155334ms)
✔ all three locales label every task queue, payment and delivery mode (0.309542ms)
ℹ tests 4
ℹ suites 0
ℹ pass 4
ℹ fail 0
ℹ cancelled 0
ℹ skipped 0
ℹ todo 0
ℹ duration_ms 75.82575
✔ numeric store IDs have no suggestion BFF or browser client (0.583875ms)
ℹ tests 1
ℹ suites 0
ℹ pass 1
ℹ fail 0
ℹ cancelled 0
ℹ skipped 0
ℹ todo 0
ℹ duration_ms 63.205875
✔ PS review: actual Host matching normalizes case, port and a terminal DNS dot, never forwarded authority (0.606834ms)
✔ PS review: all privacy/terms disclose actual Messenger and Instagram processing; deletion uses exact UI labels (0.150917ms)
✔ PS1 legal identity is one untranslated source (0.059542ms)
✔ PS1 contact and hosts come only from configuration; production fails closed (0.352667ms)
✔ PS2 public routes default to zh-TW, restrict page/locale, and never include admin (0.413708ms)
✔ PS4 optional Meta verification value never has a fake default (0.061708ms)
✔ PS1 every locale uses the same product name in auth page titles (0.056875ms)
✔ PS1 public page copy has three complete locales, no invented operator identity or contact (0.196583ms)
✔ PS1 production build validates config; public data is not bundled through NEXT_PUBLIC (0.320667ms)
✔ PS review: admin image installs the manifests for its workspace dependencies before building (0.499792ms)
ℹ tests 10
ℹ suites 0
ℹ pass 10
ℹ fail 0
ℹ cancelled 0
ℹ skipped 0
ℹ todo 0
ℹ duration_ms 73.028208
✔ READY is the only acknowledgement; missing/forged operation/state remains unknown (0.715666ms)
✔ unknown journal retains exact key/boundary and is scoped to store+session; malformed state fails closed (0.209084ms)
✔ actual POST transport uses CSRF and session fence; 403 independent of response text (15.664125ms)
✔ D1, D6, R7: exact amounts and sources remain independent, account days stay labelled (2.046875ms)
✔ R8: null stays unknown and unauthorised / insufficient remain different states (0.249208ms)
✔ I12 forged / missing frozen fields never silently become zeros (0.683917ms)
✔ only whitelisted aggregates survive: extra identifiers and HTML are never interpreted (0.117459ms)
✔ attribution is a read-only BFF resource with exact bounded query grammar (0.353459ms)
✔ audience-read is exactly the new local intention POST and never a data GET or queried write (0.166916ms)
✔ route fails closed without ads:read and is not a duplicate navigation entry; locale keys match (0.134083ms)
ℹ tests 10
ℹ suites 0
ℹ pass 10
ℹ fail 0
ℹ cancelled 0
ℹ skipped 0
ℹ todo 0
ℹ duration_ms 93.931833
✔ PE13 Cartesian matrix is local, preserves edits and deduplicates values (12.950333ms)
✔ PE13 bulk quantity skips negative rows without modifying them (0.289875ms)
✔ PE12 untracked document uses whole currency and per-order cap, never quantity (16.228833ms)
✔ PE14 missing readback is not guessed or silently cleared by full replacement (0.074792ms)
✔ bulk status accepts explicit per-item results, never empty or duplicated confirmations (0.244209ms)
✔ matrix refuses over 100 SKUs before expansion (0.08075ms)
✔ PE14 new edit SKU carries its own shipping and clears no existing fields (17.82325ms)
✔ PE14 patch changes only price and preserves unmentioned fields (1.121584ms)
✔ PE14 on_hand is not available, zero target is transmitted, ambiguous warehouse refuses (1.013625ms)
✔ PE14 explicit clears and shipping remain per SKU on an active row (0.458792ms)
✔ PE14 archive supersedes every other edit on that SKU (b77eeb11) (0.436917ms)
✔ PE14 no-op has no command fields and changed axes explicitly archive omitted variants (0.405541ms)
ℹ tests 12
ℹ suites 0
ℹ pass 12
ℹ fail 0
ℹ cancelled 0
ℹ skipped 0
ℹ todo 0
ℹ duration_ms 138.712417
(node:74780) ExperimentalWarning: Transform Types is an experimental feature and might change at any time
(Use `node --trace-warnings ...` to show where the warning was created)
✔ UNKNOWN retry client authorization loss requires reconciliation, not a fresh command (3.26325ms)
✔ UNKNOWN retry 401 authorization loss requires reconciliation, not a fresh command (9.917167ms)
✔ UNKNOWN retry 403 authorization loss requires reconciliation, not a fresh command (0.679ms)
✔ a conclusive command rejection stays distinct from authorization loss (0.662584ms)
ℹ tests 4
ℹ suites 0
ℹ pass 4
ℹ fail 0
ℹ cancelled 0
ℹ skipped 0
ℹ todo 0
ℹ duration_ms 124.702959
NOT_RUN: tests/media/r04-input-runner.test.mjs (COMMERCE_R04_LIVEKIT_BINARY unset)
