=== RUN   TestAdsAttributionAT8BreakdownDispatch
--- PASS: TestAdsAttributionAT8BreakdownDispatch (5.53s)
=== RUN   TestAdsAttributionEmptyProjection
--- PASS: TestAdsAttributionEmptyProjection (0.17s)
=== RUN   TestAdsAttributionSessionAudiencePipeline
--- PASS: TestAdsAttributionSessionAudiencePipeline (1.83s)
=== RUN   TestAdsAttributionSessionAudiencePermissionDenials
=== RUN   TestAdsAttributionSessionAudiencePermissionDenials/pages_read_engagement
=== RUN   TestAdsAttributionSessionAudiencePermissionDenials/read_insights
=== RUN   TestAdsAttributionSessionAudiencePermissionDenials/pages_messaging
--- PASS: TestAdsAttributionSessionAudiencePermissionDenials (1.39s)
    --- PASS: TestAdsAttributionSessionAudiencePermissionDenials/pages_read_engagement (0.29s)
    --- PASS: TestAdsAttributionSessionAudiencePermissionDenials/read_insights (0.34s)
    --- PASS: TestAdsAttributionSessionAudiencePermissionDenials/pages_messaging (0.35s)
=== RUN   TestAdsAttributionSessionAudienceExactLease
--- PASS: TestAdsAttributionSessionAudienceExactLease (0.24s)
=== RUN   TestAdsAttributionSessionAudienceOverlappingReads
=== RUN   TestAdsAttributionSessionAudienceOverlappingReads/AthenB
=== RUN   TestAdsAttributionSessionAudienceOverlappingReads/BthenA
--- PASS: TestAdsAttributionSessionAudienceOverlappingReads (3.27s)
    --- PASS: TestAdsAttributionSessionAudienceOverlappingReads/AthenB (1.60s)
    --- PASS: TestAdsAttributionSessionAudienceOverlappingReads/BthenA (1.67s)
=== RUN   TestCustomersBillingCB02Schema
=== RUN   TestCustomersBillingCB02Schema/roles_and_schemas
=== RUN   TestCustomersBillingCB02Schema/tables:_owner,_FORCE_RLS,_ACL,_no_public/buyer/worker_read
=== RUN   TestCustomersBillingCB02Schema/effective_column_privileges_of_the_two_writers
=== RUN   TestCustomersBillingCB02Schema/policies
=== RUN   TestCustomersBillingCB02Schema/functions:_owner,_SECURITY_DEFINER,_search_path,_EXECUTE,_volatility
=== RUN   TestCustomersBillingCB02Schema/claim-window_guard_trigger_shape_(BD5)
=== RUN   TestCustomersBillingCB02Schema/permission_CHECK_holds_each_new_value_exactly_once_and_every_old_one
=== RUN   TestCustomersBillingCB02Schema/no_R3_role_is_referenced_by_0078/0079_(C-7)
=== RUN   TestCustomersBillingCB02Schema/consent_events_rules
=== RUN   TestCustomersBillingCB02Schema/privacy_actions_rules
=== RUN   TestCustomersBillingCB02Schema/store_customers_rules_(BD1,_BD8)
=== RUN   TestCustomersBillingCB02Schema/subscriptions_rules_and_the_set-once/terminal_trigger_(F-B1,_§3.2)
=== RUN   TestCustomersBillingCB02Schema/a_fresh_creator_gets_the_three_permissions_once;_nobody_else_gains_any_(C-5)
=== RUN   TestCustomersBillingCB02Schema/create_initial_store_body_differs_from_its_0065_definition_only_by_the_permission_array
--- PASS: TestCustomersBillingCB02Schema (5.12s)
    --- PASS: TestCustomersBillingCB02Schema/roles_and_schemas (0.00s)
    --- PASS: TestCustomersBillingCB02Schema/tables:_owner,_FORCE_RLS,_ACL,_no_public/buyer/worker_read (0.17s)
    --- PASS: TestCustomersBillingCB02Schema/effective_column_privileges_of_the_two_writers (0.06s)
    --- PASS: TestCustomersBillingCB02Schema/policies (0.11s)
    --- PASS: TestCustomersBillingCB02Schema/functions:_owner,_SECURITY_DEFINER,_search_path,_EXECUTE,_volatility (0.03s)
    --- PASS: TestCustomersBillingCB02Schema/claim-window_guard_trigger_shape_(BD5) (0.00s)
    --- PASS: TestCustomersBillingCB02Schema/permission_CHECK_holds_each_new_value_exactly_once_and_every_old_one (0.00s)
    --- PASS: TestCustomersBillingCB02Schema/no_R3_role_is_referenced_by_0078/0079_(C-7) (1.17s)
    --- PASS: TestCustomersBillingCB02Schema/consent_events_rules (0.01s)
    --- PASS: TestCustomersBillingCB02Schema/privacy_actions_rules (0.01s)
    --- PASS: TestCustomersBillingCB02Schema/store_customers_rules_(BD1,_BD8) (0.01s)
    --- PASS: TestCustomersBillingCB02Schema/subscriptions_rules_and_the_set-once/terminal_trigger_(F-B1,_§3.2) (0.01s)
    --- PASS: TestCustomersBillingCB02Schema/a_fresh_creator_gets_the_three_permissions_once;_nobody_else_gains_any_(C-5) (0.04s)
    --- PASS: TestCustomersBillingCB02Schema/create_initial_store_body_differs_from_its_0065_definition_only_by_the_permission_array (0.69s)
=== RUN   TestLiveClaimsKC03Schema
=== RUN   TestLiveClaimsKC03Schema/fresh-migrated-twice
=== RUN   TestLiveClaimsKC03Schema/privilege-matrix
=== RUN   TestLiveClaimsKC03Schema/definers
=== RUN   TestLiveClaimsKC03Schema/checks-and-keys
=== RUN   TestLiveClaimsKC03Schema/foreign-roles-denied
=== RUN   TestLiveClaimsKC03Schema/release-only-with-rotation
=== RUN   TestLiveClaimsKC03Schema/pool-validator
=== RUN   TestLiveClaimsKC03Schema/populated-pre-0060-upgrade
--- PASS: TestLiveClaimsKC03Schema (3.13s)
    --- PASS: TestLiveClaimsKC03Schema/fresh-migrated-twice (0.06s)
    --- PASS: TestLiveClaimsKC03Schema/privilege-matrix (0.09s)
    --- PASS: TestLiveClaimsKC03Schema/definers (0.01s)
    --- PASS: TestLiveClaimsKC03Schema/checks-and-keys (0.17s)
    --- PASS: TestLiveClaimsKC03Schema/foreign-roles-denied (0.55s)
    --- PASS: TestLiveClaimsKC03Schema/release-only-with-rotation (0.10s)
    --- PASS: TestLiveClaimsKC03Schema/pool-validator (0.10s)
    --- PASS: TestLiveClaimsKC03Schema/populated-pre-0060-upgrade (1.92s)
PASS
ok  	livecommerce/tests/foundation	22.426s
test-focused: top-level PASS=8 FAIL=0 SKIP=0 exit=0
