✖ AT1 R5: browser identity survives expired touch and rolls for ninety days (11.701333ms)
✖ AT1 R5: missing ad parameters create no cookies; fbclid alone creates no touch (5.506958ms)
✖ AT1 R5: lc_ad alone updates attribution and does not replace fbc (0.231166ms)
✔ AT1: host-only first-party cookies contain no PII and read back exactly (1.025584ms)
✔ AT1: a later valid click replaces the draft but preserves the browser identifier (0.177334ms)
✔ AT1: malformed and ambiguous links do not overwrite a valid prior touch (0.860833ms)
✔ AT1: host and key binding reject copied cookies (0.164792ms)
✔ AT1: duplicates and tampering invalidate the entire envelope (0.119375ms)
✔ AT1: exactly seven days is valid, the next millisecond and future clicks are not (0.12375ms)
ℹ tests 9
ℹ suites 0
ℹ pass 6
ℹ fail 3
ℹ cancelled 0
ℹ skipped 0
ℹ todo 0
ℹ duration_ms 141.861292

✖ failing tests:

test at apps/storefront/tests/ad-touch.test.mjs:15:1
✖ AT1 R5: browser identity survives expired touch and rolls for ninety days (11.701333ms)
  AssertionError [ERR_ASSERTION]: Expected values to be strictly equal:
  + actual - expected
  
  + 'fb.1.1800604800001.9999'
  - 'fb.1.1800000000000.123456'
              ^
  
      at TestContext.<anonymous> (file:///Volumes/data/live_commerce_architecture_v1/.worktrees/ads-attribution/apps/storefront/tests/ad-touch.test.mjs:18:10)
      at Test.runInAsyncScope (node:async_hooks:227:14)
      at Test.run (node:internal/test_runner/test:1201:25)
      at Test.start (node:internal/test_runner/test:1096:17)
      at startSubtestAfterBootstrap (node:internal/test_runner/harness:385:17) {
    generatedMessage: true,
    code: 'ERR_ASSERTION',
    actual: 'fb.1.1800604800001.9999',
    expected: 'fb.1.1800000000000.123456',
    operator: 'strictEqual',
    diff: 'simple'
  }

test at apps/storefront/tests/ad-touch.test.mjs:22:1
✖ AT1 R5: missing ad parameters create no cookies; fbclid alone creates no touch (5.506958ms)
  AssertionError [ERR_ASSERTION]: The expression evaluated to a falsy value:
  
    assert.ok(got)
  
      at TestContext.<anonymous> (file:///Volumes/data/live_commerce_architecture_v1/.worktrees/ads-attribution/apps/storefront/tests/ad-touch.test.mjs:25:10)
      at Test.runInAsyncScope (node:async_hooks:227:14)
      at Test.run (node:internal/test_runner/test:1201:25)
      at Test.processPendingSubtests (node:internal/test_runner/test:831:18)
      at Test.postRun (node:internal/test_runner/test:1330:19)
      at Test.run (node:internal/test_runner/test:1258:12)
      at async startSubtestAfterBootstrap (node:internal/test_runner/harness:385:3) {
    generatedMessage: true,
    code: 'ERR_ASSERTION',
    actual: null,
    expected: true,
    operator: '==',
    diff: 'simple'
  }

test at apps/storefront/tests/ad-touch.test.mjs:30:1
✖ AT1 R5: lc_ad alone updates attribution and does not replace fbc (0.231166ms)
  TypeError: Cannot read properties of null (reading 'touch')
      at TestContext.<anonymous> (file:///Volumes/data/live_commerce_architecture_v1/.worktrees/ads-attribution/apps/storefront/tests/ad-touch.test.mjs:33:21)
      at Test.runInAsyncScope (node:async_hooks:227:14)
      at Test.run (node:internal/test_runner/test:1201:25)
      at Test.processPendingSubtests (node:internal/test_runner/test:831:18)
      at Test.postRun (node:internal/test_runner/test:1330:19)
      at Test.run (node:internal/test_runner/test:1258:12)
      at async Test.processPendingSubtests (node:internal/test_runner/test:831:7)
