✔ /products/{uuid} redirects permanently to the zh-TW product page (243.609209ms)
✔ non-uuid ids are 404, never redirected (3.859834ms)
✔ AT1: the locale redirect preserves the ad-click query without allowing a redirect target (0.211ms)
✔ R10: standalone signed signals survive a missing or expired seven-day touch (60.334042ms)
✔ R10: standalone signals reject expiry, bad signature, duplicates and another host (1.357167ms)
✔ AT1 R5: browser identity survives expired touch and rolls for ninety days (0.748542ms)
✔ AT1 R5: missing ad parameters create no cookies; fbclid alone creates no touch (0.990833ms)
✔ AT1 R5: lc_ad alone updates attribution and does not replace fbc (0.799541ms)
✔ AT1: host-only first-party cookies contain no PII and read back exactly (0.736666ms)
✔ AT1: a later valid click replaces the draft but preserves the browser identifier (0.169375ms)
✔ R10: only a different fbclid replaces fbc and its first-seen timestamp (0.271458ms)
✔ AT1: malformed and ambiguous links do not overwrite a valid prior touch (0.36625ms)
✔ AT1: host and key binding reject copied cookies (0.192833ms)
✔ AT1: duplicates and tampering invalidate the entire envelope (0.13125ms)
✔ AT1: exactly seven days is valid, the next millisecond and future clicks are not (0.128625ms)
✔ catalog list query limits equal the Go v2 parser (internal/buyerhttp/catalogv2.go) (10.863875ms)
✔ collection list cap equals Go maxCollectionsPerStore (3.202792ms)
✔ design caps equal internal/design/schema.go (nav, sections, pages) (2.490458ms)
✔ CVS buyer-entered store bounds and return path equal Go (internal/checkout/cvs.go, migration 0093) (32.550584ms)
✔ transfer view: closed shape and state rules mirror Go validTransferView (1.073666ms)
✔ proof body and result: five digits, positive minor amount, ISO instant (0.873584ms)
✔ minorFromText: major units with at most two decimals, never a float surprise (0.146959ms)
✔ buyer email mirror: one plain address, 254 characters at most (0.476791ms)
✔ countdown: whole hours and minutes, never negative (0.411834ms)
✔ copy: three locales carry every key and every refusal code (0.742791ms)
✔ options: a home row lists modes only with bank_transfer and then needs its window (0.435167ms)
✔ checkoutInput: a home bank_transfer body, the optional trimmed email, and every refusal before any request (0.466166ms)
✔ order: AWAITING_TRANSFER is a valid commercial state without a hold time (0.185ms)
✔ BFF: exact transfer routes, keyed proof PUT, strict body, validated answers, no generic proxy (255.021583ms)
✔ BFF: transfer refusal codes pass through as definite 422; checkout accepts bank_transfer and a valid email only (102.997625ms)
✔ D06 order heading follows a settled transfer: never 'waiting for transfer' above a confirmed or expired one (0.121666ms)
✔ uncertain prepare blocks all mutations; changed cookie context resolves journal (110.168417ms)
✔ fully parsed local denial clears only its own pending operation (21.677917ms)
✔ malformed journal, unavailable lock and stale context fail before writes (36.605208ms)
✔ BPT05 exact handoff permits absent body/key, one fetch, no form persistence (176.280167ms)
✔ BPT05 wrong handoff form and ordinary writes fail before any fetch (2.092ms)
✔ BPT05 unresolved cookie journal blocks handoff; lost response is one fetch without persistence (0.259625ms)
✔ SU02 refresh permits absent body/key, one fetch, no persistence (22.014209ms)
✔ SU02 refresh rejects a body, a key or a malformed path before any fetch (0.539167ms)
✔ SU02 cancel permits absent body/key, one fetch, no persistence (0.424625ms)
✔ SU02 cancel rejects a body, a key or a malformed path before any fetch (56.56975ms)
✔ BPT01 exact private path, headers, body and three-locale one-fetch transport (240.110083ms)
✔ BPT02 payment routes reject untrusted path, context, headers, key and body before fetch (85.23975ms)
✔ BPT03 hostile upstream success is sanitized, never returned as payment data (44.511041ms)
✔ BPT04 every handoff failure is nonretryable, including pre-route and transport loss (13.429083ms)
✔ SU02 five routes: exact upstream path, method, key, body, one fetch each (2.9595ms)
✔ SU02 refresh and cancel are keyless and pass every CSRF/context denial before fetch (3.091083ms)
✔ SU02 every handoff/refresh/cancel failure is nonretryable and sanitized (4.248542ms)
✔ SU02 hostile Stripe bodies become the sanitized 503; PAYUNi and Stripe bodies stay byte-identical (4.854042ms)
✔ SU02 prepare accepts only the two known method codes (0.948916ms)
✔ disabled and invalid configuration fail closed before private fetch (167.914584ms)
✔ private authority, cookie lifecycle and strict local denial (23.613125ms)
✔ bad host, cookie, query and method never reach private API (1.187292ms)
✔ stalled inbound POST body is canceled at its deadline without a cookie or private call (2.744917ms)
✔ R10: Begin forwards independently signed signals; browser attribution and forwarded hosts are not authority (10.194125ms)
✔ CVS BFF: exact routes, keyed open/store, keyless verify, validated answers, no generic proxy (128.639583ms)
✔ CVS BFF: contract refusal codes pass through; pay_at_pickup_limit is a definite (non-retryable) 429 (13.006583ms)
✔ round2 stale A session response cannot supersede newer refresh B or its lost-write Retry (1098.677708ms)
✔ round2 stale A session response cannot supersede newer mutation B or its lost-write Retry (35.297292ms)
✔ rotated buyer context clears the prior cart on read and preserves the B receipt (19.767917ms)
✔ rotated buyer context clears the prior cart on lost-write and preserves the B receipt (25.120333ms)
✔ rotated buyer context clears the prior cart on refresh-read and preserves the B receipt (231.813708ms)
✔ lost first write keeps Retry alive: same context, same idempotency key, no second purchase (58.510417ms)
✔ fragment grammar accepts only one canonical token (1.561125ms)
✔ claim projections are closed (0.414542ms)
✔ claim token rides only its header on B1/B2 and is never echoed (212.978667ms)
✔ claim-priced cart edits send only SKU and quantity, keeping server price authority (10.422958ms)
✔ direct-checkout sold-out projection is mandatory, boolean and closed (0.328375ms)
✔ claim redeem shares the purchase lock, guards recovery and never persists the token (13.997375ms)
✔ ClaimLink removal projects live-priced survivors on ready and conflict pages (109.6835ms)
✔ ClaimLink revisit checks out applied A while pending B is sold out or unavailable (7.049917ms)
✔ ClaimLink refreshes a nothing result after a second tab applied the claim (5.73725ms)
✔ ClaimLink does not navigate when a buyable claim target is absent or has changed quantity (4.768334ms)
✔ ClaimLink optional prior-order notice tolerates unreadable storage without bypassing recovery (15.177208ms)
✔ CVS01 map form: only the two ECPay e-map actions, exact fields, top-level-safe values (1.763208ms)
✔ CVS02 return path allowlist excludes /claim and anything but the checkout or product page (0.149583ms)
✔ CVS03 selection projection: VERIFIED<=>pickup, REJECTED<=>reject_code, absent keys read as null (54.40675ms)
✔ CVS04 buyer-entered store answer and request body (75.378834ms)
✔ CVS05 store code table (§16.1) keeps leading zeros and per-chain lengths (0.672583ms)
✔ CVS06 recipient mirror: real-name width 4..10 (CJK=2), no digits/symbols/emoji; 09 mobile (2.306291ms)
✔ CVS07 checkout draft: name, phone and mode only; read once; corrupt/foreign shapes are dropped (2.149792ms)
✔ CVS08 return URL: only ?cvs_selection=<uuid> is accepted (0.165542ms)
✔ CVS09 buyer order projection and copy keys: nothing but PICKED_UP says picked up (0.931292ms)
✔ CVS10 error codes: field mapping, definite refusals, official links are https constants (0.771292ms)
✔ CVS11 client transport: verify is the one new keyless POST; the server refusal code rides BuyerClientError.detail (24.897875ms)
✔ every locale x page has a title, an updated line and at least one section (1.890458ms)
✔ locales share the section count and per-section body count of every page (0.6855ms)
✔ final text is only the owner-confirmed company facts (CR 81215167 name + registered address); nothing else is final (0.458292ms)
✔ a legal page is published only when every text on it is final; buyers see no link to an unpublished one (0.573417ms)
✔ data-deletion path is named in the privacy page of every locale (0.088167ms)
✔ pendingOwnerText lists exactly the texts that keep a page unpublished and is written for the owner (0.684583ms)
✔ a live (claim-origin) price replaces the catalog price and strikes it through (0.886916ms)
✔ without a live price the catalog price and its compare-at are shown unchanged (0.078417ms)
✔ a live price equal to or above the catalog price is shown as set (strike hidden by the UI guard) (0.056167ms)
✔ a live price strikes the catalog price, never the variant sale price (0.045291ms)
✔ order ref: 12 hex (dashes or spaces, any case) or a full id (1.129208ms)
✔ contact: one email or a phone of 6..20 digits (0.3935ms)
✔ body is exactly {order_ref, contact}; the answer is exactly {order_id} (0.3895ms)
✔ BFF lookup: no cookie needed, fresh token goes upstream, cookie only on 200 and it carries that same token (112.713083ms)
✔ BFF lookup: strict local denial before any private fetch (2.268417ms)
✔ copy: three locales carry every key (0.49225ms)
✔ MS4 srcset descriptors use actual decoded widths and deduplicate small renditions (0.956209ms)
✔ MS1 product rendition allowlist preserves trusted Host and never forwards buyer cookies (120.553042ms)
✔ MS2 invalid, duplicate, extra, encoded widths and non-product variants fail before fetch (1.757542ms)
✔ MS3 old-image fallback is never promoted to immutable; committed variants are cacheable (2.379ms)
✔ TWD whole amounts show no decimals in every locale and at every magnitude (line, subtotal, total, zero) (32.826208ms)
✔ cents appear only when there are cents, then always as two digits; the minor-unit arithmetic is untouched (0.238958ms)
✔ digits come from the currency: JPY none, USD two when there are cents (2.801459ms)
✔ one formatter: no component, page or lib builds a currency Intl.NumberFormat outside lib/money.ts (7.674709ms)
✔ locale probe bounds a missing destination head with a route/device diagnostic (4.897209ms)
✔ locale probe clears its deadline when the real head promise completes (0.777083ms)
✔ fragment: exactly #o=<order id>&t=<43-char token>; anything else is null (0.805ms)
✔ body is exactly {order_id, token, proof}; the answer is exactly the order the link named (0.151792ms)
✔ BFF link: no cookie needed, fresh token upstream, cookie only on a 200 naming the same order, link token never echoed (163.820709ms)
✔ BFF link: strict local denial before any private fetch (5.730875ms)
✔ copy: three locales, one refusal text, a retry and a lookup path (0.242334ms)
✔ BPU01 fresh payment writes exact metadata before prepare, one bodyless Take, no persistent form (66.869333ms)
✔ BPU01 lost prepare response replays original key/body only on explicit next click (3.981958ms)
✔ BPU01 lost handoff is permanently GET-only, even after a second click (55.073375ms)
✔ BPU01 storage, amount, scope and child/screen fences reject before irreversible writes (12.14975ms)
✔ BPU01 document/child loss after prepare but before Take leaves exact replay marker (4.747375ms)
✔ BPU01 malformed server handoff never submits and Take remains nonretryable (17.519375ms)
✔ BPU01 marker replacement before Take and after Take blocks release/form reuse (21.963792ms)
✔ BPU01 context replacement after prepare and after Take closes destination without form (127.774875ms)
✔ BPU01 synchronous destination refuses invalid locale before opening a window (0.196375ms)
✔ SU03 fresh Stripe pay: marker before prepare, one prepare, one handoff, navigate, URL never stored (42.205792ms)
✔ SU03 marker replay: lost prepare response replays key/body, no uncertain on PENDING view with leftover marker (64.350125ms)
✔ SU03 cross-device Continue needs no marker and never prepares (0.701958ms)
✔ SU03 marker/view matrix: PAYUNi marker on Stripe view and Stripe marker on PAYUNi view send nothing (10.5195ms)
✔ SU03 any other view renders without a POST (0.869542ms)
✔ SU03 CREATING: waits on the schedule without the lock, then hands off once when READY (24.783666ms)
✔ SU03 CREATING budget: 10 reads over 30 s, then the blank child is closed, no POST, no throw (9.167667ms)
✔ SU03 cancel_requested seen on the re-GET aborts before the handoff POST (1.358625ms)
✔ SU03 handoff outcomes: CREATING closes child, CLOSED/UNAVAILABLE/error/malformed reject; one POST each, never retried (8.250416ms)
✔ SU03 Stripe prepare errors, amount/currency mismatch and popup loss stop before any handoff (6.748834ms)
✔ SU03 two clicks make two handoff POSTs only because there were two clicks; sequential, none from reads (5.515708ms)
✔ SU03 navigate: validates again, needs an owned blank child, sets used before replace, no URL in errors (0.436708ms)
✔ SU03 refresh signal: keyless single POST, validated, throttled 1/10 s and 30 per page life, cancel never throttled (63.878083ms)
✔ SU03 signal failures are single-shot and sanitized: HTTP error, malformed body, wrong order (54.305708ms)
✔ private quote/option authority fields are required; only exact MANUAL home can checkout (2.413083ms)
✔ continue shopping advances only ordered version, clears hint, keeps SQL history authoritative (106.477208ms)
✔ lost next-cart response retries identical key/body and preserves a newer cart (0.993792ms)
✔ continuation never overwrites an already advanced cart (1.776542ms)
✔ unknown checkout blocks continuation without any business request (1.835583ms)
✔ two queued continuation clicks mutate once; stale order ID cannot clear another order (4.005958ms)
✔ CAS conflict resolves only after a newer cart is read (5.9595ms)
✔ locator removal failure retains next-cart journal and recovery survives missing locator (1.998959ms)
✔ order history summary rejects PII/unknown fields and malformed scope IDs (0.114708ms)
✔ native address validation mirrors printable Unicode, limits and phone; journal forbids PII (8.566541ms)
✔ address lost reply replays exact in-memory intent, then confirms current head (1.71675ms)
✔ address reload requires explicit new intent and exact observed CAS; stale head never auto-bumps (10.811042ms)
✔ old address receipt cannot confirm another tab's newer current head (2.178958ms)
✔ a late address CAS winner requires another explicit confirmation, not an automatic version bump (3.513833ms)
✔ checkout lost reply, queued duplicate and current GET reuse one key and one order (3.028791ms)
✔ uncertain checkout retains original journal across later 401/403/404/5xx and malformed success (3.109459ms)
✔ only a fresh definitive denial clears checkout; no order locator is invented (0.189041ms)
✔ locator storage failure after commit retains same key; reload GET failure keeps locator (5.08475ms)
✔ locator persisted but journal removal failed resumes pending receipt, not unrelated pointer (2.898375ms)
✔ unavailable storage, invalid locator and late changed context fail closed (0.533375ms)
✔ order locator readback mismatch and no-op journal removal both retain checkout recovery (3.810625ms)
✔ direct claim continuation refuses a newer ordered cart inside the purchase lock (2.555541ms)
✔ direct claim continuation keeps next-cart recovery after a conflicting clear (0.94475ms)
✔ collector projection: admitted for derived connections, absent/null for primary (0.949709ms)
✔ collector rejects identifiers, extra keys and malformed text (0.148833ms)
✔ disclosure renders the contract §5 line with all three slots substituted (0.108542ms)
✔ the disclosure line exists exactly when the hosted view returns a collector (0.125708ms)
✔ a shop or collector name with a replacement pattern is shown literally (4.918542ms)
✔ OrderPayment renders the disclosure with the view, above every pay button, through the helper only (0.935458ms)
✔ BPT03 exact valid projection and Go nanosecond UTC timestamps (4.520167ms)
✔ BPT03 view rejects private fields, inconsistent state and malformed names (0.594875ms)
✔ BPT03 prepared receipt enforces exact original credit-card amount (0.968834ms)
✔ BPT03 hosted form and replay are exact, bounded and action-allowlisted (0.571125ms)
✔ SU01 Stripe views: fresh, both methods, attempt states, PAYUNi unchanged (0.250958ms)
✔ SU01 Stripe view negatives (0.214709ms)
✔ SU01 prepared amounts follow the corrected per-currency table (0.624208ms)
✔ SU01 Stripe handoff union and every redirect_url negative (0.889917ms)
✔ SU01 payment signal is exactly {order_id, scheduled:boolean} (0.765209ms)
✔ RUI01 refund summary: refunded states, pending money, absent ≡ null (0.912916ms)
✔ RUI01 refund summary negatives (0.551208ms)
✔ BPU03 neutral GET and POST return ignore every callback field and cookie (27.484709ms)
✔ primary origin: exact path/query, same host, and no URL-controlled destination (6.579875ms)
✔ GET and HEAD use trusted Host, private bounded uncached resolver and exact 301 (35.414583ms)
✔ no writes redirected; resolution failures fail closed; unknown hosts keep native 404 (1.880167ms)
✔ policy version is the frozen constant, in the customers-core D4 shape (0.980667ms)
✔ route table: exactly the four buyer privacy routes, methods and body kinds (0.434875ms)
✔ body shapes are closed and mirror the frozen Go inputs (no source, no policy_version) (0.101667ms)
✔ GET privacy validator: closed shape, erased owner holds no consent (0.125459ms)
✔ consent result and erasure summary validators (0.238ms)
✔ buyer export envelope never carries customer_id (0.079875ms)
✔ failure classification: 410 and erased are the erased state (0.049917ms)
✔ copy: every locale has the same keys, the ads box discloses that sent events cannot be recalled (0.564459ms)
✔ selected option photo uses a main display slot without adding a fifth main image (1.661375ms)
✔ use-cover selection and a main-thumbnail selection restore the original main gallery (0.110334ms)
✔ cart thumbnail uses variant then catalog image_id, including when main images are absent (0.10825ms)
✔ migrated four-main/five-detail images stay separate when the option photo changes (0.1315ms)
✔ real cart-detail composition uses server SKU image_id (v2 detail available) (26.353083ms)
✔ real cart-detail composition uses server SKU image_id (v2 detail unavailable) (110.525167ms)
✔ parity: frontend caps equal the Go constants (0.624833ms)
✔ detail parser: 4 main + 20 detail + option-value images are accepted and mapped (0.739667ms)
✔ detail parser: 5 main, 21 detail, bad ids and over-cap option images are refused (0.136958ms)
✔ detail parser: a backend before product-media-v2 (no new keys) still parses with empty defaults (0.074916ms)
✔ v1 catalog row: images are main-only (<= 4) and image_id is a uuid or null (0.181416ms)
✔ PRO-S1 code mirror: any case and spaces normalise; impossible codes never become a request (0.958792ms)
✔ PRO-S2 promotion object: closed keys, kind/value pairing (0.181708ms)
✔ PRO-S3 quote validator: promotion is optional but never malformed; the discount stays the server's own number (0.271083ms)
✔ PRO-S4 journal grammar: a quote write may carry one canonical promo_code, nothing else (0.344083ms)
✔ PRO-S5 copy: three locales cover every refusal code and the same keys (0.448417ms)
✔ PRO-S6 BFF quote route: promo_code relayed untouched when canonical, refused before the private API otherwise (58.784875ms)
✔ PRO-S7 BFF: every promo_* refusal is a definite, non-retryable 422 with its own code (7.355375ms)
✔ demonstration disclosure is explicit and local-only (0.456166ms)
✔ cart selection preserves unrelated SKUs and the observed CAS version (13.096ms)
✔ minor amounts are bounded before multiplication, including zero (0.122292ms)
✔ delivery identity includes country for one market and method (0.273084ms)
✔ journal is bound to context and rejects PII/unknown fields (3.69325ms)
✔ lost response replays exact key/body, then clears only after parsed receipt (15.24725ms)
✔ RUI02 buyer order admits MERCHANT_SHIPPED only with a SHIPPED head; absent shipment ≡ null (1.496041ms)
✔ RUI02 shipment shape negatives (incl. unsafe links) (0.628625ms)
✔ RUI02 history summary admits MERCHANT_SHIPPED (a shipped order must not break the list) (0.828583ms)
✔ CVSP01 options: CVS rows carry pickup_selection/payment_modes; unavailable rows are a separate shape (115.488666ms)
✔ CVSP02 CVS destination write: TW only, pickup_id required, empty home address; home unchanged (17.753292ms)
✔ CVSP03 checkoutInput: payment_mode only for CVS rows and only a mode the row offers (3.947542ms)
✔ COD confirmation includes expected fee, enforces collect cap and validates immutable order money (1.568208ms)
✔ CVSP04 buyer order: pay_at_pickup <=> collection_state; cvs_shipment only on a matching CVS destination (0.588708ms)
✔ CVSP05 journal accepts a CVS destination marker and a checkout body with payment_mode, nothing else (0.260875ms)
✔ validProduct accepts up to the Go photo cap and rejects one more (0.77875ms)
✔ design: garbage and hostile documents collapse to the safe default shape (1.053375ms)
✔ design: links, preview token propagation, nav resolution (0.120667ms)
✔ design: any merchant accent yields readable button text and link colour (WCAG AA) (0.23425ms)
✔ variants: resolution, disabled out-of-stock combinations, initial choice, price bounds (0.169875ms)
✔ catalog-v2 parsers accept the frozen shapes and refuse drift (0.48775ms)
✔ free-delivery progress words the hint only when a threshold exists (0.069375ms)
✔ list query: only whitelisted, canonical values survive (0.224834ms)
✔ seo: JSON-LD cannot break out of its script tag; offers reflect stock and price range (12.16875ms)
✔ seo: sitemap escapes and carries hreflang; robots refuses everything for a closed host (6.119208ms)
✔ money: whole amounts drop cents, minor digits come from the currency, filters round-trip (113.711875ms)
✔ cart line write: replaces one line, keeps the others, 0 removes, CAS version is the one shown (2.20775ms)
✔ cart problems map to buyer-facing classes without leaking transport detail (0.365625ms)
✔ checkout options accept the optional free-shipping threshold only as a positive integer or null (0.751792ms)
✔ no-image placeholder copy: exactly the locale label a photo-less card or gallery renders (0.082666ms)
✔ storefront image caps equal the Go catalog caps (internal/catalog MaxMainImages, MaxDetailImages) (43.355208ms)
✔ design text limits count code points like Go, never splitting a surrogate pair (2.125375ms)
✔ G3: same-series cards exclude the current product and never invent absent draft/foreign products (24.902875ms)
✔ G5: safety guidance exists in three languages without changing the five merchant policy approval boundaries (10.328334ms)
✔ G4: category chips omit empty collections; hidden collections absent from the public API stay absent (0.21925ms)
✔ OrderHistory renders server order instant in Taipei (21.021917ms)
✔ ClaimLink renders claim expiry in Taipei (12.595875ms)
✔ BankTransfer renders deadline and proof instant in Taipei (7.373083ms)
✔ BankTransfer proof echo labels store time in en (106.204875ms)
✔ BankTransfer proof echo labels store time in zh-TW (8.542666ms)
✔ BankTransfer proof echo labels store time in zh-CN (5.559ms)
✔ BankTransfer input describes the device zone in en (3.348292ms)
✔ BankTransfer input describes the device zone in zh-TW (21.192667ms)
✔ BankTransfer input describes the device zone in zh-CN (202.268292ms)
✔ BankTransfer input has a generic label when Intl has no zone in en (57.009458ms)
✔ BankTransfer input has a generic label when Intl has no zone in zh-TW (8.488417ms)
✔ BankTransfer input has a generic label when Intl has no zone in zh-CN (5.322417ms)
✔ ShopFooter uses Taipei year across UTC year boundary (2.761916ms)
✔ BankTransfer deadline labels store time in en (2.214084ms)
✔ BankTransfer deadline labels store time in zh-TW (2.362959ms)
✔ BankTransfer deadline labels store time in zh-CN (1.9675ms)
✔ OrderHistory states the Taipei time zone once in en (1.904375ms)
✔ OrderHistory states the Taipei time zone once in zh-TW (1.346125ms)
✔ OrderHistory states the Taipei time zone once in zh-CN (0.860334ms)
✔ dictionaries have exact parity and non-empty values (0.690125ms)
✔ locale precedence and language quality mapping (0.732709ms)
✔ localized paths preserve deep links and reject dangerous input (6.367625ms)
✔ path locale only matches a canonical first segment (1.000792ms)
✔ the four constructs render (2.038208ms)
✔ XSS payloads stay inert text (1.25925ms)
✔ fuzz: any string over a hostile alphabet renders only whitelisted tags (14.607083ms)
✔ validator mirrors the Go rules (0.254166ms)
✔ SDN1 allowlist: exactly the contract routes, per method (13.056792ms)
✔ SDN1 allowlist: traversal, case, suffix and prefix tricks never match (7.382833ms)
✔ SDN1 request shape: no query string anywhere, reads carry no body, key, length or transfer-encoding (175.238666ms)
✔ SDN1 cap: 260 KiB = Go's 256 KiB document + 4 KiB envelope, and a body of exactly the cap is still below it (0.060916ms)
✔ SDN2 renderer: every XSS payload comes out as whitelisted tags and escaped text only (211.637958ms)
✔ SDN2 renderer: escape-first means the merchant's text never becomes markup (0.492167ms)
✔ SDN2 renderer: fuzz (seeded) never produces a tag outside the whitelist (64.004083ms)
✔ SDN2 client validator rejects what the server rejects (HTML, non-https links, `<` anywhere) (0.717334ms)
✔ cleanForSave turns cleared fields into null but keeps an empty body (0.907625ms)
✔ localIssues names each missing mandatory value by server path (1.203709ms)
✔ moved swaps neighbours and ignores out-of-range moves (0.246125ms)
✔ parsers accept the exact Go shapes and refuse extra or missing keys (1.008666ms)
✔ BFF allowlist covers exactly the design resources (3.074583ms)
✔ validDesignRequest refuses queries and bodies on reads, ignores other paths (21.725917ms)
✔ designDetails forwards only a bounded {path, reason} pair (0.285209ms)
✔ accepts exactly the three locale invite paths with a 20-200 char token (1.849333ms)
✔ rejects anything that is not an exact same-origin relative invite path (0.242792ms)
✔ rejects percent-encoded variants of the exact shape (0.081708ms)
✔ the token is an opaque invite token shape, never a URL (0.066791ms)
✔ fragment carrier: round-trips the exact invite path, is never a query string, and rejects hostile fragments (0.23525ms)
✔ dashboard: accepts the frozen shape, rejects drift (4.691167ms)
✔ import result: strict keys, closed error codes, committed never carries errors (0.752958ms)
✔ csv file guard mirrors the Go bounds (0.361958ms)
✔ manual options: a COD home row parses with its offer (D01: the page used to refuse the whole list) (2.181708ms)
✔ manual options: only bank_transfer / pay_at_pickup / cash_on_delivery, key must equal market|country|code (0.436375ms)
✔ manual result: link is https with the order id and a 43-char capability in the fragment only (0.360042ms)
✔ draft: first problem, and the body has no price-like field at all (0.640458ms)
✔ BFF grammar: exactly the seven tools resources (0.245125ms)
✔ regenerate body/result: exactly {order_id, locale} and a fresh https link naming that order (0.425208ms)
✔ copy parity: every locale has every key, import rules and error codes (11.262666ms)
✔ callback redirect target is always a same-origin /<locale>/settings path whatever the cookies, store, code or error say (19.158583ms)
✔ the binding cookie: exactly one canonical store uuid, path-scoped to the callback, HttpOnly, Lax, 10 minutes, Secure (1.10425ms)
✔ callback query: exactly one code and one state within charset/length bounds; Meta's error=… and repeats are not forwarded (3.421125ms)
✔ the dialog URL the BFF hands the browser is https://www.facebook.com only (1.199167ms)
✔ callback error mapping only ever yields fixed codes, never an upstream message (0.1725ms)
✔ selected Page qualifies only a bare Facebook id, never rewrites another Page or external URL (0.579625ms)
✔ status: not connected, connected with and without Instagram, and every deviation throws (204.846083ms)
✔ pick state: closed shape, optional Instagram keys come as a pair, id must match (7.537708ms)
✔ route grammar: only status/states/pick/disconnect; start and callback are dedicated routes; no query; reads carry no body or key (170.990208ms)
✔ connect cookie, body and callback redirect never carry code/state and only fixed codes (0.597958ms)
✔ copy: three locales have the same keys and every Go error code has a message (0.195958ms)
✔ review-required remains restricted; evidence does not promote state (3.918333ms)
✔ legacy omission remains unidentified, independent of array order (1.764333ms)
✔ closed shapes reject unknown state/provider/evidence, leaked fields and inconsistent severity (1.061084ms)
✔ duplicate capabilities/pages and unbounded arrays cannot become trusted state (0.555083ms)
✔ worst Page determines advice, no raw upstream reason reaches copy (0.519125ms)
✔ recheck receipt means scheduled; timestamps and closed keys are checked (0.473625ms)
✔ exact keyless route grammar rejects query/key/body confusion (32.307084ms)
✔ recheck takes exactly page_id and no caller-provided scope (0.212625ms)
✔ blocking advice comes from the blocking capability, not a secondary public-reply warning (0.137792ms)
✔ clean health browser mode prepares admin standalone before starting its fixture (236.733791ms)
✔ en: expired connection retains its full refusal inside a wrapping badge (58.39825ms)
✔ zh-TW: expired connection retains its full refusal inside a wrapping badge (1.441792ms)
✔ zh-CN: expired connection retains its full refusal inside a wrapping badge (0.573167ms)
✔ actual B1 snapshot state remains ok even when a fixture expected review_required (0.094542ms)
✔ D02 TWD input: whole dollars only, x100 on the wire (17.978625ms)
✔ D02 TWD edit text: whole dollars have no decimals; a legacy amount with cents is never shown as another price (0.32975ms)
✔ D02 display: NT$ without decimals in every language, cents only when there are cents (1.444792ms)
✔ D02 live-price input (Studio claims): TWD whole dollars, other currencies their decimals (0.954583ms)
✔ D02 discount code amounts: TWD whole dollars, a decimal is refused before it is sent (1.996875ms)
✔ D02 no admin copy or component says 'minor units' to the merchant (54.83275ms)
✔ M06 time: Asia/Taipei everywhere, labelled, never UTC (140.879291ms)
✔ settings answer: exactly one boolean key (2.536667ms)
✔ PUT body is the frozen single key (0.087833ms)
✔ BFF grammar: GET read, PUT keyed command, nothing else (0.207833ms)
✔ copy: three locales, same keys, no empty text (0.142209ms)
✔ PRM01 parse: exact keys, kind/value pairing and ranges; duplicates and unknown keys are refused (3.007542ms)
✔ PRM02 Taipei wall time: +08:00 on the wire, instant shown back in Taipei, impossible dates refused (71.3275ms)
✔ PRM03 create body: normalised code, major units to minor units, optional fields null, whole body validated (3.842833ms)
✔ PRM04 update + toggle: version CAS key, form round trip, pause keeps every other field (0.75075ms)
✔ PRM05 BFF grammar: exactly list, create and update; nothing generic (0.189958ms)
✔ PRM06 copy: three locales carry the same keys and every refusal code the Go routes can answer (0.129542ms)
✖ G-UI3/G-UI5 architecture constraints pass with shrinking legacy exceptions (5541.572667ms)
✔ G-UI3/G-UI5 negatives: new formatter, component fetch, >800 lines and wider allowance fail (1.026875ms)
✔ Readiness jump controls expose the actual active section, not a click flag (15.737667ms)
✔ Integrator P2: legal CN comment ordering and a distinct three-image recommendation (1.852542ms)
✔ ADM04 and ADM06 explain unavailable SKUs and keep collection vocabulary consistent (2.754458ms)
✔ ADM06 create/detail titles share the route vocabulary without adding a phantom Next page (1.551541ms)
✔ G-UI1 Next pages and route registry are bidirectional, unique, typed, documented (2.638833ms)
✔ G-UI1 copy key parity: no missing or extra key in any locale (0.097584ms)
✔ G-UI2 staff without catalog:read cannot see products/inventory or open a product URL (0.170375ms)
✔ G-UI2 every route permission is a permission Go knows, and /orders/new needs inventory:reserve (141.299042ms)
✔ G-UI1 dynamic and public routes match, details never appear as navigation (0.19925ms)
✔ W6-U2 ledger is a settings in-page route, preserving existing navigation (0.119375ms)
✔ Every browser spec clicks nav-orders: the orders group stays a singleton, so returns/new/print routes are nav: false (0.596792ms)
✔ shell-registry: every routed path has exactly one nonempty shared h1 in all three locales (2562.75ms)
✔ shell-registry: orders stays one actual group button on live and non-live routes (15.899667ms)
✔ shell-registry: loading/expired/unavailable/forbidden keep one safe heading and never leak private content (31.588125ms)
✔ created address is a strict HTTPS origin matching the assigned handle (2.112041ms)
✔ DNS instructions must name the requested origin and a bare hostname target (0.363208ms)
✔ domain kind is authoritative and closed, not inferred from host or token (0.394708ms)
✔ apex DNS retains every concrete IPv4/IPv6 address and rejects malformed values (0.558709ms)
✔ pending domain journal preserves exact action/key/target; legacy or corrupt markers never replay (0.434292ms)
✔ browser-origin gate: every refusal happens before Go is called, for every action (18.484542ms)
✔ only POST exists on the team routes (1.346708ms)
✔ unknown action is a local 404 and never reaches Go (0.376208ms)
✔ strict request grammar: wrong keys, types, ids, roles, locales and token shapes are 422 locally (1.932416ms)
✔ what reaches Go: BFF key, bearer from the cookie, no Cookie/Origin, body unchanged, exactly one call per request (615.273416ms)
✔ Go failures are rebuilt locally from allow-listed codes, never retried, and never echo the token (470.92425ms)
✔ team answer: accepts the frozen shape, null role and OIDC member without email (0.7175ms)
✔ team answer: unknown key, unknown role, bad id, bad mail state are rejected (1.595209ms)
✔ invite and accept answers are strict (1.888875ms)
✔ request grammar: every action has an exact key set and rejects junk values (0.301458ms)
✔ copy: three locales carry the same keys and a label for every role (0.413ms)
✔ role-aware navigation: hides entries the member's permissions cannot use; unknown shows all; Team is owner-only (0.24225ms)
✔ P02 settlements directory rejects missing/link/owner/group/mode with a valid control (523.856291ms)
✔ preflight health permission grammars and API/worker consistency fail closed (8622.767833ms)
✔ merchant alert flag is explicit 0|1 and independently requires SMTP (3478.145167ms)
✔ shared loader makes API/worker LIVE pair file-only before Compose interpolation (572.612208ms)
✔ export bind accepts omitted JSON false but rejects unsafe source/config mutations (2.822375ms)
✔ sanctioned operator allowlist and fail-closed gates (fake docker, no network) (2587.402875ms)
✔ platform operator custody, export mount and binary are wired (264.007833ms)
✔ actual export bind refuses a missing directory; enabling auto-create is detected (602.294875ms)
✔ R3 preflight rejects cancelled PAYUNi, validates Page app and keeps LIVE pair mandatory (1361.009167ms)
✔ R3 smoke exercises exact denied probes, accepts 404 only for disabled mounts (106.129292ms)
✔ positive control: a complete, valid configuration raises no META_LOGIN finding (2826.159041ms)
✔ feature off (COMMERCE_META_LOGIN_CONFIG_ID empty): no rule applies even with the other keys empty (1152.165792ms)
✔ P06: the Page route needs the webhook receiver (1754.930292ms)
✔ P06: sessions come from identity (781.88725ms)
✔ P06: without the claims profile nobody sends the private replies (a WARN, not a FAIL) (559.136916ms)
✔ P08: COMMERCE_META_LOGIN_CONFIG_ID must be numeric ("abc") (529.494333ms)
✔ P08: COMMERCE_META_LOGIN_CONFIG_ID must be numeric ("12 34") (446.890209ms)
✔ P08: COMMERCE_META_LOGIN_CONFIG_ID must be numeric ("111111111111") (448.509375ms)
✔ P08: COMMERCE_META_LOGIN_CONFIG_ID must be numeric ("0x10") (466.7595ms)
✔ P08: COMMERCE_META_LOGIN_CONFIG_ID must be numeric ("-1") (542.636666ms)
✔ P08: COMMERCE_META_LOGIN_REDIRECT_URI must be exactly https://<LC_ADMIN_HOST>/api/meta/callback (wrong host) (498.422167ms)
✔ P08: COMMERCE_META_LOGIN_REDIRECT_URI must be exactly https://<LC_ADMIN_HOST>/api/meta/callback (http scheme) (441.765583ms)
✔ P08: COMMERCE_META_LOGIN_REDIRECT_URI must be exactly https://<LC_ADMIN_HOST>/api/meta/callback (the ads callback path) (450.638ms)
✔ P08: COMMERCE_META_LOGIN_REDIRECT_URI must be exactly https://<LC_ADMIN_HOST>/api/meta/callback (trailing slash) (501.882625ms)
✔ P08: COMMERCE_META_LOGIN_REDIRECT_URI must be exactly https://<LC_ADMIN_HOST>/api/meta/callback (query string) (320.452625ms)
✔ P08: COMMERCE_META_LOGIN_REDIRECT_URI must be exactly https://<LC_ADMIN_HOST>/api/meta/callback (empty) (263.622542ms)
✔ P08: COMMERCE_META_LOGIN_GRAPH_VERSION grammar vNN.N ("26.0") (290.816542ms)
✔ P08: COMMERCE_META_LOGIN_GRAPH_VERSION grammar vNN.N ("v26") (339.51775ms)
✔ P08: COMMERCE_META_LOGIN_GRAPH_VERSION grammar vNN.N ("v26.0.1") (249.00925ms)
✔ P08: COMMERCE_META_LOGIN_GRAPH_VERSION grammar vNN.N ("latest") (233.974541ms)
✔ P08: COMMERCE_META_LOGIN_GRAPH_VERSION grammar vNN.N ("") (321.307958ms)
✔ P08: COMMERCE_META_LOGIN_GRAPH_VERSION grammar vNN.N ("v1000.0") (364.23575ms)
✔ P08: COMMERCE_META_LOGIN_GRAPH_VERSION accepts v26.0 (318.739208ms)
✔ P08: COMMERCE_META_LOGIN_GRAPH_VERSION accepts v22.0 (247.588042ms)
✔ P08: COMMERCE_META_LOGIN_GRAPH_VERSION accepts v99.9 (293.923875ms)
✔ production without any alert channel is a FAIL (nobody would hear the next outage) (2785.707125ms)
✔ outside production the same gap is only a WARN (1156.154333ms)
✔ a webhook alone satisfies the rule (1752.68525ms)
✔ an e-mail target with a complete relay (host, username, secret) satisfies the rule (788.689625ms)
✔ an e-mail target without the relay secret cannot be sent: FAIL in production, WARN elsewhere (1082.26125ms)
✔ the example's CHANGE_ME_SENDER placeholder is not a relay: the e-mail target cannot be sent (447.446375ms)
✔ LC_ALERT_EMAIL must be one plain address ("not-an-address") (448.883666ms)
✔ LC_ALERT_EMAIL must be one plain address ("two@fake.invalid,three@fake.invalid") (483.764292ms)
✔ LC_ALERT_EMAIL must be one plain address ("a b@fake.invalid") (584.650375ms)
✔ LC_ALERT_EMAIL must be one plain address ("<owner@fake.invalid>") (506.463209ms)
✔ LC_ALERT_EMAIL must be one plain address ("owner@fake") (511.321542ms)
✔ storefront cart-line removal is reversible: clicked for real, not guarded (1.967541ms)
✔ destructive / irreversible / sign-out classification (owner list, en + zh) (1.721416ms)
✔ alike controls (rows with ids / numbers) share one class key (0.515583ms)
✔ known defects classify, never silence: stale entries are reported (0.793084ms)
✔ the markdown ledger has one row per interaction and names the verdict (0.325667ms)
✔ protocolHrefOK accepts well-formed tel:/mailto: and rejects malformed ones (0.253041ms)
✔ J1 waits for enabled media and clicks a real chooser; the uploaded cover is bound to the main section (2230.679334ms)
✔ J1 cannot credit a detail-image receipt as the main cover (164.5295ms)
✔ J1 refuses a failed cover upload rather than continuing to activate (2.046625ms)
✔ thresholds are the named constants of the brief (1.426291ms)
✔ R1: document wider than the viewport, and the outermost element past the edge (0.300042ms)
✔ R2: label tops, control tops and control heights of one visual row (0.45875ms)
✔ R2: what is one row and what is not (0.344541ms)
✔ R2: a button beside a field has to line up with its control (0.467083ms)
✔ R3: a row made tall by stacked controls, a control wider than its cell (0.765375ms)
✔ R3: a matrix whose EVERY row is doubled by a stacked stock cell (the median cannot see it) (0.235416ms)
✔ R4: small text, helper text apart, icons and duplicates excepted (0.233667ms)
✔ R5: tap targets on the 390 viewport only (1.426791ms)
✔ R6: interactive elements and text boxes that overlap (1.043208ms)
✔ R7: text clipped inside a control or label (either side), and select values that do not fit (0.758833ms)
✔ R8: the same visible label twice in one list (0.167458ms)
✔ evaluate() tags severity, selectRecords() keeps distinct groups first and counts every instance (1.486292ms)
✔ R9: text and controls flush to the screen edge at 390 (0.750875ms)
✔ R6/R9 judge the visible (ancestor-clipped) rectangle, not the raw one (integrator ruling 2026-10-05) (0.398625ms)
✔ R10: a fixed or sticky bar covering main content after scrolling (0.438333ms)
✔ R11: controls narrower than a usable width (0.976291ms)
ℹ tests 448
ℹ suites 0
ℹ pass 447
ℹ fail 1
ℹ cancelled 0
ℹ skipped 0
ℹ todo 0
ℹ duration_ms 20970.541625

✖ failing tests:

test at tests/admin/shell-architecture.test.mjs:10:1
✖ G-UI3/G-UI5 architecture constraints pass with shrinking legacy exceptions (5541.572667ms)
  AssertionError [ERR_ASSERTION]: Expected values to be strictly deep-equal:
  + actual - expected

  + [
  +   'apps/admin/components/ProductDocumentForm.tsx: lines 801 > 0'
  + ]
  - []

      at TestContext.<anonymous> (file:///Volumes/data/live_commerce_architecture_v1/.worktrees/pr1-ui-followups/tests/admin/shell-architecture.test.mjs:11:10)
      at Test.runInAsyncScope (node:async_hooks:227:14)
      at Test.run (node:internal/test_runner/test:1201:25)
      at Test.start (node:internal/test_runner/test:1096:17)
      at startSubtestAfterBootstrap (node:internal/test_runner/harness:385:17) {
    generatedMessage: true,
    code: 'ERR_ASSERTION',
    actual: [ 'apps/admin/components/ProductDocumentForm.tsx: lines 801 > 0' ],
    expected: [],
    operator: 'deepStrictEqual',
    diff: 'simple'
  }
