✔ /products/{uuid} redirects permanently to the zh-TW product page (12.128583ms)
✔ non-uuid ids are 404, never redirected (1.954083ms)
✔ AT1: the locale redirect preserves the ad-click query without allowing a redirect target (0.146875ms)
✔ R10: standalone signed signals survive a missing or expired seven-day touch (15.790625ms)
✔ R10: standalone signals reject expiry, bad signature, duplicates and another host (0.2195ms)
✔ AT1 R5: browser identity survives expired touch and rolls for ninety days (0.162834ms)
✔ AT1 R5: missing ad parameters create no cookies; fbclid alone creates no touch (0.167041ms)
✔ AT1 R5: lc_ad alone updates attribution and does not replace fbc (0.1325ms)
✔ AT1: host-only first-party cookies contain no PII and read back exactly (0.232917ms)
✔ AT1: a later valid click replaces the draft but preserves the browser identifier (0.114792ms)
✔ R10: only a different fbclid replaces fbc and its first-seen timestamp (0.200625ms)
✔ AT1: malformed and ambiguous links do not overwrite a valid prior touch (0.320667ms)
✔ AT1: host and key binding reject copied cookies (0.166584ms)
✔ AT1: duplicates and tampering invalidate the entire envelope (0.136ms)
✔ AT1: exactly seven days is valid, the next millisecond and future clicks are not (13.104584ms)
✔ catalog list query limits equal the Go v2 parser (internal/buyerhttp/catalogv2.go) (15.653167ms)
✔ collection list cap equals Go maxCollectionsPerStore (4.341292ms)
✔ design caps equal internal/design/schema.go (nav, sections, pages) (2.004792ms)
✔ CVS buyer-entered store bounds and return path equal Go (internal/checkout/cvs.go, migration 0093) (1.696625ms)
✔ transfer view: closed shape and state rules mirror Go validTransferView (1.683333ms)
✔ proof body and result: five digits, positive minor amount, ISO instant (0.257417ms)
✔ minorFromText: major units with at most two decimals, never a float surprise (0.106917ms)
✔ buyer email mirror: one plain address, 254 characters at most (0.107375ms)
✔ countdown: whole hours and minutes, never negative (0.354042ms)
✔ copy: three locales carry every key and every refusal code (0.196625ms)
✔ options: a home row lists modes only with bank_transfer and then needs its window (0.251584ms)
✔ checkoutInput: a home bank_transfer body, the optional trimmed email, and every refusal before any request (0.388ms)
✔ order: AWAITING_TRANSFER is a valid commercial state without a hold time (0.198958ms)
✔ BFF: exact transfer routes, keyed proof PUT, strict body, validated answers, no generic proxy (31.027542ms)
✔ BFF: transfer refusal codes pass through as definite 422; checkout accepts bank_transfer and a valid email only (3.263416ms)
✔ D06 order heading follows a settled transfer: never 'waiting for transfer' above a confirmed or expired one (0.131833ms)
✔ uncertain prepare blocks all mutations; changed cookie context resolves journal (29.404916ms)
✔ fully parsed local denial clears only its own pending operation (8.254625ms)
✔ malformed journal, unavailable lock and stale context fail before writes (3.004041ms)
✔ BPT05 exact handoff permits absent body/key, one fetch, no form persistence (24.222458ms)
✔ BPT05 wrong handoff form and ordinary writes fail before any fetch (0.491167ms)
✔ BPT05 unresolved cookie journal blocks handoff; lost response is one fetch without persistence (0.142625ms)
✔ SU02 refresh permits absent body/key, one fetch, no persistence (0.155875ms)
✔ SU02 refresh rejects a body, a key or a malformed path before any fetch (0.146458ms)
✔ SU02 cancel permits absent body/key, one fetch, no persistence (0.102209ms)
✔ SU02 cancel rejects a body, a key or a malformed path before any fetch (0.105333ms)
✔ BPT01 exact private path, headers, body and three-locale one-fetch transport (45.233541ms)
✔ BPT02 payment routes reject untrusted path, context, headers, key and body before fetch (10.84875ms)
✔ BPT03 hostile upstream success is sanitized, never returned as payment data (7.260833ms)
✔ BPT04 every handoff failure is nonretryable, including pre-route and transport loss (1.072625ms)
✔ SU02 five routes: exact upstream path, method, key, body, one fetch each (0.804833ms)
✔ SU02 refresh and cancel are keyless and pass every CSRF/context denial before fetch (1.329667ms)
✔ SU02 every handoff/refresh/cancel failure is nonretryable and sanitized (3.611958ms)
✔ SU02 hostile Stripe bodies become the sanitized 503; PAYUNi and Stripe bodies stay byte-identical (2.473334ms)
✔ SU02 prepare accepts only the two known method codes (0.415458ms)
✔ disabled and invalid configuration fail closed before private fetch (26.347708ms)
✔ private authority, cookie lifecycle and strict local denial (22.559208ms)
✔ bad host, cookie, query and method never reach private API (7.340375ms)
✔ stalled inbound POST body is canceled at its deadline without a cookie or private call (2.088083ms)
✔ R10: Begin forwards independently signed signals; browser attribution and forwarded hosts are not authority (8.636833ms)
✔ CVS BFF: exact routes, keyed open/store, keyless verify, validated answers, no generic proxy (13.674625ms)
✔ CVS BFF: contract refusal codes pass through; pay_at_pickup_limit is a definite (non-retryable) 429 (17.582083ms)
✔ fragment grammar accepts only one canonical token (0.465083ms)
✔ claim projections are closed (0.244209ms)
✔ claim token rides only its header on B1/B2 and is never echoed (31.356167ms)
✔ claim-priced cart edits send only SKU and quantity, keeping server price authority (7.718541ms)
✔ direct-checkout sold-out projection is mandatory, boolean and closed (0.240375ms)
✔ claim redeem shares the purchase lock, guards recovery and never persists the token (3.605125ms)
✔ ClaimLink removal projects live-priced survivors on ready and conflict pages (142.13325ms)
✔ ClaimLink revisit checks out applied A while pending B is sold out or unavailable (9.974375ms)
✔ ClaimLink refreshes a nothing result after a second tab applied the claim (8.379583ms)
✔ ClaimLink does not navigate when a buyable claim target is absent or has changed quantity (7.596292ms)
✔ ClaimLink optional prior-order notice tolerates unreadable storage without bypassing recovery (13.227083ms)
✔ CVS01 map form: only the two ECPay e-map actions, exact fields, top-level-safe values (2.140208ms)
✔ CVS02 return path allowlist excludes /claim and anything but the checkout or product page (0.188584ms)
✔ CVS03 selection projection: VERIFIED<=>pickup, REJECTED<=>reject_code, absent keys read as null (1.012208ms)
✔ CVS04 buyer-entered store answer and request body (0.735ms)
✔ CVS05 store code table (§16.1) keeps leading zeros and per-chain lengths (0.370625ms)
✔ CVS06 recipient mirror: real-name width 4..10 (CJK=2), no digits/symbols/emoji; 09 mobile (1.185458ms)
✔ CVS07 checkout draft: name, phone and mode only; read once; corrupt/foreign shapes are dropped (0.514625ms)
✔ CVS08 return URL: only ?cvs_selection=<uuid> is accepted (0.179541ms)
✔ CVS09 buyer order projection and copy keys: nothing but PICKED_UP says picked up (0.802375ms)
✔ CVS10 error codes: field mapping, definite refusals, official links are https constants (1.44925ms)
✔ CVS11 client transport: verify is the one new keyless POST; the server refusal code rides BuyerClientError.detail (21.140542ms)
✔ every locale x page has a title, an updated line and at least one section (0.876791ms)
✔ locales share the section count and per-section body count of every page (1.132084ms)
✔ final text is only the owner-confirmed company facts (CR 81215167 name + registered address); nothing else is final (0.357333ms)
✔ a legal page is published only when every text on it is final; buyers see no link to an unpublished one (1.1695ms)
✔ data-deletion path is named in the privacy page of every locale (0.205291ms)
✔ pendingOwnerText lists exactly the texts that keep a page unpublished and is written for the owner (1.905125ms)
✔ a live (claim-origin) price replaces the catalog price and strikes it through (1.13475ms)
✔ without a live price the catalog price and its compare-at are shown unchanged (0.23975ms)
✔ a live price equal to or above the catalog price is shown as set (strike hidden by the UI guard) (0.21175ms)
✔ a live price strikes the catalog price, never the variant sale price (0.340416ms)
✔ order ref: 12 hex (dashes or spaces, any case) or a full id (0.843458ms)
✔ contact: one email or a phone of 6..20 digits (0.183834ms)
✔ body is exactly {order_ref, contact}; the answer is exactly {order_id} (0.139208ms)
✔ BFF lookup: no cookie needed, fresh token goes upstream, cookie only on 200 and it carries that same token (33.152708ms)
✔ BFF lookup: strict local denial before any private fetch (2.002792ms)
✔ copy: three locales carry every key (0.539792ms)
✔ MS4 srcset descriptors use actual decoded widths and deduplicate small renditions (0.358208ms)
✔ MS1 product rendition allowlist preserves trusted Host and never forwards buyer cookies (41.097208ms)
✔ MS2 invalid, duplicate, extra, encoded widths and non-product variants fail before fetch (4.454417ms)
✔ MS3 old-image fallback is never promoted to immutable; committed variants are cacheable (3.375125ms)
✔ TWD whole amounts show no decimals in every locale and at every magnitude (line, subtotal, total, zero) (22.950459ms)
✔ cents appear only when there are cents, then always as two digits; the minor-unit arithmetic is untouched (0.186333ms)
✔ digits come from the currency: JPY none, USD two when there are cents (1.440959ms)
✔ one formatter: no component, page or lib builds a currency Intl.NumberFormat outside lib/money.ts (39.735ms)
✔ fragment: exactly #o=<order id>&t=<43-char token>; anything else is null (3.366625ms)
✔ body is exactly {order_id, token, proof}; the answer is exactly the order the link named (0.356333ms)
✔ BFF link: no cookie needed, fresh token upstream, cookie only on a 200 naming the same order, link token never echoed (61.141584ms)
✔ BFF link: strict local denial before any private fetch (5.846625ms)
✔ copy: three locales, one refusal text, a retry and a lookup path (0.11825ms)
✔ BPU01 fresh payment writes exact metadata before prepare, one bodyless Take, no persistent form (40.053625ms)
✔ BPU01 lost prepare response replays original key/body only on explicit next click (3.603458ms)
✔ BPU01 lost handoff is permanently GET-only, even after a second click (2.708291ms)
✔ BPU01 storage, amount, scope and child/screen fences reject before irreversible writes (2.018834ms)
✔ BPU01 document/child loss after prepare but before Take leaves exact replay marker (0.609167ms)
✔ BPU01 malformed server handoff never submits and Take remains nonretryable (0.751833ms)
✔ BPU01 marker replacement before Take and after Take blocks release/form reuse (1.041125ms)
✔ BPU01 context replacement after prepare and after Take closes destination without form (3.715625ms)
✔ BPU01 synchronous destination refuses invalid locale before opening a window (0.278708ms)
✔ SU03 fresh Stripe pay: marker before prepare, one prepare, one handoff, navigate, URL never stored (2.406208ms)
✔ SU03 marker replay: lost prepare response replays key/body, no uncertain on PENDING view with leftover marker (2.422166ms)
✔ SU03 cross-device Continue needs no marker and never prepares (0.415917ms)
✔ SU03 marker/view matrix: PAYUNi marker on Stripe view and Stripe marker on PAYUNi view send nothing (0.826666ms)
✔ SU03 any other view renders without a POST (0.621416ms)
✔ SU03 CREATING: waits on the schedule without the lock, then hands off once when READY (6.208083ms)
✔ SU03 CREATING budget: 10 reads over 30 s, then the blank child is closed, no POST, no throw (19.03025ms)
✔ SU03 cancel_requested seen on the re-GET aborts before the handoff POST (1.10675ms)
✔ SU03 handoff outcomes: CREATING closes child, CLOSED/UNAVAILABLE/error/malformed reject; one POST each, never retried (7.446291ms)
✔ SU03 Stripe prepare errors, amount/currency mismatch and popup loss stop before any handoff (1.098ms)
✔ SU03 two clicks make two handoff POSTs only because there were two clicks; sequential, none from reads (3.568917ms)
✔ SU03 navigate: validates again, needs an owned blank child, sets used before replace, no URL in errors (0.817209ms)
✔ SU03 refresh signal: keyless single POST, validated, throttled 1/10 s and 30 per page life, cancel never throttled (5.398417ms)
✔ SU03 signal failures are single-shot and sanitized: HTTP error, malformed body, wrong order (0.362625ms)
✔ private quote/option authority fields are required; only exact MANUAL home can checkout (1.421042ms)
✔ continue shopping advances only ordered version, clears hint, keeps SQL history authoritative (22.928125ms)
✔ lost next-cart response retries identical key/body and preserves a newer cart (2.411917ms)
✔ continuation never overwrites an already advanced cart (1.640375ms)
✔ unknown checkout blocks continuation without any business request (0.736709ms)
✔ two queued continuation clicks mutate once; stale order ID cannot clear another order (1.408542ms)
✔ CAS conflict resolves only after a newer cart is read (2.435458ms)
✔ locator removal failure retains next-cart journal and recovery survives missing locator (0.543792ms)
✔ order history summary rejects PII/unknown fields and malformed scope IDs (0.09075ms)
✔ native address validation mirrors printable Unicode, limits and phone; journal forbids PII (4.501125ms)
✔ address lost reply replays exact in-memory intent, then confirms current head (1.54625ms)
✔ address reload requires explicit new intent and exact observed CAS; stale head never auto-bumps (1.424ms)
✔ old address receipt cannot confirm another tab's newer current head (0.446625ms)
✔ a late address CAS winner requires another explicit confirmation, not an automatic version bump (2.571666ms)
✔ checkout lost reply, queued duplicate and current GET reuse one key and one order (4.572917ms)
✔ uncertain checkout retains original journal across later 401/403/404/5xx and malformed success (0.625709ms)
✔ only a fresh definitive denial clears checkout; no order locator is invented (0.142042ms)
✔ locator storage failure after commit retains same key; reload GET failure keeps locator (0.343542ms)
✔ locator persisted but journal removal failed resumes pending receipt, not unrelated pointer (0.323292ms)
✔ unavailable storage, invalid locator and late changed context fail closed (0.197375ms)
✔ order locator readback mismatch and no-op journal removal both retain checkout recovery (0.335625ms)
✔ direct claim continuation refuses a newer ordered cart inside the purchase lock (0.234042ms)
✔ direct claim continuation keeps next-cart recovery after a conflicting clear (0.193ms)
✔ collector projection: admitted for derived connections, absent/null for primary (0.619917ms)
✔ collector rejects identifiers, extra keys and malformed text (0.108333ms)
✔ disclosure renders the contract §5 line with all three slots substituted (0.087167ms)
✔ the disclosure line exists exactly when the hosted view returns a collector (0.071958ms)
✔ a shop or collector name with a replacement pattern is shown literally (0.043709ms)
✔ OrderPayment renders the disclosure with the view, above every pay button, through the helper only (1.46875ms)
✔ BPT03 exact valid projection and Go nanosecond UTC timestamps (3.324125ms)
✔ BPT03 view rejects private fields, inconsistent state and malformed names (0.1715ms)
✔ BPT03 prepared receipt enforces exact original credit-card amount (0.067375ms)
✔ BPT03 hosted form and replay are exact, bounded and action-allowlisted (0.662375ms)
✔ SU01 Stripe views: fresh, both methods, attempt states, PAYUNi unchanged (0.161708ms)
✔ SU01 Stripe view negatives (0.13575ms)
✔ SU01 prepared amounts follow the corrected per-currency table (0.111666ms)
✔ SU01 Stripe handoff union and every redirect_url negative (0.22925ms)
✔ SU01 payment signal is exactly {order_id, scheduled:boolean} (0.089458ms)
✔ RUI01 refund summary: refunded states, pending money, absent ≡ null (0.136625ms)
✔ RUI01 refund summary negatives (0.124167ms)
✔ BPU03 neutral GET and POST return ignore every callback field and cookie (12.936209ms)
✔ primary origin: exact path/query, same host, and no URL-controlled destination (3.57875ms)
✔ GET and HEAD use trusted Host, private bounded uncached resolver and exact 301 (11.87225ms)
✔ no writes redirected; resolution failures fail closed; unknown hosts keep native 404 (0.648125ms)
✔ policy version is the frozen constant, in the customers-core D4 shape (0.403875ms)
✔ route table: exactly the four buyer privacy routes, methods and body kinds (0.367708ms)
✔ body shapes are closed and mirror the frozen Go inputs (no source, no policy_version) (0.087666ms)
✔ GET privacy validator: closed shape, erased owner holds no consent (0.118458ms)
✔ consent result and erasure summary validators (0.199583ms)
✔ buyer export envelope never carries customer_id (0.080209ms)
✔ failure classification: 410 and erased are the erased state (0.045875ms)
✔ copy: every locale has the same keys, the ads box discloses that sent events cannot be recalled (0.616083ms)
✔ selected option photo uses a main display slot without adding a fifth main image (2.03325ms)
✔ use-cover selection and a main-thumbnail selection restore the original main gallery (0.280625ms)
✔ cart thumbnail uses variant then catalog image_id, including when main images are absent (0.20625ms)
✔ migrated four-main/five-detail images stay separate when the option photo changes (0.349709ms)
✔ real cart-detail composition uses server SKU image_id (v2 detail available) (20.913375ms)
✔ real cart-detail composition uses server SKU image_id (v2 detail unavailable) (0.868666ms)
✔ parity: frontend caps equal the Go constants (1.478584ms)
✔ detail parser: 4 main + 20 detail + option-value images are accepted and mapped (1.33075ms)
✔ detail parser: 5 main, 21 detail, bad ids and over-cap option images are refused (0.315375ms)
✔ detail parser: a backend before product-media-v2 (no new keys) still parses with empty defaults (0.16575ms)
✔ v1 catalog row: images are main-only (<= 4) and image_id is a uuid or null (0.41975ms)
✔ PRO-S1 code mirror: any case and spaces normalise; impossible codes never become a request (3.660458ms)
✔ PRO-S2 promotion object: closed keys, kind/value pairing (0.437333ms)
✔ PRO-S3 quote validator: promotion is optional but never malformed; the discount stays the server's own number (0.285417ms)
✔ PRO-S4 journal grammar: a quote write may carry one canonical promo_code, nothing else (0.343917ms)
✔ PRO-S5 copy: three locales cover every refusal code and the same keys (0.945292ms)
✔ PRO-S6 BFF quote route: promo_code relayed untouched when canonical, refused before the private API otherwise (36.4415ms)
✔ PRO-S7 BFF: every promo_* refusal is a definite, non-retryable 422 with its own code (7.728417ms)
✔ demonstration disclosure is explicit and local-only (0.947167ms)
✔ cart selection preserves unrelated SKUs and the observed CAS version (9.980625ms)
✔ minor amounts are bounded before multiplication, including zero (0.08025ms)
✔ delivery identity includes country for one market and method (0.061917ms)
✔ journal is bound to context and rejects PII/unknown fields (0.214ms)
✔ lost response replays exact key/body, then clears only after parsed receipt (21.23325ms)
✔ RUI02 buyer order admits MERCHANT_SHIPPED only with a SHIPPED head; absent shipment ≡ null (0.457542ms)
✔ RUI02 shipment shape negatives (incl. unsafe links) (0.240834ms)
✔ RUI02 history summary admits MERCHANT_SHIPPED (a shipped order must not break the list) (0.081833ms)
✔ CVSP01 options: CVS rows carry pickup_selection/payment_modes; unavailable rows are a separate shape (0.343625ms)
✔ CVSP02 CVS destination write: TW only, pickup_id required, empty home address; home unchanged (16.147583ms)
✔ CVSP03 checkoutInput: payment_mode only for CVS rows and only a mode the row offers (0.352416ms)
✔ COD confirmation includes expected fee, enforces collect cap and validates immutable order money (0.248958ms)
✔ CVSP04 buyer order: pay_at_pickup <=> collection_state; cvs_shipment only on a matching CVS destination (0.197625ms)
✔ CVSP05 journal accepts a CVS destination marker and a checkout body with payment_mode, nothing else (0.183ms)
✔ validProduct accepts up to the Go photo cap and rejects one more (1.504ms)
✔ design: garbage and hostile documents collapse to the safe default shape (1.022333ms)
✔ design: links, preview token propagation, nav resolution (0.14175ms)
✔ design: any merchant accent yields readable button text and link colour (WCAG AA) (0.23875ms)
✔ variants: resolution, disabled out-of-stock combinations, initial choice, price bounds (0.158042ms)
✔ catalog-v2 parsers accept the frozen shapes and refuse drift (0.486ms)
✔ free-delivery progress words the hint only when a threshold exists (0.070375ms)
✔ list query: only whitelisted, canonical values survive (0.221708ms)
✔ seo: JSON-LD cannot break out of its script tag; offers reflect stock and price range (42.860916ms)
✔ seo: sitemap escapes and carries hreflang; robots refuses everything for a closed host (0.40175ms)
✔ money: whole amounts drop cents, minor digits come from the currency, filters round-trip (0.991417ms)
✔ cart line write: replaces one line, keeps the others, 0 removes, CAS version is the one shown (1.57775ms)
✔ cart problems map to buyer-facing classes without leaking transport detail (0.2245ms)
✔ checkout options accept the optional free-shipping threshold only as a positive integer or null (1.01975ms)
✔ no-image placeholder copy: exactly the locale label a photo-less card or gallery renders (0.1585ms)
✔ storefront image caps equal the Go catalog caps (internal/catalog MaxMainImages, MaxDetailImages) (15.790334ms)
✔ design text limits count code points like Go, never splitting a surrogate pair (0.230083ms)
✔ G3: same-series cards exclude the current product and never invent absent draft/foreign products (0.593625ms)
✔ G5: safety guidance exists in three languages without changing the five merchant policy approval boundaries (1.925209ms)
✔ G4: category chips omit empty collections; hidden collections absent from the public API stay absent (0.096417ms)
✔ dictionaries have exact parity and non-empty values (0.645916ms)
✔ locale precedence and language quality mapping (0.592708ms)
✔ localized paths preserve deep links and reject dangerous input (0.33825ms)
✔ path locale only matches a canonical first segment (0.04875ms)
✔ the four constructs render (3.859959ms)
✔ XSS payloads stay inert text (0.79375ms)
✔ fuzz: any string over a hostile alphabet renders only whitelisted tags (20.949ms)
✔ validator mirrors the Go rules (0.198375ms)
✔ SDN1 allowlist: exactly the contract routes, per method (0.535333ms)
✔ SDN1 allowlist: traversal, case, suffix and prefix tricks never match (0.545ms)
✔ SDN1 request shape: no query string anywhere, reads carry no body, key, length or transfer-encoding (18.479833ms)
✔ SDN1 cap: 260 KiB = Go's 256 KiB document + 4 KiB envelope, and a body of exactly the cap is still below it (0.053709ms)
✔ SDN2 renderer: every XSS payload comes out as whitelisted tags and escaped text only (1.601958ms)
✔ SDN2 renderer: escape-first means the merchant's text never becomes markup (1.1735ms)
✔ SDN2 renderer: fuzz (seeded) never produces a tag outside the whitelist (37.187208ms)
✔ SDN2 client validator rejects what the server rejects (HTML, non-https links, `<` anywhere) (0.363833ms)
✔ cleanForSave turns cleared fields into null but keeps an empty body (0.927334ms)
✔ localIssues names each missing mandatory value by server path (1.077917ms)
✔ moved swaps neighbours and ignores out-of-range moves (0.158584ms)
✔ parsers accept the exact Go shapes and refuse extra or missing keys (0.816625ms)
✔ BFF allowlist covers exactly the design resources (3.181041ms)
✔ validDesignRequest refuses queries and bodies on reads, ignores other paths (55.422334ms)
✔ designDetails forwards only a bounded {path, reason} pair (0.897833ms)
✔ accepts exactly the three locale invite paths with a 20-200 char token (0.881417ms)
✔ rejects anything that is not an exact same-origin relative invite path (0.186958ms)
✔ rejects percent-encoded variants of the exact shape (0.084209ms)
✔ the token is an opaque invite token shape, never a URL (0.062583ms)
✔ fragment carrier: round-trips the exact invite path, is never a query string, and rejects hostile fragments (0.22325ms)
✔ dashboard: accepts the frozen shape, rejects drift (1.983041ms)
✔ import result: strict keys, closed error codes, committed never carries errors (0.278166ms)
✔ csv file guard mirrors the Go bounds (0.072917ms)
✔ manual options: a COD home row parses with its offer (D01: the page used to refuse the whole list) (0.683125ms)
✔ manual options: only bank_transfer / pay_at_pickup / cash_on_delivery, key must equal market|country|code (0.122125ms)
✔ manual result: link is https with the order id and a 43-char capability in the fragment only (0.245458ms)
✔ draft: first problem, and the body has no price-like field at all (0.406ms)
✔ BFF grammar: exactly the seven tools resources (0.092375ms)
✔ regenerate body/result: exactly {order_id, locale} and a fresh https link naming that order (0.133291ms)
✔ copy parity: every locale has every key, import rules and error codes (0.581959ms)
✔ callback redirect target is always a same-origin /<locale>/settings path whatever the cookies, store, code or error say (1.672291ms)
✔ the binding cookie: exactly one canonical store uuid, path-scoped to the callback, HttpOnly, Lax, 10 minutes, Secure (0.094584ms)
✔ callback query: exactly one code and one state within charset/length bounds; Meta's error=… and repeats are not forwarded (0.561666ms)
✔ the dialog URL the BFF hands the browser is https://www.facebook.com only (0.12225ms)
✔ callback error mapping only ever yields fixed codes, never an upstream message (0.116209ms)
✔ selected Page qualifies only a bare Facebook id, never rewrites another Page or external URL (1.095834ms)
✔ status: not connected, connected with and without Instagram, and every deviation throws (1.759625ms)
✔ pick state: closed shape, optional Instagram keys come as a pair, id must match (0.586375ms)
✔ route grammar: only status/states/pick/disconnect; start and callback are dedicated routes; no query; reads carry no body or key (8.946625ms)
✔ connect cookie, body and callback redirect never carry code/state and only fixed codes (0.291667ms)
✔ copy: three locales have the same keys and every Go error code has a message (0.099833ms)
✔ review-required remains restricted; evidence does not promote state (1.548917ms)
✔ legacy omission remains unidentified, independent of array order (0.297291ms)
✔ closed shapes reject unknown state/provider/evidence, leaked fields and inconsistent severity (0.454084ms)
✔ duplicate capabilities/pages and unbounded arrays cannot become trusted state (0.187792ms)
✔ worst Page determines advice, no raw upstream reason reaches copy (0.1615ms)
✔ recheck receipt means scheduled; timestamps and closed keys are checked (0.320625ms)
✔ exact keyless route grammar rejects query/key/body confusion (13.885458ms)
✔ recheck takes exactly page_id and no caller-provided scope (0.112208ms)
✔ blocking advice comes from the blocking capability, not a secondary public-reply warning (0.089875ms)
✔ clean health browser mode prepares admin standalone before starting its fixture (23.094125ms)
✔ en: expired connection retains its full refusal inside a wrapping badge (30.639292ms)
✔ zh-TW: expired connection retains its full refusal inside a wrapping badge (4.322125ms)
✔ zh-CN: expired connection retains its full refusal inside a wrapping badge (2.068709ms)
✔ actual B1 snapshot state remains ok even when a fixture expected review_required (0.146958ms)
✔ D02 TWD input: whole dollars only, x100 on the wire (8.097167ms)
✔ D02 TWD edit text: whole dollars have no decimals; a legacy amount with cents is never shown as another price (0.226333ms)
✔ D02 display: NT$ without decimals in every language, cents only when there are cents (1.167708ms)
✔ D02 live-price input (Studio claims): TWD whole dollars, other currencies their decimals (0.18125ms)
✔ D02 discount code amounts: TWD whole dollars, a decimal is refused before it is sent (0.258416ms)
✔ D02 no admin copy or component says 'minor units' to the merchant (71.896083ms)
✔ M06 time: Asia/Taipei everywhere, labelled, never UTC (15.148542ms)
✔ settings answer: exactly one boolean key (0.696042ms)
✔ PUT body is the frozen single key (0.084125ms)
✔ BFF grammar: GET read, PUT keyed command, nothing else (0.189541ms)
✔ copy: three locales, same keys, no empty text (0.129833ms)
✔ PRM01 parse: exact keys, kind/value pairing and ranges; duplicates and unknown keys are refused (4.752417ms)
✔ PRM02 Taipei wall time: +08:00 on the wire, instant shown back in Taipei, impossible dates refused (9.546625ms)
✔ PRM03 create body: normalised code, major units to minor units, optional fields null, whole body validated (4.653792ms)
✔ PRM04 update + toggle: version CAS key, form round trip, pause keeps every other field (0.984292ms)
✔ PRM05 BFF grammar: exactly list, create and update; nothing generic (0.339375ms)
✔ PRM06 copy: three locales carry the same keys and every refusal code the Go routes can answer (0.271834ms)
✔ G-UI3/G-UI5 architecture constraints pass with shrinking legacy exceptions (862.073958ms)
✔ G-UI3/G-UI5 negatives: new formatter, component fetch, >800 lines and wider allowance fail (0.405084ms)
✔ Readiness jump controls expose the actual active section, not a click flag (1.125334ms)
✔ Integrator P2: legal CN comment ordering and a distinct three-image recommendation (0.513542ms)
✔ ADM04 and ADM06 explain unavailable SKUs and keep collection vocabulary consistent (1.587833ms)
✔ ADM06 create/detail titles share the route vocabulary without adding a phantom Next page (0.353125ms)
✔ G-UI1 Next pages and route registry are bidirectional, unique, typed, documented (7.747167ms)
✔ G-UI1 copy key parity: no missing or extra key in any locale (0.104709ms)
✔ G-UI2 staff without catalog:read cannot see products/inventory or open a product URL (0.160833ms)
✔ G-UI2 every route permission is a permission Go knows, and /orders/new needs inventory:reserve (36.627292ms)
✔ G-UI1 dynamic and public routes match, details never appear as navigation (0.409208ms)
✔ W6-U2 ledger is a settings in-page route, preserving existing navigation (0.243416ms)
✔ Every browser spec clicks nav-orders: the orders group stays a singleton, so returns/new/print routes are nav: false (0.416625ms)
✔ created address is a strict HTTPS origin matching the assigned handle (0.867584ms)
✔ DNS instructions must name the requested origin and a bare hostname target (0.54875ms)
✔ domain kind is authoritative and closed, not inferred from host or token (0.390792ms)
✔ apex DNS retains every concrete IPv4/IPv6 address and rejects malformed values (1.093292ms)
✔ pending domain journal preserves exact action/key/target; legacy or corrupt markers never replay (0.452416ms)
✔ browser-origin gate: every refusal happens before Go is called, for every action (11.475667ms)
✔ only POST exists on the team routes (0.841833ms)
✔ unknown action is a local 404 and never reaches Go (0.876125ms)
✔ strict request grammar: wrong keys, types, ids, roles, locales and token shapes are 422 locally (4.687625ms)
✔ what reaches Go: BFF key, bearer from the cookie, no Cookie/Origin, body unchanged, exactly one call per request (33.593625ms)
✔ Go failures are rebuilt locally from allow-listed codes, never retried, and never echo the token (25.710625ms)
✔ team answer: accepts the frozen shape, null role and OIDC member without email (1.493792ms)
✔ team answer: unknown key, unknown role, bad id, bad mail state are rejected (0.293375ms)
✔ invite and accept answers are strict (0.382875ms)
✔ request grammar: every action has an exact key set and rejects junk values (0.207583ms)
✔ copy: three locales carry the same keys and a label for every role (0.731125ms)
✔ role-aware navigation: hides entries the member's permissions cannot use; unknown shows all; Team is owner-only (0.455458ms)
✔ P02 settlements directory rejects missing/link/owner/group/mode with a valid control (616.754208ms)
✔ preflight health permission grammars and API/worker consistency fail closed (2952.243959ms)
✔ merchant alert flag is explicit 0|1 and independently requires SMTP (1569.857167ms)
✔ shared loader makes API/worker LIVE pair file-only before Compose interpolation (305.966958ms)
✔ export bind accepts omitted JSON false but rejects unsafe source/config mutations (0.928292ms)
✔ sanctioned operator allowlist and fail-closed gates (fake docker, no network) (1513.649417ms)
✔ platform operator custody, export mount and binary are wired (159.530208ms)
✔ actual export bind refuses a missing directory; enabling auto-create is detected (334.923417ms)
✔ R3 preflight rejects cancelled PAYUNi, validates Page app and keeps LIVE pair mandatory (759.666917ms)
✔ R3 smoke exercises exact denied probes, accepts 404 only for disabled mounts (96.354041ms)
✔ positive control: a complete, valid configuration raises no META_LOGIN finding (1710.210541ms)
✔ feature off (COMMERCE_META_LOGIN_CONFIG_ID empty): no rule applies even with the other keys empty (260.595958ms)
✔ P06: the Page route needs the webhook receiver (219.226625ms)
✔ P06: sessions come from identity (226.996333ms)
✔ P06: without the claims profile nobody sends the private replies (a WARN, not a FAIL) (219.118416ms)
✔ P08: COMMERCE_META_LOGIN_CONFIG_ID must be numeric ("abc") (215.629292ms)
✔ P08: COMMERCE_META_LOGIN_CONFIG_ID must be numeric ("12 34") (223.234667ms)
✔ P08: COMMERCE_META_LOGIN_CONFIG_ID must be numeric ("111111111111") (220.292709ms)
✔ P08: COMMERCE_META_LOGIN_CONFIG_ID must be numeric ("0x10") (221.7925ms)
✔ P08: COMMERCE_META_LOGIN_CONFIG_ID must be numeric ("-1") (222.707709ms)
✔ P08: COMMERCE_META_LOGIN_REDIRECT_URI must be exactly https://<LC_ADMIN_HOST>/api/meta/callback (wrong host) (238.885458ms)
✔ P08: COMMERCE_META_LOGIN_REDIRECT_URI must be exactly https://<LC_ADMIN_HOST>/api/meta/callback (http scheme) (220.215833ms)
✔ P08: COMMERCE_META_LOGIN_REDIRECT_URI must be exactly https://<LC_ADMIN_HOST>/api/meta/callback (the ads callback path) (180.671542ms)
✔ P08: COMMERCE_META_LOGIN_REDIRECT_URI must be exactly https://<LC_ADMIN_HOST>/api/meta/callback (trailing slash) (181.195917ms)
✔ P08: COMMERCE_META_LOGIN_REDIRECT_URI must be exactly https://<LC_ADMIN_HOST>/api/meta/callback (query string) (179.498791ms)
✔ P08: COMMERCE_META_LOGIN_REDIRECT_URI must be exactly https://<LC_ADMIN_HOST>/api/meta/callback (empty) (171.023708ms)
✔ P08: COMMERCE_META_LOGIN_GRAPH_VERSION grammar vNN.N ("26.0") (174.929875ms)
✔ P08: COMMERCE_META_LOGIN_GRAPH_VERSION grammar vNN.N ("v26") (146.511708ms)
✔ P08: COMMERCE_META_LOGIN_GRAPH_VERSION grammar vNN.N ("v26.0.1") (144.605ms)
✔ P08: COMMERCE_META_LOGIN_GRAPH_VERSION grammar vNN.N ("latest") (151.074541ms)
✔ P08: COMMERCE_META_LOGIN_GRAPH_VERSION grammar vNN.N ("") (182.557333ms)
✔ P08: COMMERCE_META_LOGIN_GRAPH_VERSION grammar vNN.N ("v1000.0") (195.5265ms)
✔ P08: COMMERCE_META_LOGIN_GRAPH_VERSION accepts v26.0 (162.82975ms)
✔ P08: COMMERCE_META_LOGIN_GRAPH_VERSION accepts v22.0 (147.712459ms)
✔ P08: COMMERCE_META_LOGIN_GRAPH_VERSION accepts v99.9 (141.888625ms)
✔ production without any alert channel is a FAIL (nobody would hear the next outage) (1683.586833ms)
✔ outside production the same gap is only a WARN (261.396916ms)
✔ a webhook alone satisfies the rule (219.124208ms)
✔ an e-mail target with a complete relay (host, username, secret) satisfies the rule (226.664208ms)
✔ an e-mail target without the relay secret cannot be sent: FAIL in production, WARN elsewhere (434.82875ms)
✔ the example's CHANGE_ME_SENDER placeholder is not a relay: the e-mail target cannot be sent (223.580042ms)
✔ LC_ALERT_EMAIL must be one plain address ("not-an-address") (218.238166ms)
✔ LC_ALERT_EMAIL must be one plain address ("two@fake.invalid,three@fake.invalid") (223.270875ms)
✔ LC_ALERT_EMAIL must be one plain address ("a b@fake.invalid") (229.455584ms)
✔ LC_ALERT_EMAIL must be one plain address ("<owner@fake.invalid>") (232.348542ms)
✔ LC_ALERT_EMAIL must be one plain address ("owner@fake") (220.255416ms)
✔ storefront cart-line removal is reversible: clicked for real, not guarded (1.420917ms)
✔ destructive / irreversible / sign-out classification (owner list, en + zh) (1.483792ms)
✔ alike controls (rows with ids / numbers) share one class key (0.180375ms)
✔ known defects classify, never silence: stale entries are reported (0.429333ms)
✔ the markdown ledger has one row per interaction and names the verdict (0.195458ms)
✔ protocolHrefOK accepts well-formed tel:/mailto: and rejects malformed ones (0.156667ms)
✔ J1 waits for enabled media and clicks a real chooser; the uploaded cover is bound to the main section (605.341666ms)
✔ J1 cannot credit a detail-image receipt as the main cover (1.527125ms)
✔ J1 refuses a failed cover upload rather than continuing to activate (0.257ms)
✔ thresholds are the named constants of the brief (0.902958ms)
✔ R1: document wider than the viewport, and the outermost element past the edge (0.327458ms)
✔ R2: label tops, control tops and control heights of one visual row (0.406917ms)
✔ R2: what is one row and what is not (0.124667ms)
✔ R2: a button beside a field has to line up with its control (0.1575ms)
✔ R3: a row made tall by stacked controls, a control wider than its cell (0.358ms)
✔ R3: a matrix whose EVERY row is doubled by a stacked stock cell (the median cannot see it) (0.195667ms)
✔ R4: small text, helper text apart, icons and duplicates excepted (0.919542ms)
✔ R5: tap targets on the 390 viewport only (0.537584ms)
✔ R6: interactive elements and text boxes that overlap (0.278417ms)
✔ R7: text clipped inside a control or label (either side), and select values that do not fit (0.274834ms)
✔ R8: the same visible label twice in one list (0.105458ms)
✔ evaluate() tags severity, selectRecords() keeps distinct groups first and counts every instance (0.313208ms)
✔ R9: text and controls flush to the screen edge at 390 (0.249375ms)
✔ R6/R9 judge the visible (ancestor-clipped) rectangle, not the raw one (integrator ruling 2026-10-05) (0.121125ms)
✔ R10: a fixed or sticky bar covering main content after scrolling (0.247333ms)
✔ R11: controls narrower than a usable width (0.170042ms)
ℹ tests 418
ℹ suites 0
ℹ pass 418
ℹ fail 0
ℹ cancelled 0
ℹ skipped 0
ℹ todo 0
ℹ duration_ms 9103.173542
✔ closed projections reject secret-shaped extras, invalid enums, IDs and contradictory capabilities (0.716333ms)
✔ detail accepts only bounded events and keeps actual server action flags (0.344917ms)
✔ BFF exact routes and request grammar forbid keys/body on reads, filters on detail and arbitrary writes (8.830917ms)
✔ copy parity, safe object navigation and UNKNOWN/protective reasons (0.163667ms)
✔ read-only store capability never exposes a command even if the state allows one (0.051334ms)
✔ duplicate escaped keys cannot bypass the exact command grammar (0.039417ms)
✔ query backoff affects only its operation and expires without another action (0.045291ms)
✔ merchant reason text translates ledger events and conceals unknown or prototype codes (0.093875ms)
✔ ledger read navigation requires effective integration:read permission regardless of role (0.068834ms)
ℹ tests 9
ℹ suites 0
ℹ pass 9
ℹ fail 0
ℹ cancelled 0
ℹ skipped 0
ℹ todo 0
ℹ duration_ms 76.949083
✔ legacy display sentinels preserve a list row without admitting arbitrary or private data (1.780292ms)
✔ orders-v2 accepts bounded filters and Taipei inclusive dates; rejects ambiguity (0.412958ms)
✔ orders-v2 rejects client count approximations, unbounded or extra response data (0.136084ms)
✔ all three locales label every task queue, payment and delivery mode (0.2665ms)
ℹ tests 4
ℹ suites 0
ℹ pass 4
ℹ fail 0
ℹ cancelled 0
ℹ skipped 0
ℹ todo 0
ℹ duration_ms 67.713666
✔ numeric store IDs have no suggestion BFF or browser client (0.48375ms)
ℹ tests 1
ℹ suites 0
ℹ pass 1
ℹ fail 0
ℹ cancelled 0
ℹ skipped 0
ℹ todo 0
ℹ duration_ms 57.80675
✔ ADM10 operator sentence is localized while product and company facts stay authoritative (0.338708ms)
✔ PS review: actual Host matching normalizes case, port and a terminal DNS dot, never forwarded authority (0.187875ms)
✔ PS review: privacy/terms retain Messenger and Instagram purpose disclosure; deletion uses exact UI labels (0.084625ms)
✔ P2-N1 zh-TW/privacy: current comments and private reply, conditional inbound messages (0.073667ms)
✔ P2-N1 zh-TW/terms: current comments and private reply, conditional inbound messages (0.039959ms)
✔ P2-N1 zh-CN/privacy: current comments and private reply, conditional inbound messages (0.030333ms)
✔ P2-N1 zh-CN/terms: current comments and private reply, conditional inbound messages (0.038125ms)
✔ P2-N1 en/privacy: current comments and private reply, conditional inbound messages (0.040584ms)
✔ P2-N1 en/terms: current comments and private reply, conditional inbound messages (0.037583ms)
✔ PS1 legal identity is one untranslated source (0.072167ms)
✔ PS1 contact and hosts come only from configuration; production fails closed (0.301625ms)
✔ PS2 public routes default to zh-TW, restrict page/locale, and never include admin (0.325125ms)
✔ PS4 optional Meta verification value never has a fake default (0.044625ms)
✔ PS1 every locale uses the same product name in auth page titles (0.036417ms)
✔ PS1 public page copy has three complete locales, no invented operator identity or contact (0.175875ms)
✔ PS1 production build validates config; public data is not bundled through NEXT_PUBLIC (0.186875ms)
✔ PS review: admin image installs the manifests for its workspace dependencies before building (3.686333ms)
ℹ tests 17
ℹ suites 0
ℹ pass 17
ℹ fail 0
ℹ cancelled 0
ℹ skipped 0
ℹ todo 0
ℹ duration_ms 73.048042
✔ R11 SQL's exact receipt states are accepted; missing/forged operation/state remains unknown (0.724041ms)
✔ R11 durable receipt journal validates phase against exact operation state (0.32775ms)
✔ R11 actual read control distinguishes replay/inflight/unknown/failure in en (3.653958ms)
✔ R11 actual read control distinguishes replay/inflight/unknown/failure in zh-TW (0.601667ms)
✔ R11 actual read control distinguishes replay/inflight/unknown/failure in zh-CN (0.499ms)
✔ unknown journal retains exact key/boundary and is scoped to store+session; malformed state fails closed (0.107542ms)
✔ R12 read hook keeps network UNKNOWN on one key and explicitly refreshes acknowledged UNKNOWN (9.773084ms)
✔ actual POST transport uses CSRF and session fence; 403 independent of response text (14.626042ms)
✔ R10 ROAS has exactly two decimals in en (7.718416ms)
✔ R10 unknown ROAS is never fabricated as zero in en (0.082375ms)
✔ R10 ROAS has exactly two decimals in zh-TW (0.153375ms)
✔ R10 unknown ROAS is never fabricated as zero in zh-TW (0.034625ms)
✔ R10 ROAS has exactly two decimals in zh-CN (0.123584ms)
✔ R10 unknown ROAS is never fabricated as zero in zh-CN (0.029333ms)
✔ shared presentation preserves registry title and one empty buyer message in en (21.9875ms)
✔ R11 large linked-draft list is complete but collapsed in en (2.9025ms)
✔ shared presentation preserves registry title and one empty buyer message in zh-TW (5.030167ms)
✔ R11 large linked-draft list is complete but collapsed in zh-TW (2.327875ms)
✔ shared presentation preserves registry title and one empty buyer message in zh-CN (4.966ms)
✔ R11 large linked-draft list is complete but collapsed in zh-CN (2.3545ms)
✔ R11 timeline distinguishes local unknown spend from explicit Meta zero in en (2.624834ms)
✔ R11 timeline distinguishes local unknown spend from explicit Meta zero in zh-TW (2.657167ms)
✔ R11 timeline distinguishes local unknown spend from explicit Meta zero in zh-CN (1.78675ms)
✔ R11 I12 nullable Meta evidence survives without becoming zero (0.161041ms)
✔ R11 actual panel rendering preserves unknowns and reconnect route in en (9.512042ms)
✔ R11 actual panel rendering preserves unknowns and reconnect route in zh-TW (9.846208ms)
✔ R11 actual panel rendering preserves unknowns and reconnect route in zh-CN (10.764416ms)
✔ D1, D6, R7: exact amounts and sources remain independent, account days stay labelled (0.136083ms)
✔ R12: null stays unknown and unread / unauthorised / insufficient remain different states (0.192125ms)
✔ R12 granted but unread audience offers a read, never reconnect in en (1.49725ms)
✔ R12 granted but unread audience offers a read, never reconnect in zh-TW (1.5245ms)
✔ R12 granted but unread audience offers a read, never reconnect in zh-CN (1.511625ms)
✔ I12 forged / missing frozen fields never silently become zeros (0.7845ms)
✔ only whitelisted aggregates survive: extra identifiers and HTML are never interpreted (0.057583ms)
✔ attribution is a read-only BFF resource with exact bounded query grammar (0.263167ms)
✔ audience-read is exactly the new local intention POST and never a data GET or queried write (0.21275ms)
✔ route fails closed without ads:read and is not a duplicate navigation entry; locale keys match (0.086833ms)
ℹ tests 37
ℹ suites 0
ℹ pass 37
ℹ fail 0
ℹ cancelled 0
ℹ skipped 0
ℹ todo 0
ℹ duration_ms 339.546459
✔ card-payments copy: identical key sets in all three locales (1.662458ms)
✔ merchant terms are quoted verbatim (contract §5) in the enable dialog (0.209ms)
✔ ruling-fixed strings: platform not OPEN and BLOCKED note (0.085833ms)
✔ error map covers every frozen refusal code from migrations/0137 (0.131417ms)
✔ no Stripe account id, key or approval id shape appears in any copy string (0.521792ms)
✔ storefront collector disclosure matches contract §5 templates in three languages (0.128917ms)
✔ the merchant terms in the dialog are the contract §5 sentence, extracted from the contract (0.19225ms)
✔ the storefront templates are the contract §5 lines, extracted from the contract (0.215959ms)
✔ settlement copy: deduction columns are labelled as deductions in every language, with a legend and the net formula (0.471792ms)
✔ there is no separate 'not on the allowlist' message: it reads as not open (review P1-2) (0.207083ms)
✔ card summary accepts the frozen shape incl. all-null platform NONE (0.7915ms)
✔ card summary rejects unknown keys, bad enums, bad money, bad version (0.263583ms)
✔ card result is exactly {state, version, max_minor, currency, descriptor_preview} (0.093875ms)
✔ descriptor suffix rule: charset, 2..10 chars, must contain a letter (0.118917ms)
✔ the suffix length rule is the charset rule's 10; the 22-character descriptor total stays the server's (SANDBOX L=10, LIVE PrefixLength) (0.0585ms)
✔ descriptor preview mirrors the contract projection (base + '* ' + suffix) (0.054209ms)
✔ settlement list accepts statements without payout/lines keys (omitempty) (0.388292ms)
✔ settlement detail carries lines whose count and sums match the totals (0.330459ms)
✔ settlement parsers reject malformed reads (0.588041ms)
✔ fees, refunds and disputes are signed exactly as the ledger stores them (1.573542ms)
✔ a returned fee is a positive line fee; the detail's lines must add up to the statement totals (0.208ms)
✔ closed_at/paid_at accept the offsets PostgreSQL emits as well as Z (0.139875ms)
✔ a payout reference shaped like a Stripe key or account id is never displayed (0.127125ms)
✔ platform not OPEN: 'not open yet' and no enable control, for every non-OPEN state; the platform badge still tells why (0.470417ms)
✔ allowlisted + OPEN: enable from NONE/DISABLED, disable from ENABLED (0.116792ms)
✔ not allowlisted on an OPEN platform reads exactly like not open: the same message, no 'platform open' badge, no enable (review P1-2) (0.0915ms)
✔ BLOCKED: the suspended note, disable only, never enable (whatever the platform says) (0.072459ms)
✔ without billing:manage nothing can be changed, but the state is still readable (0.098042ms)
✔ enable carries the platform's current terms, the suffix and the version read; NONE starts at 0 (0.073333ms)
✔ disable never sends a suffix and quotes the terms the store accepted (the platform's may have moved on) (0.042958ms)
✔ a retained suffix is recovered from the final preview so a re-enable can keep it (0.038792ms)
✔ the period label shows the last day inside the (exclusive-end) week (0.666ms)
✔ payout state: paid, pending only when money is due, none when the week nets to zero or less (0.036291ms)
✔ card-payments and settlements are nav:false routes, so no group loses or gains a nav button (0.147167ms)
✔ settlements need billing:manage, the card page integration:read; the owner opens both (0.120042ms)
✔ statement cells: a dispute reversal and a returned fee read as credits (+) and every deduction as -, and the columns add up to the server's net (9.169167ms)
✔ the detail parser requires the lines of a statement that has lines; a quiet week (line_count 0) may omit them (0.138917ms)
✔ route table: exactly the four resources, nothing generic (2.999667ms)
✔ query grammar: card and settlement-detail are exact; settlements takes before/limit only (0.313ms)
✔ request fence: keyless PUT (CAS), bodyless GETs, no transfer-encoding (9.943334ms)
✔ PUT body is the exact frozen shape {enabled, terms_version, descriptor_suffix, expected_version} (1.082042ms)
✔ the BFF route wires the card grammar: keyless CAS PUT, exact body, no-store, auth required (0.413125ms)
✔ the real card summary parses and drives the display state machine (1.291042ms)
✔ the real statement list parses: newest first, no lines, three payout states (0.71525ms)
✔ every real detail parses with its lines and the lines add up to the statement (0.935167ms)
✔ an empty ledger parses to no statements (0.237417ms)
✔ no account id, key or approval shape is in any real body (0.364583ms)
✔ the real statements display literally as signed contributions that add up to the server's net (10.692625ms)
ℹ tests 48
ℹ suites 0
ℹ pass 48
ℹ fail 0
ℹ cancelled 0
ℹ skipped 0
ℹ todo 0
ℹ duration_ms 99.625125
✔ option/slug/SKU caps equal internal/catalog (options.go, catalog.go) (6.209292ms)
✔ text caps equal the Go validators (name 120, description 8000, SEO 70/160, collection title 80) (1.279916ms)
✔ photo caps equal Go (MaxMainImages, MaxDetailImages, MaxImageBytes) and the SKU code pattern (0.931916ms)
✔ PE13 Cartesian matrix is local, preserves edits and deduplicates values (0.531333ms)
✔ PE13 bulk quantity skips negative rows without modifying them (0.101125ms)
✔ PE12 untracked document uses whole currency and per-order cap, never quantity (8.705125ms)
✔ PE14 missing readback is not guessed or silently cleared by full replacement (0.06625ms)
✔ bulk status accepts explicit per-item results, never empty or duplicated confirmations (0.204125ms)
✔ matrix refuses over 100 SKUs before expansion (0.082208ms)
✔ parity: admin caps equal the Go constants (0.560583ms)
✔ image list: 4 main + 20 detail + 2 sku in role order is accepted (0.287625ms)
✔ image list: 5 main, 21 detail, wrong role order, gaps and extra keys are refused (0.130541ms)
✔ single image: role is required and its position is bounded by the role cap (0.054084ms)
✔ option text limits count Go runes rather than UTF-16 units (2.420458ms)
✔ PE14 new edit SKU carries its own shipping and clears no existing fields (9.433917ms)
✔ PE14 patch changes only price and preserves unmentioned fields (0.198792ms)
✔ PE14 on_hand is not available, zero target is transmitted, ambiguous warehouse refuses (0.288ms)
✔ PE14 explicit clears and shipping remain per SKU on an active row (0.125708ms)
✔ PE14 archive supersedes every other edit on that SKU (b77eeb11) (0.140875ms)
✔ PE14 no-op has no command fields and changed axes explicitly archive omitted variants (0.09675ms)
ℹ tests 20
ℹ suites 0
ℹ pass 20
ℹ fail 0
ℹ cancelled 0
ℹ skipped 0
ℹ todo 0
ℹ duration_ms 86.255125
(node:74850) ExperimentalWarning: Transform Types is an experimental feature and might change at any time
(Use `node --trace-warnings ...` to show where the warning was created)
✔ UNKNOWN retry client authorization loss requires reconciliation, not a fresh command (2.810125ms)
✔ UNKNOWN retry 401 authorization loss requires reconciliation, not a fresh command (8.342167ms)
✔ UNKNOWN retry 403 authorization loss requires reconciliation, not a fresh command (0.533333ms)
✔ a conclusive command rejection stays distinct from authorization loss (0.664792ms)
ℹ tests 4
ℹ suites 0
ℹ pass 4
ℹ fail 0
ℹ cancelled 0
ℹ skipped 0
ℹ todo 0
ℹ duration_ms 105.351167
NOT_RUN: tests/media/r04-input-runner.test.mjs (COMMERCE_R04_LIVEKIT_BINARY unset)
✔ main/detail/sku caps use the existing frozen image contract (0.530333ms)
✔ phone and tall dimensions fit2000 without enlarging small assets (0.125792ms)
✔ upload query requires one exact role and sku value; reads/actions carry no query (0.327167ms)
✔ role transport encodes current option values and refuses invalid identities (0.137791ms)
✔ effective image axis follows current options, then falls back to first (0.054375ms)
✔ detail and option photos cannot satisfy the main-photo recommendation (0.051042ms)
✔ PM-U copy has matching keys in ja and all currently routed locales (0.114292ms)
✔ real-upload mode builds both Next applications on a clean CI checkout (5.128625ms)
✔ upload recovery journal survives a new session while remaining product/store scoped (0.097875ms)
✔ an option upload receipt requires its captured axis, value and image id on canonical readback (0.08825ms)
✔ failed durable recovery storage cannot authorize a media write (0.068333ms)
✔ an active product needs a main image after canonical media is known; repair paths stay possible (0.048125ms)
✔ empty media sections render a readable localized placeholder until photos are present (4.217541ms)
✔ real-upload mode never exits through the storefront MOCK shortcut (7.167167ms)
✔ a valid active zero-main product keeps an inline repair hint rather than a page error (2.334791ms)
✔ a new product issues the image-axis stage only for a chosen axis (0.389042ms)
ℹ tests 16
ℹ suites 0
ℹ pass 16
ℹ fail 0
ℹ cancelled 0
ℹ skipped 0
ℹ todo 0
ℹ duration_ms 215.290667
(node:74892) ExperimentalWarning: Transform Types is an experimental feature and might change at any time
(Use `node --trace-warnings ...` to show where the warning was created)
✔ a fitting PNG keeps the exact original File, bytes and alpha-capable format (0.688417ms)
✔ a JPEG exactly at both limits remains original, not a lossy re-encode (0.315417ms)
✔ an oversized phone JPEG is encoded below the cap after oriented scaling (0.445667ms)
✔ a large transparent PNG stays alpha-capable and is never painted with an opaque matte (0.400708ms)
ℹ tests 4
ℹ suites 0
ℹ pass 4
ℹ fail 0
ℹ cancelled 0
ℹ skipped 0
ℹ todo 0
ℹ duration_ms 83.509
✔ HTTPS picklist fixture carries Secure session cookies automatically while preserving CSRF refusals (71.89075ms)
✔ batch controls stay compact until an order selection or live-session scope exists (0.118ms)
✔ selection has XOR bodies, canonical unique IDs and separate 500/100 limits (0.317666ms)
✔ cross-page selection retains existing rows, deduplicates and refuses overflow atomically (0.651375ms)
✔ pick projection rejects PII/extra keys, invalid quantities and unmatched order identities (0.452166ms)
✔ batch replies bind one-for-one to confirmed orders and preserve uncertainty code (0.100875ms)
✔ pick/export POSTs reject keys and all query variants except one exact template (1.510958ms)
✔ CSV filename binds to selected template and store; no path/header injection (0.148583ms)
✔ MOCK browser fixture list matches the incumbent closed order parser (9.77825ms)
✔ recovery never clears an unknown or missing current attempt (0.113208ms)
✔ recovery and order-detail MOCK fixtures satisfy real read parsers (5.343666ms)
✔ order selection can read its session fence during SSR without browser globals (0.753ms)
✔ MOU keeps native headed checks runnable on a Linux CI worker without DISPLAY (9.728708ms)
✔ pick fixture serves the scoped parcel reads required by the orders page (4.646042ms)
ℹ tests 14
ℹ suites 0
ℹ pass 14
ℹ fail 0
ℹ cancelled 0
ℹ skipped 0
ℹ todo 0
ℹ duration_ms 285.363958
✔ bodyless dissolve DELETE (empty body stream, no content-length) reaches Go with the CAS query, no body, no key (14.558875ms)
✔ every parcel DELETE must carry exactly one expected_version >= 1 (never forwarded without it) (1.676125ms)
✔ a DELETE that declares a body or chunked framing is refused (0.285041ms)
✔ DELETE needs the session, origin and CSRF like every command; other DELETEs stay unsupported (0.704084ms)
✔ GET parcel-groups (open groups read) and merge-suggestions pass with no query; a query or key is refused (5.78475ms)
✔ actual MOU parcel runner selects and collects the real parcel browser case (310.501041ms)
✔ merge suggestions accept the frozen shape (server-masked recipient) and reject drift (1.144083ms)
✔ created group requires the OPEN state and its members (0.12225ms)
✔ dissolved group is exactly id/state/version (0.076667ms)
✔ group shipment carries one SHIPPED version per member (1.207084ms)
✔ open groups (GET parcel-groups) accept the frozen shape and fail closed on drift (3.644625ms)
✔ reconcile: a reload rebuilds OPEN panels, a vanished OPEN group is dropped, history and live versions are kept (0.324708ms)
✔ three locales cover the same keys and every refusal code (0.229208ms)
✔ the owner-ruling sentence is exact in all three locales (0.053792ms)
✔ the in_parcel_group copy is the same sentence in parcels-copy (blocked + errors) and orders-copy, in every locale (0.067292ms)
✔ groupOfOrder prefers the OPEN group over retained SHIPPED/DISSOLVED history (0.127375ms)
✔ parcelOrderNumber is the canonical LC-<32 uppercase hex> order number and matches the open-group parser (0.105541ms)
✔ parcel refresh generation: bumped by every successful poll, whatever the cursor (0.041458ms)
✔ parcel refresh generation: an in_parcel_group refusal bumps it, other refusals do not (0.049916ms)
✔ exactly the five W3-07B resources route (0.458ms)
✔ dissolve carries exactly ?expected_version=N (N >= 1) (0.091625ms)
✔ readMergeSuggestions 401 immediately purges parent scope and refuses late sibling 200 (15.272709ms)
✔ readMergeSuggestions 403 immediately purges parent scope and refuses late sibling 200 (3.646459ms)
✔ readMergeSuggestions 404 immediately purges parent scope and refuses late sibling 200 (3.134583ms)
✔ readOpenParcelGroups 401 immediately purges parent scope and refuses late sibling 200 (2.946875ms)
✔ readOpenParcelGroups 403 immediately purges parent scope and refuses late sibling 200 (2.712333ms)
✔ readOpenParcelGroups 404 immediately purges parent scope and refuses late sibling 200 (4.142834ms)
✔ readMergeSuggestions 503 preserves parent and local retry recovers actual DTOs (3.447792ms)
✔ readOpenParcelGroups 503 preserves parent and local retry recovers actual DTOs (3.175833ms)
✔ captured parent groups callback refuses hidden scope (8.366875ms)
ℹ tests 30
ℹ suites 0
ℹ pass 30
ℹ fail 0
ℹ cancelled 0
ℹ skipped 0
ℹ todo 0
ℹ duration_ms 379.971292
✔ parseShard: i/N, empty means unsharded, anything malformed throws (0.663959ms)
✔ assignShards: deterministic, every key owned once, near-balanced (LPT bound) (0.872417ms)
✔ planClick: for every N the shards partition the whole universe (every registry route x variant, storefront walk, journey) (1.435375ms)
✔ planClick at N=10 keeps every shard within ~1.3x of the mean planned cost (0.147417ms)
✔ aggregate click: honest shards pass for several N (2.695334ms)
✔ aggregate click: a missing shard, a dropped page row, a lost journey, a failing row, a stale known defect and a missing platform marker are each a failure (3.11525ms)
✔ aggregate click: a route added to the registry after the shards ran cannot pass (the registry is re-read) (0.33725ms)
✔ aggregate visual: honest shards pass; a missing shard, a missing shot, a blocking verdict and a registry route outside the universe each fail (4.268375ms)
ℹ tests 8
ℹ suites 0
ℹ pass 8
ℹ fail 0
ℹ cancelled 0
ℹ skipped 0
ℹ todo 0
ℹ duration_ms 80.603
ci-plan: 10 job(s); click-sweep x10 (aggregate)
  --browser-click-sweep@1/10  -> artifact gate-browser-click-sweep_1_10
  --browser-click-sweep@2/10  -> artifact gate-browser-click-sweep_2_10
  --browser-click-sweep@3/10  -> artifact gate-browser-click-sweep_3_10
  --browser-click-sweep@4/10  -> artifact gate-browser-click-sweep_4_10
  --browser-click-sweep@5/10  -> artifact gate-browser-click-sweep_5_10
  --browser-click-sweep@6/10  -> artifact gate-browser-click-sweep_6_10
  --browser-click-sweep@7/10  -> artifact gate-browser-click-sweep_7_10
  --browser-click-sweep@8/10  -> artifact gate-browser-click-sweep_8_10
  --browser-click-sweep@9/10  -> artifact gate-browser-click-sweep_9_10
  --browser-click-sweep@10/10  -> artifact gate-browser-click-sweep_10_10
✔ the full sweep and the full visual lint fan out into every shard and ask for the aggregate (1.023958ms)
✔ foundation-shards = the unit shard + every plan group; the serial `foundation` mode is untouched (0.746166ms)
✔ an explicit shard re-run (or a partial list) never claims the whole-run aggregate (0.088875ms)
✔ duplicates collapse, artifact names are safe and unique, bad input is refused (0.290875ms)
✔ main writes matrix / sweep_n / visual_n to GITHUB_OUTPUT (1.032542ms)
✔ backend-only paths run foundation-shards only (1.3385ms)
✔ node tests of deploy scripts and of the CI planner are backend-only (they cannot change a browser) (0.387167ms)
✔ a UI path adds the whole browser set, including click-sweep and visual-lint (2.449167ms)
✔ docs-only and output-only diffs keep the single required check (foundation-shards) (0.271125ms)
✔ tests/foundation/browser_* is a browser path, other tests/foundation files are not (0.278875ms)
✔ deploy flag: deploy/ and scripts/deploy* only (1.175917ms)
✔ the browser set is release-gate's browser-mode universe minus the documented exclusions (12.4145ms)
✔ parser: only compiled, correctly-shaped Test functions of untagged _test.go files (2.056459ms)
✔ the real plan: every top-level test of tests/foundation runs in exactly one group (545.997375ms)
✔ a new test (in no list) still runs, exactly once, in the catch-all group; the same name with no catch-all is red (784.814209ms)
✔ a test listed in two groups is red; drift beyond the limit is red (775.818167ms)
✔ regexes: anchored explicit lists; the catch-all skips exactly everyone else's tests (0.369041ms)
✔ pack: deterministic, balanced to within the longest test, every name once (3.548375ms)
✔ parseDurations: top-level lines only (0.14875ms)
ℹ tests 19
ℹ suites 0
ℹ pass 19
ℹ fail 0
ℹ cancelled 0
ℹ skipped 0
ℹ todo 0
ℹ duration_ms 2363.999292
✔ A8/A9/A13 and published templates: exact reads forward once with no-store (18.124125ms)
✔ real streamed POST bodies: A10-A14 exact keys reach upstream (9.07975ms)
✔ query, read headers, methods and body allowlists refuse before upstream (5.347625ms)
✔ session, CSRF and store authority precede content forwarding (1.11225ms)
✔ A12 fixed codes preserved; arbitrary upstream diagnostics stripped (5.641709ms)
✔ client preserves codes and receipt; changed/aborted session cannot publish private response (7.113833ms)
✔ A9 admits a full page of valid Unicode replies while bounding private response bytes (3.68575ms)
✔ non-JSON upstream 401 still expires both authentication cookies without diagnostic leakage (1.299292ms)
✔ real M7 response keeps no-referrer after matching Next production header rules (14.599ms)
✔ three unit languages cover identical fixed labels and delivery states (0.65925ms)
✔ hiding aborts requests and rejects late responses, even after reveal (0.37125ms)
✔ switching selection invalidates both reads and write completions (0.061ms)
✔ owner and explicit inbox permissions only; viewer fails closed (0.054625ms)
✔ Messenger counts Unicode codepoints; Instagram counts NFC UTF8 bytes (1.71875ms)
✔ uncertain transport retries retain the exact submission; definitive conflicts retire it (0.401541ms)
✔ privacy calibration cannot activate with production origin or ordinary caller env (0.125583ms)
✔ late focus/pageshow while native document remains hidden cannot reveal requests (0.082042ms)
✔ terminal navigation revocation cannot be undone by focus or refresh until a new page fence (0.062208ms)
✔ a ticket from another store/page fence is never accepted (0.041417ms)
✔ focus while already visible preserves the active epoch and the uncertain reply receipt (0.082167ms)
ℹ tests 20
ℹ suites 0
ℹ pass 20
ℹ fail 0
ℹ cancelled 0
ℹ skipped 0
ℹ todo 0
ℹ duration_ms 166.410916
✔ installed APIRequestContext cookie rules exclude Secure cookie from HTTP127 but retain HTTPS/localhost (0.42075ms)
✔ actual INU02 cross uses browser auth and retains exact 404/DM absence (46.956708ms)
✔ actual INU02 cross still rejects wrong authority 401 (5.76775ms)
✔ actual INU02 cross still rejects wrong authority 200 (1.684458ms)
✔ actual INU02 cross still rejects DM in denied response (1.653041ms)
✔ actual INU02 denied uses browser auth and retains exact 403/DM absence (1.377917ms)
✔ actual INU02 denied still rejects wrong authority 401 (1.143542ms)
✔ actual INU02 denied still rejects wrong authority 200 (1.869958ms)
✔ actual INU02 denied still rejects DM in denied response (1.233375ms)
✔ actual login settles /en and fixture store (real switch, scoped=false) (71.25425ms)
✔ actual login settles /en and fixture store (real switch, scoped=true) (9.931208ms)
✔ actual login settles /en/inventory and fixture store (real switch, scoped=false) (6.789833ms)
✔ actual login settles /en/inventory and fixture store (real switch, scoped=true) (4.803209ms)
✔ actual login settles /en/messages and fixture store (real switch, scoped=false) (5.61325ms)
✔ actual login settles /en/messages and fixture store (real switch, scoped=true) (3.79525ms)
✔ actual login settles /en and fixture store (already selected, scoped=false) (2.286583ms)
✔ actual login settles /en and fixture store (already selected, scoped=true) (3.274709ms)
✔ actual login settles /en/inventory and fixture store (already selected, scoped=false) (6.441ms)
✔ actual login settles /en/inventory and fixture store (already selected, scoped=true) (11.136042ms)
✔ actual login settles /en/messages and fixture store (already selected, scoped=false) (3.083375ms)
✔ actual login settles /en/messages and fixture store (already selected, scoped=true) (2.854292ms)
✔ bundle fixture uses real claim commands and mounts existing M6/M7 without issuing early (0.893333ms)
✔ sensitive bundle scenario clicks native clipboard with trace/video disabled and no token body reads (0.156042ms)
✔ persisted link and token-free command receipt are compared without disclosing credentials (0.123959ms)
✔ actual clipboard evaluator exports only safe summary and detects malformed or retained synthetic credentials (339.395708ms)
✔ claim-window fixture isolates recovery after the current migration permits multiple OPEN windows (3.03725ms)
✔ ordinary Playwright diagnostics still capture failed-page ARIA when private guard is absent (20.664917ms)
✔ sensitive worker lifecycle prevents actual installed snapshot capture without masking the failure (57.230417ms)
✔ worker restores prior environment even when use rejects (absent) (3.517584ms)
✔ worker restores prior environment even when use rejects (empty) (1.430459ms)
✔ worker restores prior environment even when use rejects (existing-policy) (1.24475ms)
✔ fixture is worker-auto and module collection does not suppress ordinary diagnostics (27.933458ms)
✔ ordinary matcher ARIA context bypasses fallback flag and remains in actual installed diagnostics (0.724125ms)
✔ private test teardown removes only matcher page context while preserving failure (failed status) (2.533917ms)
✔ private test teardown removes only matcher page context while preserving failure (rejected use) (16.433584ms)
✔ matcher guard is test-auto without replacing the installed artifact auto fixture (3.282417ms)
✔ real Playwright --list collects each original INU case and isolated INU09 exactly once (1112.632625ms)
✔ A real Inbox selection admits Go A9 attachments null without losing thread (17.706583ms)
✔ A real Inbox selection admits Go A9 attachments empty array without losing thread (7.004125ms)
✔ A malformed non-array A9 attachments is refused without painting DM or crashing selected entry (10.5885ms)
✔ C A8 HTTP200 empty list is ordinary data with no alert, selection or focus request storm (2.503667ms)
✔ C A8 list404 is scoped inbox unavailable in en, never an empty list or conversation denial (5.109083ms)
✔ C A8 list404 is scoped inbox unavailable in zh-TW, never an empty list or conversation denial (1.187708ms)
✔ C A8 list404 is scoped inbox unavailable in zh-CN, never an empty list or conversation denial (15.160208ms)
✔ C click-sweep Go harness mounts existing Inbox/templates services (STRUCTURE_ONLY, Go NOT_RUN) (0.484708ms)
✔ C click-sweep includes actual-router owner200 empty inbox assertion (STRUCTURE_ONLY, Go NOT_RUN) (0.301416ms)
✔ inbox evidence is covered by the CI upload root (3.352209ms)
✔ failed Playwright closes its log and emits sanitized diagnostics before Fatalf (0.262583ms)
✔ failure diagnostics match INU cases/counts without admitting private text (1.384833ms)
✔ INU04 delayed handler 1 signals completion when fulfillment rejects (50.814625ms)
✔ INU04 delayed handler 2 signals completion when fulfillment rejects (3.303542ms)
✔ recoveryDone waits for actual held M7 completion in zh-TW (40.134ms)
✔ recoveryDone waits for actual held M7 completion in zh-CN (2.926417ms)
✔ recoveryDone waits for actual held M7 completion in en (3.194375ms)
✔ review2 P1 bundle-only row opens real A13 and issues existing M7 claim link to clipboard (40.017208ms)
✔ review2 P1 clipboard denial recopy reuses cached issued URL without another M7 POST (7.077375ms)
✔ review2 P1 lost M7 ACK retries exact receipt and null replay token never mints a fresh key (19.408042ms)
✔ review2 P1 missing CSRF before cached recopy cannot copy or issue again (8.547834ms)
✔ review2 P1 missing CSRF before uncertain retry rejects preserved receipt dispatch (16.517458ms)
✔ review2 P1 late issued-link completion after hide cannot write clipboard (4.976583ms)
✔ review2 P1 late issued-link completion after selection cannot write clipboard (5.909083ms)
✔ review2 P1 late issued-link completion after unmount cannot write clipboard (4.789167ms)
✔ review2 P1 late issued-link completion after logout cannot write clipboard (12.36475ms)
✔ review2 P1 claim-link issuance denied without both live read/manage (inbox:read,live:read) (3.585875ms)
✔ review2 P1 claim-link issuance denied without both live read/manage (inbox:read,live:manage) (1.368ms)
✔ review2 P1 missing authoritative recovery identity never guesses generation {"missingSession":true} (8.09625ms)
✔ review2 P1 missing authoritative recovery identity never guesses generation {"noBundle":true} (18.554417ms)
✔ review2 P2 exactly one matching binding uses named DM hard gate ok (4.027542ms)
✔ review2 P2 exactly one matching binding uses named DM hard gate review_required (3.09375ms)
✔ review2 P2 exactly one matching binding uses named DM hard gate missing_permission (3.153958ms)
✔ review2 P2 multiple same-provider bindings advisory only (dm_session:ok,dm_session:missing_permission) (5.469667ms)
✔ review2 P2 multiple same-provider bindings advisory only (dm_session:missing_permission,dm_session:reauth_required) (3.855459ms)
✔ review2 P2 multiple same-provider bindings advisory only (dm_session:ok,read_comment:missing_permission) (3.7025ms)
✔ review2 P2 multiple same-provider bindings advisory only (dm_session:review_required,dm_session:ok) (1.099708ms)
✔ review2 P2 actual scoped A12 409 capability refusal remains visible after advisory submit (27.363583ms)
✔ review2 P2 missing health and single binding without named DM remain disabled (2.347542ms)
✔ review2 P2 expired cached issued link cannot be recopied or silently reissued (8.3315ms)
✔ P1-1 actual visible focus preserves pending ticket, selection, revision and real retry receipt (6.789917ms)
✔ P1-1 actual unchanged-session pageshow checks without clearing; changed-session focus expires (0.370916ms)
✔ P1-1 actual hide/reveal clears and requests fresh revision, never accepts obsolete completion (0.310375ms)
✔ P1-1 changed-session visible focus expires even with a pending request (0.203458ms)
✔ P1-2 actual A9 refresh 404 removes rendered DM and unsent draft (74.96625ms)
✔ P1-2 actual send-finally A9 404 removes DM, draft and uncertain immutable receipt (6.470667ms)
✔ actual uncertain send still retains exact receipt when A9 authority remains (0ms post-send A9) (12.392792ms)
✔ actual uncertain send still retains exact receipt when A9 authority remains (50ms post-send A9) (109.002042ms)
✔ actual A9 stale held completion cannot paint after component cleanup (0.7875ms)
✔ P2 actual A14 404 clears buyer facts and customer draft (explicit future-version MOCK) (1.129917ms)
✔ safe authority errors remain the actual InboxError transport class (0.038084ms)
✔ actual current A13 without version keeps A14 disabled; future MOCK grants no backend claim (0.489125ms)
✔ P1-2 actual A11 takeover write 404 clears private state despite failing follow-up A9 (2.036625ms)
✔ P1-2 actual A12 send write 404 clears private state despite failing follow-up A9 (0.786709ms)
✔ A13 server orders omission remains distinct from authorized omitted data (0.483542ms)
✔ A13 server orders omission remains distinct from authorized empty data (0.30875ms)
✔ A13 server orders omission remains distinct from authorized populated data (0.333334ms)
✔ actual shell-store-selector captures selection before synchronous privacy teardown (allowed=true) (46.15875ms)
✔ actual shell-store-selector captures selection before synchronous privacy teardown (allowed=false) (2.929833ms)
✔ actual locale-switch captures selection before synchronous privacy teardown (allowed=true) (2.181958ms)
✔ actual locale-switch captures selection before synchronous privacy teardown (allowed=false) (1.250417ms)
✔ persisted A9 UNKNOWN after page entry warns and blocks the real composer in en (62.152959ms)
✔ persisted A9 UNKNOWN after page entry warns and blocks the real composer in zh-TW (8.358375ms)
✔ persisted A9 UNKNOWN after page entry warns and blocks the real composer in zh-CN (1.910666ms)
✔ A12 queued ACK followed by final A9 UNKNOWN overrides the local queued notice and blocks another send (4.645209ms)
✔ a captured previously enabled composer cannot bypass final UNKNOWN learned by Refresh (3.1075ms)
✔ a later A9 page omitting the known UNKNOWN is not delivery reconciliation (10.054208ms)
✔ persisted queued is not mislabeled UNKNOWN and retains ordinary composer eligibility (1.484458ms)
✔ persisted sent is not mislabeled UNKNOWN and retains ordinary composer eligibility (0.803875ms)
✔ persisted failed is not mislabeled UNKNOWN and retains ordinary composer eligibility (1.172834ms)
✔ persisted blocked is not mislabeled UNKNOWN and retains ordinary composer eligibility (1.095083ms)
✔ fresh mount refuses when an old UNKNOWN is beyond 51 newer messages (fact=true) (1.707125ms)
✔ fresh mount refuses when an old UNKNOWN is beyond 51 newer messages (fact=null) (2.032791ms)
✔ fresh mount refuses when an old UNKNOWN is beyond 51 newer messages (fact=undefined) (3.204916ms)
✔ fresh mount refuses when an old UNKNOWN is beyond 51 newer messages (fact=false) (4.530583ms)
✔ a refreshed unknown authority replaces old clear authority even for a captured composer (2.572584ms)
✔ window strict eligibility with 300001ms before hard 24h deadline (13.925667ms)
✔ window strict eligibility with 300000ms before hard 24h deadline (1.57525ms)
✔ window strict eligibility with 60000ms before hard 24h deadline (1.054333ms)
✔ window strict eligibility with 0ms before hard 24h deadline (0.891459ms)
✔ window invalid server deadline fails closed without preparing a send (0.77625ms)
✔ window captured enabled form callback cannot POST after crossing safe cutoff (2.160584ms)
✔ window deadline timer closes controls at cutoff and hard end without waiting for 15s poll (0.638291ms)
✔ quota recovery gives exact zh-TW comment-quota and DM-window instructions beside copy only (0.328292ms)
✔ quota recovery gives exact zh-CN comment-quota and DM-window instructions beside copy only (0.081958ms)
✔ quota recovery gives exact en comment-quota and DM-window instructions beside copy only (0.085083ms)
ℹ tests 123
ℹ suites 0
ℹ pass 123
ℹ fail 0
ℹ cancelled 0
ℹ skipped 0
ℹ todo 0
ℹ duration_ms 1228.668917
