source=acfd768d17db67189ab12e41209621dccb8fa8fd
started=2026-10-05T04:18:21Z
command=bash scripts/dev/test-local.sh --browser-platform-site 
✔ PS review: actual Host matching normalizes case, port and a terminal DNS dot, never forwarded authority (1.407333ms)
✔ PS review: privacy/terms retain Messenger and Instagram purpose disclosure; deletion uses exact UI labels (0.22125ms)
✔ P2-N1 zh-TW/privacy: current comments and private reply, conditional inbound messages (0.09ms)
✔ P2-N1 zh-TW/terms: current comments and private reply, conditional inbound messages (0.045292ms)
✔ P2-N1 zh-CN/privacy: current comments and private reply, conditional inbound messages (0.047ms)
✔ P2-N1 zh-CN/terms: current comments and private reply, conditional inbound messages (0.037541ms)
✔ P2-N1 en/privacy: current comments and private reply, conditional inbound messages (0.059334ms)
✔ P2-N1 en/terms: current comments and private reply, conditional inbound messages (0.034667ms)
✔ PS1 legal identity is one untranslated source (0.061458ms)
✔ PS1 contact and hosts come only from configuration; production fails closed (0.47575ms)
✔ PS2 public routes default to zh-TW, restrict page/locale, and never include admin (0.491417ms)
✔ PS4 optional Meta verification value never has a fake default (0.072416ms)
✔ PS1 every locale uses the same product name in auth page titles (0.049542ms)
✔ PS1 public page copy has three complete locales, no invented operator identity or contact (0.217166ms)
✔ PS1 production build validates config; public data is not bundled through NEXT_PUBLIC (1.386584ms)
✔ PS review: admin image installs the manifests for its workspace dependencies before building (1.095792ms)
ℹ tests 16
ℹ suites 0
ℹ pass 16
ℹ fail 0
ℹ cancelled 0
ℹ skipped 0
ℹ todo 0
ℹ duration_ms 144.909
PASS PS1/PS2/PS4: 30 page cases, 15 SSR cases, 16 tag cases, 390 real clicks, 12 messaging-copy cases and 30 reloads
