--browser-inbox: seeds=1 closure=123/383 direct=55 expanded=69  [browser_inbox_ui_test.go]
--browser-meta-health-ui: seeds=1 closure=122/383 direct=54 expanded=69  [browser_meta_health_ui_test.go]
--browser-tracking-backfill: seeds=1 closure=121/383 direct=54 expanded=69  [browser_tracking_backfill_test.go]
--browser-platform-site: NO GO SEED (node-only harness or no Test token) -> lc_covers=""
--browser-admin-shell: NO GO SEED (node-only harness or no Test token) -> lc_covers=""
--browser-click-sweep: seeds=2 closure=133/383 direct=55 expanded=69  [browser_click_sweep_test.go, click_sweep_budget_test.go]
--browser-visual-lint: seeds=2 closure=133/383 direct=55 expanded=69  [browser_click_sweep_test.go, click_sweep_budget_test.go]
--browser-identity: seeds=2 closure=125/383 direct=54 expanded=69  [account_process_test.go, browser_identity_chain_test.go]
--browser-buyer-comms: seeds=1 closure=121/383 direct=54 expanded=69  [browser_buyer_comms_test.go]
--browser-checkout-offline: seeds=1 closure=121/383 direct=54 expanded=69  [browser_checkout_offline_test.go]
--browser-home-cod: seeds=1 closure=122/383 direct=54 expanded=69  [browser_home_cod_test.go]
--browser-promotions: seeds=1 closure=122/383 direct=54 expanded=69  [browser_promotions_test.go]
--browser-password-auth: seeds=2 closure=124/383 direct=54 expanded=69  [browser_password_auth_test.go, browser_staff_team_test.go]
--browser-admin-legacy: seeds=1 closure=121/383 direct=54 expanded=69  [browser_admin_legacy_test.go]
--browser-buyer: seeds=1 closure=122/383 direct=54 expanded=69  [browser_buyer_chain_test.go]
--browser-merchant-buyer: seeds=1 closure=123/383 direct=54 expanded=69  [browser_merchant_buyer_chain_test.go]
--browser-manual-order: seeds=1 closure=122/383 direct=54 expanded=69  [browser_manual_order_link_test.go]
--browser-merchant-orders-bff: seeds=1 closure=125/383 direct=54 expanded=69  [browser_merchant_orders_bff_test.go]
--browser-merchant-orders-ui: seeds=1 closure=131/383 direct=54 expanded=69  [browser_merchant_orders_ui_test.go]
--browser-input-delivery: seeds=1 closure=129/383 direct=55 expanded=69  [browser_input_delivery_test.go]
--browser-studio-bff: seeds=1 closure=124/383 direct=54 expanded=69  [browser_studio_bff_test.go]
--browser-studio-ui: seeds=1 closure=128/383 direct=55 expanded=69  [browser_studio_ui_test.go]
--browser-live-console: seeds=1 closure=130/383 direct=55 expanded=69  [browser_live_console_test.go]
--browser-claim-checkout: seeds=1 closure=131/383 direct=54 expanded=69  [browser_claim_checkout_test.go]
--browser-live-claims: seeds=1 closure=122/383 direct=54 expanded=69  [browser_live_claims_test.go]
--browser-order: seeds=1 closure=123/383 direct=54 expanded=69  [browser_order_chain_test.go]
--browser-payment: seeds=1 closure=121/383 direct=54 expanded=69  [browser_payment_chain_test.go]
--browser-refund-fulfilment: seeds=1 closure=120/383 direct=54 expanded=69  [browser_refund_fulfilment_test.go]
--browser-customers-billing: seeds=2 closure=122/383 direct=54 expanded=69  [browser_customers_billing_test.go, browser_w6_customers_reports_test.go]
--browser-card-payments: seeds=1 closure=126/383 direct=57 expanded=69  [browser_card_payments_test.go]
--browser-meta-ads: seeds=1 closure=120/383 direct=54 expanded=69  [browser_meta_ads_test.go]
--browser-ads-attribution: seeds=1 closure=128/383 direct=54 expanded=69  [browser_ads_attribution_test.go]
--browser-cvs: seeds=1 closure=120/383 direct=54 expanded=69  [browser_taiwan_cvs_test.go]
--browser-catalog-media: seeds=1 closure=123/383 direct=54 expanded=69  [browser_catalog_media_test.go]
--browser-storefront-publish: seeds=1 closure=122/383 direct=54 expanded=69  [browser_storefront_publish_test.go]
--browser-store-domains: seeds=1 closure=122/383 direct=55 expanded=69  [browser_store_domains_test.go]
--browser-storefront: seeds=2 closure=126/383 direct=54 expanded=69  [browser_storefront_publish_test.go, browser_storefront_test.go]
--browser-webkit: seeds=7 closure=140/383 direct=54 expanded=69  [browser_buyer_chain_test.go, browser_claim_checkout_test.go, browser_merchant_buyer_chain_test.go, browser_order_chain_test.go, browser_password_auth_test.go, browser_payment_chain_test.go, browser_taiwan_cvs_test.go]
--browser-e2e: seeds=2 closure=130/383 direct=54 expanded=69  [browser_e2e_test.go, browser_live_tools_test.go]
--live-browser-input: seeds=6 closure=133/383 direct=55 expanded=69  [live_browser_input_cleanup_fault_test.go, live_browser_input_fault_test.go, live_browser_input_holds_test.go, live_browser_input_http_test.go, live_browser_input_plan_fault_test.go, live_browser_input_runtime_test.go]
--browser-design: seeds=2 closure=124/383 direct=54 expanded=69  [browser_store_design_test.go, browser_storefront_publish_test.go]
--browser-ops-polish: seeds=1 closure=121/383 direct=54 expanded=69  [browser_ops_polish_test.go]
--browser-meta-connect: seeds=2 closure=123/383 direct=54 expanded=69  [browser_meta_connect_gate_test.go, browser_meta_connect_test.go]
--browser-product-editor: seeds=1 closure=121/383 direct=54 expanded=69  [browser_catalog_core_test.go]
--browser-catalog-core: seeds=1 closure=121/383 direct=54 expanded=69  [browser_catalog_core_test.go]
--browser-returns-ui: seeds=1 closure=121/383 direct=54 expanded=69  [browser_returns_ui_test.go]
--browser-picklist: NO GO SEED (node-only harness or no Test token) -> lc_covers=""
--browser-operations-ads: seeds=1 closure=122/383 direct=54 expanded=69  [browser_operations_ads_test.go]
--browser-product-media-v2: seeds=1 closure=125/383 direct=54 expanded=69  [browser_product_media_v2_test.go]
--browser-reports: seeds=1 closure=122/383 direct=54 expanded=69  [browser_w6_customers_reports_test.go]
--browser-migration-import: seeds=1 closure=121/383 direct=54 expanded=69  [browser_migration_import_ui_test.go]

internal package dirs: 70; covered by some browser mode (transitively expanded): 69; uncovered: 1
  internal/tlsask <- imported by: cmd/api/tlsask.go, tests/foundation/store_domains_adversarial_test.go

✔ derive covers (787.309875ms)
ℹ tests 1
ℹ suites 0
ℹ pass 1
ℹ fail 0
ℹ cancelled 0
ℹ skipped 0
ℹ todo 0
ℹ duration_ms 851.278583
