# Purpose: preserve red-lifecycle.log local evidence; raw original command output follows this prologue.
# Depends on: commands/status recorded in DELIVERY.md; original main-checkout log SHA256=599054b2f494063269db09d306750ad0623f3d74b2cff3c171b5697cb2e58a2f.
# Used by: integrator source handoff; does not certify real browser acceptance.
# Evidence normalization: trailing whitespace/blank EOF only; original raw bytes and SHA256 retained in main checkout/provenance above.
✔ commit uses the original requested mapping, including an empty optional field, not resolved preview metadata (12.113708ms)
✔ an UNKNOWN commit remains locked through a later forbidden retry and only explicit same-file success unlocks (2.34225ms)
✖ leaving during a dispatched commit drops its payload and keeps an unconfirmed boolean without replay (1.803458ms)
ℹ tests 3
ℹ suites 0
ℹ pass 2
ℹ fail 1
ℹ cancelled 0
ℹ skipped 0
ℹ todo 0
ℹ duration_ms 304.532375

✖ failing tests:

test at tests/admin/import-coordinator.test.mjs:82:1
✖ leaving during a dispatched commit drops its payload and keeps an unconfirmed boolean without replay (1.803458ms)
  AssertionError [ERR_ASSERTION]: Expected values to be strictly equal:

  0 !== 1

      at TestContext.<anonymous> (file:///Volumes/data/live_commerce_architecture_v1/.worktrees/w5-u1-import-wizard-ui/tests/admin/import-coordinator.test.mjs:87:23)
      at async Test.run (node:internal/test_runner/test:1208:7)
      at async Test.processPendingSubtests (node:internal/test_runner/test:831:7) {
    generatedMessage: true,
    code: 'ERR_ASSERTION',
    actual: 0,
    expected: 1,
    operator: 'strictEqual',
    diff: 'simple'
  }
