# Purpose: preserve red-integration.log local evidence; raw original command output follows this prologue.
# Depends on: commands/status recorded in DELIVERY.md; original main-checkout log SHA256=edb24a73e1bde50ddfbb592cc3989ef55efd2786d9d04507d2ac21e8e52b8db3.
# Used by: integrator source handoff; does not certify real browser acceptance.
# Evidence normalization: trailing whitespace/blank EOF only; original raw bytes and SHA256 retained in main checkout/provenance above.
✖ the static import subpage wins over customer detail and leaves the single customers nav intact (0.833584ms)
✖ the actual list offers import only to privacy holders and carries the current authorized store (46.44425ms)
✖ the actual detail mounts archive only for an active imported customer and passes its fenced identity (16.2265ms)
ℹ tests 3
ℹ suites 0
ℹ pass 0
ℹ fail 3
ℹ cancelled 0
ℹ skipped 0
ℹ todo 0
ℹ duration_ms 298.141291

✖ failing tests:

test at tests/admin/import-integration.test.ts:25:1
✖ the static import subpage wins over customer detail and leaves the single customers nav intact (0.833584ms)
  AssertionError [ERR_ASSERTION]: Expected values to be strictly equal:
  + actual - expected

  + undefined
  - 'customer-import'

      at TestContext.<anonymous> (file:///Volumes/data/live_commerce_architecture_v1/.worktrees/w5-u1-import-wizard-ui/tests/admin/import-integration.test.ts:26:10)
      at Test.runInAsyncScope (node:async_hooks:227:14)
      at Test.run (node:internal/test_runner/test:1201:25)
      at Test.start (node:internal/test_runner/test:1096:17)
      at startSubtestAfterBootstrap (node:internal/test_runner/harness:385:17) {
    generatedMessage: true,
    code: 'ERR_ASSERTION',
    actual: undefined,
    expected: 'customer-import',
    operator: 'strictEqual',
    diff: 'simple'
  }

test at tests/admin/import-integration.test.ts:30:1
✖ the actual list offers import only to privacy holders and carries the current authorized store (46.44425ms)
  AssertionError [ERR_ASSERTION]: Expected values to be strictly equal:

  false !== true

      at TestContext.<anonymous> (file:///Volumes/data/live_commerce_architecture_v1/.worktrees/w5-u1-import-wizard-ui/tests/admin/import-integration.test.ts:43:12)
      at Test.runInAsyncScope (node:async_hooks:227:14)
      at Test.run (node:internal/test_runner/test:1201:25)
      at Test.processPendingSubtests (node:internal/test_runner/test:831:18)
      at Test.postRun (node:internal/test_runner/test:1330:19)
      at Test.run (node:internal/test_runner/test:1258:12)
      at async startSubtestAfterBootstrap (node:internal/test_runner/harness:385:3) {
    generatedMessage: true,
    code: 'ERR_ASSERTION',
    actual: false,
    expected: true,
    operator: 'strictEqual',
    diff: 'simple'
  }

test at tests/admin/import-integration.test.ts:47:1
✖ the actual detail mounts archive only for an active imported customer and passes its fenced identity (16.2265ms)
  AssertionError [ERR_ASSERTION]: Expected values to be strictly equal:

  0 !== 1

      at TestContext.<anonymous> (file:///Volumes/data/live_commerce_architecture_v1/.worktrees/w5-u1-import-wizard-ui/tests/admin/import-integration.test.ts:61:12)
      at Test.runInAsyncScope (node:async_hooks:227:14)
      at Test.run (node:internal/test_runner/test:1201:25)
      at Test.processPendingSubtests (node:internal/test_runner/test:831:18)
      at Test.postRun (node:internal/test_runner/test:1330:19)
      at Test.run (node:internal/test_runner/test:1258:12)
      at async Test.processPendingSubtests (node:internal/test_runner/test:831:7) {
    generatedMessage: true,
    code: 'ERR_ASSERTION',
    actual: 0,
    expected: 1,
    operator: 'strictEqual',
    diff: 'simple'
  }
