8bcaacc9614692ed7490a161c6d0251f99d63317
Wed Oct  7 09:20:48 UTC 2026
--- supplementary: tests that reference fulfillment.payment_work_items
    --- PASS: TestStripeSP02Currency/ISK_denied (0.00s)
    --- PASS: TestStripeSP02Currency/UGX_denied (0.00s)
    --- PASS: TestStripeSP02Currency/HUF_denied (0.00s)
    --- PASS: TestStripeSP02Currency/BHD_denied (0.00s)
    --- PASS: TestStripeSP02Currency/lowercase_denied (0.00s)
    --- PASS: TestStripeSP02Currency/zero_denied (0.00s)
    --- PASS: TestStripeSP02Currency/negative_denied (0.00s)
--- PASS: TestStripeSP06Schema (0.06s)
    --- PASS: TestStripeSP06Schema/negative/integration.merchant_accounts (0.00s)
    --- PASS: TestStripeSP06Schema/negative/integration.account_credentials (0.00s)
    --- PASS: TestStripeSP06Schema/negative/payments.account_qualifications (0.00s)
    --- PASS: TestStripeSP06Schema/negative/payments.facts (0.00s)
    --- PASS: TestStripeSP06Schema/negative/payments.review_cases (0.00s)
    --- PASS: TestStripeSP06Schema/deadline/expires_at_40_minutes (0.00s)
    --- PASS: TestStripeSP06Schema/deadline/send_deadline_7_minutes (0.00s)
    --- PASS: TestStripeSP06Schema/deadline/handoff_cutoff_5_minutes (0.00s)
--- PASS: TestStripeSP19LiveRefusal (0.00s)
--- PASS: TestStripeSP06RegistrarIsolation (0.18s)
    --- PASS: TestStripeSP06RegistrarIsolation/second_account_same_store (0.00s)
    --- PASS: TestStripeSP06RegistrarIsolation/same_account_other_store (0.00s)
    --- PASS: TestStripeSP06RegistrarIsolation/foreign_principal (0.00s)
    --- PASS: TestStripeSP06RegistrarIsolation/foreign_tenant_store_pair (0.00s)
--- PASS: TestStripeSP06EndpointCustodyAndRLS (0.15s)
--- PASS: TestStripeSP13EndpointPrepareLocksRotation (0.43s)
--- PASS: TestStripeSP13AcceptedReceiptNeedsCommittedLink (0.18s)
--- PASS: TestStripeSP11SQLSignalLoader (0.42s)
    --- PASS: TestStripeSP11SQLSignalLoader/wrong_job (0.00s)
    --- PASS: TestStripeSP11SQLSignalLoader/wrong_signal (0.00s)
    --- PASS: TestStripeSP11SQLSignalLoader/wrong_operation (0.00s)
    --- PASS: TestStripeSP11SQLSignalLoader/wrong_profile (0.00s)
    --- PASS: TestStripeSP11SQLSignalLoader/wrong_token (0.00s)
    --- PASS: TestStripeSP11SQLSignalLoader/wrong_generation (0.00s)
--- PASS: TestStripeSP07Start (8.77s)
    --- PASS: TestStripeSP07Start/atomic_rows_and_zero_provider_calls (0.40s)
    --- PASS: TestStripeSP07Start/replay_and_frozen_input_conflicts (0.44s)
    --- PASS: TestStripeSP07Start/concurrent_payuni_vs_stripe_one_winner (0.59s)
    --- PASS: TestStripeSP07Start/mixed_provider_lock_workload_no_deadlock (0.99s)
    --- PASS: TestStripeSP07Start/admission_drift (4.62s)
        --- PASS: TestStripeSP07Start/admission_drift/method_stale_version (0.41s)
        --- PASS: TestStripeSP07Start/admission_drift/method_disabled (0.34s)
        --- PASS: TestStripeSP07Start/admission_drift/method_hidden (0.35s)
        --- PASS: TestStripeSP07Start/admission_drift/amount_below_method_minimum (0.36s)
        --- PASS: TestStripeSP07Start/admission_drift/amount_above_method_maximum (0.41s)
        --- PASS: TestStripeSP07Start/admission_drift/qualification_revoked (0.37s)
        --- PASS: TestStripeSP07Start/admission_drift/qualification_expired (0.39s)
        --- PASS: TestStripeSP07Start/admission_drift/binding_disabled (0.37s)
        --- PASS: TestStripeSP07Start/admission_drift/wrong_environment_on_method (0.49s)
        --- PASS: TestStripeSP07Start/admission_drift/mock_evidence_on_sandbox_profile (0.71s)
        --- PASS: TestStripeSP07Start/admission_drift/hold_expired_before_start (0.42s)
    --- PASS: TestStripeSP07Start/currency_not_admitted_JPY (0.43s)
    --- PASS: TestStripeSP07Start/hold_expires_during_lock_wait (0.51s)
    --- PASS: TestStripeSP07Start/rotation_fences_new_starts_until_requalified (0.41s)
    --- PASS: TestStripeSP07Start/constructor_negatives (0.37s)
--- PASS: TestStripeSP13WebhookHTTP (6.87s)
    --- PASS: TestStripeSP13WebhookHTTP/rejections_and_frozen_codes (0.02s)
    --- PASS: TestStripeSP13WebhookHTTP/accept_atomically_and_dedupe_changed_body (0.02s)
    --- PASS: TestStripeSP13WebhookHTTP/ignore_and_quarantine_reasons (0.10s)
    --- PASS: TestStripeSP13WebhookHTTP/malformed_after_signature_is_200_once (0.01s)
    --- PASS: TestStripeSP13WebhookHTTP/no_ack_before_commit_and_commit_failure_503 (3.99s)
    --- PASS: TestStripeSP13WebhookHTTP/missing_signal_linkage_cannot_ack (0.03s)
    --- PASS: TestStripeSP13WebhookHTTP/signature_endpoint_mismatch_and_stale_key_version (0.94s)
    --- PASS: TestStripeSP13WebhookHTTP/historical_admission_survives_binding_disable_and_api_rotation_but_not_endpoint_disable (0.04s)
    --- PASS: TestStripeSP13WebhookHTTP/wrong_profile_then_correct_profile_admits_exactly_one_signal (0.04s)
    --- PASS: TestStripeSP13WebhookHTTP/signing_material_unavailable_is_503 (0.02s)
    --- PASS: TestStripeSP13WebhookHTTP/concurrency_cap_is_exactly_32_and_the_rest_are_503_busy (0.54s)
    --- PASS: TestStripeSP13WebhookHTTP/constructor_negatives (0.11s)
    --- PASS: TestStripeSP13WebhookHTTP/no_forbidden_material_in_logs_or_database (0.55s)
PASS
ok  	livecommerce/tests/foundation	425.134s
test-focused: top-level PASS=42 FAIL=0 SKIP=0 exit=0
