962d495c28bbe0136b461d1916d9584b5eca929a
Wed Oct  7 07:03:38 UTC 2026
=== RUN   TestMerchantOrdersAuthorityAndOnboarding
--- PASS: TestMerchantOrdersAuthorityAndOnboarding (1.28s)
=== RUN   TestMerchantOrdersUpgradeDoesNotBackfillOldMembership
--- PASS: TestMerchantOrdersUpgradeDoesNotBackfillOldMembership (2.73s)
=== RUN   TestMerchantOrdersSQLProjectionAndIsolation
--- PASS: TestMerchantOrdersSQLProjectionAndIsolation (1.00s)
=== RUN   TestMerchantOrdersFinalSQLFenceAfterObservedDataLock
=== RUN   TestMerchantOrdersFinalSQLFenceAfterObservedDataLock/revoked_session
=== RUN   TestMerchantOrdersFinalSQLFenceAfterObservedDataLock/expired_session
=== RUN   TestMerchantOrdersFinalSQLFenceAfterObservedDataLock/missing_orders_grant
=== RUN   TestMerchantOrdersFinalSQLFenceAfterObservedDataLock/missing_store_grant
=== RUN   TestMerchantOrdersFinalSQLFenceAfterObservedDataLock/membership_disabled
=== RUN   TestMerchantOrdersFinalSQLFenceAfterObservedDataLock/revision_changed
=== RUN   TestMerchantOrdersFinalSQLFenceAfterObservedDataLock/principal_disabled
=== RUN   TestMerchantOrdersFinalSQLFenceAfterObservedDataLock/tenant_disabled
=== RUN   TestMerchantOrdersFinalSQLFenceAfterObservedDataLock/store_disabled
=== RUN   TestMerchantOrdersFinalSQLFenceAfterObservedDataLock/missing_detail_after_revoke
=== RUN   TestMerchantOrdersFinalSQLFenceAfterObservedDataLock/foreign_detail_after_revoke
=== RUN   TestMerchantOrdersFinalSQLFenceAfterObservedDataLock/empty_list_after_revoke
=== RUN   TestMerchantOrdersFinalSQLFenceAfterObservedDataLock/v2_revoked_session
=== RUN   TestMerchantOrdersFinalSQLFenceAfterObservedDataLock/v2_missing_orders_grant
=== RUN   TestMerchantOrdersFinalSQLFenceAfterObservedDataLock/v2_empty_list_after_revoke
--- PASS: TestMerchantOrdersFinalSQLFenceAfterObservedDataLock (2.59s)
    --- PASS: TestMerchantOrdersFinalSQLFenceAfterObservedDataLock/revoked_session (0.04s)
    --- PASS: TestMerchantOrdersFinalSQLFenceAfterObservedDataLock/expired_session (1.23s)
    --- PASS: TestMerchantOrdersFinalSQLFenceAfterObservedDataLock/missing_orders_grant (0.04s)
    --- PASS: TestMerchantOrdersFinalSQLFenceAfterObservedDataLock/missing_store_grant (0.03s)
    --- PASS: TestMerchantOrdersFinalSQLFenceAfterObservedDataLock/membership_disabled (0.03s)
    --- PASS: TestMerchantOrdersFinalSQLFenceAfterObservedDataLock/revision_changed (0.03s)
    --- PASS: TestMerchantOrdersFinalSQLFenceAfterObservedDataLock/principal_disabled (0.03s)
    --- PASS: TestMerchantOrdersFinalSQLFenceAfterObservedDataLock/tenant_disabled (0.10s)
    --- PASS: TestMerchantOrdersFinalSQLFenceAfterObservedDataLock/store_disabled (0.10s)
    --- PASS: TestMerchantOrdersFinalSQLFenceAfterObservedDataLock/missing_detail_after_revoke (0.09s)
    --- PASS: TestMerchantOrdersFinalSQLFenceAfterObservedDataLock/foreign_detail_after_revoke (0.10s)
    --- PASS: TestMerchantOrdersFinalSQLFenceAfterObservedDataLock/empty_list_after_revoke (0.04s)
    --- PASS: TestMerchantOrdersFinalSQLFenceAfterObservedDataLock/v2_revoked_session (0.09s)
    --- PASS: TestMerchantOrdersFinalSQLFenceAfterObservedDataLock/v2_missing_orders_grant (0.06s)
    --- PASS: TestMerchantOrdersFinalSQLFenceAfterObservedDataLock/v2_empty_list_after_revoke (0.04s)
=== RUN   TestMerchantOrdersActualPaymentAndExpiryStates
=== RUN   TestMerchantOrdersActualPaymentAndExpiryStates/pending
=== RUN   TestMerchantOrdersActualPaymentAndExpiryStates/authorized
=== RUN   TestMerchantOrdersActualPaymentAndExpiryStates/captured
=== RUN   TestMerchantOrdersActualPaymentAndExpiryStates/review
=== RUN   TestMerchantOrdersActualPaymentAndExpiryStates/expired_draft
=== RUN   TestMerchantOrdersActualPaymentAndExpiryStates/paid_allocation_failure
--- PASS: TestMerchantOrdersActualPaymentAndExpiryStates (1.98s)
    --- PASS: TestMerchantOrdersActualPaymentAndExpiryStates/pending (0.38s)
    --- PASS: TestMerchantOrdersActualPaymentAndExpiryStates/authorized (0.34s)
    --- PASS: TestMerchantOrdersActualPaymentAndExpiryStates/captured (0.33s)
    --- PASS: TestMerchantOrdersActualPaymentAndExpiryStates/review (0.32s)
    --- PASS: TestMerchantOrdersActualPaymentAndExpiryStates/expired_draft (0.29s)
    --- PASS: TestMerchantOrdersActualPaymentAndExpiryStates/paid_allocation_failure (0.32s)
=== RUN   TestMerchantOrdersHTTPPaginationPrivacyAndNoEffects
--- PASS: TestMerchantOrdersHTTPPaginationPrivacyAndNoEffects (0.41s)
=== RUN   TestMerchantOrdersFrozenHistoryAfterMutableEdits
--- PASS: TestMerchantOrdersFrozenHistoryAfterMutableEdits (0.32s)
=== RUN   TestMerchantOrdersV2DomainReadAuthority
=== RUN   TestMerchantOrdersV2DomainReadAuthority/claims.order_live_sources(uuid,uuid,uuid[])
=== RUN   TestMerchantOrdersV2DomainReadAuthority/live.order_session_labels(uuid,uuid,uuid[])
=== RUN   TestMerchantOrdersV2DomainReadAuthority/fulfillment.order_cvs_tracking(uuid,uuid,uuid[])
--- PASS: TestMerchantOrdersV2DomainReadAuthority (0.01s)
    --- PASS: TestMerchantOrdersV2DomainReadAuthority/claims.order_live_sources(uuid,uuid,uuid[]) (0.00s)
    --- PASS: TestMerchantOrdersV2DomainReadAuthority/live.order_session_labels(uuid,uuid,uuid[]) (0.00s)
    --- PASS: TestMerchantOrdersV2DomainReadAuthority/fulfillment.order_cvs_tracking(uuid,uuid,uuid[]) (0.00s)
=== RUN   TestMerchantOrdersV2PickListReadAuthority
=== RUN   TestMerchantOrdersV2PickListReadAuthority/fulfillment.read_pick_list(bytea,uuid,uuid[],uuid,boolean)
=== RUN   TestMerchantOrdersV2PickListReadAuthority/claims.pick_list_session_orders(uuid,uuid,uuid)
=== RUN   TestMerchantOrdersV2PickListReadAuthority/fulfillment.read_merge_suggestions(bytea,uuid)
=== RUN   TestMerchantOrdersV2PickListReadAuthority/fulfillment.create_parcel_group(bytea,uuid,text,bytea,uuid[])
=== RUN   TestMerchantOrdersV2PickListReadAuthority/fulfillment.dissolve_parcel_group(bytea,uuid,uuid,bigint)
=== RUN   TestMerchantOrdersV2PickListReadAuthority/fulfillment.begin_parcel_group_shipment(bytea,uuid,uuid)
=== RUN   TestMerchantOrdersV2PickListReadAuthority/fulfillment.mark_parcel_group_shipped(bytea,uuid,uuid)
=== RUN   TestMerchantOrdersV2PickListReadAuthority/fulfillment.guard_parcel_group_orders(bytea,uuid,uuid[])
=== RUN   TestMerchantOrdersV2PickListReadAuthority/fulfillment.read_parcel_group_ids(bytea,uuid,uuid[])
=== RUN   TestMerchantOrdersV2PickListReadAuthority/returns.register_rma(bytea,uuid,uuid,text,bytea,text,jsonb)
=== RUN   TestMerchantOrdersV2PickListReadAuthority/returns.receive_rma(bytea,uuid,uuid,text,bytea,bigint,jsonb)
=== RUN   TestMerchantOrdersV2PickListReadAuthority/returns.inspect_rma(bytea,uuid,uuid,text,bytea,bigint,jsonb)
=== RUN   TestMerchantOrdersV2PickListReadAuthority/returns.cancel_rma(bytea,uuid,uuid,text,bytea,bigint)
=== RUN   TestMerchantOrdersV2PickListReadAuthority/returns.close_rma(bytea,uuid,uuid,text,bytea,bigint,uuid)
=== RUN   TestMerchantOrdersV2PickListReadAuthority/returns.read_order_returns(bytea,uuid,uuid)
=== RUN   TestMerchantOrdersV2PickListReadAuthority/returns.list_returns(bytea,uuid,text)
=== RUN   TestMerchantOrdersV2PickListReadAuthority/fulfillment.merchant_cancel_order(bytea,uuid,uuid,text,bytea,text,text)
=== RUN   TestMerchantOrdersV2PickListReadAuthority/returns.list_cancel_refund_gaps(bytea,uuid)
--- PASS: TestMerchantOrdersV2PickListReadAuthority (0.01s)
    --- PASS: TestMerchantOrdersV2PickListReadAuthority/fulfillment.read_pick_list(bytea,uuid,uuid[],uuid,boolean) (0.00s)
    --- PASS: TestMerchantOrdersV2PickListReadAuthority/claims.pick_list_session_orders(uuid,uuid,uuid) (0.00s)
    --- PASS: TestMerchantOrdersV2PickListReadAuthority/fulfillment.read_merge_suggestions(bytea,uuid) (0.00s)
    --- PASS: TestMerchantOrdersV2PickListReadAuthority/fulfillment.create_parcel_group(bytea,uuid,text,bytea,uuid[]) (0.00s)
    --- PASS: TestMerchantOrdersV2PickListReadAuthority/fulfillment.dissolve_parcel_group(bytea,uuid,uuid,bigint) (0.00s)
    --- PASS: TestMerchantOrdersV2PickListReadAuthority/fulfillment.begin_parcel_group_shipment(bytea,uuid,uuid) (0.00s)
    --- PASS: TestMerchantOrdersV2PickListReadAuthority/fulfillment.mark_parcel_group_shipped(bytea,uuid,uuid) (0.00s)
    --- PASS: TestMerchantOrdersV2PickListReadAuthority/fulfillment.guard_parcel_group_orders(bytea,uuid,uuid[]) (0.00s)
    --- PASS: TestMerchantOrdersV2PickListReadAuthority/fulfillment.read_parcel_group_ids(bytea,uuid,uuid[]) (0.00s)
    --- PASS: TestMerchantOrdersV2PickListReadAuthority/returns.register_rma(bytea,uuid,uuid,text,bytea,text,jsonb) (0.00s)
    --- PASS: TestMerchantOrdersV2PickListReadAuthority/returns.receive_rma(bytea,uuid,uuid,text,bytea,bigint,jsonb) (0.00s)
    --- PASS: TestMerchantOrdersV2PickListReadAuthority/returns.inspect_rma(bytea,uuid,uuid,text,bytea,bigint,jsonb) (0.00s)
    --- PASS: TestMerchantOrdersV2PickListReadAuthority/returns.cancel_rma(bytea,uuid,uuid,text,bytea,bigint) (0.00s)
    --- PASS: TestMerchantOrdersV2PickListReadAuthority/returns.close_rma(bytea,uuid,uuid,text,bytea,bigint,uuid) (0.00s)
    --- PASS: TestMerchantOrdersV2PickListReadAuthority/returns.read_order_returns(bytea,uuid,uuid) (0.00s)
    --- PASS: TestMerchantOrdersV2PickListReadAuthority/returns.list_returns(bytea,uuid,text) (0.00s)
    --- PASS: TestMerchantOrdersV2PickListReadAuthority/fulfillment.merchant_cancel_order(bytea,uuid,uuid,text,bytea,text,text) (0.00s)
    --- PASS: TestMerchantOrdersV2PickListReadAuthority/returns.list_cancel_refund_gaps(bytea,uuid) (0.00s)
=== RUN   TestMerchantOrdersV2DomainReadScope
--- PASS: TestMerchantOrdersV2DomainReadScope (1.66s)
=== RUN   TestMerchantOrdersV2LegacyDisplayFallback
--- PASS: TestMerchantOrdersV2LegacyDisplayFallback (0.30s)
=== RUN   TestMerchantOrdersV2LegacyUnicodeWhitespaceRecipient
--- PASS: TestMerchantOrdersV2LegacyUnicodeWhitespaceRecipient (0.32s)
=== RUN   TestMerchantOrdersV2TenThousandScopedSearch
    merchant_orders_v2_perf_test.go:164: 10k 7654: n=10 p50=61.242916ms max=70.040083ms
    merchant_orders_v2_perf_test.go:164: 10k SYNTHETIC-TRACK-7654: n=10 p50=57.542625ms max=65.074042ms
--- PASS: TestMerchantOrdersV2TenThousandScopedSearch (16.85s)
=== RUN   TestMerchantOrdersV2ReadContract
--- PASS: TestMerchantOrdersV2ReadContract (0.33s)
=== RUN   TestMerchantOrdersV2SearchStreamLimit
--- PASS: TestMerchantOrdersV2SearchStreamLimit (0.00s)
=== RUN   TestR2IntegrationUpgradeFromReleaseHead
--- PASS: TestR2IntegrationUpgradeFromReleaseHead (5.45s)
=== RUN   TestReturns
=== RUN   TestReturns/RT01_register_2,_receive_2,_1_sellable_+_1_scrap:_one_DEALLOCATE_row,_stock_back_once,_payments_untouched
=== RUN   TestReturns/RT02_refusals:_unshipped,_over_the_shipped_quantity_(closed_RMAs_count),_unknown_line,_cross-store
=== RUN   TestReturns/RT03_inspect_and_close_need_inventory:write_on_top_of_fulfillment:write;_state_unchanged
=== RUN   TestReturns/RT07_a_refund_neither_restocks_nor_moves_the_order;_the_RMA_only_links_it,_a_foreign_refund_is_refused
=== RUN   TestReturns/RT09_replay_returns_the_original,_other_body_on_the_same_key_conflicts,_stale_version_drifts
=== RUN   TestReturns/two_concurrent_closes_of_one_RMA_restock_exactly_once
=== RUN   TestReturns/two_RMAs_of_one_line_closed_concurrently_each_restock_their_own_units,_never_more_than_shipped
=== RUN   TestReturns/P1-1_a_shipment_cannot_be_voided_while_a_live_RMA_exists_(a_return_presumes_the_parcel_left)
=== RUN   TestReturns/P1-2_a_collected_home-COD_order_can_be_returned_(commercial_state_stays_AWAITING_COLLECTION);_uncollected_is_refused
=== RUN   TestReturns/the_ledger_refuses_forged_rows_with_the_reserved_operations
--- PASS: TestReturns (16.68s)
    --- PASS: TestReturns/RT01_register_2,_receive_2,_1_sellable_+_1_scrap:_one_DEALLOCATE_row,_stock_back_once,_payments_untouched (0.29s)
    --- PASS: TestReturns/RT02_refusals:_unshipped,_over_the_shipped_quantity_(closed_RMAs_count),_unknown_line,_cross-store (2.92s)
    --- PASS: TestReturns/RT03_inspect_and_close_need_inventory:write_on_top_of_fulfillment:write;_state_unchanged (1.14s)
    --- PASS: TestReturns/RT07_a_refund_neither_restocks_nor_moves_the_order;_the_RMA_only_links_it,_a_foreign_refund_is_refused (1.03s)
    --- PASS: TestReturns/RT09_replay_returns_the_original,_other_body_on_the_same_key_conflicts,_stale_version_drifts (0.94s)
    --- PASS: TestReturns/two_concurrent_closes_of_one_RMA_restock_exactly_once (0.91s)
    --- PASS: TestReturns/two_RMAs_of_one_line_closed_concurrently_each_restock_their_own_units,_never_more_than_shipped (0.95s)
    --- PASS: TestReturns/P1-1_a_shipment_cannot_be_voided_while_a_live_RMA_exists_(a_return_presumes_the_parcel_left) (1.74s)
    --- PASS: TestReturns/P1-2_a_collected_home-COD_order_can_be_returned_(commercial_state_stays_AWAITING_COLLECTION);_uncollected_is_refused (0.11s)
    --- PASS: TestReturns/the_ledger_refuses_forged_rows_with_the_reserved_operations (1.89s)
=== RUN   TestMerchantCancel
=== RUN   TestMerchantCancel/RT04_an_unpaid_hold_is_cancelled:_reservation_released,_sellable_quantity_restored,_replay_safe
=== RUN   TestMerchantCancel/RT05_a_payment_in_progress_cannot_be_cancelled_by_the_merchant
=== RUN   TestMerchantCancel/RT06_a_paid_order_needs_refunds_covering_the_capture_first_(409_refund_first);_never_an_automatic_refund;_then_it_cancels
=== RUN   TestMerchantCancel/a_shipped_order_is_not_cancellable_(returns_path);_permissions_are_enforced
=== RUN   TestMerchantCancel/concurrent_cancels_of_one_refunded_order:_one_wins,_stock_released_once
=== RUN   TestMerchantCancel/RT08_cancelling_a_member_of_an_OPEN_parcel_group_removes_it;_the_last_survivor_dissolves_the_group
=== RUN   TestMerchantCancel/a_refused_cancel_leaves_its_parcel_group_untouched
=== RUN   TestMerchantCancel/RT10_cancelling_a_hold_while_its_payment_starts:_exactly_one_wins,_stock_stays_consistent
=== RUN   TestMerchantCancel/a_pay-at-pickup_order_cancels_through_the_same_command_(existing_§16.8_release)
--- PASS: TestMerchantCancel (12.81s)
    --- PASS: TestMerchantCancel/RT04_an_unpaid_hold_is_cancelled:_reservation_released,_sellable_quantity_restored,_replay_safe (0.06s)
    --- PASS: TestMerchantCancel/RT05_a_payment_in_progress_cannot_be_cancelled_by_the_merchant (0.49s)
    --- PASS: TestMerchantCancel/RT06_a_paid_order_needs_refunds_covering_the_capture_first_(409_refund_first);_never_an_automatic_refund;_then_it_cancels (1.04s)
    --- PASS: TestMerchantCancel/a_shipped_order_is_not_cancellable_(returns_path);_permissions_are_enforced (1.82s)
    --- PASS: TestMerchantCancel/concurrent_cancels_of_one_refunded_order:_one_wins,_stock_released_once (0.96s)
    --- PASS: TestMerchantCancel/RT08_cancelling_a_member_of_an_OPEN_parcel_group_removes_it;_the_last_survivor_dissolves_the_group (2.84s)
    --- PASS: TestMerchantCancel/a_refused_cancel_leaves_its_parcel_group_untouched (1.87s)
    --- PASS: TestMerchantCancel/RT10_cancelling_a_hold_while_its_payment_starts:_exactly_one_wins,_stock_stays_consistent (0.11s)
    --- PASS: TestMerchantCancel/a_pay-at-pickup_order_cancels_through_the_same_command_(existing_§16.8_release) (0.08s)
=== RUN   TestReturnsBankTransfer
=== RUN   TestReturnsBankTransfer/AWAITING_TRANSFER_is_422_not_cancellable_(the_expiry_or_the_offline_refund_ends_it)
=== RUN   TestReturnsBankTransfer/RMA_restock_then_an_offline_refund_WITH_restock:_the_second_release_is_refused,_no_phantom_stock
--- PASS: TestReturnsBankTransfer (0.74s)
    --- PASS: TestReturnsBankTransfer/AWAITING_TRANSFER_is_422_not_cancellable_(the_expiry_or_the_offline_refund_ends_it) (0.11s)
    --- PASS: TestReturnsBankTransfer/RMA_restock_then_an_offline_refund_WITH_restock:_the_second_release_is_refused,_no_phantom_stock (0.15s)
=== RUN   TestReturnsHelperACLAndGuardBodies
--- PASS: TestReturnsHelperACLAndGuardBodies (0.01s)
=== RUN   TestMerchantCancelRefundGap
--- PASS: TestMerchantCancelRefundGap (5.37s)
=== RUN   TestMerchantCancelGroupRace
--- PASS: TestMerchantCancelGroupRace (4.47s)
=== RUN   TestMerchantCancelClosesWorkItem
=== RUN   TestMerchantCancelClosesWorkItem/a_never-paid_hold_cancels_to_work_state_NONE
=== RUN   TestMerchantCancelClosesWorkItem/cancelling_a_fully_refunded_paid_order_closes_the_work_item:_work_state_NONE_(0162)
=== RUN   TestMerchantCancelClosesWorkItem/a_refund_in_flight_at_cancel_time_closes_the_work_item;_its_later_failure_stays_visible_in_the_gap_list
=== RUN   TestMerchantCancelClosesWorkItem/the_0162_backfill_closes_legacy_cancelled_rows_and_keeps_open-gap_rows_READY
--- PASS: TestMerchantCancelClosesWorkItem (12.52s)
    --- PASS: TestMerchantCancelClosesWorkItem/a_never-paid_hold_cancels_to_work_state_NONE (0.06s)
    --- PASS: TestMerchantCancelClosesWorkItem/cancelling_a_fully_refunded_paid_order_closes_the_work_item:_work_state_NONE_(0162) (2.21s)
    --- PASS: TestMerchantCancelClosesWorkItem/a_refund_in_flight_at_cancel_time_closes_the_work_item;_its_later_failure_stays_visible_in_the_gap_list (2.60s)
    --- PASS: TestMerchantCancelClosesWorkItem/the_0162_backfill_closes_legacy_cancelled_rows_and_keeps_open-gap_rows_READY (4.48s)
=== RUN   TestWAS01LoginsMapToTheirOwnAuthority
--- PASS: TestWAS01LoginsMapToTheirOwnAuthority (0.00s)
=== RUN   TestWAS02NonPaymentWorkersHoldNoPaymentPrivilege
=== RUN   TestWAS02NonPaymentWorkersHoldNoPaymentPrivilege/no_payment_privilege_ads_worker
=== RUN   TestWAS02NonPaymentWorkersHoldNoPaymentPrivilege/no_payment_privilege_claims_worker
=== RUN   TestWAS02NonPaymentWorkersHoldNoPaymentPrivilege/no_payment_privilege_expiry_worker
=== RUN   TestWAS02NonPaymentWorkersHoldNoPaymentPrivilege/no_payment_privilege_worker
--- PASS: TestWAS02NonPaymentWorkersHoldNoPaymentPrivilege (0.25s)
    --- PASS: TestWAS02NonPaymentWorkersHoldNoPaymentPrivilege/no_payment_privilege_ads_worker (0.02s)
    --- PASS: TestWAS02NonPaymentWorkersHoldNoPaymentPrivilege/no_payment_privilege_claims_worker (0.01s)
    --- PASS: TestWAS02NonPaymentWorkersHoldNoPaymentPrivilege/no_payment_privilege_expiry_worker (0.01s)
    --- PASS: TestWAS02NonPaymentWorkersHoldNoPaymentPrivilege/no_payment_privilege_worker (0.01s)
=== RUN   TestWAS03CrossAuthorityClaimRefused
=== RUN   TestWAS03CrossAuthorityClaimRefused/payment
=== RUN   TestWAS03CrossAuthorityClaimRefused/ads
=== RUN   TestWAS03CrossAuthorityClaimRefused/claims
--- PASS: TestWAS03CrossAuthorityClaimRefused (0.30s)
    --- PASS: TestWAS03CrossAuthorityClaimRefused/payment (0.09s)
    --- PASS: TestWAS03CrossAuthorityClaimRefused/ads (0.08s)
    --- PASS: TestWAS03CrossAuthorityClaimRefused/claims (0.08s)
=== RUN   TestWAS04OperationReadsAreLaneScoped
--- PASS: TestWAS04OperationReadsAreLaneScoped (0.07s)
=== RUN   TestWAS05ProfileFenceDerivedFromAuthority
--- PASS: TestWAS05ProfileFenceDerivedFromAuthority (0.13s)
=== RUN   TestWAS06PrivilegeInventory
--- PASS: TestWAS06PrivilegeInventory (0.01s)
PASS
ok  	livecommerce/tests/foundation	90.381s
test-focused: top-level PASS=29 FAIL=0 SKIP=0 exit=0
