commit ca58517ee3e521506eb98570b4a419fd8c80fbca (tree clean except output/)
11:    customer_import_test.go:513: 5000-row preview + commit: 4.417887666s
19:--- PASS: TestCustomerImport (6.64s)
20:    --- PASS: TestCustomerImport/CI01_preview_rolls_back,_commit_imports,_list_shows_imported_customers (0.06s)
21:    --- PASS: TestCustomerImport/CI02_same_file_replays,_a_different_count_conflicts (0.01s)
22:    --- PASS: TestCustomerImport/CI03_the_same_external_id_updates,_it_never_creates_a_second_owner (0.01s)
23:    --- PASS: TestCustomerImport/CI04_a_consent_column_is_ignored_and_flagged,_no_consent_is_written (0.01s)
24:    --- PASS: TestCustomerImport/CI05_bad_cells_fail_their_row;_formula_cells_are_unguarded_on_input_and_guarded_in_results.csv (0.01s)
25:    --- PASS: TestCustomerImport/CI06_customers:privacy_is_required;_tenants_never_match (0.01s)
26:    --- PASS: TestCustomerImport/CI07_erasure_deletes_the_profile_and_the_external_id_and_scrubs_retained_results (0.02s)
27:    --- PASS: TestCustomerImport/CI07b_erasure_leaves_a_salted_tombstone:_a_stale_export_cannot_resurrect_the_person (0.02s)
28:    --- PASS: TestCustomerImport/CI08_limits_and_drift (4.47s)
29:    --- PASS: TestCustomerImport/CI09_no_name,_phone_or_email_in_results,_audit,_receipts,_batches_or_logs (0.03s)
30:    --- PASS: TestCustomerImport/CI10_an_imported_customer_can_be_tagged_and_noted (0.03s)
31:    --- PASS: TestCustomerImport/CI11_no_login_role_reaches_the_new_tables_or_inserts_owners (0.01s)
32:    --- PASS: TestCustomerImport/CI12_the_merchant_privacy_export_contains_the_imported_profile (0.11s)
33:    --- PASS: TestCustomerImport/CI13_the_owner-insert_privilege_cannot_create_an_owner_outside_the_GUC_scope (0.01s)
34:    --- PASS: TestCustomerImport/CI14_two_parallel_commits_of_one_file_import_it_once_(deterministic_barrier) (0.11s)
35:    --- PASS: TestCustomerImport/CI15_the_commerce_auth_read_policy_is_store-scoped;_a_phone_or_email_as_external_id_is_refused (0.01s)
50:--- PASS: TestOrderHistoryImport (1.24s)
51:    --- PASS: TestOrderHistoryImport/OH02_an_order_of_a_never-imported_customer_fails_and_creates_no_customer (0.02s)
52:    --- PASS: TestOrderHistoryImport/OH01_preview_rolls_back;_commit_archives_3_orders_from_7_lines (0.02s)
53:    --- PASS: TestOrderHistoryImport/OH03_I05_the_archive_touches_no_money,_order_or_inventory_row_and_no_such_function_reads_it (0.11s)
54:    --- PASS: TestOrderHistoryImport/OH04_the_full_address_never_reaches_the_database;_only_the_city_does (0.17s)
55:    --- PASS: TestOrderHistoryImport/OH05_the_same_order_again_is_updated;_another_customer's_order_number_is_refused (0.01s)
56:    --- PASS: TestOrderHistoryImport/OH09_the_keyset_read_pages_newest_first_with_a_total (0.02s)
57:    --- PASS: TestOrderHistoryImport/OH07_permissions,_store_scope_and_table_grants (0.02s)
58:    --- PASS: TestOrderHistoryImport/OH10_the_merchant_privacy_export_contains_the_archive (0.02s)
59:    --- PASS: TestOrderHistoryImport/OH12_the_batch_and_results.csv_carry_row_numbers_and_codes_only (0.00s)
60:    --- PASS: TestOrderHistoryImport/OH06_erasure_deletes_the_archive_and_the_stale_file_fails_erased (0.02s)
61:    --- PASS: TestOrderHistoryImport/OH13_only_the_22_cities_are_archived_as_a_city;_anything_else_is_dropped,_counted_and_never_stored (0.30s)
62:    --- PASS: TestOrderHistoryImport/OH08_limits (0.03s)
63:    --- PASS: TestOrderHistoryImport/OH11_2000_archive_rows_per_customer,_then_order_limit_and_a_bounded_export (0.11s)
65:ok  	livecommerce/tests/foundation	10.286s
66:test-focused: top-level PASS=2 FAIL=0 SKIP=0 exit=0
12:--- PASS: TestCustomersBillingCB05Erasure (15.60s)
38:--- PASS: TestCustomersBillingCB02Schema (5.39s)
55:--- PASS: TestCustomersBillingCB02Comments (2.65s)
58:ok  	livecommerce/tests/foundation	25.336s
59:test-focused: top-level PASS=3 FAIL=0 SKIP=0 exit=0
