=== RUN   TestOrderHistoryImport
=== RUN   TestOrderHistoryImport/OH02_an_order_of_a_never-imported_customer_fails_and_creates_no_customer
=== RUN   TestOrderHistoryImport/OH01_preview_rolls_back;_commit_archives_3_orders_from_7_lines
=== RUN   TestOrderHistoryImport/OH03_I05_the_archive_touches_no_money,_order_or_inventory_row_and_no_such_function_reads_it
=== RUN   TestOrderHistoryImport/OH04_the_full_address_never_reaches_the_database;_only_the_city_does
=== RUN   TestOrderHistoryImport/OH05_the_same_order_again_is_updated;_another_customer's_order_number_is_refused
=== RUN   TestOrderHistoryImport/OH09_the_keyset_read_pages_newest_first_with_a_total
=== RUN   TestOrderHistoryImport/OH07_permissions,_store_scope_and_table_grants
=== RUN   TestOrderHistoryImport/OH10_the_merchant_privacy_export_contains_the_archive
=== RUN   TestOrderHistoryImport/OH12_the_batch_and_results.csv_carry_row_numbers_and_codes_only
=== RUN   TestOrderHistoryImport/OH06_erasure_deletes_the_archive_and_the_stale_file_fails_erased
=== RUN   TestOrderHistoryImport/OH08_limits
=== RUN   TestOrderHistoryImport/OH11_2000_archive_rows_per_customer,_then_order_limit
--- PASS: TestOrderHistoryImport (2.59s)
    --- PASS: TestOrderHistoryImport/OH02_an_order_of_a_never-imported_customer_fails_and_creates_no_customer (0.02s)
    --- PASS: TestOrderHistoryImport/OH01_preview_rolls_back;_commit_archives_3_orders_from_7_lines (0.02s)
    --- PASS: TestOrderHistoryImport/OH03_I05_the_archive_touches_no_money,_order_or_inventory_row_and_no_such_function_reads_it (0.12s)
    --- PASS: TestOrderHistoryImport/OH04_the_full_address_never_reaches_the_database;_only_the_city_does (0.16s)
    --- PASS: TestOrderHistoryImport/OH05_the_same_order_again_is_updated;_another_customer's_order_number_is_refused (0.01s)
    --- PASS: TestOrderHistoryImport/OH09_the_keyset_read_pages_newest_first_with_a_total (0.01s)
    --- PASS: TestOrderHistoryImport/OH07_permissions,_store_scope_and_table_grants (0.02s)
    --- PASS: TestOrderHistoryImport/OH10_the_merchant_privacy_export_contains_the_archive (0.01s)
    --- PASS: TestOrderHistoryImport/OH12_the_batch_and_results.csv_carry_row_numbers_and_codes_only (0.00s)
    --- PASS: TestOrderHistoryImport/OH06_erasure_deletes_the_archive_and_the_stale_file_fails_erased (0.07s)
    --- PASS: TestOrderHistoryImport/OH08_limits (0.07s)
    --- PASS: TestOrderHistoryImport/OH11_2000_archive_rows_per_customer,_then_order_limit (0.06s)
PASS
ok  	livecommerce/tests/foundation	5.061s
test-focused: top-level PASS=1 FAIL=0 SKIP=0 exit=0
bash scripts/dev/test-focused.sh '^TestOrderHistoryImport$'  27.01s user 3.75s system 108% cpu 28.442 total
