=== RUN   TestCustomersBillingCB02Schema
=== RUN   TestCustomersBillingCB02Schema/roles_and_schemas
=== RUN   TestCustomersBillingCB02Schema/tables:_owner,_FORCE_RLS,_ACL,_no_public/buyer/worker_read
=== RUN   TestCustomersBillingCB02Schema/effective_column_privileges_of_the_two_writers
=== RUN   TestCustomersBillingCB02Schema/policies
=== RUN   TestCustomersBillingCB02Schema/functions:_owner,_SECURITY_DEFINER,_search_path,_EXECUTE,_volatility
=== RUN   TestCustomersBillingCB02Schema/claim-window_guard_trigger_shape_(BD5)
=== RUN   TestCustomersBillingCB02Schema/permission_CHECK_holds_each_new_value_exactly_once_and_every_old_one
=== RUN   TestCustomersBillingCB02Schema/no_R3_role_is_referenced_by_0078/0079_(C-7)
=== RUN   TestCustomersBillingCB02Schema/consent_events_rules
=== RUN   TestCustomersBillingCB02Schema/privacy_actions_rules
=== RUN   TestCustomersBillingCB02Schema/store_customers_rules_(BD1,_BD8)
=== RUN   TestCustomersBillingCB02Schema/subscriptions_rules_and_the_set-once/terminal_trigger_(F-B1,_§3.2)
=== RUN   TestCustomersBillingCB02Schema/a_fresh_creator_gets_the_three_permissions_once;_nobody_else_gains_any_(C-5)
=== RUN   TestCustomersBillingCB02Schema/create_initial_store_body_differs_from_its_0065_definition_only_by_the_permission_array
--- PASS: TestCustomersBillingCB02Schema (7.06s)
    --- PASS: TestCustomersBillingCB02Schema/roles_and_schemas (0.00s)
    --- PASS: TestCustomersBillingCB02Schema/tables:_owner,_FORCE_RLS,_ACL,_no_public/buyer/worker_read (0.13s)
    --- PASS: TestCustomersBillingCB02Schema/effective_column_privileges_of_the_two_writers (0.08s)
    --- PASS: TestCustomersBillingCB02Schema/policies (0.15s)
    --- PASS: TestCustomersBillingCB02Schema/functions:_owner,_SECURITY_DEFINER,_search_path,_EXECUTE,_volatility (0.04s)
    --- PASS: TestCustomersBillingCB02Schema/claim-window_guard_trigger_shape_(BD5) (0.00s)
    --- PASS: TestCustomersBillingCB02Schema/permission_CHECK_holds_each_new_value_exactly_once_and_every_old_one (0.00s)
    --- PASS: TestCustomersBillingCB02Schema/no_R3_role_is_referenced_by_0078/0079_(C-7) (1.50s)
    --- PASS: TestCustomersBillingCB02Schema/consent_events_rules (0.03s)
    --- PASS: TestCustomersBillingCB02Schema/privacy_actions_rules (0.01s)
    --- PASS: TestCustomersBillingCB02Schema/store_customers_rules_(BD1,_BD8) (0.01s)
    --- PASS: TestCustomersBillingCB02Schema/subscriptions_rules_and_the_set-once/terminal_trigger_(F-B1,_§3.2) (0.01s)
    --- PASS: TestCustomersBillingCB02Schema/a_fresh_creator_gets_the_three_permissions_once;_nobody_else_gains_any_(C-5) (0.04s)
    --- PASS: TestCustomersBillingCB02Schema/create_initial_store_body_differs_from_its_0065_definition_only_by_the_permission_array (0.66s)
=== RUN   TestCustomersBillingCB02Comments
=== RUN   TestCustomersBillingCB02Comments/every_new_object_names_its_owning_package
--- PASS: TestCustomersBillingCB02Comments (2.48s)
    --- PASS: TestCustomersBillingCB02Comments/every_new_object_names_its_owning_package (0.03s)
PASS
ok  	livecommerce/tests/foundation	11.804s
test-focused: top-level PASS=2 FAIL=0 SKIP=0 exit=0
bash scripts/dev/test-focused.sh   44.52s user 6.09s system 135% cpu 37.257 total
