# Purpose: normalized local reconciliation check evidence; raw log is preserved in main output.
# Depends on: unchanged import-only candidate and exact command status JSON.
# Used by: integrator local evidence review; no browser/CI claim.
# Raw SHA256: 80605e2a54b31a5f66e0a29ed1b7e810a31f6f69aab7e92be0042544bcbec9d8
✔ /products/{uuid} redirects permanently to the zh-TW product page (174.746833ms)
✔ non-uuid ids are 404, never redirected (4.803625ms)
✔ AT1: the locale redirect preserves the ad-click query without allowing a redirect target (0.497375ms)
✔ R10: standalone signed signals survive a missing or expired seven-day touch (13.96775ms)
✔ R10: standalone signals reject expiry, bad signature, duplicates and another host (0.272042ms)
✔ AT1 R5: browser identity survives expired touch and rolls for ninety days (0.163417ms)
✔ AT1 R5: missing ad parameters create no cookies; fbclid alone creates no touch (0.186625ms)
✔ AT1 R5: lc_ad alone updates attribution and does not replace fbc (0.12575ms)
✔ AT1: host-only first-party cookies contain no PII and read back exactly (0.819042ms)
✔ AT1: a later valid click replaces the draft but preserves the browser identifier (6.871125ms)
✔ R10: only a different fbclid replaces fbc and its first-seen timestamp (1.159958ms)
✔ AT1: malformed and ambiguous links do not overwrite a valid prior touch (1.507167ms)
✔ AT1: host and key binding reject copied cookies (2.243792ms)
✔ AT1: duplicates and tampering invalidate the entire envelope (0.403333ms)
✔ AT1: exactly seven days is valid, the next millisecond and future clicks are not (0.188667ms)
✔ catalog list query limits equal the Go v2 parser (internal/buyerhttp/catalogv2.go) (56.275541ms)
✔ collection list cap equals Go maxCollectionsPerStore (1.897ms)
✔ design caps equal internal/design/schema.go (nav, sections, pages) (3.299792ms)
✔ CVS buyer-entered store bounds and return path equal Go (internal/checkout/cvs.go, migration 0093) (75.173959ms)
✔ transfer view: closed shape and state rules mirror Go validTransferView (1.670916ms)
✔ proof body and result: five digits, positive minor amount, ISO instant (0.249042ms)
✔ minorFromText: major units with at most two decimals, never a float surprise (0.100583ms)
✔ buyer email mirror: one plain address, 254 characters at most (0.108958ms)
✔ countdown: whole hours and minutes, never negative (0.383959ms)
✔ copy: three locales carry every key and every refusal code (0.209334ms)
✔ options: a home row lists modes only with bank_transfer and then needs its window (0.863208ms)
✔ checkoutInput: a home bank_transfer body, the optional trimmed email, and every refusal before any request (2.764833ms)
✔ order: AWAITING_TRANSFER is a valid commercial state without a hold time (4.71175ms)
✔ BFF: exact transfer routes, keyed proof PUT, strict body, validated answers, no generic proxy (93.443083ms)
✔ BFF: transfer refusal codes pass through as definite 422; checkout accepts bank_transfer and a valid email only (15.760167ms)
✔ D06 order heading follows a settled transfer: never 'waiting for transfer' above a confirmed or expired one (0.834125ms)
✔ uncertain prepare blocks all mutations; changed cookie context resolves journal (31.735125ms)
✔ fully parsed local denial clears only its own pending operation (2.78575ms)
✔ malformed journal, unavailable lock and stale context fail before writes (1.838667ms)
✔ BPT05 exact handoff permits absent body/key, one fetch, no form persistence (53.135708ms)
✔ BPT05 wrong handoff form and ordinary writes fail before any fetch (0.616041ms)
✔ BPT05 unresolved cookie journal blocks handoff; lost response is one fetch without persistence (0.174ms)
✔ SU02 refresh permits absent body/key, one fetch, no persistence (2.488042ms)
✔ SU02 refresh rejects a body, a key or a malformed path before any fetch (0.507917ms)
✔ SU02 cancel permits absent body/key, one fetch, no persistence (0.3365ms)
✔ SU02 cancel rejects a body, a key or a malformed path before any fetch (0.495916ms)
✔ BPT01 exact private path, headers, body and three-locale one-fetch transport (118.569334ms)
✔ BPT02 payment routes reject untrusted path, context, headers, key and body before fetch (22.0415ms)
✔ BPT03 hostile upstream success is sanitized, never returned as payment data (7.354791ms)
✔ BPT04 every handoff failure is nonretryable, including pre-route and transport loss (1.604167ms)
✔ SU02 five routes: exact upstream path, method, key, body, one fetch each (39.348708ms)
✔ SU02 refresh and cancel are keyless and pass every CSRF/context denial before fetch (5.850583ms)
✔ SU02 every handoff/refresh/cancel failure is nonretryable and sanitized (4.19075ms)
✔ SU02 hostile Stripe bodies become the sanitized 503; PAYUNi and Stripe bodies stay byte-identical (42.957ms)
✔ SU02 prepare accepts only the two known method codes (10.031458ms)
✔ disabled and invalid configuration fail closed before private fetch (46.959334ms)
✔ private authority, cookie lifecycle and strict local denial (22.598916ms)
✔ bad host, cookie, query and method never reach private API (1.635334ms)
✔ stalled inbound POST body is canceled at its deadline without a cookie or private call (0.81375ms)
✔ R10: Begin forwards independently signed signals; browser attribution and forwarded hosts are not authority (2.516959ms)
✔ CVS BFF: exact routes, keyed open/store, keyless verify, validated answers, no generic proxy (3.916ms)
✔ CVS BFF: contract refusal codes pass through; pay_at_pickup_limit is a definite (non-retryable) 429 (3.458375ms)
✔ fragment grammar accepts only one canonical token (3.853958ms)
✔ claim projections are closed (1.84925ms)
✔ claim token rides only its header on B1/B2 and is never echoed (165.28125ms)
✔ claim-priced cart edits send only SKU and quantity, keeping server price authority (7.65825ms)
✔ direct-checkout sold-out projection is mandatory, boolean and closed (0.397542ms)
✔ claim redeem shares the purchase lock, guards recovery and never persists the token (4.330291ms)
✔ ClaimLink removal projects live-priced survivors on ready and conflict pages (419.300375ms)
✔ ClaimLink revisit checks out applied A while pending B is sold out or unavailable (13.940208ms)
✔ ClaimLink refreshes a nothing result after a second tab applied the claim (8.997375ms)
✔ ClaimLink does not navigate when a buyable claim target is absent or has changed quantity (13.676167ms)
✔ ClaimLink optional prior-order notice tolerates unreadable storage without bypassing recovery (31.109084ms)
✔ CVS01 map form: only the two ECPay e-map actions, exact fields, top-level-safe values (1.335459ms)
✔ CVS02 return path allowlist excludes /claim and anything but the checkout or product page (0.149917ms)
✔ CVS03 selection projection: VERIFIED<=>pickup, REJECTED<=>reject_code, absent keys read as null (0.506834ms)
✔ CVS04 buyer-entered store answer and request body (50.908625ms)
✔ CVS05 store code table (§16.1) keeps leading zeros and per-chain lengths (3.410584ms)
✔ CVS06 recipient mirror: real-name width 4..10 (CJK=2), no digits/symbols/emoji; 09 mobile (19.375125ms)
✔ CVS07 checkout draft: name, phone and mode only; read once; corrupt/foreign shapes are dropped (0.270042ms)
✔ CVS08 return URL: only ?cvs_selection=<uuid> is accepted (0.111458ms)
✔ CVS09 buyer order projection and copy keys: nothing but PICKED_UP says picked up (0.11675ms)
✔ CVS10 error codes: field mapping, definite refusals, official links are https constants (0.204ms)
✔ CVS11 client transport: verify is the one new keyless POST; the server refusal code rides BuyerClientError.detail (135.980125ms)
✔ every locale x page has a title, an updated line and at least one section (0.661ms)
✔ locales share the section count and per-section body count of every page (0.75375ms)
✔ final text is only the owner-confirmed company facts (CR 81215167 name + registered address); nothing else is final (0.215583ms)
✔ a legal page is published only when every text on it is final; buyers see no link to an unpublished one (0.546833ms)
✔ data-deletion path is named in the privacy page of every locale (0.074ms)
✔ pendingOwnerText lists exactly the texts that keep a page unpublished and is written for the owner (0.98825ms)
✔ a live (claim-origin) price replaces the catalog price and strikes it through (2.026875ms)
✔ without a live price the catalog price and its compare-at are shown unchanged (0.10475ms)
✔ a live price equal to or above the catalog price is shown as set (strike hidden by the UI guard) (0.058375ms)
✔ a live price strikes the catalog price, never the variant sale price (0.044625ms)
✔ order ref: 12 hex (dashes or spaces, any case) or a full id (2.465334ms)
✔ contact: one email or a phone of 6..20 digits (0.266208ms)
✔ body is exactly {order_ref, contact}; the answer is exactly {order_id} (0.16975ms)
✔ BFF lookup: no cookie needed, fresh token goes upstream, cookie only on 200 and it carries that same token (47.345833ms)
✔ BFF lookup: strict local denial before any private fetch (4.720291ms)
✔ copy: three locales carry every key (0.935041ms)
✔ MS4 srcset descriptors use actual decoded widths and deduplicate small renditions (1.052542ms)
✔ MS1 product rendition allowlist preserves trusted Host and never forwards buyer cookies (25.324958ms)
✔ MS2 invalid, duplicate, extra, encoded widths and non-product variants fail before fetch (199.557791ms)
✔ MS3 old-image fallback is never promoted to immutable; committed variants are cacheable (24.220458ms)
✔ TWD whole amounts show no decimals in every locale and at every magnitude (line, subtotal, total, zero) (38.778792ms)
✔ cents appear only when there are cents, then always as two digits; the minor-unit arithmetic is untouched (0.324666ms)
✔ digits come from the currency: JPY none, USD two when there are cents (4.289375ms)
✔ one formatter: no component, page or lib builds a currency Intl.NumberFormat outside lib/money.ts (68.923459ms)
✔ fragment: exactly #o=<order id>&t=<43-char token>; anything else is null (14.17175ms)
✔ body is exactly {order_id, token, proof}; the answer is exactly the order the link named (42.146792ms)
✔ BFF link: no cookie needed, fresh token upstream, cookie only on a 200 naming the same order, link token never echoed (100.953208ms)
✔ BFF link: strict local denial before any private fetch (1.78875ms)
✔ copy: three locales, one refusal text, a retry and a lookup path (0.099542ms)
✔ BPU01 fresh payment writes exact metadata before prepare, one bodyless Take, no persistent form (60.736292ms)
✔ BPU01 lost prepare response replays original key/body only on explicit next click (3.366375ms)
✔ BPU01 lost handoff is permanently GET-only, even after a second click (6.272375ms)
✔ BPU01 storage, amount, scope and child/screen fences reject before irreversible writes (104.795042ms)
✔ BPU01 document/child loss after prepare but before Take leaves exact replay marker (0.597042ms)
✔ BPU01 malformed server handoff never submits and Take remains nonretryable (0.819583ms)
✔ BPU01 marker replacement before Take and after Take blocks release/form reuse (9.735958ms)
✔ BPU01 context replacement after prepare and after Take closes destination without form (29.97375ms)
✔ BPU01 synchronous destination refuses invalid locale before opening a window (1.128125ms)
✔ SU03 fresh Stripe pay: marker before prepare, one prepare, one handoff, navigate, URL never stored (32.047292ms)
✔ SU03 marker replay: lost prepare response replays key/body, no uncertain on PENDING view with leftover marker (26.62875ms)
✔ SU03 cross-device Continue needs no marker and never prepares (0.553625ms)
✔ SU03 marker/view matrix: PAYUNi marker on Stripe view and Stripe marker on PAYUNi view send nothing (0.863041ms)
✔ SU03 any other view renders without a POST (0.589625ms)
✔ SU03 CREATING: waits on the schedule without the lock, then hands off once when READY (60.300666ms)
✔ SU03 CREATING budget: 10 reads over 30 s, then the blank child is closed, no POST, no throw (9.85275ms)
✔ SU03 cancel_requested seen on the re-GET aborts before the handoff POST (0.768709ms)
✔ SU03 handoff outcomes: CREATING closes child, CLOSED/UNAVAILABLE/error/malformed reject; one POST each, never retried (5.789917ms)
✔ SU03 Stripe prepare errors, amount/currency mismatch and popup loss stop before any handoff (5.9165ms)
✔ SU03 two clicks make two handoff POSTs only because there were two clicks; sequential, none from reads (1.200916ms)
✔ SU03 navigate: validates again, needs an owned blank child, sets used before replace, no URL in errors (0.429791ms)
✔ SU03 refresh signal: keyless single POST, validated, throttled 1/10 s and 30 per page life, cancel never throttled (2.101458ms)
✔ SU03 signal failures are single-shot and sanitized: HTTP error, malformed body, wrong order (0.342459ms)
✔ private quote/option authority fields are required; only exact MANUAL home can checkout (2.40525ms)
✔ continue shopping advances only ordered version, clears hint, keeps SQL history authoritative (112.067041ms)
✔ lost next-cart response retries identical key/body and preserves a newer cart (19.936ms)
✔ continuation never overwrites an already advanced cart (0.561917ms)
✔ unknown checkout blocks continuation without any business request (1.559584ms)
✔ two queued continuation clicks mutate once; stale order ID cannot clear another order (7.8695ms)
✔ CAS conflict resolves only after a newer cart is read (1.515958ms)
✔ locator removal failure retains next-cart journal and recovery survives missing locator (0.587833ms)
✔ order history summary rejects PII/unknown fields and malformed scope IDs (0.095958ms)
✔ native address validation mirrors printable Unicode, limits and phone; journal forbids PII (1.842667ms)
✔ address lost reply replays exact in-memory intent, then confirms current head (0.766166ms)
✔ address reload requires explicit new intent and exact observed CAS; stale head never auto-bumps (7.134583ms)
✔ old address receipt cannot confirm another tab's newer current head (4.572208ms)
✔ a late address CAS winner requires another explicit confirmation, not an automatic version bump (0.556ms)
✔ checkout lost reply, queued duplicate and current GET reuse one key and one order (0.722792ms)
✔ uncertain checkout retains original journal across later 401/403/404/5xx and malformed success (0.569375ms)
✔ only a fresh definitive denial clears checkout; no order locator is invented (0.136792ms)
✔ locator storage failure after commit retains same key; reload GET failure keeps locator (0.332125ms)
✔ locator persisted but journal removal failed resumes pending receipt, not unrelated pointer (0.311917ms)
✔ unavailable storage, invalid locator and late changed context fail closed (0.177792ms)
✔ order locator readback mismatch and no-op journal removal both retain checkout recovery (0.323291ms)
✔ direct claim continuation refuses a newer ordered cart inside the purchase lock (0.273042ms)
✔ direct claim continuation keeps next-cart recovery after a conflicting clear (0.193958ms)
✔ collector projection: admitted for derived connections, absent/null for primary (5.887875ms)
✔ collector rejects identifiers, extra keys and malformed text (0.566ms)
✔ disclosure renders the contract §5 line with all three slots substituted (1.499292ms)
✔ the disclosure line exists exactly when the hosted view returns a collector (1.2795ms)
✔ a shop or collector name with a replacement pattern is shown literally (0.400083ms)
✔ OrderPayment renders the disclosure with the view, above every pay button, through the helper only (1.471958ms)
✔ BPT03 exact valid projection and Go nanosecond UTC timestamps (12.131083ms)
✔ BPT03 view rejects private fields, inconsistent state and malformed names (0.807792ms)
✔ BPT03 prepared receipt enforces exact original credit-card amount (0.108709ms)
✔ BPT03 hosted form and replay are exact, bounded and action-allowlisted (0.689416ms)
✔ SU01 Stripe views: fresh, both methods, attempt states, PAYUNi unchanged (0.17175ms)
✔ SU01 Stripe view negatives (0.135166ms)
✔ SU01 prepared amounts follow the corrected per-currency table (0.1085ms)
✔ SU01 Stripe handoff union and every redirect_url negative (0.246041ms)
✔ SU01 payment signal is exactly {order_id, scheduled:boolean} (0.09275ms)
✔ RUI01 refund summary: refunded states, pending money, absent ≡ null (0.137708ms)
✔ RUI01 refund summary negatives (0.186333ms)
✔ BPU03 neutral GET and POST return ignore every callback field and cookie (150.21675ms)
✔ primary origin: exact path/query, same host, and no URL-controlled destination (10.03925ms)
✔ GET and HEAD use trusted Host, private bounded uncached resolver and exact 301 (111.934833ms)
✔ no writes redirected; resolution failures fail closed; unknown hosts keep native 404 (16.246916ms)
✔ policy version is the frozen constant, in the customers-core D4 shape (0.53625ms)
✔ route table: exactly the four buyer privacy routes, methods and body kinds (0.406875ms)
✔ body shapes are closed and mirror the frozen Go inputs (no source, no policy_version) (0.122ms)
✔ GET privacy validator: closed shape, erased owner holds no consent (0.126584ms)
✔ consent result and erasure summary validators (0.262541ms)
✔ buyer export envelope never carries customer_id (0.097042ms)
✔ failure classification: 410 and erased are the erased state (0.055917ms)
✔ copy: every locale has the same keys, the ads box discloses that sent events cannot be recalled (2.175917ms)
✔ selected option photo uses a main display slot without adding a fifth main image (1.332625ms)
✔ use-cover selection and a main-thumbnail selection restore the original main gallery (0.128333ms)
✔ cart thumbnail uses variant then catalog image_id, including when main images are absent (0.107333ms)
✔ migrated four-main/five-detail images stay separate when the option photo changes (0.127084ms)
✔ real cart-detail composition uses server SKU image_id (v2 detail available) (334.13425ms)
✔ real cart-detail composition uses server SKU image_id (v2 detail unavailable) (1.086208ms)
✔ parity: frontend caps equal the Go constants (3.345333ms)
✔ detail parser: 4 main + 20 detail + option-value images are accepted and mapped (0.68175ms)
✔ detail parser: 5 main, 21 detail, bad ids and over-cap option images are refused (0.141292ms)
✔ detail parser: a backend before product-media-v2 (no new keys) still parses with empty defaults (0.078666ms)
✔ v1 catalog row: images are main-only (<= 4) and image_id is a uuid or null (0.188292ms)
✔ PRO-S1 code mirror: any case and spaces normalise; impossible codes never become a request (5.653ms)
✔ PRO-S2 promotion object: closed keys, kind/value pairing (0.342959ms)
✔ PRO-S3 quote validator: promotion is optional but never malformed; the discount stays the server's own number (1.512166ms)
✔ PRO-S4 journal grammar: a quote write may carry one canonical promo_code, nothing else (2.240042ms)
✔ PRO-S5 copy: three locales cover every refusal code and the same keys (0.774667ms)
✔ PRO-S6 BFF quote route: promo_code relayed untouched when canonical, refused before the private API otherwise (55.847334ms)
✔ PRO-S7 BFF: every promo_* refusal is a definite, non-retryable 422 with its own code (105.371375ms)
✔ demonstration disclosure is explicit and local-only (0.593958ms)
✔ cart selection preserves unrelated SKUs and the observed CAS version (7.480666ms)
✔ minor amounts are bounded before multiplication, including zero (0.087042ms)
✔ delivery identity includes country for one market and method (0.06275ms)
✔ journal is bound to context and rejects PII/unknown fields (0.222916ms)
✔ lost response replays exact key/body, then clears only after parsed receipt (141.638333ms)
✔ RUI02 buyer order admits MERCHANT_SHIPPED only with a SHIPPED head; absent shipment ≡ null (1.547875ms)
✔ RUI02 shipment shape negatives (incl. unsafe links) (1.701166ms)
✔ RUI02 history summary admits MERCHANT_SHIPPED (a shipped order must not break the list) (0.308583ms)
✔ CVSP01 options: CVS rows carry pickup_selection/payment_modes; unavailable rows are a separate shape (0.43275ms)
✔ CVSP02 CVS destination write: TW only, pickup_id required, empty home address; home unchanged (4.565208ms)
✔ CVSP03 checkoutInput: payment_mode only for CVS rows and only a mode the row offers (0.394959ms)
✔ COD confirmation includes expected fee, enforces collect cap and validates immutable order money (0.290875ms)
✔ CVSP04 buyer order: pay_at_pickup <=> collection_state; cvs_shipment only on a matching CVS destination (0.215667ms)
✔ CVSP05 journal accepts a CVS destination marker and a checkout body with payment_mode, nothing else (0.1835ms)
✔ validProduct accepts up to the Go photo cap and rejects one more (1.61725ms)
✔ design: garbage and hostile documents collapse to the safe default shape (3.618334ms)
✔ design: links, preview token propagation, nav resolution (0.164166ms)
✔ design: any merchant accent yields readable button text and link colour (WCAG AA) (0.343542ms)
✔ variants: resolution, disabled out-of-stock combinations, initial choice, price bounds (0.185083ms)
✔ catalog-v2 parsers accept the frozen shapes and refuse drift (57.210584ms)
✔ free-delivery progress words the hint only when a threshold exists (1.170125ms)
✔ list query: only whitelisted, canonical values survive (3.029583ms)
✔ seo: JSON-LD cannot break out of its script tag; offers reflect stock and price range (178.976042ms)
✔ seo: sitemap escapes and carries hreflang; robots refuses everything for a closed host (0.189375ms)
✔ money: whole amounts drop cents, minor digits come from the currency, filters round-trip (0.370292ms)
✔ cart line write: replaces one line, keeps the others, 0 removes, CAS version is the one shown (3.789792ms)
✔ cart problems map to buyer-facing classes without leaking transport detail (0.10175ms)
✔ checkout options accept the optional free-shipping threshold only as a positive integer or null (0.209375ms)
✔ no-image placeholder copy: exactly the locale label a photo-less card or gallery renders (0.061583ms)
✔ storefront image caps equal the Go catalog caps (internal/catalog MaxMainImages, MaxDetailImages) (32.128208ms)
✔ design text limits count code points like Go, never splitting a surrogate pair (0.26925ms)
✔ G3: same-series cards exclude the current product and never invent absent draft/foreign products (3.793791ms)
✔ G5: safety guidance exists in three languages without changing the five merchant policy approval boundaries (1.7805ms)
✔ G4: category chips omit empty collections; hidden collections absent from the public API stay absent (0.169625ms)
✔ dictionaries have exact parity and non-empty values (1.022834ms)
✔ locale precedence and language quality mapping (0.677292ms)
✔ localized paths preserve deep links and reject dangerous input (0.346125ms)
✔ path locale only matches a canonical first segment (0.049833ms)
✔ the four constructs render (0.841792ms)
✔ XSS payloads stay inert text (1.775625ms)
✔ fuzz: any string over a hostile alphabet renders only whitelisted tags (22.729292ms)
✔ validator mirrors the Go rules (0.239958ms)
✔ SDN1 allowlist: exactly the contract routes, per method (2.339375ms)
✔ SDN1 allowlist: traversal, case, suffix and prefix tricks never match (3.710292ms)
✔ SDN1 request shape: no query string anywhere, reads carry no body, key, length or transfer-encoding (119.511625ms)
✔ SDN1 cap: 260 KiB = Go's 256 KiB document + 4 KiB envelope, and a body of exactly the cap is still below it (0.057041ms)
✔ SDN2 renderer: every XSS payload comes out as whitelisted tags and escaped text only (0.713917ms)
✔ SDN2 renderer: escape-first means the merchant's text never becomes markup (1.658625ms)
✔ SDN2 renderer: fuzz (seeded) never produces a tag outside the whitelist (209.001167ms)
✔ SDN2 client validator rejects what the server rejects (HTML, non-https links, `<` anywhere) (0.810625ms)
✔ cleanForSave turns cleared fields into null but keeps an empty body (5.539792ms)
✔ localIssues names each missing mandatory value by server path (1.359959ms)
✔ moved swaps neighbours and ignores out-of-range moves (0.095458ms)
✔ parsers accept the exact Go shapes and refuse extra or missing keys (0.412542ms)
✔ BFF allowlist covers exactly the design resources (0.2485ms)
✔ validDesignRequest refuses queries and bodies on reads, ignores other paths (149.345791ms)
✔ designDetails forwards only a bounded {path, reason} pair (0.202458ms)
✔ accepts exactly the three locale invite paths with a 20-200 char token (0.56025ms)
✔ rejects anything that is not an exact same-origin relative invite path (0.092ms)
✔ rejects percent-encoded variants of the exact shape (0.200917ms)
✔ the token is an opaque invite token shape, never a URL (0.333875ms)
✔ fragment carrier: round-trips the exact invite path, is never a query string, and rejects hostile fragments (0.245791ms)
✔ dashboard: accepts the frozen shape, rejects drift (5.506667ms)
✔ import result: strict keys, closed error codes, committed never carries errors (0.408167ms)
✔ csv file guard mirrors the Go bounds (0.085458ms)
✔ manual options: a COD home row parses with its offer (D01: the page used to refuse the whole list) (1.235125ms)
✔ manual options: only bank_transfer / pay_at_pickup / cash_on_delivery, key must equal market|country|code (0.175084ms)
✔ manual result: link is https with the order id and a 43-char capability in the fragment only (0.936084ms)
✔ draft: first problem, and the body has no price-like field at all (1.585541ms)
✔ BFF grammar: exactly the seven tools resources (0.141334ms)
✔ regenerate body/result: exactly {order_id, locale} and a fresh https link naming that order (0.206125ms)
✔ copy parity: every locale has every key, import rules and error codes (0.438833ms)
✔ callback redirect target is always a same-origin /<locale>/settings path whatever the cookies, store, code or error say (4.073333ms)
✔ the binding cookie: exactly one canonical store uuid, path-scoped to the callback, HttpOnly, Lax, 10 minutes, Secure (0.124333ms)
✔ callback query: exactly one code and one state within charset/length bounds; Meta's error=… and repeats are not forwarded (1.503666ms)
✔ the dialog URL the BFF hands the browser is https://www.facebook.com only (0.19925ms)
✔ callback error mapping only ever yields fixed codes, never an upstream message (0.471083ms)
✔ selected Page qualifies only a bare Facebook id, never rewrites another Page or external URL (0.513709ms)
✔ status: not connected, connected with and without Instagram, and every deviation throws (1.768667ms)
✔ pick state: closed shape, optional Instagram keys come as a pair, id must match (0.292458ms)
✔ route grammar: only status/states/pick/disconnect; start and callback are dedicated routes; no query; reads carry no body or key (21.6895ms)
✔ connect cookie, body and callback redirect never carry code/state and only fixed codes (0.3235ms)
✔ copy: three locales have the same keys and every Go error code has a message (0.096ms)
✔ review-required remains restricted; evidence does not promote state (0.601791ms)
✔ legacy omission remains unidentified, independent of array order (0.168708ms)
✔ closed shapes reject unknown state/provider/evidence, leaked fields and inconsistent severity (0.206667ms)
✔ duplicate capabilities/pages and unbounded arrays cannot become trusted state (0.095ms)
✔ worst Page determines advice, no raw upstream reason reaches copy (0.111125ms)
✔ recheck receipt means scheduled; timestamps and closed keys are checked (0.090334ms)
✔ exact keyless route grammar rejects query/key/body confusion (29.865167ms)
✔ recheck takes exactly page_id and no caller-provided scope (0.121667ms)
✔ blocking advice comes from the blocking capability, not a secondary public-reply warning (0.096958ms)
✔ clean health browser mode prepares admin standalone before starting its fixture (8.030792ms)
✔ en: expired connection retains its full refusal inside a wrapping badge (10.538292ms)
✔ zh-TW: expired connection retains its full refusal inside a wrapping badge (0.943375ms)
✔ zh-CN: expired connection retains its full refusal inside a wrapping badge (0.655375ms)
✔ actual B1 snapshot state remains ok even when a fixture expected review_required (0.08025ms)
✔ D02 TWD input: whole dollars only, x100 on the wire (209.902ms)
✔ D02 TWD edit text: whole dollars have no decimals; a legacy amount with cents is never shown as another price (49.26675ms)
✔ D02 display: NT$ without decimals in every language, cents only when there are cents (34.240292ms)
✔ D02 live-price input (Studio claims): TWD whole dollars, other currencies their decimals (0.68925ms)
✔ D02 discount code amounts: TWD whole dollars, a decimal is refused before it is sent (1.930084ms)
✔ D02 no admin copy or component says 'minor units' to the merchant (146.447209ms)
✔ M06 time: Asia/Taipei everywhere, labelled, never UTC (35.147875ms)
✔ settings answer: exactly one boolean key (1.661708ms)
✔ PUT body is the frozen single key (0.075709ms)
✔ BFF grammar: GET read, PUT keyed command, nothing else (0.184209ms)
✔ copy: three locales, same keys, no empty text (0.117583ms)
✔ PRM01 parse: exact keys, kind/value pairing and ranges; duplicates and unknown keys are refused (3.182625ms)
✔ PRM02 Taipei wall time: +08:00 on the wire, instant shown back in Taipei, impossible dates refused (20.536875ms)
✔ PRM03 create body: normalised code, major units to minor units, optional fields null, whole body validated (5.43ms)
✔ PRM04 update + toggle: version CAS key, form round trip, pause keeps every other field (2.170458ms)
✔ PRM05 BFF grammar: exactly list, create and update; nothing generic (0.248166ms)
✔ PRM06 copy: three locales carry the same keys and every refusal code the Go routes can answer (0.141459ms)
✔ G-UI3/G-UI5 architecture constraints pass with shrinking legacy exceptions (1522.9365ms)
✔ G-UI3/G-UI5 negatives: new formatter, component fetch, >800 lines and wider allowance fail (0.869375ms)
✔ Readiness jump controls expose the actual active section, not a click flag (1.182959ms)
✔ Integrator P2: legal CN comment ordering and a distinct three-image recommendation (0.172667ms)
✔ ADM04 and ADM06 explain unavailable SKUs and keep collection vocabulary consistent (1.177083ms)
✔ ADM06 create/detail titles share the route vocabulary without adding a phantom Next page (0.734333ms)
✔ G-UI1 Next pages and route registry are bidirectional, unique, typed, documented (4.438916ms)
✔ G-UI1 copy key parity: no missing or extra key in any locale (0.169166ms)
✔ G-UI2 staff without catalog:read cannot see products/inventory or open a product URL (0.192375ms)
✔ G-UI2 every route permission is a permission Go knows, and /orders/new needs inventory:reserve (330.217375ms)
✔ G-UI1 dynamic and public routes match, details never appear as navigation (0.8115ms)
✔ W6-U2 ledger is a settings in-page route, preserving existing navigation (0.30275ms)
✔ Every browser spec clicks nav-orders: the orders group stays a singleton, so returns/new/print routes are nav: false (3.364625ms)
✔ created address is a strict HTTPS origin matching the assigned handle (0.492458ms)
✔ DNS instructions must name the requested origin and a bare hostname target (0.266167ms)
✔ domain kind is authoritative and closed, not inferred from host or token (0.132542ms)
✔ apex DNS retains every concrete IPv4/IPv6 address and rejects malformed values (0.486666ms)
✔ pending domain journal preserves exact action/key/target; legacy or corrupt markers never replay (0.403334ms)
✔ browser-origin gate: every refusal happens before Go is called, for every action (46.321ms)
✔ only POST exists on the team routes (4.832541ms)
✔ unknown action is a local 404 and never reaches Go (2.841667ms)
✔ strict request grammar: wrong keys, types, ids, roles, locales and token shapes are 422 locally (15.789792ms)
✔ what reaches Go: BFF key, bearer from the cookie, no Cookie/Origin, body unchanged, exactly one call per request (346.725417ms)
✔ Go failures are rebuilt locally from allow-listed codes, never retried, and never echo the token (58.258417ms)
✔ team answer: accepts the frozen shape, null role and OIDC member without email (0.703666ms)
✔ team answer: unknown key, unknown role, bad id, bad mail state are rejected (0.295292ms)
✔ invite and accept answers are strict (0.385083ms)
✔ request grammar: every action has an exact key set and rejects junk values (0.206625ms)
✔ copy: three locales carry the same keys and a label for every role (0.479458ms)
✔ role-aware navigation: hides entries the member's permissions cannot use; unknown shows all; Team is owner-only (0.221375ms)
✔ P02 settlements directory rejects missing/link/owner/group/mode with a valid control (906.847459ms)
✔ preflight health permission grammars and API/worker consistency fail closed (3327.530917ms)
✔ merchant alert flag is explicit 0|1 and independently requires SMTP (2234.532125ms)
✔ shared loader makes API/worker LIVE pair file-only before Compose interpolation (360.070667ms)
✔ export bind accepts omitted JSON false but rejects unsafe source/config mutations (1.27325ms)
✔ sanctioned operator allowlist and fail-closed gates (fake docker, no network) (1769.713458ms)
✔ platform operator custody, export mount and binary are wired (156.065583ms)
✔ actual export bind refuses a missing directory; enabling auto-create is detected (340.8ms)
✔ R3 preflight rejects cancelled PAYUNi, validates Page app and keeps LIVE pair mandatory (984.937125ms)
✔ R3 smoke exercises exact denied probes, accepts 404 only for disabled mounts (96.990125ms)
✔ positive control: a complete, valid configuration raises no META_LOGIN finding (746.16975ms)
✔ feature off (COMMERCE_META_LOGIN_CONFIG_ID empty): no rule applies even with the other keys empty (543.274334ms)
✔ P06: the Page route needs the webhook receiver (388.478375ms)
✔ P06: sessions come from identity (438.345416ms)
✔ P06: without the claims profile nobody sends the private replies (a WARN, not a FAIL) (344.197291ms)
✔ P08: COMMERCE_META_LOGIN_CONFIG_ID must be numeric ("abc") (276.984333ms)
✔ P08: COMMERCE_META_LOGIN_CONFIG_ID must be numeric ("12 34") (274.964209ms)
✔ P08: COMMERCE_META_LOGIN_CONFIG_ID must be numeric ("111111111111") (282.785792ms)
✔ P08: COMMERCE_META_LOGIN_CONFIG_ID must be numeric ("0x10") (361.417208ms)
✔ P08: COMMERCE_META_LOGIN_CONFIG_ID must be numeric ("-1") (589.531208ms)
✔ P08: COMMERCE_META_LOGIN_REDIRECT_URI must be exactly https://<LC_ADMIN_HOST>/api/meta/callback (wrong host) (436.453209ms)
✔ P08: COMMERCE_META_LOGIN_REDIRECT_URI must be exactly https://<LC_ADMIN_HOST>/api/meta/callback (http scheme) (355.123458ms)
✔ P08: COMMERCE_META_LOGIN_REDIRECT_URI must be exactly https://<LC_ADMIN_HOST>/api/meta/callback (the ads callback path) (208.2995ms)
✔ P08: COMMERCE_META_LOGIN_REDIRECT_URI must be exactly https://<LC_ADMIN_HOST>/api/meta/callback (trailing slash) (213.502833ms)
✔ P08: COMMERCE_META_LOGIN_REDIRECT_URI must be exactly https://<LC_ADMIN_HOST>/api/meta/callback (query string) (212.047667ms)
✔ P08: COMMERCE_META_LOGIN_REDIRECT_URI must be exactly https://<LC_ADMIN_HOST>/api/meta/callback (empty) (229.269ms)
✔ P08: COMMERCE_META_LOGIN_GRAPH_VERSION grammar vNN.N ("26.0") (234.0365ms)
✔ P08: COMMERCE_META_LOGIN_GRAPH_VERSION grammar vNN.N ("v26") (270.200417ms)
✔ P08: COMMERCE_META_LOGIN_GRAPH_VERSION grammar vNN.N ("v26.0.1") (191.124791ms)
✔ P08: COMMERCE_META_LOGIN_GRAPH_VERSION grammar vNN.N ("latest") (181.931542ms)
✔ P08: COMMERCE_META_LOGIN_GRAPH_VERSION grammar vNN.N ("") (236.601166ms)
✔ P08: COMMERCE_META_LOGIN_GRAPH_VERSION grammar vNN.N ("v1000.0") (254.145709ms)
✔ P08: COMMERCE_META_LOGIN_GRAPH_VERSION accepts v26.0 (322.647291ms)
✔ P08: COMMERCE_META_LOGIN_GRAPH_VERSION accepts v22.0 (211.753708ms)
✔ P08: COMMERCE_META_LOGIN_GRAPH_VERSION accepts v99.9 (190.803834ms)
✔ production without any alert channel is a FAIL (nobody would hear the next outage) (710.795959ms)
✔ outside production the same gap is only a WARN (543.682875ms)
✔ a webhook alone satisfies the rule (389.538709ms)
✔ an e-mail target with a complete relay (host, username, secret) satisfies the rule (436.069666ms)
✔ an e-mail target without the relay secret cannot be sent: FAIL in production, WARN elsewhere (617.43625ms)
✔ the example's CHANGE_ME_SENDER placeholder is not a relay: the e-mail target cannot be sent (296.680875ms)
✔ LC_ALERT_EMAIL must be one plain address ("not-an-address") (270.688875ms)
✔ LC_ALERT_EMAIL must be one plain address ("two@fake.invalid,three@fake.invalid") (355.775375ms)
✔ LC_ALERT_EMAIL must be one plain address ("a b@fake.invalid") (541.3355ms)
✔ LC_ALERT_EMAIL must be one plain address ("<owner@fake.invalid>") (471.973625ms)
✔ LC_ALERT_EMAIL must be one plain address ("owner@fake") (358.388792ms)
✔ storefront cart-line removal is reversible: clicked for real, not guarded (2.301166ms)
✔ destructive / irreversible / sign-out classification (owner list, en + zh) (2.024583ms)
✔ alike controls (rows with ids / numbers) share one class key (0.428292ms)
✔ known defects classify, never silence: stale entries are reported (8.013125ms)
✔ the markdown ledger has one row per interaction and names the verdict (0.840208ms)
✔ protocolHrefOK accepts well-formed tel:/mailto: and rejects malformed ones (0.623416ms)
✔ J1 waits for enabled media and clicks a real chooser; the uploaded cover is bound to the main section (1142.932708ms)
✔ J1 cannot credit a detail-image receipt as the main cover (2.142917ms)
✔ J1 refuses a failed cover upload rather than continuing to activate (0.522334ms)
✔ thresholds are the named constants of the brief (1.147667ms)
✔ R1: document wider than the viewport, and the outermost element past the edge (0.658ms)
✔ R2: label tops, control tops and control heights of one visual row (2.059584ms)
✔ R2: what is one row and what is not (0.198125ms)
✔ R2: a button beside a field has to line up with its control (0.820417ms)
✔ R3: a row made tall by stacked controls, a control wider than its cell (0.546917ms)
✔ R3: a matrix whose EVERY row is doubled by a stacked stock cell (the median cannot see it) (0.245834ms)
✔ R4: small text, helper text apart, icons and duplicates excepted (0.128875ms)
✔ R5: tap targets on the 390 viewport only (3.748375ms)
✔ R6: interactive elements and text boxes that overlap (2.188083ms)
✔ R7: text clipped inside a control or label (either side), and select values that do not fit (3.02075ms)
✔ R8: the same visible label twice in one list (0.152084ms)
✔ evaluate() tags severity, selectRecords() keeps distinct groups first and counts every instance (1.051875ms)
✔ R9: text and controls flush to the screen edge at 390 (0.471583ms)
✔ R6/R9 judge the visible (ancestor-clipped) rectangle, not the raw one (integrator ruling 2026-10-05) (0.594875ms)
✔ R10: a fixed or sticky bar covering main content after scrolling (1.24125ms)
✔ R11: controls narrower than a usable width (1.15425ms)
ℹ tests 418
ℹ suites 0
ℹ pass 418
ℹ fail 0
ℹ cancelled 0
ℹ skipped 0
ℹ todo 0
ℹ duration_ms 12209.333625
✔ closed projections reject secret-shaped extras, invalid enums, IDs and contradictory capabilities (0.815917ms)
✔ detail accepts only bounded events and keeps actual server action flags (0.379625ms)
✔ BFF exact routes and request grammar forbid keys/body on reads, filters on detail and arbitrary writes (9.700333ms)
✔ copy parity, safe object navigation and UNKNOWN/protective reasons (0.167125ms)
✔ read-only store capability never exposes a command even if the state allows one (0.058292ms)
✔ duplicate escaped keys cannot bypass the exact command grammar (0.044208ms)
✔ query backoff affects only its operation and expires without another action (0.050542ms)
✔ merchant reason text translates ledger events and conceals unknown or prototype codes (0.098417ms)
✔ ledger read navigation requires effective integration:read permission regardless of role (0.07425ms)
ℹ tests 9
ℹ suites 0
ℹ pass 9
ℹ fail 0
ℹ cancelled 0
ℹ skipped 0
ℹ todo 0
ℹ duration_ms 87.567125
✔ legacy display sentinels preserve a list row without admitting arbitrary or private data (1.9525ms)
✔ orders-v2 accepts bounded filters and Taipei inclusive dates; rejects ambiguity (0.429708ms)
✔ orders-v2 rejects client count approximations, unbounded or extra response data (0.145417ms)
✔ all three locales label every task queue, payment and delivery mode (0.282917ms)
ℹ tests 4
ℹ suites 0
ℹ pass 4
ℹ fail 0
ℹ cancelled 0
ℹ skipped 0
ℹ todo 0
ℹ duration_ms 73.639917
✔ numeric store IDs have no suggestion BFF or browser client (1.499375ms)
ℹ tests 1
ℹ suites 0
ℹ pass 1
ℹ fail 0
ℹ cancelled 0
ℹ skipped 0
ℹ todo 0
ℹ duration_ms 59.43375
✔ ADM10 operator sentence is localized while product and company facts stay authoritative (0.357709ms)
✔ PS review: actual Host matching normalizes case, port and a terminal DNS dot, never forwarded authority (0.213625ms)
✔ PS review: privacy/terms retain Messenger and Instagram purpose disclosure; deletion uses exact UI labels (0.089375ms)
✔ P2-N1 zh-TW/privacy: current comments and private reply, conditional inbound messages (0.072917ms)
✔ P2-N1 zh-TW/terms: current comments and private reply, conditional inbound messages (0.05675ms)
✔ P2-N1 zh-CN/privacy: current comments and private reply, conditional inbound messages (0.062125ms)
✔ P2-N1 zh-CN/terms: current comments and private reply, conditional inbound messages (0.052916ms)
✔ P2-N1 en/privacy: current comments and private reply, conditional inbound messages (0.05ms)
✔ P2-N1 en/terms: current comments and private reply, conditional inbound messages (0.044667ms)
✔ PS1 legal identity is one untranslated source (0.089667ms)
✔ PS1 contact and hosts come only from configuration; production fails closed (0.351625ms)
✔ PS2 public routes default to zh-TW, restrict page/locale, and never include admin (0.3575ms)
✔ PS4 optional Meta verification value never has a fake default (0.048875ms)
✔ PS1 every locale uses the same product name in auth page titles (0.04075ms)
✔ PS1 public page copy has three complete locales, no invented operator identity or contact (0.186125ms)
✔ PS1 production build validates config; public data is not bundled through NEXT_PUBLIC (0.72025ms)
✔ PS review: admin image installs the manifests for its workspace dependencies before building (0.337584ms)
ℹ tests 17
ℹ suites 0
ℹ pass 17
ℹ fail 0
ℹ cancelled 0
ℹ skipped 0
ℹ todo 0
ℹ duration_ms 73.793625
✔ R11 SQL's exact receipt states are accepted; missing/forged operation/state remains unknown (0.701292ms)
✔ R11 durable receipt journal validates phase against exact operation state (0.327917ms)
✔ R11 actual read control distinguishes replay/inflight/unknown/failure in en (4.166542ms)
✔ R11 actual read control distinguishes replay/inflight/unknown/failure in zh-TW (0.676ms)
✔ R11 actual read control distinguishes replay/inflight/unknown/failure in zh-CN (0.551708ms)
✔ unknown journal retains exact key/boundary and is scoped to store+session; malformed state fails closed (0.145292ms)
✔ R12 read hook keeps network UNKNOWN on one key and explicitly refreshes acknowledged UNKNOWN (10.423041ms)
✔ actual POST transport uses CSRF and session fence; 403 independent of response text (15.245625ms)
✔ R10 ROAS has exactly two decimals in en (8.780791ms)
✔ R10 unknown ROAS is never fabricated as zero in en (0.075833ms)
✔ R10 ROAS has exactly two decimals in zh-TW (0.14325ms)
✔ R10 unknown ROAS is never fabricated as zero in zh-TW (0.039125ms)
✔ R10 ROAS has exactly two decimals in zh-CN (0.124208ms)
✔ R10 unknown ROAS is never fabricated as zero in zh-CN (0.030084ms)
✔ shared presentation preserves registry title and one empty buyer message in en (22.612375ms)
✔ R11 large linked-draft list is complete but collapsed in en (3.06375ms)
✔ shared presentation preserves registry title and one empty buyer message in zh-TW (5.164458ms)
✔ R11 large linked-draft list is complete but collapsed in zh-TW (2.390916ms)
✔ shared presentation preserves registry title and one empty buyer message in zh-CN (4.955458ms)
✔ R11 large linked-draft list is complete but collapsed in zh-CN (2.341375ms)
✔ R11 timeline distinguishes local unknown spend from explicit Meta zero in en (2.662042ms)
✔ R11 timeline distinguishes local unknown spend from explicit Meta zero in zh-TW (2.828958ms)
✔ R11 timeline distinguishes local unknown spend from explicit Meta zero in zh-CN (1.825542ms)
✔ R11 I12 nullable Meta evidence survives without becoming zero (0.184291ms)
✔ R11 actual panel rendering preserves unknowns and reconnect route in en (9.899334ms)
✔ R11 actual panel rendering preserves unknowns and reconnect route in zh-TW (10.133292ms)
✔ R11 actual panel rendering preserves unknowns and reconnect route in zh-CN (11.254667ms)
✔ D1, D6, R7: exact amounts and sources remain independent, account days stay labelled (0.18825ms)
✔ R12: null stays unknown and unread / unauthorised / insufficient remain different states (0.227584ms)
✔ R12 granted but unread audience offers a read, never reconnect in en (1.562292ms)
✔ R12 granted but unread audience offers a read, never reconnect in zh-TW (1.563834ms)
✔ R12 granted but unread audience offers a read, never reconnect in zh-CN (1.526583ms)
✔ I12 forged / missing frozen fields never silently become zeros (0.913917ms)
✔ only whitelisted aggregates survive: extra identifiers and HTML are never interpreted (0.069916ms)
✔ attribution is a read-only BFF resource with exact bounded query grammar (0.313709ms)
✔ audience-read is exactly the new local intention POST and never a data GET or queried write (0.216375ms)
✔ route fails closed without ads:read and is not a duplicate navigation entry; locale keys match (0.093625ms)
ℹ tests 37
ℹ suites 0
ℹ pass 37
ℹ fail 0
ℹ cancelled 0
ℹ skipped 0
ℹ todo 0
ℹ duration_ms 374.404708
✔ card-payments copy: identical key sets in all three locales (1.129334ms)
✔ merchant terms are quoted verbatim (contract §5) in the enable dialog (0.103041ms)
✔ ruling-fixed strings: platform not OPEN and BLOCKED note (0.041417ms)
✔ error map covers every frozen refusal code from migrations/0137 (0.067334ms)
✔ no Stripe account id, key or approval id shape appears in any copy string (0.229333ms)
✔ storefront collector disclosure matches contract §5 templates in three languages (0.05625ms)
✔ the merchant terms in the dialog are the contract §5 sentence, extracted from the contract (0.093ms)
✔ the storefront templates are the contract §5 lines, extracted from the contract (0.11025ms)
✔ settlement copy: deduction columns are labelled as deductions in every language, with a legend and the net formula (0.291292ms)
✔ there is no separate 'not on the allowlist' message: it reads as not open (review P1-2) (0.088833ms)
✔ card summary accepts the frozen shape incl. all-null platform NONE (0.8275ms)
✔ card summary rejects unknown keys, bad enums, bad money, bad version (0.285667ms)
✔ card result is exactly {state, version, max_minor, currency, descriptor_preview} (0.09075ms)
✔ descriptor suffix rule: charset, 2..10 chars, must contain a letter (0.126041ms)
✔ the suffix length rule is the charset rule's 10; the 22-character descriptor total stays the server's (SANDBOX L=10, LIVE PrefixLength) (0.056292ms)
✔ descriptor preview mirrors the contract projection (base + '* ' + suffix) (0.055708ms)
✔ settlement list accepts statements without payout/lines keys (omitempty) (0.40725ms)
✔ settlement detail carries lines whose count and sums match the totals (0.335459ms)
✔ settlement parsers reject malformed reads (3.036209ms)
✔ fees, refunds and disputes are signed exactly as the ledger stores them (0.18525ms)
✔ a returned fee is a positive line fee; the detail's lines must add up to the statement totals (0.457167ms)
✔ closed_at/paid_at accept the offsets PostgreSQL emits as well as Z (0.264625ms)
✔ a payout reference shaped like a Stripe key or account id is never displayed (0.193459ms)
✔ platform not OPEN: 'not open yet' and no enable control, for every non-OPEN state; the platform badge still tells why (0.430041ms)
✔ allowlisted + OPEN: enable from NONE/DISABLED, disable from ENABLED (0.06825ms)
✔ not allowlisted on an OPEN platform reads exactly like not open: the same message, no 'platform open' badge, no enable (review P1-2) (0.087291ms)
✔ BLOCKED: the suspended note, disable only, never enable (whatever the platform says) (0.0695ms)
✔ without billing:manage nothing can be changed, but the state is still readable (0.043416ms)
✔ enable carries the platform's current terms, the suffix and the version read; NONE starts at 0 (0.07ms)
✔ disable never sends a suffix and quotes the terms the store accepted (the platform's may have moved on) (0.034167ms)
✔ a retained suffix is recovered from the final preview so a re-enable can keep it (0.036084ms)
✔ the period label shows the last day inside the (exclusive-end) week (0.577541ms)
✔ payout state: paid, pending only when money is due, none when the week nets to zero or less (0.047917ms)
✔ card-payments and settlements are nav:false routes, so no group loses or gains a nav button (0.140959ms)
✔ settlements need billing:manage, the card page integration:read; the owner opens both (0.113167ms)
✔ statement cells: a dispute reversal and a returned fee read as credits (+) and every deduction as -, and the columns add up to the server's net (10.846459ms)
✔ the detail parser requires the lines of a statement that has lines; a quiet week (line_count 0) may omit them (0.121625ms)
✔ route table: exactly the four resources, nothing generic (0.499708ms)
✔ query grammar: card and settlement-detail are exact; settlements takes before/limit only (0.226625ms)
✔ request fence: keyless PUT (CAS), bodyless GETs, no transfer-encoding (19.04275ms)
✔ PUT body is the exact frozen shape {enabled, terms_version, descriptor_suffix, expected_version} (0.471583ms)
✔ the BFF route wires the card grammar: keyless CAS PUT, exact body, no-store, auth required (1.1055ms)
✔ the real card summary parses and drives the display state machine (1.649792ms)
✔ the real statement list parses: newest first, no lines, three payout states (1.00175ms)
✔ every real detail parses with its lines and the lines add up to the statement (0.927209ms)
✔ an empty ledger parses to no statements (0.234334ms)
✔ no account id, key or approval shape is in any real body (0.372417ms)
✔ the real statements display literally as signed contributions that add up to the server's net (15.372875ms)
ℹ tests 48
ℹ suites 0
ℹ pass 48
ℹ fail 0
ℹ cancelled 0
ℹ skipped 0
ℹ todo 0
ℹ duration_ms 151.648709
✔ option/slug/SKU caps equal internal/catalog (options.go, catalog.go) (19.257084ms)
✔ text caps equal the Go validators (name 120, description 8000, SEO 70/160, collection title 80) (4.471667ms)
✔ photo caps equal Go (MaxMainImages, MaxDetailImages, MaxImageBytes) and the SKU code pattern (2.257458ms)
✔ PE13 Cartesian matrix is local, preserves edits and deduplicates values (1.554958ms)
✔ PE13 bulk quantity skips negative rows without modifying them (0.152375ms)
✔ PE12 untracked document uses whole currency and per-order cap, never quantity (10.700291ms)
✔ PE14 missing readback is not guessed or silently cleared by full replacement (0.059875ms)
✔ bulk status accepts explicit per-item results, never empty or duplicated confirmations (0.19375ms)
✔ matrix refuses over 100 SKUs before expansion (0.07725ms)
✔ parity: admin caps equal the Go constants (11.058708ms)
✔ image list: 4 main + 20 detail + 2 sku in role order is accepted (2.871334ms)
✔ image list: 5 main, 21 detail, wrong role order, gaps and extra keys are refused (0.966333ms)
✔ single image: role is required and its position is bounded by the role cap (0.090459ms)
✔ option text limits count Go runes rather than UTF-16 units (0.791584ms)
✔ PE14 new edit SKU carries its own shipping and clears no existing fields (14.975834ms)
✔ PE14 patch changes only price and preserves unmentioned fields (0.20575ms)
✔ PE14 on_hand is not available, zero target is transmitted, ambiguous warehouse refuses (0.289667ms)
✔ PE14 explicit clears and shipping remain per SKU on an active row (0.12125ms)
✔ PE14 archive supersedes every other edit on that SKU (b77eeb11) (0.151375ms)
✔ PE14 no-op has no command fields and changed axes explicitly archive omitted variants (0.097792ms)
ℹ tests 20
ℹ suites 0
ℹ pass 20
ℹ fail 0
ℹ cancelled 0
ℹ skipped 0
ℹ todo 0
ℹ duration_ms 123.895833
(node:99547) ExperimentalWarning: Transform Types is an experimental feature and might change at any time
(Use `node --trace-warnings ...` to show where the warning was created)
✔ UNKNOWN retry client authorization loss requires reconciliation, not a fresh command (3.24825ms)
✔ UNKNOWN retry 401 authorization loss requires reconciliation, not a fresh command (9.66575ms)
✔ UNKNOWN retry 403 authorization loss requires reconciliation, not a fresh command (1.302916ms)
✔ a conclusive command rejection stays distinct from authorization loss (0.980458ms)
ℹ tests 4
ℹ suites 0
ℹ pass 4
ℹ fail 0
ℹ cancelled 0
ℹ skipped 0
ℹ todo 0
ℹ duration_ms 131.571292
NOT_RUN: tests/media/r04-input-runner.test.mjs (COMMERCE_R04_LIVEKIT_BINARY unset)
✔ main/detail/sku caps use the existing frozen image contract (0.633458ms)
✔ phone and tall dimensions fit2000 without enlarging small assets (0.144958ms)
✔ upload query requires one exact role and sku value; reads/actions carry no query (0.385958ms)
✔ role transport encodes current option values and refuses invalid identities (0.158833ms)
✔ effective image axis follows current options, then falls back to first (0.064458ms)
✔ detail and option photos cannot satisfy the main-photo recommendation (0.060125ms)
✔ PM-U copy has matching keys in ja and all currently routed locales (0.122666ms)
✔ real-upload mode builds both Next applications on a clean CI checkout (9.541583ms)
✔ upload recovery journal survives a new session while remaining product/store scoped (0.138708ms)
✔ an option upload receipt requires its captured axis, value and image id on canonical readback (0.1175ms)
✔ failed durable recovery storage cannot authorize a media write (0.079125ms)
✔ an active product needs a main image after canonical media is known; repair paths stay possible (0.051958ms)
✔ empty media sections render a readable localized placeholder until photos are present (4.774708ms)
✔ real-upload mode never exits through the storefront MOCK shortcut (7.202416ms)
✔ a valid active zero-main product keeps an inline repair hint rather than a page error (4.252667ms)
✔ a new product issues the image-axis stage only for a chosen axis (1.021791ms)
ℹ tests 16
ℹ suites 0
ℹ pass 16
ℹ fail 0
ℹ cancelled 0
ℹ skipped 0
ℹ todo 0
ℹ duration_ms 245.548458
(node:99592) ExperimentalWarning: Transform Types is an experimental feature and might change at any time
(Use `node --trace-warnings ...` to show where the warning was created)
✔ a fitting PNG keeps the exact original File, bytes and alpha-capable format (0.803833ms)
✔ a JPEG exactly at both limits remains original, not a lossy re-encode (0.237459ms)
✔ an oversized phone JPEG is encoded below the cap after oriented scaling (0.54225ms)
✔ a large transparent PNG stays alpha-capable and is never painted with an opaque matte (0.533625ms)
ℹ tests 4
ℹ suites 0
ℹ pass 4
ℹ fail 0
ℹ cancelled 0
ℹ skipped 0
ℹ todo 0
ℹ duration_ms 88.72525
✔ HTTPS picklist fixture carries Secure session cookies automatically while preserving CSRF refusals (71.019375ms)
✔ batch controls stay compact until an order selection or live-session scope exists (0.132875ms)
✔ selection has XOR bodies, canonical unique IDs and separate 500/100 limits (0.325125ms)
✔ cross-page selection retains existing rows, deduplicates and refuses overflow atomically (0.668ms)
✔ pick projection rejects PII/extra keys, invalid quantities and unmatched order identities (0.507791ms)
✔ batch replies bind one-for-one to confirmed orders and preserve uncertainty code (0.11775ms)
✔ pick/export POSTs reject keys and all query variants except one exact template (1.630292ms)
✔ CSV filename binds to selected template and store; no path/header injection (0.1525ms)
✔ MOCK browser fixture list matches the incumbent closed order parser (10.469708ms)
✔ recovery never clears an unknown or missing current attempt (0.128ms)
✔ recovery and order-detail MOCK fixtures satisfy real read parsers (9.769667ms)
✔ order selection can read its session fence during SSR without browser globals (0.894417ms)
✔ MOU keeps native headed checks runnable on a Linux CI worker without DISPLAY (11.711792ms)
ℹ tests 13
ℹ suites 0
ℹ pass 13
ℹ fail 0
ℹ cancelled 0
ℹ skipped 0
ℹ todo 0
ℹ duration_ms 323.693583
✔ exactly the nine W6-01B resources are admitted, each only under its own method (0.796667ms)
✔ the customer list is claimed only when a tag filter is present (customers-request.ts stays the owner otherwise) (0.089ms)
✔ near misses are refused (no generic proxying) (0.070834ms)
✔ reads: no body, no key, no transfer-encoding; tag-list takes no query at all (16.294208ms)
✔ customer-list query: closed keys, tag must be a canonical uuid, list bounds identical to customers-request (0.625333ms)
✔ note-list query: only limit and after, with the customers-list bounds (0.141709ms)
✔ writes: exactly one well-formed Idempotency-Key; the two DELETEs carry no body but still need the key (1.31575ms)
✔ validTagName mirrors Go (NFC first, 1..20, trimmed, no control/Cf) (1.304833ms)
✔ validNoteBody mirrors Go (1..1000, not blank, only \n \r \t controls) (0.210708ms)
✔ tag-create body: closed keys, valid name and one of the eight colors (0.181291ms)
✔ tag-patch body: at least one of name/color, nothing else (0.074167ms)
✔ owner-tags body: tag_ids (<=100 canonical uuids) + 64-hex revision, exact keys (0.119209ms)
✔ note bodies: create {body}; patch {body, version>=1}; deletes and reads carry no body at all (0.121583ms)
✔ parseTagCatalog decodes {items: TagRecord[]} with the store-catalogue bounds (0.646292ms)
✔ parseTagSet / parseDeletedTag / parseDeletedNote decode the frozen write receipts (1.438916ms)
✔ parseNoteRecord / parseNotePage decode notes with the Go note rules (2.90775ms)
✔ customer-tags copy: three locales, identical key sets, the integrator's ruled note-privacy text verbatim (0.331709ms)
✔ components wire the ruled copy and the tag/note controls the specs click (0.959125ms)
✔ tag read names must already be trimmed NFC and Unicode code-point bounded (0.115125ms)
✔ session change before network sends nothing (10.827208ms)
✔ session changes after network or during body parse drop the response (19.547417ms)
✔ transient session digest failure is settled only before dispatch (10.138583ms)
✔ lost response followed by a changed session is UNKNOWN after dispatch (9.802334ms)
✔ lost response does not auto-retry; explicit replay keeps method/key/payload/scope (10.103583ms)
✔ 5xx or malformed success is uncertain, coded refusal is settled (5.956417ms)
✔ passive tag/detail refresh preserves an unsaved new-note draft (26.734541ms)
✔ passive refresh updates visible notes but preserves edit draft and original CAS version (0.695666ms)
✔ explicit refresh signal clears old edit draft while passive array changes do not (3.336208ms)
✔ an unauthorized note read clears private note bodies and the draft (10.552625ms)
✔ a transient note read failure keeps the notes already shown (6.276167ms)
✔ an unauthorized note read signals the global logout once; a transient failure does not (14.997125ms)
✔ non-privacy writer: own notes keep Edit and Delete on a fresh mount, others' notes do not (2.777209ms)
✔ bad path/store/method/query/header is refused without authority or backend calls (19.677333ms)
✔ the actual proxy admits a tagged customer list with scoped search/cursor and rejects malformed tag authority (4.857334ms)
✔ signed-out/cross-store/Origin-CSRF denials short circuit before body or forwarding (0.333292ms)
✔ closed bodies and DELETE payloads cannot reach Go (1.023917ms)
✔ all write methods preserve exact key/body/store and private success status (1.332084ms)
✔ note pagination preserved and hostile backend errors/bodies sanitized (5.040625ms)
✔ badges are escaped server tag facts with human-readable names (4.196542ms)
✔ actual customer notes render privacy notice, safe content, author fallback and read-only permissions (10.100291ms)
✔ unknown permissions and erased customer never offer note mutations (1.06175ms)
✔ write-only notes permit add but not edit/delete of notes the server does not mark own; privacy permission permits both (1.384375ms)
✔ manager trigger and all three localized buyer-export notices render through actual components (2.058042ms)
✔ UNKNOWN survives settled unauthorized retry until trusted success; fresh run ignored (9.481333ms)
✔ UNKNOWN survives settled forbidden retry until trusted success; fresh run ignored (0.529833ms)
✔ UNKNOWN survives settled version_changed retry until trusted success; fresh run ignored (0.382834ms)
✔ first-attempt preflight refusal is settled and permits a fresh action (0.379166ms)
✔ UNKNOWN and in-flight retries prevent duplicate dispatch; unmount discards stale outcome (0.33525ms)
✔ an unauthorized write signals the global logout; forbidden does not (0.49775ms)
✔ a guarded read that ends signed-out signals the global logout once (11.045125ms)
✔ forbidden/unavailable failures and a successful read signal no logout (10.430333ms)
✔ exactly the eight report GETs are admitted; every other method or path is refused (2.095ms)
✔ report reads: query required, no body, no key, no transfer-encoding (21.683958ms)
✔ from/to: exactly once each, calendar-valid days, 0..91 apart (1.721ms)
✔ session_id: only on the funnel (json and csv), a canonical uuid, once (0.954917ms)
✔ parseProductReport: echoed range/zone, <=1000 rows sorted by net desc, net = captured - refunded (4.8215ms)
✔ parseChannelReport: closed vocabulary order, money per environment strictly ascending, I05 inside every bucket (0.395583ms)
✔ parseFunnelReport: nested counts, session echo, ordered_without_link bound (0.228541ms)
✔ parseManualReport: nullable principal/session ids, bucketed money like channels (0.165292ms)
✔ reports copy: three locales, identical key sets, the integrator's ruled money annotation verbatim (0.179459ms)
✔ Reports.tsx: four tabs, CSV per tab, ruled annotation, CSS/SVG charts only (no new dependencies) (3.226917ms)
✔ report CSV closed headers use actual Go slug, echoed dates and private no-store (0.951083ms)
✔ report response projection rejects unknown keys, mismatched range and non-private responses (4.081958ms)
✔ manual buckets follow Go's uncapped row count rather than a made-up 500-row limit (1.757209ms)
✔ display sorts only inside currency/environment groups, never sums money or mutates server rows (11.724208ms)
✔ actual product table renders offline separately, both modes, no UUID copy and sortable headers (22.535791ms)
✔ actual channel chart exposes exact numbers and both money modes using SVG (11.032458ms)
✔ actual funnel has four stages, nested widths and truthful zero-denominator text (1.352709ms)
✔ manual table resolves authorized labels, has honest fallback, and never presents UUIDs (13.009958ms)
✔ all report views render localized empty states (0.583625ms)
✔ actual BFF refuses malformed query, unknown store/session, disabled auth and missing CSV fences before Go (80.947375ms)
✔ actual BFF closed JSON projection and CSV scope/query preserve trusted token; no forwarded client authority (33.482875ms)
✔ actual BFF permission and malformed CSV response fences do not masquerade as a download (11.610834ms)
✔ audited browser GET accepts same-origin Fetch Metadata plus CSRF, never cross-site or forwarded Host (13.210541ms)
✔ actual CSV client preflight sends nothing after session change, and a lost audit response is uncertain with no retry (12.121625ms)
✔ actual CSV client refuses stale-session bytes and downloads only a closed private response (4.947625ms)
✔ report leaf gives the actual trusted fetch 65 seconds, rejects redirects and forwards only server bearer (3.82075ms)
✔ incoming request cancellation aborts the real report fetch once, returns safe unavailable and never retries (3.616334ms)
✔ CSV final synchronous fence conceals bytes when cancellation, hide or cookie rotation happens inside final await (23.154917ms)
✔ CSV end-to-end deadline covers store lookup and report budget; aborted preflight sends no audited request (7.546833ms)
✔ an uncertain export stays locked for its scope after another scope's export (2.907875ms)
✔ selected tag survives searches and cursor pagination while an empty filter is omitted (22.903458ms)
✔ customer list dispatch preserves legacy requests and sends every tag query to the closed W6 authority (343.805959ms)
✔ reports are a finance subpage and preserve the existing single finance navigation entry (0.114375ms)
✔ an authoritative erased customer immediately unmounts the cached private tags/notes subtree (18.715834ms)
✔ the actual customer row shows manual tags and imported status without changing consent (3.800667ms)
✔ P2 customer bare/encoded tag keys are invalid422 through the actual leaf before any backend (411.209208ms)
✔ P2 report products real session/CSRF response is private and Vary Cookie (1.510292ms)
✔ P2 report products.csv real session/CSRF response is private and Vary Cookie (0.49825ms)
✔ P2 report malformed query and wrong CSRF are rejected by actual helpers before upstream (0.456209ms)
ℹ tests 90
ℹ suites 0
ℹ pass 90
ℹ fail 0
ℹ cancelled 0
ℹ skipped 0
ℹ todo 0
ℹ duration_ms 924.961958
✔ real coded errors retain baseline classification and normalize import leaf cache to private,no-store (38.214208ms)
✔ preflight missing CSRF is definite and sends nothing; actual route CSRF and session refusals stay definite (3.387666ms)
✔ actual route uses real cookies/store membership and method/error envelopes, no helper substitutions (5.5845ms)
✔ actual client/route preserves original Blob bytes, trusted transport and privacy projection on200/409 (5.26525ms)
✔ success or stale preview must remain private; malformed/unknown/mismatched coded errors are uncertain after commit (3.100916ms)
✔ lost/unreadable/session-changed dispatched commit remains UNKNOWN; no automatic retry (1.013875ms)
✔ actual failed-only result route strips IDs and real final session/cancel fence exposes no download (1.315333ms)
✔ actual route refuses unknown resource/query and duplicate session cookies before any upstream call (0.376083ms)
✔ actual route incoming cancellation aborts one dispatched transport and preserves client UNKNOWN (1.064458ms)
✔ real coded error cache may not be public, and closed payload may not acquire data-bearing fields (1.377833ms)
✔ copy still exposes specific merchant field reasons across three locales (3.359583ms)
✔ all real local and upstream import refusals including HEAD/unsupported are exact private,no-store (0.6265ms)
✔ fresh mismatched receipt stays UNKNOWN, exact manual replay mismatch becomes terminal without a third send (1.53375ms)
✔ terminal is impossible for malformed replay receipts or matching replayed counts (3.459333ms)
✔ Big5 bytes pass unchanged to upstream and real422 import envelope surfaces encoding_not_utf8 (0.698875ms)
✔ commit uses the original requested mapping, including an empty optional field, not resolved preview metadata (7.051625ms)
✔ an UNKNOWN commit remains locked through a later forbidden retry and only explicit same-file success unlocks (3.403417ms)
✔ leaving during a dispatched commit drops its payload and keeps an unconfirmed boolean without replay (1.624ms)
✔ a definite first preflight refusal clears pending before sign-out and does not invent an unconfirmed import (2.794125ms)
✔ a replayed mismatched receipt ends UNKNOWN without offering another retry or unlocking historical orders (3.111917ms)
✔ real cookie and CSRF helpers generate and validate the actual host-cookie pair (3.567709ms)
✔ exact route rejects methods/keys/body/query/scope before any upstream request using real localError (9.285291ms)
✔ missing/duplicate session cookies reject and real clearAuthCookies expires session and CSRF (0.821208ms)
✔ actual authenticatedStores denies a store absent from the server projection (0.659125ms)
✔ private success routes server cookie token and exact canonical after, never caller bearer/cookie to Go (1.48225ms)
✔ actual safeError/localError preserve coded status with no-store and redact upstream diagnostics (4.753ms)
✔ actual readBody and strict projection refuse MIME/oversize/extra private fields/city; network loss stays private (8.741708ms)
✔ actual client issues GET50/after through real route/private successful projection (6.541125ms)
✔ actual helper-issued browser fence rejects changed parent before dispatch (1.125166ms)
✔ private success from real route is discarded when the browser session changes during upstream read (1.84525ms)
✔ real localError no-store 401/403/404/503 preserves correct read category with no retry (4.90875ms)
✔ malformed sensitive backend projection becomes real unavailable, never a fake BFF success (0.668ms)
✔ strict archive rows decode external order text, safe minor units and public keys (3.319583ms)
✔ PII-shaped city and extra sensitive fields never pass the safe projection (0.299417ms)
✔ all canonical Go cities pass; malformed types/bounds/order/time/money/cursor fail (1.141166ms)
✔ read grammar is exact limit/after, not the stale brief's cursor name (12.421625ms)
✔ three locales retain truthful history-not-revenue basis and copy parity (0.168292ms)
✔ SSR renders actual safe rows, shared money/time, total count and read-only three-locale basis (52.479667ms)
✔ SSR distinguishes empty archive, 403, session loss and unavailable without stale rows/count (7.009583ms)
✔ actual pagination callbacks use opaque trail; double click cannot skip; refresh/scope reset page1 (1.629625ms)
✔ the static import subpage wins over customer detail and leaves the single customers nav intact (0.424167ms)
✔ the actual list offers import only to privacy holders and carries the current authorized store (132.353459ms)
✔ the actual detail mounts archive only for an active imported customer and passes its fenced identity (38.570792ms)
✔ MIUI-READY-VISIBLE-STORE actual signed helper waits on the visible selector and retains cookie/wizard assertions (280.607ms)
✔ failure verdicts precede successful rows, by source row number, without mutating the input (0.576708ms)
✔ the failure download contains only failed row metadata, with no source cell or success identifier (0.191792ms)
✔ reads quoted/BOM header only, without decoding malformed bytes from data rows (1.939958ms)
✔ guess only unique metadata aliases with explicit unmapped values (0.214542ms)
✔ shared dynamic leaf admits only exact import methods/actions and bounded mapping/count (21.355375ms)
✔ failed CSV emits only row/outcome/code, refusing any unexpected identifier or raw cell (0.208417ms)
✔ raw-byte cap does not decode/rebuild uploads and cancels oversized chunks (2.951834ms)
✔ backend privacy projection strips all source IDs on successful and failed rows (0.992583ms)
✔ closed preview parser refuses data-bearing rows, unknown keys and inconsistent counts (0.241833ms)
✔ order preview counts units while first CSV record numbers can exceed rows_total (0.079625ms)
✔ commit receipt has exactly five keys and no extra customer cells (0.09725ms)
ℹ tests 55
ℹ suites 0
ℹ pass 55
ℹ fail 0
ℹ cancelled 0
ℹ skipped 0
ℹ todo 0
ℹ duration_ms 816.511625
✔ parseShard: i/N, empty means unsharded, anything malformed throws (0.708958ms)
✔ assignShards: deterministic, every key owned once, near-balanced (LPT bound) (0.912875ms)
✔ planClick: for every N the shards partition the whole universe (every registry route x variant, storefront walk, journey) (1.4845ms)
✔ planClick at N=10 keeps every shard within ~1.3x of the mean planned cost (0.118042ms)
✔ aggregate click: honest shards pass for several N (2.440708ms)
✔ aggregate click: a missing shard, a dropped page row, a lost journey, a failing row, a stale known defect and a missing platform marker are each a failure (3.279875ms)
✔ aggregate click: a route added to the registry after the shards ran cannot pass (the registry is re-read) (0.377833ms)
✔ aggregate visual: honest shards pass; a missing shard, a missing shot, a blocking verdict and a registry route outside the universe each fail (4.399042ms)
ℹ tests 8
ℹ suites 0
ℹ pass 8
ℹ fail 0
ℹ cancelled 0
ℹ skipped 0
ℹ todo 0
ℹ duration_ms 90.612625
ci-plan: 10 job(s); click-sweep x10 (aggregate)
  --browser-click-sweep@1/10  -> artifact gate-browser-click-sweep_1_10
  --browser-click-sweep@2/10  -> artifact gate-browser-click-sweep_2_10
  --browser-click-sweep@3/10  -> artifact gate-browser-click-sweep_3_10
  --browser-click-sweep@4/10  -> artifact gate-browser-click-sweep_4_10
  --browser-click-sweep@5/10  -> artifact gate-browser-click-sweep_5_10
  --browser-click-sweep@6/10  -> artifact gate-browser-click-sweep_6_10
  --browser-click-sweep@7/10  -> artifact gate-browser-click-sweep_7_10
  --browser-click-sweep@8/10  -> artifact gate-browser-click-sweep_8_10
  --browser-click-sweep@9/10  -> artifact gate-browser-click-sweep_9_10
  --browser-click-sweep@10/10  -> artifact gate-browser-click-sweep_10_10
✔ the full sweep and the full visual lint fan out into every shard and ask for the aggregate (0.82625ms)
✔ foundation-shards = the unit shard + every plan group; the serial `foundation` mode is untouched (0.496542ms)
✔ an explicit shard re-run (or a partial list) never claims the whole-run aggregate (0.079125ms)
✔ duplicates collapse, artifact names are safe and unique, bad input is refused (0.282334ms)
✔ main writes matrix / sweep_n / visual_n to GITHUB_OUTPUT (1.105166ms)
✔ parser: only compiled, correctly-shaped Test functions of untagged _test.go files (1.509959ms)
✔ the real plan: every top-level test of tests/foundation runs in exactly one group (576.108458ms)
✔ a new test (in no list) still runs, exactly once, in the catch-all group; the same name with no catch-all is red (814.901916ms)
✔ a test listed in two groups is red; drift beyond the limit is red (802.755833ms)
✔ regexes: anchored explicit lists; the catch-all skips exactly everyone else's tests (0.402375ms)
✔ pack: deterministic, balanced to within the longest test, every name once (3.728458ms)
✔ parseDurations: top-level lines only (0.339083ms)
ℹ tests 12
ℹ suites 0
ℹ pass 12
ℹ fail 0
ℹ cancelled 0
ℹ skipped 0
ℹ todo 0
ℹ duration_ms 2452.555125
