✖ settings actual route permits only auth-scoped live reads/writes and keeps CAS receipt (42.926916ms)
✖ bodyless reminder/DELETE, private blocklist projection and restricted followup copy are exact (1.933625ms)
✖ real template publication rejects unknown fields and auth failures clear cookies even without JSON (1.155291ms)
ℹ tests 3
ℹ suites 0
ℹ pass 0
ℹ fail 3
ℹ cancelled 0
ℹ skipped 0
ℹ todo 0
ℹ duration_ms 142.92525

✖ failing tests:

test at tests/admin/live-settings-bff.test.ts:124:1
✖ settings actual route permits only auth-scoped live reads/writes and keeps CAS receipt (42.926916ms)
  AssertionError [ERR_ASSERTION]: Expected values to be strictly equal:
  
  404 !== 200
  
      at TestContext.<anonymous> (file:///Volumes/data/live_commerce_architecture_v1/.worktrees/w3-u2-live-settings-ui/tests/admin/live-settings-bff.test.ts:125:74)
      at process.processTicksAndRejections (node:internal/process/task_queues:104:5)
      at async Test.run (node:internal/test_runner/test:1208:7)
      at async startSubtestAfterBootstrap (node:internal/test_runner/harness:385:3) {
    generatedMessage: true,
    code: 'ERR_ASSERTION',
    actual: 404,
    expected: 200,
    operator: 'strictEqual',
    diff: 'simple'
  }

test at tests/admin/live-settings-bff.test.ts:136:1
✖ bodyless reminder/DELETE, private blocklist projection and restricted followup copy are exact (1.933625ms)
  AssertionError [ERR_ASSERTION]: Expected values to be strictly equal:
  
  404 !== 200
  
      at TestContext.<anonymous> (file:///Volumes/data/live_commerce_architecture_v1/.worktrees/w3-u2-live-settings-ui/tests/admin/live-settings-bff.test.ts:138:9)
      at process.processTicksAndRejections (node:internal/process/task_queues:104:5)
      at async Test.run (node:internal/test_runner/test:1208:7)
      at async Test.processPendingSubtests (node:internal/test_runner/test:831:7) {
    generatedMessage: true,
    code: 'ERR_ASSERTION',
    actual: 404,
    expected: 200,
    operator: 'strictEqual',
    diff: 'simple'
  }

test at tests/admin/live-settings-bff.test.ts:147:1
✖ real template publication rejects unknown fields and auth failures clear cookies even without JSON (1.155291ms)
  AssertionError [ERR_ASSERTION]: Expected values to be strictly equal:
  
  405 !== 200
  
      at TestContext.<anonymous> (file:///Volumes/data/live_commerce_architecture_v1/.worktrees/w3-u2-live-settings-ui/tests/admin/live-settings-bff.test.ts:150:9)
      at process.processTicksAndRejections (node:internal/process/task_queues:104:5)
      at async Test.run (node:internal/test_runner/test:1208:7)
      at async Test.processPendingSubtests (node:internal/test_runner/test:831:7) {
    generatedMessage: true,
    code: 'ERR_ASSERTION',
    actual: 405,
    expected: 200,
    operator: 'strictEqual',
    diff: 'simple'
  }
