=== RUN   TestLiveConsoleBuyerPanelClaimsAndOrders
--- PASS: TestLiveConsoleBuyerPanelClaimsAndOrders (1.62s)
=== RUN   TestLiveConsoleBuyerPanelUnlinkedAndI09
--- PASS: TestLiveConsoleBuyerPanelUnlinkedAndI09 (0.03s)
=== RUN   TestLiveConsoleBuyerPanelScope404
--- PASS: TestLiveConsoleBuyerPanelScope404 (0.04s)
=== RUN   TestLiveConsoleBuyerPanelOrdersPermission
--- PASS: TestLiveConsoleBuyerPanelOrdersPermission (0.03s)
=== RUN   TestLiveConsoleBuyerPanelBounds
--- PASS: TestLiveConsoleBuyerPanelBounds (0.15s)
=== RUN   TestLiveConsoleBuyerPanelAutoReply
--- PASS: TestLiveConsoleBuyerPanelAutoReply (0.02s)
=== RUN   TestLiveConsoleBuyerPanelA8SessionAndLiveComment
--- PASS: TestLiveConsoleBuyerPanelA8SessionAndLiveComment (0.04s)
=== RUN   TestLiveConsoleBuyerPanelA9A14
--- PASS: TestLiveConsoleBuyerPanelA9A14 (0.04s)
=== RUN   TestLiveConsoleBuyerPanelLeakScan
--- PASS: TestLiveConsoleBuyerPanelLeakScan (0.04s)
=== RUN   TestLiveConsoleBuyerPanelExactACL
=== RUN   TestLiveConsoleBuyerPanelExactACL/social.list_conversations(text,uuid,timestamptz,uuid,int)
=== RUN   TestLiveConsoleBuyerPanelExactACL/social.conversation_meta(uuid)
=== RUN   TestLiveConsoleBuyerPanelExactACL/claims.buyer_panel_claims(uuid,uuid,uuid[])
=== RUN   TestLiveConsoleBuyerPanelExactACL/claims.orders_of_bundles(uuid,uuid,uuid[])
=== RUN   TestLiveConsoleBuyerPanelExactACL/claims.session_peer_linked(uuid,uuid,uuid,text,text,text,text)
=== RUN   TestLiveConsoleBuyerPanelExactACL/checkout.order_panel_facts(uuid,uuid,uuid[])
=== RUN   TestLiveConsoleBuyerPanelExactACL/inbox.buyer_panel(uuid,uuid)
=== RUN   TestLiveConsoleBuyerPanelExactACL/inbox.live_comment_bundles(uuid,int)
=== RUN   TestLiveConsoleBuyerPanelExactACL/inbox.conversation_binding(uuid)
--- PASS: TestLiveConsoleBuyerPanelExactACL (0.01s)
    --- PASS: TestLiveConsoleBuyerPanelExactACL/social.list_conversations(text,uuid,timestamptz,uuid,int) (0.00s)
    --- PASS: TestLiveConsoleBuyerPanelExactACL/social.conversation_meta(uuid) (0.00s)
    --- PASS: TestLiveConsoleBuyerPanelExactACL/claims.buyer_panel_claims(uuid,uuid,uuid[]) (0.00s)
    --- PASS: TestLiveConsoleBuyerPanelExactACL/claims.orders_of_bundles(uuid,uuid,uuid[]) (0.00s)
    --- PASS: TestLiveConsoleBuyerPanelExactACL/claims.session_peer_linked(uuid,uuid,uuid,text,text,text,text) (0.00s)
    --- PASS: TestLiveConsoleBuyerPanelExactACL/checkout.order_panel_facts(uuid,uuid,uuid[]) (0.00s)
    --- PASS: TestLiveConsoleBuyerPanelExactACL/inbox.buyer_panel(uuid,uuid) (0.00s)
    --- PASS: TestLiveConsoleBuyerPanelExactACL/inbox.live_comment_bundles(uuid,int) (0.00s)
    --- PASS: TestLiveConsoleBuyerPanelExactACL/inbox.conversation_binding(uuid) (0.00s)
PASS
ok  	livecommerce/tests/foundation	5.702s
test-focused: top-level PASS=10 FAIL=0 SKIP=0 exit=0
