✖ ordinary and sharded browser jobs require only Chromium; default mixed modes keep WebKit (4.046166ms)
✖ explicit WebKit calibration takes the union without dropping Chromium (0.906333ms)
✔ every current browser arm declares requirements; unknown or missing declarations fail closed (20.018292ms)
✖ coverage assertion derives mixed Go roots and catches a new mode reusing them (35.025375ms)
✔ installer retries transient dependency failure at most three times under root timeouts (3395.024958ms)
✔ persistent dependency failure stops after three attempts and never downloads browsers (1934.54675ms)
✔ mixed engine installer preserves both dependencies and both binaries; first success needs no retry (1780.5145ms)
✔ invalid browser set cannot invoke dependency installer or browser downloads (356.088917ms)
✔ dependency CLI resolves from the directly declared package in the frozen pnpm installation (2218.602791ms)
✔ workflow keeps the overall fifteen-minute bound and partitions cache by planned engine set (0.342959ms)
ℹ tests 10
ℹ suites 0
ℹ pass 7
ℹ fail 3
ℹ cancelled 0
ℹ skipped 0
ℹ todo 0
ℹ duration_ms 10026.403666

✖ failing tests:

test at tests/ci/playwright-deps.test.mjs:14:1
✖ ordinary and sharded browser jobs require only Chromium; default mixed modes keep WebKit (4.046166ms)
  AssertionError [ERR_ASSERTION]: Expected values to be strictly deep-equal:
  + actual - expected

    [
      'chromium',
  -   'webkit'
    ]

      at TestContext.<anonymous> (file:///Volumes/data/live_commerce_architecture_v1/.worktrees/ci-playwright-deps-cache/tests/ci/playwright-deps.test.mjs:18:12)
      at Test.runInAsyncScope (node:async_hooks:227:14)
      at Test.run (node:internal/test_runner/test:1201:25)
      at Test.start (node:internal/test_runner/test:1096:17)
      at startSubtestAfterBootstrap (node:internal/test_runner/harness:385:17) {
    generatedMessage: true,
    code: 'ERR_ASSERTION',
    actual: [ 'chromium' ],
    expected: [ 'chromium', 'webkit' ],
    operator: 'deepStrictEqual',
    diff: 'simple'
  }

test at tests/ci/playwright-deps.test.mjs:21:1
✖ explicit WebKit calibration takes the union without dropping Chromium (0.906333ms)
  AssertionError [ERR_ASSERTION]: Expected values to be strictly deep-equal:
  + actual - expected

    [
      'chromium',
  -   'webkit'
    ]

      at TestContext.<anonymous> (file:///Volumes/data/live_commerce_architecture_v1/.worktrees/ci-playwright-deps-cache/tests/ci/playwright-deps.test.mjs:23:10)
      at Test.runInAsyncScope (node:async_hooks:227:14)
      at Test.run (node:internal/test_runner/test:1201:25)
      at Test.processPendingSubtests (node:internal/test_runner/test:831:18)
      at Test.postRun (node:internal/test_runner/test:1330:19)
      at Test.run (node:internal/test_runner/test:1258:12)
      at async startSubtestAfterBootstrap (node:internal/test_runner/harness:385:3) {
    generatedMessage: true,
    code: 'ERR_ASSERTION',
    actual: [ 'chromium' ],
    expected: [ 'chromium', 'webkit' ],
    operator: 'deepStrictEqual',
    diff: 'simple'
  }

test at tests/ci/playwright-deps.test.mjs:34:1
✖ coverage assertion derives mixed Go roots and catches a new mode reusing them (35.025375ms)
  Error: --browser-cvs: selected WebKit execution requires webkit declaration
      at assertWebKitCoverage (file:///Volumes/data/live_commerce_architecture_v1/.worktrees/ci-playwright-deps-cache/scripts/dev/ci-playwright-browsers.mjs:45:13)
      at TestContext.<anonymous> (file:///Volumes/data/live_commerce_architecture_v1/.worktrees/ci-playwright-deps-cache/tests/ci/playwright-deps.test.mjs:35:3)
      at Test.runInAsyncScope (node:async_hooks:227:14)
      at Test.run (node:internal/test_runner/test:1201:25)
      at Test.processPendingSubtests (node:internal/test_runner/test:831:18)
      at Test.postRun (node:internal/test_runner/test:1330:19)
      at Test.run (node:internal/test_runner/test:1258:12)
      at async Test.processPendingSubtests (node:internal/test_runner/test:831:7)
